2026-05-10 14:49:42,365 INFO src.data.preprocessing: CSV files found: ['chuandian_2021.csv']
2026-05-10 14:49:43,095 INFO src.utils.file_utils: Loading cached data from: data/ChuanDian/classifier/classifier_Mc_3_Mf_5.5_Tfore_90_Twindow_180_context_len_1_dt_10.pkl
2026-05-10 14:49:44,183 INFO src.data.preprocessing: Catalog statistics: {'tau_unfiltered': 0.15339908988298961, 'tau_q025': 0.08114294020924717, 'tau_q05': 0.5134664350189269, 'tau_mean': 1.3070542199341526, 'tau_max': 25.18216435192153, 'tau_min': 0.0, 'time_max': 18770.72654999979, 'time_mean': 10030.9430649837, 'mag_completeness': 3.0, 'mag_mean': 3.456916005014626, 'mag_max': 8.0, 'mag_min': 3.0, 'b_value': 0.856738547623331, 'b_std': 0.0071499224812533796, 'b_n': 14358}
2026-05-10 14:49:44,204 INFO src.data.event_loader: lengths of samples: min=32, max=749, avg=124.26
2026-05-10 14:49:44,205 INFO src.data.event_loader: Number of positive samples: 471
2026-05-10 14:49:44,205 INFO src.data.event_loader: Number of negative samples: 1055
2026-05-10 14:49:44,228 INFO src.data.event_loader: Positive samples: 390, Negative samples: 830
2026-05-10 14:49:44,228 INFO src.data.event_loader: Total samples: 1220, Positive ratio: 0.32, Negative ratio: 0.68
2026-05-10 14:49:44,228 INFO src.data.event_loader: Positive samples: 62, Negative samples: 90
2026-05-10 14:49:44,229 INFO src.data.event_loader: Total samples: 152, Positive ratio: 0.41, Negative ratio: 0.59
2026-05-10 14:49:44,229 INFO src.data.event_loader: Positive samples: 19, Negative samples: 135
2026-05-10 14:49:44,229 INFO src.data.event_loader: Total samples: 154, Positive ratio: 0.12, Negative ratio: 0.88
2026-05-10 14:49:44,473 INFO src.cli.workflows: No resume path provided. Training will start from scratch.
2026-05-10 14:49:45,096 INFO src.models.adapters.mixer_task: using time scale base 1.3070542199341526 (key: tau_mean)
2026-05-10 14:49:45,096 INFO src.models.adapters.mixer_task: tau mean: tensor(1.3071)
2026-05-10 14:49:45,136 INFO src.train.config_setup: No checkpoint restore requested; initializing model from scratch.
2026-05-10 14:49:45,136 INFO src.train.config_setup: Freeze skipped (fresh_init): freeze_parts is empty.
2026-05-10 14:49:45,136 INFO src.train.config_setup: Using classification criterion: focal
2026-05-10 14:49:45,136 INFO src.train.config_setup: Criterion config: {'alpha': 0.25, 'gamma': 2.0}
2026-05-10 14:49:45,138 INFO src.train.trainer: Epoch 1
2026-05-10 14:49:58,134 INFO src.train.trainer: New best validation loss: 0.0616, saved to /root/autodl-tmp/em_eqf/experiments/clf_grid_4/runs/tf_90_mf_5p5_seed_2/best_model_1.pth
2026-05-10 14:49:58,141 INFO src.train.trainer: Last model at epoch 1 saved to /root/autodl-tmp/em_eqf/experiments/clf_grid_4/runs/tf_90_mf_5p5_seed_2/last_model_1.pth
2026-05-10 14:49:58,141 INFO src.train.trainer: Epoch 2
2026-05-10 14:50:00,386 INFO src.train.trainer: Last model at epoch 2 saved to /root/autodl-tmp/em_eqf/experiments/clf_grid_4/runs/tf_90_mf_5p5_seed_2/last_model_1.pth
2026-05-10 14:50:00,387 INFO src.train.trainer: Epoch 3
2026-05-10 14:50:02,515 INFO src.train.trainer: Last model at epoch 3 saved to /root/autodl-tmp/em_eqf/experiments/clf_grid_4/runs/tf_90_mf_5p5_seed_2/last_model_1.pth
2026-05-10 14:50:02,515 INFO src.train.trainer: Epoch 4
2026-05-10 14:50:04,622 INFO src.train.trainer: New best validation loss: 0.0594, saved to /root/autodl-tmp/em_eqf/experiments/clf_grid_4/runs/tf_90_mf_5p5_seed_2/best_model_1.pth
2026-05-10 14:50:04,630 INFO src.train.trainer: Last model at epoch 4 saved to /root/autodl-tmp/em_eqf/experiments/clf_grid_4/runs/tf_90_mf_5p5_seed_2/last_model_1.pth
2026-05-10 14:50:04,630 INFO src.train.trainer: Epoch 5
2026-05-10 14:50:06,660 INFO src.train.trainer: Last model at epoch 5 saved to /root/autodl-tmp/em_eqf/experiments/clf_grid_4/runs/tf_90_mf_5p5_seed_2/last_model_1.pth
2026-05-10 14:50:06,660 INFO src.train.trainer: Epoch 6
2026-05-10 14:50:08,717 INFO src.train.trainer: Last model at epoch 6 saved to /root/autodl-tmp/em_eqf/experiments/clf_grid_4/runs/tf_90_mf_5p5_seed_2/last_model_1.pth
2026-05-10 14:50:08,717 INFO src.train.trainer: Epoch 7
2026-05-10 14:50:10,757 INFO src.train.trainer: New best validation loss: 0.0559, saved to /root/autodl-tmp/em_eqf/experiments/clf_grid_4/runs/tf_90_mf_5p5_seed_2/best_model_1.pth
2026-05-10 14:50:10,767 INFO src.train.trainer: Last model at epoch 7 saved to /root/autodl-tmp/em_eqf/experiments/clf_grid_4/runs/tf_90_mf_5p5_seed_2/last_model_1.pth
2026-05-10 14:50:10,767 INFO src.train.trainer: Epoch 8
2026-05-10 14:50:12,812 INFO src.train.trainer: Last model at epoch 8 saved to /root/autodl-tmp/em_eqf/experiments/clf_grid_4/runs/tf_90_mf_5p5_seed_2/last_model_1.pth
2026-05-10 14:50:12,812 INFO src.train.trainer: Epoch 9
2026-05-10 14:50:14,847 INFO src.train.trainer: Last model at epoch 9 saved to /root/autodl-tmp/em_eqf/experiments/clf_grid_4/runs/tf_90_mf_5p5_seed_2/last_model_1.pth
2026-05-10 14:50:14,847 INFO src.train.trainer: Epoch 10
2026-05-10 14:50:16,893 INFO src.train.trainer: Last model at epoch 10 saved to /root/autodl-tmp/em_eqf/experiments/clf_grid_4/runs/tf_90_mf_5p5_seed_2/last_model_1.pth
2026-05-10 14:50:16,894 INFO src.train.trainer: Epoch 11
2026-05-10 14:50:18,928 INFO src.train.trainer: Last model at epoch 11 saved to /root/autodl-tmp/em_eqf/experiments/clf_grid_4/runs/tf_90_mf_5p5_seed_2/last_model_1.pth
2026-05-10 14:50:18,928 INFO src.train.trainer: Epoch 12
2026-05-10 14:50:20,832 INFO src.train.trainer: Last model at epoch 12 saved to /root/autodl-tmp/em_eqf/experiments/clf_grid_4/runs/tf_90_mf_5p5_seed_2/last_model_1.pth
2026-05-10 14:50:20,833 INFO src.train.trainer: Epoch 13
2026-05-10 14:50:22,741 INFO src.train.trainer: Last model at epoch 13 saved to /root/autodl-tmp/em_eqf/experiments/clf_grid_4/runs/tf_90_mf_5p5_seed_2/last_model_1.pth
2026-05-10 14:50:22,742 INFO src.train.trainer: Epoch 14
2026-05-10 14:50:24,659 INFO src.train.trainer: Last model at epoch 14 saved to /root/autodl-tmp/em_eqf/experiments/clf_grid_4/runs/tf_90_mf_5p5_seed_2/last_model_1.pth
2026-05-10 14:50:24,659 INFO src.train.trainer: Epoch 15
2026-05-10 14:50:26,631 INFO src.train.trainer: New best validation loss: 0.0514, saved to /root/autodl-tmp/em_eqf/experiments/clf_grid_4/runs/tf_90_mf_5p5_seed_2/best_model_1.pth
2026-05-10 14:50:26,639 INFO src.train.trainer: Last model at epoch 15 saved to /root/autodl-tmp/em_eqf/experiments/clf_grid_4/runs/tf_90_mf_5p5_seed_2/last_model_1.pth
2026-05-10 14:50:26,639 INFO src.train.trainer: Epoch 16
2026-05-10 14:50:28,558 INFO src.train.trainer: Last model at epoch 16 saved to /root/autodl-tmp/em_eqf/experiments/clf_grid_4/runs/tf_90_mf_5p5_seed_2/last_model_1.pth
2026-05-10 14:50:28,558 INFO src.train.trainer: Epoch 17
2026-05-10 14:50:30,488 INFO src.train.trainer: Last model at epoch 17 saved to /root/autodl-tmp/em_eqf/experiments/clf_grid_4/runs/tf_90_mf_5p5_seed_2/last_model_1.pth
2026-05-10 14:50:30,488 INFO src.train.trainer: Epoch 18
2026-05-10 14:50:32,421 INFO src.train.trainer: Last model at epoch 18 saved to /root/autodl-tmp/em_eqf/experiments/clf_grid_4/runs/tf_90_mf_5p5_seed_2/last_model_1.pth
2026-05-10 14:50:32,421 INFO src.train.trainer: Epoch 19
2026-05-10 14:50:34,413 INFO src.train.trainer: Last model at epoch 19 saved to /root/autodl-tmp/em_eqf/experiments/clf_grid_4/runs/tf_90_mf_5p5_seed_2/last_model_1.pth
2026-05-10 14:50:34,413 INFO src.train.trainer: Epoch 20
2026-05-10 14:50:36,417 INFO src.train.trainer: Last model at epoch 20 saved to /root/autodl-tmp/em_eqf/experiments/clf_grid_4/runs/tf_90_mf_5p5_seed_2/last_model_1.pth
2026-05-10 14:50:36,417 INFO src.train.trainer: Epoch 21
2026-05-10 14:50:38,328 INFO src.train.trainer: Last model at epoch 21 saved to /root/autodl-tmp/em_eqf/experiments/clf_grid_4/runs/tf_90_mf_5p5_seed_2/last_model_1.pth
2026-05-10 14:50:38,328 INFO src.train.trainer: Epoch 22
2026-05-10 14:50:40,284 INFO src.train.trainer: Last model at epoch 22 saved to /root/autodl-tmp/em_eqf/experiments/clf_grid_4/runs/tf_90_mf_5p5_seed_2/last_model_1.pth
2026-05-10 14:50:40,285 INFO src.train.trainer: Epoch 23
2026-05-10 14:50:42,261 INFO src.train.trainer: Last model at epoch 23 saved to /root/autodl-tmp/em_eqf/experiments/clf_grid_4/runs/tf_90_mf_5p5_seed_2/last_model_1.pth
2026-05-10 14:50:42,261 INFO src.train.trainer: Epoch 24
2026-05-10 14:50:44,178 INFO src.train.trainer: Last model at epoch 24 saved to /root/autodl-tmp/em_eqf/experiments/clf_grid_4/runs/tf_90_mf_5p5_seed_2/last_model_1.pth
2026-05-10 14:50:44,178 INFO src.train.trainer: Epoch 25
2026-05-10 14:50:46,099 INFO src.train.trainer: Last model at epoch 25 saved to /root/autodl-tmp/em_eqf/experiments/clf_grid_4/runs/tf_90_mf_5p5_seed_2/last_model_1.pth
2026-05-10 14:50:46,099 INFO src.train.trainer: Early stopping triggered at epoch 25 (best epoch: 15, best val loss: 0.051395)
2026-05-10 14:50:54,547 INFO src.data.preprocessing: CSV files found: ['chuandian_2021.csv']
2026-05-10 14:50:55,289 INFO src.utils.file_utils: Loading cached data from: data/ChuanDian/classifier/classifier_Mc_3_Mf_5.5_Tfore_90_Twindow_180_context_len_1_dt_10.pkl
2026-05-10 14:50:56,372 INFO src.data.preprocessing: Catalog statistics: {'tau_unfiltered': 0.15339908988298961, 'tau_q025': 0.08114294020924717, 'tau_q05': 0.5134664350189269, 'tau_mean': 1.3070542199341526, 'tau_max': 25.18216435192153, 'tau_min': 0.0, 'time_max': 18770.72654999979, 'time_mean': 10030.9430649837, 'mag_completeness': 3.0, 'mag_mean': 3.456916005014626, 'mag_max': 8.0, 'mag_min': 3.0, 'b_value': 0.856738547623331, 'b_std': 0.0071499224812533796, 'b_n': 14358}
2026-05-10 14:50:56,413 INFO src.data.event_loader: lengths of samples: min=32, max=749, avg=124.26
2026-05-10 14:50:56,414 INFO src.data.event_loader: Number of positive samples: 471
2026-05-10 14:50:56,414 INFO src.data.event_loader: Number of negative samples: 1055
2026-05-10 14:50:56,415 INFO src.data.event_loader: Positive samples: 390, Negative samples: 830
2026-05-10 14:50:56,415 INFO src.data.event_loader: Total samples: 1220, Positive ratio: 0.32, Negative ratio: 0.68
2026-05-10 14:50:56,415 INFO src.data.event_loader: Positive samples: 62, Negative samples: 90
2026-05-10 14:50:56,415 INFO src.data.event_loader: Total samples: 152, Positive ratio: 0.41, Negative ratio: 0.59
2026-05-10 14:50:56,415 INFO src.data.event_loader: Positive samples: 19, Negative samples: 135
2026-05-10 14:50:56,415 INFO src.data.event_loader: Total samples: 154, Positive ratio: 0.12, Negative ratio: 0.88
2026-05-10 14:50:56,928 INFO src.models.adapters.mixer_task: using time scale base 1.3070542199341526 (key: tau_mean)
2026-05-10 14:50:56,928 INFO src.models.adapters.mixer_task: tau mean: tensor(1.3071)
2026-05-10 14:50:56,933 INFO src.train.config_setup: Restoring model from checkpoint.
2026-05-10 14:50:56,933 INFO src.train.config_setup: Loading model weights: load_specific_parts=None
2026-05-10 14:50:56,934 INFO src.train.config_setup: Checkpoint loaded: <All keys matched successfully>
2026-05-10 14:50:56,935 INFO src.train.config_setup: Full load summary: loaded=56, missing=0, unexpected=0
2026-05-10 14:50:56,935 INFO src.train.config_setup: Checkpoint hyperparameters loaded.
2026-05-10 14:50:56,935 INFO src.train.config_setup: Checkpoint train metrics available.
2026-05-10 14:50:56,935 INFO src.train.config_setup: Checkpoint val metrics available.
2026-05-10 14:50:56,936 INFO src.train.config_setup: Freeze skipped (checkpoint_restore): freeze_parts is empty.
2026-05-10 14:50:56,936 INFO src.train.config_setup: Using classification criterion: focal
2026-05-10 14:50:56,936 INFO src.train.config_setup: Criterion config: {'alpha': 0.25, 'gamma': 2.0}
2026-05-10 14:50:56,937 INFO src.train.config_setup: Not resuming optimizer/scheduler state; reset training state to start_epoch=0, best_val_loss=inf.
2026-05-10 14:50:56,937 INFO src.cli.common: Using threshold 0.3755958676338196 from checkpoint val_metrics for testing.
2026-05-10 14:51:01,434 INFO src.utils.metrics: ROC curve saved to /root/autodl-tmp/em_eqf/experiments/clf_grid_4/runs/tf_90_mf_5p5_seed_2/roc_curve.png
2026-05-10 14:51:01,539 INFO src.utils.metrics: PR curve saved to /root/autodl-tmp/em_eqf/experiments/clf_grid_4/runs/tf_90_mf_5p5_seed_2/pr_curve.png
2026-05-10 14:51:01,603 INFO src.utils.metrics: Confusion matrix saved to /root/autodl-tmp/em_eqf/experiments/clf_grid_4/runs/tf_90_mf_5p5_seed_2/confusion_matrix.png
2026-05-10 14:51:01,603 INFO src.cli.workflows: Test loss: 0.04673205688595772
2026-05-10 14:51:02,130 INFO src.train.classifier_train_step: Prediction distribution plot has been saved to: /root/autodl-tmp/em_eqf/experiments/clf_grid_4/runs/tf_90_mf_5p5_seed_2/train_pred_distribution.png
2026-05-10 14:51:02,356 INFO src.train.classifier_train_step: Prediction distribution plot has been saved to: /root/autodl-tmp/em_eqf/experiments/clf_grid_4/runs/tf_90_mf_5p5_seed_2/val_pred_distribution.png
2026-05-10 14:51:02,594 INFO src.train.classifier_train_step: Prediction distribution plot has been saved to: /root/autodl-tmp/em_eqf/experiments/clf_grid_4/runs/tf_90_mf_5p5_seed_2/test_pred_distribution.png
2026-05-10 14:51:02,595 INFO src.cli.common: Saved test metrics to /root/autodl-tmp/em_eqf/experiments/clf_grid_4/runs/tf_90_mf_5p5_seed_2/metrics_test_best_1.json
2026-05-10 14:51:02,595 INFO src.cli.common: Metrics: {'precision': 0.16666666666666666, 'recall': 0.05263157894736842, 'f1': 0.08, 'auc': 0.7621832358674464, 'pr_auc': 0.3227122818893947, 'fpr': 0.037037037037037035, 'tpr': 0.05263157894736842, 'R': 0.015594541910331383, 'conf': 1.0, 'threshold': 0.3755958676338196}
