2026-05-20 11:21:59,458 INFO src.data.preprocessing: CSV files found: ['chuandian_2021.csv']
2026-05-20 11:22:00,537 INFO src.utils.file_utils: Loading cached data from: data/ChuanDian/classifier/classifier_Mc_3_Mf_5.5_Tfore_90_Twindow_180_context_len_1_dt_10.pkl
2026-05-20 11:22:01,819 INFO src.data.preprocessing: Catalog statistics: {'tau_unfiltered': 0.15339908988298961, 'tau_q025': 0.08114294020924717, 'tau_q05': 0.5134664350189269, 'tau_mean': 1.3070542199341526, 'tau_max': 25.18216435192153, 'tau_min': 0.0, 'time_max': 18770.72654999979, 'time_mean': 10030.9430649837, 'mag_completeness': 3.0, 'mag_mean': 3.456916005014626, 'mag_max': 8.0, 'mag_min': 3.0, 'b_value': 0.856738547623331, 'b_std': 0.0071499224812533796, 'b_n': 14358}
2026-05-20 11:22:01,843 INFO src.data.event_loader: lengths of samples: min=32, max=749, avg=124.26
2026-05-20 11:22:01,844 INFO src.data.event_loader: Number of positive samples: 471
2026-05-20 11:22:01,844 INFO src.data.event_loader: Number of negative samples: 1055
2026-05-20 11:22:01,869 INFO src.data.event_loader: Positive samples: 390, Negative samples: 830
2026-05-20 11:22:01,869 INFO src.data.event_loader: Total samples: 1220, Positive ratio: 0.32, Negative ratio: 0.68
2026-05-20 11:22:01,870 INFO src.data.event_loader: Positive samples: 62, Negative samples: 90
2026-05-20 11:22:01,870 INFO src.data.event_loader: Total samples: 152, Positive ratio: 0.41, Negative ratio: 0.59
2026-05-20 11:22:01,870 INFO src.data.event_loader: Positive samples: 19, Negative samples: 135
2026-05-20 11:22:01,870 INFO src.data.event_loader: Total samples: 154, Positive ratio: 0.12, Negative ratio: 0.88
2026-05-20 11:22:02,103 INFO src.cli.workflows: Loading checkpoint from: ./checkpoints/mixer_tpp_20260508-182744/last_model_1.pth
2026-05-20 11:22:02,722 INFO src.models.adapters.mixer_task: using time scale base 1.3070542199341526 (key: tau_mean)
2026-05-20 11:22:02,722 INFO src.models.adapters.mixer_task: tau mean: tensor(1.3071)
2026-05-20 11:22:02,731 INFO src.train.config_setup: Restoring model from checkpoint.
2026-05-20 11:22:02,731 INFO src.train.config_setup: Loading model weights: load_specific_parts=['encoder']
2026-05-20 11:22:02,733 INFO src.train.config_setup: Selective load summary: requested_parts=['encoder'], target_in_model=40, matched_in_checkpoint=30, loaded=30, missing_after_load=10, shape_mismatch=0, missing_in_model=0, out_of_scope_loaded=0
2026-05-20 11:22:02,733 INFO src.train.config_setup: Selective load coverage [encoder]: target=40, hit=30, missing=10, complete=False
2026-05-20 11:22:02,733 WARNING src.train.config_setup: Selective load coverage missing preview [encoder]: ['base_model.encoder.layers.2.mixer.in_proj.bias', 'base_model.encoder.layers.2.mixer.in_proj.weight', 'base_model.encoder.layers.2.mixer.out_proj.bias', 'base_model.encoder.layers.2.mixer.out_proj.weight', 'base_model.encoder.layers.2.mlp.fc1.weight', 'base_model.encoder.layers.2.mlp.fc2.weight', 'base_model.encoder.layers.2.norm.bias', 'base_model.encoder.layers.2.norm.weight'] ... (+2 more)
2026-05-20 11:22:02,733 WARNING src.train.config_setup: Checkpoint missing target parameter preview: ['base_model.encoder.layers.2.mixer.in_proj.bias', 'base_model.encoder.layers.2.mixer.in_proj.weight', 'base_model.encoder.layers.2.mixer.out_proj.bias', 'base_model.encoder.layers.2.mixer.out_proj.weight', 'base_model.encoder.layers.2.mlp.fc1.weight', 'base_model.encoder.layers.2.mlp.fc2.weight', 'base_model.encoder.layers.2.norm.bias', 'base_model.encoder.layers.2.norm.weight', 'base_model.encoder.layers.2.norm2.bias', 'base_model.encoder.layers.2.norm2.weight']
2026-05-20 11:22:02,733 WARNING src.train.config_setup: Target not-loaded parameter preview: ['base_model.encoder.layers.2.mixer.in_proj.bias', 'base_model.encoder.layers.2.mixer.in_proj.weight', 'base_model.encoder.layers.2.mixer.out_proj.bias', 'base_model.encoder.layers.2.mixer.out_proj.weight', 'base_model.encoder.layers.2.mlp.fc1.weight', 'base_model.encoder.layers.2.mlp.fc2.weight', 'base_model.encoder.layers.2.norm.bias', 'base_model.encoder.layers.2.norm.weight', 'base_model.encoder.layers.2.norm2.bias', 'base_model.encoder.layers.2.norm2.weight']
2026-05-20 11:22:02,733 INFO src.train.config_setup: Loaded parameter preview: ['base_model.encoder.layers.0.norm.weight', 'base_model.encoder.layers.0.norm2.weight', 'base_model.encoder.layers.1.mixer.dt_bias', 'base_model.encoder.layers.1.mixer.A_log', 'base_model.encoder.input_proj.3.weight', 'base_model.encoder.layers.1.mixer.out_proj.weight', 'base_model.encoder.layers.0.mlp.fc2.weight', 'base_model.encoder.layers.1.mixer.D', 'base_model.encoder.layers.1.mixer.norm.weight', 'base_model.encoder.layers.0.mixer.out_proj.weight'] ... (+20 more)
2026-05-20 11:22:02,734 INFO src.train.config_setup: Checkpoint hyperparameters loaded.
2026-05-20 11:22:02,734 INFO src.train.config_setup: Checkpoint train metrics available.
2026-05-20 11:22:02,734 INFO src.train.config_setup: Checkpoint val metrics available.
2026-05-20 11:22:02,734 INFO src.train.config_setup: Freeze skipped (checkpoint_restore): freeze_parts is empty.
2026-05-20 11:22:02,734 INFO src.train.config_setup: Using classification criterion: focal
2026-05-20 11:22:02,734 INFO src.train.config_setup: Criterion config: {'alpha': 0.5, 'gamma': 2.0}
2026-05-20 11:22:02,735 INFO src.train.config_setup: Not resuming optimizer/scheduler state; reset training state to start_epoch=0, best_val_loss=inf.
2026-05-20 11:22:02,736 INFO src.train.trainer: Epoch 1
2026-05-20 11:22:16,165 INFO src.train.trainer: New best validation loss: 0.0793, saved to /root/autodl-tmp/em_eqf/experiments/clf_grid_AZDX/runs/tf_90_mf_5p5_seed_0/best_model_1.pth
2026-05-20 11:22:16,171 INFO src.train.trainer: Last model at epoch 1 saved to /root/autodl-tmp/em_eqf/experiments/clf_grid_AZDX/runs/tf_90_mf_5p5_seed_0/last_model_1.pth
2026-05-20 11:22:16,172 INFO src.train.trainer: Epoch 2
2026-05-20 11:22:19,055 INFO src.train.trainer: Last model at epoch 2 saved to /root/autodl-tmp/em_eqf/experiments/clf_grid_AZDX/runs/tf_90_mf_5p5_seed_0/last_model_1.pth
2026-05-20 11:22:19,055 INFO src.train.trainer: Epoch 3
2026-05-20 11:22:21,783 INFO src.train.trainer: Last model at epoch 3 saved to /root/autodl-tmp/em_eqf/experiments/clf_grid_AZDX/runs/tf_90_mf_5p5_seed_0/last_model_1.pth
2026-05-20 11:22:21,783 INFO src.train.trainer: Epoch 4
2026-05-20 11:22:24,133 INFO src.train.trainer: New best validation loss: 0.0756, saved to /root/autodl-tmp/em_eqf/experiments/clf_grid_AZDX/runs/tf_90_mf_5p5_seed_0/best_model_1.pth
2026-05-20 11:22:24,142 INFO src.train.trainer: Last model at epoch 4 saved to /root/autodl-tmp/em_eqf/experiments/clf_grid_AZDX/runs/tf_90_mf_5p5_seed_0/last_model_1.pth
2026-05-20 11:22:24,143 INFO src.train.trainer: Epoch 5
2026-05-20 11:22:26,822 INFO src.train.trainer: New best validation loss: 0.0732, saved to /root/autodl-tmp/em_eqf/experiments/clf_grid_AZDX/runs/tf_90_mf_5p5_seed_0/best_model_1.pth
2026-05-20 11:22:26,830 INFO src.train.trainer: Last model at epoch 5 saved to /root/autodl-tmp/em_eqf/experiments/clf_grid_AZDX/runs/tf_90_mf_5p5_seed_0/last_model_1.pth
2026-05-20 11:22:26,831 INFO src.train.trainer: Epoch 6
2026-05-20 11:22:29,133 INFO src.train.trainer: Last model at epoch 6 saved to /root/autodl-tmp/em_eqf/experiments/clf_grid_AZDX/runs/tf_90_mf_5p5_seed_0/last_model_1.pth
2026-05-20 11:22:29,133 INFO src.train.trainer: Epoch 7
2026-05-20 11:22:31,121 INFO src.train.trainer: Last model at epoch 7 saved to /root/autodl-tmp/em_eqf/experiments/clf_grid_AZDX/runs/tf_90_mf_5p5_seed_0/last_model_1.pth
2026-05-20 11:22:31,121 INFO src.train.trainer: Epoch 8
2026-05-20 11:22:33,010 INFO src.train.trainer: New best validation loss: 0.0700, saved to /root/autodl-tmp/em_eqf/experiments/clf_grid_AZDX/runs/tf_90_mf_5p5_seed_0/best_model_1.pth
2026-05-20 11:22:33,020 INFO src.train.trainer: Last model at epoch 8 saved to /root/autodl-tmp/em_eqf/experiments/clf_grid_AZDX/runs/tf_90_mf_5p5_seed_0/last_model_1.pth
2026-05-20 11:22:33,020 INFO src.train.trainer: Epoch 9
2026-05-20 11:22:35,015 INFO src.train.trainer: Last model at epoch 9 saved to /root/autodl-tmp/em_eqf/experiments/clf_grid_AZDX/runs/tf_90_mf_5p5_seed_0/last_model_1.pth
2026-05-20 11:22:35,016 INFO src.train.trainer: Epoch 10
2026-05-20 11:22:36,894 INFO src.train.trainer: Last model at epoch 10 saved to /root/autodl-tmp/em_eqf/experiments/clf_grid_AZDX/runs/tf_90_mf_5p5_seed_0/last_model_1.pth
2026-05-20 11:22:36,895 INFO src.train.trainer: Epoch 11
2026-05-20 11:22:39,034 INFO src.train.trainer: New best validation loss: 0.0596, saved to /root/autodl-tmp/em_eqf/experiments/clf_grid_AZDX/runs/tf_90_mf_5p5_seed_0/best_model_1.pth
2026-05-20 11:22:39,043 INFO src.train.trainer: Last model at epoch 11 saved to /root/autodl-tmp/em_eqf/experiments/clf_grid_AZDX/runs/tf_90_mf_5p5_seed_0/last_model_1.pth
2026-05-20 11:22:39,043 INFO src.train.trainer: Epoch 12
2026-05-20 11:22:41,286 INFO src.train.trainer: Last model at epoch 12 saved to /root/autodl-tmp/em_eqf/experiments/clf_grid_AZDX/runs/tf_90_mf_5p5_seed_0/last_model_1.pth
2026-05-20 11:22:41,287 INFO src.train.trainer: Epoch 13
2026-05-20 11:22:43,523 INFO src.train.trainer: Last model at epoch 13 saved to /root/autodl-tmp/em_eqf/experiments/clf_grid_AZDX/runs/tf_90_mf_5p5_seed_0/last_model_1.pth
2026-05-20 11:22:43,524 INFO src.train.trainer: Epoch 14
2026-05-20 11:22:46,067 INFO src.train.trainer: Last model at epoch 14 saved to /root/autodl-tmp/em_eqf/experiments/clf_grid_AZDX/runs/tf_90_mf_5p5_seed_0/last_model_1.pth
2026-05-20 11:22:46,068 INFO src.train.trainer: Epoch 15
2026-05-20 11:22:48,356 INFO src.train.trainer: Last model at epoch 15 saved to /root/autodl-tmp/em_eqf/experiments/clf_grid_AZDX/runs/tf_90_mf_5p5_seed_0/last_model_1.pth
2026-05-20 11:22:48,356 INFO src.train.trainer: Epoch 16
2026-05-20 11:22:50,708 INFO src.train.trainer: Last model at epoch 16 saved to /root/autodl-tmp/em_eqf/experiments/clf_grid_AZDX/runs/tf_90_mf_5p5_seed_0/last_model_1.pth
2026-05-20 11:22:50,709 INFO src.train.trainer: Epoch 17
2026-05-20 11:22:53,588 INFO src.train.trainer: Last model at epoch 17 saved to /root/autodl-tmp/em_eqf/experiments/clf_grid_AZDX/runs/tf_90_mf_5p5_seed_0/last_model_1.pth
2026-05-20 11:22:53,589 INFO src.train.trainer: Epoch 18
2026-05-20 11:22:56,115 INFO src.train.trainer: Last model at epoch 18 saved to /root/autodl-tmp/em_eqf/experiments/clf_grid_AZDX/runs/tf_90_mf_5p5_seed_0/last_model_1.pth
2026-05-20 11:22:56,115 INFO src.train.trainer: Epoch 19
2026-05-20 11:22:58,495 INFO src.train.trainer: Last model at epoch 19 saved to /root/autodl-tmp/em_eqf/experiments/clf_grid_AZDX/runs/tf_90_mf_5p5_seed_0/last_model_1.pth
2026-05-20 11:22:58,495 INFO src.train.trainer: Epoch 20
2026-05-20 11:23:00,631 INFO src.train.trainer: Last model at epoch 20 saved to /root/autodl-tmp/em_eqf/experiments/clf_grid_AZDX/runs/tf_90_mf_5p5_seed_0/last_model_1.pth
2026-05-20 11:23:00,631 INFO src.train.trainer: Epoch 21
2026-05-20 11:23:02,490 INFO src.train.trainer: Last model at epoch 21 saved to /root/autodl-tmp/em_eqf/experiments/clf_grid_AZDX/runs/tf_90_mf_5p5_seed_0/last_model_1.pth
2026-05-20 11:23:02,490 INFO src.train.trainer: Early stopping triggered at epoch 21 (best epoch: 11, best val loss: 0.059603)
2026-05-20 11:23:13,150 INFO src.data.preprocessing: CSV files found: ['chuandian_2021.csv']
2026-05-20 11:23:14,076 INFO src.utils.file_utils: Loading cached data from: data/ChuanDian/classifier/classifier_Mc_3_Mf_5.5_Tfore_90_Twindow_180_context_len_1_dt_10.pkl
2026-05-20 11:23:15,183 INFO src.data.preprocessing: Catalog statistics: {'tau_unfiltered': 0.15339908988298961, 'tau_q025': 0.08114294020924717, 'tau_q05': 0.5134664350189269, 'tau_mean': 1.3070542199341526, 'tau_max': 25.18216435192153, 'tau_min': 0.0, 'time_max': 18770.72654999979, 'time_mean': 10030.9430649837, 'mag_completeness': 3.0, 'mag_mean': 3.456916005014626, 'mag_max': 8.0, 'mag_min': 3.0, 'b_value': 0.856738547623331, 'b_std': 0.0071499224812533796, 'b_n': 14358}
2026-05-20 11:23:15,225 INFO src.data.event_loader: lengths of samples: min=32, max=749, avg=124.26
2026-05-20 11:23:15,225 INFO src.data.event_loader: Number of positive samples: 471
2026-05-20 11:23:15,226 INFO src.data.event_loader: Number of negative samples: 1055
2026-05-20 11:23:15,227 INFO src.data.event_loader: Positive samples: 390, Negative samples: 830
2026-05-20 11:23:15,227 INFO src.data.event_loader: Total samples: 1220, Positive ratio: 0.32, Negative ratio: 0.68
2026-05-20 11:23:15,227 INFO src.data.event_loader: Positive samples: 62, Negative samples: 90
2026-05-20 11:23:15,227 INFO src.data.event_loader: Total samples: 152, Positive ratio: 0.41, Negative ratio: 0.59
2026-05-20 11:23:15,227 INFO src.data.event_loader: Positive samples: 19, Negative samples: 135
2026-05-20 11:23:15,227 INFO src.data.event_loader: Total samples: 154, Positive ratio: 0.12, Negative ratio: 0.88
2026-05-20 11:23:15,818 INFO src.models.adapters.mixer_task: using time scale base 1.3070542199341526 (key: tau_mean)
2026-05-20 11:23:15,818 INFO src.models.adapters.mixer_task: tau mean: tensor(1.3071)
2026-05-20 11:23:15,836 INFO src.train.config_setup: Restoring model from checkpoint.
2026-05-20 11:23:15,837 INFO src.train.config_setup: Loading model weights: load_specific_parts=None
2026-05-20 11:23:15,838 INFO src.train.config_setup: Checkpoint loaded: <All keys matched successfully>
2026-05-20 11:23:15,838 INFO src.train.config_setup: Full load summary: loaded=56, missing=0, unexpected=0
2026-05-20 11:23:15,839 INFO src.train.config_setup: Checkpoint hyperparameters loaded.
2026-05-20 11:23:15,839 INFO src.train.config_setup: Checkpoint train metrics available.
2026-05-20 11:23:15,839 INFO src.train.config_setup: Checkpoint val metrics available.
2026-05-20 11:23:15,839 INFO src.train.config_setup: Freeze skipped (checkpoint_restore): freeze_parts is empty.
2026-05-20 11:23:15,839 INFO src.train.config_setup: Using classification criterion: focal
2026-05-20 11:23:15,839 INFO src.train.config_setup: Criterion config: {'alpha': 0.5, 'gamma': 2.0}
2026-05-20 11:23:15,840 INFO src.train.config_setup: Not resuming optimizer/scheduler state; reset training state to start_epoch=0, best_val_loss=inf.
2026-05-20 11:23:15,840 INFO src.cli.common: Using threshold 0.3451179563999176 from checkpoint val_metrics for testing.
2026-05-20 11:23:21,412 INFO src.utils.metrics: ROC curve saved to /root/autodl-tmp/em_eqf/experiments/clf_grid_AZDX/runs/tf_90_mf_5p5_seed_0/roc_curve.png
2026-05-20 11:23:21,522 INFO src.utils.metrics: PR curve saved to /root/autodl-tmp/em_eqf/experiments/clf_grid_AZDX/runs/tf_90_mf_5p5_seed_0/pr_curve.png
2026-05-20 11:23:21,585 INFO src.utils.metrics: Confusion matrix saved to /root/autodl-tmp/em_eqf/experiments/clf_grid_AZDX/runs/tf_90_mf_5p5_seed_0/confusion_matrix.png
2026-05-20 11:23:21,585 INFO src.cli.workflows: Test loss: 0.08001879354317983
2026-05-20 11:23:23,136 INFO src.train.classifier_train_step: Prediction distribution plot has been saved to: /root/autodl-tmp/em_eqf/experiments/clf_grid_AZDX/runs/tf_90_mf_5p5_seed_0/train_pred_distribution.png
2026-05-20 11:23:23,606 INFO src.train.classifier_train_step: Prediction distribution plot has been saved to: /root/autodl-tmp/em_eqf/experiments/clf_grid_AZDX/runs/tf_90_mf_5p5_seed_0/val_pred_distribution.png
2026-05-20 11:23:24,007 INFO src.train.classifier_train_step: Prediction distribution plot has been saved to: /root/autodl-tmp/em_eqf/experiments/clf_grid_AZDX/runs/tf_90_mf_5p5_seed_0/test_pred_distribution.png
2026-05-20 11:23:24,008 INFO src.cli.common: Saved test metrics to /root/autodl-tmp/em_eqf/experiments/clf_grid_AZDX/runs/tf_90_mf_5p5_seed_0/metrics_test_best_1.json
2026-05-20 11:23:24,008 INFO src.cli.common: Metrics: {'precision': 0.1111111111111111, 'recall': 0.5263157894736842, 'f1': 0.1834862385321101, 'auc': 0.43352826510721243, 'pr_auc': 0.15566469263072583, 'fpr': 0.5925925925925926, 'tpr': 0.5263157894736842, 'R': -0.06627680311890838, 'conf': 7.1046363824793145e-06, 'threshold': 0.3451179563999176}
