2026-05-13 14:06:28,269 INFO src.data.preprocessing: CSV files found: ['chuandian_2021.csv']
2026-05-13 14:06:29,327 INFO src.utils.file_utils: Loading cached data from: data/ChuanDian/regressor/regressor_Mc_3_Mf_3_Tfore_180_Twindow_360_context_len_1_dt_10.pkl
2026-05-13 14:06:31,544 INFO src.data.preprocessing: Catalog statistics: {'tau_unfiltered': 0.15339908988298961, 'tau_q025': 0.08114294020924717, 'tau_q05': 0.5134664350189269, 'tau_mean': 1.3070542199341526, 'tau_max': 25.18216435192153, 'tau_min': 0.0, 'time_max': 18770.72654999979, 'time_mean': 10030.9430649837, 'mag_completeness': 3.0, 'mag_mean': 3.456916005014626, 'mag_max': 8.0, 'mag_min': 3.0, 'b_value': 0.856738547623331, 'b_std': 0.0071499224812533796, 'b_n': 14358}
2026-05-13 14:06:31,582 INFO src.data.event_loader: lengths of samples: min=96, max=1340, avg=265.71
2026-05-13 14:06:31,583 INFO src.cli.workflows: Loading checkpoint from: ./checkpoints/mixer_tpp_20260508-182744/last_model_1.pth
2026-05-13 14:06:33,059 INFO src.models.adapters.mixer_task: using time scale base 1.3070542199341526 (key: tau_mean)
2026-05-13 14:06:33,059 INFO src.models.adapters.mixer_task: tau mean: tensor(1.3071)
2026-05-13 14:06:33,161 INFO src.train.config_setup: Restoring model from checkpoint.
2026-05-13 14:06:33,162 INFO src.train.config_setup: Loading model weights: load_specific_parts=['base_model.encoder.input_proj', 'base_model.encoder.layers.0', 'base_model.encoder.layers.1']
2026-05-13 14:06:33,164 INFO src.train.config_setup: Selective load summary: requested_parts=['base_model.encoder.input_proj', 'base_model.encoder.layers.0', 'base_model.encoder.layers.1'], target_in_model=32, matched_in_checkpoint=28, loaded=28, missing_after_load=4, shape_mismatch=0, missing_in_model=0, out_of_scope_loaded=0
2026-05-13 14:06:33,164 INFO src.train.config_setup: Selective load coverage [base_model.encoder.input_proj]: target=4, hit=4, missing=0, complete=True
2026-05-13 14:06:33,164 INFO src.train.config_setup: Selective load coverage [base_model.encoder.layers.0]: target=14, hit=12, missing=2, complete=False
2026-05-13 14:06:33,164 WARNING src.train.config_setup: Selective load coverage missing preview [base_model.encoder.layers.0]: ['base_model.encoder.layers.0.mixer.conv1d.bias', 'base_model.encoder.layers.0.mixer.conv1d.weight']
2026-05-13 14:06:33,164 INFO src.train.config_setup: Selective load coverage [base_model.encoder.layers.1]: target=14, hit=12, missing=2, complete=False
2026-05-13 14:06:33,164 WARNING src.train.config_setup: Selective load coverage missing preview [base_model.encoder.layers.1]: ['base_model.encoder.layers.1.mixer.conv1d.bias', 'base_model.encoder.layers.1.mixer.conv1d.weight']
2026-05-13 14:06:33,164 WARNING src.train.config_setup: Checkpoint missing target parameter preview: ['base_model.encoder.layers.0.mixer.conv1d.bias', 'base_model.encoder.layers.0.mixer.conv1d.weight', 'base_model.encoder.layers.1.mixer.conv1d.bias', 'base_model.encoder.layers.1.mixer.conv1d.weight']
2026-05-13 14:06:33,164 WARNING src.train.config_setup: Target not-loaded parameter preview: ['base_model.encoder.layers.0.mixer.conv1d.bias', 'base_model.encoder.layers.0.mixer.conv1d.weight', 'base_model.encoder.layers.1.mixer.conv1d.bias', 'base_model.encoder.layers.1.mixer.conv1d.weight']
2026-05-13 14:06:33,164 INFO src.train.config_setup: Loaded parameter preview: ['base_model.encoder.layers.0.norm2.weight', 'base_model.encoder.layers.1.norm2.bias', 'base_model.encoder.layers.0.norm.bias', 'base_model.encoder.layers.0.mixer.D', 'base_model.encoder.input_proj.3.weight', 'base_model.encoder.layers.0.mlp.fc2.weight', 'base_model.encoder.layers.1.norm.weight', 'base_model.encoder.layers.1.mixer.dt_bias', 'base_model.encoder.layers.1.mixer.out_proj.weight', 'base_model.encoder.layers.1.mixer.norm.weight'] ... (+18 more)
2026-05-13 14:06:33,165 INFO src.train.config_setup: Checkpoint hyperparameters loaded.
2026-05-13 14:06:33,165 INFO src.train.config_setup: Checkpoint train metrics available.
2026-05-13 14:06:33,166 INFO src.train.config_setup: Checkpoint val metrics available.
2026-05-13 14:06:33,166 INFO src.train.config_setup: Freeze skipped (checkpoint_restore): freeze_parts is empty.
2026-05-13 14:06:33,166 INFO src.train.config_setup: Using regression criterion: smooth_l1
2026-05-13 14:06:33,166 INFO src.train.config_setup: Criterion config: {'beta': 0.3}
2026-05-13 14:06:33,167 INFO src.train.config_setup: encoder_param_keywords: ['base_model.encoder.input_proj', 'base_model.encoder.layers.0', 'base_model.encoder.layers.1']
2026-05-13 14:06:33,167 INFO src.train.config_setup: encoder_lr grouping summary: lr=0.0003, matched=32
2026-05-13 14:06:33,167 INFO src.train.config_setup: Encoder LR coverage [base_model.encoder.input_proj]: target=4, hit=4, missing=0, complete=True
2026-05-13 14:06:33,167 INFO src.train.config_setup: Encoder LR coverage [base_model.encoder.layers.0]: target=14, hit=14, missing=0, complete=True
2026-05-13 14:06:33,167 INFO src.train.config_setup: Encoder LR coverage [base_model.encoder.layers.1]: target=14, hit=14, missing=0, complete=True
2026-05-13 14:06:33,167 INFO src.train.config_setup: encoder_lr matched preview: ['base_model.encoder.input_proj.0.weight', 'base_model.encoder.input_proj.0.bias', 'base_model.encoder.input_proj.3.weight', 'base_model.encoder.input_proj.3.bias', 'base_model.encoder.layers.0.norm.weight', 'base_model.encoder.layers.0.norm.bias', 'base_model.encoder.layers.0.mixer.dt_bias', 'base_model.encoder.layers.0.mixer.A_log', 'base_model.encoder.layers.0.mixer.D', 'base_model.encoder.layers.0.mixer.in_proj.weight'] ... (+22 more)
2026-05-13 14:06:33,168 INFO src.train.config_setup: Not resuming optimizer/scheduler state; reset training state to start_epoch=0, best_val_loss=inf.
2026-05-13 14:06:33,168 INFO src.train.trainer: Epoch 1
2026-05-13 14:06:53,102 INFO src.train.trainer: New best validation loss: 0.1257, saved to /root/autodl-tmp/em_eqf/experiments/reg_grid_r04_stable8/runs/r04s_g5_warm08_seed_1/best_model_1.pth
2026-05-13 14:06:53,115 INFO src.train.trainer: Last model at epoch 1 saved to /root/autodl-tmp/em_eqf/experiments/reg_grid_r04_stable8/runs/r04s_g5_warm08_seed_1/last_model_1.pth
2026-05-13 14:06:53,115 INFO src.train.trainer: Epoch 2
2026-05-13 14:06:56,621 INFO src.train.trainer: New best validation loss: 0.0428, saved to /root/autodl-tmp/em_eqf/experiments/reg_grid_r04_stable8/runs/r04s_g5_warm08_seed_1/best_model_1.pth
2026-05-13 14:06:56,637 INFO src.train.trainer: Last model at epoch 2 saved to /root/autodl-tmp/em_eqf/experiments/reg_grid_r04_stable8/runs/r04s_g5_warm08_seed_1/last_model_1.pth
2026-05-13 14:06:56,637 INFO src.train.trainer: Epoch 3
2026-05-13 14:07:00,143 INFO src.train.trainer: New best validation loss: 0.0283, saved to /root/autodl-tmp/em_eqf/experiments/reg_grid_r04_stable8/runs/r04s_g5_warm08_seed_1/best_model_1.pth
2026-05-13 14:07:00,154 INFO src.train.trainer: Last model at epoch 3 saved to /root/autodl-tmp/em_eqf/experiments/reg_grid_r04_stable8/runs/r04s_g5_warm08_seed_1/last_model_1.pth
2026-05-13 14:07:00,154 INFO src.train.trainer: Epoch 4
2026-05-13 14:07:03,498 INFO src.train.trainer: Last model at epoch 4 saved to /root/autodl-tmp/em_eqf/experiments/reg_grid_r04_stable8/runs/r04s_g5_warm08_seed_1/last_model_1.pth
2026-05-13 14:07:03,498 INFO src.train.trainer: Epoch 5
2026-05-13 14:07:06,594 INFO src.train.trainer: New best validation loss: 0.0279, saved to /root/autodl-tmp/em_eqf/experiments/reg_grid_r04_stable8/runs/r04s_g5_warm08_seed_1/best_model_1.pth
2026-05-13 14:07:06,605 INFO src.train.trainer: Last model at epoch 5 saved to /root/autodl-tmp/em_eqf/experiments/reg_grid_r04_stable8/runs/r04s_g5_warm08_seed_1/last_model_1.pth
2026-05-13 14:07:06,605 INFO src.train.trainer: Epoch 6
2026-05-13 14:07:09,708 INFO src.train.trainer: Last model at epoch 6 saved to /root/autodl-tmp/em_eqf/experiments/reg_grid_r04_stable8/runs/r04s_g5_warm08_seed_1/last_model_1.pth
2026-05-13 14:07:09,709 INFO src.train.trainer: Epoch 7
2026-05-13 14:07:12,878 INFO src.train.trainer: Last model at epoch 7 saved to /root/autodl-tmp/em_eqf/experiments/reg_grid_r04_stable8/runs/r04s_g5_warm08_seed_1/last_model_1.pth
2026-05-13 14:07:12,879 INFO src.train.trainer: Epoch 8
2026-05-13 14:07:15,855 INFO src.train.trainer: Last model at epoch 8 saved to /root/autodl-tmp/em_eqf/experiments/reg_grid_r04_stable8/runs/r04s_g5_warm08_seed_1/last_model_1.pth
2026-05-13 14:07:15,855 INFO src.train.trainer: Epoch 9
2026-05-13 14:07:19,269 INFO src.train.trainer: Last model at epoch 9 saved to /root/autodl-tmp/em_eqf/experiments/reg_grid_r04_stable8/runs/r04s_g5_warm08_seed_1/last_model_1.pth
2026-05-13 14:07:19,270 INFO src.train.trainer: Epoch 10
2026-05-13 14:07:22,953 INFO src.train.trainer: Last model at epoch 10 saved to /root/autodl-tmp/em_eqf/experiments/reg_grid_r04_stable8/runs/r04s_g5_warm08_seed_1/last_model_1.pth
2026-05-13 14:07:22,953 INFO src.train.trainer: Epoch 11
2026-05-13 14:07:26,732 INFO src.train.trainer: Last model at epoch 11 saved to /root/autodl-tmp/em_eqf/experiments/reg_grid_r04_stable8/runs/r04s_g5_warm08_seed_1/last_model_1.pth
2026-05-13 14:07:26,732 INFO src.train.trainer: Epoch 12
2026-05-13 14:07:30,467 INFO src.train.trainer: Last model at epoch 12 saved to /root/autodl-tmp/em_eqf/experiments/reg_grid_r04_stable8/runs/r04s_g5_warm08_seed_1/last_model_1.pth
2026-05-13 14:07:30,468 INFO src.train.trainer: Epoch 13
2026-05-13 14:07:33,998 INFO src.train.trainer: Last model at epoch 13 saved to /root/autodl-tmp/em_eqf/experiments/reg_grid_r04_stable8/runs/r04s_g5_warm08_seed_1/last_model_1.pth
2026-05-13 14:07:33,999 INFO src.train.trainer: Epoch 14
2026-05-13 14:07:37,448 INFO src.train.trainer: Last model at epoch 14 saved to /root/autodl-tmp/em_eqf/experiments/reg_grid_r04_stable8/runs/r04s_g5_warm08_seed_1/last_model_1.pth
2026-05-13 14:07:37,448 INFO src.train.trainer: Epoch 15
2026-05-13 14:07:40,835 INFO src.train.trainer: Last model at epoch 15 saved to /root/autodl-tmp/em_eqf/experiments/reg_grid_r04_stable8/runs/r04s_g5_warm08_seed_1/last_model_1.pth
2026-05-13 14:07:40,836 INFO src.train.trainer: Epoch 16
2026-05-13 14:07:44,138 INFO src.train.trainer: Last model at epoch 16 saved to /root/autodl-tmp/em_eqf/experiments/reg_grid_r04_stable8/runs/r04s_g5_warm08_seed_1/last_model_1.pth
2026-05-13 14:07:44,139 INFO src.train.trainer: Epoch 17
2026-05-13 14:07:47,571 INFO src.train.trainer: Last model at epoch 17 saved to /root/autodl-tmp/em_eqf/experiments/reg_grid_r04_stable8/runs/r04s_g5_warm08_seed_1/last_model_1.pth
2026-05-13 14:07:47,572 INFO src.train.trainer: Epoch 18
2026-05-13 14:07:50,912 INFO src.train.trainer: Last model at epoch 18 saved to /root/autodl-tmp/em_eqf/experiments/reg_grid_r04_stable8/runs/r04s_g5_warm08_seed_1/last_model_1.pth
2026-05-13 14:07:50,912 INFO src.train.trainer: Epoch 19
2026-05-13 14:07:54,217 INFO src.train.trainer: Last model at epoch 19 saved to /root/autodl-tmp/em_eqf/experiments/reg_grid_r04_stable8/runs/r04s_g5_warm08_seed_1/last_model_1.pth
2026-05-13 14:07:54,218 INFO src.train.trainer: Epoch 20
2026-05-13 14:07:57,818 INFO src.train.trainer: Last model at epoch 20 saved to /root/autodl-tmp/em_eqf/experiments/reg_grid_r04_stable8/runs/r04s_g5_warm08_seed_1/last_model_1.pth
2026-05-13 14:07:57,818 INFO src.train.trainer: Epoch 21
2026-05-13 14:08:01,010 INFO src.train.trainer: New best validation loss: 0.0279, saved to /root/autodl-tmp/em_eqf/experiments/reg_grid_r04_stable8/runs/r04s_g5_warm08_seed_1/best_model_1.pth
2026-05-13 14:08:01,034 INFO src.train.trainer: Last model at epoch 21 saved to /root/autodl-tmp/em_eqf/experiments/reg_grid_r04_stable8/runs/r04s_g5_warm08_seed_1/last_model_1.pth
2026-05-13 14:08:01,034 INFO src.train.trainer: Epoch 22
2026-05-13 14:08:04,148 INFO src.train.trainer: Last model at epoch 22 saved to /root/autodl-tmp/em_eqf/experiments/reg_grid_r04_stable8/runs/r04s_g5_warm08_seed_1/last_model_1.pth
2026-05-13 14:08:04,148 INFO src.train.trainer: Epoch 23
2026-05-13 14:08:07,058 INFO src.train.trainer: Last model at epoch 23 saved to /root/autodl-tmp/em_eqf/experiments/reg_grid_r04_stable8/runs/r04s_g5_warm08_seed_1/last_model_1.pth
2026-05-13 14:08:07,059 INFO src.train.trainer: Epoch 24
2026-05-13 14:08:10,436 INFO src.train.trainer: Last model at epoch 24 saved to /root/autodl-tmp/em_eqf/experiments/reg_grid_r04_stable8/runs/r04s_g5_warm08_seed_1/last_model_1.pth
2026-05-13 14:08:10,437 INFO src.train.trainer: Epoch 25
2026-05-13 14:08:13,624 INFO src.train.trainer: Last model at epoch 25 saved to /root/autodl-tmp/em_eqf/experiments/reg_grid_r04_stable8/runs/r04s_g5_warm08_seed_1/last_model_1.pth
2026-05-13 14:08:13,625 INFO src.train.trainer: Epoch 26
2026-05-13 14:08:16,814 INFO src.train.trainer: Last model at epoch 26 saved to /root/autodl-tmp/em_eqf/experiments/reg_grid_r04_stable8/runs/r04s_g5_warm08_seed_1/last_model_1.pth
2026-05-13 14:08:16,815 INFO src.train.trainer: Epoch 27
2026-05-13 14:08:20,237 INFO src.train.trainer: Last model at epoch 27 saved to /root/autodl-tmp/em_eqf/experiments/reg_grid_r04_stable8/runs/r04s_g5_warm08_seed_1/last_model_1.pth
2026-05-13 14:08:20,237 INFO src.train.trainer: Epoch 28
2026-05-13 14:08:23,449 INFO src.train.trainer: Last model at epoch 28 saved to /root/autodl-tmp/em_eqf/experiments/reg_grid_r04_stable8/runs/r04s_g5_warm08_seed_1/last_model_1.pth
2026-05-13 14:08:23,450 INFO src.train.trainer: Epoch 29
2026-05-13 14:08:26,812 INFO src.train.trainer: Last model at epoch 29 saved to /root/autodl-tmp/em_eqf/experiments/reg_grid_r04_stable8/runs/r04s_g5_warm08_seed_1/last_model_1.pth
2026-05-13 14:08:26,812 INFO src.train.trainer: Epoch 30
2026-05-13 14:08:30,241 INFO src.train.trainer: Last model at epoch 30 saved to /root/autodl-tmp/em_eqf/experiments/reg_grid_r04_stable8/runs/r04s_g5_warm08_seed_1/last_model_1.pth
2026-05-13 14:08:30,241 INFO src.train.trainer: Epoch 31
2026-05-13 14:08:33,249 INFO src.train.trainer: Last model at epoch 31 saved to /root/autodl-tmp/em_eqf/experiments/reg_grid_r04_stable8/runs/r04s_g5_warm08_seed_1/last_model_1.pth
2026-05-13 14:08:33,250 INFO src.train.trainer: Epoch 32
2026-05-13 14:08:36,435 INFO src.train.trainer: Last model at epoch 32 saved to /root/autodl-tmp/em_eqf/experiments/reg_grid_r04_stable8/runs/r04s_g5_warm08_seed_1/last_model_1.pth
2026-05-13 14:08:36,435 INFO src.train.trainer: Epoch 33
2026-05-13 14:08:39,729 INFO src.train.trainer: Last model at epoch 33 saved to /root/autodl-tmp/em_eqf/experiments/reg_grid_r04_stable8/runs/r04s_g5_warm08_seed_1/last_model_1.pth
2026-05-13 14:08:39,729 INFO src.train.trainer: Epoch 34
2026-05-13 14:08:42,914 INFO src.train.trainer: Last model at epoch 34 saved to /root/autodl-tmp/em_eqf/experiments/reg_grid_r04_stable8/runs/r04s_g5_warm08_seed_1/last_model_1.pth
2026-05-13 14:08:42,914 INFO src.train.trainer: Epoch 35
2026-05-13 14:08:46,725 INFO src.train.trainer: Last model at epoch 35 saved to /root/autodl-tmp/em_eqf/experiments/reg_grid_r04_stable8/runs/r04s_g5_warm08_seed_1/last_model_1.pth
2026-05-13 14:08:46,725 INFO src.train.trainer: Epoch 36
2026-05-13 14:08:50,369 INFO src.train.trainer: Last model at epoch 36 saved to /root/autodl-tmp/em_eqf/experiments/reg_grid_r04_stable8/runs/r04s_g5_warm08_seed_1/last_model_1.pth
2026-05-13 14:08:50,370 INFO src.train.trainer: Epoch 37
2026-05-13 14:08:53,740 INFO src.train.trainer: Last model at epoch 37 saved to /root/autodl-tmp/em_eqf/experiments/reg_grid_r04_stable8/runs/r04s_g5_warm08_seed_1/last_model_1.pth
2026-05-13 14:08:53,741 INFO src.train.trainer: Epoch 38
2026-05-13 14:08:56,897 INFO src.train.trainer: Last model at epoch 38 saved to /root/autodl-tmp/em_eqf/experiments/reg_grid_r04_stable8/runs/r04s_g5_warm08_seed_1/last_model_1.pth
2026-05-13 14:08:56,898 INFO src.train.trainer: Epoch 39
2026-05-13 14:08:59,949 INFO src.train.trainer: Last model at epoch 39 saved to /root/autodl-tmp/em_eqf/experiments/reg_grid_r04_stable8/runs/r04s_g5_warm08_seed_1/last_model_1.pth
2026-05-13 14:08:59,949 INFO src.train.trainer: Epoch 40
2026-05-13 14:09:02,922 INFO src.train.trainer: Last model at epoch 40 saved to /root/autodl-tmp/em_eqf/experiments/reg_grid_r04_stable8/runs/r04s_g5_warm08_seed_1/last_model_1.pth
2026-05-13 14:09:02,923 INFO src.train.trainer: Epoch 41
2026-05-13 14:09:06,263 INFO src.train.trainer: Last model at epoch 41 saved to /root/autodl-tmp/em_eqf/experiments/reg_grid_r04_stable8/runs/r04s_g5_warm08_seed_1/last_model_1.pth
2026-05-13 14:09:06,263 INFO src.train.trainer: Epoch 42
2026-05-13 14:09:09,766 INFO src.train.trainer: Last model at epoch 42 saved to /root/autodl-tmp/em_eqf/experiments/reg_grid_r04_stable8/runs/r04s_g5_warm08_seed_1/last_model_1.pth
2026-05-13 14:09:09,766 INFO src.train.trainer: Epoch 43
2026-05-13 14:09:13,067 INFO src.train.trainer: Last model at epoch 43 saved to /root/autodl-tmp/em_eqf/experiments/reg_grid_r04_stable8/runs/r04s_g5_warm08_seed_1/last_model_1.pth
2026-05-13 14:09:13,068 INFO src.train.trainer: Epoch 44
2026-05-13 14:09:16,315 INFO src.train.trainer: Last model at epoch 44 saved to /root/autodl-tmp/em_eqf/experiments/reg_grid_r04_stable8/runs/r04s_g5_warm08_seed_1/last_model_1.pth
2026-05-13 14:09:16,315 INFO src.train.trainer: Epoch 45
2026-05-13 14:09:19,657 INFO src.train.trainer: Last model at epoch 45 saved to /root/autodl-tmp/em_eqf/experiments/reg_grid_r04_stable8/runs/r04s_g5_warm08_seed_1/last_model_1.pth
2026-05-13 14:09:19,658 INFO src.train.trainer: Epoch 46
2026-05-13 14:09:22,805 INFO src.train.trainer: Last model at epoch 46 saved to /root/autodl-tmp/em_eqf/experiments/reg_grid_r04_stable8/runs/r04s_g5_warm08_seed_1/last_model_1.pth
2026-05-13 14:09:22,805 INFO src.train.trainer: Epoch 47
2026-05-13 14:09:26,233 INFO src.train.trainer: Last model at epoch 47 saved to /root/autodl-tmp/em_eqf/experiments/reg_grid_r04_stable8/runs/r04s_g5_warm08_seed_1/last_model_1.pth
2026-05-13 14:09:26,233 INFO src.train.trainer: Epoch 48
2026-05-13 14:09:29,661 INFO src.train.trainer: Last model at epoch 48 saved to /root/autodl-tmp/em_eqf/experiments/reg_grid_r04_stable8/runs/r04s_g5_warm08_seed_1/last_model_1.pth
2026-05-13 14:09:29,661 INFO src.train.trainer: Epoch 49
2026-05-13 14:09:32,642 INFO src.train.trainer: Last model at epoch 49 saved to /root/autodl-tmp/em_eqf/experiments/reg_grid_r04_stable8/runs/r04s_g5_warm08_seed_1/last_model_1.pth
2026-05-13 14:09:32,642 INFO src.train.trainer: Epoch 50
2026-05-13 14:09:36,066 INFO src.train.trainer: Last model at epoch 50 saved to /root/autodl-tmp/em_eqf/experiments/reg_grid_r04_stable8/runs/r04s_g5_warm08_seed_1/last_model_1.pth
2026-05-13 14:09:36,067 INFO src.train.trainer: Epoch 51
2026-05-13 14:09:39,353 INFO src.train.trainer: Last model at epoch 51 saved to /root/autodl-tmp/em_eqf/experiments/reg_grid_r04_stable8/runs/r04s_g5_warm08_seed_1/last_model_1.pth
2026-05-13 14:09:39,354 INFO src.train.trainer: Epoch 52
2026-05-13 14:09:42,414 INFO src.train.trainer: Last model at epoch 52 saved to /root/autodl-tmp/em_eqf/experiments/reg_grid_r04_stable8/runs/r04s_g5_warm08_seed_1/last_model_1.pth
2026-05-13 14:09:42,415 INFO src.train.trainer: Epoch 53
2026-05-13 14:09:45,300 INFO src.train.trainer: Last model at epoch 53 saved to /root/autodl-tmp/em_eqf/experiments/reg_grid_r04_stable8/runs/r04s_g5_warm08_seed_1/last_model_1.pth
2026-05-13 14:09:45,300 INFO src.train.trainer: Epoch 54
2026-05-13 14:09:48,249 INFO src.train.trainer: Last model at epoch 54 saved to /root/autodl-tmp/em_eqf/experiments/reg_grid_r04_stable8/runs/r04s_g5_warm08_seed_1/last_model_1.pth
2026-05-13 14:09:48,249 INFO src.train.trainer: Epoch 55
2026-05-13 14:09:51,063 INFO src.train.trainer: Last model at epoch 55 saved to /root/autodl-tmp/em_eqf/experiments/reg_grid_r04_stable8/runs/r04s_g5_warm08_seed_1/last_model_1.pth
2026-05-13 14:09:51,063 INFO src.train.trainer: Epoch 56
2026-05-13 14:09:54,338 INFO src.train.trainer: Last model at epoch 56 saved to /root/autodl-tmp/em_eqf/experiments/reg_grid_r04_stable8/runs/r04s_g5_warm08_seed_1/last_model_1.pth
2026-05-13 14:09:54,339 INFO src.train.trainer: Epoch 57
2026-05-13 14:09:57,928 INFO src.train.trainer: Last model at epoch 57 saved to /root/autodl-tmp/em_eqf/experiments/reg_grid_r04_stable8/runs/r04s_g5_warm08_seed_1/last_model_1.pth
2026-05-13 14:09:57,928 INFO src.train.trainer: Epoch 58
2026-05-13 14:10:01,157 INFO src.train.trainer: Last model at epoch 58 saved to /root/autodl-tmp/em_eqf/experiments/reg_grid_r04_stable8/runs/r04s_g5_warm08_seed_1/last_model_1.pth
2026-05-13 14:10:01,158 INFO src.train.trainer: Epoch 59
2026-05-13 14:10:04,120 INFO src.train.trainer: Last model at epoch 59 saved to /root/autodl-tmp/em_eqf/experiments/reg_grid_r04_stable8/runs/r04s_g5_warm08_seed_1/last_model_1.pth
2026-05-13 14:10:04,121 INFO src.train.trainer: Epoch 60
2026-05-13 14:10:07,208 INFO src.train.trainer: Last model at epoch 60 saved to /root/autodl-tmp/em_eqf/experiments/reg_grid_r04_stable8/runs/r04s_g5_warm08_seed_1/last_model_1.pth
2026-05-13 14:10:07,216 INFO src.train.trainer: Saved epoch 60 snapshot to /root/autodl-tmp/em_eqf/experiments/reg_grid_r04_stable8/runs/r04s_g5_warm08_seed_1/epoch_60_model_1.pth
2026-05-13 14:10:07,216 INFO src.train.trainer: Epoch 61
2026-05-13 14:10:10,147 INFO src.train.trainer: Last model at epoch 61 saved to /root/autodl-tmp/em_eqf/experiments/reg_grid_r04_stable8/runs/r04s_g5_warm08_seed_1/last_model_1.pth
2026-05-13 14:10:10,147 INFO src.train.trainer: Epoch 62
2026-05-13 14:10:12,612 INFO src.train.trainer: Last model at epoch 62 saved to /root/autodl-tmp/em_eqf/experiments/reg_grid_r04_stable8/runs/r04s_g5_warm08_seed_1/last_model_1.pth
2026-05-13 14:10:12,612 INFO src.train.trainer: Epoch 63
2026-05-13 14:10:15,938 INFO src.train.trainer: Last model at epoch 63 saved to /root/autodl-tmp/em_eqf/experiments/reg_grid_r04_stable8/runs/r04s_g5_warm08_seed_1/last_model_1.pth
2026-05-13 14:10:15,938 INFO src.train.trainer: Epoch 64
2026-05-13 14:10:19,274 INFO src.train.trainer: Last model at epoch 64 saved to /root/autodl-tmp/em_eqf/experiments/reg_grid_r04_stable8/runs/r04s_g5_warm08_seed_1/last_model_1.pth
2026-05-13 14:10:19,274 INFO src.train.trainer: Epoch 65
2026-05-13 14:10:22,423 INFO src.train.trainer: Last model at epoch 65 saved to /root/autodl-tmp/em_eqf/experiments/reg_grid_r04_stable8/runs/r04s_g5_warm08_seed_1/last_model_1.pth
2026-05-13 14:10:22,423 INFO src.train.trainer: Epoch 66
2026-05-13 14:10:26,152 INFO src.train.trainer: Last model at epoch 66 saved to /root/autodl-tmp/em_eqf/experiments/reg_grid_r04_stable8/runs/r04s_g5_warm08_seed_1/last_model_1.pth
2026-05-13 14:10:26,152 INFO src.train.trainer: Epoch 67
2026-05-13 14:10:29,493 INFO src.train.trainer: Last model at epoch 67 saved to /root/autodl-tmp/em_eqf/experiments/reg_grid_r04_stable8/runs/r04s_g5_warm08_seed_1/last_model_1.pth
2026-05-13 14:10:29,494 INFO src.train.trainer: Epoch 68
2026-05-13 14:10:32,612 INFO src.train.trainer: Last model at epoch 68 saved to /root/autodl-tmp/em_eqf/experiments/reg_grid_r04_stable8/runs/r04s_g5_warm08_seed_1/last_model_1.pth
2026-05-13 14:10:32,612 INFO src.train.trainer: Epoch 69
2026-05-13 14:10:35,954 INFO src.train.trainer: Last model at epoch 69 saved to /root/autodl-tmp/em_eqf/experiments/reg_grid_r04_stable8/runs/r04s_g5_warm08_seed_1/last_model_1.pth
2026-05-13 14:10:35,954 INFO src.train.trainer: Epoch 70
2026-05-13 14:10:39,002 INFO src.train.trainer: Last model at epoch 70 saved to /root/autodl-tmp/em_eqf/experiments/reg_grid_r04_stable8/runs/r04s_g5_warm08_seed_1/last_model_1.pth
2026-05-13 14:10:39,002 INFO src.train.trainer: Epoch 71
2026-05-13 14:10:42,026 INFO src.train.trainer: Last model at epoch 71 saved to /root/autodl-tmp/em_eqf/experiments/reg_grid_r04_stable8/runs/r04s_g5_warm08_seed_1/last_model_1.pth
2026-05-13 14:10:42,026 INFO src.train.trainer: Epoch 72
2026-05-13 14:10:45,015 INFO src.train.trainer: Last model at epoch 72 saved to /root/autodl-tmp/em_eqf/experiments/reg_grid_r04_stable8/runs/r04s_g5_warm08_seed_1/last_model_1.pth
2026-05-13 14:10:45,016 INFO src.train.trainer: Epoch 73
2026-05-13 14:10:47,856 INFO src.train.trainer: Last model at epoch 73 saved to /root/autodl-tmp/em_eqf/experiments/reg_grid_r04_stable8/runs/r04s_g5_warm08_seed_1/last_model_1.pth
2026-05-13 14:10:47,857 INFO src.train.trainer: Epoch 74
2026-05-13 14:10:50,826 INFO src.train.trainer: Last model at epoch 74 saved to /root/autodl-tmp/em_eqf/experiments/reg_grid_r04_stable8/runs/r04s_g5_warm08_seed_1/last_model_1.pth
2026-05-13 14:10:50,826 INFO src.train.trainer: Epoch 75
2026-05-13 14:10:53,727 INFO src.train.trainer: Last model at epoch 75 saved to /root/autodl-tmp/em_eqf/experiments/reg_grid_r04_stable8/runs/r04s_g5_warm08_seed_1/last_model_1.pth
2026-05-13 14:10:53,727 INFO src.train.trainer: Epoch 76
2026-05-13 14:10:56,798 INFO src.train.trainer: Last model at epoch 76 saved to /root/autodl-tmp/em_eqf/experiments/reg_grid_r04_stable8/runs/r04s_g5_warm08_seed_1/last_model_1.pth
2026-05-13 14:10:56,798 INFO src.train.trainer: Epoch 77
2026-05-13 14:10:59,665 INFO src.train.trainer: Last model at epoch 77 saved to /root/autodl-tmp/em_eqf/experiments/reg_grid_r04_stable8/runs/r04s_g5_warm08_seed_1/last_model_1.pth
2026-05-13 14:10:59,665 INFO src.train.trainer: Epoch 78
2026-05-13 14:11:02,586 INFO src.train.trainer: Last model at epoch 78 saved to /root/autodl-tmp/em_eqf/experiments/reg_grid_r04_stable8/runs/r04s_g5_warm08_seed_1/last_model_1.pth
2026-05-13 14:11:02,587 INFO src.train.trainer: Epoch 79
2026-05-13 14:11:05,634 INFO src.train.trainer: Last model at epoch 79 saved to /root/autodl-tmp/em_eqf/experiments/reg_grid_r04_stable8/runs/r04s_g5_warm08_seed_1/last_model_1.pth
2026-05-13 14:11:05,635 INFO src.train.trainer: Epoch 80
2026-05-13 14:11:08,816 INFO src.train.trainer: Last model at epoch 80 saved to /root/autodl-tmp/em_eqf/experiments/reg_grid_r04_stable8/runs/r04s_g5_warm08_seed_1/last_model_1.pth
2026-05-13 14:11:08,824 INFO src.train.trainer: Saved epoch 80 snapshot to /root/autodl-tmp/em_eqf/experiments/reg_grid_r04_stable8/runs/r04s_g5_warm08_seed_1/epoch_80_model_1.pth
2026-05-13 14:11:08,824 INFO src.train.trainer: Epoch 81
2026-05-13 14:11:11,896 INFO src.train.trainer: Last model at epoch 81 saved to /root/autodl-tmp/em_eqf/experiments/reg_grid_r04_stable8/runs/r04s_g5_warm08_seed_1/last_model_1.pth
2026-05-13 14:11:11,896 INFO src.train.trainer: Epoch 82
2026-05-13 14:11:14,906 INFO src.train.trainer: Last model at epoch 82 saved to /root/autodl-tmp/em_eqf/experiments/reg_grid_r04_stable8/runs/r04s_g5_warm08_seed_1/last_model_1.pth
2026-05-13 14:11:14,907 INFO src.train.trainer: Epoch 83
2026-05-13 14:11:17,901 INFO src.train.trainer: Last model at epoch 83 saved to /root/autodl-tmp/em_eqf/experiments/reg_grid_r04_stable8/runs/r04s_g5_warm08_seed_1/last_model_1.pth
2026-05-13 14:11:17,901 INFO src.train.trainer: Epoch 84
2026-05-13 14:11:20,865 INFO src.train.trainer: Last model at epoch 84 saved to /root/autodl-tmp/em_eqf/experiments/reg_grid_r04_stable8/runs/r04s_g5_warm08_seed_1/last_model_1.pth
2026-05-13 14:11:20,865 INFO src.train.trainer: Epoch 85
2026-05-13 14:11:23,828 INFO src.train.trainer: Last model at epoch 85 saved to /root/autodl-tmp/em_eqf/experiments/reg_grid_r04_stable8/runs/r04s_g5_warm08_seed_1/last_model_1.pth
2026-05-13 14:11:23,828 INFO src.train.trainer: Epoch 86
2026-05-13 14:11:26,591 INFO src.train.trainer: Last model at epoch 86 saved to /root/autodl-tmp/em_eqf/experiments/reg_grid_r04_stable8/runs/r04s_g5_warm08_seed_1/last_model_1.pth
2026-05-13 14:11:26,592 INFO src.train.trainer: Epoch 87
2026-05-13 14:11:29,436 INFO src.train.trainer: Last model at epoch 87 saved to /root/autodl-tmp/em_eqf/experiments/reg_grid_r04_stable8/runs/r04s_g5_warm08_seed_1/last_model_1.pth
2026-05-13 14:11:29,437 INFO src.train.trainer: Epoch 88
2026-05-13 14:11:32,371 INFO src.train.trainer: Last model at epoch 88 saved to /root/autodl-tmp/em_eqf/experiments/reg_grid_r04_stable8/runs/r04s_g5_warm08_seed_1/last_model_1.pth
2026-05-13 14:11:32,372 INFO src.train.trainer: Epoch 89
2026-05-13 14:11:35,244 INFO src.train.trainer: Last model at epoch 89 saved to /root/autodl-tmp/em_eqf/experiments/reg_grid_r04_stable8/runs/r04s_g5_warm08_seed_1/last_model_1.pth
2026-05-13 14:11:35,244 INFO src.train.trainer: Epoch 90
2026-05-13 14:11:38,415 INFO src.train.trainer: Last model at epoch 90 saved to /root/autodl-tmp/em_eqf/experiments/reg_grid_r04_stable8/runs/r04s_g5_warm08_seed_1/last_model_1.pth
2026-05-13 14:11:38,415 INFO src.train.trainer: Epoch 91
2026-05-13 14:11:41,360 INFO src.train.trainer: Last model at epoch 91 saved to /root/autodl-tmp/em_eqf/experiments/reg_grid_r04_stable8/runs/r04s_g5_warm08_seed_1/last_model_1.pth
2026-05-13 14:11:41,360 INFO src.train.trainer: Epoch 92
2026-05-13 14:11:44,176 INFO src.train.trainer: Last model at epoch 92 saved to /root/autodl-tmp/em_eqf/experiments/reg_grid_r04_stable8/runs/r04s_g5_warm08_seed_1/last_model_1.pth
2026-05-13 14:11:44,176 INFO src.train.trainer: Epoch 93
2026-05-13 14:11:46,841 INFO src.train.trainer: Last model at epoch 93 saved to /root/autodl-tmp/em_eqf/experiments/reg_grid_r04_stable8/runs/r04s_g5_warm08_seed_1/last_model_1.pth
2026-05-13 14:11:46,841 INFO src.train.trainer: Epoch 94
2026-05-13 14:11:49,697 INFO src.train.trainer: Last model at epoch 94 saved to /root/autodl-tmp/em_eqf/experiments/reg_grid_r04_stable8/runs/r04s_g5_warm08_seed_1/last_model_1.pth
2026-05-13 14:11:49,697 INFO src.train.trainer: Epoch 95
2026-05-13 14:11:52,600 INFO src.train.trainer: Last model at epoch 95 saved to /root/autodl-tmp/em_eqf/experiments/reg_grid_r04_stable8/runs/r04s_g5_warm08_seed_1/last_model_1.pth
2026-05-13 14:11:52,600 INFO src.train.trainer: Epoch 96
2026-05-13 14:11:55,713 INFO src.train.trainer: Last model at epoch 96 saved to /root/autodl-tmp/em_eqf/experiments/reg_grid_r04_stable8/runs/r04s_g5_warm08_seed_1/last_model_1.pth
2026-05-13 14:11:55,713 INFO src.train.trainer: Epoch 97
2026-05-13 14:11:58,790 INFO src.train.trainer: Last model at epoch 97 saved to /root/autodl-tmp/em_eqf/experiments/reg_grid_r04_stable8/runs/r04s_g5_warm08_seed_1/last_model_1.pth
2026-05-13 14:11:58,791 INFO src.train.trainer: Epoch 98
2026-05-13 14:12:01,677 INFO src.train.trainer: Last model at epoch 98 saved to /root/autodl-tmp/em_eqf/experiments/reg_grid_r04_stable8/runs/r04s_g5_warm08_seed_1/last_model_1.pth
2026-05-13 14:12:01,678 INFO src.train.trainer: Epoch 99
2026-05-13 14:12:04,445 INFO src.train.trainer: Last model at epoch 99 saved to /root/autodl-tmp/em_eqf/experiments/reg_grid_r04_stable8/runs/r04s_g5_warm08_seed_1/last_model_1.pth
2026-05-13 14:12:04,446 INFO src.train.trainer: Epoch 100
2026-05-13 14:12:07,283 INFO src.train.trainer: Last model at epoch 100 saved to /root/autodl-tmp/em_eqf/experiments/reg_grid_r04_stable8/runs/r04s_g5_warm08_seed_1/last_model_1.pth
2026-05-13 14:12:07,295 INFO src.train.trainer: Saved epoch 100 snapshot to /root/autodl-tmp/em_eqf/experiments/reg_grid_r04_stable8/runs/r04s_g5_warm08_seed_1/epoch_100_model_1.pth
2026-05-13 14:12:07,295 INFO src.train.trainer: Epoch 101
2026-05-13 14:12:10,095 INFO src.train.trainer: Last model at epoch 101 saved to /root/autodl-tmp/em_eqf/experiments/reg_grid_r04_stable8/runs/r04s_g5_warm08_seed_1/last_model_1.pth
2026-05-13 14:12:10,096 INFO src.train.trainer: Epoch 102
2026-05-13 14:12:12,913 INFO src.train.trainer: Last model at epoch 102 saved to /root/autodl-tmp/em_eqf/experiments/reg_grid_r04_stable8/runs/r04s_g5_warm08_seed_1/last_model_1.pth
2026-05-13 14:12:12,913 INFO src.train.trainer: Epoch 103
2026-05-13 14:12:15,723 INFO src.train.trainer: Last model at epoch 103 saved to /root/autodl-tmp/em_eqf/experiments/reg_grid_r04_stable8/runs/r04s_g5_warm08_seed_1/last_model_1.pth
2026-05-13 14:12:15,723 INFO src.train.trainer: Epoch 104
2026-05-13 14:12:18,425 INFO src.train.trainer: Last model at epoch 104 saved to /root/autodl-tmp/em_eqf/experiments/reg_grid_r04_stable8/runs/r04s_g5_warm08_seed_1/last_model_1.pth
2026-05-13 14:12:18,426 INFO src.train.trainer: Epoch 105
2026-05-13 14:12:21,137 INFO src.train.trainer: Last model at epoch 105 saved to /root/autodl-tmp/em_eqf/experiments/reg_grid_r04_stable8/runs/r04s_g5_warm08_seed_1/last_model_1.pth
2026-05-13 14:12:21,137 INFO src.train.trainer: Epoch 106
2026-05-13 14:12:23,839 INFO src.train.trainer: Last model at epoch 106 saved to /root/autodl-tmp/em_eqf/experiments/reg_grid_r04_stable8/runs/r04s_g5_warm08_seed_1/last_model_1.pth
2026-05-13 14:12:23,839 INFO src.train.trainer: Epoch 107
2026-05-13 14:12:26,586 INFO src.train.trainer: Last model at epoch 107 saved to /root/autodl-tmp/em_eqf/experiments/reg_grid_r04_stable8/runs/r04s_g5_warm08_seed_1/last_model_1.pth
2026-05-13 14:12:26,587 INFO src.train.trainer: Epoch 108
2026-05-13 14:12:29,444 INFO src.train.trainer: Last model at epoch 108 saved to /root/autodl-tmp/em_eqf/experiments/reg_grid_r04_stable8/runs/r04s_g5_warm08_seed_1/last_model_1.pth
2026-05-13 14:12:29,444 INFO src.train.trainer: Epoch 109
2026-05-13 14:12:32,204 INFO src.train.trainer: Last model at epoch 109 saved to /root/autodl-tmp/em_eqf/experiments/reg_grid_r04_stable8/runs/r04s_g5_warm08_seed_1/last_model_1.pth
2026-05-13 14:12:32,204 INFO src.train.trainer: Epoch 110
2026-05-13 14:12:34,933 INFO src.train.trainer: Last model at epoch 110 saved to /root/autodl-tmp/em_eqf/experiments/reg_grid_r04_stable8/runs/r04s_g5_warm08_seed_1/last_model_1.pth
2026-05-13 14:12:34,933 INFO src.train.trainer: Epoch 111
2026-05-13 14:12:37,898 INFO src.train.trainer: Last model at epoch 111 saved to /root/autodl-tmp/em_eqf/experiments/reg_grid_r04_stable8/runs/r04s_g5_warm08_seed_1/last_model_1.pth
2026-05-13 14:12:37,899 INFO src.train.trainer: Epoch 112
2026-05-13 14:12:40,750 INFO src.train.trainer: Last model at epoch 112 saved to /root/autodl-tmp/em_eqf/experiments/reg_grid_r04_stable8/runs/r04s_g5_warm08_seed_1/last_model_1.pth
2026-05-13 14:12:40,751 INFO src.train.trainer: Epoch 113
2026-05-13 14:12:43,660 INFO src.train.trainer: Last model at epoch 113 saved to /root/autodl-tmp/em_eqf/experiments/reg_grid_r04_stable8/runs/r04s_g5_warm08_seed_1/last_model_1.pth
2026-05-13 14:12:43,660 INFO src.train.trainer: Epoch 114
2026-05-13 14:12:46,687 INFO src.train.trainer: Last model at epoch 114 saved to /root/autodl-tmp/em_eqf/experiments/reg_grid_r04_stable8/runs/r04s_g5_warm08_seed_1/last_model_1.pth
2026-05-13 14:12:46,688 INFO src.train.trainer: Epoch 115
2026-05-13 14:12:49,787 INFO src.train.trainer: Last model at epoch 115 saved to /root/autodl-tmp/em_eqf/experiments/reg_grid_r04_stable8/runs/r04s_g5_warm08_seed_1/last_model_1.pth
2026-05-13 14:12:49,788 INFO src.train.trainer: Epoch 116
2026-05-13 14:12:52,427 INFO src.train.trainer: Last model at epoch 116 saved to /root/autodl-tmp/em_eqf/experiments/reg_grid_r04_stable8/runs/r04s_g5_warm08_seed_1/last_model_1.pth
2026-05-13 14:12:52,427 INFO src.train.trainer: Epoch 117
2026-05-13 14:12:55,070 INFO src.train.trainer: Last model at epoch 117 saved to /root/autodl-tmp/em_eqf/experiments/reg_grid_r04_stable8/runs/r04s_g5_warm08_seed_1/last_model_1.pth
2026-05-13 14:12:55,071 INFO src.train.trainer: Epoch 118
2026-05-13 14:12:57,687 INFO src.train.trainer: Last model at epoch 118 saved to /root/autodl-tmp/em_eqf/experiments/reg_grid_r04_stable8/runs/r04s_g5_warm08_seed_1/last_model_1.pth
2026-05-13 14:12:57,687 INFO src.train.trainer: Epoch 119
2026-05-13 14:13:00,366 INFO src.train.trainer: Last model at epoch 119 saved to /root/autodl-tmp/em_eqf/experiments/reg_grid_r04_stable8/runs/r04s_g5_warm08_seed_1/last_model_1.pth
2026-05-13 14:13:00,366 INFO src.train.trainer: Epoch 120
2026-05-13 14:13:03,117 INFO src.train.trainer: Last model at epoch 120 saved to /root/autodl-tmp/em_eqf/experiments/reg_grid_r04_stable8/runs/r04s_g5_warm08_seed_1/last_model_1.pth
2026-05-13 14:13:03,124 INFO src.train.trainer: Saved epoch 120 snapshot to /root/autodl-tmp/em_eqf/experiments/reg_grid_r04_stable8/runs/r04s_g5_warm08_seed_1/epoch_120_model_1.pth
2026-05-13 14:13:03,124 INFO src.train.trainer: Epoch 121
2026-05-13 14:13:05,783 INFO src.train.trainer: Last model at epoch 121 saved to /root/autodl-tmp/em_eqf/experiments/reg_grid_r04_stable8/runs/r04s_g5_warm08_seed_1/last_model_1.pth
2026-05-13 14:13:05,783 INFO src.train.trainer: Epoch 122
2026-05-13 14:13:08,489 INFO src.train.trainer: Last model at epoch 122 saved to /root/autodl-tmp/em_eqf/experiments/reg_grid_r04_stable8/runs/r04s_g5_warm08_seed_1/last_model_1.pth
2026-05-13 14:13:08,490 INFO src.train.trainer: Epoch 123
2026-05-13 14:13:11,229 INFO src.train.trainer: Last model at epoch 123 saved to /root/autodl-tmp/em_eqf/experiments/reg_grid_r04_stable8/runs/r04s_g5_warm08_seed_1/last_model_1.pth
2026-05-13 14:13:11,229 INFO src.train.trainer: Epoch 124
2026-05-13 14:13:13,956 INFO src.train.trainer: Last model at epoch 124 saved to /root/autodl-tmp/em_eqf/experiments/reg_grid_r04_stable8/runs/r04s_g5_warm08_seed_1/last_model_1.pth
2026-05-13 14:13:13,956 INFO src.train.trainer: Epoch 125
2026-05-13 14:13:16,537 INFO src.train.trainer: Last model at epoch 125 saved to /root/autodl-tmp/em_eqf/experiments/reg_grid_r04_stable8/runs/r04s_g5_warm08_seed_1/last_model_1.pth
2026-05-13 14:13:16,537 INFO src.train.trainer: Epoch 126
2026-05-13 14:13:19,261 INFO src.train.trainer: Last model at epoch 126 saved to /root/autodl-tmp/em_eqf/experiments/reg_grid_r04_stable8/runs/r04s_g5_warm08_seed_1/last_model_1.pth
2026-05-13 14:13:19,261 INFO src.train.trainer: Epoch 127
2026-05-13 14:13:21,981 INFO src.train.trainer: Last model at epoch 127 saved to /root/autodl-tmp/em_eqf/experiments/reg_grid_r04_stable8/runs/r04s_g5_warm08_seed_1/last_model_1.pth
2026-05-13 14:13:21,982 INFO src.train.trainer: Epoch 128
2026-05-13 14:13:24,807 INFO src.train.trainer: Last model at epoch 128 saved to /root/autodl-tmp/em_eqf/experiments/reg_grid_r04_stable8/runs/r04s_g5_warm08_seed_1/last_model_1.pth
2026-05-13 14:13:24,807 INFO src.train.trainer: Epoch 129
2026-05-13 14:13:27,844 INFO src.train.trainer: Last model at epoch 129 saved to /root/autodl-tmp/em_eqf/experiments/reg_grid_r04_stable8/runs/r04s_g5_warm08_seed_1/last_model_1.pth
2026-05-13 14:13:27,844 INFO src.train.trainer: Epoch 130
2026-05-13 14:13:30,794 INFO src.train.trainer: Last model at epoch 130 saved to /root/autodl-tmp/em_eqf/experiments/reg_grid_r04_stable8/runs/r04s_g5_warm08_seed_1/last_model_1.pth
2026-05-13 14:13:30,794 INFO src.train.trainer: Epoch 131
2026-05-13 14:13:33,561 INFO src.train.trainer: Last model at epoch 131 saved to /root/autodl-tmp/em_eqf/experiments/reg_grid_r04_stable8/runs/r04s_g5_warm08_seed_1/last_model_1.pth
2026-05-13 14:13:33,562 INFO src.train.trainer: Epoch 132
2026-05-13 14:13:36,552 INFO src.train.trainer: Last model at epoch 132 saved to /root/autodl-tmp/em_eqf/experiments/reg_grid_r04_stable8/runs/r04s_g5_warm08_seed_1/last_model_1.pth
2026-05-13 14:13:36,553 INFO src.train.trainer: Epoch 133
2026-05-13 14:13:39,256 INFO src.train.trainer: Last model at epoch 133 saved to /root/autodl-tmp/em_eqf/experiments/reg_grid_r04_stable8/runs/r04s_g5_warm08_seed_1/last_model_1.pth
2026-05-13 14:13:39,256 INFO src.train.trainer: Epoch 134
2026-05-13 14:13:41,942 INFO src.train.trainer: Last model at epoch 134 saved to /root/autodl-tmp/em_eqf/experiments/reg_grid_r04_stable8/runs/r04s_g5_warm08_seed_1/last_model_1.pth
2026-05-13 14:13:41,943 INFO src.train.trainer: Epoch 135
2026-05-13 14:13:44,624 INFO src.train.trainer: Last model at epoch 135 saved to /root/autodl-tmp/em_eqf/experiments/reg_grid_r04_stable8/runs/r04s_g5_warm08_seed_1/last_model_1.pth
2026-05-13 14:13:44,624 INFO src.train.trainer: Epoch 136
2026-05-13 14:13:47,496 INFO src.train.trainer: Last model at epoch 136 saved to /root/autodl-tmp/em_eqf/experiments/reg_grid_r04_stable8/runs/r04s_g5_warm08_seed_1/last_model_1.pth
2026-05-13 14:13:47,497 INFO src.train.trainer: Epoch 137
2026-05-13 14:13:50,406 INFO src.train.trainer: Last model at epoch 137 saved to /root/autodl-tmp/em_eqf/experiments/reg_grid_r04_stable8/runs/r04s_g5_warm08_seed_1/last_model_1.pth
2026-05-13 14:13:50,407 INFO src.train.trainer: Epoch 138
2026-05-13 14:13:53,152 INFO src.train.trainer: Last model at epoch 138 saved to /root/autodl-tmp/em_eqf/experiments/reg_grid_r04_stable8/runs/r04s_g5_warm08_seed_1/last_model_1.pth
2026-05-13 14:13:53,153 INFO src.train.trainer: Epoch 139
2026-05-13 14:13:56,140 INFO src.train.trainer: Last model at epoch 139 saved to /root/autodl-tmp/em_eqf/experiments/reg_grid_r04_stable8/runs/r04s_g5_warm08_seed_1/last_model_1.pth
2026-05-13 14:13:56,140 INFO src.train.trainer: Epoch 140
2026-05-13 14:13:58,848 INFO src.train.trainer: Last model at epoch 140 saved to /root/autodl-tmp/em_eqf/experiments/reg_grid_r04_stable8/runs/r04s_g5_warm08_seed_1/last_model_1.pth
2026-05-13 14:13:58,860 INFO src.train.trainer: Saved epoch 140 snapshot to /root/autodl-tmp/em_eqf/experiments/reg_grid_r04_stable8/runs/r04s_g5_warm08_seed_1/epoch_140_model_1.pth
2026-05-13 14:13:58,860 INFO src.train.trainer: Epoch 141
2026-05-13 14:14:01,580 INFO src.train.trainer: Last model at epoch 141 saved to /root/autodl-tmp/em_eqf/experiments/reg_grid_r04_stable8/runs/r04s_g5_warm08_seed_1/last_model_1.pth
2026-05-13 14:14:01,580 INFO src.train.trainer: Epoch 142
2026-05-13 14:14:04,458 INFO src.train.trainer: Last model at epoch 142 saved to /root/autodl-tmp/em_eqf/experiments/reg_grid_r04_stable8/runs/r04s_g5_warm08_seed_1/last_model_1.pth
2026-05-13 14:14:04,459 INFO src.train.trainer: Epoch 143
2026-05-13 14:14:07,111 INFO src.train.trainer: Last model at epoch 143 saved to /root/autodl-tmp/em_eqf/experiments/reg_grid_r04_stable8/runs/r04s_g5_warm08_seed_1/last_model_1.pth
2026-05-13 14:14:07,111 INFO src.train.trainer: Epoch 144
2026-05-13 14:14:10,056 INFO src.train.trainer: Last model at epoch 144 saved to /root/autodl-tmp/em_eqf/experiments/reg_grid_r04_stable8/runs/r04s_g5_warm08_seed_1/last_model_1.pth
2026-05-13 14:14:10,056 INFO src.train.trainer: Epoch 145
2026-05-13 14:14:13,024 INFO src.train.trainer: Last model at epoch 145 saved to /root/autodl-tmp/em_eqf/experiments/reg_grid_r04_stable8/runs/r04s_g5_warm08_seed_1/last_model_1.pth
2026-05-13 14:14:13,025 INFO src.train.trainer: Epoch 146
2026-05-13 14:14:15,909 INFO src.train.trainer: Last model at epoch 146 saved to /root/autodl-tmp/em_eqf/experiments/reg_grid_r04_stable8/runs/r04s_g5_warm08_seed_1/last_model_1.pth
2026-05-13 14:14:15,910 INFO src.train.trainer: Epoch 147
2026-05-13 14:14:18,946 INFO src.train.trainer: Last model at epoch 147 saved to /root/autodl-tmp/em_eqf/experiments/reg_grid_r04_stable8/runs/r04s_g5_warm08_seed_1/last_model_1.pth
2026-05-13 14:14:18,946 INFO src.train.trainer: Epoch 148
2026-05-13 14:14:21,972 INFO src.train.trainer: Last model at epoch 148 saved to /root/autodl-tmp/em_eqf/experiments/reg_grid_r04_stable8/runs/r04s_g5_warm08_seed_1/last_model_1.pth
2026-05-13 14:14:21,973 INFO src.train.trainer: Epoch 149
2026-05-13 14:14:24,986 INFO src.train.trainer: Last model at epoch 149 saved to /root/autodl-tmp/em_eqf/experiments/reg_grid_r04_stable8/runs/r04s_g5_warm08_seed_1/last_model_1.pth
2026-05-13 14:14:24,987 INFO src.train.trainer: Epoch 150
2026-05-13 14:14:27,789 INFO src.train.trainer: Last model at epoch 150 saved to /root/autodl-tmp/em_eqf/experiments/reg_grid_r04_stable8/runs/r04s_g5_warm08_seed_1/last_model_1.pth
2026-05-13 14:14:38,949 INFO src.data.preprocessing: CSV files found: ['chuandian_2021.csv']
2026-05-13 14:14:40,078 INFO src.utils.file_utils: Loading cached data from: data/ChuanDian/regressor/regressor_Mc_3_Mf_3_Tfore_180_Twindow_360_context_len_1_dt_10.pkl
2026-05-13 14:14:42,319 INFO src.data.preprocessing: Catalog statistics: {'tau_unfiltered': 0.15339908988298961, 'tau_q025': 0.08114294020924717, 'tau_q05': 0.5134664350189269, 'tau_mean': 1.3070542199341526, 'tau_max': 25.18216435192153, 'tau_min': 0.0, 'time_max': 18770.72654999979, 'time_mean': 10030.9430649837, 'mag_completeness': 3.0, 'mag_mean': 3.456916005014626, 'mag_max': 8.0, 'mag_min': 3.0, 'b_value': 0.856738547623331, 'b_std': 0.0071499224812533796, 'b_n': 14358}
2026-05-13 14:14:42,404 INFO src.data.event_loader: lengths of samples: min=96, max=1340, avg=265.71
2026-05-13 14:14:43,273 INFO src.models.adapters.mixer_task: using time scale base 1.3070542199341526 (key: tau_mean)
2026-05-13 14:14:43,273 INFO src.models.adapters.mixer_task: tau mean: tensor(1.3071)
2026-05-13 14:14:43,279 INFO src.train.config_setup: Restoring model from checkpoint.
2026-05-13 14:14:43,279 INFO src.train.config_setup: Loading model weights: load_specific_parts=None
2026-05-13 14:14:43,281 INFO src.train.config_setup: Checkpoint loaded: <All keys matched successfully>
2026-05-13 14:14:43,281 INFO src.train.config_setup: Full load summary: loaded=68, missing=0, unexpected=0
2026-05-13 14:14:43,282 INFO src.train.config_setup: Checkpoint hyperparameters loaded.
2026-05-13 14:14:43,282 INFO src.train.config_setup: Checkpoint train metrics available.
2026-05-13 14:14:43,282 INFO src.train.config_setup: Checkpoint val metrics available.
2026-05-13 14:14:43,282 INFO src.train.config_setup: Freeze skipped (checkpoint_restore): freeze_parts is empty.
2026-05-13 14:14:43,283 INFO src.train.config_setup: Using regression criterion: smooth_l1
2026-05-13 14:14:43,283 INFO src.train.config_setup: Criterion config: {'beta': 0.3}
2026-05-13 14:14:43,284 INFO src.train.config_setup: encoder_param_keywords: ['base_model.encoder.input_proj', 'base_model.encoder.layers.0', 'base_model.encoder.layers.1']
2026-05-13 14:14:43,284 INFO src.train.config_setup: encoder_lr grouping summary: lr=0.0003, matched=32
2026-05-13 14:14:43,284 INFO src.train.config_setup: Encoder LR coverage [base_model.encoder.input_proj]: target=4, hit=4, missing=0, complete=True
2026-05-13 14:14:43,284 INFO src.train.config_setup: Encoder LR coverage [base_model.encoder.layers.0]: target=14, hit=14, missing=0, complete=True
2026-05-13 14:14:43,284 INFO src.train.config_setup: Encoder LR coverage [base_model.encoder.layers.1]: target=14, hit=14, missing=0, complete=True
2026-05-13 14:14:43,284 INFO src.train.config_setup: encoder_lr matched preview: ['base_model.encoder.input_proj.0.weight', 'base_model.encoder.input_proj.0.bias', 'base_model.encoder.input_proj.3.weight', 'base_model.encoder.input_proj.3.bias', 'base_model.encoder.layers.0.norm.weight', 'base_model.encoder.layers.0.norm.bias', 'base_model.encoder.layers.0.mixer.dt_bias', 'base_model.encoder.layers.0.mixer.A_log', 'base_model.encoder.layers.0.mixer.D', 'base_model.encoder.layers.0.mixer.in_proj.weight'] ... (+22 more)
2026-05-13 14:14:43,285 INFO src.train.config_setup: Not resuming optimizer/scheduler state; reset training state to start_epoch=0, best_val_loss=inf.
2026-05-13 14:14:49,236 INFO src.cli.workflows: Test loss: 0.03542375688751539
2026-05-13 14:14:51,812 INFO src.cli.common: Saved test metrics to /root/autodl-tmp/em_eqf/experiments/reg_grid_r04_stable8/runs/r04s_g5_warm08_seed_1/metrics_test_best_1.json
2026-05-13 14:14:51,812 INFO src.cli.common: Metrics: {'RMSE': 0.8756516391847083, 'MAE': 0.7659336812183505, 'MSE': 0.7667657932068667, 'MAPE': 16.705550485739487, 'R2': -1.291352126829334, 'PearsonR': 0.19462363033652225, 'PearsonR_diff': -0.05256998157851572, 'DA': 0.016483516483516484, 'SpearmanR': 0.2820132356296356, 'SpearmanR_diff': -0.12888235296824715, 'DTW': 139.94072154164314, 'DTW_normalized': 0.7647033964024216}
2026-05-13 14:15:02,831 INFO src.data.preprocessing: CSV files found: ['chuandian_2021.csv']
2026-05-13 14:15:04,012 INFO src.utils.file_utils: Loading cached data from: data/ChuanDian/regressor/regressor_Mc_3_Mf_3_Tfore_180_Twindow_360_context_len_1_dt_10.pkl
2026-05-13 14:15:06,247 INFO src.data.preprocessing: Catalog statistics: {'tau_unfiltered': 0.15339908988298961, 'tau_q025': 0.08114294020924717, 'tau_q05': 0.5134664350189269, 'tau_mean': 1.3070542199341526, 'tau_max': 25.18216435192153, 'tau_min': 0.0, 'time_max': 18770.72654999979, 'time_mean': 10030.9430649837, 'mag_completeness': 3.0, 'mag_mean': 3.456916005014626, 'mag_max': 8.0, 'mag_min': 3.0, 'b_value': 0.856738547623331, 'b_std': 0.0071499224812533796, 'b_n': 14358}
2026-05-13 14:15:06,336 INFO src.data.event_loader: lengths of samples: min=96, max=1340, avg=265.71
2026-05-13 14:15:07,180 INFO src.models.adapters.mixer_task: using time scale base 1.3070542199341526 (key: tau_mean)
2026-05-13 14:15:07,181 INFO src.models.adapters.mixer_task: tau mean: tensor(1.3071)
2026-05-13 14:15:07,186 INFO src.train.config_setup: Restoring model from checkpoint.
2026-05-13 14:15:07,186 INFO src.train.config_setup: Loading model weights: load_specific_parts=None
2026-05-13 14:15:07,188 INFO src.train.config_setup: Checkpoint loaded: <All keys matched successfully>
2026-05-13 14:15:07,188 INFO src.train.config_setup: Full load summary: loaded=68, missing=0, unexpected=0
2026-05-13 14:15:07,189 INFO src.train.config_setup: Checkpoint hyperparameters loaded.
2026-05-13 14:15:07,189 INFO src.train.config_setup: Checkpoint train metrics available.
2026-05-13 14:15:07,189 INFO src.train.config_setup: Checkpoint val metrics available.
2026-05-13 14:15:07,189 INFO src.train.config_setup: Freeze skipped (checkpoint_restore): freeze_parts is empty.
2026-05-13 14:15:07,190 INFO src.train.config_setup: Using regression criterion: smooth_l1
2026-05-13 14:15:07,190 INFO src.train.config_setup: Criterion config: {'beta': 0.3}
2026-05-13 14:15:07,191 INFO src.train.config_setup: encoder_param_keywords: ['base_model.encoder.input_proj', 'base_model.encoder.layers.0', 'base_model.encoder.layers.1']
2026-05-13 14:15:07,191 INFO src.train.config_setup: encoder_lr grouping summary: lr=0.0003, matched=32
2026-05-13 14:15:07,191 INFO src.train.config_setup: Encoder LR coverage [base_model.encoder.input_proj]: target=4, hit=4, missing=0, complete=True
2026-05-13 14:15:07,191 INFO src.train.config_setup: Encoder LR coverage [base_model.encoder.layers.0]: target=14, hit=14, missing=0, complete=True
2026-05-13 14:15:07,191 INFO src.train.config_setup: Encoder LR coverage [base_model.encoder.layers.1]: target=14, hit=14, missing=0, complete=True
2026-05-13 14:15:07,191 INFO src.train.config_setup: encoder_lr matched preview: ['base_model.encoder.input_proj.0.weight', 'base_model.encoder.input_proj.0.bias', 'base_model.encoder.input_proj.3.weight', 'base_model.encoder.input_proj.3.bias', 'base_model.encoder.layers.0.norm.weight', 'base_model.encoder.layers.0.norm.bias', 'base_model.encoder.layers.0.mixer.dt_bias', 'base_model.encoder.layers.0.mixer.A_log', 'base_model.encoder.layers.0.mixer.D', 'base_model.encoder.layers.0.mixer.in_proj.weight'] ... (+22 more)
2026-05-13 14:15:07,192 INFO src.train.config_setup: Not resuming optimizer/scheduler state; reset training state to start_epoch=0, best_val_loss=inf.
2026-05-13 14:15:12,494 INFO src.cli.workflows: Test loss: 0.03550924671192964
2026-05-13 14:15:15,010 INFO src.cli.common: Saved test metrics to /root/autodl-tmp/em_eqf/experiments/reg_grid_r04_stable8/runs/r04s_g5_warm08_seed_1/metrics_test_last_1.json
2026-05-13 14:15:15,010 INFO src.cli.common: Metrics: {'RMSE': 0.8891227003906053, 'MAE': 0.7304652592197793, 'MSE': 0.790539176349882, 'MAPE': 15.601606770574502, 'R2': -1.3623949309153796, 'PearsonR': -0.10669646186091744, 'PearsonR_diff': 0.07811118862054604, 'DA': 0.054945054945054944, 'SpearmanR': -0.0071733017783700915, 'SpearmanR_diff': 0.08001225926793339, 'DTW': 61.601757019758224, 'DTW_normalized': 0.3366216230587881}
