2026-05-21 17:27:46,576 INFO src.data.preprocessing: CSV files found: ['chuandian_2021.csv']
2026-05-21 17:27:47,086 INFO src.utils.file_utils: Loading cached data from: data/ChuanDian/classifier/classifier_Mc_3_Mf_5.5_Tfore_90_Twindow_180_context_len_1_dt_10.pkl
2026-05-21 17:27:47,920 INFO src.data.preprocessing: Catalog statistics: {'tau_unfiltered': 0.15339908988298961, 'tau_q025': 0.08114294020924717, 'tau_q05': 0.5134664350189269, 'tau_mean': 1.3070542199341526, 'tau_max': 25.18216435192153, 'tau_min': 0.0, 'time_max': 18770.72654999979, 'time_mean': 10030.9430649837, 'mag_completeness': 3.0, 'mag_mean': 3.456916005014626, 'mag_max': 8.0, 'mag_min': 3.0, 'b_value': 0.856738547623331, 'b_std': 0.0071499224812533796, 'b_n': 14358}
2026-05-21 17:27:47,936 INFO src.data.event_loader: lengths of samples: min=32, max=749, avg=124.26
2026-05-21 17:27:47,937 INFO src.data.event_loader: Number of positive samples: 471
2026-05-21 17:27:47,937 INFO src.data.event_loader: Number of negative samples: 1055
2026-05-21 17:27:47,960 INFO src.data.event_loader: Positive samples: 390, Negative samples: 830
2026-05-21 17:27:47,960 INFO src.data.event_loader: Total samples: 1220, Positive ratio: 0.32, Negative ratio: 0.68
2026-05-21 17:27:47,960 INFO src.data.event_loader: Positive samples: 62, Negative samples: 90
2026-05-21 17:27:47,960 INFO src.data.event_loader: Total samples: 152, Positive ratio: 0.41, Negative ratio: 0.59
2026-05-21 17:27:47,960 INFO src.data.event_loader: Positive samples: 19, Negative samples: 135
2026-05-21 17:27:47,960 INFO src.data.event_loader: Total samples: 154, Positive ratio: 0.12, Negative ratio: 0.88
2026-05-21 17:27:48,038 INFO src.cli.workflows: No resume path provided. Training will start from scratch.
2026-05-21 17:27:48,909 INFO src.models.adapters.mixer_task: using time scale base 1.3070542199341526 (key: tau_mean)
2026-05-21 17:27:48,909 INFO src.models.adapters.mixer_task: tau mean: tensor(1.3071)
2026-05-21 17:27:48,975 INFO src.train.config_setup: No checkpoint restore requested; initializing model from scratch.
2026-05-21 17:27:48,975 INFO src.train.config_setup: Freeze skipped (fresh_init): freeze_parts is empty.
2026-05-21 17:27:48,975 INFO src.train.config_setup: Using classification criterion: focal
2026-05-21 17:27:48,975 INFO src.train.config_setup: Criterion config: {'alpha': 0.75, 'gamma': 2.0}
2026-05-21 17:27:49,001 INFO src.train.trainer: Epoch 1
2026-05-21 17:28:05,311 INFO src.train.trainer: New best validation loss: 0.0805, saved to /root/autodl-tmp/em_eqf/experiments/clf_pre_v1/clf_pre_scratch_v1/runs/tf_90_mf_5p5_seed_7/best_model_1.pth
2026-05-21 17:28:05,317 INFO src.train.trainer: Last model at epoch 1 saved to /root/autodl-tmp/em_eqf/experiments/clf_pre_v1/clf_pre_scratch_v1/runs/tf_90_mf_5p5_seed_7/last_model_1.pth
2026-05-21 17:28:05,317 INFO src.train.trainer: Epoch 2
2026-05-21 17:28:08,535 INFO src.train.trainer: Last model at epoch 2 saved to /root/autodl-tmp/em_eqf/experiments/clf_pre_v1/clf_pre_scratch_v1/runs/tf_90_mf_5p5_seed_7/last_model_1.pth
2026-05-21 17:28:08,536 INFO src.train.trainer: Epoch 3
2026-05-21 17:28:11,309 INFO src.train.trainer: New best validation loss: 0.0719, saved to /root/autodl-tmp/em_eqf/experiments/clf_pre_v1/clf_pre_scratch_v1/runs/tf_90_mf_5p5_seed_7/best_model_1.pth
2026-05-21 17:28:11,315 INFO src.train.trainer: Last model at epoch 3 saved to /root/autodl-tmp/em_eqf/experiments/clf_pre_v1/clf_pre_scratch_v1/runs/tf_90_mf_5p5_seed_7/last_model_1.pth
2026-05-21 17:28:11,315 INFO src.train.trainer: Epoch 4
2026-05-21 17:28:13,994 INFO src.train.trainer: Last model at epoch 4 saved to /root/autodl-tmp/em_eqf/experiments/clf_pre_v1/clf_pre_scratch_v1/runs/tf_90_mf_5p5_seed_7/last_model_1.pth
2026-05-21 17:28:13,994 INFO src.train.trainer: Epoch 5
2026-05-21 17:28:16,538 INFO src.train.trainer: New best validation loss: 0.0625, saved to /root/autodl-tmp/em_eqf/experiments/clf_pre_v1/clf_pre_scratch_v1/runs/tf_90_mf_5p5_seed_7/best_model_1.pth
2026-05-21 17:28:16,545 INFO src.train.trainer: Last model at epoch 5 saved to /root/autodl-tmp/em_eqf/experiments/clf_pre_v1/clf_pre_scratch_v1/runs/tf_90_mf_5p5_seed_7/last_model_1.pth
2026-05-21 17:28:16,546 INFO src.train.trainer: Epoch 6
2026-05-21 17:28:19,286 INFO src.train.trainer: Last model at epoch 6 saved to /root/autodl-tmp/em_eqf/experiments/clf_pre_v1/clf_pre_scratch_v1/runs/tf_90_mf_5p5_seed_7/last_model_1.pth
2026-05-21 17:28:19,287 INFO src.train.trainer: Epoch 7
2026-05-21 17:28:22,095 INFO src.train.trainer: New best validation loss: 0.0612, saved to /root/autodl-tmp/em_eqf/experiments/clf_pre_v1/clf_pre_scratch_v1/runs/tf_90_mf_5p5_seed_7/best_model_1.pth
2026-05-21 17:28:22,107 INFO src.train.trainer: Last model at epoch 7 saved to /root/autodl-tmp/em_eqf/experiments/clf_pre_v1/clf_pre_scratch_v1/runs/tf_90_mf_5p5_seed_7/last_model_1.pth
2026-05-21 17:28:22,107 INFO src.train.trainer: Epoch 8
2026-05-21 17:28:25,094 INFO src.train.trainer: Last model at epoch 8 saved to /root/autodl-tmp/em_eqf/experiments/clf_pre_v1/clf_pre_scratch_v1/runs/tf_90_mf_5p5_seed_7/last_model_1.pth
2026-05-21 17:28:25,094 INFO src.train.trainer: Epoch 9
2026-05-21 17:28:28,615 INFO src.train.trainer: Last model at epoch 9 saved to /root/autodl-tmp/em_eqf/experiments/clf_pre_v1/clf_pre_scratch_v1/runs/tf_90_mf_5p5_seed_7/last_model_1.pth
2026-05-21 17:28:28,615 INFO src.train.trainer: Epoch 10
2026-05-21 17:28:31,341 INFO src.train.trainer: Last model at epoch 10 saved to /root/autodl-tmp/em_eqf/experiments/clf_pre_v1/clf_pre_scratch_v1/runs/tf_90_mf_5p5_seed_7/last_model_1.pth
2026-05-21 17:28:31,341 INFO src.train.trainer: Epoch 11
2026-05-21 17:28:33,998 INFO src.train.trainer: Last model at epoch 11 saved to /root/autodl-tmp/em_eqf/experiments/clf_pre_v1/clf_pre_scratch_v1/runs/tf_90_mf_5p5_seed_7/last_model_1.pth
2026-05-21 17:28:33,998 INFO src.train.trainer: Epoch 12
2026-05-21 17:28:36,456 INFO src.train.trainer: Last model at epoch 12 saved to /root/autodl-tmp/em_eqf/experiments/clf_pre_v1/clf_pre_scratch_v1/runs/tf_90_mf_5p5_seed_7/last_model_1.pth
2026-05-21 17:28:36,457 INFO src.train.trainer: Epoch 13
2026-05-21 17:28:38,798 INFO src.train.trainer: Last model at epoch 13 saved to /root/autodl-tmp/em_eqf/experiments/clf_pre_v1/clf_pre_scratch_v1/runs/tf_90_mf_5p5_seed_7/last_model_1.pth
2026-05-21 17:28:38,798 INFO src.train.trainer: Epoch 14
2026-05-21 17:28:41,039 INFO src.train.trainer: Last model at epoch 14 saved to /root/autodl-tmp/em_eqf/experiments/clf_pre_v1/clf_pre_scratch_v1/runs/tf_90_mf_5p5_seed_7/last_model_1.pth
2026-05-21 17:28:41,039 INFO src.train.trainer: Epoch 15
2026-05-21 17:28:43,204 INFO src.train.trainer: Last model at epoch 15 saved to /root/autodl-tmp/em_eqf/experiments/clf_pre_v1/clf_pre_scratch_v1/runs/tf_90_mf_5p5_seed_7/last_model_1.pth
2026-05-21 17:28:43,204 INFO src.train.trainer: Epoch 16
2026-05-21 17:28:45,558 INFO src.train.trainer: Last model at epoch 16 saved to /root/autodl-tmp/em_eqf/experiments/clf_pre_v1/clf_pre_scratch_v1/runs/tf_90_mf_5p5_seed_7/last_model_1.pth
2026-05-21 17:28:45,558 INFO src.train.trainer: Epoch 17
2026-05-21 17:28:48,026 INFO src.train.trainer: Last model at epoch 17 saved to /root/autodl-tmp/em_eqf/experiments/clf_pre_v1/clf_pre_scratch_v1/runs/tf_90_mf_5p5_seed_7/last_model_1.pth
2026-05-21 17:28:48,026 INFO src.train.trainer: Early stopping triggered at epoch 17 (best epoch: 7, best val loss: 0.061239)
2026-05-21 17:28:56,400 INFO src.data.preprocessing: CSV files found: ['chuandian_2021.csv']
2026-05-21 17:28:56,924 INFO src.utils.file_utils: Loading cached data from: data/ChuanDian/classifier/classifier_Mc_3_Mf_5.5_Tfore_90_Twindow_180_context_len_1_dt_10.pkl
2026-05-21 17:28:57,730 INFO src.data.preprocessing: Catalog statistics: {'tau_unfiltered': 0.15339908988298961, 'tau_q025': 0.08114294020924717, 'tau_q05': 0.5134664350189269, 'tau_mean': 1.3070542199341526, 'tau_max': 25.18216435192153, 'tau_min': 0.0, 'time_max': 18770.72654999979, 'time_mean': 10030.9430649837, 'mag_completeness': 3.0, 'mag_mean': 3.456916005014626, 'mag_max': 8.0, 'mag_min': 3.0, 'b_value': 0.856738547623331, 'b_std': 0.0071499224812533796, 'b_n': 14358}
2026-05-21 17:28:57,762 INFO src.data.event_loader: lengths of samples: min=32, max=749, avg=124.26
2026-05-21 17:28:57,762 INFO src.data.event_loader: Number of positive samples: 471
2026-05-21 17:28:57,762 INFO src.data.event_loader: Number of negative samples: 1055
2026-05-21 17:28:57,763 INFO src.data.event_loader: Positive samples: 390, Negative samples: 830
2026-05-21 17:28:57,763 INFO src.data.event_loader: Total samples: 1220, Positive ratio: 0.32, Negative ratio: 0.68
2026-05-21 17:28:57,763 INFO src.data.event_loader: Positive samples: 62, Negative samples: 90
2026-05-21 17:28:57,764 INFO src.data.event_loader: Total samples: 152, Positive ratio: 0.41, Negative ratio: 0.59
2026-05-21 17:28:57,764 INFO src.data.event_loader: Positive samples: 19, Negative samples: 135
2026-05-21 17:28:57,764 INFO src.data.event_loader: Total samples: 154, Positive ratio: 0.12, Negative ratio: 0.88
2026-05-21 17:28:58,121 INFO src.models.adapters.mixer_task: using time scale base 1.3070542199341526 (key: tau_mean)
2026-05-21 17:28:58,121 INFO src.models.adapters.mixer_task: tau mean: tensor(1.3071)
2026-05-21 17:28:58,127 INFO src.train.config_setup: Restoring model from checkpoint.
2026-05-21 17:28:58,128 INFO src.train.config_setup: Loading model weights: load_specific_parts=None
2026-05-21 17:28:58,129 INFO src.train.config_setup: Checkpoint loaded: <All keys matched successfully>
2026-05-21 17:28:58,129 INFO src.train.config_setup: Full load summary: loaded=56, missing=0, unexpected=0
2026-05-21 17:28:58,130 INFO src.train.config_setup: Checkpoint hyperparameters loaded.
2026-05-21 17:28:58,130 INFO src.train.config_setup: Checkpoint train metrics available.
2026-05-21 17:28:58,130 INFO src.train.config_setup: Checkpoint val metrics available.
2026-05-21 17:28:58,130 INFO src.train.config_setup: Freeze skipped (checkpoint_restore): freeze_parts is empty.
2026-05-21 17:28:58,130 INFO src.train.config_setup: Using classification criterion: focal
2026-05-21 17:28:58,130 INFO src.train.config_setup: Criterion config: {'alpha': 0.75, 'gamma': 2.0}
2026-05-21 17:28:58,131 INFO src.train.config_setup: Not resuming optimizer/scheduler state; reset training state to start_epoch=0, best_val_loss=inf.
2026-05-21 17:28:58,131 INFO src.cli.common: Using threshold 0.5740551948547363 from checkpoint val_metrics for testing.
2026-05-21 17:29:02,584 INFO src.utils.metrics: ROC curve saved to /root/autodl-tmp/em_eqf/experiments/clf_pre_v1/clf_pre_scratch_v1/runs/tf_90_mf_5p5_seed_7/roc_curve.png
2026-05-21 17:29:02,690 INFO src.utils.metrics: PR curve saved to /root/autodl-tmp/em_eqf/experiments/clf_pre_v1/clf_pre_scratch_v1/runs/tf_90_mf_5p5_seed_7/pr_curve.png
2026-05-21 17:29:02,753 INFO src.utils.metrics: Confusion matrix saved to /root/autodl-tmp/em_eqf/experiments/clf_pre_v1/clf_pre_scratch_v1/runs/tf_90_mf_5p5_seed_7/confusion_matrix.png
2026-05-21 17:29:02,753 INFO src.cli.workflows: Test loss: 0.05561765655875206
2026-05-21 17:29:03,279 INFO src.train.classifier_train_step: Prediction distribution plot has been saved to: /root/autodl-tmp/em_eqf/experiments/clf_pre_v1/clf_pre_scratch_v1/runs/tf_90_mf_5p5_seed_7/train_pred_distribution.png
2026-05-21 17:29:03,526 INFO src.train.classifier_train_step: Prediction distribution plot has been saved to: /root/autodl-tmp/em_eqf/experiments/clf_pre_v1/clf_pre_scratch_v1/runs/tf_90_mf_5p5_seed_7/val_pred_distribution.png
2026-05-21 17:29:03,767 INFO src.train.classifier_train_step: Prediction distribution plot has been saved to: /root/autodl-tmp/em_eqf/experiments/clf_pre_v1/clf_pre_scratch_v1/runs/tf_90_mf_5p5_seed_7/test_pred_distribution.png
2026-05-21 17:29:03,767 INFO src.cli.common: Saved test metrics to /root/autodl-tmp/em_eqf/experiments/clf_pre_v1/clf_pre_scratch_v1/runs/tf_90_mf_5p5_seed_7/metrics_test_best_1.json
2026-05-21 17:29:03,767 INFO src.cli.common: Metrics: {'precision': 0.5, 'recall': 0.05263157894736842, 'f1': 0.09523809523809523, 'auc': 0.8272904483430799, 'pr_auc': 0.35569027296680444, 'fpr': 0.007407407407407408, 'tpr': 0.05263157894736842, 'R': 0.045224171539961014, 'conf': 1.0, 'threshold': 0.5740551948547363}
