2026-02-14 15:42:00,090 INFO src.data.preprocessing: CSV files found: ['chuandian_2021.csv']
2026-02-14 15:42:00,596 INFO src.data.preprocessing: Catalog statistics: {'tau_unfiltered': 0.15339908988298961, 'tau_q025': 0.08114294020924717, 'tau_q05': 0.5134664350189269, 'tau_mean': 1.3070542199341526, 'tau_max': 25.18216435192153, 'tau_min': 0.0, 'time_max': 18770.72654999979, 'time_mean': 10030.9430649837, 'mag_completeness': 3.0, 'mag_mean': 3.456916005014626, 'mag_max': 8.0, 'mag_min': 3.0, 'b_value': 0.856738547623331, 'b_std': 0.0071499224812533796, 'b_n': 14358}
2026-02-14 15:42:00,597 INFO src.data.preparation: stats {'tau_unfiltered': 0.15339908988298961, 'tau_q025': 0.08114294020924717, 'tau_q05': 0.5134664350189269, 'tau_mean': 1.3070542199341526, 'tau_max': 25.18216435192153, 'tau_min': 0.0, 'time_max': 18770.72654999979, 'time_mean': 10030.9430649837, 'mag_completeness': 3.0, 'mag_mean': 3.456916005014626, 'mag_max': 8.0, 'mag_min': 3.0, 'b_value': 0.856738547623331, 'b_std': 0.0071499224812533796, 'b_n': 14358}
2026-02-14 15:42:00,603 INFO src.utils.file_utils: Loading cached data from: data/ChuanDian/processed/regressor/regressor_Mc_3_Mf_3_Tfore_180_Twindow_360_context_len_1_dt_10.pkl
2026-02-14 15:42:01,941 INFO src.data.event_loader: lengths of samples: min=96, max=1340, avg=265.71
2026-02-14 15:42:01,942 INFO __main__: Loading checkpoint from: ./checkpoints/mixer_tpp_20260203-161948/last_model_1.pth
2026-02-14 15:42:02,784 INFO src.models.input_adapters: using time scale base 1.3070542199341526 (key: tau_mean)
2026-02-14 15:42:02,784 INFO src.models.input_adapters: tau mean: tensor(1.3071)
2026-02-14 15:42:02,789 INFO src.train.config_setup: load_specific_parts: ['encoder']
2026-02-14 15:42:02,789 WARNING src.train.config_setup: richter_b not found in model
2026-02-14 15:42:02,789 WARNING src.train.config_setup: mag_completeness not found in model
2026-02-14 15:42:02,789 INFO src.train.config_setup: Loaded part: base_model.encoder.input_proj.0.weight
2026-02-14 15:42:02,789 INFO src.train.config_setup: Loaded part: base_model.encoder.input_proj.0.bias
2026-02-14 15:42:02,789 INFO src.train.config_setup: Loaded part: base_model.encoder.input_proj.3.weight
2026-02-14 15:42:02,789 INFO src.train.config_setup: Loaded part: base_model.encoder.input_proj.3.bias
2026-02-14 15:42:02,789 INFO src.train.config_setup: Loaded part: base_model.encoder.layers.0.norm.weight
2026-02-14 15:42:02,789 INFO src.train.config_setup: Loaded part: base_model.encoder.layers.0.norm.bias
2026-02-14 15:42:02,789 INFO src.train.config_setup: Loaded part: base_model.encoder.layers.0.mixer.dt_bias
2026-02-14 15:42:02,789 INFO src.train.config_setup: Loaded part: base_model.encoder.layers.0.mixer.A_log
2026-02-14 15:42:02,789 INFO src.train.config_setup: Loaded part: base_model.encoder.layers.0.mixer.D
2026-02-14 15:42:02,789 INFO src.train.config_setup: Loaded part: base_model.encoder.layers.0.mixer.in_proj.weight
2026-02-14 15:42:02,789 INFO src.train.config_setup: Loaded part: base_model.encoder.layers.0.mixer.norm.weight
2026-02-14 15:42:02,789 INFO src.train.config_setup: Loaded part: base_model.encoder.layers.0.mixer.out_proj.weight
2026-02-14 15:42:02,789 INFO src.train.config_setup: Loaded part: base_model.encoder.layers.0.norm2.weight
2026-02-14 15:42:02,789 INFO src.train.config_setup: Loaded part: base_model.encoder.layers.0.norm2.bias
2026-02-14 15:42:02,789 INFO src.train.config_setup: Loaded part: base_model.encoder.layers.0.mlp.fc1.weight
2026-02-14 15:42:02,789 INFO src.train.config_setup: Loaded part: base_model.encoder.layers.0.mlp.fc2.weight
2026-02-14 15:42:02,789 INFO src.train.config_setup: Loaded part: base_model.encoder.layers.1.norm.weight
2026-02-14 15:42:02,789 INFO src.train.config_setup: Loaded part: base_model.encoder.layers.1.norm.bias
2026-02-14 15:42:02,789 WARNING src.train.config_setup: base_model.encoder.layers.1.mixer.dt_bias not found in model
2026-02-14 15:42:02,789 WARNING src.train.config_setup: base_model.encoder.layers.1.mixer.A_log not found in model
2026-02-14 15:42:02,789 WARNING src.train.config_setup: base_model.encoder.layers.1.mixer.D not found in model
2026-02-14 15:42:02,789 WARNING src.train.config_setup: Shape mismatch for base_model.encoder.layers.1.mixer.in_proj.weight (checkpoint: torch.Size([514, 64]), model: torch.Size([192, 64]))
2026-02-14 15:42:02,790 WARNING src.train.config_setup: base_model.encoder.layers.1.mixer.norm.weight not found in model
2026-02-14 15:42:02,790 WARNING src.train.config_setup: Shape mismatch for base_model.encoder.layers.1.mixer.out_proj.weight (checkpoint: torch.Size([64, 128]), model: torch.Size([64, 64]))
2026-02-14 15:42:02,790 INFO src.train.config_setup: Loaded part: base_model.encoder.layers.1.norm2.weight
2026-02-14 15:42:02,790 INFO src.train.config_setup: Loaded part: base_model.encoder.layers.1.norm2.bias
2026-02-14 15:42:02,790 INFO src.train.config_setup: Loaded part: base_model.encoder.layers.1.mlp.fc1.weight
2026-02-14 15:42:02,790 INFO src.train.config_setup: Loaded part: base_model.encoder.layers.1.mlp.fc2.weight
2026-02-14 15:42:02,790 INFO src.train.config_setup: Loaded part: base_model.encoder.norm_f.weight
2026-02-14 15:42:02,790 INFO src.train.config_setup: Loaded part: base_model.encoder.norm_f.bias
2026-02-14 15:42:02,790 WARNING src.train.config_setup: hypernet_time.weight not found in model
2026-02-14 15:42:02,790 WARNING src.train.config_setup: hypernet_time.bias not found in model
2026-02-14 15:42:02,790 WARNING src.train.config_setup: hypernet_mag.0.weight not found in model
2026-02-14 15:42:02,790 WARNING src.train.config_setup: hypernet_mag.0.bias not found in model
2026-02-14 15:42:02,791 INFO src.train.config_setup: hyperparameters: {'model': 'mixer_tpp', 'num_event_types': 1, 'pad_token_id': 1, 'task_type': 'tpp', 'batch_size': 1, 'accumulation_steps': 1, 'warmup_ratio': 0.1, 'learning_rate': 0.001, 'weight_decay': 0.01, 'scheduler_factor': None, 'scheduler_patience': None, 'scheduler_threshold': None, 'scheduler_min_lr': 1e-06, 'scheduler_type': 'hf_cosine', 'step_lr_step_size_ratio': 0.2, 'step_lr_gamma': 0.8, 'use_amp': False, 'dropout': 0.3, 'd_model': 64, 'mixer_model_config': {'input_dim': 1, 'dropout_prob': 0.1, 'd_model': 64, 'n_layer': 2, 'd_intermediate': 128, 'input_proj_type': 'mlp', 'input_proj_hidden': 128, 'input_proj_activation': 'silu', 'input_proj_dropout': 0.1, 'input_init': 'kaiming_uniform', 'input_init_scale': 1.5, 'attn_layer_idx': [], 'ssm_cfg': {'layer': 'Mamba2Rotary', 'use_conv': False, 'rotary_emb_scale_base': 8192}, 'attn_cfg': {'layer': 'MHATime', 'num_heads': 4, 'rotary_emb_dim': 8, 'rotary_emb_scale_base': 8192, 'causal': True}, 'norm_epsilon': 1e-05, 'rms_norm': False, 'initializer_cfg': {'initializer_range': 0.02}, 'fused_add_norm': False, 'residual_in_fp32': True}, 'num_components': 32, 'dim': 1, 'epochs': 2000, 'save_dir': 'checkpoints/mixer_tpp_20260203-161948', 'cuda_id': '0', 'dataset': 'AZDX', 'seed': 0, 'minibatch_training': False, 'split_by_time': True, 'use_all_data': True, 'time_order': ['train', 'val', 'test'], 'features_input_keys': ['mag'], 'normalize_time_by_token': True, 'time_scale_base_key': 'tau_mean', 'predict_b': True, 'use_ssm_filter': False, 'B_range': [0.0001, 0.01], 'use_b_updater': True, 'use_adaptive_loss_weights': False, 'b_updater_cfg': {'delta': 0.98, 'a0': 50, 'init_b_target': 1}, 'loss_weights': {'time_weight': 1, 'mag_weight': 1, 'b_weight': 0.01, 'b_smooth_weight': 0.0}, 'loss_reduction': 'per_time', 'b_range': [0.2, 2], 'cuda': True, 'tau_mean': 0.13702379167079926, 'tau_min': 0.0010000000474974513, 'tau_max': 6.258999824523926, 'tau_q05': 0.10000000149011612, 'tau_q025': 0.009999999776482582, 'mag_mean': 4.849897384643555, 'time_max': 19885.998046875, 'time_mean': 7313.00341796875, 'mag_completeness': 4.5, 'richter_b_mle': 1.223718462561905, 'precision': 32, 'num_events_train': 136452, 'num_events_val': 0, 'start_epoch': 0, 'best_val_loss': inf}
2026-02-14 15:42:02,791 INFO src.train.config_setup: train_metrics: {'avg_time_nll': -8.176608085632324, 'avg_mag_nll': -0.6273660659790039, 'avg_total_nll': -8.809625625610352, 'avg_b_nll': -0.565148651599884}
2026-02-14 15:42:02,791 INFO src.train.config_setup: val_metrics: {}
2026-02-14 15:42:02,791 INFO src.train.config_setup: Using regression criterion: smooth_l1
2026-02-14 15:42:02,791 INFO src.train.config_setup: Criterion config: {'beta': 0.2}
2026-02-14 15:42:02,792 INFO src.train.config_setup: encoder_param_keywords: ['base_model.encoder.layers.0', 'base_model.encoder.input_proj']
2026-02-14 15:42:02,792 INFO src.train.config_setup: encoder_lr matches: ['base_model.encoder.input_proj.0.weight', 'base_model.encoder.input_proj.0.bias', 'base_model.encoder.input_proj.3.weight', 'base_model.encoder.input_proj.3.bias', 'base_model.encoder.layers.0.norm.weight', 'base_model.encoder.layers.0.norm.bias', 'base_model.encoder.layers.0.mixer.dt_bias', 'base_model.encoder.layers.0.mixer.A_log', 'base_model.encoder.layers.0.mixer.D', 'base_model.encoder.layers.0.mixer.in_proj.weight', 'base_model.encoder.layers.0.mixer.conv1d.weight', 'base_model.encoder.layers.0.mixer.conv1d.bias', 'base_model.encoder.layers.0.mixer.norm.weight', 'base_model.encoder.layers.0.mixer.out_proj.weight', 'base_model.encoder.layers.0.norm2.weight', 'base_model.encoder.layers.0.norm2.bias', 'base_model.encoder.layers.0.mlp.fc1.weight', 'base_model.encoder.layers.0.mlp.fc2.weight']
2026-02-14 15:42:02,792 INFO src.train.trainer: Epoch 1
2026-02-14 15:42:15,832 INFO src.train.trainer: New best validation loss: 0.0892, saved to checkpoints/reg_mixer_attnpl_t_20260214-154159/best_model_1.pth
2026-02-14 15:42:15,836 INFO src.train.trainer: Last model at epoch 1 saved to checkpoints/reg_mixer_attnpl_t_20260214-154159/last_model_1.pth
2026-02-14 15:42:15,836 INFO src.train.trainer: Epoch 2
2026-02-14 15:42:17,679 INFO src.train.trainer: New best validation loss: 0.0587, saved to checkpoints/reg_mixer_attnpl_t_20260214-154159/best_model_1.pth
2026-02-14 15:42:17,686 INFO src.train.trainer: Last model at epoch 2 saved to checkpoints/reg_mixer_attnpl_t_20260214-154159/last_model_1.pth
2026-02-14 15:42:17,686 INFO src.train.trainer: Epoch 3
2026-02-14 15:42:19,533 INFO src.train.trainer: New best validation loss: 0.0420, saved to checkpoints/reg_mixer_attnpl_t_20260214-154159/best_model_1.pth
2026-02-14 15:42:19,540 INFO src.train.trainer: Last model at epoch 3 saved to checkpoints/reg_mixer_attnpl_t_20260214-154159/last_model_1.pth
2026-02-14 15:42:19,540 INFO src.train.trainer: Epoch 4
2026-02-14 15:42:21,353 INFO src.train.trainer: New best validation loss: 0.0406, saved to checkpoints/reg_mixer_attnpl_t_20260214-154159/best_model_1.pth
2026-02-14 15:42:21,358 INFO src.train.trainer: Last model at epoch 4 saved to checkpoints/reg_mixer_attnpl_t_20260214-154159/last_model_1.pth
2026-02-14 15:42:21,358 INFO src.train.trainer: Epoch 5
2026-02-14 15:42:23,197 INFO src.train.trainer: Last model at epoch 5 saved to checkpoints/reg_mixer_attnpl_t_20260214-154159/last_model_1.pth
2026-02-14 15:42:23,197 INFO src.train.trainer: Epoch 6
2026-02-14 15:42:24,971 INFO src.train.trainer: Last model at epoch 6 saved to checkpoints/reg_mixer_attnpl_t_20260214-154159/last_model_1.pth
2026-02-14 15:42:24,971 INFO src.train.trainer: Epoch 7
2026-02-14 15:42:26,659 INFO src.train.trainer: Last model at epoch 7 saved to checkpoints/reg_mixer_attnpl_t_20260214-154159/last_model_1.pth
2026-02-14 15:42:26,659 INFO src.train.trainer: Epoch 8
2026-02-14 15:42:28,322 INFO src.train.trainer: Last model at epoch 8 saved to checkpoints/reg_mixer_attnpl_t_20260214-154159/last_model_1.pth
2026-02-14 15:42:28,322 INFO src.train.trainer: Epoch 9
2026-02-14 15:42:30,036 INFO src.train.trainer: Last model at epoch 9 saved to checkpoints/reg_mixer_attnpl_t_20260214-154159/last_model_1.pth
2026-02-14 15:42:30,036 INFO src.train.trainer: Epoch 10
2026-02-14 15:42:31,780 INFO src.train.trainer: Last model at epoch 10 saved to checkpoints/reg_mixer_attnpl_t_20260214-154159/last_model_1.pth
2026-02-14 15:42:31,780 INFO src.train.trainer: Epoch 11
2026-02-14 15:42:33,482 INFO src.train.trainer: Last model at epoch 11 saved to checkpoints/reg_mixer_attnpl_t_20260214-154159/last_model_1.pth
2026-02-14 15:42:33,482 INFO src.train.trainer: Epoch 12
2026-02-14 15:42:35,181 INFO src.train.trainer: Last model at epoch 12 saved to checkpoints/reg_mixer_attnpl_t_20260214-154159/last_model_1.pth
2026-02-14 15:42:35,181 INFO src.train.trainer: Epoch 13
2026-02-14 15:42:36,921 INFO src.train.trainer: Last model at epoch 13 saved to checkpoints/reg_mixer_attnpl_t_20260214-154159/last_model_1.pth
2026-02-14 15:42:36,921 INFO src.train.trainer: Epoch 14
2026-02-14 15:42:38,688 INFO src.train.trainer: Last model at epoch 14 saved to checkpoints/reg_mixer_attnpl_t_20260214-154159/last_model_1.pth
2026-02-14 15:42:38,689 INFO src.train.trainer: Epoch 15
2026-02-14 15:42:40,379 INFO src.train.trainer: Last model at epoch 15 saved to checkpoints/reg_mixer_attnpl_t_20260214-154159/last_model_1.pth
2026-02-14 15:42:40,379 INFO src.train.trainer: Epoch 16
2026-02-14 15:42:42,162 INFO src.train.trainer: Last model at epoch 16 saved to checkpoints/reg_mixer_attnpl_t_20260214-154159/last_model_1.pth
2026-02-14 15:42:42,162 INFO src.train.trainer: Epoch 17
2026-02-14 15:42:43,809 INFO src.train.trainer: New best validation loss: 0.0402, saved to checkpoints/reg_mixer_attnpl_t_20260214-154159/best_model_1.pth
2026-02-14 15:42:43,814 INFO src.train.trainer: Last model at epoch 17 saved to checkpoints/reg_mixer_attnpl_t_20260214-154159/last_model_1.pth
2026-02-14 15:42:43,814 INFO src.train.trainer: Epoch 18
2026-02-14 15:42:45,543 INFO src.train.trainer: Last model at epoch 18 saved to checkpoints/reg_mixer_attnpl_t_20260214-154159/last_model_1.pth
2026-02-14 15:42:45,543 INFO src.train.trainer: Epoch 19
2026-02-14 15:42:47,281 INFO src.train.trainer: Last model at epoch 19 saved to checkpoints/reg_mixer_attnpl_t_20260214-154159/last_model_1.pth
2026-02-14 15:42:47,281 INFO src.train.trainer: Epoch 20
2026-02-14 15:42:49,099 INFO src.train.trainer: Last model at epoch 20 saved to checkpoints/reg_mixer_attnpl_t_20260214-154159/last_model_1.pth
2026-02-14 15:42:49,099 INFO src.train.trainer: Epoch 21
2026-02-14 15:42:50,828 INFO src.train.trainer: Last model at epoch 21 saved to checkpoints/reg_mixer_attnpl_t_20260214-154159/last_model_1.pth
2026-02-14 15:42:50,828 INFO src.train.trainer: Epoch 22
2026-02-14 15:42:52,478 INFO src.train.trainer: New best validation loss: 0.0398, saved to checkpoints/reg_mixer_attnpl_t_20260214-154159/best_model_1.pth
2026-02-14 15:42:52,485 INFO src.train.trainer: Last model at epoch 22 saved to checkpoints/reg_mixer_attnpl_t_20260214-154159/last_model_1.pth
2026-02-14 15:42:52,485 INFO src.train.trainer: Epoch 23
2026-02-14 15:42:54,190 INFO src.train.trainer: New best validation loss: 0.0393, saved to checkpoints/reg_mixer_attnpl_t_20260214-154159/best_model_1.pth
2026-02-14 15:42:54,194 INFO src.train.trainer: Last model at epoch 23 saved to checkpoints/reg_mixer_attnpl_t_20260214-154159/last_model_1.pth
2026-02-14 15:42:54,195 INFO src.train.trainer: Epoch 24
2026-02-14 15:42:55,883 INFO src.train.trainer: New best validation loss: 0.0345, saved to checkpoints/reg_mixer_attnpl_t_20260214-154159/best_model_1.pth
2026-02-14 15:42:55,891 INFO src.train.trainer: Last model at epoch 24 saved to checkpoints/reg_mixer_attnpl_t_20260214-154159/last_model_1.pth
2026-02-14 15:42:55,891 INFO src.train.trainer: Epoch 25
2026-02-14 15:42:57,611 INFO src.train.trainer: Last model at epoch 25 saved to checkpoints/reg_mixer_attnpl_t_20260214-154159/last_model_1.pth
2026-02-14 15:42:57,611 INFO src.train.trainer: Epoch 26
2026-02-14 15:42:59,292 INFO src.train.trainer: New best validation loss: 0.0342, saved to checkpoints/reg_mixer_attnpl_t_20260214-154159/best_model_1.pth
2026-02-14 15:42:59,296 INFO src.train.trainer: Last model at epoch 26 saved to checkpoints/reg_mixer_attnpl_t_20260214-154159/last_model_1.pth
2026-02-14 15:42:59,296 INFO src.train.trainer: Epoch 27
2026-02-14 15:43:01,053 INFO src.train.trainer: Last model at epoch 27 saved to checkpoints/reg_mixer_attnpl_t_20260214-154159/last_model_1.pth
2026-02-14 15:43:01,054 INFO src.train.trainer: Epoch 28
2026-02-14 15:43:02,754 INFO src.train.trainer: Last model at epoch 28 saved to checkpoints/reg_mixer_attnpl_t_20260214-154159/last_model_1.pth
2026-02-14 15:43:02,754 INFO src.train.trainer: Epoch 29
2026-02-14 15:43:04,492 INFO src.train.trainer: Last model at epoch 29 saved to checkpoints/reg_mixer_attnpl_t_20260214-154159/last_model_1.pth
2026-02-14 15:43:04,492 INFO src.train.trainer: Epoch 30
2026-02-14 15:43:06,173 INFO src.train.trainer: Last model at epoch 30 saved to checkpoints/reg_mixer_attnpl_t_20260214-154159/last_model_1.pth
2026-02-14 15:43:06,173 INFO src.train.trainer: Epoch 31
2026-02-14 15:43:07,895 INFO src.train.trainer: Last model at epoch 31 saved to checkpoints/reg_mixer_attnpl_t_20260214-154159/last_model_1.pth
2026-02-14 15:43:07,895 INFO src.train.trainer: Epoch 32
2026-02-14 15:43:09,730 INFO src.train.trainer: Last model at epoch 32 saved to checkpoints/reg_mixer_attnpl_t_20260214-154159/last_model_1.pth
2026-02-14 15:43:09,730 INFO src.train.trainer: Epoch 33
2026-02-14 15:43:11,425 INFO src.train.trainer: Last model at epoch 33 saved to checkpoints/reg_mixer_attnpl_t_20260214-154159/last_model_1.pth
2026-02-14 15:43:11,425 INFO src.train.trainer: Epoch 34
2026-02-14 15:43:13,156 INFO src.train.trainer: Last model at epoch 34 saved to checkpoints/reg_mixer_attnpl_t_20260214-154159/last_model_1.pth
2026-02-14 15:43:13,156 INFO src.train.trainer: Epoch 35
2026-02-14 15:43:14,982 INFO src.train.trainer: Last model at epoch 35 saved to checkpoints/reg_mixer_attnpl_t_20260214-154159/last_model_1.pth
2026-02-14 15:43:14,982 INFO src.train.trainer: Epoch 36
2026-02-14 15:43:16,810 INFO src.train.trainer: Last model at epoch 36 saved to checkpoints/reg_mixer_attnpl_t_20260214-154159/last_model_1.pth
2026-02-14 15:43:16,810 INFO src.train.trainer: Epoch 37
2026-02-14 15:43:18,695 INFO src.train.trainer: Last model at epoch 37 saved to checkpoints/reg_mixer_attnpl_t_20260214-154159/last_model_1.pth
2026-02-14 15:43:18,695 INFO src.train.trainer: Epoch 38
2026-02-14 15:43:20,429 INFO src.train.trainer: Last model at epoch 38 saved to checkpoints/reg_mixer_attnpl_t_20260214-154159/last_model_1.pth
2026-02-14 15:43:20,429 INFO src.train.trainer: Epoch 39
2026-02-14 15:43:22,461 INFO src.train.trainer: Last model at epoch 39 saved to checkpoints/reg_mixer_attnpl_t_20260214-154159/last_model_1.pth
2026-02-14 15:43:22,462 INFO src.train.trainer: Epoch 40
2026-02-14 15:43:24,267 INFO src.train.trainer: Last model at epoch 40 saved to checkpoints/reg_mixer_attnpl_t_20260214-154159/last_model_1.pth
2026-02-14 15:43:24,267 INFO src.train.trainer: Epoch 41
2026-02-14 15:43:26,000 INFO src.train.trainer: Last model at epoch 41 saved to checkpoints/reg_mixer_attnpl_t_20260214-154159/last_model_1.pth
2026-02-14 15:43:26,000 INFO src.train.trainer: Epoch 42
2026-02-14 15:43:27,769 INFO src.train.trainer: Last model at epoch 42 saved to checkpoints/reg_mixer_attnpl_t_20260214-154159/last_model_1.pth
2026-02-14 15:43:27,769 INFO src.train.trainer: Epoch 43
2026-02-14 15:43:29,502 INFO src.train.trainer: Last model at epoch 43 saved to checkpoints/reg_mixer_attnpl_t_20260214-154159/last_model_1.pth
2026-02-14 15:43:29,502 INFO src.train.trainer: Epoch 44
2026-02-14 15:43:31,276 INFO src.train.trainer: Last model at epoch 44 saved to checkpoints/reg_mixer_attnpl_t_20260214-154159/last_model_1.pth
2026-02-14 15:43:31,276 INFO src.train.trainer: Epoch 45
2026-02-14 15:43:33,060 INFO src.train.trainer: Last model at epoch 45 saved to checkpoints/reg_mixer_attnpl_t_20260214-154159/last_model_1.pth
2026-02-14 15:43:33,060 INFO src.train.trainer: Epoch 46
2026-02-14 15:43:34,793 INFO src.train.trainer: Last model at epoch 46 saved to checkpoints/reg_mixer_attnpl_t_20260214-154159/last_model_1.pth
2026-02-14 15:43:34,793 INFO src.train.trainer: Epoch 47
2026-02-14 15:43:36,488 INFO src.train.trainer: Last model at epoch 47 saved to checkpoints/reg_mixer_attnpl_t_20260214-154159/last_model_1.pth
2026-02-14 15:43:36,488 INFO src.train.trainer: Epoch 48
2026-02-14 15:43:38,222 INFO src.train.trainer: Last model at epoch 48 saved to checkpoints/reg_mixer_attnpl_t_20260214-154159/last_model_1.pth
2026-02-14 15:43:38,222 INFO src.train.trainer: Epoch 49
2026-02-14 15:43:39,900 INFO src.train.trainer: Last model at epoch 49 saved to checkpoints/reg_mixer_attnpl_t_20260214-154159/last_model_1.pth
2026-02-14 15:43:39,900 INFO src.train.trainer: Epoch 50
2026-02-14 15:43:41,655 INFO src.train.trainer: Last model at epoch 50 saved to checkpoints/reg_mixer_attnpl_t_20260214-154159/last_model_1.pth
2026-02-14 15:43:41,655 INFO src.train.trainer: Epoch 51
2026-02-14 15:43:43,391 INFO src.train.trainer: Last model at epoch 51 saved to checkpoints/reg_mixer_attnpl_t_20260214-154159/last_model_1.pth
2026-02-14 15:43:43,391 INFO src.train.trainer: Epoch 52
2026-02-14 15:43:45,093 INFO src.train.trainer: Last model at epoch 52 saved to checkpoints/reg_mixer_attnpl_t_20260214-154159/last_model_1.pth
2026-02-14 15:43:45,093 INFO src.train.trainer: Epoch 53
2026-02-14 15:43:46,825 INFO src.train.trainer: Last model at epoch 53 saved to checkpoints/reg_mixer_attnpl_t_20260214-154159/last_model_1.pth
2026-02-14 15:43:46,826 INFO src.train.trainer: Epoch 54
2026-02-14 15:43:48,569 INFO src.train.trainer: Last model at epoch 54 saved to checkpoints/reg_mixer_attnpl_t_20260214-154159/last_model_1.pth
2026-02-14 15:43:48,569 INFO src.train.trainer: Epoch 55
2026-02-14 15:43:50,293 INFO src.train.trainer: Last model at epoch 55 saved to checkpoints/reg_mixer_attnpl_t_20260214-154159/last_model_1.pth
2026-02-14 15:43:50,293 INFO src.train.trainer: Epoch 56
2026-02-14 15:43:51,995 INFO src.train.trainer: Last model at epoch 56 saved to checkpoints/reg_mixer_attnpl_t_20260214-154159/last_model_1.pth
2026-02-14 15:43:51,995 INFO src.train.trainer: Epoch 57
2026-02-14 15:43:53,723 INFO src.train.trainer: Last model at epoch 57 saved to checkpoints/reg_mixer_attnpl_t_20260214-154159/last_model_1.pth
2026-02-14 15:43:53,723 INFO src.train.trainer: Epoch 58
2026-02-14 15:43:55,409 INFO src.train.trainer: Last model at epoch 58 saved to checkpoints/reg_mixer_attnpl_t_20260214-154159/last_model_1.pth
2026-02-14 15:43:55,409 INFO src.train.trainer: Epoch 59
2026-02-14 15:43:57,152 INFO src.train.trainer: Last model at epoch 59 saved to checkpoints/reg_mixer_attnpl_t_20260214-154159/last_model_1.pth
2026-02-14 15:43:57,152 INFO src.train.trainer: Epoch 60
2026-02-14 15:43:58,871 INFO src.train.trainer: Last model at epoch 60 saved to checkpoints/reg_mixer_attnpl_t_20260214-154159/last_model_1.pth
2026-02-14 15:43:58,874 INFO src.train.trainer: Saved epoch 60 snapshot to checkpoints/reg_mixer_attnpl_t_20260214-154159/epoch_60_model_1.pth
2026-02-14 15:43:58,874 INFO src.train.trainer: Epoch 61
2026-02-14 15:44:00,561 INFO src.train.trainer: Last model at epoch 61 saved to checkpoints/reg_mixer_attnpl_t_20260214-154159/last_model_1.pth
2026-02-14 15:44:00,562 INFO src.train.trainer: Epoch 62
2026-02-14 15:44:02,270 INFO src.train.trainer: Last model at epoch 62 saved to checkpoints/reg_mixer_attnpl_t_20260214-154159/last_model_1.pth
2026-02-14 15:44:02,271 INFO src.train.trainer: Epoch 63
2026-02-14 15:44:03,932 INFO src.train.trainer: Last model at epoch 63 saved to checkpoints/reg_mixer_attnpl_t_20260214-154159/last_model_1.pth
2026-02-14 15:44:03,932 INFO src.train.trainer: Epoch 64
2026-02-14 15:44:05,626 INFO src.train.trainer: Last model at epoch 64 saved to checkpoints/reg_mixer_attnpl_t_20260214-154159/last_model_1.pth
2026-02-14 15:44:05,626 INFO src.train.trainer: Epoch 65
2026-02-14 15:44:07,308 INFO src.train.trainer: Last model at epoch 65 saved to checkpoints/reg_mixer_attnpl_t_20260214-154159/last_model_1.pth
2026-02-14 15:44:07,308 INFO src.train.trainer: Epoch 66
2026-02-14 15:44:09,057 INFO src.train.trainer: Last model at epoch 66 saved to checkpoints/reg_mixer_attnpl_t_20260214-154159/last_model_1.pth
2026-02-14 15:44:09,058 INFO src.train.trainer: Epoch 67
2026-02-14 15:44:10,771 INFO src.train.trainer: Last model at epoch 67 saved to checkpoints/reg_mixer_attnpl_t_20260214-154159/last_model_1.pth
2026-02-14 15:44:10,771 INFO src.train.trainer: Epoch 68
2026-02-14 15:44:12,574 INFO src.train.trainer: Last model at epoch 68 saved to checkpoints/reg_mixer_attnpl_t_20260214-154159/last_model_1.pth
2026-02-14 15:44:12,574 INFO src.train.trainer: Epoch 69
2026-02-14 15:44:14,464 INFO src.train.trainer: Last model at epoch 69 saved to checkpoints/reg_mixer_attnpl_t_20260214-154159/last_model_1.pth
2026-02-14 15:44:14,464 INFO src.train.trainer: Epoch 70
2026-02-14 15:44:16,256 INFO src.train.trainer: Last model at epoch 70 saved to checkpoints/reg_mixer_attnpl_t_20260214-154159/last_model_1.pth
2026-02-14 15:44:16,256 INFO src.train.trainer: Epoch 71
2026-02-14 15:44:18,059 INFO src.train.trainer: Last model at epoch 71 saved to checkpoints/reg_mixer_attnpl_t_20260214-154159/last_model_1.pth
2026-02-14 15:44:18,059 INFO src.train.trainer: Epoch 72
2026-02-14 15:44:19,899 INFO src.train.trainer: Last model at epoch 72 saved to checkpoints/reg_mixer_attnpl_t_20260214-154159/last_model_1.pth
2026-02-14 15:44:19,901 INFO src.train.trainer: Epoch 73
2026-02-14 15:44:21,835 INFO src.train.trainer: Last model at epoch 73 saved to checkpoints/reg_mixer_attnpl_t_20260214-154159/last_model_1.pth
2026-02-14 15:44:21,835 INFO src.train.trainer: Epoch 74
2026-02-14 15:44:23,790 INFO src.train.trainer: Last model at epoch 74 saved to checkpoints/reg_mixer_attnpl_t_20260214-154159/last_model_1.pth
2026-02-14 15:44:23,791 INFO src.train.trainer: Epoch 75
2026-02-14 15:44:25,701 INFO src.train.trainer: Last model at epoch 75 saved to checkpoints/reg_mixer_attnpl_t_20260214-154159/last_model_1.pth
2026-02-14 15:44:25,701 INFO src.train.trainer: Epoch 76
2026-02-14 15:44:27,570 INFO src.train.trainer: Last model at epoch 76 saved to checkpoints/reg_mixer_attnpl_t_20260214-154159/last_model_1.pth
2026-02-14 15:44:27,570 INFO src.train.trainer: Epoch 77
2026-02-14 15:44:29,512 INFO src.train.trainer: Last model at epoch 77 saved to checkpoints/reg_mixer_attnpl_t_20260214-154159/last_model_1.pth
2026-02-14 15:44:29,513 INFO src.train.trainer: Epoch 78
2026-02-14 15:44:31,349 INFO src.train.trainer: Last model at epoch 78 saved to checkpoints/reg_mixer_attnpl_t_20260214-154159/last_model_1.pth
2026-02-14 15:44:31,349 INFO src.train.trainer: Epoch 79
2026-02-14 15:44:33,180 INFO src.train.trainer: Last model at epoch 79 saved to checkpoints/reg_mixer_attnpl_t_20260214-154159/last_model_1.pth
2026-02-14 15:44:33,180 INFO src.train.trainer: Epoch 80
2026-02-14 15:44:35,034 INFO src.train.trainer: Last model at epoch 80 saved to checkpoints/reg_mixer_attnpl_t_20260214-154159/last_model_1.pth
2026-02-14 15:44:35,038 INFO src.train.trainer: Saved epoch 80 snapshot to checkpoints/reg_mixer_attnpl_t_20260214-154159/epoch_80_model_1.pth
2026-02-14 15:44:35,038 INFO src.train.trainer: Epoch 81
2026-02-14 15:44:36,858 INFO src.train.trainer: Last model at epoch 81 saved to checkpoints/reg_mixer_attnpl_t_20260214-154159/last_model_1.pth
2026-02-14 15:44:36,858 INFO src.train.trainer: Epoch 82
2026-02-14 15:44:38,623 INFO src.train.trainer: Last model at epoch 82 saved to checkpoints/reg_mixer_attnpl_t_20260214-154159/last_model_1.pth
2026-02-14 15:44:38,623 INFO src.train.trainer: Epoch 83
2026-02-14 15:44:40,490 INFO src.train.trainer: Last model at epoch 83 saved to checkpoints/reg_mixer_attnpl_t_20260214-154159/last_model_1.pth
2026-02-14 15:44:40,490 INFO src.train.trainer: Epoch 84
2026-02-14 15:44:42,322 INFO src.train.trainer: Last model at epoch 84 saved to checkpoints/reg_mixer_attnpl_t_20260214-154159/last_model_1.pth
2026-02-14 15:44:42,322 INFO src.train.trainer: Epoch 85
2026-02-14 15:44:44,138 INFO src.train.trainer: Last model at epoch 85 saved to checkpoints/reg_mixer_attnpl_t_20260214-154159/last_model_1.pth
2026-02-14 15:44:44,138 INFO src.train.trainer: Epoch 86
2026-02-14 15:44:45,982 INFO src.train.trainer: Last model at epoch 86 saved to checkpoints/reg_mixer_attnpl_t_20260214-154159/last_model_1.pth
2026-02-14 15:44:45,982 INFO src.train.trainer: Epoch 87
2026-02-14 15:44:47,863 INFO src.train.trainer: Last model at epoch 87 saved to checkpoints/reg_mixer_attnpl_t_20260214-154159/last_model_1.pth
2026-02-14 15:44:47,863 INFO src.train.trainer: Epoch 88
2026-02-14 15:44:49,697 INFO src.train.trainer: Last model at epoch 88 saved to checkpoints/reg_mixer_attnpl_t_20260214-154159/last_model_1.pth
2026-02-14 15:44:49,697 INFO src.train.trainer: Epoch 89
2026-02-14 15:44:51,444 INFO src.train.trainer: Last model at epoch 89 saved to checkpoints/reg_mixer_attnpl_t_20260214-154159/last_model_1.pth
2026-02-14 15:44:51,444 INFO src.train.trainer: Epoch 90
2026-02-14 15:44:53,147 INFO src.train.trainer: Last model at epoch 90 saved to checkpoints/reg_mixer_attnpl_t_20260214-154159/last_model_1.pth
2026-02-14 15:44:53,147 INFO src.train.trainer: Epoch 91
2026-02-14 15:44:54,841 INFO src.train.trainer: Last model at epoch 91 saved to checkpoints/reg_mixer_attnpl_t_20260214-154159/last_model_1.pth
2026-02-14 15:44:54,842 INFO src.train.trainer: Epoch 92
2026-02-14 15:44:56,550 INFO src.train.trainer: Last model at epoch 92 saved to checkpoints/reg_mixer_attnpl_t_20260214-154159/last_model_1.pth
2026-02-14 15:44:56,550 INFO src.train.trainer: Epoch 93
2026-02-14 15:44:58,213 INFO src.train.trainer: Last model at epoch 93 saved to checkpoints/reg_mixer_attnpl_t_20260214-154159/last_model_1.pth
2026-02-14 15:44:58,214 INFO src.train.trainer: Epoch 94
2026-02-14 15:44:59,892 INFO src.train.trainer: Last model at epoch 94 saved to checkpoints/reg_mixer_attnpl_t_20260214-154159/last_model_1.pth
2026-02-14 15:44:59,892 INFO src.train.trainer: Epoch 95
2026-02-14 15:45:01,595 INFO src.train.trainer: Last model at epoch 95 saved to checkpoints/reg_mixer_attnpl_t_20260214-154159/last_model_1.pth
2026-02-14 15:45:01,595 INFO src.train.trainer: Epoch 96
2026-02-14 15:45:03,385 INFO src.train.trainer: Last model at epoch 96 saved to checkpoints/reg_mixer_attnpl_t_20260214-154159/last_model_1.pth
2026-02-14 15:45:03,385 INFO src.train.trainer: Epoch 97
2026-02-14 15:45:05,082 INFO src.train.trainer: Last model at epoch 97 saved to checkpoints/reg_mixer_attnpl_t_20260214-154159/last_model_1.pth
2026-02-14 15:45:05,082 INFO src.train.trainer: Epoch 98
2026-02-14 15:45:06,779 INFO src.train.trainer: Last model at epoch 98 saved to checkpoints/reg_mixer_attnpl_t_20260214-154159/last_model_1.pth
2026-02-14 15:45:06,779 INFO src.train.trainer: Epoch 99
2026-02-14 15:45:08,495 INFO src.train.trainer: Last model at epoch 99 saved to checkpoints/reg_mixer_attnpl_t_20260214-154159/last_model_1.pth
2026-02-14 15:45:08,495 INFO src.train.trainer: Epoch 100
2026-02-14 15:45:10,194 INFO src.train.trainer: Last model at epoch 100 saved to checkpoints/reg_mixer_attnpl_t_20260214-154159/last_model_1.pth
2026-02-14 15:45:10,199 INFO src.train.trainer: Saved epoch 100 snapshot to checkpoints/reg_mixer_attnpl_t_20260214-154159/epoch_100_model_1.pth
2026-02-14 15:45:10,199 INFO src.train.trainer: Epoch 101
2026-02-14 15:45:11,934 INFO src.train.trainer: Last model at epoch 101 saved to checkpoints/reg_mixer_attnpl_t_20260214-154159/last_model_1.pth
2026-02-14 15:45:11,934 INFO src.train.trainer: Epoch 102
2026-02-14 15:45:13,708 INFO src.train.trainer: Last model at epoch 102 saved to checkpoints/reg_mixer_attnpl_t_20260214-154159/last_model_1.pth
2026-02-14 15:45:13,709 INFO src.train.trainer: Epoch 103
2026-02-14 15:45:15,363 INFO src.train.trainer: Last model at epoch 103 saved to checkpoints/reg_mixer_attnpl_t_20260214-154159/last_model_1.pth
2026-02-14 15:45:15,363 INFO src.train.trainer: Epoch 104
2026-02-14 15:45:17,073 INFO src.train.trainer: Last model at epoch 104 saved to checkpoints/reg_mixer_attnpl_t_20260214-154159/last_model_1.pth
2026-02-14 15:45:17,073 INFO src.train.trainer: Epoch 105
2026-02-14 15:45:18,788 INFO src.train.trainer: Last model at epoch 105 saved to checkpoints/reg_mixer_attnpl_t_20260214-154159/last_model_1.pth
2026-02-14 15:45:18,789 INFO src.train.trainer: Epoch 106
2026-02-14 15:45:20,495 INFO src.train.trainer: Last model at epoch 106 saved to checkpoints/reg_mixer_attnpl_t_20260214-154159/last_model_1.pth
2026-02-14 15:45:20,495 INFO src.train.trainer: Epoch 107
2026-02-14 15:45:22,161 INFO src.train.trainer: Last model at epoch 107 saved to checkpoints/reg_mixer_attnpl_t_20260214-154159/last_model_1.pth
2026-02-14 15:45:22,161 INFO src.train.trainer: Epoch 108
2026-02-14 15:45:23,801 INFO src.train.trainer: Last model at epoch 108 saved to checkpoints/reg_mixer_attnpl_t_20260214-154159/last_model_1.pth
2026-02-14 15:45:23,802 INFO src.train.trainer: Epoch 109
2026-02-14 15:45:25,562 INFO src.train.trainer: Last model at epoch 109 saved to checkpoints/reg_mixer_attnpl_t_20260214-154159/last_model_1.pth
2026-02-14 15:45:25,562 INFO src.train.trainer: Epoch 110
2026-02-14 15:45:27,309 INFO src.train.trainer: Last model at epoch 110 saved to checkpoints/reg_mixer_attnpl_t_20260214-154159/last_model_1.pth
2026-02-14 15:45:27,309 INFO src.train.trainer: Epoch 111
2026-02-14 15:45:29,182 INFO src.train.trainer: Last model at epoch 111 saved to checkpoints/reg_mixer_attnpl_t_20260214-154159/last_model_1.pth
2026-02-14 15:45:29,182 INFO src.train.trainer: Epoch 112
2026-02-14 15:45:31,080 INFO src.train.trainer: Last model at epoch 112 saved to checkpoints/reg_mixer_attnpl_t_20260214-154159/last_model_1.pth
2026-02-14 15:45:31,080 INFO src.train.trainer: Epoch 113
2026-02-14 15:45:32,867 INFO src.train.trainer: Last model at epoch 113 saved to checkpoints/reg_mixer_attnpl_t_20260214-154159/last_model_1.pth
2026-02-14 15:45:32,867 INFO src.train.trainer: Epoch 114
2026-02-14 15:45:34,691 INFO src.train.trainer: Last model at epoch 114 saved to checkpoints/reg_mixer_attnpl_t_20260214-154159/last_model_1.pth
2026-02-14 15:45:34,692 INFO src.train.trainer: Epoch 115
2026-02-14 15:45:36,487 INFO src.train.trainer: Last model at epoch 115 saved to checkpoints/reg_mixer_attnpl_t_20260214-154159/last_model_1.pth
2026-02-14 15:45:36,487 INFO src.train.trainer: Epoch 116
2026-02-14 15:45:38,207 INFO src.train.trainer: Last model at epoch 116 saved to checkpoints/reg_mixer_attnpl_t_20260214-154159/last_model_1.pth
2026-02-14 15:45:38,208 INFO src.train.trainer: Epoch 117
2026-02-14 15:45:39,903 INFO src.train.trainer: Last model at epoch 117 saved to checkpoints/reg_mixer_attnpl_t_20260214-154159/last_model_1.pth
2026-02-14 15:45:39,903 INFO src.train.trainer: Epoch 118
2026-02-14 15:45:41,602 INFO src.train.trainer: Last model at epoch 118 saved to checkpoints/reg_mixer_attnpl_t_20260214-154159/last_model_1.pth
2026-02-14 15:45:41,602 INFO src.train.trainer: Epoch 119
2026-02-14 15:45:43,293 INFO src.train.trainer: Last model at epoch 119 saved to checkpoints/reg_mixer_attnpl_t_20260214-154159/last_model_1.pth
2026-02-14 15:45:43,294 INFO src.train.trainer: Epoch 120
2026-02-14 15:45:44,990 INFO src.train.trainer: Last model at epoch 120 saved to checkpoints/reg_mixer_attnpl_t_20260214-154159/last_model_1.pth
2026-02-14 15:45:44,993 INFO src.train.trainer: Saved epoch 120 snapshot to checkpoints/reg_mixer_attnpl_t_20260214-154159/epoch_120_model_1.pth
2026-02-14 15:45:44,994 INFO src.train.trainer: Epoch 121
2026-02-14 15:45:46,681 INFO src.train.trainer: Last model at epoch 121 saved to checkpoints/reg_mixer_attnpl_t_20260214-154159/last_model_1.pth
2026-02-14 15:45:46,681 INFO src.train.trainer: Epoch 122
2026-02-14 15:45:48,405 INFO src.train.trainer: Last model at epoch 122 saved to checkpoints/reg_mixer_attnpl_t_20260214-154159/last_model_1.pth
2026-02-14 15:45:48,405 INFO src.train.trainer: Epoch 123
2026-02-14 15:45:50,132 INFO src.train.trainer: Last model at epoch 123 saved to checkpoints/reg_mixer_attnpl_t_20260214-154159/last_model_1.pth
2026-02-14 15:45:50,133 INFO src.train.trainer: Epoch 124
2026-02-14 15:45:51,877 INFO src.train.trainer: Last model at epoch 124 saved to checkpoints/reg_mixer_attnpl_t_20260214-154159/last_model_1.pth
2026-02-14 15:45:51,877 INFO src.train.trainer: Epoch 125
2026-02-14 15:45:53,612 INFO src.train.trainer: Last model at epoch 125 saved to checkpoints/reg_mixer_attnpl_t_20260214-154159/last_model_1.pth
2026-02-14 15:45:53,612 INFO src.train.trainer: Epoch 126
2026-02-14 15:45:55,337 INFO src.train.trainer: Last model at epoch 126 saved to checkpoints/reg_mixer_attnpl_t_20260214-154159/last_model_1.pth
2026-02-14 15:45:55,337 INFO src.train.trainer: Epoch 127
2026-02-14 15:45:57,066 INFO src.train.trainer: Last model at epoch 127 saved to checkpoints/reg_mixer_attnpl_t_20260214-154159/last_model_1.pth
2026-02-14 15:45:57,066 INFO src.train.trainer: Epoch 128
2026-02-14 15:45:58,818 INFO src.train.trainer: Last model at epoch 128 saved to checkpoints/reg_mixer_attnpl_t_20260214-154159/last_model_1.pth
2026-02-14 15:45:58,818 INFO src.train.trainer: Epoch 129
2026-02-14 15:46:00,520 INFO src.train.trainer: Last model at epoch 129 saved to checkpoints/reg_mixer_attnpl_t_20260214-154159/last_model_1.pth
2026-02-14 15:46:00,520 INFO src.train.trainer: Epoch 130
2026-02-14 15:46:02,228 INFO src.train.trainer: Last model at epoch 130 saved to checkpoints/reg_mixer_attnpl_t_20260214-154159/last_model_1.pth
2026-02-14 15:46:02,228 INFO src.train.trainer: Epoch 131
2026-02-14 15:46:03,908 INFO src.train.trainer: Last model at epoch 131 saved to checkpoints/reg_mixer_attnpl_t_20260214-154159/last_model_1.pth
2026-02-14 15:46:03,909 INFO src.train.trainer: Epoch 132
2026-02-14 15:46:05,626 INFO src.train.trainer: Last model at epoch 132 saved to checkpoints/reg_mixer_attnpl_t_20260214-154159/last_model_1.pth
2026-02-14 15:46:05,626 INFO src.train.trainer: Epoch 133
2026-02-14 15:46:07,310 INFO src.train.trainer: Last model at epoch 133 saved to checkpoints/reg_mixer_attnpl_t_20260214-154159/last_model_1.pth
2026-02-14 15:46:07,310 INFO src.train.trainer: Epoch 134
2026-02-14 15:46:09,139 INFO src.train.trainer: Last model at epoch 134 saved to checkpoints/reg_mixer_attnpl_t_20260214-154159/last_model_1.pth
2026-02-14 15:46:09,139 INFO src.train.trainer: Epoch 135
2026-02-14 15:46:10,879 INFO src.train.trainer: Last model at epoch 135 saved to checkpoints/reg_mixer_attnpl_t_20260214-154159/last_model_1.pth
2026-02-14 15:46:10,879 INFO src.train.trainer: Epoch 136
2026-02-14 15:46:12,610 INFO src.train.trainer: Last model at epoch 136 saved to checkpoints/reg_mixer_attnpl_t_20260214-154159/last_model_1.pth
2026-02-14 15:46:12,610 INFO src.train.trainer: Epoch 137
2026-02-14 15:46:14,318 INFO src.train.trainer: Last model at epoch 137 saved to checkpoints/reg_mixer_attnpl_t_20260214-154159/last_model_1.pth
2026-02-14 15:46:14,319 INFO src.train.trainer: Epoch 138
2026-02-14 15:46:16,045 INFO src.train.trainer: Last model at epoch 138 saved to checkpoints/reg_mixer_attnpl_t_20260214-154159/last_model_1.pth
2026-02-14 15:46:16,045 INFO src.train.trainer: Epoch 139
2026-02-14 15:46:17,774 INFO src.train.trainer: Last model at epoch 139 saved to checkpoints/reg_mixer_attnpl_t_20260214-154159/last_model_1.pth
2026-02-14 15:46:17,774 INFO src.train.trainer: Epoch 140
2026-02-14 15:46:19,546 INFO src.train.trainer: Last model at epoch 140 saved to checkpoints/reg_mixer_attnpl_t_20260214-154159/last_model_1.pth
2026-02-14 15:46:19,551 INFO src.train.trainer: Saved epoch 140 snapshot to checkpoints/reg_mixer_attnpl_t_20260214-154159/epoch_140_model_1.pth
2026-02-14 15:46:19,551 INFO src.train.trainer: Epoch 141
2026-02-14 15:46:21,313 INFO src.train.trainer: Last model at epoch 141 saved to checkpoints/reg_mixer_attnpl_t_20260214-154159/last_model_1.pth
2026-02-14 15:46:21,313 INFO src.train.trainer: Epoch 142
2026-02-14 15:46:22,987 INFO src.train.trainer: Last model at epoch 142 saved to checkpoints/reg_mixer_attnpl_t_20260214-154159/last_model_1.pth
2026-02-14 15:46:22,987 INFO src.train.trainer: Epoch 143
2026-02-14 15:46:24,733 INFO src.train.trainer: Last model at epoch 143 saved to checkpoints/reg_mixer_attnpl_t_20260214-154159/last_model_1.pth
2026-02-14 15:46:24,734 INFO src.train.trainer: Epoch 144
2026-02-14 15:46:26,416 INFO src.train.trainer: Last model at epoch 144 saved to checkpoints/reg_mixer_attnpl_t_20260214-154159/last_model_1.pth
2026-02-14 15:46:26,416 INFO src.train.trainer: Epoch 145
2026-02-14 15:46:28,118 INFO src.train.trainer: Last model at epoch 145 saved to checkpoints/reg_mixer_attnpl_t_20260214-154159/last_model_1.pth
2026-02-14 15:46:28,118 INFO src.train.trainer: Epoch 146
2026-02-14 15:46:29,862 INFO src.train.trainer: Last model at epoch 146 saved to checkpoints/reg_mixer_attnpl_t_20260214-154159/last_model_1.pth
2026-02-14 15:46:29,862 INFO src.train.trainer: Epoch 147
2026-02-14 15:46:31,587 INFO src.train.trainer: Last model at epoch 147 saved to checkpoints/reg_mixer_attnpl_t_20260214-154159/last_model_1.pth
2026-02-14 15:46:31,587 INFO src.train.trainer: Epoch 148
2026-02-14 15:46:33,323 INFO src.train.trainer: Last model at epoch 148 saved to checkpoints/reg_mixer_attnpl_t_20260214-154159/last_model_1.pth
2026-02-14 15:46:33,323 INFO src.train.trainer: Epoch 149
2026-02-14 15:46:35,098 INFO src.train.trainer: Last model at epoch 149 saved to checkpoints/reg_mixer_attnpl_t_20260214-154159/last_model_1.pth
2026-02-14 15:46:35,098 INFO src.train.trainer: Epoch 150
2026-02-14 15:46:36,983 INFO src.train.trainer: Last model at epoch 150 saved to checkpoints/reg_mixer_attnpl_t_20260214-154159/last_model_1.pth
2026-02-14 15:46:47,446 INFO src.data.preprocessing: CSV files found: ['chuandian_2021.csv']
2026-02-14 15:46:47,928 INFO src.data.preprocessing: Catalog statistics: {'tau_unfiltered': 0.15339908988298961, 'tau_q025': 0.08114294020924717, 'tau_q05': 0.5134664350189269, 'tau_mean': 1.3070542199341526, 'tau_max': 25.18216435192153, 'tau_min': 0.0, 'time_max': 18770.72654999979, 'time_mean': 10030.9430649837, 'mag_completeness': 3.0, 'mag_mean': 3.456916005014626, 'mag_max': 8.0, 'mag_min': 3.0, 'b_value': 0.856738547623331, 'b_std': 0.0071499224812533796, 'b_n': 14358}
2026-02-14 15:46:47,929 INFO src.data.preparation: stats {'tau_unfiltered': 0.15339908988298961, 'tau_q025': 0.08114294020924717, 'tau_q05': 0.5134664350189269, 'tau_mean': 1.3070542199341526, 'tau_max': 25.18216435192153, 'tau_min': 0.0, 'time_max': 18770.72654999979, 'time_mean': 10030.9430649837, 'mag_completeness': 3.0, 'mag_mean': 3.456916005014626, 'mag_max': 8.0, 'mag_min': 3.0, 'b_value': 0.856738547623331, 'b_std': 0.0071499224812533796, 'b_n': 14358}
2026-02-14 15:46:47,935 INFO src.utils.file_utils: Loading cached data from: data/ChuanDian/processed/regressor/regressor_Mc_3_Mf_3_Tfore_180_Twindow_360_context_len_1_dt_10.pkl
2026-02-14 15:46:49,144 INFO src.data.event_loader: lengths of samples: min=96, max=1340, avg=265.71
2026-02-14 15:46:49,821 INFO src.models.input_adapters: using time scale base 1.3070542199341526 (key: tau_mean)
2026-02-14 15:46:49,821 INFO src.models.input_adapters: tau mean: tensor(1.3071)
2026-02-14 15:46:49,825 INFO src.train.config_setup: load_specific_parts: None
2026-02-14 15:46:49,827 INFO src.train.config_setup: Checkpoint loaded: <All keys matched successfully>
2026-02-14 15:46:49,827 INFO src.train.config_setup: hyperparameters: {'resume_path': './checkpoints/mixer_tpp_20260203-161948/last_model_1.pth', 'load_specific_parts': ['encoder'], 'encoder_param_keywords': ['base_model.encoder.layers.0', 'base_model.encoder.input_proj'], 'model': 'reg_mixer_attnpl_t', 'use_ema': False, 'batch_size': 64, 'accumulation_steps': 1, 'warmup_ratio': 0.1, 'learning_rate': 0.001, 'weight_decay': 0.001, 'encoder_learning_rate': 0.0004, 'scheduler_factor': None, 'scheduler_patience': None, 'scheduler_threshold': None, 'scheduler_min_lr': 1e-06, 'scheduler_type': 'step_warmup', 'step_lr_step_size_ratio': 0.2, 'step_lr_gamma': 0.5, 'd_model': 64, 'mixer_model_config': {'input_dim': 1, 'dropout_prob': 0.1, 'd_model': 64, 'n_layer': 3, 'd_intermediate': 128, 'input_proj_type': 'mlp', 'input_proj_hidden': 128, 'input_proj_activation': 'silu', 'input_proj_dropout': 0.1, 'input_init': 'kaiming_uniform', 'input_init_scale': 1.8, 'attn_layer_idx': [1], 'ssm_cfg': {'layer': 'Mamba2Rotary', 'd_conv': 4, 'use_conv': True, 'rotary_emb_scale_base': 1024}, 'attn_cfg': {'layer': 'MHATime', 'num_heads': 4, 'rotary_emb_dim': 8, 'rotary_emb_scale_base': 1024, 'causal': True}, 'norm_epsilon': 1e-05, 'rms_norm': False, 'initializer_cfg': {'initializer_range': 0.01}, 'fused_add_norm': False, 'residual_in_fp32': True}, 'extractor_name': 'attn_time_biased_mh', 'time_bias_type': 'log', 'agg': 'concat', 'extractor_cfg': {'fuse_mode': 'concat', 'use_ln': True, 'use_var_scale': True}, 'mlp_out': 1, 'mlp_dropout': 0.3, 'mlp_hdw': [128], 'dim': 1, 'epochs': 150, 'save_epochs': [60, 80, 100, 120, 140], 'save_dir': 'checkpoints/reg_mixer_attnpl_t_20260214-154159', 'cuda_id': '0', 'dataset': 'ChuanDian', 'criterion_name': 'smooth_l1', 'criterion_cfg': {'beta': 0.2}, 'seed': 1, 'Mc': 3, 'Mf': 3, 'Twindow': 360, 'Tfore': 180, 'dt': 10, 'context_len': 1, 'split_by_time': True, 'features_input_keys': ['mag'], 'normalize_time_by_token': True, 'time_scale_base_key': 'tau_mean', 'task_type': 'regression', 'time_order': ['train', 'val', 'test'], 'cuda': True, 'stats': {'tau_unfiltered': 0.15339908988298961, 'tau_q025': 0.08114294020924717, 'tau_q05': 0.5134664350189269, 'tau_mean': 1.3070542199341526, 'tau_max': 25.18216435192153, 'tau_min': 0.0, 'time_max': 18770.72654999979, 'time_mean': 10030.9430649837, 'mag_completeness': 3.0, 'mag_mean': 3.456916005014626, 'mag_max': 8.0, 'mag_min': 3.0, 'b_value': 0.856738547623331, 'b_std': 0.0071499224812533796, 'b_n': 14358}, 'start_epoch': 0, 'best_val_loss': nan}
2026-02-14 15:46:49,828 INFO src.train.config_setup: train_metrics: {'RMSE': 0.13990989099863876, 'MAE': 0.1078518304018245, 'MSE': 0.01957477759925098, 'MAPE': 28.65980692002622, 'R2': -0.16246812046394776, 'PearsonR': 0.23107972700342708, 'PearsonR_diff': 0.04400352798660687, 'DA': 0.05147563486616335}
2026-02-14 15:46:49,828 INFO src.train.config_setup: val_metrics: {'RMSE': 0.11685558420169372, 'MAE': 0.09841504774905824, 'MSE': 0.013655227559119128, 'MAPE': 24.109039302325282, 'R2': 0.17765926863325854, 'PearsonR': 0.4802235569716916, 'PearsonR_diff': 0.0431963680406846, 'DA': 0.049723756906077346}
2026-02-14 15:46:49,828 INFO src.train.config_setup: Using regression criterion: smooth_l1
2026-02-14 15:46:49,828 INFO src.train.config_setup: Criterion config: {'beta': 0.2}
2026-02-14 15:46:49,829 INFO src.train.config_setup: encoder_param_keywords: ['base_model.encoder.layers.0', 'base_model.encoder.input_proj']
2026-02-14 15:46:49,829 INFO src.train.config_setup: encoder_lr matches: ['base_model.encoder.input_proj.0.weight', 'base_model.encoder.input_proj.0.bias', 'base_model.encoder.input_proj.3.weight', 'base_model.encoder.input_proj.3.bias', 'base_model.encoder.layers.0.norm.weight', 'base_model.encoder.layers.0.norm.bias', 'base_model.encoder.layers.0.mixer.dt_bias', 'base_model.encoder.layers.0.mixer.A_log', 'base_model.encoder.layers.0.mixer.D', 'base_model.encoder.layers.0.mixer.in_proj.weight', 'base_model.encoder.layers.0.mixer.conv1d.weight', 'base_model.encoder.layers.0.mixer.conv1d.bias', 'base_model.encoder.layers.0.mixer.norm.weight', 'base_model.encoder.layers.0.mixer.out_proj.weight', 'base_model.encoder.layers.0.norm2.weight', 'base_model.encoder.layers.0.norm2.bias', 'base_model.encoder.layers.0.mlp.fc1.weight', 'base_model.encoder.layers.0.mlp.fc2.weight']
2026-02-14 15:46:54,633 INFO __main__: Test loss: 0.0498221671829621
2026-02-14 15:46:55,793 INFO __main__: Saved test metrics to checkpoints/reg_mixer_attnpl_t_20260214-154159/metrics_test_best_1.json
2026-02-14 15:46:55,793 INFO __main__: Metrics: {'RMSE': 0.853393597715036, 'MAE': 0.7149739838688751, 'MSE': 0.7282806326210127, 'MAPE': 15.709062343024835, 'R2': -1.1763460447487102, 'PearsonR': 0.45956799592457837, 'PearsonR_diff': 0.14502822512965896, 'DA': 0.04395604395604396, 'SpearmanR': 0.35625143703024853, 'SpearmanR_diff': 2.7602335666906045e-05, 'DTW': 126.27991437911987, 'DTW_normalized': 0.6900541769350813}
2026-02-14 15:47:11,714 INFO src.data.preprocessing: CSV files found: ['chuandian_2021.csv']
2026-02-14 15:47:12,230 INFO src.data.preprocessing: Catalog statistics: {'tau_unfiltered': 0.15339908988298961, 'tau_q025': 0.08114294020924717, 'tau_q05': 0.5134664350189269, 'tau_mean': 1.3070542199341526, 'tau_max': 25.18216435192153, 'tau_min': 0.0, 'time_max': 18770.72654999979, 'time_mean': 10030.9430649837, 'mag_completeness': 3.0, 'mag_mean': 3.456916005014626, 'mag_max': 8.0, 'mag_min': 3.0, 'b_value': 0.856738547623331, 'b_std': 0.0071499224812533796, 'b_n': 14358}
2026-02-14 15:47:12,231 INFO src.data.preparation: stats {'tau_unfiltered': 0.15339908988298961, 'tau_q025': 0.08114294020924717, 'tau_q05': 0.5134664350189269, 'tau_mean': 1.3070542199341526, 'tau_max': 25.18216435192153, 'tau_min': 0.0, 'time_max': 18770.72654999979, 'time_mean': 10030.9430649837, 'mag_completeness': 3.0, 'mag_mean': 3.456916005014626, 'mag_max': 8.0, 'mag_min': 3.0, 'b_value': 0.856738547623331, 'b_std': 0.0071499224812533796, 'b_n': 14358}
2026-02-14 15:47:12,237 INFO src.utils.file_utils: Loading cached data from: data/ChuanDian/processed/regressor/regressor_Mc_3_Mf_3_Tfore_180_Twindow_360_context_len_1_dt_10.pkl
2026-02-14 15:47:13,423 INFO src.data.event_loader: lengths of samples: min=96, max=1340, avg=265.71
2026-02-14 15:47:14,085 INFO src.models.input_adapters: using time scale base 1.3070542199341526 (key: tau_mean)
2026-02-14 15:47:14,085 INFO src.models.input_adapters: tau mean: tensor(1.3071)
2026-02-14 15:47:14,089 INFO src.train.config_setup: load_specific_parts: None
2026-02-14 15:47:14,091 INFO src.train.config_setup: Checkpoint loaded: <All keys matched successfully>
2026-02-14 15:47:14,091 INFO src.train.config_setup: hyperparameters: {'resume_path': './checkpoints/mixer_tpp_20260203-161948/last_model_1.pth', 'load_specific_parts': ['encoder'], 'encoder_param_keywords': ['base_model.encoder.layers.0', 'base_model.encoder.input_proj'], 'model': 'reg_mixer_attnpl_t', 'use_ema': False, 'batch_size': 64, 'accumulation_steps': 1, 'warmup_ratio': 0.1, 'learning_rate': 0.001, 'weight_decay': 0.001, 'encoder_learning_rate': 0.0004, 'scheduler_factor': None, 'scheduler_patience': None, 'scheduler_threshold': None, 'scheduler_min_lr': 1e-06, 'scheduler_type': 'step_warmup', 'step_lr_step_size_ratio': 0.2, 'step_lr_gamma': 0.5, 'd_model': 64, 'mixer_model_config': {'input_dim': 1, 'dropout_prob': 0.1, 'd_model': 64, 'n_layer': 3, 'd_intermediate': 128, 'input_proj_type': 'mlp', 'input_proj_hidden': 128, 'input_proj_activation': 'silu', 'input_proj_dropout': 0.1, 'input_init': 'kaiming_uniform', 'input_init_scale': 1.8, 'attn_layer_idx': [1], 'ssm_cfg': {'layer': 'Mamba2Rotary', 'd_conv': 4, 'use_conv': True, 'rotary_emb_scale_base': 1024}, 'attn_cfg': {'layer': 'MHATime', 'num_heads': 4, 'rotary_emb_dim': 8, 'rotary_emb_scale_base': 1024, 'causal': True}, 'norm_epsilon': 1e-05, 'rms_norm': False, 'initializer_cfg': {'initializer_range': 0.01}, 'fused_add_norm': False, 'residual_in_fp32': True}, 'extractor_name': 'attn_time_biased_mh', 'time_bias_type': 'log', 'agg': 'concat', 'extractor_cfg': {'fuse_mode': 'concat', 'use_ln': True, 'use_var_scale': True}, 'mlp_out': 1, 'mlp_dropout': 0.3, 'mlp_hdw': [128], 'dim': 1, 'epochs': 150, 'save_epochs': [60, 80, 100, 120, 140], 'save_dir': 'checkpoints/reg_mixer_attnpl_t_20260214-154159', 'cuda_id': '0', 'dataset': 'ChuanDian', 'criterion_name': 'smooth_l1', 'criterion_cfg': {'beta': 0.2}, 'seed': 1, 'Mc': 3, 'Mf': 3, 'Twindow': 360, 'Tfore': 180, 'dt': 10, 'context_len': 1, 'split_by_time': True, 'features_input_keys': ['mag'], 'normalize_time_by_token': True, 'time_scale_base_key': 'tau_mean', 'task_type': 'regression', 'time_order': ['train', 'val', 'test'], 'cuda': True, 'stats': {'tau_unfiltered': 0.15339908988298961, 'tau_q025': 0.08114294020924717, 'tau_q05': 0.5134664350189269, 'tau_mean': 1.3070542199341526, 'tau_max': 25.18216435192153, 'tau_min': 0.0, 'time_max': 18770.72654999979, 'time_mean': 10030.9430649837, 'mag_completeness': 3.0, 'mag_mean': 3.456916005014626, 'mag_max': 8.0, 'mag_min': 3.0, 'b_value': 0.856738547623331, 'b_std': 0.0071499224812533796, 'b_n': 14358}, 'start_epoch': 0, 'best_val_loss': nan}
2026-02-14 15:47:14,092 INFO src.train.config_setup: train_metrics: {'RMSE': 0.039833337303322794, 'MAE': 0.029224013942913428, 'MSE': 0.0015866947607202874, 'MAPE': 7.518852635398339, 'R2': 0.9057725143035554, 'PearsonR': 0.9522692815207534, 'PearsonR_diff': 0.47204133283603916, 'DA': 0.07343857240905971}
2026-02-14 15:47:14,092 INFO src.train.config_setup: val_metrics: {'RMSE': 0.14719139882466803, 'MAE': 0.11654905630992009, 'MSE': 0.021665307887962483, 'MAPE': 26.165599892716074, 'R2': -0.304721218063831, 'PearsonR': -0.1525496183446121, 'PearsonR_diff': 0.09042925498980862, 'DA': 0.055248618784530384}
2026-02-14 15:47:14,092 INFO src.train.config_setup: Using regression criterion: smooth_l1
2026-02-14 15:47:14,092 INFO src.train.config_setup: Criterion config: {'beta': 0.2}
2026-02-14 15:47:14,093 INFO src.train.config_setup: encoder_param_keywords: ['base_model.encoder.layers.0', 'base_model.encoder.input_proj']
2026-02-14 15:47:14,093 INFO src.train.config_setup: encoder_lr matches: ['base_model.encoder.input_proj.0.weight', 'base_model.encoder.input_proj.0.bias', 'base_model.encoder.input_proj.3.weight', 'base_model.encoder.input_proj.3.bias', 'base_model.encoder.layers.0.norm.weight', 'base_model.encoder.layers.0.norm.bias', 'base_model.encoder.layers.0.mixer.dt_bias', 'base_model.encoder.layers.0.mixer.A_log', 'base_model.encoder.layers.0.mixer.D', 'base_model.encoder.layers.0.mixer.in_proj.weight', 'base_model.encoder.layers.0.mixer.conv1d.weight', 'base_model.encoder.layers.0.mixer.conv1d.bias', 'base_model.encoder.layers.0.mixer.norm.weight', 'base_model.encoder.layers.0.mixer.out_proj.weight', 'base_model.encoder.layers.0.norm2.weight', 'base_model.encoder.layers.0.norm2.bias', 'base_model.encoder.layers.0.mlp.fc1.weight', 'base_model.encoder.layers.0.mlp.fc2.weight']
2026-02-14 15:47:18,876 INFO __main__: Test loss: 0.03167577957113584
2026-02-14 15:47:19,973 INFO __main__: Saved test metrics to checkpoints/reg_mixer_attnpl_t_20260214-154159/metrics_test_last_1.json
2026-02-14 15:47:19,973 INFO __main__: Metrics: {'RMSE': 0.6736771336153438, 'MAE': 0.5276661726946388, 'MSE': 0.45384088035618575, 'MAPE': 11.293019694721124, 'R2': -0.3562283008320102, 'PearsonR': 0.14905550212244498, 'PearsonR_diff': 0.1351089987927806, 'DA': 0.054945054945054944, 'SpearmanR': 0.30676460895034174, 'SpearmanR_diff': 0.049453552148422404, 'DTW': 86.74524974822998, 'DTW_normalized': 0.47401775818704905}
2026-02-14 15:49:26,097 INFO src.data.preprocessing: CSV files found: ['chuandian_2021.csv']
2026-02-14 15:49:26,588 INFO src.data.preprocessing: Catalog statistics: {'tau_unfiltered': 0.15339908988298961, 'tau_q025': 0.08114294020924717, 'tau_q05': 0.5134664350189269, 'tau_mean': 1.3070542199341526, 'tau_max': 25.18216435192153, 'tau_min': 0.0, 'time_max': 18770.72654999979, 'time_mean': 10030.9430649837, 'mag_completeness': 3.0, 'mag_mean': 3.456916005014626, 'mag_max': 8.0, 'mag_min': 3.0, 'b_value': 0.856738547623331, 'b_std': 0.0071499224812533796, 'b_n': 14358}
2026-02-14 15:49:26,590 INFO src.data.preparation: stats {'tau_unfiltered': 0.15339908988298961, 'tau_q025': 0.08114294020924717, 'tau_q05': 0.5134664350189269, 'tau_mean': 1.3070542199341526, 'tau_max': 25.18216435192153, 'tau_min': 0.0, 'time_max': 18770.72654999979, 'time_mean': 10030.9430649837, 'mag_completeness': 3.0, 'mag_mean': 3.456916005014626, 'mag_max': 8.0, 'mag_min': 3.0, 'b_value': 0.856738547623331, 'b_std': 0.0071499224812533796, 'b_n': 14358}
2026-02-14 15:49:26,595 INFO src.utils.file_utils: Loading cached data from: data/ChuanDian/processed/regressor/regressor_Mc_3_Mf_3_Tfore_180_Twindow_360_context_len_1_dt_10.pkl
2026-02-14 15:49:28,122 INFO src.data.event_loader: lengths of samples: min=96, max=1340, avg=265.71
2026-02-14 15:49:28,508 INFO src.models.input_adapters: using time scale base 1.3070542199341526 (key: tau_mean)
2026-02-14 15:49:28,508 INFO src.models.input_adapters: tau mean: tensor(1.3071)
2026-02-14 15:49:28,512 INFO src.train.config_setup: load_specific_parts: None
2026-02-14 15:49:28,514 INFO src.train.config_setup: Checkpoint loaded: <All keys matched successfully>
2026-02-14 15:49:28,514 INFO src.train.config_setup: hyperparameters: {'resume_path': './checkpoints/mixer_tpp_20260203-161948/last_model_1.pth', 'load_specific_parts': ['encoder'], 'encoder_param_keywords': ['base_model.encoder.layers.0', 'base_model.encoder.input_proj'], 'model': 'reg_mixer_attnpl_t', 'use_ema': False, 'batch_size': 64, 'accumulation_steps': 1, 'warmup_ratio': 0.1, 'learning_rate': 0.001, 'weight_decay': 0.001, 'encoder_learning_rate': 0.0004, 'scheduler_factor': None, 'scheduler_patience': None, 'scheduler_threshold': None, 'scheduler_min_lr': 1e-06, 'scheduler_type': 'step_warmup', 'step_lr_step_size_ratio': 0.2, 'step_lr_gamma': 0.5, 'd_model': 64, 'mixer_model_config': {'input_dim': 1, 'dropout_prob': 0.1, 'd_model': 64, 'n_layer': 3, 'd_intermediate': 128, 'input_proj_type': 'mlp', 'input_proj_hidden': 128, 'input_proj_activation': 'silu', 'input_proj_dropout': 0.1, 'input_init': 'kaiming_uniform', 'input_init_scale': 1.8, 'attn_layer_idx': [1], 'ssm_cfg': {'layer': 'Mamba2Rotary', 'd_conv': 4, 'use_conv': True, 'rotary_emb_scale_base': 1024}, 'attn_cfg': {'layer': 'MHATime', 'num_heads': 4, 'rotary_emb_dim': 8, 'rotary_emb_scale_base': 1024, 'causal': True}, 'norm_epsilon': 1e-05, 'rms_norm': False, 'initializer_cfg': {'initializer_range': 0.01}, 'fused_add_norm': False, 'residual_in_fp32': True}, 'extractor_name': 'attn_time_biased_mh', 'time_bias_type': 'log', 'agg': 'concat', 'extractor_cfg': {'fuse_mode': 'concat', 'use_ln': True, 'use_var_scale': True}, 'mlp_out': 1, 'mlp_dropout': 0.3, 'mlp_hdw': [128], 'dim': 1, 'epochs': 150, 'save_epochs': [60, 80, 100, 120, 140], 'save_dir': 'checkpoints/reg_mixer_attnpl_t_20260214-154159', 'cuda_id': '0', 'dataset': 'ChuanDian', 'criterion_name': 'smooth_l1', 'criterion_cfg': {'beta': 0.2}, 'seed': 1, 'Mc': 3, 'Mf': 3, 'Twindow': 360, 'Tfore': 180, 'dt': 10, 'context_len': 1, 'split_by_time': True, 'features_input_keys': ['mag'], 'normalize_time_by_token': True, 'time_scale_base_key': 'tau_mean', 'task_type': 'regression', 'time_order': ['train', 'val', 'test'], 'cuda': True, 'stats': {'tau_unfiltered': 0.15339908988298961, 'tau_q025': 0.08114294020924717, 'tau_q05': 0.5134664350189269, 'tau_mean': 1.3070542199341526, 'tau_max': 25.18216435192153, 'tau_min': 0.0, 'time_max': 18770.72654999979, 'time_mean': 10030.9430649837, 'mag_completeness': 3.0, 'mag_mean': 3.456916005014626, 'mag_max': 8.0, 'mag_min': 3.0, 'b_value': 0.856738547623331, 'b_std': 0.0071499224812533796, 'b_n': 14358}, 'start_epoch': 0, 'best_val_loss': nan}
2026-02-14 15:49:28,514 INFO src.train.config_setup: train_metrics: {'RMSE': 0.13990989099863876, 'MAE': 0.1078518304018245, 'MSE': 0.01957477759925098, 'MAPE': 28.65980692002622, 'R2': -0.16246812046394776, 'PearsonR': 0.23107972700342708, 'PearsonR_diff': 0.04400352798660687, 'DA': 0.05147563486616335}
2026-02-14 15:49:28,515 INFO src.train.config_setup: val_metrics: {'RMSE': 0.11685558420169372, 'MAE': 0.09841504774905824, 'MSE': 0.013655227559119128, 'MAPE': 24.109039302325282, 'R2': 0.17765926863325854, 'PearsonR': 0.4802235569716916, 'PearsonR_diff': 0.0431963680406846, 'DA': 0.049723756906077346}
2026-02-14 15:49:28,515 INFO src.train.config_setup: Using regression criterion: smooth_l1
2026-02-14 15:49:28,515 INFO src.train.config_setup: Criterion config: {'beta': 0.2}
2026-02-14 15:49:28,515 INFO src.train.config_setup: encoder_param_keywords: ['base_model.encoder.layers.0', 'base_model.encoder.input_proj']
2026-02-14 15:49:28,516 INFO src.train.config_setup: encoder_lr matches: ['base_model.encoder.input_proj.0.weight', 'base_model.encoder.input_proj.0.bias', 'base_model.encoder.input_proj.3.weight', 'base_model.encoder.input_proj.3.bias', 'base_model.encoder.layers.0.norm.weight', 'base_model.encoder.layers.0.norm.bias', 'base_model.encoder.layers.0.mixer.dt_bias', 'base_model.encoder.layers.0.mixer.A_log', 'base_model.encoder.layers.0.mixer.D', 'base_model.encoder.layers.0.mixer.in_proj.weight', 'base_model.encoder.layers.0.mixer.conv1d.weight', 'base_model.encoder.layers.0.mixer.conv1d.bias', 'base_model.encoder.layers.0.mixer.norm.weight', 'base_model.encoder.layers.0.mixer.out_proj.weight', 'base_model.encoder.layers.0.norm2.weight', 'base_model.encoder.layers.0.norm2.bias', 'base_model.encoder.layers.0.mlp.fc1.weight', 'base_model.encoder.layers.0.mlp.fc2.weight']
2026-02-14 15:49:33,238 INFO __main__: Test loss: 0.0498221671829621
2026-02-14 15:49:34,431 INFO __main__: Saved test metrics to checkpoints/reg_mixer_attnpl_t_20260214-154159/metrics_test_best_1.json
2026-02-14 15:49:34,431 INFO __main__: Metrics: {'RMSE': 0.853393597715036, 'MAE': 0.7149739838688751, 'MSE': 0.7282806326210127, 'MAPE': 15.709062343024835, 'R2': -1.1763460447487102, 'PearsonR': 0.45956799592457837, 'PearsonR_diff': 0.14502822512965896, 'DA': 0.04395604395604396, 'SpearmanR': 0.35625143703024853, 'SpearmanR_diff': 2.7602335666906045e-05, 'DTW': 126.27991437911987, 'DTW_normalized': 0.6900541769350813}
