2026-05-06 14:03:29,779 INFO src.data.preprocessing: CSV files found: ['chuandian_2021.csv']
2026-05-06 14:03:30,623 INFO src.utils.file_utils: Loading cached data from: data/ChuanDian/regressor/regressor_Mc_3_Mf_3_Tfore_180_Twindow_360_context_len_0_dt_10.pkl
2026-05-06 14:03:32,044 INFO src.data.lstm_loader: Original number of samples: 1819, number of samples after cleaning: 1819
2026-05-06 14:03:32,044 INFO src.data.lstm_loader: Replaced NaN values in X with 0.0
2026-05-06 14:03:32,441 INFO __main__: No resume path provided. Training will start from scratch.
2026-05-06 14:03:32,633 INFO src.train.config_setup: Using regression criterion: smooth_l1
2026-05-06 14:03:32,633 INFO src.train.config_setup: Criterion config: {'beta': 0.6}
2026-05-06 14:03:32,634 INFO src.train.trainer: Epoch 1
2026-05-06 14:03:33,072 INFO src.train.trainer: New best validation loss: 0.2118, saved to checkpoints/lstm_20260506-140329/best_model_1.pth
2026-05-06 14:03:33,076 INFO src.train.trainer: Last model at epoch 1 saved to checkpoints/lstm_20260506-140329/last_model_1.pth
2026-05-06 14:03:33,076 INFO src.train.trainer: Epoch 2
2026-05-06 14:03:33,261 INFO src.train.trainer: New best validation loss: 0.1635, saved to checkpoints/lstm_20260506-140329/best_model_1.pth
2026-05-06 14:03:33,270 INFO src.train.trainer: Last model at epoch 2 saved to checkpoints/lstm_20260506-140329/last_model_1.pth
2026-05-06 14:03:33,270 INFO src.train.trainer: Epoch 3
2026-05-06 14:03:33,511 INFO src.train.trainer: New best validation loss: 0.0846, saved to checkpoints/lstm_20260506-140329/best_model_1.pth
2026-05-06 14:03:33,522 INFO src.train.trainer: Last model at epoch 3 saved to checkpoints/lstm_20260506-140329/last_model_1.pth
2026-05-06 14:03:33,522 INFO src.train.trainer: Epoch 4
2026-05-06 14:03:33,779 INFO src.train.trainer: New best validation loss: 0.0176, saved to checkpoints/lstm_20260506-140329/best_model_1.pth
2026-05-06 14:03:33,787 INFO src.train.trainer: Last model at epoch 4 saved to checkpoints/lstm_20260506-140329/last_model_1.pth
2026-05-06 14:03:33,787 INFO src.train.trainer: Epoch 5
2026-05-06 14:03:34,054 INFO src.train.trainer: New best validation loss: 0.0171, saved to checkpoints/lstm_20260506-140329/best_model_1.pth
2026-05-06 14:03:34,064 INFO src.train.trainer: Last model at epoch 5 saved to checkpoints/lstm_20260506-140329/last_model_1.pth
2026-05-06 14:03:34,064 INFO src.train.trainer: Epoch 6
2026-05-06 14:03:35,107 INFO src.train.trainer: New best validation loss: 0.0166, saved to checkpoints/lstm_20260506-140329/best_model_1.pth
2026-05-06 14:03:35,113 INFO src.train.trainer: Last model at epoch 6 saved to checkpoints/lstm_20260506-140329/last_model_1.pth
2026-05-06 14:03:35,114 INFO src.train.trainer: Epoch 7
2026-05-06 14:03:35,335 INFO src.train.trainer: New best validation loss: 0.0164, saved to checkpoints/lstm_20260506-140329/best_model_1.pth
2026-05-06 14:03:35,343 INFO src.train.trainer: Last model at epoch 7 saved to checkpoints/lstm_20260506-140329/last_model_1.pth
2026-05-06 14:03:35,344 INFO src.train.trainer: Epoch 8
2026-05-06 14:03:38,488 INFO src.train.trainer: New best validation loss: 0.0160, saved to checkpoints/lstm_20260506-140329/best_model_1.pth
2026-05-06 14:03:38,500 INFO src.train.trainer: Last model at epoch 8 saved to checkpoints/lstm_20260506-140329/last_model_1.pth
2026-05-06 14:03:38,500 INFO src.train.trainer: Epoch 9
2026-05-06 14:03:38,780 INFO src.train.trainer: New best validation loss: 0.0156, saved to checkpoints/lstm_20260506-140329/best_model_1.pth
2026-05-06 14:03:38,790 INFO src.train.trainer: Last model at epoch 9 saved to checkpoints/lstm_20260506-140329/last_model_1.pth
2026-05-06 14:03:38,791 INFO src.train.trainer: Epoch 10
2026-05-06 14:03:39,056 INFO src.train.trainer: New best validation loss: 0.0155, saved to checkpoints/lstm_20260506-140329/best_model_1.pth
2026-05-06 14:03:39,068 INFO src.train.trainer: Last model at epoch 10 saved to checkpoints/lstm_20260506-140329/last_model_1.pth
2026-05-06 14:03:39,068 INFO src.train.trainer: Epoch 11
2026-05-06 14:03:39,368 INFO src.train.trainer: New best validation loss: 0.0153, saved to checkpoints/lstm_20260506-140329/best_model_1.pth
2026-05-06 14:03:39,379 INFO src.train.trainer: Last model at epoch 11 saved to checkpoints/lstm_20260506-140329/last_model_1.pth
2026-05-06 14:03:39,379 INFO src.train.trainer: Epoch 12
2026-05-06 14:03:39,655 INFO src.train.trainer: New best validation loss: 0.0148, saved to checkpoints/lstm_20260506-140329/best_model_1.pth
2026-05-06 14:03:39,663 INFO src.train.trainer: Last model at epoch 12 saved to checkpoints/lstm_20260506-140329/last_model_1.pth
2026-05-06 14:03:39,663 INFO src.train.trainer: Epoch 13
2026-05-06 14:03:39,938 INFO src.train.trainer: New best validation loss: 0.0145, saved to checkpoints/lstm_20260506-140329/best_model_1.pth
2026-05-06 14:03:39,950 INFO src.train.trainer: Last model at epoch 13 saved to checkpoints/lstm_20260506-140329/last_model_1.pth
2026-05-06 14:03:39,950 INFO src.train.trainer: Epoch 14
2026-05-06 14:03:40,218 INFO src.train.trainer: New best validation loss: 0.0144, saved to checkpoints/lstm_20260506-140329/best_model_1.pth
2026-05-06 14:03:40,227 INFO src.train.trainer: Last model at epoch 14 saved to checkpoints/lstm_20260506-140329/last_model_1.pth
2026-05-06 14:03:40,227 INFO src.train.trainer: Epoch 15
2026-05-06 14:03:40,709 INFO src.train.trainer: New best validation loss: 0.0142, saved to checkpoints/lstm_20260506-140329/best_model_1.pth
2026-05-06 14:03:40,719 INFO src.train.trainer: Last model at epoch 15 saved to checkpoints/lstm_20260506-140329/last_model_1.pth
2026-05-06 14:03:40,719 INFO src.train.trainer: Epoch 16
2026-05-06 14:03:40,995 INFO src.train.trainer: Last model at epoch 16 saved to checkpoints/lstm_20260506-140329/last_model_1.pth
2026-05-06 14:03:40,996 INFO src.train.trainer: Epoch 17
2026-05-06 14:03:41,270 INFO src.train.trainer: Last model at epoch 17 saved to checkpoints/lstm_20260506-140329/last_model_1.pth
2026-05-06 14:03:41,271 INFO src.train.trainer: Epoch 18
2026-05-06 14:03:41,551 INFO src.train.trainer: Last model at epoch 18 saved to checkpoints/lstm_20260506-140329/last_model_1.pth
2026-05-06 14:03:41,551 INFO src.train.trainer: Epoch 19
2026-05-06 14:03:41,831 INFO src.train.trainer: Last model at epoch 19 saved to checkpoints/lstm_20260506-140329/last_model_1.pth
2026-05-06 14:03:41,831 INFO src.train.trainer: Epoch 20
2026-05-06 14:03:42,110 INFO src.train.trainer: Last model at epoch 20 saved to checkpoints/lstm_20260506-140329/last_model_1.pth
2026-05-06 14:03:42,110 INFO src.train.trainer: Epoch 21
2026-05-06 14:03:42,394 INFO src.train.trainer: Last model at epoch 21 saved to checkpoints/lstm_20260506-140329/last_model_1.pth
2026-05-06 14:03:42,394 INFO src.train.trainer: Epoch 22
2026-05-06 14:03:42,668 INFO src.train.trainer: Last model at epoch 22 saved to checkpoints/lstm_20260506-140329/last_model_1.pth
2026-05-06 14:03:42,669 INFO src.train.trainer: Epoch 23
2026-05-06 14:03:42,954 INFO src.train.trainer: Last model at epoch 23 saved to checkpoints/lstm_20260506-140329/last_model_1.pth
2026-05-06 14:03:42,954 INFO src.train.trainer: Epoch 24
2026-05-06 14:03:43,230 INFO src.train.trainer: Last model at epoch 24 saved to checkpoints/lstm_20260506-140329/last_model_1.pth
2026-05-06 14:03:43,230 INFO src.train.trainer: Epoch 25
2026-05-06 14:03:43,511 INFO src.train.trainer: Last model at epoch 25 saved to checkpoints/lstm_20260506-140329/last_model_1.pth
2026-05-06 14:03:43,512 INFO src.train.trainer: Epoch 26
2026-05-06 14:03:43,789 INFO src.train.trainer: Last model at epoch 26 saved to checkpoints/lstm_20260506-140329/last_model_1.pth
2026-05-06 14:03:43,789 INFO src.train.trainer: Epoch 27
2026-05-06 14:03:44,054 INFO src.train.trainer: Last model at epoch 27 saved to checkpoints/lstm_20260506-140329/last_model_1.pth
2026-05-06 14:03:44,055 INFO src.train.trainer: Epoch 28
2026-05-06 14:03:44,332 INFO src.train.trainer: Last model at epoch 28 saved to checkpoints/lstm_20260506-140329/last_model_1.pth
2026-05-06 14:03:44,332 INFO src.train.trainer: Epoch 29
2026-05-06 14:03:44,605 INFO src.train.trainer: Last model at epoch 29 saved to checkpoints/lstm_20260506-140329/last_model_1.pth
2026-05-06 14:03:44,606 INFO src.train.trainer: Epoch 30
2026-05-06 14:03:44,880 INFO src.train.trainer: Last model at epoch 30 saved to checkpoints/lstm_20260506-140329/last_model_1.pth
2026-05-06 14:03:44,881 INFO src.train.trainer: Epoch 31
2026-05-06 14:03:45,166 INFO src.train.trainer: Last model at epoch 31 saved to checkpoints/lstm_20260506-140329/last_model_1.pth
2026-05-06 14:03:45,166 INFO src.train.trainer: Epoch 32
2026-05-06 14:03:45,439 INFO src.train.trainer: Last model at epoch 32 saved to checkpoints/lstm_20260506-140329/last_model_1.pth
2026-05-06 14:03:45,439 INFO src.train.trainer: Epoch 33
2026-05-06 14:03:45,716 INFO src.train.trainer: Last model at epoch 33 saved to checkpoints/lstm_20260506-140329/last_model_1.pth
2026-05-06 14:03:45,716 INFO src.train.trainer: Epoch 34
2026-05-06 14:03:45,994 INFO src.train.trainer: Last model at epoch 34 saved to checkpoints/lstm_20260506-140329/last_model_1.pth
2026-05-06 14:03:45,994 INFO src.train.trainer: Epoch 35
2026-05-06 14:03:46,279 INFO src.train.trainer: Last model at epoch 35 saved to checkpoints/lstm_20260506-140329/last_model_1.pth
2026-05-06 14:03:46,279 INFO src.train.trainer: Epoch 36
2026-05-06 14:03:46,572 INFO src.train.trainer: Last model at epoch 36 saved to checkpoints/lstm_20260506-140329/last_model_1.pth
2026-05-06 14:03:46,573 INFO src.train.trainer: Epoch 37
2026-05-06 14:03:46,843 INFO src.train.trainer: Last model at epoch 37 saved to checkpoints/lstm_20260506-140329/last_model_1.pth
2026-05-06 14:03:46,843 INFO src.train.trainer: Epoch 38
2026-05-06 14:03:47,122 INFO src.train.trainer: Last model at epoch 38 saved to checkpoints/lstm_20260506-140329/last_model_1.pth
2026-05-06 14:03:47,122 INFO src.train.trainer: Epoch 39
2026-05-06 14:03:47,405 INFO src.train.trainer: Last model at epoch 39 saved to checkpoints/lstm_20260506-140329/last_model_1.pth
2026-05-06 14:03:47,406 INFO src.train.trainer: Epoch 40
2026-05-06 14:03:47,685 INFO src.train.trainer: Last model at epoch 40 saved to checkpoints/lstm_20260506-140329/last_model_1.pth
2026-05-06 14:03:47,685 INFO src.train.trainer: Epoch 41
2026-05-06 14:03:47,973 INFO src.train.trainer: Last model at epoch 41 saved to checkpoints/lstm_20260506-140329/last_model_1.pth
2026-05-06 14:03:47,974 INFO src.train.trainer: Epoch 42
2026-05-06 14:03:48,243 INFO src.train.trainer: Last model at epoch 42 saved to checkpoints/lstm_20260506-140329/last_model_1.pth
2026-05-06 14:03:48,243 INFO src.train.trainer: Epoch 43
2026-05-06 14:03:48,515 INFO src.train.trainer: Last model at epoch 43 saved to checkpoints/lstm_20260506-140329/last_model_1.pth
2026-05-06 14:03:48,515 INFO src.train.trainer: Epoch 44
2026-05-06 14:03:48,780 INFO src.train.trainer: Last model at epoch 44 saved to checkpoints/lstm_20260506-140329/last_model_1.pth
2026-05-06 14:03:48,780 INFO src.train.trainer: Epoch 45
2026-05-06 14:03:49,059 INFO src.train.trainer: Last model at epoch 45 saved to checkpoints/lstm_20260506-140329/last_model_1.pth
2026-05-06 14:03:49,060 INFO src.train.trainer: Epoch 46
2026-05-06 14:03:49,341 INFO src.train.trainer: Last model at epoch 46 saved to checkpoints/lstm_20260506-140329/last_model_1.pth
2026-05-06 14:03:49,342 INFO src.train.trainer: Epoch 47
2026-05-06 14:03:49,619 INFO src.train.trainer: Last model at epoch 47 saved to checkpoints/lstm_20260506-140329/last_model_1.pth
2026-05-06 14:03:49,620 INFO src.train.trainer: Epoch 48
2026-05-06 14:03:49,900 INFO src.train.trainer: Last model at epoch 48 saved to checkpoints/lstm_20260506-140329/last_model_1.pth
2026-05-06 14:03:49,901 INFO src.train.trainer: Epoch 49
2026-05-06 14:03:50,181 INFO src.train.trainer: Last model at epoch 49 saved to checkpoints/lstm_20260506-140329/last_model_1.pth
2026-05-06 14:03:50,181 INFO src.train.trainer: Epoch 50
2026-05-06 14:03:50,446 INFO src.train.trainer: Last model at epoch 50 saved to checkpoints/lstm_20260506-140329/last_model_1.pth
2026-05-06 14:03:50,446 INFO src.train.trainer: Epoch 51
2026-05-06 14:03:50,716 INFO src.train.trainer: Last model at epoch 51 saved to checkpoints/lstm_20260506-140329/last_model_1.pth
2026-05-06 14:03:50,717 INFO src.train.trainer: Epoch 52
2026-05-06 14:03:50,986 INFO src.train.trainer: Last model at epoch 52 saved to checkpoints/lstm_20260506-140329/last_model_1.pth
2026-05-06 14:03:50,986 INFO src.train.trainer: Epoch 53
2026-05-06 14:03:51,246 INFO src.train.trainer: Last model at epoch 53 saved to checkpoints/lstm_20260506-140329/last_model_1.pth
2026-05-06 14:03:51,246 INFO src.train.trainer: Epoch 54
2026-05-06 14:03:51,506 INFO src.train.trainer: Last model at epoch 54 saved to checkpoints/lstm_20260506-140329/last_model_1.pth
2026-05-06 14:03:51,506 INFO src.train.trainer: Epoch 55
2026-05-06 14:03:51,778 INFO src.train.trainer: Last model at epoch 55 saved to checkpoints/lstm_20260506-140329/last_model_1.pth
2026-05-06 14:03:51,778 INFO src.train.trainer: Epoch 56
2026-05-06 14:03:52,055 INFO src.train.trainer: Last model at epoch 56 saved to checkpoints/lstm_20260506-140329/last_model_1.pth
2026-05-06 14:03:52,055 INFO src.train.trainer: Epoch 57
2026-05-06 14:03:52,330 INFO src.train.trainer: Last model at epoch 57 saved to checkpoints/lstm_20260506-140329/last_model_1.pth
2026-05-06 14:03:52,331 INFO src.train.trainer: Epoch 58
2026-05-06 14:03:52,613 INFO src.train.trainer: Last model at epoch 58 saved to checkpoints/lstm_20260506-140329/last_model_1.pth
2026-05-06 14:03:52,614 INFO src.train.trainer: Epoch 59
2026-05-06 14:03:52,884 INFO src.train.trainer: Last model at epoch 59 saved to checkpoints/lstm_20260506-140329/last_model_1.pth
2026-05-06 14:03:52,884 INFO src.train.trainer: Epoch 60
2026-05-06 14:03:53,160 INFO src.train.trainer: Last model at epoch 60 saved to checkpoints/lstm_20260506-140329/last_model_1.pth
2026-05-06 14:03:53,161 INFO src.train.trainer: Epoch 61
2026-05-06 14:03:53,437 INFO src.train.trainer: Last model at epoch 61 saved to checkpoints/lstm_20260506-140329/last_model_1.pth
2026-05-06 14:03:53,437 INFO src.train.trainer: Epoch 62
2026-05-06 14:03:53,717 INFO src.train.trainer: Last model at epoch 62 saved to checkpoints/lstm_20260506-140329/last_model_1.pth
2026-05-06 14:03:53,717 INFO src.train.trainer: Epoch 63
2026-05-06 14:03:53,994 INFO src.train.trainer: Last model at epoch 63 saved to checkpoints/lstm_20260506-140329/last_model_1.pth
2026-05-06 14:03:53,995 INFO src.train.trainer: Epoch 64
2026-05-06 14:03:54,276 INFO src.train.trainer: Last model at epoch 64 saved to checkpoints/lstm_20260506-140329/last_model_1.pth
2026-05-06 14:03:54,276 INFO src.train.trainer: Epoch 65
2026-05-06 14:03:54,555 INFO src.train.trainer: Last model at epoch 65 saved to checkpoints/lstm_20260506-140329/last_model_1.pth
2026-05-06 14:03:54,555 INFO src.train.trainer: Epoch 66
2026-05-06 14:03:54,822 INFO src.train.trainer: Last model at epoch 66 saved to checkpoints/lstm_20260506-140329/last_model_1.pth
2026-05-06 14:03:54,822 INFO src.train.trainer: Epoch 67
2026-05-06 14:03:55,097 INFO src.train.trainer: Last model at epoch 67 saved to checkpoints/lstm_20260506-140329/last_model_1.pth
2026-05-06 14:03:55,097 INFO src.train.trainer: Epoch 68
2026-05-06 14:03:55,359 INFO src.train.trainer: Last model at epoch 68 saved to checkpoints/lstm_20260506-140329/last_model_1.pth
2026-05-06 14:03:55,359 INFO src.train.trainer: Epoch 69
2026-05-06 14:03:55,632 INFO src.train.trainer: Last model at epoch 69 saved to checkpoints/lstm_20260506-140329/last_model_1.pth
2026-05-06 14:03:55,632 INFO src.train.trainer: Epoch 70
2026-05-06 14:03:55,906 INFO src.train.trainer: Last model at epoch 70 saved to checkpoints/lstm_20260506-140329/last_model_1.pth
2026-05-06 14:03:55,906 INFO src.train.trainer: Epoch 71
2026-05-06 14:03:56,188 INFO src.train.trainer: Last model at epoch 71 saved to checkpoints/lstm_20260506-140329/last_model_1.pth
2026-05-06 14:03:56,188 INFO src.train.trainer: Epoch 72
2026-05-06 14:03:56,463 INFO src.train.trainer: Last model at epoch 72 saved to checkpoints/lstm_20260506-140329/last_model_1.pth
2026-05-06 14:03:56,463 INFO src.train.trainer: Epoch 73
2026-05-06 14:03:56,719 INFO src.train.trainer: Last model at epoch 73 saved to checkpoints/lstm_20260506-140329/last_model_1.pth
2026-05-06 14:03:56,719 INFO src.train.trainer: Epoch 74
2026-05-06 14:03:56,927 INFO src.train.trainer: Last model at epoch 74 saved to checkpoints/lstm_20260506-140329/last_model_1.pth
2026-05-06 14:03:56,927 INFO src.train.trainer: Epoch 75
2026-05-06 14:03:57,188 INFO src.train.trainer: Last model at epoch 75 saved to checkpoints/lstm_20260506-140329/last_model_1.pth
2026-05-06 14:03:57,188 INFO src.train.trainer: Epoch 76
2026-05-06 14:03:57,465 INFO src.train.trainer: Last model at epoch 76 saved to checkpoints/lstm_20260506-140329/last_model_1.pth
2026-05-06 14:03:57,466 INFO src.train.trainer: Epoch 77
2026-05-06 14:03:57,745 INFO src.train.trainer: Last model at epoch 77 saved to checkpoints/lstm_20260506-140329/last_model_1.pth
2026-05-06 14:03:57,745 INFO src.train.trainer: Epoch 78
2026-05-06 14:03:58,023 INFO src.train.trainer: Last model at epoch 78 saved to checkpoints/lstm_20260506-140329/last_model_1.pth
2026-05-06 14:03:58,023 INFO src.train.trainer: Epoch 79
2026-05-06 14:03:58,302 INFO src.train.trainer: Last model at epoch 79 saved to checkpoints/lstm_20260506-140329/last_model_1.pth
2026-05-06 14:03:58,302 INFO src.train.trainer: Epoch 80
2026-05-06 14:03:58,579 INFO src.train.trainer: Last model at epoch 80 saved to checkpoints/lstm_20260506-140329/last_model_1.pth
2026-05-06 14:03:58,580 INFO src.train.trainer: Epoch 81
2026-05-06 14:03:58,844 INFO src.train.trainer: Last model at epoch 81 saved to checkpoints/lstm_20260506-140329/last_model_1.pth
2026-05-06 14:03:58,845 INFO src.train.trainer: Epoch 82
2026-05-06 14:03:59,126 INFO src.train.trainer: Last model at epoch 82 saved to checkpoints/lstm_20260506-140329/last_model_1.pth
2026-05-06 14:03:59,126 INFO src.train.trainer: Epoch 83
2026-05-06 14:03:59,407 INFO src.train.trainer: Last model at epoch 83 saved to checkpoints/lstm_20260506-140329/last_model_1.pth
2026-05-06 14:03:59,407 INFO src.train.trainer: Epoch 84
2026-05-06 14:03:59,685 INFO src.train.trainer: Last model at epoch 84 saved to checkpoints/lstm_20260506-140329/last_model_1.pth
2026-05-06 14:03:59,685 INFO src.train.trainer: Epoch 85
2026-05-06 14:03:59,962 INFO src.train.trainer: Last model at epoch 85 saved to checkpoints/lstm_20260506-140329/last_model_1.pth
2026-05-06 14:03:59,962 INFO src.train.trainer: Epoch 86
2026-05-06 14:04:00,238 INFO src.train.trainer: Last model at epoch 86 saved to checkpoints/lstm_20260506-140329/last_model_1.pth
2026-05-06 14:04:00,238 INFO src.train.trainer: Epoch 87
2026-05-06 14:04:00,514 INFO src.train.trainer: Last model at epoch 87 saved to checkpoints/lstm_20260506-140329/last_model_1.pth
2026-05-06 14:04:00,514 INFO src.train.trainer: Epoch 88
2026-05-06 14:04:00,782 INFO src.train.trainer: Last model at epoch 88 saved to checkpoints/lstm_20260506-140329/last_model_1.pth
2026-05-06 14:04:00,782 INFO src.train.trainer: Epoch 89
2026-05-06 14:04:01,056 INFO src.train.trainer: Last model at epoch 89 saved to checkpoints/lstm_20260506-140329/last_model_1.pth
2026-05-06 14:04:01,056 INFO src.train.trainer: Epoch 90
2026-05-06 14:04:01,333 INFO src.train.trainer: Last model at epoch 90 saved to checkpoints/lstm_20260506-140329/last_model_1.pth
2026-05-06 14:04:01,333 INFO src.train.trainer: Epoch 91
2026-05-06 14:04:01,620 INFO src.train.trainer: New best validation loss: 0.0132, saved to checkpoints/lstm_20260506-140329/best_model_1.pth
2026-05-06 14:04:01,628 INFO src.train.trainer: Last model at epoch 91 saved to checkpoints/lstm_20260506-140329/last_model_1.pth
2026-05-06 14:04:01,628 INFO src.train.trainer: Epoch 92
2026-05-06 14:04:01,898 INFO src.train.trainer: Last model at epoch 92 saved to checkpoints/lstm_20260506-140329/last_model_1.pth
2026-05-06 14:04:01,899 INFO src.train.trainer: Epoch 93
2026-05-06 14:04:02,172 INFO src.train.trainer: Last model at epoch 93 saved to checkpoints/lstm_20260506-140329/last_model_1.pth
2026-05-06 14:04:02,172 INFO src.train.trainer: Epoch 94
2026-05-06 14:04:02,449 INFO src.train.trainer: Last model at epoch 94 saved to checkpoints/lstm_20260506-140329/last_model_1.pth
2026-05-06 14:04:02,449 INFO src.train.trainer: Epoch 95
2026-05-06 14:04:02,701 INFO src.train.trainer: Last model at epoch 95 saved to checkpoints/lstm_20260506-140329/last_model_1.pth
2026-05-06 14:04:02,701 INFO src.train.trainer: Epoch 96
2026-05-06 14:04:02,964 INFO src.train.trainer: Last model at epoch 96 saved to checkpoints/lstm_20260506-140329/last_model_1.pth
2026-05-06 14:04:02,965 INFO src.train.trainer: Epoch 97
2026-05-06 14:04:03,242 INFO src.train.trainer: Last model at epoch 97 saved to checkpoints/lstm_20260506-140329/last_model_1.pth
2026-05-06 14:04:03,242 INFO src.train.trainer: Epoch 98
2026-05-06 14:04:03,518 INFO src.train.trainer: Last model at epoch 98 saved to checkpoints/lstm_20260506-140329/last_model_1.pth
2026-05-06 14:04:03,519 INFO src.train.trainer: Epoch 99
2026-05-06 14:04:03,804 INFO src.train.trainer: Last model at epoch 99 saved to checkpoints/lstm_20260506-140329/last_model_1.pth
2026-05-06 14:04:03,804 INFO src.train.trainer: Epoch 100
2026-05-06 14:04:04,094 INFO src.train.trainer: Last model at epoch 100 saved to checkpoints/lstm_20260506-140329/last_model_1.pth
2026-05-06 14:04:04,094 INFO src.train.trainer: Epoch 101
2026-05-06 14:04:04,371 INFO src.train.trainer: Last model at epoch 101 saved to checkpoints/lstm_20260506-140329/last_model_1.pth
2026-05-06 14:04:04,371 INFO src.train.trainer: Epoch 102
2026-05-06 14:04:04,650 INFO src.train.trainer: Last model at epoch 102 saved to checkpoints/lstm_20260506-140329/last_model_1.pth
2026-05-06 14:04:04,651 INFO src.train.trainer: Epoch 103
2026-05-06 14:04:04,926 INFO src.train.trainer: Last model at epoch 103 saved to checkpoints/lstm_20260506-140329/last_model_1.pth
2026-05-06 14:04:04,926 INFO src.train.trainer: Epoch 104
2026-05-06 14:04:05,209 INFO src.train.trainer: Last model at epoch 104 saved to checkpoints/lstm_20260506-140329/last_model_1.pth
2026-05-06 14:04:05,209 INFO src.train.trainer: Epoch 105
2026-05-06 14:04:05,453 INFO src.train.trainer: Last model at epoch 105 saved to checkpoints/lstm_20260506-140329/last_model_1.pth
2026-05-06 14:04:05,453 INFO src.train.trainer: Epoch 106
2026-05-06 14:04:05,723 INFO src.train.trainer: Last model at epoch 106 saved to checkpoints/lstm_20260506-140329/last_model_1.pth
2026-05-06 14:04:05,723 INFO src.train.trainer: Epoch 107
2026-05-06 14:04:06,003 INFO src.train.trainer: Last model at epoch 107 saved to checkpoints/lstm_20260506-140329/last_model_1.pth
2026-05-06 14:04:06,003 INFO src.train.trainer: Epoch 108
2026-05-06 14:04:06,289 INFO src.train.trainer: Last model at epoch 108 saved to checkpoints/lstm_20260506-140329/last_model_1.pth
2026-05-06 14:04:06,290 INFO src.train.trainer: Epoch 109
2026-05-06 14:04:06,569 INFO src.train.trainer: Last model at epoch 109 saved to checkpoints/lstm_20260506-140329/last_model_1.pth
2026-05-06 14:04:06,570 INFO src.train.trainer: Epoch 110
2026-05-06 14:04:06,843 INFO src.train.trainer: Last model at epoch 110 saved to checkpoints/lstm_20260506-140329/last_model_1.pth
2026-05-06 14:04:06,843 INFO src.train.trainer: Epoch 111
2026-05-06 14:04:07,121 INFO src.train.trainer: Last model at epoch 111 saved to checkpoints/lstm_20260506-140329/last_model_1.pth
2026-05-06 14:04:07,121 INFO src.train.trainer: Epoch 112
2026-05-06 14:04:07,397 INFO src.train.trainer: Last model at epoch 112 saved to checkpoints/lstm_20260506-140329/last_model_1.pth
2026-05-06 14:04:07,398 INFO src.train.trainer: Epoch 113
2026-05-06 14:04:07,675 INFO src.train.trainer: Last model at epoch 113 saved to checkpoints/lstm_20260506-140329/last_model_1.pth
2026-05-06 14:04:07,676 INFO src.train.trainer: Epoch 114
2026-05-06 14:04:07,954 INFO src.train.trainer: Last model at epoch 114 saved to checkpoints/lstm_20260506-140329/last_model_1.pth
2026-05-06 14:04:07,954 INFO src.train.trainer: Epoch 115
2026-05-06 14:04:08,234 INFO src.train.trainer: Last model at epoch 115 saved to checkpoints/lstm_20260506-140329/last_model_1.pth
2026-05-06 14:04:08,234 INFO src.train.trainer: Epoch 116
2026-05-06 14:04:08,511 INFO src.train.trainer: Last model at epoch 116 saved to checkpoints/lstm_20260506-140329/last_model_1.pth
2026-05-06 14:04:08,511 INFO src.train.trainer: Epoch 117
2026-05-06 14:04:08,812 INFO src.train.trainer: Last model at epoch 117 saved to checkpoints/lstm_20260506-140329/last_model_1.pth
2026-05-06 14:04:08,812 INFO src.train.trainer: Epoch 118
2026-05-06 14:04:09,096 INFO src.train.trainer: Last model at epoch 118 saved to checkpoints/lstm_20260506-140329/last_model_1.pth
2026-05-06 14:04:09,096 INFO src.train.trainer: Epoch 119
2026-05-06 14:04:09,376 INFO src.train.trainer: Last model at epoch 119 saved to checkpoints/lstm_20260506-140329/last_model_1.pth
2026-05-06 14:04:09,376 INFO src.train.trainer: Epoch 120
2026-05-06 14:04:09,653 INFO src.train.trainer: Last model at epoch 120 saved to checkpoints/lstm_20260506-140329/last_model_1.pth
2026-05-06 14:04:09,654 INFO src.train.trainer: Epoch 121
2026-05-06 14:04:09,928 INFO src.train.trainer: Last model at epoch 121 saved to checkpoints/lstm_20260506-140329/last_model_1.pth
2026-05-06 14:04:09,928 INFO src.train.trainer: Epoch 122
2026-05-06 14:04:10,179 INFO src.train.trainer: Last model at epoch 122 saved to checkpoints/lstm_20260506-140329/last_model_1.pth
2026-05-06 14:04:10,180 INFO src.train.trainer: Epoch 123
2026-05-06 14:04:10,438 INFO src.train.trainer: Last model at epoch 123 saved to checkpoints/lstm_20260506-140329/last_model_1.pth
2026-05-06 14:04:10,438 INFO src.train.trainer: Epoch 124
2026-05-06 14:04:10,709 INFO src.train.trainer: Last model at epoch 124 saved to checkpoints/lstm_20260506-140329/last_model_1.pth
2026-05-06 14:04:10,710 INFO src.train.trainer: Epoch 125
2026-05-06 14:04:10,984 INFO src.train.trainer: Last model at epoch 125 saved to checkpoints/lstm_20260506-140329/last_model_1.pth
2026-05-06 14:04:10,984 INFO src.train.trainer: Epoch 126
2026-05-06 14:04:11,267 INFO src.train.trainer: Last model at epoch 126 saved to checkpoints/lstm_20260506-140329/last_model_1.pth
2026-05-06 14:04:11,267 INFO src.train.trainer: Epoch 127
2026-05-06 14:04:11,552 INFO src.train.trainer: Last model at epoch 127 saved to checkpoints/lstm_20260506-140329/last_model_1.pth
2026-05-06 14:04:11,552 INFO src.train.trainer: Epoch 128
2026-05-06 14:04:11,832 INFO src.train.trainer: Last model at epoch 128 saved to checkpoints/lstm_20260506-140329/last_model_1.pth
2026-05-06 14:04:11,832 INFO src.train.trainer: Epoch 129
2026-05-06 14:04:12,096 INFO src.train.trainer: Last model at epoch 129 saved to checkpoints/lstm_20260506-140329/last_model_1.pth
2026-05-06 14:04:12,096 INFO src.train.trainer: Epoch 130
2026-05-06 14:04:12,376 INFO src.train.trainer: Last model at epoch 130 saved to checkpoints/lstm_20260506-140329/last_model_1.pth
2026-05-06 14:04:12,376 INFO src.train.trainer: Epoch 131
2026-05-06 14:04:12,652 INFO src.train.trainer: Last model at epoch 131 saved to checkpoints/lstm_20260506-140329/last_model_1.pth
2026-05-06 14:04:12,653 INFO src.train.trainer: Epoch 132
2026-05-06 14:04:12,930 INFO src.train.trainer: Last model at epoch 132 saved to checkpoints/lstm_20260506-140329/last_model_1.pth
2026-05-06 14:04:12,930 INFO src.train.trainer: Epoch 133
2026-05-06 14:04:13,209 INFO src.train.trainer: Last model at epoch 133 saved to checkpoints/lstm_20260506-140329/last_model_1.pth
2026-05-06 14:04:13,209 INFO src.train.trainer: Epoch 134
2026-05-06 14:04:13,482 INFO src.train.trainer: Last model at epoch 134 saved to checkpoints/lstm_20260506-140329/last_model_1.pth
2026-05-06 14:04:13,482 INFO src.train.trainer: Epoch 135
2026-05-06 14:04:13,737 INFO src.train.trainer: Last model at epoch 135 saved to checkpoints/lstm_20260506-140329/last_model_1.pth
2026-05-06 14:04:13,738 INFO src.train.trainer: Epoch 136
2026-05-06 14:04:14,008 INFO src.train.trainer: Last model at epoch 136 saved to checkpoints/lstm_20260506-140329/last_model_1.pth
2026-05-06 14:04:14,009 INFO src.train.trainer: Epoch 137
2026-05-06 14:04:14,288 INFO src.train.trainer: Last model at epoch 137 saved to checkpoints/lstm_20260506-140329/last_model_1.pth
2026-05-06 14:04:14,288 INFO src.train.trainer: Epoch 138
2026-05-06 14:04:14,568 INFO src.train.trainer: Last model at epoch 138 saved to checkpoints/lstm_20260506-140329/last_model_1.pth
2026-05-06 14:04:14,568 INFO src.train.trainer: Epoch 139
2026-05-06 14:04:14,802 INFO src.train.trainer: Last model at epoch 139 saved to checkpoints/lstm_20260506-140329/last_model_1.pth
2026-05-06 14:04:14,802 INFO src.train.trainer: Epoch 140
2026-05-06 14:04:15,050 INFO src.train.trainer: Last model at epoch 140 saved to checkpoints/lstm_20260506-140329/last_model_1.pth
2026-05-06 14:04:15,050 INFO src.train.trainer: Epoch 141
2026-05-06 14:04:15,291 INFO src.train.trainer: Last model at epoch 141 saved to checkpoints/lstm_20260506-140329/last_model_1.pth
2026-05-06 14:04:15,291 INFO src.train.trainer: Epoch 142
2026-05-06 14:04:15,590 INFO src.train.trainer: Last model at epoch 142 saved to checkpoints/lstm_20260506-140329/last_model_1.pth
2026-05-06 14:04:15,590 INFO src.train.trainer: Epoch 143
2026-05-06 14:04:15,856 INFO src.train.trainer: Last model at epoch 143 saved to checkpoints/lstm_20260506-140329/last_model_1.pth
2026-05-06 14:04:15,856 INFO src.train.trainer: Epoch 144
2026-05-06 14:04:16,131 INFO src.train.trainer: Last model at epoch 144 saved to checkpoints/lstm_20260506-140329/last_model_1.pth
2026-05-06 14:04:16,132 INFO src.train.trainer: Epoch 145
2026-05-06 14:04:16,405 INFO src.train.trainer: Last model at epoch 145 saved to checkpoints/lstm_20260506-140329/last_model_1.pth
2026-05-06 14:04:16,406 INFO src.train.trainer: Epoch 146
2026-05-06 14:04:16,686 INFO src.train.trainer: Last model at epoch 146 saved to checkpoints/lstm_20260506-140329/last_model_1.pth
2026-05-06 14:04:16,687 INFO src.train.trainer: Epoch 147
2026-05-06 14:04:16,964 INFO src.train.trainer: Last model at epoch 147 saved to checkpoints/lstm_20260506-140329/last_model_1.pth
2026-05-06 14:04:16,964 INFO src.train.trainer: Epoch 148
2026-05-06 14:04:17,245 INFO src.train.trainer: Last model at epoch 148 saved to checkpoints/lstm_20260506-140329/last_model_1.pth
2026-05-06 14:04:17,245 INFO src.train.trainer: Epoch 149
2026-05-06 14:04:17,510 INFO src.train.trainer: Last model at epoch 149 saved to checkpoints/lstm_20260506-140329/last_model_1.pth
2026-05-06 14:04:17,510 INFO src.train.trainer: Epoch 150
2026-05-06 14:04:17,794 INFO src.train.trainer: Last model at epoch 150 saved to checkpoints/lstm_20260506-140329/last_model_1.pth
2026-05-06 14:04:17,795 INFO src.train.trainer: Epoch 151
2026-05-06 14:04:18,081 INFO src.train.trainer: Last model at epoch 151 saved to checkpoints/lstm_20260506-140329/last_model_1.pth
2026-05-06 14:04:18,081 INFO src.train.trainer: Epoch 152
2026-05-06 14:04:18,364 INFO src.train.trainer: Last model at epoch 152 saved to checkpoints/lstm_20260506-140329/last_model_1.pth
2026-05-06 14:04:18,364 INFO src.train.trainer: Epoch 153
2026-05-06 14:04:18,645 INFO src.train.trainer: Last model at epoch 153 saved to checkpoints/lstm_20260506-140329/last_model_1.pth
2026-05-06 14:04:18,645 INFO src.train.trainer: Epoch 154
2026-05-06 14:04:18,920 INFO src.train.trainer: Last model at epoch 154 saved to checkpoints/lstm_20260506-140329/last_model_1.pth
2026-05-06 14:04:18,920 INFO src.train.trainer: Epoch 155
2026-05-06 14:04:19,182 INFO src.train.trainer: Last model at epoch 155 saved to checkpoints/lstm_20260506-140329/last_model_1.pth
2026-05-06 14:04:19,183 INFO src.train.trainer: Epoch 156
2026-05-06 14:04:19,461 INFO src.train.trainer: Last model at epoch 156 saved to checkpoints/lstm_20260506-140329/last_model_1.pth
2026-05-06 14:04:19,462 INFO src.train.trainer: Epoch 157
2026-05-06 14:04:19,742 INFO src.train.trainer: Last model at epoch 157 saved to checkpoints/lstm_20260506-140329/last_model_1.pth
2026-05-06 14:04:19,743 INFO src.train.trainer: Epoch 158
2026-05-06 14:04:20,024 INFO src.train.trainer: Last model at epoch 158 saved to checkpoints/lstm_20260506-140329/last_model_1.pth
2026-05-06 14:04:20,024 INFO src.train.trainer: Epoch 159
2026-05-06 14:04:20,294 INFO src.train.trainer: Last model at epoch 159 saved to checkpoints/lstm_20260506-140329/last_model_1.pth
2026-05-06 14:04:20,294 INFO src.train.trainer: Epoch 160
2026-05-06 14:04:20,557 INFO src.train.trainer: Last model at epoch 160 saved to checkpoints/lstm_20260506-140329/last_model_1.pth
2026-05-06 14:04:20,557 INFO src.train.trainer: Epoch 161
2026-05-06 14:04:20,817 INFO src.train.trainer: Last model at epoch 161 saved to checkpoints/lstm_20260506-140329/last_model_1.pth
2026-05-06 14:04:20,818 INFO src.train.trainer: Epoch 162
2026-05-06 14:04:21,098 INFO src.train.trainer: Last model at epoch 162 saved to checkpoints/lstm_20260506-140329/last_model_1.pth
2026-05-06 14:04:21,098 INFO src.train.trainer: Epoch 163
2026-05-06 14:04:21,374 INFO src.train.trainer: Last model at epoch 163 saved to checkpoints/lstm_20260506-140329/last_model_1.pth
2026-05-06 14:04:21,374 INFO src.train.trainer: Epoch 164
2026-05-06 14:04:21,653 INFO src.train.trainer: Last model at epoch 164 saved to checkpoints/lstm_20260506-140329/last_model_1.pth
2026-05-06 14:04:21,653 INFO src.train.trainer: Epoch 165
2026-05-06 14:04:21,932 INFO src.train.trainer: Last model at epoch 165 saved to checkpoints/lstm_20260506-140329/last_model_1.pth
2026-05-06 14:04:21,932 INFO src.train.trainer: Epoch 166
2026-05-06 14:04:22,211 INFO src.train.trainer: Last model at epoch 166 saved to checkpoints/lstm_20260506-140329/last_model_1.pth
2026-05-06 14:04:22,211 INFO src.train.trainer: Epoch 167
2026-05-06 14:04:22,468 INFO src.train.trainer: Last model at epoch 167 saved to checkpoints/lstm_20260506-140329/last_model_1.pth
2026-05-06 14:04:22,468 INFO src.train.trainer: Epoch 168
2026-05-06 14:04:22,738 INFO src.train.trainer: Last model at epoch 168 saved to checkpoints/lstm_20260506-140329/last_model_1.pth
2026-05-06 14:04:22,738 INFO src.train.trainer: Epoch 169
2026-05-06 14:04:23,016 INFO src.train.trainer: Last model at epoch 169 saved to checkpoints/lstm_20260506-140329/last_model_1.pth
2026-05-06 14:04:23,017 INFO src.train.trainer: Epoch 170
2026-05-06 14:04:23,293 INFO src.train.trainer: Last model at epoch 170 saved to checkpoints/lstm_20260506-140329/last_model_1.pth
2026-05-06 14:04:23,293 INFO src.train.trainer: Epoch 171
2026-05-06 14:04:23,573 INFO src.train.trainer: Last model at epoch 171 saved to checkpoints/lstm_20260506-140329/last_model_1.pth
2026-05-06 14:04:23,574 INFO src.train.trainer: Epoch 172
2026-05-06 14:04:23,851 INFO src.train.trainer: Last model at epoch 172 saved to checkpoints/lstm_20260506-140329/last_model_1.pth
2026-05-06 14:04:23,851 INFO src.train.trainer: Epoch 173
2026-05-06 14:04:24,131 INFO src.train.trainer: Last model at epoch 173 saved to checkpoints/lstm_20260506-140329/last_model_1.pth
2026-05-06 14:04:24,131 INFO src.train.trainer: Epoch 174
2026-05-06 14:04:24,412 INFO src.train.trainer: Last model at epoch 174 saved to checkpoints/lstm_20260506-140329/last_model_1.pth
2026-05-06 14:04:24,412 INFO src.train.trainer: Epoch 175
2026-05-06 14:04:24,690 INFO src.train.trainer: Last model at epoch 175 saved to checkpoints/lstm_20260506-140329/last_model_1.pth
2026-05-06 14:04:24,690 INFO src.train.trainer: Epoch 176
2026-05-06 14:04:24,969 INFO src.train.trainer: Last model at epoch 176 saved to checkpoints/lstm_20260506-140329/last_model_1.pth
2026-05-06 14:04:24,970 INFO src.train.trainer: Epoch 177
2026-05-06 14:04:25,251 INFO src.train.trainer: Last model at epoch 177 saved to checkpoints/lstm_20260506-140329/last_model_1.pth
2026-05-06 14:04:25,251 INFO src.train.trainer: Epoch 178
2026-05-06 14:04:25,528 INFO src.train.trainer: Last model at epoch 178 saved to checkpoints/lstm_20260506-140329/last_model_1.pth
2026-05-06 14:04:25,528 INFO src.train.trainer: Epoch 179
2026-05-06 14:04:25,811 INFO src.train.trainer: Last model at epoch 179 saved to checkpoints/lstm_20260506-140329/last_model_1.pth
2026-05-06 14:04:25,812 INFO src.train.trainer: Epoch 180
2026-05-06 14:04:26,083 INFO src.train.trainer: Last model at epoch 180 saved to checkpoints/lstm_20260506-140329/last_model_1.pth
2026-05-06 14:04:26,083 INFO src.train.trainer: Epoch 181
2026-05-06 14:04:26,363 INFO src.train.trainer: Last model at epoch 181 saved to checkpoints/lstm_20260506-140329/last_model_1.pth
2026-05-06 14:04:26,363 INFO src.train.trainer: Epoch 182
2026-05-06 14:04:26,639 INFO src.train.trainer: Last model at epoch 182 saved to checkpoints/lstm_20260506-140329/last_model_1.pth
2026-05-06 14:04:26,640 INFO src.train.trainer: Epoch 183
2026-05-06 14:04:26,917 INFO src.train.trainer: Last model at epoch 183 saved to checkpoints/lstm_20260506-140329/last_model_1.pth
2026-05-06 14:04:26,918 INFO src.train.trainer: Epoch 184
2026-05-06 14:04:27,191 INFO src.train.trainer: Last model at epoch 184 saved to checkpoints/lstm_20260506-140329/last_model_1.pth
2026-05-06 14:04:27,192 INFO src.train.trainer: Epoch 185
2026-05-06 14:04:27,469 INFO src.train.trainer: Last model at epoch 185 saved to checkpoints/lstm_20260506-140329/last_model_1.pth
2026-05-06 14:04:27,469 INFO src.train.trainer: Epoch 186
2026-05-06 14:04:27,746 INFO src.train.trainer: Last model at epoch 186 saved to checkpoints/lstm_20260506-140329/last_model_1.pth
2026-05-06 14:04:27,746 INFO src.train.trainer: Epoch 187
2026-05-06 14:04:28,017 INFO src.train.trainer: Last model at epoch 187 saved to checkpoints/lstm_20260506-140329/last_model_1.pth
2026-05-06 14:04:28,018 INFO src.train.trainer: Epoch 188
2026-05-06 14:04:28,301 INFO src.train.trainer: Last model at epoch 188 saved to checkpoints/lstm_20260506-140329/last_model_1.pth
2026-05-06 14:04:28,301 INFO src.train.trainer: Epoch 189
2026-05-06 14:04:28,579 INFO src.train.trainer: Last model at epoch 189 saved to checkpoints/lstm_20260506-140329/last_model_1.pth
2026-05-06 14:04:28,579 INFO src.train.trainer: Epoch 190
2026-05-06 14:04:28,857 INFO src.train.trainer: Last model at epoch 190 saved to checkpoints/lstm_20260506-140329/last_model_1.pth
2026-05-06 14:04:28,857 INFO src.train.trainer: Epoch 191
2026-05-06 14:04:29,135 INFO src.train.trainer: Last model at epoch 191 saved to checkpoints/lstm_20260506-140329/last_model_1.pth
2026-05-06 14:04:29,135 INFO src.train.trainer: Epoch 192
2026-05-06 14:04:29,399 INFO src.train.trainer: Last model at epoch 192 saved to checkpoints/lstm_20260506-140329/last_model_1.pth
2026-05-06 14:04:29,399 INFO src.train.trainer: Epoch 193
2026-05-06 14:04:29,683 INFO src.train.trainer: Last model at epoch 193 saved to checkpoints/lstm_20260506-140329/last_model_1.pth
2026-05-06 14:04:29,683 INFO src.train.trainer: Epoch 194
2026-05-06 14:04:29,963 INFO src.train.trainer: Last model at epoch 194 saved to checkpoints/lstm_20260506-140329/last_model_1.pth
2026-05-06 14:04:29,964 INFO src.train.trainer: Epoch 195
2026-05-06 14:04:30,248 INFO src.train.trainer: Last model at epoch 195 saved to checkpoints/lstm_20260506-140329/last_model_1.pth
2026-05-06 14:04:30,248 INFO src.train.trainer: Epoch 196
2026-05-06 14:04:30,525 INFO src.train.trainer: Last model at epoch 196 saved to checkpoints/lstm_20260506-140329/last_model_1.pth
2026-05-06 14:04:30,526 INFO src.train.trainer: Epoch 197
2026-05-06 14:04:30,809 INFO src.train.trainer: Last model at epoch 197 saved to checkpoints/lstm_20260506-140329/last_model_1.pth
2026-05-06 14:04:30,809 INFO src.train.trainer: Epoch 198
2026-05-06 14:04:31,071 INFO src.train.trainer: Last model at epoch 198 saved to checkpoints/lstm_20260506-140329/last_model_1.pth
2026-05-06 14:04:31,071 INFO src.train.trainer: Epoch 199
2026-05-06 14:04:31,353 INFO src.train.trainer: Last model at epoch 199 saved to checkpoints/lstm_20260506-140329/last_model_1.pth
2026-05-06 14:04:31,353 INFO src.train.trainer: Epoch 200
2026-05-06 14:04:31,633 INFO src.train.trainer: Last model at epoch 200 saved to checkpoints/lstm_20260506-140329/last_model_1.pth
2026-05-06 14:04:31,633 INFO src.train.trainer: Epoch 201
2026-05-06 14:04:31,913 INFO src.train.trainer: Last model at epoch 201 saved to checkpoints/lstm_20260506-140329/last_model_1.pth
2026-05-06 14:04:31,913 INFO src.train.trainer: Epoch 202
2026-05-06 14:04:32,194 INFO src.train.trainer: Last model at epoch 202 saved to checkpoints/lstm_20260506-140329/last_model_1.pth
2026-05-06 14:04:32,194 INFO src.train.trainer: Epoch 203
2026-05-06 14:04:32,475 INFO src.train.trainer: Last model at epoch 203 saved to checkpoints/lstm_20260506-140329/last_model_1.pth
2026-05-06 14:04:32,475 INFO src.train.trainer: Epoch 204
2026-05-06 14:04:32,756 INFO src.train.trainer: Last model at epoch 204 saved to checkpoints/lstm_20260506-140329/last_model_1.pth
2026-05-06 14:04:32,756 INFO src.train.trainer: Epoch 205
2026-05-06 14:04:33,043 INFO src.train.trainer: Last model at epoch 205 saved to checkpoints/lstm_20260506-140329/last_model_1.pth
2026-05-06 14:04:33,044 INFO src.train.trainer: Epoch 206
2026-05-06 14:04:33,322 INFO src.train.trainer: Last model at epoch 206 saved to checkpoints/lstm_20260506-140329/last_model_1.pth
2026-05-06 14:04:33,322 INFO src.train.trainer: Epoch 207
2026-05-06 14:04:33,604 INFO src.train.trainer: Last model at epoch 207 saved to checkpoints/lstm_20260506-140329/last_model_1.pth
2026-05-06 14:04:33,605 INFO src.train.trainer: Epoch 208
2026-05-06 14:04:33,884 INFO src.train.trainer: Last model at epoch 208 saved to checkpoints/lstm_20260506-140329/last_model_1.pth
2026-05-06 14:04:33,884 INFO src.train.trainer: Epoch 209
2026-05-06 14:04:34,162 INFO src.train.trainer: Last model at epoch 209 saved to checkpoints/lstm_20260506-140329/last_model_1.pth
2026-05-06 14:04:34,162 INFO src.train.trainer: Epoch 210
2026-05-06 14:04:34,440 INFO src.train.trainer: Last model at epoch 210 saved to checkpoints/lstm_20260506-140329/last_model_1.pth
2026-05-06 14:04:34,440 INFO src.train.trainer: Epoch 211
2026-05-06 14:04:34,718 INFO src.train.trainer: Last model at epoch 211 saved to checkpoints/lstm_20260506-140329/last_model_1.pth
2026-05-06 14:04:34,718 INFO src.train.trainer: Epoch 212
2026-05-06 14:04:34,969 INFO src.train.trainer: Last model at epoch 212 saved to checkpoints/lstm_20260506-140329/last_model_1.pth
2026-05-06 14:04:34,969 INFO src.train.trainer: Epoch 213
2026-05-06 14:04:35,196 INFO src.train.trainer: Last model at epoch 213 saved to checkpoints/lstm_20260506-140329/last_model_1.pth
2026-05-06 14:04:35,196 INFO src.train.trainer: Epoch 214
2026-05-06 14:04:35,460 INFO src.train.trainer: Last model at epoch 214 saved to checkpoints/lstm_20260506-140329/last_model_1.pth
2026-05-06 14:04:35,460 INFO src.train.trainer: Epoch 215
2026-05-06 14:04:35,750 INFO src.train.trainer: Last model at epoch 215 saved to checkpoints/lstm_20260506-140329/last_model_1.pth
2026-05-06 14:04:35,750 INFO src.train.trainer: Epoch 216
2026-05-06 14:04:35,954 INFO src.train.trainer: Last model at epoch 216 saved to checkpoints/lstm_20260506-140329/last_model_1.pth
2026-05-06 14:04:35,954 INFO src.train.trainer: Epoch 217
2026-05-06 14:04:36,208 INFO src.train.trainer: Last model at epoch 217 saved to checkpoints/lstm_20260506-140329/last_model_1.pth
2026-05-06 14:04:36,208 INFO src.train.trainer: Epoch 218
2026-05-06 14:04:36,483 INFO src.train.trainer: Last model at epoch 218 saved to checkpoints/lstm_20260506-140329/last_model_1.pth
2026-05-06 14:04:36,484 INFO src.train.trainer: Epoch 219
2026-05-06 14:04:36,762 INFO src.train.trainer: Last model at epoch 219 saved to checkpoints/lstm_20260506-140329/last_model_1.pth
2026-05-06 14:04:36,762 INFO src.train.trainer: Epoch 220
2026-05-06 14:04:37,041 INFO src.train.trainer: Last model at epoch 220 saved to checkpoints/lstm_20260506-140329/last_model_1.pth
2026-05-06 14:04:37,041 INFO src.train.trainer: Epoch 221
2026-05-06 14:04:37,308 INFO src.train.trainer: Last model at epoch 221 saved to checkpoints/lstm_20260506-140329/last_model_1.pth
2026-05-06 14:04:37,308 INFO src.train.trainer: Epoch 222
2026-05-06 14:04:37,582 INFO src.train.trainer: Last model at epoch 222 saved to checkpoints/lstm_20260506-140329/last_model_1.pth
2026-05-06 14:04:37,583 INFO src.train.trainer: Epoch 223
2026-05-06 14:04:37,862 INFO src.train.trainer: Last model at epoch 223 saved to checkpoints/lstm_20260506-140329/last_model_1.pth
2026-05-06 14:04:37,863 INFO src.train.trainer: Epoch 224
2026-05-06 14:04:38,143 INFO src.train.trainer: Last model at epoch 224 saved to checkpoints/lstm_20260506-140329/last_model_1.pth
2026-05-06 14:04:38,144 INFO src.train.trainer: Epoch 225
2026-05-06 14:04:38,415 INFO src.train.trainer: Last model at epoch 225 saved to checkpoints/lstm_20260506-140329/last_model_1.pth
2026-05-06 14:04:38,415 INFO src.train.trainer: Epoch 226
2026-05-06 14:04:38,690 INFO src.train.trainer: Last model at epoch 226 saved to checkpoints/lstm_20260506-140329/last_model_1.pth
2026-05-06 14:04:38,690 INFO src.train.trainer: Epoch 227
2026-05-06 14:04:38,972 INFO src.train.trainer: Last model at epoch 227 saved to checkpoints/lstm_20260506-140329/last_model_1.pth
2026-05-06 14:04:38,972 INFO src.train.trainer: Epoch 228
2026-05-06 14:04:39,252 INFO src.train.trainer: Last model at epoch 228 saved to checkpoints/lstm_20260506-140329/last_model_1.pth
2026-05-06 14:04:39,252 INFO src.train.trainer: Epoch 229
2026-05-06 14:04:39,563 INFO src.train.trainer: Last model at epoch 229 saved to checkpoints/lstm_20260506-140329/last_model_1.pth
2026-05-06 14:04:39,563 INFO src.train.trainer: Epoch 230
2026-05-06 14:04:39,840 INFO src.train.trainer: Last model at epoch 230 saved to checkpoints/lstm_20260506-140329/last_model_1.pth
2026-05-06 14:04:39,840 INFO src.train.trainer: Epoch 231
2026-05-06 14:04:40,123 INFO src.train.trainer: Last model at epoch 231 saved to checkpoints/lstm_20260506-140329/last_model_1.pth
2026-05-06 14:04:40,123 INFO src.train.trainer: Epoch 232
2026-05-06 14:04:40,303 INFO src.train.trainer: Last model at epoch 232 saved to checkpoints/lstm_20260506-140329/last_model_1.pth
2026-05-06 14:04:40,303 INFO src.train.trainer: Epoch 233
2026-05-06 14:04:40,538 INFO src.train.trainer: Last model at epoch 233 saved to checkpoints/lstm_20260506-140329/last_model_1.pth
2026-05-06 14:04:40,539 INFO src.train.trainer: Epoch 234
2026-05-06 14:04:40,814 INFO src.train.trainer: Last model at epoch 234 saved to checkpoints/lstm_20260506-140329/last_model_1.pth
2026-05-06 14:04:40,814 INFO src.train.trainer: Epoch 235
2026-05-06 14:04:41,216 INFO src.train.trainer: Last model at epoch 235 saved to checkpoints/lstm_20260506-140329/last_model_1.pth
2026-05-06 14:04:41,217 INFO src.train.trainer: Epoch 236
2026-05-06 14:04:41,502 INFO src.train.trainer: Last model at epoch 236 saved to checkpoints/lstm_20260506-140329/last_model_1.pth
2026-05-06 14:04:41,502 INFO src.train.trainer: Epoch 237
2026-05-06 14:04:41,780 INFO src.train.trainer: Last model at epoch 237 saved to checkpoints/lstm_20260506-140329/last_model_1.pth
2026-05-06 14:04:41,780 INFO src.train.trainer: Epoch 238
2026-05-06 14:04:42,061 INFO src.train.trainer: Last model at epoch 238 saved to checkpoints/lstm_20260506-140329/last_model_1.pth
2026-05-06 14:04:42,061 INFO src.train.trainer: Epoch 239
2026-05-06 14:04:42,337 INFO src.train.trainer: Last model at epoch 239 saved to checkpoints/lstm_20260506-140329/last_model_1.pth
2026-05-06 14:04:42,337 INFO src.train.trainer: Epoch 240
2026-05-06 14:04:42,620 INFO src.train.trainer: Last model at epoch 240 saved to checkpoints/lstm_20260506-140329/last_model_1.pth
2026-05-06 14:04:42,620 INFO src.train.trainer: Epoch 241
2026-05-06 14:04:42,898 INFO src.train.trainer: Last model at epoch 241 saved to checkpoints/lstm_20260506-140329/last_model_1.pth
2026-05-06 14:04:42,898 INFO src.train.trainer: Epoch 242
2026-05-06 14:04:43,176 INFO src.train.trainer: Last model at epoch 242 saved to checkpoints/lstm_20260506-140329/last_model_1.pth
2026-05-06 14:04:43,176 INFO src.train.trainer: Epoch 243
2026-05-06 14:04:43,431 INFO src.train.trainer: Last model at epoch 243 saved to checkpoints/lstm_20260506-140329/last_model_1.pth
2026-05-06 14:04:43,431 INFO src.train.trainer: Epoch 244
2026-05-06 14:04:43,697 INFO src.train.trainer: Last model at epoch 244 saved to checkpoints/lstm_20260506-140329/last_model_1.pth
2026-05-06 14:04:43,697 INFO src.train.trainer: Epoch 245
2026-05-06 14:04:43,972 INFO src.train.trainer: Last model at epoch 245 saved to checkpoints/lstm_20260506-140329/last_model_1.pth
2026-05-06 14:04:43,973 INFO src.train.trainer: Epoch 246
2026-05-06 14:04:44,248 INFO src.train.trainer: Last model at epoch 246 saved to checkpoints/lstm_20260506-140329/last_model_1.pth
2026-05-06 14:04:44,248 INFO src.train.trainer: Epoch 247
2026-05-06 14:04:44,526 INFO src.train.trainer: Last model at epoch 247 saved to checkpoints/lstm_20260506-140329/last_model_1.pth
2026-05-06 14:04:44,526 INFO src.train.trainer: Epoch 248
2026-05-06 14:04:44,796 INFO src.train.trainer: Last model at epoch 248 saved to checkpoints/lstm_20260506-140329/last_model_1.pth
2026-05-06 14:04:44,797 INFO src.train.trainer: Epoch 249
2026-05-06 14:04:45,081 INFO src.train.trainer: Last model at epoch 249 saved to checkpoints/lstm_20260506-140329/last_model_1.pth
2026-05-06 14:04:45,082 INFO src.train.trainer: Epoch 250
2026-05-06 14:04:45,347 INFO src.train.trainer: Last model at epoch 250 saved to checkpoints/lstm_20260506-140329/last_model_1.pth
2026-05-06 14:04:45,347 INFO src.train.trainer: Epoch 251
2026-05-06 14:04:45,612 INFO src.train.trainer: Last model at epoch 251 saved to checkpoints/lstm_20260506-140329/last_model_1.pth
2026-05-06 14:04:45,612 INFO src.train.trainer: Epoch 252
2026-05-06 14:04:45,889 INFO src.train.trainer: Last model at epoch 252 saved to checkpoints/lstm_20260506-140329/last_model_1.pth
2026-05-06 14:04:45,889 INFO src.train.trainer: Epoch 253
2026-05-06 14:04:46,169 INFO src.train.trainer: Last model at epoch 253 saved to checkpoints/lstm_20260506-140329/last_model_1.pth
2026-05-06 14:04:46,170 INFO src.train.trainer: Epoch 254
2026-05-06 14:04:46,445 INFO src.train.trainer: Last model at epoch 254 saved to checkpoints/lstm_20260506-140329/last_model_1.pth
2026-05-06 14:04:46,446 INFO src.train.trainer: Epoch 255
2026-05-06 14:04:46,724 INFO src.train.trainer: Last model at epoch 255 saved to checkpoints/lstm_20260506-140329/last_model_1.pth
2026-05-06 14:04:46,724 INFO src.train.trainer: Epoch 256
2026-05-06 14:04:47,003 INFO src.train.trainer: Last model at epoch 256 saved to checkpoints/lstm_20260506-140329/last_model_1.pth
2026-05-06 14:04:47,004 INFO src.train.trainer: Epoch 257
2026-05-06 14:04:47,284 INFO src.train.trainer: Last model at epoch 257 saved to checkpoints/lstm_20260506-140329/last_model_1.pth
2026-05-06 14:04:47,285 INFO src.train.trainer: Epoch 258
2026-05-06 14:04:47,557 INFO src.train.trainer: Last model at epoch 258 saved to checkpoints/lstm_20260506-140329/last_model_1.pth
2026-05-06 14:04:47,557 INFO src.train.trainer: Epoch 259
2026-05-06 14:04:47,837 INFO src.train.trainer: Last model at epoch 259 saved to checkpoints/lstm_20260506-140329/last_model_1.pth
2026-05-06 14:04:47,838 INFO src.train.trainer: Epoch 260
2026-05-06 14:04:48,118 INFO src.train.trainer: Last model at epoch 260 saved to checkpoints/lstm_20260506-140329/last_model_1.pth
2026-05-06 14:04:48,118 INFO src.train.trainer: Epoch 261
2026-05-06 14:04:48,394 INFO src.train.trainer: Last model at epoch 261 saved to checkpoints/lstm_20260506-140329/last_model_1.pth
2026-05-06 14:04:48,394 INFO src.train.trainer: Epoch 262
2026-05-06 14:04:48,670 INFO src.train.trainer: Last model at epoch 262 saved to checkpoints/lstm_20260506-140329/last_model_1.pth
2026-05-06 14:04:48,670 INFO src.train.trainer: Epoch 263
2026-05-06 14:04:48,947 INFO src.train.trainer: Last model at epoch 263 saved to checkpoints/lstm_20260506-140329/last_model_1.pth
2026-05-06 14:04:48,947 INFO src.train.trainer: Epoch 264
2026-05-06 14:04:49,217 INFO src.train.trainer: Last model at epoch 264 saved to checkpoints/lstm_20260506-140329/last_model_1.pth
2026-05-06 14:04:49,218 INFO src.train.trainer: Epoch 265
2026-05-06 14:04:49,494 INFO src.train.trainer: Last model at epoch 265 saved to checkpoints/lstm_20260506-140329/last_model_1.pth
2026-05-06 14:04:49,494 INFO src.train.trainer: Epoch 266
2026-05-06 14:04:49,769 INFO src.train.trainer: Last model at epoch 266 saved to checkpoints/lstm_20260506-140329/last_model_1.pth
2026-05-06 14:04:49,769 INFO src.train.trainer: Epoch 267
2026-05-06 14:04:50,050 INFO src.train.trainer: Last model at epoch 267 saved to checkpoints/lstm_20260506-140329/last_model_1.pth
2026-05-06 14:04:50,050 INFO src.train.trainer: Epoch 268
2026-05-06 14:04:50,320 INFO src.train.trainer: Last model at epoch 268 saved to checkpoints/lstm_20260506-140329/last_model_1.pth
2026-05-06 14:04:50,321 INFO src.train.trainer: Epoch 269
2026-05-06 14:04:50,583 INFO src.train.trainer: Last model at epoch 269 saved to checkpoints/lstm_20260506-140329/last_model_1.pth
2026-05-06 14:04:50,584 INFO src.train.trainer: Epoch 270
2026-05-06 14:04:50,851 INFO src.train.trainer: Last model at epoch 270 saved to checkpoints/lstm_20260506-140329/last_model_1.pth
2026-05-06 14:04:50,851 INFO src.train.trainer: Epoch 271
2026-05-06 14:04:51,121 INFO src.train.trainer: Last model at epoch 271 saved to checkpoints/lstm_20260506-140329/last_model_1.pth
2026-05-06 14:04:51,122 INFO src.train.trainer: Epoch 272
2026-05-06 14:04:51,391 INFO src.train.trainer: Last model at epoch 272 saved to checkpoints/lstm_20260506-140329/last_model_1.pth
2026-05-06 14:04:51,391 INFO src.train.trainer: Epoch 273
2026-05-06 14:04:51,661 INFO src.train.trainer: Last model at epoch 273 saved to checkpoints/lstm_20260506-140329/last_model_1.pth
2026-05-06 14:04:51,662 INFO src.train.trainer: Epoch 274
2026-05-06 14:04:51,947 INFO src.train.trainer: Last model at epoch 274 saved to checkpoints/lstm_20260506-140329/last_model_1.pth
2026-05-06 14:04:51,947 INFO src.train.trainer: Epoch 275
2026-05-06 14:04:52,229 INFO src.train.trainer: Last model at epoch 275 saved to checkpoints/lstm_20260506-140329/last_model_1.pth
2026-05-06 14:04:52,229 INFO src.train.trainer: Epoch 276
2026-05-06 14:04:52,490 INFO src.train.trainer: Last model at epoch 276 saved to checkpoints/lstm_20260506-140329/last_model_1.pth
2026-05-06 14:04:52,490 INFO src.train.trainer: Epoch 277
2026-05-06 14:04:52,780 INFO src.train.trainer: Last model at epoch 277 saved to checkpoints/lstm_20260506-140329/last_model_1.pth
2026-05-06 14:04:52,780 INFO src.train.trainer: Epoch 278
2026-05-06 14:04:53,053 INFO src.train.trainer: Last model at epoch 278 saved to checkpoints/lstm_20260506-140329/last_model_1.pth
2026-05-06 14:04:53,054 INFO src.train.trainer: Epoch 279
2026-05-06 14:04:53,335 INFO src.train.trainer: Last model at epoch 279 saved to checkpoints/lstm_20260506-140329/last_model_1.pth
2026-05-06 14:04:53,336 INFO src.train.trainer: Epoch 280
2026-05-06 14:04:53,633 INFO src.train.trainer: Last model at epoch 280 saved to checkpoints/lstm_20260506-140329/last_model_1.pth
2026-05-06 14:04:53,633 INFO src.train.trainer: Epoch 281
2026-05-06 14:04:53,910 INFO src.train.trainer: Last model at epoch 281 saved to checkpoints/lstm_20260506-140329/last_model_1.pth
2026-05-06 14:04:53,910 INFO src.train.trainer: Epoch 282
2026-05-06 14:04:54,199 INFO src.train.trainer: Last model at epoch 282 saved to checkpoints/lstm_20260506-140329/last_model_1.pth
2026-05-06 14:04:54,200 INFO src.train.trainer: Epoch 283
2026-05-06 14:04:54,510 INFO src.train.trainer: Last model at epoch 283 saved to checkpoints/lstm_20260506-140329/last_model_1.pth
2026-05-06 14:04:54,511 INFO src.train.trainer: Epoch 284
2026-05-06 14:04:54,740 INFO src.train.trainer: Last model at epoch 284 saved to checkpoints/lstm_20260506-140329/last_model_1.pth
2026-05-06 14:04:54,740 INFO src.train.trainer: Epoch 285
2026-05-06 14:04:55,003 INFO src.train.trainer: Last model at epoch 285 saved to checkpoints/lstm_20260506-140329/last_model_1.pth
2026-05-06 14:04:55,003 INFO src.train.trainer: Epoch 286
2026-05-06 14:04:55,288 INFO src.train.trainer: Last model at epoch 286 saved to checkpoints/lstm_20260506-140329/last_model_1.pth
2026-05-06 14:04:55,288 INFO src.train.trainer: Epoch 287
2026-05-06 14:04:55,558 INFO src.train.trainer: Last model at epoch 287 saved to checkpoints/lstm_20260506-140329/last_model_1.pth
2026-05-06 14:04:55,558 INFO src.train.trainer: Epoch 288
2026-05-06 14:04:55,819 INFO src.train.trainer: Last model at epoch 288 saved to checkpoints/lstm_20260506-140329/last_model_1.pth
2026-05-06 14:04:55,820 INFO src.train.trainer: Epoch 289
2026-05-06 14:04:56,097 INFO src.train.trainer: Last model at epoch 289 saved to checkpoints/lstm_20260506-140329/last_model_1.pth
2026-05-06 14:04:56,098 INFO src.train.trainer: Epoch 290
2026-05-06 14:04:56,376 INFO src.train.trainer: Last model at epoch 290 saved to checkpoints/lstm_20260506-140329/last_model_1.pth
2026-05-06 14:04:56,376 INFO src.train.trainer: Epoch 291
2026-05-06 14:04:56,647 INFO src.train.trainer: Last model at epoch 291 saved to checkpoints/lstm_20260506-140329/last_model_1.pth
2026-05-06 14:04:56,647 INFO src.train.trainer: Epoch 292
2026-05-06 14:04:56,943 INFO src.train.trainer: Last model at epoch 292 saved to checkpoints/lstm_20260506-140329/last_model_1.pth
2026-05-06 14:04:56,944 INFO src.train.trainer: Epoch 293
2026-05-06 14:04:57,225 INFO src.train.trainer: Last model at epoch 293 saved to checkpoints/lstm_20260506-140329/last_model_1.pth
2026-05-06 14:04:57,225 INFO src.train.trainer: Epoch 294
2026-05-06 14:04:57,499 INFO src.train.trainer: Last model at epoch 294 saved to checkpoints/lstm_20260506-140329/last_model_1.pth
2026-05-06 14:04:57,499 INFO src.train.trainer: Epoch 295
2026-05-06 14:04:57,789 INFO src.train.trainer: Last model at epoch 295 saved to checkpoints/lstm_20260506-140329/last_model_1.pth
2026-05-06 14:04:57,789 INFO src.train.trainer: Epoch 296
2026-05-06 14:04:58,045 INFO src.train.trainer: Last model at epoch 296 saved to checkpoints/lstm_20260506-140329/last_model_1.pth
2026-05-06 14:04:58,045 INFO src.train.trainer: Epoch 297
2026-05-06 14:04:58,194 INFO src.train.trainer: Last model at epoch 297 saved to checkpoints/lstm_20260506-140329/last_model_1.pth
2026-05-06 14:04:58,195 INFO src.train.trainer: Epoch 298
2026-05-06 14:04:58,406 INFO src.train.trainer: Last model at epoch 298 saved to checkpoints/lstm_20260506-140329/last_model_1.pth
2026-05-06 14:04:58,406 INFO src.train.trainer: Epoch 299
2026-05-06 14:04:58,640 INFO src.train.trainer: Last model at epoch 299 saved to checkpoints/lstm_20260506-140329/last_model_1.pth
2026-05-06 14:04:58,641 INFO src.train.trainer: Epoch 300
2026-05-06 14:04:58,895 INFO src.train.trainer: Last model at epoch 300 saved to checkpoints/lstm_20260506-140329/last_model_1.pth
2026-05-06 14:05:23,730 INFO src.data.preprocessing: CSV files found: ['chuandian_2021.csv']
2026-05-06 14:05:24,435 INFO src.utils.file_utils: Loading cached data from: data/ChuanDian/regressor/regressor_Mc_3_Mf_3_Tfore_180_Twindow_360_context_len_0_dt_10.pkl
2026-05-06 14:05:25,889 INFO src.data.lstm_loader: Original number of samples: 1819, number of samples after cleaning: 1819
2026-05-06 14:05:25,889 INFO src.data.lstm_loader: Replaced NaN values in X with 0.0
2026-05-06 14:05:26,311 INFO src.train.config_setup: load_specific_parts: None
2026-05-06 14:05:26,312 INFO src.train.config_setup: Checkpoint loaded: <All keys matched successfully>
2026-05-06 14:05:26,312 INFO src.train.config_setup: hyperparameters: {'model': 'lstm', 'task_type': 'regression', 'use_ema': False, 'batch_size': 64, 'accumulation_steps': 1, 'warmup_ratio': 0.1, 'learning_rate': 0.001, 'weight_decay': 0.01, 'scheduler_factor': None, 'scheduler_patience': None, 'scheduler_threshold': None, 'scheduler_min_lr': 1e-06, 'scheduler_type': 'step_warmup', 'step_lr_step_size_ratio': 0.2, 'step_lr_gamma': 0.5, 'lstm_hidden_size': 128, 'lstm_num_layers': 2, 'lstm_dropout': 0.3, 'output_activation': None, 'epochs': 300, 'save_dir': 'checkpoints/lstm_20260506-140329', 'cuda_id': '0', 'dataset': 'ChuanDian', 'criterion_name': 'smooth_l1', 'criterion_cfg': {'beta': 0.6}, 'seed': 0, 'Mc': 3, 'Mf': 3, 'mag_min': 3.0, 'mag_max': 9.0, 'Mag_elaps': [5.5, 6, 6.5, 7], 't_elaps_mode': 'window', 'Twindow': 360, 'Tfore': 180, 'dt': 10, 'context_len': 0, 'dMag': 0.1, 'split_by_time': True, 'lstm_feature_mode': 'external_sliding', 'time_step': 5, 'feature_cols': ['Num', 'Mag_max', 'Mag_mean', 'b_lsq', 'a_lsq', 'b_std_lsq', 'std_gr_lsq', 'b_mlk', 'a_mlk', 'b_std_mlk', 'std_gr_mlk', 'dM_lsq', 'dM_mlk', 'Energy_sqrt', 'prob_x7_lsq', 'prob_x7_mlk', 'beta', 'zvalue', 'T_elaps5.5', 'T_elaps6', 'T_elaps6.5', 'T_elaps7'], 'time_order': ['train', 'val', 'test'], 'cuda': True, 'start_epoch': 0, 'best_val_loss': inf}
2026-05-06 14:05:26,312 INFO src.train.config_setup: train_metrics: {'RMSE': 0.1239769497381084, 'MAE': 0.0913540489377231, 'MSE': 0.015370284066365456, 'MAPE': 23.765378383800336, 'R2': 0.08933680329549765, 'PearsonR': 0.32606552994511057, 'PearsonR_diff': -0.052864635631136955, 'DA': 0.04679972470750172}
2026-05-06 14:05:26,312 INFO src.train.config_setup: val_metrics: {'RMSE': 0.12581061560566378, 'MAE': 0.09666830465033814, 'MSE': 0.015828310999076094, 'MAPE': 22.895130997599157, 'R2': 0.04679253517177362, 'PearsonR': 0.3225130040071997, 'PearsonR_diff': -0.028449520587381504, 'DA': 0.03867403314917127}
2026-05-06 14:05:26,312 INFO src.train.config_setup: Using regression criterion: smooth_l1
2026-05-06 14:05:26,312 INFO src.train.config_setup: Criterion config: {'beta': 0.6}
2026-05-06 14:05:26,467 INFO __main__: Test loss: 0.014676473413904509
2026-05-06 14:05:27,245 INFO __main__: Saved test metrics to checkpoints/lstm_20260506-140329/metrics_test_best_1.json
2026-05-06 14:05:27,245 INFO __main__: Metrics: {'RMSE': 0.8024008583420223, 'MAE': 0.6776261459934255, 'MSE': 0.6438471374680141, 'MAPE': 14.69836707677626, 'R2': -0.9240305292870186, 'PearsonR': -0.3096151381532389, 'PearsonR_diff': -0.0017817379591082143, 'DA': 0.04945054945054945, 'SpearmanR': -0.3137279846988594, 'SpearmanR_diff': 0.007628106417184797, 'DTW': 107.47607946395874, 'DTW_normalized': 0.5873009806773701}
2026-05-06 14:05:54,794 INFO src.data.preprocessing: CSV files found: ['chuandian_2021.csv']
2026-05-06 14:05:55,564 INFO src.utils.file_utils: Loading cached data from: data/ChuanDian/regressor/regressor_Mc_3_Mf_3_Tfore_180_Twindow_360_context_len_0_dt_10.pkl
2026-05-06 14:05:56,932 INFO src.data.lstm_loader: Original number of samples: 1819, number of samples after cleaning: 1819
2026-05-06 14:05:56,932 INFO src.data.lstm_loader: Replaced NaN values in X with 0.0
2026-05-06 14:05:57,296 INFO src.train.config_setup: load_specific_parts: None
2026-05-06 14:05:57,296 INFO src.train.config_setup: Checkpoint loaded: <All keys matched successfully>
2026-05-06 14:05:57,297 INFO src.train.config_setup: hyperparameters: {'model': 'lstm', 'task_type': 'regression', 'use_ema': False, 'batch_size': 64, 'accumulation_steps': 1, 'warmup_ratio': 0.1, 'learning_rate': 0.001, 'weight_decay': 0.01, 'scheduler_factor': None, 'scheduler_patience': None, 'scheduler_threshold': None, 'scheduler_min_lr': 1e-06, 'scheduler_type': 'step_warmup', 'step_lr_step_size_ratio': 0.2, 'step_lr_gamma': 0.5, 'lstm_hidden_size': 128, 'lstm_num_layers': 2, 'lstm_dropout': 0.3, 'output_activation': None, 'epochs': 300, 'save_dir': 'checkpoints/lstm_20260506-140329', 'cuda_id': '0', 'dataset': 'ChuanDian', 'criterion_name': 'smooth_l1', 'criterion_cfg': {'beta': 0.6}, 'seed': 0, 'Mc': 3, 'Mf': 3, 'mag_min': 3.0, 'mag_max': 9.0, 'Mag_elaps': [5.5, 6, 6.5, 7], 't_elaps_mode': 'window', 'Twindow': 360, 'Tfore': 180, 'dt': 10, 'context_len': 0, 'dMag': 0.1, 'split_by_time': True, 'lstm_feature_mode': 'external_sliding', 'time_step': 5, 'feature_cols': ['Num', 'Mag_max', 'Mag_mean', 'b_lsq', 'a_lsq', 'b_std_lsq', 'std_gr_lsq', 'b_mlk', 'a_mlk', 'b_std_mlk', 'std_gr_mlk', 'dM_lsq', 'dM_mlk', 'Energy_sqrt', 'prob_x7_lsq', 'prob_x7_mlk', 'beta', 'zvalue', 'T_elaps5.5', 'T_elaps6', 'T_elaps6.5', 'T_elaps7'], 'time_order': ['train', 'val', 'test'], 'cuda': True, 'start_epoch': 0, 'best_val_loss': inf}
2026-05-06 14:05:57,297 INFO src.train.config_setup: train_metrics: {'RMSE': 0.10192481731130566, 'MAE': 0.07482107087170406, 'MSE': 0.010388668383943036, 'MAPE': 19.439981429663597, 'R2': 0.38448906219456336, 'PearsonR': 0.6206160465894575, 'PearsonR_diff': -0.006129194552381443, 'DA': 0.05505849965588438}
2026-05-06 14:05:57,297 INFO src.train.config_setup: val_metrics: {'RMSE': 0.1637652842205397, 'MAE': 0.1220760838343547, 'MSE': 0.02681906831583415, 'MAPE': 26.227032020979717, 'R2': -0.6150893244316131, 'PearsonR': 0.1261930677482094, 'PearsonR_diff': 0.013785413781854244, 'DA': 0.06077348066298342}
2026-05-06 14:05:57,297 INFO src.train.config_setup: Using regression criterion: smooth_l1
2026-05-06 14:05:57,297 INFO src.train.config_setup: Criterion config: {'beta': 0.6}
2026-05-06 14:05:57,462 INFO __main__: Test loss: 0.05206156335771084
2026-05-06 14:05:58,256 INFO __main__: Saved test metrics to checkpoints/lstm_20260506-140329/metrics_test_last_1.json
2026-05-06 14:05:58,256 INFO __main__: Metrics: {'RMSE': 1.523685453252826, 'MAE': 1.2883189701643147, 'MSE': 2.3216173604542694, 'MAPE': 27.259063725613895, 'R2': -5.937768949945311, 'PearsonR': -0.149786416493379, 'PearsonR_diff': 0.06447918866988248, 'DA': 0.06043956043956044, 'SpearmanR': -0.13551769882573766, 'SpearmanR_diff': 0.07103658243418749, 'DTW': 187.08050298690796, 'DTW_normalized': 1.0222978305295516}
