2026-05-20 11:16:42,891 INFO src.data.preprocessing: CSV files found: ['chuandian_2021.csv']
2026-05-20 11:16:43,915 INFO src.utils.file_utils: Loading cached data from: data/ChuanDian/classifier/classifier_Mc_3_Mf_5.0_Tfore_60_Twindow_180_context_len_1_dt_10.pkl
2026-05-20 11:16:44,350 INFO src.data.preprocessing: Catalog statistics: {'tau_unfiltered': 0.15339908988298961, 'tau_q025': 0.08114294020924717, 'tau_q05': 0.5134664350189269, 'tau_mean': 1.3070542199341526, 'tau_max': 25.18216435192153, 'tau_min': 0.0, 'time_max': 18770.72654999979, 'time_mean': 10030.9430649837, 'mag_completeness': 3.0, 'mag_mean': 3.456916005014626, 'mag_max': 8.0, 'mag_min': 3.0, 'b_value': 0.856738547623331, 'b_std': 0.0071499224812533796, 'b_n': 14358}
2026-05-20 11:16:44,368 INFO src.data.event_loader: lengths of samples: min=32, max=981, avg=129.55
2026-05-20 11:16:44,368 INFO src.data.event_loader: Number of positive samples: 808
2026-05-20 11:16:44,369 INFO src.data.event_loader: Number of negative samples: 651
2026-05-20 11:16:44,398 INFO src.data.event_loader: Positive samples: 673, Negative samples: 494
2026-05-20 11:16:44,398 INFO src.data.event_loader: Total samples: 1167, Positive ratio: 0.58, Negative ratio: 0.42
2026-05-20 11:16:44,398 INFO src.data.event_loader: Positive samples: 87, Negative samples: 58
2026-05-20 11:16:44,398 INFO src.data.event_loader: Total samples: 145, Positive ratio: 0.60, Negative ratio: 0.40
2026-05-20 11:16:44,398 INFO src.data.event_loader: Positive samples: 48, Negative samples: 99
2026-05-20 11:16:44,398 INFO src.data.event_loader: Total samples: 147, Positive ratio: 0.33, Negative ratio: 0.67
2026-05-20 11:16:44,607 INFO src.cli.workflows: Loading checkpoint from: ./checkpoints/mixer_tpp_20260508-182744/last_model_1.pth
2026-05-20 11:16:45,368 INFO src.models.adapters.mixer_task: using time scale base 1.3070542199341526 (key: tau_mean)
2026-05-20 11:16:45,369 INFO src.models.adapters.mixer_task: tau mean: tensor(1.3071)
2026-05-20 11:16:45,390 INFO src.train.config_setup: Restoring model from checkpoint.
2026-05-20 11:16:45,391 INFO src.train.config_setup: Loading model weights: load_specific_parts=['encoder']
2026-05-20 11:16:45,392 INFO src.train.config_setup: Selective load summary: requested_parts=['encoder'], target_in_model=40, matched_in_checkpoint=30, loaded=30, missing_after_load=10, shape_mismatch=0, missing_in_model=0, out_of_scope_loaded=0
2026-05-20 11:16:45,392 INFO src.train.config_setup: Selective load coverage [encoder]: target=40, hit=30, missing=10, complete=False
2026-05-20 11:16:45,392 WARNING src.train.config_setup: Selective load coverage missing preview [encoder]: ['base_model.encoder.layers.2.mixer.in_proj.bias', 'base_model.encoder.layers.2.mixer.in_proj.weight', 'base_model.encoder.layers.2.mixer.out_proj.bias', 'base_model.encoder.layers.2.mixer.out_proj.weight', 'base_model.encoder.layers.2.mlp.fc1.weight', 'base_model.encoder.layers.2.mlp.fc2.weight', 'base_model.encoder.layers.2.norm.bias', 'base_model.encoder.layers.2.norm.weight'] ... (+2 more)
2026-05-20 11:16:45,392 WARNING src.train.config_setup: Checkpoint missing target parameter preview: ['base_model.encoder.layers.2.mixer.in_proj.bias', 'base_model.encoder.layers.2.mixer.in_proj.weight', 'base_model.encoder.layers.2.mixer.out_proj.bias', 'base_model.encoder.layers.2.mixer.out_proj.weight', 'base_model.encoder.layers.2.mlp.fc1.weight', 'base_model.encoder.layers.2.mlp.fc2.weight', 'base_model.encoder.layers.2.norm.bias', 'base_model.encoder.layers.2.norm.weight', 'base_model.encoder.layers.2.norm2.bias', 'base_model.encoder.layers.2.norm2.weight']
2026-05-20 11:16:45,392 WARNING src.train.config_setup: Target not-loaded parameter preview: ['base_model.encoder.layers.2.mixer.in_proj.bias', 'base_model.encoder.layers.2.mixer.in_proj.weight', 'base_model.encoder.layers.2.mixer.out_proj.bias', 'base_model.encoder.layers.2.mixer.out_proj.weight', 'base_model.encoder.layers.2.mlp.fc1.weight', 'base_model.encoder.layers.2.mlp.fc2.weight', 'base_model.encoder.layers.2.norm.bias', 'base_model.encoder.layers.2.norm.weight', 'base_model.encoder.layers.2.norm2.bias', 'base_model.encoder.layers.2.norm2.weight']
2026-05-20 11:16:45,392 INFO src.train.config_setup: Loaded parameter preview: ['base_model.encoder.layers.0.mlp.fc2.weight', 'base_model.encoder.input_proj.3.weight', 'base_model.encoder.layers.1.norm.weight', 'base_model.encoder.layers.1.mixer.norm.weight', 'base_model.encoder.layers.1.mlp.fc1.weight', 'base_model.encoder.layers.0.mlp.fc1.weight', 'base_model.encoder.layers.1.norm2.weight', 'base_model.encoder.norm_f.weight', 'base_model.encoder.layers.0.norm2.bias', 'base_model.encoder.layers.0.mixer.in_proj.weight'] ... (+20 more)
2026-05-20 11:16:45,393 INFO src.train.config_setup: Checkpoint hyperparameters loaded.
2026-05-20 11:16:45,393 INFO src.train.config_setup: Checkpoint train metrics available.
2026-05-20 11:16:45,393 INFO src.train.config_setup: Checkpoint val metrics available.
2026-05-20 11:16:45,393 INFO src.train.config_setup: Freeze skipped (checkpoint_restore): freeze_parts is empty.
2026-05-20 11:16:45,394 INFO src.train.config_setup: Using classification criterion: focal
2026-05-20 11:16:45,394 INFO src.train.config_setup: Criterion config: {'alpha': 0.5, 'gamma': 2.0}
2026-05-20 11:16:45,394 INFO src.train.config_setup: Not resuming optimizer/scheduler state; reset training state to start_epoch=0, best_val_loss=inf.
2026-05-20 11:16:45,395 INFO src.train.trainer: Epoch 1
2026-05-20 11:16:59,700 INFO src.train.trainer: New best validation loss: 0.1081, saved to /root/autodl-tmp/em_eqf/experiments/clf_grid_AZDX/runs/tf_60_mf_5p0_seed_1/best_model_1.pth
2026-05-20 11:16:59,708 INFO src.train.trainer: Last model at epoch 1 saved to /root/autodl-tmp/em_eqf/experiments/clf_grid_AZDX/runs/tf_60_mf_5p0_seed_1/last_model_1.pth
2026-05-20 11:16:59,708 INFO src.train.trainer: Epoch 2
2026-05-20 11:17:03,384 INFO src.train.trainer: New best validation loss: 0.0873, saved to /root/autodl-tmp/em_eqf/experiments/clf_grid_AZDX/runs/tf_60_mf_5p0_seed_1/best_model_1.pth
2026-05-20 11:17:03,395 INFO src.train.trainer: Last model at epoch 2 saved to /root/autodl-tmp/em_eqf/experiments/clf_grid_AZDX/runs/tf_60_mf_5p0_seed_1/last_model_1.pth
2026-05-20 11:17:03,396 INFO src.train.trainer: Epoch 3
2026-05-20 11:17:06,760 INFO src.train.trainer: New best validation loss: 0.0846, saved to /root/autodl-tmp/em_eqf/experiments/clf_grid_AZDX/runs/tf_60_mf_5p0_seed_1/best_model_1.pth
2026-05-20 11:17:06,769 INFO src.train.trainer: Last model at epoch 3 saved to /root/autodl-tmp/em_eqf/experiments/clf_grid_AZDX/runs/tf_60_mf_5p0_seed_1/last_model_1.pth
2026-05-20 11:17:06,769 INFO src.train.trainer: Epoch 4
2026-05-20 11:17:10,299 INFO src.train.trainer: New best validation loss: 0.0840, saved to /root/autodl-tmp/em_eqf/experiments/clf_grid_AZDX/runs/tf_60_mf_5p0_seed_1/best_model_1.pth
2026-05-20 11:17:10,308 INFO src.train.trainer: Last model at epoch 4 saved to /root/autodl-tmp/em_eqf/experiments/clf_grid_AZDX/runs/tf_60_mf_5p0_seed_1/last_model_1.pth
2026-05-20 11:17:10,308 INFO src.train.trainer: Epoch 5
2026-05-20 11:17:13,817 INFO src.train.trainer: New best validation loss: 0.0825, saved to /root/autodl-tmp/em_eqf/experiments/clf_grid_AZDX/runs/tf_60_mf_5p0_seed_1/best_model_1.pth
2026-05-20 11:17:13,829 INFO src.train.trainer: Last model at epoch 5 saved to /root/autodl-tmp/em_eqf/experiments/clf_grid_AZDX/runs/tf_60_mf_5p0_seed_1/last_model_1.pth
2026-05-20 11:17:13,830 INFO src.train.trainer: Epoch 6
2026-05-20 11:17:16,853 INFO src.train.trainer: New best validation loss: 0.0809, saved to /root/autodl-tmp/em_eqf/experiments/clf_grid_AZDX/runs/tf_60_mf_5p0_seed_1/best_model_1.pth
2026-05-20 11:17:16,862 INFO src.train.trainer: Last model at epoch 6 saved to /root/autodl-tmp/em_eqf/experiments/clf_grid_AZDX/runs/tf_60_mf_5p0_seed_1/last_model_1.pth
2026-05-20 11:17:16,862 INFO src.train.trainer: Epoch 7
2026-05-20 11:17:20,295 INFO src.train.trainer: New best validation loss: 0.0798, saved to /root/autodl-tmp/em_eqf/experiments/clf_grid_AZDX/runs/tf_60_mf_5p0_seed_1/best_model_1.pth
2026-05-20 11:17:20,302 INFO src.train.trainer: Last model at epoch 7 saved to /root/autodl-tmp/em_eqf/experiments/clf_grid_AZDX/runs/tf_60_mf_5p0_seed_1/last_model_1.pth
2026-05-20 11:17:20,302 INFO src.train.trainer: Epoch 8
2026-05-20 11:17:24,101 INFO src.train.trainer: New best validation loss: 0.0762, saved to /root/autodl-tmp/em_eqf/experiments/clf_grid_AZDX/runs/tf_60_mf_5p0_seed_1/best_model_1.pth
2026-05-20 11:17:24,111 INFO src.train.trainer: Last model at epoch 8 saved to /root/autodl-tmp/em_eqf/experiments/clf_grid_AZDX/runs/tf_60_mf_5p0_seed_1/last_model_1.pth
2026-05-20 11:17:24,111 INFO src.train.trainer: Epoch 9
2026-05-20 11:17:27,218 INFO src.train.trainer: Last model at epoch 9 saved to /root/autodl-tmp/em_eqf/experiments/clf_grid_AZDX/runs/tf_60_mf_5p0_seed_1/last_model_1.pth
2026-05-20 11:17:27,218 INFO src.train.trainer: Epoch 10
2026-05-20 11:17:30,543 INFO src.train.trainer: Last model at epoch 10 saved to /root/autodl-tmp/em_eqf/experiments/clf_grid_AZDX/runs/tf_60_mf_5p0_seed_1/last_model_1.pth
2026-05-20 11:17:30,543 INFO src.train.trainer: Epoch 11
2026-05-20 11:17:33,809 INFO src.train.trainer: Last model at epoch 11 saved to /root/autodl-tmp/em_eqf/experiments/clf_grid_AZDX/runs/tf_60_mf_5p0_seed_1/last_model_1.pth
2026-05-20 11:17:33,809 INFO src.train.trainer: Epoch 12
2026-05-20 11:17:37,092 INFO src.train.trainer: Last model at epoch 12 saved to /root/autodl-tmp/em_eqf/experiments/clf_grid_AZDX/runs/tf_60_mf_5p0_seed_1/last_model_1.pth
2026-05-20 11:17:37,092 INFO src.train.trainer: Epoch 13
2026-05-20 11:17:40,570 INFO src.train.trainer: Last model at epoch 13 saved to /root/autodl-tmp/em_eqf/experiments/clf_grid_AZDX/runs/tf_60_mf_5p0_seed_1/last_model_1.pth
2026-05-20 11:17:40,570 INFO src.train.trainer: Epoch 14
2026-05-20 11:17:44,200 INFO src.train.trainer: Last model at epoch 14 saved to /root/autodl-tmp/em_eqf/experiments/clf_grid_AZDX/runs/tf_60_mf_5p0_seed_1/last_model_1.pth
2026-05-20 11:17:44,201 INFO src.train.trainer: Epoch 15
2026-05-20 11:17:48,024 INFO src.train.trainer: Last model at epoch 15 saved to /root/autodl-tmp/em_eqf/experiments/clf_grid_AZDX/runs/tf_60_mf_5p0_seed_1/last_model_1.pth
2026-05-20 11:17:48,024 INFO src.train.trainer: Epoch 16
2026-05-20 11:17:51,547 INFO src.train.trainer: Last model at epoch 16 saved to /root/autodl-tmp/em_eqf/experiments/clf_grid_AZDX/runs/tf_60_mf_5p0_seed_1/last_model_1.pth
2026-05-20 11:17:51,548 INFO src.train.trainer: Epoch 17
2026-05-20 11:17:55,063 INFO src.train.trainer: New best validation loss: 0.0728, saved to /root/autodl-tmp/em_eqf/experiments/clf_grid_AZDX/runs/tf_60_mf_5p0_seed_1/best_model_1.pth
2026-05-20 11:17:55,072 INFO src.train.trainer: Last model at epoch 17 saved to /root/autodl-tmp/em_eqf/experiments/clf_grid_AZDX/runs/tf_60_mf_5p0_seed_1/last_model_1.pth
2026-05-20 11:17:55,072 INFO src.train.trainer: Epoch 18
2026-05-20 11:17:58,499 INFO src.train.trainer: Last model at epoch 18 saved to /root/autodl-tmp/em_eqf/experiments/clf_grid_AZDX/runs/tf_60_mf_5p0_seed_1/last_model_1.pth
2026-05-20 11:17:58,499 INFO src.train.trainer: Epoch 19
2026-05-20 11:18:01,787 INFO src.train.trainer: New best validation loss: 0.0701, saved to /root/autodl-tmp/em_eqf/experiments/clf_grid_AZDX/runs/tf_60_mf_5p0_seed_1/best_model_1.pth
2026-05-20 11:18:01,796 INFO src.train.trainer: Last model at epoch 19 saved to /root/autodl-tmp/em_eqf/experiments/clf_grid_AZDX/runs/tf_60_mf_5p0_seed_1/last_model_1.pth
2026-05-20 11:18:01,796 INFO src.train.trainer: Epoch 20
2026-05-20 11:18:05,030 INFO src.train.trainer: New best validation loss: 0.0697, saved to /root/autodl-tmp/em_eqf/experiments/clf_grid_AZDX/runs/tf_60_mf_5p0_seed_1/best_model_1.pth
2026-05-20 11:18:05,039 INFO src.train.trainer: Last model at epoch 20 saved to /root/autodl-tmp/em_eqf/experiments/clf_grid_AZDX/runs/tf_60_mf_5p0_seed_1/last_model_1.pth
2026-05-20 11:18:05,039 INFO src.train.trainer: Epoch 21
2026-05-20 11:18:08,176 INFO src.train.trainer: Last model at epoch 21 saved to /root/autodl-tmp/em_eqf/experiments/clf_grid_AZDX/runs/tf_60_mf_5p0_seed_1/last_model_1.pth
2026-05-20 11:18:08,176 INFO src.train.trainer: Epoch 22
2026-05-20 11:18:11,511 INFO src.train.trainer: Last model at epoch 22 saved to /root/autodl-tmp/em_eqf/experiments/clf_grid_AZDX/runs/tf_60_mf_5p0_seed_1/last_model_1.pth
2026-05-20 11:18:11,511 INFO src.train.trainer: Epoch 23
2026-05-20 11:18:14,849 INFO src.train.trainer: Last model at epoch 23 saved to /root/autodl-tmp/em_eqf/experiments/clf_grid_AZDX/runs/tf_60_mf_5p0_seed_1/last_model_1.pth
2026-05-20 11:18:14,850 INFO src.train.trainer: Epoch 24
2026-05-20 11:18:18,908 INFO src.train.trainer: Last model at epoch 24 saved to /root/autodl-tmp/em_eqf/experiments/clf_grid_AZDX/runs/tf_60_mf_5p0_seed_1/last_model_1.pth
2026-05-20 11:18:18,908 INFO src.train.trainer: Epoch 25
2026-05-20 11:18:22,060 INFO src.train.trainer: Last model at epoch 25 saved to /root/autodl-tmp/em_eqf/experiments/clf_grid_AZDX/runs/tf_60_mf_5p0_seed_1/last_model_1.pth
2026-05-20 11:18:22,060 INFO src.train.trainer: Epoch 26
2026-05-20 11:18:25,411 INFO src.train.trainer: New best validation loss: 0.0695, saved to /root/autodl-tmp/em_eqf/experiments/clf_grid_AZDX/runs/tf_60_mf_5p0_seed_1/best_model_1.pth
2026-05-20 11:18:25,420 INFO src.train.trainer: Last model at epoch 26 saved to /root/autodl-tmp/em_eqf/experiments/clf_grid_AZDX/runs/tf_60_mf_5p0_seed_1/last_model_1.pth
2026-05-20 11:18:25,420 INFO src.train.trainer: Epoch 27
2026-05-20 11:18:28,424 INFO src.train.trainer: Last model at epoch 27 saved to /root/autodl-tmp/em_eqf/experiments/clf_grid_AZDX/runs/tf_60_mf_5p0_seed_1/last_model_1.pth
2026-05-20 11:18:28,424 INFO src.train.trainer: Epoch 28
2026-05-20 11:18:31,370 INFO src.train.trainer: Last model at epoch 28 saved to /root/autodl-tmp/em_eqf/experiments/clf_grid_AZDX/runs/tf_60_mf_5p0_seed_1/last_model_1.pth
2026-05-20 11:18:31,370 INFO src.train.trainer: Epoch 29
2026-05-20 11:18:34,572 INFO src.train.trainer: Last model at epoch 29 saved to /root/autodl-tmp/em_eqf/experiments/clf_grid_AZDX/runs/tf_60_mf_5p0_seed_1/last_model_1.pth
2026-05-20 11:18:34,572 INFO src.train.trainer: Epoch 30
2026-05-20 11:18:37,950 INFO src.train.trainer: New best validation loss: 0.0691, saved to /root/autodl-tmp/em_eqf/experiments/clf_grid_AZDX/runs/tf_60_mf_5p0_seed_1/best_model_1.pth
2026-05-20 11:18:37,959 INFO src.train.trainer: Last model at epoch 30 saved to /root/autodl-tmp/em_eqf/experiments/clf_grid_AZDX/runs/tf_60_mf_5p0_seed_1/last_model_1.pth
2026-05-20 11:18:37,960 INFO src.train.trainer: Epoch 31
2026-05-20 11:18:41,451 INFO src.train.trainer: Last model at epoch 31 saved to /root/autodl-tmp/em_eqf/experiments/clf_grid_AZDX/runs/tf_60_mf_5p0_seed_1/last_model_1.pth
2026-05-20 11:18:41,452 INFO src.train.trainer: Epoch 32
2026-05-20 11:18:45,114 INFO src.train.trainer: Last model at epoch 32 saved to /root/autodl-tmp/em_eqf/experiments/clf_grid_AZDX/runs/tf_60_mf_5p0_seed_1/last_model_1.pth
2026-05-20 11:18:45,114 INFO src.train.trainer: Epoch 33
2026-05-20 11:18:48,612 INFO src.train.trainer: Last model at epoch 33 saved to /root/autodl-tmp/em_eqf/experiments/clf_grid_AZDX/runs/tf_60_mf_5p0_seed_1/last_model_1.pth
2026-05-20 11:18:48,612 INFO src.train.trainer: Epoch 34
2026-05-20 11:18:51,751 INFO src.train.trainer: Last model at epoch 34 saved to /root/autodl-tmp/em_eqf/experiments/clf_grid_AZDX/runs/tf_60_mf_5p0_seed_1/last_model_1.pth
2026-05-20 11:18:51,751 INFO src.train.trainer: Epoch 35
2026-05-20 11:18:54,911 INFO src.train.trainer: Last model at epoch 35 saved to /root/autodl-tmp/em_eqf/experiments/clf_grid_AZDX/runs/tf_60_mf_5p0_seed_1/last_model_1.pth
2026-05-20 11:18:54,911 INFO src.train.trainer: Epoch 36
2026-05-20 11:18:57,853 INFO src.train.trainer: Last model at epoch 36 saved to /root/autodl-tmp/em_eqf/experiments/clf_grid_AZDX/runs/tf_60_mf_5p0_seed_1/last_model_1.pth
2026-05-20 11:18:57,853 INFO src.train.trainer: Epoch 37
2026-05-20 11:19:01,026 INFO src.train.trainer: Last model at epoch 37 saved to /root/autodl-tmp/em_eqf/experiments/clf_grid_AZDX/runs/tf_60_mf_5p0_seed_1/last_model_1.pth
2026-05-20 11:19:01,026 INFO src.train.trainer: Epoch 38
2026-05-20 11:19:04,953 INFO src.train.trainer: Last model at epoch 38 saved to /root/autodl-tmp/em_eqf/experiments/clf_grid_AZDX/runs/tf_60_mf_5p0_seed_1/last_model_1.pth
2026-05-20 11:19:04,953 INFO src.train.trainer: Epoch 39
2026-05-20 11:19:08,481 INFO src.train.trainer: Last model at epoch 39 saved to /root/autodl-tmp/em_eqf/experiments/clf_grid_AZDX/runs/tf_60_mf_5p0_seed_1/last_model_1.pth
2026-05-20 11:19:08,481 INFO src.train.trainer: Epoch 40
2026-05-20 11:19:11,785 INFO src.train.trainer: Last model at epoch 40 saved to /root/autodl-tmp/em_eqf/experiments/clf_grid_AZDX/runs/tf_60_mf_5p0_seed_1/last_model_1.pth
2026-05-20 11:19:11,797 INFO src.train.trainer: Early stopping triggered at epoch 40 (best epoch: 30, best val loss: 0.069054)
2026-05-20 11:19:22,699 INFO src.data.preprocessing: CSV files found: ['chuandian_2021.csv']
2026-05-20 11:19:23,535 INFO src.utils.file_utils: Loading cached data from: data/ChuanDian/classifier/classifier_Mc_3_Mf_5.0_Tfore_60_Twindow_180_context_len_1_dt_10.pkl
2026-05-20 11:19:23,927 INFO src.data.preprocessing: Catalog statistics: {'tau_unfiltered': 0.15339908988298961, 'tau_q025': 0.08114294020924717, 'tau_q05': 0.5134664350189269, 'tau_mean': 1.3070542199341526, 'tau_max': 25.18216435192153, 'tau_min': 0.0, 'time_max': 18770.72654999979, 'time_mean': 10030.9430649837, 'mag_completeness': 3.0, 'mag_mean': 3.456916005014626, 'mag_max': 8.0, 'mag_min': 3.0, 'b_value': 0.856738547623331, 'b_std': 0.0071499224812533796, 'b_n': 14358}
2026-05-20 11:19:23,957 INFO src.data.event_loader: lengths of samples: min=32, max=981, avg=129.55
2026-05-20 11:19:23,958 INFO src.data.event_loader: Number of positive samples: 808
2026-05-20 11:19:23,958 INFO src.data.event_loader: Number of negative samples: 651
2026-05-20 11:19:23,959 INFO src.data.event_loader: Positive samples: 673, Negative samples: 494
2026-05-20 11:19:23,959 INFO src.data.event_loader: Total samples: 1167, Positive ratio: 0.58, Negative ratio: 0.42
2026-05-20 11:19:23,959 INFO src.data.event_loader: Positive samples: 87, Negative samples: 58
2026-05-20 11:19:23,959 INFO src.data.event_loader: Total samples: 145, Positive ratio: 0.60, Negative ratio: 0.40
2026-05-20 11:19:23,960 INFO src.data.event_loader: Positive samples: 48, Negative samples: 99
2026-05-20 11:19:23,960 INFO src.data.event_loader: Total samples: 147, Positive ratio: 0.33, Negative ratio: 0.67
2026-05-20 11:19:24,564 INFO src.models.adapters.mixer_task: using time scale base 1.3070542199341526 (key: tau_mean)
2026-05-20 11:19:24,565 INFO src.models.adapters.mixer_task: tau mean: tensor(1.3071)
2026-05-20 11:19:24,630 INFO src.train.config_setup: Restoring model from checkpoint.
2026-05-20 11:19:24,630 INFO src.train.config_setup: Loading model weights: load_specific_parts=None
2026-05-20 11:19:24,632 INFO src.train.config_setup: Checkpoint loaded: <All keys matched successfully>
2026-05-20 11:19:24,632 INFO src.train.config_setup: Full load summary: loaded=56, missing=0, unexpected=0
2026-05-20 11:19:24,633 INFO src.train.config_setup: Checkpoint hyperparameters loaded.
2026-05-20 11:19:24,633 INFO src.train.config_setup: Checkpoint train metrics available.
2026-05-20 11:19:24,633 INFO src.train.config_setup: Checkpoint val metrics available.
2026-05-20 11:19:24,633 INFO src.train.config_setup: Freeze skipped (checkpoint_restore): freeze_parts is empty.
2026-05-20 11:19:24,633 INFO src.train.config_setup: Using classification criterion: focal
2026-05-20 11:19:24,633 INFO src.train.config_setup: Criterion config: {'alpha': 0.5, 'gamma': 2.0}
2026-05-20 11:19:24,634 INFO src.train.config_setup: Not resuming optimizer/scheduler state; reset training state to start_epoch=0, best_val_loss=inf.
2026-05-20 11:19:24,634 INFO src.cli.common: Using threshold 0.4311951696872711 from checkpoint val_metrics for testing.
2026-05-20 11:19:29,371 INFO src.utils.metrics: ROC curve saved to /root/autodl-tmp/em_eqf/experiments/clf_grid_AZDX/runs/tf_60_mf_5p0_seed_1/roc_curve.png
2026-05-20 11:19:29,488 INFO src.utils.metrics: PR curve saved to /root/autodl-tmp/em_eqf/experiments/clf_grid_AZDX/runs/tf_60_mf_5p0_seed_1/pr_curve.png
2026-05-20 11:19:29,551 INFO src.utils.metrics: Confusion matrix saved to /root/autodl-tmp/em_eqf/experiments/clf_grid_AZDX/runs/tf_60_mf_5p0_seed_1/confusion_matrix.png
2026-05-20 11:19:29,551 INFO src.cli.workflows: Test loss: 0.0703071802854538
2026-05-20 11:19:30,539 INFO src.train.classifier_train_step: Prediction distribution plot has been saved to: /root/autodl-tmp/em_eqf/experiments/clf_grid_AZDX/runs/tf_60_mf_5p0_seed_1/train_pred_distribution.png
2026-05-20 11:19:30,939 INFO src.train.classifier_train_step: Prediction distribution plot has been saved to: /root/autodl-tmp/em_eqf/experiments/clf_grid_AZDX/runs/tf_60_mf_5p0_seed_1/val_pred_distribution.png
2026-05-20 11:19:31,325 INFO src.train.classifier_train_step: Prediction distribution plot has been saved to: /root/autodl-tmp/em_eqf/experiments/clf_grid_AZDX/runs/tf_60_mf_5p0_seed_1/test_pred_distribution.png
2026-05-20 11:19:31,325 INFO src.cli.common: Saved test metrics to /root/autodl-tmp/em_eqf/experiments/clf_grid_AZDX/runs/tf_60_mf_5p0_seed_1/metrics_test_best_1.json
2026-05-20 11:19:31,325 INFO src.cli.common: Metrics: {'precision': 0.35398230088495575, 'recall': 0.8333333333333334, 'f1': 0.4968944099378882, 'auc': 0.6984427609427609, 'pr_auc': 0.6258336419781855, 'fpr': 0.7373737373737373, 'tpr': 0.8333333333333334, 'R': 0.09595959595959602, 'conf': 3.7131920710072043e-14, 'threshold': 0.4311951696872711}
