2026-05-21 18:27:20,728 INFO src.data.preprocessing: CSV files found: ['chuandian_2021.csv']
2026-05-21 18:27:21,362 INFO src.utils.file_utils: Loading cached data from: data/ChuanDian/classifier/classifier_Mc_3_Mf_4.5_Tfore_30_Twindow_180_context_len_1_dt_10.pkl
2026-05-21 18:27:21,766 INFO src.data.preprocessing: Catalog statistics: {'tau_unfiltered': 0.15339908988298961, 'tau_q025': 0.08114294020924717, 'tau_q05': 0.5134664350189269, 'tau_mean': 1.3070542199341526, 'tau_max': 25.18216435192153, 'tau_min': 0.0, 'time_max': 18770.72654999979, 'time_mean': 10030.9430649837, 'mag_completeness': 3.0, 'mag_mean': 3.456916005014626, 'mag_max': 8.0, 'mag_min': 3.0, 'b_value': 0.856738547623331, 'b_std': 0.0071499224812533796, 'b_n': 14358}
2026-05-21 18:27:21,815 INFO src.data.event_loader: lengths of samples: min=32, max=981, avg=135.26
2026-05-21 18:27:21,816 INFO src.data.event_loader: Number of positive samples: 836
2026-05-21 18:27:21,816 INFO src.data.event_loader: Number of negative samples: 594
2026-05-21 18:27:21,817 INFO src.data.event_loader: Positive samples: 706, Negative samples: 438
2026-05-21 18:27:21,817 INFO src.data.event_loader: Total samples: 1144, Positive ratio: 0.62, Negative ratio: 0.38
2026-05-21 18:27:21,817 INFO src.data.event_loader: Positive samples: 83, Negative samples: 60
2026-05-21 18:27:21,817 INFO src.data.event_loader: Total samples: 143, Positive ratio: 0.58, Negative ratio: 0.42
2026-05-21 18:27:21,817 INFO src.data.event_loader: Positive samples: 47, Negative samples: 96
2026-05-21 18:27:21,817 INFO src.data.event_loader: Total samples: 143, Positive ratio: 0.33, Negative ratio: 0.67
2026-05-21 18:27:21,872 INFO src.cli.workflows: Loading checkpoint from: ./checkpoints/mixer_tpp_20260508-182744/last_model_1.pth
2026-05-21 18:27:22,648 INFO src.models.adapters.mixer_task: using time scale base 1.3070542199341526 (key: tau_mean)
2026-05-21 18:27:22,648 INFO src.models.adapters.mixer_task: tau mean: tensor(1.3071)
2026-05-21 18:27:22,702 INFO src.train.config_setup: Restoring model from checkpoint.
2026-05-21 18:27:22,703 INFO src.train.config_setup: Loading model weights: load_specific_parts=['encoder']
2026-05-21 18:27:22,704 INFO src.train.config_setup: Selective load summary: requested_parts=['encoder'], target_in_model=40, matched_in_checkpoint=30, loaded=30, missing_after_load=10, shape_mismatch=0, missing_in_model=0, out_of_scope_loaded=0
2026-05-21 18:27:22,704 INFO src.train.config_setup: Selective load coverage [encoder]: target=40, hit=30, missing=10, complete=False
2026-05-21 18:27:22,704 WARNING src.train.config_setup: Selective load coverage missing preview [encoder]: ['base_model.encoder.layers.2.mixer.in_proj.bias', 'base_model.encoder.layers.2.mixer.in_proj.weight', 'base_model.encoder.layers.2.mixer.out_proj.bias', 'base_model.encoder.layers.2.mixer.out_proj.weight', 'base_model.encoder.layers.2.mlp.fc1.weight', 'base_model.encoder.layers.2.mlp.fc2.weight', 'base_model.encoder.layers.2.norm.bias', 'base_model.encoder.layers.2.norm.weight'] ... (+2 more)
2026-05-21 18:27:22,704 WARNING src.train.config_setup: Checkpoint missing target parameter preview: ['base_model.encoder.layers.2.mixer.in_proj.bias', 'base_model.encoder.layers.2.mixer.in_proj.weight', 'base_model.encoder.layers.2.mixer.out_proj.bias', 'base_model.encoder.layers.2.mixer.out_proj.weight', 'base_model.encoder.layers.2.mlp.fc1.weight', 'base_model.encoder.layers.2.mlp.fc2.weight', 'base_model.encoder.layers.2.norm.bias', 'base_model.encoder.layers.2.norm.weight', 'base_model.encoder.layers.2.norm2.bias', 'base_model.encoder.layers.2.norm2.weight']
2026-05-21 18:27:22,704 WARNING src.train.config_setup: Target not-loaded parameter preview: ['base_model.encoder.layers.2.mixer.in_proj.bias', 'base_model.encoder.layers.2.mixer.in_proj.weight', 'base_model.encoder.layers.2.mixer.out_proj.bias', 'base_model.encoder.layers.2.mixer.out_proj.weight', 'base_model.encoder.layers.2.mlp.fc1.weight', 'base_model.encoder.layers.2.mlp.fc2.weight', 'base_model.encoder.layers.2.norm.bias', 'base_model.encoder.layers.2.norm.weight', 'base_model.encoder.layers.2.norm2.bias', 'base_model.encoder.layers.2.norm2.weight']
2026-05-21 18:27:22,704 INFO src.train.config_setup: Loaded parameter preview: ['base_model.encoder.layers.1.mlp.fc1.weight', 'base_model.encoder.layers.1.mixer.dt_bias', 'base_model.encoder.layers.0.mixer.out_proj.weight', 'base_model.encoder.norm_f.weight', 'base_model.encoder.layers.1.norm.weight', 'base_model.encoder.layers.0.norm2.weight', 'base_model.encoder.layers.0.norm.bias', 'base_model.encoder.layers.0.mixer.dt_bias', 'base_model.encoder.layers.1.mixer.out_proj.weight', 'base_model.encoder.layers.0.norm.weight'] ... (+20 more)
2026-05-21 18:27:22,705 INFO src.train.config_setup: Checkpoint hyperparameters loaded.
2026-05-21 18:27:22,705 INFO src.train.config_setup: Checkpoint train metrics available.
2026-05-21 18:27:22,706 INFO src.train.config_setup: Checkpoint val metrics available.
2026-05-21 18:27:22,706 INFO src.train.config_setup: Freeze skipped (checkpoint_restore): freeze_parts is empty.
2026-05-21 18:27:22,706 INFO src.train.config_setup: Using classification criterion: focal
2026-05-21 18:27:22,706 INFO src.train.config_setup: Criterion config: {'alpha': 0.5, 'gamma': 2.0}
2026-05-21 18:27:22,707 INFO src.train.config_setup: Not resuming optimizer/scheduler state; reset training state to start_epoch=0, best_val_loss=inf.
2026-05-21 18:27:22,707 INFO src.train.trainer: Epoch 1
2026-05-21 18:27:38,712 INFO src.train.trainer: New best validation loss: 0.0929, saved to /root/autodl-tmp/em_eqf/experiments/clf_pre_v2/clf_pre_AZDX_v2/runs/tf_30_mf_4p5_seed_0/best_model_1.pth
2026-05-21 18:27:38,718 INFO src.train.trainer: Last model at epoch 1 saved to /root/autodl-tmp/em_eqf/experiments/clf_pre_v2/clf_pre_AZDX_v2/runs/tf_30_mf_4p5_seed_0/last_model_1.pth
2026-05-21 18:27:38,719 INFO src.train.trainer: Epoch 2
2026-05-21 18:27:42,566 INFO src.train.trainer: New best validation loss: 0.0864, saved to /root/autodl-tmp/em_eqf/experiments/clf_pre_v2/clf_pre_AZDX_v2/runs/tf_30_mf_4p5_seed_0/best_model_1.pth
2026-05-21 18:27:42,573 INFO src.train.trainer: Last model at epoch 2 saved to /root/autodl-tmp/em_eqf/experiments/clf_pre_v2/clf_pre_AZDX_v2/runs/tf_30_mf_4p5_seed_0/last_model_1.pth
2026-05-21 18:27:42,573 INFO src.train.trainer: Epoch 3
2026-05-21 18:27:46,333 INFO src.train.trainer: Last model at epoch 3 saved to /root/autodl-tmp/em_eqf/experiments/clf_pre_v2/clf_pre_AZDX_v2/runs/tf_30_mf_4p5_seed_0/last_model_1.pth
2026-05-21 18:27:46,333 INFO src.train.trainer: Epoch 4
2026-05-21 18:27:50,388 INFO src.train.trainer: New best validation loss: 0.0816, saved to /root/autodl-tmp/em_eqf/experiments/clf_pre_v2/clf_pre_AZDX_v2/runs/tf_30_mf_4p5_seed_0/best_model_1.pth
2026-05-21 18:27:50,396 INFO src.train.trainer: Last model at epoch 4 saved to /root/autodl-tmp/em_eqf/experiments/clf_pre_v2/clf_pre_AZDX_v2/runs/tf_30_mf_4p5_seed_0/last_model_1.pth
2026-05-21 18:27:50,396 INFO src.train.trainer: Epoch 5
2026-05-21 18:27:53,518 INFO src.train.trainer: New best validation loss: 0.0800, saved to /root/autodl-tmp/em_eqf/experiments/clf_pre_v2/clf_pre_AZDX_v2/runs/tf_30_mf_4p5_seed_0/best_model_1.pth
2026-05-21 18:27:53,526 INFO src.train.trainer: Last model at epoch 5 saved to /root/autodl-tmp/em_eqf/experiments/clf_pre_v2/clf_pre_AZDX_v2/runs/tf_30_mf_4p5_seed_0/last_model_1.pth
2026-05-21 18:27:53,526 INFO src.train.trainer: Epoch 6
2026-05-21 18:27:56,791 INFO src.train.trainer: Last model at epoch 6 saved to /root/autodl-tmp/em_eqf/experiments/clf_pre_v2/clf_pre_AZDX_v2/runs/tf_30_mf_4p5_seed_0/last_model_1.pth
2026-05-21 18:27:56,791 INFO src.train.trainer: Epoch 7
2026-05-21 18:28:00,063 INFO src.train.trainer: New best validation loss: 0.0769, saved to /root/autodl-tmp/em_eqf/experiments/clf_pre_v2/clf_pre_AZDX_v2/runs/tf_30_mf_4p5_seed_0/best_model_1.pth
2026-05-21 18:28:00,069 INFO src.train.trainer: Last model at epoch 7 saved to /root/autodl-tmp/em_eqf/experiments/clf_pre_v2/clf_pre_AZDX_v2/runs/tf_30_mf_4p5_seed_0/last_model_1.pth
2026-05-21 18:28:00,069 INFO src.train.trainer: Epoch 8
2026-05-21 18:28:03,340 INFO src.train.trainer: New best validation loss: 0.0761, saved to /root/autodl-tmp/em_eqf/experiments/clf_pre_v2/clf_pre_AZDX_v2/runs/tf_30_mf_4p5_seed_0/best_model_1.pth
2026-05-21 18:28:03,346 INFO src.train.trainer: Last model at epoch 8 saved to /root/autodl-tmp/em_eqf/experiments/clf_pre_v2/clf_pre_AZDX_v2/runs/tf_30_mf_4p5_seed_0/last_model_1.pth
2026-05-21 18:28:03,347 INFO src.train.trainer: Epoch 9
2026-05-21 18:28:06,855 INFO src.train.trainer: New best validation loss: 0.0751, saved to /root/autodl-tmp/em_eqf/experiments/clf_pre_v2/clf_pre_AZDX_v2/runs/tf_30_mf_4p5_seed_0/best_model_1.pth
2026-05-21 18:28:06,861 INFO src.train.trainer: Last model at epoch 9 saved to /root/autodl-tmp/em_eqf/experiments/clf_pre_v2/clf_pre_AZDX_v2/runs/tf_30_mf_4p5_seed_0/last_model_1.pth
2026-05-21 18:28:06,861 INFO src.train.trainer: Epoch 10
2026-05-21 18:28:10,373 INFO src.train.trainer: Last model at epoch 10 saved to /root/autodl-tmp/em_eqf/experiments/clf_pre_v2/clf_pre_AZDX_v2/runs/tf_30_mf_4p5_seed_0/last_model_1.pth
2026-05-21 18:28:10,373 INFO src.train.trainer: Epoch 11
2026-05-21 18:28:13,636 INFO src.train.trainer: New best validation loss: 0.0743, saved to /root/autodl-tmp/em_eqf/experiments/clf_pre_v2/clf_pre_AZDX_v2/runs/tf_30_mf_4p5_seed_0/best_model_1.pth
2026-05-21 18:28:13,642 INFO src.train.trainer: Last model at epoch 11 saved to /root/autodl-tmp/em_eqf/experiments/clf_pre_v2/clf_pre_AZDX_v2/runs/tf_30_mf_4p5_seed_0/last_model_1.pth
2026-05-21 18:28:13,642 INFO src.train.trainer: Epoch 12
2026-05-21 18:28:16,806 INFO src.train.trainer: Last model at epoch 12 saved to /root/autodl-tmp/em_eqf/experiments/clf_pre_v2/clf_pre_AZDX_v2/runs/tf_30_mf_4p5_seed_0/last_model_1.pth
2026-05-21 18:28:16,806 INFO src.train.trainer: Epoch 13
2026-05-21 18:28:20,504 INFO src.train.trainer: New best validation loss: 0.0741, saved to /root/autodl-tmp/em_eqf/experiments/clf_pre_v2/clf_pre_AZDX_v2/runs/tf_30_mf_4p5_seed_0/best_model_1.pth
2026-05-21 18:28:20,512 INFO src.train.trainer: Last model at epoch 13 saved to /root/autodl-tmp/em_eqf/experiments/clf_pre_v2/clf_pre_AZDX_v2/runs/tf_30_mf_4p5_seed_0/last_model_1.pth
2026-05-21 18:28:20,512 INFO src.train.trainer: Epoch 14
2026-05-21 18:28:23,859 INFO src.train.trainer: New best validation loss: 0.0711, saved to /root/autodl-tmp/em_eqf/experiments/clf_pre_v2/clf_pre_AZDX_v2/runs/tf_30_mf_4p5_seed_0/best_model_1.pth
2026-05-21 18:28:23,865 INFO src.train.trainer: Last model at epoch 14 saved to /root/autodl-tmp/em_eqf/experiments/clf_pre_v2/clf_pre_AZDX_v2/runs/tf_30_mf_4p5_seed_0/last_model_1.pth
2026-05-21 18:28:23,865 INFO src.train.trainer: Epoch 15
2026-05-21 18:28:27,165 INFO src.train.trainer: Last model at epoch 15 saved to /root/autodl-tmp/em_eqf/experiments/clf_pre_v2/clf_pre_AZDX_v2/runs/tf_30_mf_4p5_seed_0/last_model_1.pth
2026-05-21 18:28:27,165 INFO src.train.trainer: Epoch 16
2026-05-21 18:28:30,268 INFO src.train.trainer: Last model at epoch 16 saved to /root/autodl-tmp/em_eqf/experiments/clf_pre_v2/clf_pre_AZDX_v2/runs/tf_30_mf_4p5_seed_0/last_model_1.pth
2026-05-21 18:28:30,268 INFO src.train.trainer: Epoch 17
2026-05-21 18:28:33,425 INFO src.train.trainer: Last model at epoch 17 saved to /root/autodl-tmp/em_eqf/experiments/clf_pre_v2/clf_pre_AZDX_v2/runs/tf_30_mf_4p5_seed_0/last_model_1.pth
2026-05-21 18:28:33,425 INFO src.train.trainer: Epoch 18
2026-05-21 18:28:37,072 INFO src.train.trainer: Last model at epoch 18 saved to /root/autodl-tmp/em_eqf/experiments/clf_pre_v2/clf_pre_AZDX_v2/runs/tf_30_mf_4p5_seed_0/last_model_1.pth
2026-05-21 18:28:37,072 INFO src.train.trainer: Epoch 19
2026-05-21 18:28:40,795 INFO src.train.trainer: Last model at epoch 19 saved to /root/autodl-tmp/em_eqf/experiments/clf_pre_v2/clf_pre_AZDX_v2/runs/tf_30_mf_4p5_seed_0/last_model_1.pth
2026-05-21 18:28:40,796 INFO src.train.trainer: Epoch 20
2026-05-21 18:28:44,411 INFO src.train.trainer: Last model at epoch 20 saved to /root/autodl-tmp/em_eqf/experiments/clf_pre_v2/clf_pre_AZDX_v2/runs/tf_30_mf_4p5_seed_0/last_model_1.pth
2026-05-21 18:28:44,411 INFO src.train.trainer: Epoch 21
2026-05-21 18:28:47,850 INFO src.train.trainer: Last model at epoch 21 saved to /root/autodl-tmp/em_eqf/experiments/clf_pre_v2/clf_pre_AZDX_v2/runs/tf_30_mf_4p5_seed_0/last_model_1.pth
2026-05-21 18:28:47,851 INFO src.train.trainer: Epoch 22
2026-05-21 18:28:51,521 INFO src.train.trainer: Last model at epoch 22 saved to /root/autodl-tmp/em_eqf/experiments/clf_pre_v2/clf_pre_AZDX_v2/runs/tf_30_mf_4p5_seed_0/last_model_1.pth
2026-05-21 18:28:51,522 INFO src.train.trainer: Epoch 23
2026-05-21 18:28:55,193 INFO src.train.trainer: Last model at epoch 23 saved to /root/autodl-tmp/em_eqf/experiments/clf_pre_v2/clf_pre_AZDX_v2/runs/tf_30_mf_4p5_seed_0/last_model_1.pth
2026-05-21 18:28:55,193 INFO src.train.trainer: Epoch 24
2026-05-21 18:28:58,686 INFO src.train.trainer: Last model at epoch 24 saved to /root/autodl-tmp/em_eqf/experiments/clf_pre_v2/clf_pre_AZDX_v2/runs/tf_30_mf_4p5_seed_0/last_model_1.pth
2026-05-21 18:28:58,686 INFO src.train.trainer: Early stopping triggered at epoch 24 (best epoch: 14, best val loss: 0.071107)
2026-05-21 18:29:08,915 INFO src.data.preprocessing: CSV files found: ['chuandian_2021.csv']
2026-05-21 18:29:09,521 INFO src.utils.file_utils: Loading cached data from: data/ChuanDian/classifier/classifier_Mc_3_Mf_4.5_Tfore_30_Twindow_180_context_len_1_dt_10.pkl
2026-05-21 18:29:09,854 INFO src.data.preprocessing: Catalog statistics: {'tau_unfiltered': 0.15339908988298961, 'tau_q025': 0.08114294020924717, 'tau_q05': 0.5134664350189269, 'tau_mean': 1.3070542199341526, 'tau_max': 25.18216435192153, 'tau_min': 0.0, 'time_max': 18770.72654999979, 'time_mean': 10030.9430649837, 'mag_completeness': 3.0, 'mag_mean': 3.456916005014626, 'mag_max': 8.0, 'mag_min': 3.0, 'b_value': 0.856738547623331, 'b_std': 0.0071499224812533796, 'b_n': 14358}
2026-05-21 18:29:09,868 INFO src.data.event_loader: lengths of samples: min=32, max=981, avg=135.26
2026-05-21 18:29:09,901 INFO src.data.event_loader: Number of positive samples: 836
2026-05-21 18:29:09,901 INFO src.data.event_loader: Number of negative samples: 594
2026-05-21 18:29:09,902 INFO src.data.event_loader: Positive samples: 706, Negative samples: 438
2026-05-21 18:29:09,902 INFO src.data.event_loader: Total samples: 1144, Positive ratio: 0.62, Negative ratio: 0.38
2026-05-21 18:29:09,902 INFO src.data.event_loader: Positive samples: 83, Negative samples: 60
2026-05-21 18:29:09,903 INFO src.data.event_loader: Total samples: 143, Positive ratio: 0.58, Negative ratio: 0.42
2026-05-21 18:29:09,903 INFO src.data.event_loader: Positive samples: 47, Negative samples: 96
2026-05-21 18:29:09,903 INFO src.data.event_loader: Total samples: 143, Positive ratio: 0.33, Negative ratio: 0.67
2026-05-21 18:29:10,283 INFO src.models.adapters.mixer_task: using time scale base 1.3070542199341526 (key: tau_mean)
2026-05-21 18:29:10,283 INFO src.models.adapters.mixer_task: tau mean: tensor(1.3071)
2026-05-21 18:29:10,289 INFO src.train.config_setup: Restoring model from checkpoint.
2026-05-21 18:29:10,289 INFO src.train.config_setup: Loading model weights: load_specific_parts=None
2026-05-21 18:29:10,291 INFO src.train.config_setup: Checkpoint loaded: <All keys matched successfully>
2026-05-21 18:29:10,291 INFO src.train.config_setup: Full load summary: loaded=56, missing=0, unexpected=0
2026-05-21 18:29:10,292 INFO src.train.config_setup: Checkpoint hyperparameters loaded.
2026-05-21 18:29:10,292 INFO src.train.config_setup: Checkpoint train metrics available.
2026-05-21 18:29:10,292 INFO src.train.config_setup: Checkpoint val metrics available.
2026-05-21 18:29:10,292 INFO src.train.config_setup: Freeze skipped (checkpoint_restore): freeze_parts is empty.
2026-05-21 18:29:10,292 INFO src.train.config_setup: Using classification criterion: focal
2026-05-21 18:29:10,292 INFO src.train.config_setup: Criterion config: {'alpha': 0.5, 'gamma': 2.0}
2026-05-21 18:29:10,293 INFO src.train.config_setup: Not resuming optimizer/scheduler state; reset training state to start_epoch=0, best_val_loss=inf.
2026-05-21 18:29:10,293 INFO src.cli.common: Using threshold 0.4827946424484253 from checkpoint val_metrics for testing.
2026-05-21 18:29:14,831 INFO src.utils.metrics: ROC curve saved to /root/autodl-tmp/em_eqf/experiments/clf_pre_v2/clf_pre_AZDX_v2/runs/tf_30_mf_4p5_seed_0/roc_curve.png
2026-05-21 18:29:15,033 INFO src.utils.metrics: PR curve saved to /root/autodl-tmp/em_eqf/experiments/clf_pre_v2/clf_pre_AZDX_v2/runs/tf_30_mf_4p5_seed_0/pr_curve.png
2026-05-21 18:29:15,145 INFO src.utils.metrics: Confusion matrix saved to /root/autodl-tmp/em_eqf/experiments/clf_pre_v2/clf_pre_AZDX_v2/runs/tf_30_mf_4p5_seed_0/confusion_matrix.png
2026-05-21 18:29:15,145 INFO src.cli.workflows: Test loss: 0.0759791225194931
2026-05-21 18:29:16,129 INFO src.train.classifier_train_step: Prediction distribution plot has been saved to: /root/autodl-tmp/em_eqf/experiments/clf_pre_v2/clf_pre_AZDX_v2/runs/tf_30_mf_4p5_seed_0/train_pred_distribution.png
2026-05-21 18:29:16,467 INFO src.train.classifier_train_step: Prediction distribution plot has been saved to: /root/autodl-tmp/em_eqf/experiments/clf_pre_v2/clf_pre_AZDX_v2/runs/tf_30_mf_4p5_seed_0/val_pred_distribution.png
2026-05-21 18:29:16,977 INFO src.train.classifier_train_step: Prediction distribution plot has been saved to: /root/autodl-tmp/em_eqf/experiments/clf_pre_v2/clf_pre_AZDX_v2/runs/tf_30_mf_4p5_seed_0/test_pred_distribution.png
2026-05-21 18:29:16,978 INFO src.cli.common: Saved test metrics to /root/autodl-tmp/em_eqf/experiments/clf_pre_v2/clf_pre_AZDX_v2/runs/tf_30_mf_4p5_seed_0/metrics_test_best_1.json
2026-05-21 18:29:16,978 INFO src.cli.common: Metrics: {'precision': 0.3671875, 'recall': 1.0, 'f1': 0.5371428571428571, 'auc': 0.8408687943262412, 'pr_auc': 0.787893291582705, 'fpr': 0.84375, 'tpr': 1.0, 'R': 0.15625, 'conf': 4.559771237672762e-30, 'threshold': 0.4827946424484253}
