2026-05-09 00:13:55,042 INFO src.data.preprocessing: CSV files found: ['chuandian_2021.csv']
2026-05-09 00:13:55,976 INFO src.utils.file_utils: Loading cached data from: data/ChuanDian/classifier/classifier_Mc_3_Mf_4.5_Tfore_30_Twindow_180_context_len_1_dt_10.pkl
2026-05-09 00:13:56,326 INFO src.data.preprocessing: Catalog statistics: {'tau_unfiltered': 0.15339908988298961, 'tau_q025': 0.08114294020924717, 'tau_q05': 0.5134664350189269, 'tau_mean': 1.3070542199341526, 'tau_max': 25.18216435192153, 'tau_min': 0.0, 'time_max': 18770.72654999979, 'time_mean': 10030.9430649837, 'mag_completeness': 3.0, 'mag_mean': 3.456916005014626, 'mag_max': 8.0, 'mag_min': 3.0, 'b_value': 0.856738547623331, 'b_std': 0.0071499224812533796, 'b_n': 14358}
2026-05-09 00:13:56,327 INFO src.data.preparation: stats {'tau_unfiltered': 0.15339908988298961, 'tau_q025': 0.08114294020924717, 'tau_q05': 0.5134664350189269, 'tau_mean': 1.3070542199341526, 'tau_max': 25.18216435192153, 'tau_min': 0.0, 'time_max': 18770.72654999979, 'time_mean': 10030.9430649837, 'mag_completeness': 3.0, 'mag_mean': 3.456916005014626, 'mag_max': 8.0, 'mag_min': 3.0, 'b_value': 0.856738547623331, 'b_std': 0.0071499224812533796, 'b_n': 14358}
2026-05-09 00:13:56,344 INFO src.data.event_loader: lengths of samples: min=32, max=981, avg=135.26
2026-05-09 00:13:56,344 INFO src.data.event_loader: Number of positive samples: 836
2026-05-09 00:13:56,344 INFO src.data.event_loader: Number of negative samples: 594
2026-05-09 00:13:56,345 INFO src.data.event_loader: Positive samples: 706, Negative samples: 438
2026-05-09 00:13:56,345 INFO src.data.event_loader: Total samples: 1144, Positive ratio: 0.62, Negative ratio: 0.38
2026-05-09 00:13:56,346 INFO src.data.event_loader: Positive samples: 83, Negative samples: 60
2026-05-09 00:13:56,346 INFO src.data.event_loader: Total samples: 143, Positive ratio: 0.58, Negative ratio: 0.42
2026-05-09 00:13:56,346 INFO src.data.event_loader: Positive samples: 47, Negative samples: 96
2026-05-09 00:13:56,346 INFO src.data.event_loader: Total samples: 143, Positive ratio: 0.33, Negative ratio: 0.67
2026-05-09 00:13:56,502 INFO __main__: No resume path provided. Training will start from scratch.
2026-05-09 00:13:57,310 INFO src.models.adapters.mixer_task: using time scale base 1.3070542199341526 (key: tau_mean)
2026-05-09 00:13:57,310 INFO src.models.adapters.mixer_task: tau mean: tensor(1.3071)
2026-05-09 00:13:57,314 INFO src.train.config_setup: No checkpoint restore requested; initializing model from scratch.
2026-05-09 00:13:57,314 INFO src.train.config_setup: Freeze summary (fresh_init): mode=all_matched, freeze_parts=['base_model.encoder'], exclude_freeze_parts=[], frozen=30
2026-05-09 00:13:57,314 INFO src.train.config_setup: Frozen parameter preview (fresh_init): ['base_model.encoder.input_proj.0.weight', 'base_model.encoder.input_proj.0.bias', 'base_model.encoder.input_proj.3.weight', 'base_model.encoder.input_proj.3.bias', 'base_model.encoder.layers.0.norm.weight', 'base_model.encoder.layers.0.norm.bias', 'base_model.encoder.layers.0.mixer.dt_bias', 'base_model.encoder.layers.0.mixer.A_log', 'base_model.encoder.layers.0.mixer.D', 'base_model.encoder.layers.0.mixer.in_proj.weight'] ... (+20 more)
2026-05-09 00:13:57,314 INFO src.train.config_setup: Using classification criterion: bce
2026-05-09 00:13:57,314 INFO src.train.config_setup: Criterion config: {}
2026-05-09 00:13:57,315 INFO src.train.trainer: Epoch 1
2026-05-09 00:14:02,998 INFO src.train.trainer: New best validation loss: 0.7154, saved to checkpoints/clf_mixer_attnpl_t_20260509-001354/best_model_1.pth
2026-05-09 00:14:03,001 INFO src.train.trainer: Last model at epoch 1 saved to checkpoints/clf_mixer_attnpl_t_20260509-001354/last_model_1.pth
2026-05-09 00:14:03,001 INFO src.train.trainer: Epoch 2
2026-05-09 00:14:04,134 INFO src.train.trainer: New best validation loss: 0.7138, saved to checkpoints/clf_mixer_attnpl_t_20260509-001354/best_model_1.pth
2026-05-09 00:14:04,140 INFO src.train.trainer: Last model at epoch 2 saved to checkpoints/clf_mixer_attnpl_t_20260509-001354/last_model_1.pth
2026-05-09 00:14:04,140 INFO src.train.trainer: Epoch 3
2026-05-09 00:14:05,275 INFO src.train.trainer: New best validation loss: 0.7113, saved to checkpoints/clf_mixer_attnpl_t_20260509-001354/best_model_1.pth
2026-05-09 00:14:05,281 INFO src.train.trainer: Last model at epoch 3 saved to checkpoints/clf_mixer_attnpl_t_20260509-001354/last_model_1.pth
2026-05-09 00:14:05,281 INFO src.train.trainer: Epoch 4
2026-05-09 00:14:06,351 INFO src.train.trainer: New best validation loss: 0.7083, saved to checkpoints/clf_mixer_attnpl_t_20260509-001354/best_model_1.pth
2026-05-09 00:14:06,357 INFO src.train.trainer: Last model at epoch 4 saved to checkpoints/clf_mixer_attnpl_t_20260509-001354/last_model_1.pth
2026-05-09 00:14:06,357 INFO src.train.trainer: Epoch 5
2026-05-09 00:14:07,466 INFO src.train.trainer: New best validation loss: 0.7046, saved to checkpoints/clf_mixer_attnpl_t_20260509-001354/best_model_1.pth
2026-05-09 00:14:07,470 INFO src.train.trainer: Last model at epoch 5 saved to checkpoints/clf_mixer_attnpl_t_20260509-001354/last_model_1.pth
2026-05-09 00:14:07,470 INFO src.train.trainer: Epoch 6
2026-05-09 00:14:08,561 INFO src.train.trainer: New best validation loss: 0.7002, saved to checkpoints/clf_mixer_attnpl_t_20260509-001354/best_model_1.pth
2026-05-09 00:14:08,565 INFO src.train.trainer: Last model at epoch 6 saved to checkpoints/clf_mixer_attnpl_t_20260509-001354/last_model_1.pth
2026-05-09 00:14:08,565 INFO src.train.trainer: Epoch 7
2026-05-09 00:14:09,644 INFO src.train.trainer: New best validation loss: 0.6968, saved to checkpoints/clf_mixer_attnpl_t_20260509-001354/best_model_1.pth
2026-05-09 00:14:09,648 INFO src.train.trainer: Last model at epoch 7 saved to checkpoints/clf_mixer_attnpl_t_20260509-001354/last_model_1.pth
2026-05-09 00:14:09,648 INFO src.train.trainer: Epoch 8
2026-05-09 00:14:10,774 INFO src.train.trainer: New best validation loss: 0.6938, saved to checkpoints/clf_mixer_attnpl_t_20260509-001354/best_model_1.pth
2026-05-09 00:14:10,779 INFO src.train.trainer: Last model at epoch 8 saved to checkpoints/clf_mixer_attnpl_t_20260509-001354/last_model_1.pth
2026-05-09 00:14:10,779 INFO src.train.trainer: Epoch 9
2026-05-09 00:14:11,892 INFO src.train.trainer: New best validation loss: 0.6907, saved to checkpoints/clf_mixer_attnpl_t_20260509-001354/best_model_1.pth
2026-05-09 00:14:11,896 INFO src.train.trainer: Last model at epoch 9 saved to checkpoints/clf_mixer_attnpl_t_20260509-001354/last_model_1.pth
2026-05-09 00:14:11,896 INFO src.train.trainer: Epoch 10
2026-05-09 00:14:12,970 INFO src.train.trainer: New best validation loss: 0.6875, saved to checkpoints/clf_mixer_attnpl_t_20260509-001354/best_model_1.pth
2026-05-09 00:14:12,975 INFO src.train.trainer: Last model at epoch 10 saved to checkpoints/clf_mixer_attnpl_t_20260509-001354/last_model_1.pth
2026-05-09 00:14:12,975 INFO src.train.trainer: Epoch 11
2026-05-09 00:14:14,102 INFO src.train.trainer: New best validation loss: 0.6857, saved to checkpoints/clf_mixer_attnpl_t_20260509-001354/best_model_1.pth
2026-05-09 00:14:14,106 INFO src.train.trainer: Last model at epoch 11 saved to checkpoints/clf_mixer_attnpl_t_20260509-001354/last_model_1.pth
2026-05-09 00:14:14,106 INFO src.train.trainer: Epoch 12
2026-05-09 00:14:15,278 INFO src.train.trainer: New best validation loss: 0.6843, saved to checkpoints/clf_mixer_attnpl_t_20260509-001354/best_model_1.pth
2026-05-09 00:14:15,282 INFO src.train.trainer: Last model at epoch 12 saved to checkpoints/clf_mixer_attnpl_t_20260509-001354/last_model_1.pth
2026-05-09 00:14:15,282 INFO src.train.trainer: Epoch 13
2026-05-09 00:14:16,412 INFO src.train.trainer: New best validation loss: 0.6831, saved to checkpoints/clf_mixer_attnpl_t_20260509-001354/best_model_1.pth
2026-05-09 00:14:16,416 INFO src.train.trainer: Last model at epoch 13 saved to checkpoints/clf_mixer_attnpl_t_20260509-001354/last_model_1.pth
2026-05-09 00:14:16,417 INFO src.train.trainer: Epoch 14
2026-05-09 00:14:17,547 INFO src.train.trainer: New best validation loss: 0.6815, saved to checkpoints/clf_mixer_attnpl_t_20260509-001354/best_model_1.pth
2026-05-09 00:14:17,551 INFO src.train.trainer: Last model at epoch 14 saved to checkpoints/clf_mixer_attnpl_t_20260509-001354/last_model_1.pth
2026-05-09 00:14:17,551 INFO src.train.trainer: Epoch 15
2026-05-09 00:14:18,671 INFO src.train.trainer: New best validation loss: 0.6810, saved to checkpoints/clf_mixer_attnpl_t_20260509-001354/best_model_1.pth
2026-05-09 00:14:18,676 INFO src.train.trainer: Last model at epoch 15 saved to checkpoints/clf_mixer_attnpl_t_20260509-001354/last_model_1.pth
2026-05-09 00:14:18,677 INFO src.train.trainer: Epoch 16
2026-05-09 00:14:19,754 INFO src.train.trainer: New best validation loss: 0.6804, saved to checkpoints/clf_mixer_attnpl_t_20260509-001354/best_model_1.pth
2026-05-09 00:14:19,758 INFO src.train.trainer: Last model at epoch 16 saved to checkpoints/clf_mixer_attnpl_t_20260509-001354/last_model_1.pth
2026-05-09 00:14:19,758 INFO src.train.trainer: Epoch 17
2026-05-09 00:14:20,907 INFO src.train.trainer: New best validation loss: 0.6803, saved to checkpoints/clf_mixer_attnpl_t_20260509-001354/best_model_1.pth
2026-05-09 00:14:20,911 INFO src.train.trainer: Last model at epoch 17 saved to checkpoints/clf_mixer_attnpl_t_20260509-001354/last_model_1.pth
2026-05-09 00:14:20,911 INFO src.train.trainer: Epoch 18
2026-05-09 00:14:22,017 INFO src.train.trainer: Last model at epoch 18 saved to checkpoints/clf_mixer_attnpl_t_20260509-001354/last_model_1.pth
2026-05-09 00:14:22,017 INFO src.train.trainer: Epoch 19
2026-05-09 00:14:23,128 INFO src.train.trainer: Last model at epoch 19 saved to checkpoints/clf_mixer_attnpl_t_20260509-001354/last_model_1.pth
2026-05-09 00:14:23,128 INFO src.train.trainer: Epoch 20
2026-05-09 00:14:24,281 INFO src.train.trainer: Last model at epoch 20 saved to checkpoints/clf_mixer_attnpl_t_20260509-001354/last_model_1.pth
2026-05-09 00:14:24,281 INFO src.train.trainer: Epoch 21
2026-05-09 00:14:25,561 INFO src.train.trainer: New best validation loss: 0.6802, saved to checkpoints/clf_mixer_attnpl_t_20260509-001354/best_model_1.pth
2026-05-09 00:14:25,565 INFO src.train.trainer: Last model at epoch 21 saved to checkpoints/clf_mixer_attnpl_t_20260509-001354/last_model_1.pth
2026-05-09 00:14:25,566 INFO src.train.trainer: Epoch 22
2026-05-09 00:14:26,833 INFO src.train.trainer: New best validation loss: 0.6797, saved to checkpoints/clf_mixer_attnpl_t_20260509-001354/best_model_1.pth
2026-05-09 00:14:26,838 INFO src.train.trainer: Last model at epoch 22 saved to checkpoints/clf_mixer_attnpl_t_20260509-001354/last_model_1.pth
2026-05-09 00:14:26,838 INFO src.train.trainer: Epoch 23
2026-05-09 00:14:28,106 INFO src.train.trainer: Last model at epoch 23 saved to checkpoints/clf_mixer_attnpl_t_20260509-001354/last_model_1.pth
2026-05-09 00:14:28,106 INFO src.train.trainer: Epoch 24
2026-05-09 00:14:29,397 INFO src.train.trainer: Last model at epoch 24 saved to checkpoints/clf_mixer_attnpl_t_20260509-001354/last_model_1.pth
2026-05-09 00:14:29,398 INFO src.train.trainer: Epoch 25
2026-05-09 00:14:30,635 INFO src.train.trainer: Last model at epoch 25 saved to checkpoints/clf_mixer_attnpl_t_20260509-001354/last_model_1.pth
2026-05-09 00:14:30,635 INFO src.train.trainer: Epoch 26
2026-05-09 00:14:31,886 INFO src.train.trainer: Last model at epoch 26 saved to checkpoints/clf_mixer_attnpl_t_20260509-001354/last_model_1.pth
2026-05-09 00:14:31,886 INFO src.train.trainer: Epoch 27
2026-05-09 00:14:33,102 INFO src.train.trainer: Last model at epoch 27 saved to checkpoints/clf_mixer_attnpl_t_20260509-001354/last_model_1.pth
2026-05-09 00:14:33,102 INFO src.train.trainer: Epoch 28
2026-05-09 00:14:34,342 INFO src.train.trainer: Last model at epoch 28 saved to checkpoints/clf_mixer_attnpl_t_20260509-001354/last_model_1.pth
2026-05-09 00:14:34,342 INFO src.train.trainer: Epoch 29
2026-05-09 00:14:35,589 INFO src.train.trainer: Last model at epoch 29 saved to checkpoints/clf_mixer_attnpl_t_20260509-001354/last_model_1.pth
2026-05-09 00:14:35,590 INFO src.train.trainer: Epoch 30
2026-05-09 00:14:36,815 INFO src.train.trainer: Last model at epoch 30 saved to checkpoints/clf_mixer_attnpl_t_20260509-001354/last_model_1.pth
2026-05-09 00:14:36,815 INFO src.train.trainer: Epoch 31
2026-05-09 00:14:37,913 INFO src.train.trainer: Last model at epoch 31 saved to checkpoints/clf_mixer_attnpl_t_20260509-001354/last_model_1.pth
2026-05-09 00:14:37,913 INFO src.train.trainer: Epoch 32
2026-05-09 00:14:38,987 INFO src.train.trainer: Last model at epoch 32 saved to checkpoints/clf_mixer_attnpl_t_20260509-001354/last_model_1.pth
2026-05-09 00:14:38,988 INFO src.train.trainer: Early stopping triggered at epoch 32 (best epoch: 22, best val loss: 0.679733)
2026-05-09 00:14:51,207 INFO src.data.preprocessing: CSV files found: ['chuandian_2021.csv']
2026-05-09 00:14:52,034 INFO src.utils.file_utils: Loading cached data from: data/ChuanDian/classifier/classifier_Mc_3_Mf_4.5_Tfore_30_Twindow_180_context_len_1_dt_10.pkl
2026-05-09 00:14:52,381 INFO src.data.preprocessing: Catalog statistics: {'tau_unfiltered': 0.15339908988298961, 'tau_q025': 0.08114294020924717, 'tau_q05': 0.5134664350189269, 'tau_mean': 1.3070542199341526, 'tau_max': 25.18216435192153, 'tau_min': 0.0, 'time_max': 18770.72654999979, 'time_mean': 10030.9430649837, 'mag_completeness': 3.0, 'mag_mean': 3.456916005014626, 'mag_max': 8.0, 'mag_min': 3.0, 'b_value': 0.856738547623331, 'b_std': 0.0071499224812533796, 'b_n': 14358}
2026-05-09 00:14:52,382 INFO src.data.preparation: stats {'tau_unfiltered': 0.15339908988298961, 'tau_q025': 0.08114294020924717, 'tau_q05': 0.5134664350189269, 'tau_mean': 1.3070542199341526, 'tau_max': 25.18216435192153, 'tau_min': 0.0, 'time_max': 18770.72654999979, 'time_mean': 10030.9430649837, 'mag_completeness': 3.0, 'mag_mean': 3.456916005014626, 'mag_max': 8.0, 'mag_min': 3.0, 'b_value': 0.856738547623331, 'b_std': 0.0071499224812533796, 'b_n': 14358}
2026-05-09 00:14:52,399 INFO src.data.event_loader: lengths of samples: min=32, max=981, avg=135.26
2026-05-09 00:14:52,400 INFO src.data.event_loader: Number of positive samples: 836
2026-05-09 00:14:52,400 INFO src.data.event_loader: Number of negative samples: 594
2026-05-09 00:14:52,401 INFO src.data.event_loader: Positive samples: 706, Negative samples: 438
2026-05-09 00:14:52,401 INFO src.data.event_loader: Total samples: 1144, Positive ratio: 0.62, Negative ratio: 0.38
2026-05-09 00:14:52,401 INFO src.data.event_loader: Positive samples: 83, Negative samples: 60
2026-05-09 00:14:52,401 INFO src.data.event_loader: Total samples: 143, Positive ratio: 0.58, Negative ratio: 0.42
2026-05-09 00:14:52,401 INFO src.data.event_loader: Positive samples: 47, Negative samples: 96
2026-05-09 00:14:52,401 INFO src.data.event_loader: Total samples: 143, Positive ratio: 0.33, Negative ratio: 0.67
2026-05-09 00:14:53,235 INFO src.models.adapters.mixer_task: using time scale base 1.3070542199341526 (key: tau_mean)
2026-05-09 00:14:53,235 INFO src.models.adapters.mixer_task: tau mean: tensor(1.3071)
2026-05-09 00:14:53,238 INFO src.train.config_setup: Restoring model from checkpoint.
2026-05-09 00:14:53,238 INFO src.train.config_setup: Loading model weights: load_specific_parts=None
2026-05-09 00:14:53,240 INFO src.train.config_setup: Checkpoint loaded: <All keys matched successfully>
2026-05-09 00:14:53,240 INFO src.train.config_setup: Full load summary: loaded=32, missing=0, unexpected=0
2026-05-09 00:14:53,240 INFO src.train.config_setup: Checkpoint hyperparameters loaded.
2026-05-09 00:14:53,240 INFO src.train.config_setup: Checkpoint train metrics available.
2026-05-09 00:14:53,240 INFO src.train.config_setup: Checkpoint val metrics available.
2026-05-09 00:14:53,240 INFO src.train.config_setup: Freeze summary (checkpoint_restore): mode=all_matched, freeze_parts=['base_model.encoder'], exclude_freeze_parts=[], frozen=30
2026-05-09 00:14:53,241 INFO src.train.config_setup: Frozen parameter preview (checkpoint_restore): ['base_model.encoder.input_proj.0.weight', 'base_model.encoder.input_proj.0.bias', 'base_model.encoder.input_proj.3.weight', 'base_model.encoder.input_proj.3.bias', 'base_model.encoder.layers.0.norm.weight', 'base_model.encoder.layers.0.norm.bias', 'base_model.encoder.layers.0.mixer.dt_bias', 'base_model.encoder.layers.0.mixer.A_log', 'base_model.encoder.layers.0.mixer.D', 'base_model.encoder.layers.0.mixer.in_proj.weight'] ... (+20 more)
2026-05-09 00:14:53,241 INFO src.train.config_setup: Using classification criterion: bce
2026-05-09 00:14:53,241 INFO src.train.config_setup: Criterion config: {}
2026-05-09 00:14:53,242 INFO src.train.config_setup: Not resuming optimizer/scheduler state; reset training state to start_epoch=0, best_val_loss=inf.
2026-05-09 00:14:53,242 INFO __main__: Using threshold 0.5838204026222229 from checkpoint val_metrics for testing.
2026-05-09 00:14:57,735 INFO src.utils.metrics: ROC curve saved to checkpoints/clf_mixer_attnpl_t_20260509-001354/roc_curve.png
2026-05-09 00:14:57,846 INFO src.utils.metrics: PR curve saved to checkpoints/clf_mixer_attnpl_t_20260509-001354/pr_curve.png
2026-05-09 00:14:57,910 INFO src.utils.metrics: Confusion matrix saved to checkpoints/clf_mixer_attnpl_t_20260509-001354/confusion_matrix.png
2026-05-09 00:14:57,911 INFO __main__: Test loss: 0.8290877540906271
2026-05-09 00:14:58,384 INFO src.train.classifier_train_step: Prediction distribution plot has been saved to: checkpoints/clf_mixer_attnpl_t_20260509-001354/train_pred_distribution.png
2026-05-09 00:14:58,609 INFO src.train.classifier_train_step: Prediction distribution plot has been saved to: checkpoints/clf_mixer_attnpl_t_20260509-001354/val_pred_distribution.png
2026-05-09 00:14:58,836 INFO src.train.classifier_train_step: Prediction distribution plot has been saved to: checkpoints/clf_mixer_attnpl_t_20260509-001354/test_pred_distribution.png
2026-05-09 00:14:58,836 INFO __main__: Saved test metrics to checkpoints/clf_mixer_attnpl_t_20260509-001354/metrics_test_best_1.json
2026-05-09 00:14:58,836 INFO __main__: Metrics: {'precision': 0.33098591549295775, 'recall': 1.0, 'f1': 0.4973544973544973, 'auc': 0.5378989361702129, 'pr_auc': 0.36186121207248445, 'fpr': 0.9895833333333334, 'tpr': 1.0, 'R': 0.01041666666666663, 'conf': 4.648991846107755e-153, 'threshold': 0.5838204026222229}
