2026-05-10 14:46:17,681 INFO src.data.preprocessing: CSV files found: ['chuandian_2021.csv']
2026-05-10 14:46:18,439 INFO src.utils.file_utils: Loading cached data from: data/ChuanDian/classifier/classifier_Mc_3_Mf_4.5_Tfore_30_Twindow_180_context_len_1_dt_10.pkl
2026-05-10 14:46:18,768 INFO src.data.preprocessing: Catalog statistics: {'tau_unfiltered': 0.15339908988298961, 'tau_q025': 0.08114294020924717, 'tau_q05': 0.5134664350189269, 'tau_mean': 1.3070542199341526, 'tau_max': 25.18216435192153, 'tau_min': 0.0, 'time_max': 18770.72654999979, 'time_mean': 10030.9430649837, 'mag_completeness': 3.0, 'mag_mean': 3.456916005014626, 'mag_max': 8.0, 'mag_min': 3.0, 'b_value': 0.856738547623331, 'b_std': 0.0071499224812533796, 'b_n': 14358}
2026-05-10 14:46:18,786 INFO src.data.event_loader: lengths of samples: min=32, max=981, avg=135.26
2026-05-10 14:46:18,786 INFO src.data.event_loader: Number of positive samples: 836
2026-05-10 14:46:18,786 INFO src.data.event_loader: Number of negative samples: 594
2026-05-10 14:46:18,787 INFO src.data.event_loader: Positive samples: 706, Negative samples: 438
2026-05-10 14:46:18,787 INFO src.data.event_loader: Total samples: 1144, Positive ratio: 0.62, Negative ratio: 0.38
2026-05-10 14:46:18,787 INFO src.data.event_loader: Positive samples: 83, Negative samples: 60
2026-05-10 14:46:18,787 INFO src.data.event_loader: Total samples: 143, Positive ratio: 0.58, Negative ratio: 0.42
2026-05-10 14:46:18,788 INFO src.data.event_loader: Positive samples: 47, Negative samples: 96
2026-05-10 14:46:18,788 INFO src.data.event_loader: Total samples: 143, Positive ratio: 0.33, Negative ratio: 0.67
2026-05-10 14:46:18,938 INFO src.cli.workflows: No resume path provided. Training will start from scratch.
2026-05-10 14:46:19,427 INFO src.models.adapters.mixer_task: using time scale base 1.3070542199341526 (key: tau_mean)
2026-05-10 14:46:19,427 INFO src.models.adapters.mixer_task: tau mean: tensor(1.3071)
2026-05-10 14:46:19,433 INFO src.train.config_setup: No checkpoint restore requested; initializing model from scratch.
2026-05-10 14:46:19,433 INFO src.train.config_setup: Freeze skipped (fresh_init): freeze_parts is empty.
2026-05-10 14:46:19,433 INFO src.train.config_setup: Using classification criterion: focal
2026-05-10 14:46:19,433 INFO src.train.config_setup: Criterion config: {'alpha': 0.5, 'gamma': 2.0}
2026-05-10 14:46:19,434 INFO src.train.trainer: Epoch 1
2026-05-10 14:46:34,072 INFO src.train.trainer: New best validation loss: 0.0854, saved to /root/autodl-tmp/em_eqf/experiments/clf_grid_4/runs/tf_30_mf_4p5_seed_2/best_model_1.pth
2026-05-10 14:46:34,078 INFO src.train.trainer: Last model at epoch 1 saved to /root/autodl-tmp/em_eqf/experiments/clf_grid_4/runs/tf_30_mf_4p5_seed_2/last_model_1.pth
2026-05-10 14:46:34,079 INFO src.train.trainer: Epoch 2
2026-05-10 14:46:36,265 INFO src.train.trainer: New best validation loss: 0.0848, saved to /root/autodl-tmp/em_eqf/experiments/clf_grid_4/runs/tf_30_mf_4p5_seed_2/best_model_1.pth
2026-05-10 14:46:36,274 INFO src.train.trainer: Last model at epoch 2 saved to /root/autodl-tmp/em_eqf/experiments/clf_grid_4/runs/tf_30_mf_4p5_seed_2/last_model_1.pth
2026-05-10 14:46:36,275 INFO src.train.trainer: Epoch 3
2026-05-10 14:46:38,475 INFO src.train.trainer: Last model at epoch 3 saved to /root/autodl-tmp/em_eqf/experiments/clf_grid_4/runs/tf_30_mf_4p5_seed_2/last_model_1.pth
2026-05-10 14:46:38,476 INFO src.train.trainer: Epoch 4
2026-05-10 14:46:40,601 INFO src.train.trainer: New best validation loss: 0.0845, saved to /root/autodl-tmp/em_eqf/experiments/clf_grid_4/runs/tf_30_mf_4p5_seed_2/best_model_1.pth
2026-05-10 14:46:40,609 INFO src.train.trainer: Last model at epoch 4 saved to /root/autodl-tmp/em_eqf/experiments/clf_grid_4/runs/tf_30_mf_4p5_seed_2/last_model_1.pth
2026-05-10 14:46:40,609 INFO src.train.trainer: Epoch 5
2026-05-10 14:46:42,616 INFO src.train.trainer: New best validation loss: 0.0826, saved to /root/autodl-tmp/em_eqf/experiments/clf_grid_4/runs/tf_30_mf_4p5_seed_2/best_model_1.pth
2026-05-10 14:46:42,625 INFO src.train.trainer: Last model at epoch 5 saved to /root/autodl-tmp/em_eqf/experiments/clf_grid_4/runs/tf_30_mf_4p5_seed_2/last_model_1.pth
2026-05-10 14:46:42,625 INFO src.train.trainer: Epoch 6
2026-05-10 14:46:44,462 INFO src.train.trainer: New best validation loss: 0.0817, saved to /root/autodl-tmp/em_eqf/experiments/clf_grid_4/runs/tf_30_mf_4p5_seed_2/best_model_1.pth
2026-05-10 14:46:44,471 INFO src.train.trainer: Last model at epoch 6 saved to /root/autodl-tmp/em_eqf/experiments/clf_grid_4/runs/tf_30_mf_4p5_seed_2/last_model_1.pth
2026-05-10 14:46:44,471 INFO src.train.trainer: Epoch 7
2026-05-10 14:46:46,447 INFO src.train.trainer: Last model at epoch 7 saved to /root/autodl-tmp/em_eqf/experiments/clf_grid_4/runs/tf_30_mf_4p5_seed_2/last_model_1.pth
2026-05-10 14:46:46,447 INFO src.train.trainer: Epoch 8
2026-05-10 14:46:48,300 INFO src.train.trainer: New best validation loss: 0.0795, saved to /root/autodl-tmp/em_eqf/experiments/clf_grid_4/runs/tf_30_mf_4p5_seed_2/best_model_1.pth
2026-05-10 14:46:48,307 INFO src.train.trainer: Last model at epoch 8 saved to /root/autodl-tmp/em_eqf/experiments/clf_grid_4/runs/tf_30_mf_4p5_seed_2/last_model_1.pth
2026-05-10 14:46:48,307 INFO src.train.trainer: Epoch 9
2026-05-10 14:46:50,156 INFO src.train.trainer: Last model at epoch 9 saved to /root/autodl-tmp/em_eqf/experiments/clf_grid_4/runs/tf_30_mf_4p5_seed_2/last_model_1.pth
2026-05-10 14:46:50,156 INFO src.train.trainer: Epoch 10
2026-05-10 14:46:51,977 INFO src.train.trainer: Last model at epoch 10 saved to /root/autodl-tmp/em_eqf/experiments/clf_grid_4/runs/tf_30_mf_4p5_seed_2/last_model_1.pth
2026-05-10 14:46:51,978 INFO src.train.trainer: Epoch 11
2026-05-10 14:46:54,104 INFO src.train.trainer: New best validation loss: 0.0794, saved to /root/autodl-tmp/em_eqf/experiments/clf_grid_4/runs/tf_30_mf_4p5_seed_2/best_model_1.pth
2026-05-10 14:46:54,114 INFO src.train.trainer: Last model at epoch 11 saved to /root/autodl-tmp/em_eqf/experiments/clf_grid_4/runs/tf_30_mf_4p5_seed_2/last_model_1.pth
2026-05-10 14:46:54,114 INFO src.train.trainer: Epoch 12
2026-05-10 14:46:56,170 INFO src.train.trainer: New best validation loss: 0.0777, saved to /root/autodl-tmp/em_eqf/experiments/clf_grid_4/runs/tf_30_mf_4p5_seed_2/best_model_1.pth
2026-05-10 14:46:56,178 INFO src.train.trainer: Last model at epoch 12 saved to /root/autodl-tmp/em_eqf/experiments/clf_grid_4/runs/tf_30_mf_4p5_seed_2/last_model_1.pth
2026-05-10 14:46:56,178 INFO src.train.trainer: Epoch 13
2026-05-10 14:46:58,314 INFO src.train.trainer: New best validation loss: 0.0769, saved to /root/autodl-tmp/em_eqf/experiments/clf_grid_4/runs/tf_30_mf_4p5_seed_2/best_model_1.pth
2026-05-10 14:46:58,322 INFO src.train.trainer: Last model at epoch 13 saved to /root/autodl-tmp/em_eqf/experiments/clf_grid_4/runs/tf_30_mf_4p5_seed_2/last_model_1.pth
2026-05-10 14:46:58,322 INFO src.train.trainer: Epoch 14
2026-05-10 14:47:00,415 INFO src.train.trainer: New best validation loss: 0.0768, saved to /root/autodl-tmp/em_eqf/experiments/clf_grid_4/runs/tf_30_mf_4p5_seed_2/best_model_1.pth
2026-05-10 14:47:00,425 INFO src.train.trainer: Last model at epoch 14 saved to /root/autodl-tmp/em_eqf/experiments/clf_grid_4/runs/tf_30_mf_4p5_seed_2/last_model_1.pth
2026-05-10 14:47:00,425 INFO src.train.trainer: Epoch 15
2026-05-10 14:47:02,509 INFO src.train.trainer: New best validation loss: 0.0766, saved to /root/autodl-tmp/em_eqf/experiments/clf_grid_4/runs/tf_30_mf_4p5_seed_2/best_model_1.pth
2026-05-10 14:47:02,518 INFO src.train.trainer: Last model at epoch 15 saved to /root/autodl-tmp/em_eqf/experiments/clf_grid_4/runs/tf_30_mf_4p5_seed_2/last_model_1.pth
2026-05-10 14:47:02,518 INFO src.train.trainer: Epoch 16
2026-05-10 14:47:04,395 INFO src.train.trainer: Last model at epoch 16 saved to /root/autodl-tmp/em_eqf/experiments/clf_grid_4/runs/tf_30_mf_4p5_seed_2/last_model_1.pth
2026-05-10 14:47:04,395 INFO src.train.trainer: Epoch 17
2026-05-10 14:47:06,261 INFO src.train.trainer: New best validation loss: 0.0751, saved to /root/autodl-tmp/em_eqf/experiments/clf_grid_4/runs/tf_30_mf_4p5_seed_2/best_model_1.pth
2026-05-10 14:47:06,267 INFO src.train.trainer: Last model at epoch 17 saved to /root/autodl-tmp/em_eqf/experiments/clf_grid_4/runs/tf_30_mf_4p5_seed_2/last_model_1.pth
2026-05-10 14:47:06,267 INFO src.train.trainer: Epoch 18
2026-05-10 14:47:08,248 INFO src.train.trainer: Last model at epoch 18 saved to /root/autodl-tmp/em_eqf/experiments/clf_grid_4/runs/tf_30_mf_4p5_seed_2/last_model_1.pth
2026-05-10 14:47:08,248 INFO src.train.trainer: Epoch 19
2026-05-10 14:47:10,119 INFO src.train.trainer: Last model at epoch 19 saved to /root/autodl-tmp/em_eqf/experiments/clf_grid_4/runs/tf_30_mf_4p5_seed_2/last_model_1.pth
2026-05-10 14:47:10,119 INFO src.train.trainer: Epoch 20
2026-05-10 14:47:11,968 INFO src.train.trainer: Last model at epoch 20 saved to /root/autodl-tmp/em_eqf/experiments/clf_grid_4/runs/tf_30_mf_4p5_seed_2/last_model_1.pth
2026-05-10 14:47:11,968 INFO src.train.trainer: Epoch 21
2026-05-10 14:47:13,790 INFO src.train.trainer: New best validation loss: 0.0731, saved to /root/autodl-tmp/em_eqf/experiments/clf_grid_4/runs/tf_30_mf_4p5_seed_2/best_model_1.pth
2026-05-10 14:47:13,798 INFO src.train.trainer: Last model at epoch 21 saved to /root/autodl-tmp/em_eqf/experiments/clf_grid_4/runs/tf_30_mf_4p5_seed_2/last_model_1.pth
2026-05-10 14:47:13,798 INFO src.train.trainer: Epoch 22
2026-05-10 14:47:15,616 INFO src.train.trainer: Last model at epoch 22 saved to /root/autodl-tmp/em_eqf/experiments/clf_grid_4/runs/tf_30_mf_4p5_seed_2/last_model_1.pth
2026-05-10 14:47:15,616 INFO src.train.trainer: Epoch 23
2026-05-10 14:47:17,423 INFO src.train.trainer: New best validation loss: 0.0727, saved to /root/autodl-tmp/em_eqf/experiments/clf_grid_4/runs/tf_30_mf_4p5_seed_2/best_model_1.pth
2026-05-10 14:47:17,431 INFO src.train.trainer: Last model at epoch 23 saved to /root/autodl-tmp/em_eqf/experiments/clf_grid_4/runs/tf_30_mf_4p5_seed_2/last_model_1.pth
2026-05-10 14:47:17,431 INFO src.train.trainer: Epoch 24
2026-05-10 14:47:19,202 INFO src.train.trainer: Last model at epoch 24 saved to /root/autodl-tmp/em_eqf/experiments/clf_grid_4/runs/tf_30_mf_4p5_seed_2/last_model_1.pth
2026-05-10 14:47:19,203 INFO src.train.trainer: Epoch 25
2026-05-10 14:47:21,006 INFO src.train.trainer: Last model at epoch 25 saved to /root/autodl-tmp/em_eqf/experiments/clf_grid_4/runs/tf_30_mf_4p5_seed_2/last_model_1.pth
2026-05-10 14:47:21,006 INFO src.train.trainer: Epoch 26
2026-05-10 14:47:22,839 INFO src.train.trainer: Last model at epoch 26 saved to /root/autodl-tmp/em_eqf/experiments/clf_grid_4/runs/tf_30_mf_4p5_seed_2/last_model_1.pth
2026-05-10 14:47:22,839 INFO src.train.trainer: Epoch 27
2026-05-10 14:47:24,680 INFO src.train.trainer: New best validation loss: 0.0718, saved to /root/autodl-tmp/em_eqf/experiments/clf_grid_4/runs/tf_30_mf_4p5_seed_2/best_model_1.pth
2026-05-10 14:47:24,687 INFO src.train.trainer: Last model at epoch 27 saved to /root/autodl-tmp/em_eqf/experiments/clf_grid_4/runs/tf_30_mf_4p5_seed_2/last_model_1.pth
2026-05-10 14:47:24,687 INFO src.train.trainer: Epoch 28
2026-05-10 14:47:26,604 INFO src.train.trainer: Last model at epoch 28 saved to /root/autodl-tmp/em_eqf/experiments/clf_grid_4/runs/tf_30_mf_4p5_seed_2/last_model_1.pth
2026-05-10 14:47:26,604 INFO src.train.trainer: Epoch 29
2026-05-10 14:47:28,404 INFO src.train.trainer: Last model at epoch 29 saved to /root/autodl-tmp/em_eqf/experiments/clf_grid_4/runs/tf_30_mf_4p5_seed_2/last_model_1.pth
2026-05-10 14:47:28,405 INFO src.train.trainer: Epoch 30
2026-05-10 14:47:30,240 INFO src.train.trainer: Last model at epoch 30 saved to /root/autodl-tmp/em_eqf/experiments/clf_grid_4/runs/tf_30_mf_4p5_seed_2/last_model_1.pth
2026-05-10 14:47:30,240 INFO src.train.trainer: Epoch 31
2026-05-10 14:47:31,994 INFO src.train.trainer: Last model at epoch 31 saved to /root/autodl-tmp/em_eqf/experiments/clf_grid_4/runs/tf_30_mf_4p5_seed_2/last_model_1.pth
2026-05-10 14:47:31,994 INFO src.train.trainer: Epoch 32
2026-05-10 14:47:33,691 INFO src.train.trainer: Last model at epoch 32 saved to /root/autodl-tmp/em_eqf/experiments/clf_grid_4/runs/tf_30_mf_4p5_seed_2/last_model_1.pth
2026-05-10 14:47:33,691 INFO src.train.trainer: Epoch 33
2026-05-10 14:47:35,415 INFO src.train.trainer: Last model at epoch 33 saved to /root/autodl-tmp/em_eqf/experiments/clf_grid_4/runs/tf_30_mf_4p5_seed_2/last_model_1.pth
2026-05-10 14:47:35,415 INFO src.train.trainer: Epoch 34
2026-05-10 14:47:37,142 INFO src.train.trainer: Last model at epoch 34 saved to /root/autodl-tmp/em_eqf/experiments/clf_grid_4/runs/tf_30_mf_4p5_seed_2/last_model_1.pth
2026-05-10 14:47:37,142 INFO src.train.trainer: Epoch 35
2026-05-10 14:47:38,855 INFO src.train.trainer: Last model at epoch 35 saved to /root/autodl-tmp/em_eqf/experiments/clf_grid_4/runs/tf_30_mf_4p5_seed_2/last_model_1.pth
2026-05-10 14:47:38,856 INFO src.train.trainer: Epoch 36
2026-05-10 14:47:40,599 INFO src.train.trainer: Last model at epoch 36 saved to /root/autodl-tmp/em_eqf/experiments/clf_grid_4/runs/tf_30_mf_4p5_seed_2/last_model_1.pth
2026-05-10 14:47:40,599 INFO src.train.trainer: Epoch 37
2026-05-10 14:47:42,392 INFO src.train.trainer: Last model at epoch 37 saved to /root/autodl-tmp/em_eqf/experiments/clf_grid_4/runs/tf_30_mf_4p5_seed_2/last_model_1.pth
2026-05-10 14:47:42,392 INFO src.train.trainer: Early stopping triggered at epoch 37 (best epoch: 27, best val loss: 0.071752)
2026-05-10 14:47:51,845 INFO src.data.preprocessing: CSV files found: ['chuandian_2021.csv']
2026-05-10 14:47:52,558 INFO src.utils.file_utils: Loading cached data from: data/ChuanDian/classifier/classifier_Mc_3_Mf_4.5_Tfore_30_Twindow_180_context_len_1_dt_10.pkl
2026-05-10 14:47:52,890 INFO src.data.preprocessing: Catalog statistics: {'tau_unfiltered': 0.15339908988298961, 'tau_q025': 0.08114294020924717, 'tau_q05': 0.5134664350189269, 'tau_mean': 1.3070542199341526, 'tau_max': 25.18216435192153, 'tau_min': 0.0, 'time_max': 18770.72654999979, 'time_mean': 10030.9430649837, 'mag_completeness': 3.0, 'mag_mean': 3.456916005014626, 'mag_max': 8.0, 'mag_min': 3.0, 'b_value': 0.856738547623331, 'b_std': 0.0071499224812533796, 'b_n': 14358}
2026-05-10 14:47:52,909 INFO src.data.event_loader: lengths of samples: min=32, max=981, avg=135.26
2026-05-10 14:47:52,909 INFO src.data.event_loader: Number of positive samples: 836
2026-05-10 14:47:52,909 INFO src.data.event_loader: Number of negative samples: 594
2026-05-10 14:47:52,910 INFO src.data.event_loader: Positive samples: 706, Negative samples: 438
2026-05-10 14:47:52,910 INFO src.data.event_loader: Total samples: 1144, Positive ratio: 0.62, Negative ratio: 0.38
2026-05-10 14:47:52,911 INFO src.data.event_loader: Positive samples: 83, Negative samples: 60
2026-05-10 14:47:52,911 INFO src.data.event_loader: Total samples: 143, Positive ratio: 0.58, Negative ratio: 0.42
2026-05-10 14:47:52,911 INFO src.data.event_loader: Positive samples: 47, Negative samples: 96
2026-05-10 14:47:52,911 INFO src.data.event_loader: Total samples: 143, Positive ratio: 0.33, Negative ratio: 0.67
2026-05-10 14:47:53,361 INFO src.models.adapters.mixer_task: using time scale base 1.3070542199341526 (key: tau_mean)
2026-05-10 14:47:53,361 INFO src.models.adapters.mixer_task: tau mean: tensor(1.3071)
2026-05-10 14:47:53,366 INFO src.train.config_setup: Restoring model from checkpoint.
2026-05-10 14:47:53,367 INFO src.train.config_setup: Loading model weights: load_specific_parts=None
2026-05-10 14:47:53,368 INFO src.train.config_setup: Checkpoint loaded: <All keys matched successfully>
2026-05-10 14:47:53,368 INFO src.train.config_setup: Full load summary: loaded=56, missing=0, unexpected=0
2026-05-10 14:47:53,369 INFO src.train.config_setup: Checkpoint hyperparameters loaded.
2026-05-10 14:47:53,369 INFO src.train.config_setup: Checkpoint train metrics available.
2026-05-10 14:47:53,369 INFO src.train.config_setup: Checkpoint val metrics available.
2026-05-10 14:47:53,369 INFO src.train.config_setup: Freeze skipped (checkpoint_restore): freeze_parts is empty.
2026-05-10 14:47:53,370 INFO src.train.config_setup: Using classification criterion: focal
2026-05-10 14:47:53,370 INFO src.train.config_setup: Criterion config: {'alpha': 0.5, 'gamma': 2.0}
2026-05-10 14:47:53,371 INFO src.train.config_setup: Not resuming optimizer/scheduler state; reset training state to start_epoch=0, best_val_loss=inf.
2026-05-10 14:47:53,371 INFO src.cli.common: Using threshold 0.4699714183807373 from checkpoint val_metrics for testing.
2026-05-10 14:47:57,897 INFO src.utils.metrics: ROC curve saved to /root/autodl-tmp/em_eqf/experiments/clf_grid_4/runs/tf_30_mf_4p5_seed_2/roc_curve.png
2026-05-10 14:47:58,016 INFO src.utils.metrics: PR curve saved to /root/autodl-tmp/em_eqf/experiments/clf_grid_4/runs/tf_30_mf_4p5_seed_2/pr_curve.png
2026-05-10 14:47:58,081 INFO src.utils.metrics: Confusion matrix saved to /root/autodl-tmp/em_eqf/experiments/clf_grid_4/runs/tf_30_mf_4p5_seed_2/confusion_matrix.png
2026-05-10 14:47:58,081 INFO src.cli.workflows: Test loss: 0.06853782882293065
2026-05-10 14:47:58,636 INFO src.train.classifier_train_step: Prediction distribution plot has been saved to: /root/autodl-tmp/em_eqf/experiments/clf_grid_4/runs/tf_30_mf_4p5_seed_2/train_pred_distribution.png
2026-05-10 14:47:58,904 INFO src.train.classifier_train_step: Prediction distribution plot has been saved to: /root/autodl-tmp/em_eqf/experiments/clf_grid_4/runs/tf_30_mf_4p5_seed_2/val_pred_distribution.png
2026-05-10 14:47:59,191 INFO src.train.classifier_train_step: Prediction distribution plot has been saved to: /root/autodl-tmp/em_eqf/experiments/clf_grid_4/runs/tf_30_mf_4p5_seed_2/test_pred_distribution.png
2026-05-10 14:47:59,191 INFO src.cli.common: Saved test metrics to /root/autodl-tmp/em_eqf/experiments/clf_grid_4/runs/tf_30_mf_4p5_seed_2/metrics_test_best_1.json
2026-05-10 14:47:59,192 INFO src.cli.common: Metrics: {'precision': 0.44565217391304346, 'recall': 0.8723404255319149, 'f1': 0.5899280575539568, 'auc': 0.8224734042553191, 'pr_auc': 0.782872673954865, 'fpr': 0.53125, 'tpr': 0.8723404255319149, 'R': 0.34109042553191493, 'conf': 0.9453576273474275, 'threshold': 0.4699714183807373}
