2026-05-09 20:57:06,840 INFO src.data.preprocessing: CSV files found: ['chuandian_2021.csv']
2026-05-09 20:57:07,580 INFO src.utils.file_utils: Loading cached data from: data/ChuanDian/regressor/regressor_Mc_3_Mf_3_Tfore_180_Twindow_360_context_len_1_dt_10.pkl
2026-05-09 20:57:09,774 INFO src.data.preprocessing: Catalog statistics: {'tau_unfiltered': 0.15339908988298961, 'tau_q025': 0.08114294020924717, 'tau_q05': 0.5134664350189269, 'tau_mean': 1.3070542199341526, 'tau_max': 25.18216435192153, 'tau_min': 0.0, 'time_max': 18770.72654999979, 'time_mean': 10030.9430649837, 'mag_completeness': 3.0, 'mag_mean': 3.456916005014626, 'mag_max': 8.0, 'mag_min': 3.0, 'b_value': 0.856738547623331, 'b_std': 0.0071499224812533796, 'b_n': 14358}
2026-05-09 20:57:09,818 INFO src.data.event_loader: lengths of samples: min=96, max=1340, avg=265.71
2026-05-09 20:57:09,819 INFO __main__: Loading checkpoint from: ./checkpoints/mixer_tpp_20260506-113707/last_model_1.pth
2026-05-09 20:57:10,844 INFO src.models.adapters.mixer_task: using time scale base 1.3070542199341526 (key: tau_mean)
2026-05-09 20:57:10,844 INFO src.models.adapters.mixer_task: tau mean: tensor(1.3071)
2026-05-09 20:57:10,852 INFO src.train.config_setup: Restoring model from checkpoint.
2026-05-09 20:57:10,852 INFO src.train.config_setup: Loading model weights: load_specific_parts=['encoder']
2026-05-09 20:57:10,853 INFO src.train.config_setup: Selective load summary: requested_parts=['encoder'], target_in_model=44, matched_in_checkpoint=30, loaded=30, missing_after_load=14, shape_mismatch=0, missing_in_model=0, out_of_scope_loaded=0
2026-05-09 20:57:10,853 INFO src.train.config_setup: Selective load coverage [encoder]: target=44, hit=30, missing=14, complete=False
2026-05-09 20:57:10,853 WARNING src.train.config_setup: Selective load coverage missing preview [encoder]: ['base_model.encoder.layers.0.mixer.conv1d.bias', 'base_model.encoder.layers.0.mixer.conv1d.weight', 'base_model.encoder.layers.1.mixer.conv1d.bias', 'base_model.encoder.layers.1.mixer.conv1d.weight', 'base_model.encoder.layers.2.mixer.in_proj.bias', 'base_model.encoder.layers.2.mixer.in_proj.weight', 'base_model.encoder.layers.2.mixer.out_proj.bias', 'base_model.encoder.layers.2.mixer.out_proj.weight'] ... (+6 more)
2026-05-09 20:57:10,853 WARNING src.train.config_setup: Checkpoint missing target parameter preview: ['base_model.encoder.layers.0.mixer.conv1d.bias', 'base_model.encoder.layers.0.mixer.conv1d.weight', 'base_model.encoder.layers.1.mixer.conv1d.bias', 'base_model.encoder.layers.1.mixer.conv1d.weight', 'base_model.encoder.layers.2.mixer.in_proj.bias', 'base_model.encoder.layers.2.mixer.in_proj.weight', 'base_model.encoder.layers.2.mixer.out_proj.bias', 'base_model.encoder.layers.2.mixer.out_proj.weight', 'base_model.encoder.layers.2.mlp.fc1.weight', 'base_model.encoder.layers.2.mlp.fc2.weight'] ... (+4 more)
2026-05-09 20:57:10,853 WARNING src.train.config_setup: Target not-loaded parameter preview: ['base_model.encoder.layers.0.mixer.conv1d.bias', 'base_model.encoder.layers.0.mixer.conv1d.weight', 'base_model.encoder.layers.1.mixer.conv1d.bias', 'base_model.encoder.layers.1.mixer.conv1d.weight', 'base_model.encoder.layers.2.mixer.in_proj.bias', 'base_model.encoder.layers.2.mixer.in_proj.weight', 'base_model.encoder.layers.2.mixer.out_proj.bias', 'base_model.encoder.layers.2.mixer.out_proj.weight', 'base_model.encoder.layers.2.mlp.fc1.weight', 'base_model.encoder.layers.2.mlp.fc2.weight'] ... (+4 more)
2026-05-09 20:57:10,853 INFO src.train.config_setup: Loaded parameter preview: ['base_model.encoder.layers.0.norm2.bias', 'base_model.encoder.layers.1.mixer.D', 'base_model.encoder.layers.0.mixer.norm.weight', 'base_model.encoder.layers.1.mixer.in_proj.weight', 'base_model.encoder.layers.1.mixer.dt_bias', 'base_model.encoder.layers.1.mixer.A_log', 'base_model.encoder.layers.1.mlp.fc1.weight', 'base_model.encoder.norm_f.bias', 'base_model.encoder.layers.0.mlp.fc2.weight', 'base_model.encoder.input_proj.0.bias'] ... (+20 more)
2026-05-09 20:57:10,855 INFO src.train.config_setup: Checkpoint hyperparameters loaded.
2026-05-09 20:57:10,855 INFO src.train.config_setup: Checkpoint train metrics available.
2026-05-09 20:57:10,855 INFO src.train.config_setup: Checkpoint val metrics available.
2026-05-09 20:57:10,855 INFO src.train.config_setup: Freeze skipped (checkpoint_restore): freeze_parts is empty.
2026-05-09 20:57:10,855 INFO src.train.config_setup: Using regression criterion: smooth_l1
2026-05-09 20:57:10,855 INFO src.train.config_setup: Criterion config: {'beta': 0.2}
2026-05-09 20:57:10,856 INFO src.train.config_setup: encoder_param_keywords: ['encoder']
2026-05-09 20:57:10,856 INFO src.train.config_setup: encoder_lr grouping summary: lr=0.0004, matched=44
2026-05-09 20:57:10,856 INFO src.train.config_setup: Encoder LR coverage [encoder]: target=44, hit=44, missing=0, complete=True
2026-05-09 20:57:10,856 INFO src.train.config_setup: encoder_lr matched preview: ['base_model.encoder.input_proj.0.weight', 'base_model.encoder.input_proj.0.bias', 'base_model.encoder.input_proj.3.weight', 'base_model.encoder.input_proj.3.bias', 'base_model.encoder.layers.0.norm.weight', 'base_model.encoder.layers.0.norm.bias', 'base_model.encoder.layers.0.mixer.dt_bias', 'base_model.encoder.layers.0.mixer.A_log', 'base_model.encoder.layers.0.mixer.D', 'base_model.encoder.layers.0.mixer.in_proj.weight'] ... (+34 more)
2026-05-09 20:57:10,856 INFO src.train.config_setup: Not resuming optimizer/scheduler state; reset training state to start_epoch=0, best_val_loss=inf.
2026-05-09 20:57:10,857 INFO src.train.trainer: Epoch 1
2026-05-09 20:57:25,663 INFO src.train.trainer: New best validation loss: 0.0569, saved to checkpoints/reg_mixer_attnpl_t_20260509-205706/best_model_1.pth
2026-05-09 20:57:25,673 INFO src.train.trainer: Last model at epoch 1 saved to checkpoints/reg_mixer_attnpl_t_20260509-205706/last_model_1.pth
2026-05-09 20:57:25,673 INFO src.train.trainer: Epoch 2
2026-05-09 20:57:28,655 INFO src.train.trainer: New best validation loss: 0.0451, saved to checkpoints/reg_mixer_attnpl_t_20260509-205706/best_model_1.pth
2026-05-09 20:57:28,671 INFO src.train.trainer: Last model at epoch 2 saved to checkpoints/reg_mixer_attnpl_t_20260509-205706/last_model_1.pth
2026-05-09 20:57:28,671 INFO src.train.trainer: Epoch 3
2026-05-09 20:57:31,790 INFO src.train.trainer: New best validation loss: 0.0406, saved to checkpoints/reg_mixer_attnpl_t_20260509-205706/best_model_1.pth
2026-05-09 20:57:31,814 INFO src.train.trainer: Last model at epoch 3 saved to checkpoints/reg_mixer_attnpl_t_20260509-205706/last_model_1.pth
2026-05-09 20:57:31,814 INFO src.train.trainer: Epoch 4
2026-05-09 20:57:35,277 INFO src.train.trainer: Last model at epoch 4 saved to checkpoints/reg_mixer_attnpl_t_20260509-205706/last_model_1.pth
2026-05-09 20:57:35,277 INFO src.train.trainer: Epoch 5
2026-05-09 20:57:38,570 INFO src.train.trainer: Last model at epoch 5 saved to checkpoints/reg_mixer_attnpl_t_20260509-205706/last_model_1.pth
2026-05-09 20:57:38,570 INFO src.train.trainer: Epoch 6
2026-05-09 20:57:41,646 INFO src.train.trainer: Last model at epoch 6 saved to checkpoints/reg_mixer_attnpl_t_20260509-205706/last_model_1.pth
2026-05-09 20:57:41,646 INFO src.train.trainer: Epoch 7
2026-05-09 20:57:44,922 INFO src.train.trainer: Last model at epoch 7 saved to checkpoints/reg_mixer_attnpl_t_20260509-205706/last_model_1.pth
2026-05-09 20:57:44,922 INFO src.train.trainer: Epoch 8
2026-05-09 20:57:48,449 INFO src.train.trainer: Last model at epoch 8 saved to checkpoints/reg_mixer_attnpl_t_20260509-205706/last_model_1.pth
2026-05-09 20:57:48,450 INFO src.train.trainer: Epoch 9
2026-05-09 20:57:51,577 INFO src.train.trainer: Last model at epoch 9 saved to checkpoints/reg_mixer_attnpl_t_20260509-205706/last_model_1.pth
2026-05-09 20:57:51,578 INFO src.train.trainer: Epoch 10
2026-05-09 20:57:54,773 INFO src.train.trainer: Last model at epoch 10 saved to checkpoints/reg_mixer_attnpl_t_20260509-205706/last_model_1.pth
2026-05-09 20:57:54,774 INFO src.train.trainer: Epoch 11
2026-05-09 20:57:57,986 INFO src.train.trainer: Last model at epoch 11 saved to checkpoints/reg_mixer_attnpl_t_20260509-205706/last_model_1.pth
2026-05-09 20:57:57,986 INFO src.train.trainer: Epoch 12
2026-05-09 20:58:01,020 INFO src.train.trainer: Last model at epoch 12 saved to checkpoints/reg_mixer_attnpl_t_20260509-205706/last_model_1.pth
2026-05-09 20:58:01,021 INFO src.train.trainer: Epoch 13
2026-05-09 20:58:04,342 INFO src.train.trainer: Last model at epoch 13 saved to checkpoints/reg_mixer_attnpl_t_20260509-205706/last_model_1.pth
2026-05-09 20:58:04,342 INFO src.train.trainer: Epoch 14
2026-05-09 20:58:07,523 INFO src.train.trainer: Last model at epoch 14 saved to checkpoints/reg_mixer_attnpl_t_20260509-205706/last_model_1.pth
2026-05-09 20:58:07,523 INFO src.train.trainer: Epoch 15
2026-05-09 20:58:10,699 INFO src.train.trainer: Last model at epoch 15 saved to checkpoints/reg_mixer_attnpl_t_20260509-205706/last_model_1.pth
2026-05-09 20:58:10,700 INFO src.train.trainer: Epoch 16
2026-05-09 20:58:13,592 INFO src.train.trainer: Last model at epoch 16 saved to checkpoints/reg_mixer_attnpl_t_20260509-205706/last_model_1.pth
2026-05-09 20:58:13,593 INFO src.train.trainer: Epoch 17
2026-05-09 20:58:16,741 INFO src.train.trainer: Last model at epoch 17 saved to checkpoints/reg_mixer_attnpl_t_20260509-205706/last_model_1.pth
2026-05-09 20:58:16,741 INFO src.train.trainer: Epoch 18
2026-05-09 20:58:20,024 INFO src.train.trainer: Last model at epoch 18 saved to checkpoints/reg_mixer_attnpl_t_20260509-205706/last_model_1.pth
2026-05-09 20:58:20,024 INFO src.train.trainer: Epoch 19
2026-05-09 20:58:23,386 INFO src.train.trainer: New best validation loss: 0.0387, saved to checkpoints/reg_mixer_attnpl_t_20260509-205706/best_model_1.pth
2026-05-09 20:58:23,398 INFO src.train.trainer: Last model at epoch 19 saved to checkpoints/reg_mixer_attnpl_t_20260509-205706/last_model_1.pth
2026-05-09 20:58:23,399 INFO src.train.trainer: Epoch 20
2026-05-09 20:58:26,359 INFO src.train.trainer: Last model at epoch 20 saved to checkpoints/reg_mixer_attnpl_t_20260509-205706/last_model_1.pth
2026-05-09 20:58:26,359 INFO src.train.trainer: Epoch 21
2026-05-09 20:58:29,499 INFO src.train.trainer: Last model at epoch 21 saved to checkpoints/reg_mixer_attnpl_t_20260509-205706/last_model_1.pth
2026-05-09 20:58:29,499 INFO src.train.trainer: Epoch 22
2026-05-09 20:58:32,659 INFO src.train.trainer: Last model at epoch 22 saved to checkpoints/reg_mixer_attnpl_t_20260509-205706/last_model_1.pth
2026-05-09 20:58:32,660 INFO src.train.trainer: Epoch 23
2026-05-09 20:58:35,887 INFO src.train.trainer: Last model at epoch 23 saved to checkpoints/reg_mixer_attnpl_t_20260509-205706/last_model_1.pth
2026-05-09 20:58:35,888 INFO src.train.trainer: Epoch 24
2026-05-09 20:58:39,053 INFO src.train.trainer: Last model at epoch 24 saved to checkpoints/reg_mixer_attnpl_t_20260509-205706/last_model_1.pth
2026-05-09 20:58:39,054 INFO src.train.trainer: Epoch 25
2026-05-09 20:58:42,175 INFO src.train.trainer: Last model at epoch 25 saved to checkpoints/reg_mixer_attnpl_t_20260509-205706/last_model_1.pth
2026-05-09 20:58:42,176 INFO src.train.trainer: Epoch 26
2026-05-09 20:58:45,332 INFO src.train.trainer: Last model at epoch 26 saved to checkpoints/reg_mixer_attnpl_t_20260509-205706/last_model_1.pth
2026-05-09 20:58:45,333 INFO src.train.trainer: Epoch 27
2026-05-09 20:58:48,637 INFO src.train.trainer: Last model at epoch 27 saved to checkpoints/reg_mixer_attnpl_t_20260509-205706/last_model_1.pth
2026-05-09 20:58:48,638 INFO src.train.trainer: Epoch 28
2026-05-09 20:58:51,906 INFO src.train.trainer: Last model at epoch 28 saved to checkpoints/reg_mixer_attnpl_t_20260509-205706/last_model_1.pth
2026-05-09 20:58:51,907 INFO src.train.trainer: Epoch 29
2026-05-09 20:58:54,936 INFO src.train.trainer: Last model at epoch 29 saved to checkpoints/reg_mixer_attnpl_t_20260509-205706/last_model_1.pth
2026-05-09 20:58:54,936 INFO src.train.trainer: Epoch 30
2026-05-09 20:58:58,106 INFO src.train.trainer: Last model at epoch 30 saved to checkpoints/reg_mixer_attnpl_t_20260509-205706/last_model_1.pth
2026-05-09 20:58:58,106 INFO src.train.trainer: Epoch 31
2026-05-09 20:59:01,445 INFO src.train.trainer: Last model at epoch 31 saved to checkpoints/reg_mixer_attnpl_t_20260509-205706/last_model_1.pth
2026-05-09 20:59:01,446 INFO src.train.trainer: Epoch 32
2026-05-09 20:59:04,540 INFO src.train.trainer: Last model at epoch 32 saved to checkpoints/reg_mixer_attnpl_t_20260509-205706/last_model_1.pth
2026-05-09 20:59:04,540 INFO src.train.trainer: Epoch 33
2026-05-09 20:59:07,480 INFO src.train.trainer: Last model at epoch 33 saved to checkpoints/reg_mixer_attnpl_t_20260509-205706/last_model_1.pth
2026-05-09 20:59:07,481 INFO src.train.trainer: Epoch 34
2026-05-09 20:59:10,702 INFO src.train.trainer: Last model at epoch 34 saved to checkpoints/reg_mixer_attnpl_t_20260509-205706/last_model_1.pth
2026-05-09 20:59:10,702 INFO src.train.trainer: Epoch 35
2026-05-09 20:59:13,822 INFO src.train.trainer: Last model at epoch 35 saved to checkpoints/reg_mixer_attnpl_t_20260509-205706/last_model_1.pth
2026-05-09 20:59:13,823 INFO src.train.trainer: Epoch 36
2026-05-09 20:59:16,932 INFO src.train.trainer: Last model at epoch 36 saved to checkpoints/reg_mixer_attnpl_t_20260509-205706/last_model_1.pth
2026-05-09 20:59:16,933 INFO src.train.trainer: Epoch 37
2026-05-09 20:59:20,033 INFO src.train.trainer: Last model at epoch 37 saved to checkpoints/reg_mixer_attnpl_t_20260509-205706/last_model_1.pth
2026-05-09 20:59:20,034 INFO src.train.trainer: Epoch 38
2026-05-09 20:59:23,517 INFO src.train.trainer: Last model at epoch 38 saved to checkpoints/reg_mixer_attnpl_t_20260509-205706/last_model_1.pth
2026-05-09 20:59:23,518 INFO src.train.trainer: Epoch 39
2026-05-09 20:59:26,678 INFO src.train.trainer: Last model at epoch 39 saved to checkpoints/reg_mixer_attnpl_t_20260509-205706/last_model_1.pth
2026-05-09 20:59:26,678 INFO src.train.trainer: Epoch 40
2026-05-09 20:59:29,697 INFO src.train.trainer: Last model at epoch 40 saved to checkpoints/reg_mixer_attnpl_t_20260509-205706/last_model_1.pth
2026-05-09 20:59:29,697 INFO src.train.trainer: Epoch 41
2026-05-09 20:59:33,037 INFO src.train.trainer: Last model at epoch 41 saved to checkpoints/reg_mixer_attnpl_t_20260509-205706/last_model_1.pth
2026-05-09 20:59:33,038 INFO src.train.trainer: Epoch 42
2026-05-09 20:59:36,235 INFO src.train.trainer: Last model at epoch 42 saved to checkpoints/reg_mixer_attnpl_t_20260509-205706/last_model_1.pth
2026-05-09 20:59:36,236 INFO src.train.trainer: Epoch 43
2026-05-09 20:59:39,339 INFO src.train.trainer: Last model at epoch 43 saved to checkpoints/reg_mixer_attnpl_t_20260509-205706/last_model_1.pth
2026-05-09 20:59:39,340 INFO src.train.trainer: Epoch 44
2026-05-09 20:59:42,556 INFO src.train.trainer: Last model at epoch 44 saved to checkpoints/reg_mixer_attnpl_t_20260509-205706/last_model_1.pth
2026-05-09 20:59:42,557 INFO src.train.trainer: Epoch 45
2026-05-09 20:59:45,676 INFO src.train.trainer: Last model at epoch 45 saved to checkpoints/reg_mixer_attnpl_t_20260509-205706/last_model_1.pth
2026-05-09 20:59:45,676 INFO src.train.trainer: Epoch 46
2026-05-09 20:59:48,638 INFO src.train.trainer: Last model at epoch 46 saved to checkpoints/reg_mixer_attnpl_t_20260509-205706/last_model_1.pth
2026-05-09 20:59:48,639 INFO src.train.trainer: Epoch 47
2026-05-09 20:59:51,561 INFO src.train.trainer: Last model at epoch 47 saved to checkpoints/reg_mixer_attnpl_t_20260509-205706/last_model_1.pth
2026-05-09 20:59:51,561 INFO src.train.trainer: Epoch 48
2026-05-09 20:59:54,365 INFO src.train.trainer: Last model at epoch 48 saved to checkpoints/reg_mixer_attnpl_t_20260509-205706/last_model_1.pth
2026-05-09 20:59:54,366 INFO src.train.trainer: Epoch 49
2026-05-09 20:59:57,432 INFO src.train.trainer: Last model at epoch 49 saved to checkpoints/reg_mixer_attnpl_t_20260509-205706/last_model_1.pth
2026-05-09 20:59:57,432 INFO src.train.trainer: Epoch 50
2026-05-09 21:00:00,679 INFO src.train.trainer: Last model at epoch 50 saved to checkpoints/reg_mixer_attnpl_t_20260509-205706/last_model_1.pth
2026-05-09 21:00:00,679 INFO src.train.trainer: Epoch 51
2026-05-09 21:00:03,653 INFO src.train.trainer: New best validation loss: 0.0379, saved to checkpoints/reg_mixer_attnpl_t_20260509-205706/best_model_1.pth
2026-05-09 21:00:03,670 INFO src.train.trainer: Last model at epoch 51 saved to checkpoints/reg_mixer_attnpl_t_20260509-205706/last_model_1.pth
2026-05-09 21:00:03,671 INFO src.train.trainer: Epoch 52
2026-05-09 21:00:06,835 INFO src.train.trainer: Last model at epoch 52 saved to checkpoints/reg_mixer_attnpl_t_20260509-205706/last_model_1.pth
2026-05-09 21:00:06,835 INFO src.train.trainer: Epoch 53
2026-05-09 21:00:10,008 INFO src.train.trainer: Last model at epoch 53 saved to checkpoints/reg_mixer_attnpl_t_20260509-205706/last_model_1.pth
2026-05-09 21:00:10,008 INFO src.train.trainer: Epoch 54
2026-05-09 21:00:13,326 INFO src.train.trainer: Last model at epoch 54 saved to checkpoints/reg_mixer_attnpl_t_20260509-205706/last_model_1.pth
2026-05-09 21:00:13,326 INFO src.train.trainer: Epoch 55
2026-05-09 21:00:16,406 INFO src.train.trainer: Last model at epoch 55 saved to checkpoints/reg_mixer_attnpl_t_20260509-205706/last_model_1.pth
2026-05-09 21:00:16,406 INFO src.train.trainer: Epoch 56
2026-05-09 21:00:19,491 INFO src.train.trainer: Last model at epoch 56 saved to checkpoints/reg_mixer_attnpl_t_20260509-205706/last_model_1.pth
2026-05-09 21:00:19,491 INFO src.train.trainer: Epoch 57
2026-05-09 21:00:22,897 INFO src.train.trainer: Last model at epoch 57 saved to checkpoints/reg_mixer_attnpl_t_20260509-205706/last_model_1.pth
2026-05-09 21:00:22,897 INFO src.train.trainer: Epoch 58
2026-05-09 21:00:26,181 INFO src.train.trainer: Last model at epoch 58 saved to checkpoints/reg_mixer_attnpl_t_20260509-205706/last_model_1.pth
2026-05-09 21:00:26,181 INFO src.train.trainer: Epoch 59
2026-05-09 21:00:29,166 INFO src.train.trainer: Last model at epoch 59 saved to checkpoints/reg_mixer_attnpl_t_20260509-205706/last_model_1.pth
2026-05-09 21:00:29,167 INFO src.train.trainer: Epoch 60
2026-05-09 21:00:32,097 INFO src.train.trainer: Last model at epoch 60 saved to checkpoints/reg_mixer_attnpl_t_20260509-205706/last_model_1.pth
2026-05-09 21:00:32,107 INFO src.train.trainer: Saved epoch 60 snapshot to checkpoints/reg_mixer_attnpl_t_20260509-205706/epoch_60_model_1.pth
2026-05-09 21:00:32,107 INFO src.train.trainer: Epoch 61
2026-05-09 21:00:35,163 INFO src.train.trainer: Last model at epoch 61 saved to checkpoints/reg_mixer_attnpl_t_20260509-205706/last_model_1.pth
2026-05-09 21:00:35,163 INFO src.train.trainer: Epoch 62
2026-05-09 21:00:38,424 INFO src.train.trainer: Last model at epoch 62 saved to checkpoints/reg_mixer_attnpl_t_20260509-205706/last_model_1.pth
2026-05-09 21:00:38,425 INFO src.train.trainer: Epoch 63
2026-05-09 21:00:41,433 INFO src.train.trainer: Last model at epoch 63 saved to checkpoints/reg_mixer_attnpl_t_20260509-205706/last_model_1.pth
2026-05-09 21:00:41,434 INFO src.train.trainer: Epoch 64
2026-05-09 21:00:44,549 INFO src.train.trainer: Last model at epoch 64 saved to checkpoints/reg_mixer_attnpl_t_20260509-205706/last_model_1.pth
2026-05-09 21:00:44,549 INFO src.train.trainer: Epoch 65
2026-05-09 21:00:47,695 INFO src.train.trainer: Last model at epoch 65 saved to checkpoints/reg_mixer_attnpl_t_20260509-205706/last_model_1.pth
2026-05-09 21:00:47,695 INFO src.train.trainer: Epoch 66
2026-05-09 21:00:50,875 INFO src.train.trainer: Last model at epoch 66 saved to checkpoints/reg_mixer_attnpl_t_20260509-205706/last_model_1.pth
2026-05-09 21:00:50,876 INFO src.train.trainer: Epoch 67
2026-05-09 21:00:53,958 INFO src.train.trainer: Last model at epoch 67 saved to checkpoints/reg_mixer_attnpl_t_20260509-205706/last_model_1.pth
2026-05-09 21:00:53,958 INFO src.train.trainer: Epoch 68
2026-05-09 21:00:57,033 INFO src.train.trainer: Last model at epoch 68 saved to checkpoints/reg_mixer_attnpl_t_20260509-205706/last_model_1.pth
2026-05-09 21:00:57,033 INFO src.train.trainer: Epoch 69
2026-05-09 21:01:00,318 INFO src.train.trainer: Last model at epoch 69 saved to checkpoints/reg_mixer_attnpl_t_20260509-205706/last_model_1.pth
2026-05-09 21:01:00,319 INFO src.train.trainer: Epoch 70
2026-05-09 21:01:03,376 INFO src.train.trainer: Last model at epoch 70 saved to checkpoints/reg_mixer_attnpl_t_20260509-205706/last_model_1.pth
2026-05-09 21:01:03,376 INFO src.train.trainer: Epoch 71
2026-05-09 21:01:06,529 INFO src.train.trainer: Last model at epoch 71 saved to checkpoints/reg_mixer_attnpl_t_20260509-205706/last_model_1.pth
2026-05-09 21:01:06,530 INFO src.train.trainer: Epoch 72
2026-05-09 21:01:09,662 INFO src.train.trainer: Last model at epoch 72 saved to checkpoints/reg_mixer_attnpl_t_20260509-205706/last_model_1.pth
2026-05-09 21:01:09,663 INFO src.train.trainer: Epoch 73
2026-05-09 21:01:12,855 INFO src.train.trainer: Last model at epoch 73 saved to checkpoints/reg_mixer_attnpl_t_20260509-205706/last_model_1.pth
2026-05-09 21:01:12,855 INFO src.train.trainer: Epoch 74
2026-05-09 21:01:15,984 INFO src.train.trainer: Last model at epoch 74 saved to checkpoints/reg_mixer_attnpl_t_20260509-205706/last_model_1.pth
2026-05-09 21:01:15,985 INFO src.train.trainer: Epoch 75
2026-05-09 21:01:19,152 INFO src.train.trainer: Last model at epoch 75 saved to checkpoints/reg_mixer_attnpl_t_20260509-205706/last_model_1.pth
2026-05-09 21:01:19,152 INFO src.train.trainer: Epoch 76
2026-05-09 21:01:22,056 INFO src.train.trainer: Last model at epoch 76 saved to checkpoints/reg_mixer_attnpl_t_20260509-205706/last_model_1.pth
2026-05-09 21:01:22,057 INFO src.train.trainer: Epoch 77
2026-05-09 21:01:25,500 INFO src.train.trainer: Last model at epoch 77 saved to checkpoints/reg_mixer_attnpl_t_20260509-205706/last_model_1.pth
2026-05-09 21:01:25,501 INFO src.train.trainer: Epoch 78
2026-05-09 21:01:28,413 INFO src.train.trainer: Last model at epoch 78 saved to checkpoints/reg_mixer_attnpl_t_20260509-205706/last_model_1.pth
2026-05-09 21:01:28,413 INFO src.train.trainer: Epoch 79
2026-05-09 21:01:31,360 INFO src.train.trainer: Last model at epoch 79 saved to checkpoints/reg_mixer_attnpl_t_20260509-205706/last_model_1.pth
2026-05-09 21:01:31,360 INFO src.train.trainer: Epoch 80
2026-05-09 21:01:34,436 INFO src.train.trainer: Last model at epoch 80 saved to checkpoints/reg_mixer_attnpl_t_20260509-205706/last_model_1.pth
2026-05-09 21:01:34,444 INFO src.train.trainer: Saved epoch 80 snapshot to checkpoints/reg_mixer_attnpl_t_20260509-205706/epoch_80_model_1.pth
2026-05-09 21:01:34,445 INFO src.train.trainer: Epoch 81
2026-05-09 21:01:37,486 INFO src.train.trainer: Last model at epoch 81 saved to checkpoints/reg_mixer_attnpl_t_20260509-205706/last_model_1.pth
2026-05-09 21:01:37,486 INFO src.train.trainer: Epoch 82
2026-05-09 21:01:40,562 INFO src.train.trainer: Last model at epoch 82 saved to checkpoints/reg_mixer_attnpl_t_20260509-205706/last_model_1.pth
2026-05-09 21:01:40,563 INFO src.train.trainer: Epoch 83
2026-05-09 21:01:43,660 INFO src.train.trainer: Last model at epoch 83 saved to checkpoints/reg_mixer_attnpl_t_20260509-205706/last_model_1.pth
2026-05-09 21:01:43,661 INFO src.train.trainer: Epoch 84
2026-05-09 21:01:46,591 INFO src.train.trainer: Last model at epoch 84 saved to checkpoints/reg_mixer_attnpl_t_20260509-205706/last_model_1.pth
2026-05-09 21:01:46,592 INFO src.train.trainer: Epoch 85
2026-05-09 21:01:49,709 INFO src.train.trainer: Last model at epoch 85 saved to checkpoints/reg_mixer_attnpl_t_20260509-205706/last_model_1.pth
2026-05-09 21:01:49,709 INFO src.train.trainer: Epoch 86
2026-05-09 21:01:52,609 INFO src.train.trainer: Last model at epoch 86 saved to checkpoints/reg_mixer_attnpl_t_20260509-205706/last_model_1.pth
2026-05-09 21:01:52,609 INFO src.train.trainer: Epoch 87
2026-05-09 21:01:55,744 INFO src.train.trainer: Last model at epoch 87 saved to checkpoints/reg_mixer_attnpl_t_20260509-205706/last_model_1.pth
2026-05-09 21:01:55,744 INFO src.train.trainer: Epoch 88
2026-05-09 21:01:58,720 INFO src.train.trainer: Last model at epoch 88 saved to checkpoints/reg_mixer_attnpl_t_20260509-205706/last_model_1.pth
2026-05-09 21:01:58,721 INFO src.train.trainer: Epoch 89
2026-05-09 21:02:01,805 INFO src.train.trainer: Last model at epoch 89 saved to checkpoints/reg_mixer_attnpl_t_20260509-205706/last_model_1.pth
2026-05-09 21:02:01,806 INFO src.train.trainer: Epoch 90
2026-05-09 21:02:05,044 INFO src.train.trainer: Last model at epoch 90 saved to checkpoints/reg_mixer_attnpl_t_20260509-205706/last_model_1.pth
2026-05-09 21:02:05,044 INFO src.train.trainer: Epoch 91
2026-05-09 21:02:08,460 INFO src.train.trainer: Last model at epoch 91 saved to checkpoints/reg_mixer_attnpl_t_20260509-205706/last_model_1.pth
2026-05-09 21:02:08,461 INFO src.train.trainer: Epoch 92
2026-05-09 21:02:11,678 INFO src.train.trainer: Last model at epoch 92 saved to checkpoints/reg_mixer_attnpl_t_20260509-205706/last_model_1.pth
2026-05-09 21:02:11,679 INFO src.train.trainer: Epoch 93
2026-05-09 21:02:14,892 INFO src.train.trainer: Last model at epoch 93 saved to checkpoints/reg_mixer_attnpl_t_20260509-205706/last_model_1.pth
2026-05-09 21:02:14,892 INFO src.train.trainer: Epoch 94
2026-05-09 21:02:17,592 INFO src.train.trainer: Last model at epoch 94 saved to checkpoints/reg_mixer_attnpl_t_20260509-205706/last_model_1.pth
2026-05-09 21:02:17,593 INFO src.train.trainer: Epoch 95
2026-05-09 21:02:20,410 INFO src.train.trainer: Last model at epoch 95 saved to checkpoints/reg_mixer_attnpl_t_20260509-205706/last_model_1.pth
2026-05-09 21:02:20,410 INFO src.train.trainer: Epoch 96
2026-05-09 21:02:23,225 INFO src.train.trainer: Last model at epoch 96 saved to checkpoints/reg_mixer_attnpl_t_20260509-205706/last_model_1.pth
2026-05-09 21:02:23,225 INFO src.train.trainer: Epoch 97
2026-05-09 21:02:26,031 INFO src.train.trainer: Last model at epoch 97 saved to checkpoints/reg_mixer_attnpl_t_20260509-205706/last_model_1.pth
2026-05-09 21:02:26,031 INFO src.train.trainer: Epoch 98
2026-05-09 21:02:29,033 INFO src.train.trainer: Last model at epoch 98 saved to checkpoints/reg_mixer_attnpl_t_20260509-205706/last_model_1.pth
2026-05-09 21:02:29,033 INFO src.train.trainer: Epoch 99
2026-05-09 21:02:31,977 INFO src.train.trainer: Last model at epoch 99 saved to checkpoints/reg_mixer_attnpl_t_20260509-205706/last_model_1.pth
2026-05-09 21:02:31,977 INFO src.train.trainer: Epoch 100
2026-05-09 21:02:34,868 INFO src.train.trainer: Last model at epoch 100 saved to checkpoints/reg_mixer_attnpl_t_20260509-205706/last_model_1.pth
2026-05-09 21:02:34,883 INFO src.train.trainer: Saved epoch 100 snapshot to checkpoints/reg_mixer_attnpl_t_20260509-205706/epoch_100_model_1.pth
2026-05-09 21:02:34,884 INFO src.train.trainer: Epoch 101
2026-05-09 21:02:37,781 INFO src.train.trainer: Last model at epoch 101 saved to checkpoints/reg_mixer_attnpl_t_20260509-205706/last_model_1.pth
2026-05-09 21:02:37,782 INFO src.train.trainer: Epoch 102
2026-05-09 21:02:41,022 INFO src.train.trainer: Last model at epoch 102 saved to checkpoints/reg_mixer_attnpl_t_20260509-205706/last_model_1.pth
2026-05-09 21:02:41,022 INFO src.train.trainer: Epoch 103
2026-05-09 21:02:44,268 INFO src.train.trainer: Last model at epoch 103 saved to checkpoints/reg_mixer_attnpl_t_20260509-205706/last_model_1.pth
2026-05-09 21:02:44,268 INFO src.train.trainer: Epoch 104
2026-05-09 21:02:47,318 INFO src.train.trainer: Last model at epoch 104 saved to checkpoints/reg_mixer_attnpl_t_20260509-205706/last_model_1.pth
2026-05-09 21:02:47,319 INFO src.train.trainer: Epoch 105
2026-05-09 21:02:50,304 INFO src.train.trainer: Last model at epoch 105 saved to checkpoints/reg_mixer_attnpl_t_20260509-205706/last_model_1.pth
2026-05-09 21:02:50,305 INFO src.train.trainer: Epoch 106
2026-05-09 21:02:53,584 INFO src.train.trainer: Last model at epoch 106 saved to checkpoints/reg_mixer_attnpl_t_20260509-205706/last_model_1.pth
2026-05-09 21:02:53,584 INFO src.train.trainer: Epoch 107
2026-05-09 21:02:56,559 INFO src.train.trainer: Last model at epoch 107 saved to checkpoints/reg_mixer_attnpl_t_20260509-205706/last_model_1.pth
2026-05-09 21:02:56,560 INFO src.train.trainer: Epoch 108
2026-05-09 21:02:59,579 INFO src.train.trainer: Last model at epoch 108 saved to checkpoints/reg_mixer_attnpl_t_20260509-205706/last_model_1.pth
2026-05-09 21:02:59,579 INFO src.train.trainer: Epoch 109
2026-05-09 21:03:02,880 INFO src.train.trainer: Last model at epoch 109 saved to checkpoints/reg_mixer_attnpl_t_20260509-205706/last_model_1.pth
2026-05-09 21:03:02,880 INFO src.train.trainer: Epoch 110
2026-05-09 21:03:06,223 INFO src.train.trainer: Last model at epoch 110 saved to checkpoints/reg_mixer_attnpl_t_20260509-205706/last_model_1.pth
2026-05-09 21:03:06,223 INFO src.train.trainer: Epoch 111
2026-05-09 21:03:09,617 INFO src.train.trainer: Last model at epoch 111 saved to checkpoints/reg_mixer_attnpl_t_20260509-205706/last_model_1.pth
2026-05-09 21:03:09,618 INFO src.train.trainer: Epoch 112
2026-05-09 21:03:12,946 INFO src.train.trainer: Last model at epoch 112 saved to checkpoints/reg_mixer_attnpl_t_20260509-205706/last_model_1.pth
2026-05-09 21:03:12,946 INFO src.train.trainer: Epoch 113
2026-05-09 21:03:16,137 INFO src.train.trainer: Last model at epoch 113 saved to checkpoints/reg_mixer_attnpl_t_20260509-205706/last_model_1.pth
2026-05-09 21:03:16,137 INFO src.train.trainer: Epoch 114
2026-05-09 21:03:19,191 INFO src.train.trainer: Last model at epoch 114 saved to checkpoints/reg_mixer_attnpl_t_20260509-205706/last_model_1.pth
2026-05-09 21:03:19,191 INFO src.train.trainer: Epoch 115
2026-05-09 21:03:22,379 INFO src.train.trainer: Last model at epoch 115 saved to checkpoints/reg_mixer_attnpl_t_20260509-205706/last_model_1.pth
2026-05-09 21:03:22,379 INFO src.train.trainer: Epoch 116
2026-05-09 21:03:25,601 INFO src.train.trainer: Last model at epoch 116 saved to checkpoints/reg_mixer_attnpl_t_20260509-205706/last_model_1.pth
2026-05-09 21:03:25,601 INFO src.train.trainer: Epoch 117
2026-05-09 21:03:28,556 INFO src.train.trainer: Last model at epoch 117 saved to checkpoints/reg_mixer_attnpl_t_20260509-205706/last_model_1.pth
2026-05-09 21:03:28,556 INFO src.train.trainer: Epoch 118
2026-05-09 21:03:31,100 INFO src.train.trainer: Last model at epoch 118 saved to checkpoints/reg_mixer_attnpl_t_20260509-205706/last_model_1.pth
2026-05-09 21:03:31,100 INFO src.train.trainer: Epoch 119
2026-05-09 21:03:33,779 INFO src.train.trainer: Last model at epoch 119 saved to checkpoints/reg_mixer_attnpl_t_20260509-205706/last_model_1.pth
2026-05-09 21:03:33,779 INFO src.train.trainer: Epoch 120
2026-05-09 21:03:36,656 INFO src.train.trainer: Last model at epoch 120 saved to checkpoints/reg_mixer_attnpl_t_20260509-205706/last_model_1.pth
2026-05-09 21:03:36,671 INFO src.train.trainer: Saved epoch 120 snapshot to checkpoints/reg_mixer_attnpl_t_20260509-205706/epoch_120_model_1.pth
2026-05-09 21:03:36,671 INFO src.train.trainer: Epoch 121
2026-05-09 21:03:39,687 INFO src.train.trainer: Last model at epoch 121 saved to checkpoints/reg_mixer_attnpl_t_20260509-205706/last_model_1.pth
2026-05-09 21:03:39,688 INFO src.train.trainer: Epoch 122
2026-05-09 21:03:42,760 INFO src.train.trainer: Last model at epoch 122 saved to checkpoints/reg_mixer_attnpl_t_20260509-205706/last_model_1.pth
2026-05-09 21:03:42,760 INFO src.train.trainer: Epoch 123
2026-05-09 21:03:46,038 INFO src.train.trainer: Last model at epoch 123 saved to checkpoints/reg_mixer_attnpl_t_20260509-205706/last_model_1.pth
2026-05-09 21:03:46,038 INFO src.train.trainer: Epoch 124
2026-05-09 21:03:49,243 INFO src.train.trainer: Last model at epoch 124 saved to checkpoints/reg_mixer_attnpl_t_20260509-205706/last_model_1.pth
2026-05-09 21:03:49,244 INFO src.train.trainer: Epoch 125
2026-05-09 21:03:52,238 INFO src.train.trainer: Last model at epoch 125 saved to checkpoints/reg_mixer_attnpl_t_20260509-205706/last_model_1.pth
2026-05-09 21:03:52,239 INFO src.train.trainer: Epoch 126
2026-05-09 21:03:55,557 INFO src.train.trainer: Last model at epoch 126 saved to checkpoints/reg_mixer_attnpl_t_20260509-205706/last_model_1.pth
2026-05-09 21:03:55,557 INFO src.train.trainer: Epoch 127
2026-05-09 21:03:58,743 INFO src.train.trainer: Last model at epoch 127 saved to checkpoints/reg_mixer_attnpl_t_20260509-205706/last_model_1.pth
2026-05-09 21:03:58,743 INFO src.train.trainer: Epoch 128
2026-05-09 21:04:01,786 INFO src.train.trainer: Last model at epoch 128 saved to checkpoints/reg_mixer_attnpl_t_20260509-205706/last_model_1.pth
2026-05-09 21:04:01,786 INFO src.train.trainer: Epoch 129
2026-05-09 21:04:04,867 INFO src.train.trainer: Last model at epoch 129 saved to checkpoints/reg_mixer_attnpl_t_20260509-205706/last_model_1.pth
2026-05-09 21:04:04,868 INFO src.train.trainer: Epoch 130
2026-05-09 21:04:08,043 INFO src.train.trainer: Last model at epoch 130 saved to checkpoints/reg_mixer_attnpl_t_20260509-205706/last_model_1.pth
2026-05-09 21:04:08,044 INFO src.train.trainer: Epoch 131
2026-05-09 21:04:11,411 INFO src.train.trainer: Last model at epoch 131 saved to checkpoints/reg_mixer_attnpl_t_20260509-205706/last_model_1.pth
2026-05-09 21:04:11,413 INFO src.train.trainer: Epoch 132
2026-05-09 21:04:14,673 INFO src.train.trainer: Last model at epoch 132 saved to checkpoints/reg_mixer_attnpl_t_20260509-205706/last_model_1.pth
2026-05-09 21:04:14,674 INFO src.train.trainer: Epoch 133
2026-05-09 21:04:17,776 INFO src.train.trainer: Last model at epoch 133 saved to checkpoints/reg_mixer_attnpl_t_20260509-205706/last_model_1.pth
2026-05-09 21:04:17,776 INFO src.train.trainer: Epoch 134
2026-05-09 21:04:21,045 INFO src.train.trainer: Last model at epoch 134 saved to checkpoints/reg_mixer_attnpl_t_20260509-205706/last_model_1.pth
2026-05-09 21:04:21,045 INFO src.train.trainer: Epoch 135
2026-05-09 21:04:24,229 INFO src.train.trainer: Last model at epoch 135 saved to checkpoints/reg_mixer_attnpl_t_20260509-205706/last_model_1.pth
2026-05-09 21:04:24,229 INFO src.train.trainer: Epoch 136
2026-05-09 21:04:27,238 INFO src.train.trainer: Last model at epoch 136 saved to checkpoints/reg_mixer_attnpl_t_20260509-205706/last_model_1.pth
2026-05-09 21:04:27,238 INFO src.train.trainer: Epoch 137
2026-05-09 21:04:30,568 INFO src.train.trainer: Last model at epoch 137 saved to checkpoints/reg_mixer_attnpl_t_20260509-205706/last_model_1.pth
2026-05-09 21:04:30,568 INFO src.train.trainer: Epoch 138
2026-05-09 21:04:33,258 INFO src.train.trainer: Last model at epoch 138 saved to checkpoints/reg_mixer_attnpl_t_20260509-205706/last_model_1.pth
2026-05-09 21:04:33,259 INFO src.train.trainer: Epoch 139
2026-05-09 21:04:35,898 INFO src.train.trainer: Last model at epoch 139 saved to checkpoints/reg_mixer_attnpl_t_20260509-205706/last_model_1.pth
2026-05-09 21:04:35,898 INFO src.train.trainer: Epoch 140
2026-05-09 21:04:38,542 INFO src.train.trainer: Last model at epoch 140 saved to checkpoints/reg_mixer_attnpl_t_20260509-205706/last_model_1.pth
2026-05-09 21:04:38,550 INFO src.train.trainer: Saved epoch 140 snapshot to checkpoints/reg_mixer_attnpl_t_20260509-205706/epoch_140_model_1.pth
2026-05-09 21:04:38,550 INFO src.train.trainer: Epoch 141
2026-05-09 21:04:41,075 INFO src.train.trainer: Last model at epoch 141 saved to checkpoints/reg_mixer_attnpl_t_20260509-205706/last_model_1.pth
2026-05-09 21:04:41,076 INFO src.train.trainer: Epoch 142
2026-05-09 21:04:43,511 INFO src.train.trainer: Last model at epoch 142 saved to checkpoints/reg_mixer_attnpl_t_20260509-205706/last_model_1.pth
2026-05-09 21:04:43,511 INFO src.train.trainer: Epoch 143
2026-05-09 21:04:45,898 INFO src.train.trainer: Last model at epoch 143 saved to checkpoints/reg_mixer_attnpl_t_20260509-205706/last_model_1.pth
2026-05-09 21:04:45,898 INFO src.train.trainer: Epoch 144
2026-05-09 21:04:48,609 INFO src.train.trainer: Last model at epoch 144 saved to checkpoints/reg_mixer_attnpl_t_20260509-205706/last_model_1.pth
2026-05-09 21:04:48,609 INFO src.train.trainer: Epoch 145
2026-05-09 21:04:51,347 INFO src.train.trainer: Last model at epoch 145 saved to checkpoints/reg_mixer_attnpl_t_20260509-205706/last_model_1.pth
2026-05-09 21:04:51,347 INFO src.train.trainer: Epoch 146
2026-05-09 21:04:54,041 INFO src.train.trainer: Last model at epoch 146 saved to checkpoints/reg_mixer_attnpl_t_20260509-205706/last_model_1.pth
2026-05-09 21:04:54,041 INFO src.train.trainer: Epoch 147
2026-05-09 21:04:56,705 INFO src.train.trainer: Last model at epoch 147 saved to checkpoints/reg_mixer_attnpl_t_20260509-205706/last_model_1.pth
2026-05-09 21:04:56,705 INFO src.train.trainer: Epoch 148
2026-05-09 21:04:59,543 INFO src.train.trainer: Last model at epoch 148 saved to checkpoints/reg_mixer_attnpl_t_20260509-205706/last_model_1.pth
2026-05-09 21:04:59,544 INFO src.train.trainer: Epoch 149
2026-05-09 21:05:02,680 INFO src.train.trainer: Last model at epoch 149 saved to checkpoints/reg_mixer_attnpl_t_20260509-205706/last_model_1.pth
2026-05-09 21:05:02,680 INFO src.train.trainer: Epoch 150
2026-05-09 21:05:05,726 INFO src.train.trainer: Last model at epoch 150 saved to checkpoints/reg_mixer_attnpl_t_20260509-205706/last_model_1.pth
2026-05-09 21:06:13,652 INFO src.data.preprocessing: CSV files found: ['chuandian_2021.csv']
2026-05-09 21:06:14,341 INFO src.utils.file_utils: Loading cached data from: data/ChuanDian/regressor/regressor_Mc_3_Mf_3_Tfore_180_Twindow_360_context_len_1_dt_10.pkl
2026-05-09 21:06:16,515 INFO src.data.preprocessing: Catalog statistics: {'tau_unfiltered': 0.15339908988298961, 'tau_q025': 0.08114294020924717, 'tau_q05': 0.5134664350189269, 'tau_mean': 1.3070542199341526, 'tau_max': 25.18216435192153, 'tau_min': 0.0, 'time_max': 18770.72654999979, 'time_mean': 10030.9430649837, 'mag_completeness': 3.0, 'mag_mean': 3.456916005014626, 'mag_max': 8.0, 'mag_min': 3.0, 'b_value': 0.856738547623331, 'b_std': 0.0071499224812533796, 'b_n': 14358}
2026-05-09 21:06:16,554 INFO src.data.event_loader: lengths of samples: min=96, max=1340, avg=265.71
2026-05-09 21:06:17,364 INFO src.models.adapters.mixer_task: using time scale base 1.3070542199341526 (key: tau_mean)
2026-05-09 21:06:17,364 INFO src.models.adapters.mixer_task: tau mean: tensor(1.3071)
2026-05-09 21:06:17,369 INFO src.train.config_setup: Restoring model from checkpoint.
2026-05-09 21:06:17,369 INFO src.train.config_setup: Loading model weights: load_specific_parts=None
2026-05-09 21:06:17,371 INFO src.train.config_setup: Checkpoint loaded: <All keys matched successfully>
2026-05-09 21:06:17,371 INFO src.train.config_setup: Full load summary: loaded=68, missing=0, unexpected=0
2026-05-09 21:06:17,372 INFO src.train.config_setup: Checkpoint hyperparameters loaded.
2026-05-09 21:06:17,372 INFO src.train.config_setup: Checkpoint train metrics available.
2026-05-09 21:06:17,372 INFO src.train.config_setup: Checkpoint val metrics available.
2026-05-09 21:06:17,372 INFO src.train.config_setup: Freeze skipped (checkpoint_restore): freeze_parts is empty.
2026-05-09 21:06:17,372 INFO src.train.config_setup: Using regression criterion: smooth_l1
2026-05-09 21:06:17,372 INFO src.train.config_setup: Criterion config: {'beta': 0.2}
2026-05-09 21:06:17,373 INFO src.train.config_setup: encoder_param_keywords: ['encoder']
2026-05-09 21:06:17,373 INFO src.train.config_setup: encoder_lr grouping summary: lr=0.0004, matched=44
2026-05-09 21:06:17,373 INFO src.train.config_setup: Encoder LR coverage [encoder]: target=44, hit=44, missing=0, complete=True
2026-05-09 21:06:17,373 INFO src.train.config_setup: encoder_lr matched preview: ['base_model.encoder.input_proj.0.weight', 'base_model.encoder.input_proj.0.bias', 'base_model.encoder.input_proj.3.weight', 'base_model.encoder.input_proj.3.bias', 'base_model.encoder.layers.0.norm.weight', 'base_model.encoder.layers.0.norm.bias', 'base_model.encoder.layers.0.mixer.dt_bias', 'base_model.encoder.layers.0.mixer.A_log', 'base_model.encoder.layers.0.mixer.D', 'base_model.encoder.layers.0.mixer.in_proj.weight'] ... (+34 more)
2026-05-09 21:06:17,374 INFO src.train.config_setup: Not resuming optimizer/scheduler state; reset training state to start_epoch=0, best_val_loss=inf.
2026-05-09 21:06:22,039 INFO __main__: Test loss: 0.04511680578192075
2026-05-09 21:06:23,849 INFO __main__: Saved test metrics to checkpoints/reg_mixer_attnpl_t_20260509-205706/metrics_test_last_1.json
2026-05-09 21:06:23,849 INFO __main__: Metrics: {'RMSE': 0.8162161177570286, 'MAE': 0.7077048875269343, 'MSE': 0.6662087508863557, 'MAPE': 15.229112751367829, 'R2': -0.9908541197063072, 'PearsonR': 0.5736682771672872, 'PearsonR_diff': 0.1386451626558101, 'DA': 0.04395604395604396, 'SpearmanR': 0.46933988269488003, 'SpearmanR_diff': 0.05100525230437377, 'DTW': 100.84257450699806, 'DTW_normalized': 0.5510523197103719}
2026-05-09 21:07:02,942 INFO src.data.preprocessing: CSV files found: ['chuandian_2021.csv']
2026-05-09 21:07:03,640 INFO src.utils.file_utils: Loading cached data from: data/ChuanDian/regressor/regressor_Mc_3_Mf_3_Tfore_180_Twindow_360_context_len_1_dt_10.pkl
2026-05-09 21:07:05,823 INFO src.data.preprocessing: Catalog statistics: {'tau_unfiltered': 0.15339908988298961, 'tau_q025': 0.08114294020924717, 'tau_q05': 0.5134664350189269, 'tau_mean': 1.3070542199341526, 'tau_max': 25.18216435192153, 'tau_min': 0.0, 'time_max': 18770.72654999979, 'time_mean': 10030.9430649837, 'mag_completeness': 3.0, 'mag_mean': 3.456916005014626, 'mag_max': 8.0, 'mag_min': 3.0, 'b_value': 0.856738547623331, 'b_std': 0.0071499224812533796, 'b_n': 14358}
2026-05-09 21:07:05,862 INFO src.data.event_loader: lengths of samples: min=96, max=1340, avg=265.71
2026-05-09 21:07:06,671 INFO src.models.adapters.mixer_task: using time scale base 1.3070542199341526 (key: tau_mean)
2026-05-09 21:07:06,671 INFO src.models.adapters.mixer_task: tau mean: tensor(1.3071)
2026-05-09 21:07:06,677 INFO src.train.config_setup: Restoring model from checkpoint.
2026-05-09 21:07:06,677 INFO src.train.config_setup: Loading model weights: load_specific_parts=None
2026-05-09 21:07:06,679 INFO src.train.config_setup: Checkpoint loaded: <All keys matched successfully>
2026-05-09 21:07:06,679 INFO src.train.config_setup: Full load summary: loaded=68, missing=0, unexpected=0
2026-05-09 21:07:06,680 INFO src.train.config_setup: Checkpoint hyperparameters loaded.
2026-05-09 21:07:06,680 INFO src.train.config_setup: Checkpoint train metrics available.
2026-05-09 21:07:06,680 INFO src.train.config_setup: Checkpoint val metrics available.
2026-05-09 21:07:06,680 INFO src.train.config_setup: Freeze skipped (checkpoint_restore): freeze_parts is empty.
2026-05-09 21:07:06,680 INFO src.train.config_setup: Using regression criterion: smooth_l1
2026-05-09 21:07:06,680 INFO src.train.config_setup: Criterion config: {'beta': 0.2}
2026-05-09 21:07:06,681 INFO src.train.config_setup: encoder_param_keywords: ['encoder']
2026-05-09 21:07:06,681 INFO src.train.config_setup: encoder_lr grouping summary: lr=0.0004, matched=44
2026-05-09 21:07:06,681 INFO src.train.config_setup: Encoder LR coverage [encoder]: target=44, hit=44, missing=0, complete=True
2026-05-09 21:07:06,681 INFO src.train.config_setup: encoder_lr matched preview: ['base_model.encoder.input_proj.0.weight', 'base_model.encoder.input_proj.0.bias', 'base_model.encoder.input_proj.3.weight', 'base_model.encoder.input_proj.3.bias', 'base_model.encoder.layers.0.norm.weight', 'base_model.encoder.layers.0.norm.bias', 'base_model.encoder.layers.0.mixer.dt_bias', 'base_model.encoder.layers.0.mixer.A_log', 'base_model.encoder.layers.0.mixer.D', 'base_model.encoder.layers.0.mixer.in_proj.weight'] ... (+34 more)
2026-05-09 21:07:06,681 INFO src.train.config_setup: Not resuming optimizer/scheduler state; reset training state to start_epoch=0, best_val_loss=inf.
2026-05-09 21:07:11,879 INFO __main__: Test loss: 0.03921621789534887
2026-05-09 21:07:13,802 INFO __main__: Saved test metrics to checkpoints/reg_mixer_attnpl_t_20260509-205706/metrics_test_best_1.json
2026-05-09 21:07:13,802 INFO __main__: Metrics: {'RMSE': 0.7587482895050808, 'MAE': 0.6484010351485894, 'MSE': 0.5756989668268859, 'MAPE': 13.929307503029595, 'R2': -0.7203806739150473, 'PearsonR': 0.27865879134236193, 'PearsonR_diff': 0.09175824031984557, 'DA': 0.04395604395604396, 'SpearmanR': 0.17383765600960763, 'SpearmanR_diff': 0.016468125410630977, 'DTW': 100.12080171704292, 'DTW_normalized': 0.5471082061040596}
