2026-05-21 18:51:43,737 INFO src.data.preprocessing: CSV files found: ['chuandian_2021.csv']
2026-05-21 18:51:44,390 INFO src.utils.file_utils: Loading cached data from: data/ChuanDian/classifier/classifier_Mc_3_Mf_5.5_Tfore_90_Twindow_180_context_len_1_dt_10.pkl
2026-05-21 18:51:45,335 INFO src.data.preprocessing: Catalog statistics: {'tau_unfiltered': 0.15339908988298961, 'tau_q025': 0.08114294020924717, 'tau_q05': 0.5134664350189269, 'tau_mean': 1.3070542199341526, 'tau_max': 25.18216435192153, 'tau_min': 0.0, 'time_max': 18770.72654999979, 'time_mean': 10030.9430649837, 'mag_completeness': 3.0, 'mag_mean': 3.456916005014626, 'mag_max': 8.0, 'mag_min': 3.0, 'b_value': 0.856738547623331, 'b_std': 0.0071499224812533796, 'b_n': 14358}
2026-05-21 18:51:45,352 INFO src.data.event_loader: lengths of samples: min=32, max=749, avg=124.26
2026-05-21 18:51:45,352 INFO src.data.event_loader: Number of positive samples: 471
2026-05-21 18:51:45,353 INFO src.data.event_loader: Number of negative samples: 1055
2026-05-21 18:51:45,375 INFO src.data.event_loader: Positive samples: 390, Negative samples: 830
2026-05-21 18:51:45,375 INFO src.data.event_loader: Total samples: 1220, Positive ratio: 0.32, Negative ratio: 0.68
2026-05-21 18:51:45,376 INFO src.data.event_loader: Positive samples: 62, Negative samples: 90
2026-05-21 18:51:45,376 INFO src.data.event_loader: Total samples: 152, Positive ratio: 0.41, Negative ratio: 0.59
2026-05-21 18:51:45,376 INFO src.data.event_loader: Positive samples: 19, Negative samples: 135
2026-05-21 18:51:45,376 INFO src.data.event_loader: Total samples: 154, Positive ratio: 0.12, Negative ratio: 0.88
2026-05-21 18:51:45,474 INFO src.cli.workflows: Loading checkpoint from: ./checkpoints/mixer_tpp_20260514-211059/last_model_1.pth
2026-05-21 18:51:46,215 INFO src.models.adapters.mixer_task: using time scale base 1.3070542199341526 (key: tau_mean)
2026-05-21 18:51:46,215 INFO src.models.adapters.mixer_task: tau mean: tensor(1.3071)
2026-05-21 18:51:46,225 INFO src.train.config_setup: Restoring model from checkpoint.
2026-05-21 18:51:46,225 INFO src.train.config_setup: Loading model weights: load_specific_parts=['encoder']
2026-05-21 18:51:46,226 INFO src.train.config_setup: Selective load summary: requested_parts=['encoder'], target_in_model=40, matched_in_checkpoint=30, loaded=30, missing_after_load=10, shape_mismatch=0, missing_in_model=0, out_of_scope_loaded=0
2026-05-21 18:51:46,226 INFO src.train.config_setup: Selective load coverage [encoder]: target=40, hit=30, missing=10, complete=False
2026-05-21 18:51:46,226 WARNING src.train.config_setup: Selective load coverage missing preview [encoder]: ['base_model.encoder.layers.2.mixer.in_proj.bias', 'base_model.encoder.layers.2.mixer.in_proj.weight', 'base_model.encoder.layers.2.mixer.out_proj.bias', 'base_model.encoder.layers.2.mixer.out_proj.weight', 'base_model.encoder.layers.2.mlp.fc1.weight', 'base_model.encoder.layers.2.mlp.fc2.weight', 'base_model.encoder.layers.2.norm.bias', 'base_model.encoder.layers.2.norm.weight'] ... (+2 more)
2026-05-21 18:51:46,226 WARNING src.train.config_setup: Checkpoint missing target parameter preview: ['base_model.encoder.layers.2.mixer.in_proj.bias', 'base_model.encoder.layers.2.mixer.in_proj.weight', 'base_model.encoder.layers.2.mixer.out_proj.bias', 'base_model.encoder.layers.2.mixer.out_proj.weight', 'base_model.encoder.layers.2.mlp.fc1.weight', 'base_model.encoder.layers.2.mlp.fc2.weight', 'base_model.encoder.layers.2.norm.bias', 'base_model.encoder.layers.2.norm.weight', 'base_model.encoder.layers.2.norm2.bias', 'base_model.encoder.layers.2.norm2.weight']
2026-05-21 18:51:46,227 WARNING src.train.config_setup: Target not-loaded parameter preview: ['base_model.encoder.layers.2.mixer.in_proj.bias', 'base_model.encoder.layers.2.mixer.in_proj.weight', 'base_model.encoder.layers.2.mixer.out_proj.bias', 'base_model.encoder.layers.2.mixer.out_proj.weight', 'base_model.encoder.layers.2.mlp.fc1.weight', 'base_model.encoder.layers.2.mlp.fc2.weight', 'base_model.encoder.layers.2.norm.bias', 'base_model.encoder.layers.2.norm.weight', 'base_model.encoder.layers.2.norm2.bias', 'base_model.encoder.layers.2.norm2.weight']
2026-05-21 18:51:46,227 INFO src.train.config_setup: Loaded parameter preview: ['base_model.encoder.layers.1.mlp.fc1.weight', 'base_model.encoder.input_proj.3.weight', 'base_model.encoder.layers.1.mixer.out_proj.weight', 'base_model.encoder.layers.1.mixer.in_proj.weight', 'base_model.encoder.layers.1.mixer.norm.weight', 'base_model.encoder.layers.1.mlp.fc2.weight', 'base_model.encoder.layers.1.norm.bias', 'base_model.encoder.input_proj.3.bias', 'base_model.encoder.layers.1.norm.weight', 'base_model.encoder.input_proj.0.weight'] ... (+20 more)
2026-05-21 18:51:46,228 INFO src.train.config_setup: Checkpoint hyperparameters loaded.
2026-05-21 18:51:46,228 INFO src.train.config_setup: Checkpoint train metrics available.
2026-05-21 18:51:46,228 INFO src.train.config_setup: Checkpoint val metrics available.
2026-05-21 18:51:46,228 INFO src.train.config_setup: Freeze skipped (checkpoint_restore): freeze_parts is empty.
2026-05-21 18:51:46,228 INFO src.train.config_setup: Using classification criterion: focal
2026-05-21 18:51:46,228 INFO src.train.config_setup: Criterion config: {'alpha': 0.75, 'gamma': 2.0}
2026-05-21 18:51:46,229 INFO src.train.config_setup: Not resuming optimizer/scheduler state; reset training state to start_epoch=0, best_val_loss=inf.
2026-05-21 18:51:46,229 INFO src.train.trainer: Epoch 1
2026-05-21 18:52:01,304 INFO src.train.trainer: New best validation loss: 0.0713, saved to /root/autodl-tmp/em_eqf/experiments/clf_pre_v2/clf_pre_SCEDC_v2/runs/tf_90_mf_5p5_seed_7/best_model_1.pth
2026-05-21 18:52:01,309 INFO src.train.trainer: Last model at epoch 1 saved to /root/autodl-tmp/em_eqf/experiments/clf_pre_v2/clf_pre_SCEDC_v2/runs/tf_90_mf_5p5_seed_7/last_model_1.pth
2026-05-21 18:52:01,310 INFO src.train.trainer: Epoch 2
2026-05-21 18:52:03,927 INFO src.train.trainer: Last model at epoch 2 saved to /root/autodl-tmp/em_eqf/experiments/clf_pre_v2/clf_pre_SCEDC_v2/runs/tf_90_mf_5p5_seed_7/last_model_1.pth
2026-05-21 18:52:03,928 INFO src.train.trainer: Epoch 3
2026-05-21 18:52:06,480 INFO src.train.trainer: Last model at epoch 3 saved to /root/autodl-tmp/em_eqf/experiments/clf_pre_v2/clf_pre_SCEDC_v2/runs/tf_90_mf_5p5_seed_7/last_model_1.pth
2026-05-21 18:52:06,481 INFO src.train.trainer: Epoch 4
2026-05-21 18:52:09,135 INFO src.train.trainer: Last model at epoch 4 saved to /root/autodl-tmp/em_eqf/experiments/clf_pre_v2/clf_pre_SCEDC_v2/runs/tf_90_mf_5p5_seed_7/last_model_1.pth
2026-05-21 18:52:09,136 INFO src.train.trainer: Epoch 5
2026-05-21 18:52:11,847 INFO src.train.trainer: New best validation loss: 0.0600, saved to /root/autodl-tmp/em_eqf/experiments/clf_pre_v2/clf_pre_SCEDC_v2/runs/tf_90_mf_5p5_seed_7/best_model_1.pth
2026-05-21 18:52:11,854 INFO src.train.trainer: Last model at epoch 5 saved to /root/autodl-tmp/em_eqf/experiments/clf_pre_v2/clf_pre_SCEDC_v2/runs/tf_90_mf_5p5_seed_7/last_model_1.pth
2026-05-21 18:52:11,854 INFO src.train.trainer: Epoch 6
2026-05-21 18:52:14,942 INFO src.train.trainer: Last model at epoch 6 saved to /root/autodl-tmp/em_eqf/experiments/clf_pre_v2/clf_pre_SCEDC_v2/runs/tf_90_mf_5p5_seed_7/last_model_1.pth
2026-05-21 18:52:14,943 INFO src.train.trainer: Epoch 7
2026-05-21 18:52:18,005 INFO src.train.trainer: Last model at epoch 7 saved to /root/autodl-tmp/em_eqf/experiments/clf_pre_v2/clf_pre_SCEDC_v2/runs/tf_90_mf_5p5_seed_7/last_model_1.pth
2026-05-21 18:52:18,005 INFO src.train.trainer: Epoch 8
2026-05-21 18:52:20,865 INFO src.train.trainer: New best validation loss: 0.0581, saved to /root/autodl-tmp/em_eqf/experiments/clf_pre_v2/clf_pre_SCEDC_v2/runs/tf_90_mf_5p5_seed_7/best_model_1.pth
2026-05-21 18:52:20,873 INFO src.train.trainer: Last model at epoch 8 saved to /root/autodl-tmp/em_eqf/experiments/clf_pre_v2/clf_pre_SCEDC_v2/runs/tf_90_mf_5p5_seed_7/last_model_1.pth
2026-05-21 18:52:20,873 INFO src.train.trainer: Epoch 9
2026-05-21 18:52:22,891 INFO src.train.trainer: Last model at epoch 9 saved to /root/autodl-tmp/em_eqf/experiments/clf_pre_v2/clf_pre_SCEDC_v2/runs/tf_90_mf_5p5_seed_7/last_model_1.pth
2026-05-21 18:52:22,891 INFO src.train.trainer: Epoch 10
2026-05-21 18:52:24,992 INFO src.train.trainer: Last model at epoch 10 saved to /root/autodl-tmp/em_eqf/experiments/clf_pre_v2/clf_pre_SCEDC_v2/runs/tf_90_mf_5p5_seed_7/last_model_1.pth
2026-05-21 18:52:24,992 INFO src.train.trainer: Epoch 11
2026-05-21 18:52:27,625 INFO src.train.trainer: Last model at epoch 11 saved to /root/autodl-tmp/em_eqf/experiments/clf_pre_v2/clf_pre_SCEDC_v2/runs/tf_90_mf_5p5_seed_7/last_model_1.pth
2026-05-21 18:52:27,625 INFO src.train.trainer: Epoch 12
2026-05-21 18:52:30,279 INFO src.train.trainer: Last model at epoch 12 saved to /root/autodl-tmp/em_eqf/experiments/clf_pre_v2/clf_pre_SCEDC_v2/runs/tf_90_mf_5p5_seed_7/last_model_1.pth
2026-05-21 18:52:30,279 INFO src.train.trainer: Epoch 13
2026-05-21 18:52:32,432 INFO src.train.trainer: Last model at epoch 13 saved to /root/autodl-tmp/em_eqf/experiments/clf_pre_v2/clf_pre_SCEDC_v2/runs/tf_90_mf_5p5_seed_7/last_model_1.pth
2026-05-21 18:52:32,433 INFO src.train.trainer: Epoch 14
2026-05-21 18:52:34,458 INFO src.train.trainer: Last model at epoch 14 saved to /root/autodl-tmp/em_eqf/experiments/clf_pre_v2/clf_pre_SCEDC_v2/runs/tf_90_mf_5p5_seed_7/last_model_1.pth
2026-05-21 18:52:34,458 INFO src.train.trainer: Epoch 15
2026-05-21 18:52:36,431 INFO src.train.trainer: Last model at epoch 15 saved to /root/autodl-tmp/em_eqf/experiments/clf_pre_v2/clf_pre_SCEDC_v2/runs/tf_90_mf_5p5_seed_7/last_model_1.pth
2026-05-21 18:52:36,431 INFO src.train.trainer: Epoch 16
2026-05-21 18:52:38,398 INFO src.train.trainer: New best validation loss: 0.0531, saved to /root/autodl-tmp/em_eqf/experiments/clf_pre_v2/clf_pre_SCEDC_v2/runs/tf_90_mf_5p5_seed_7/best_model_1.pth
2026-05-21 18:52:38,407 INFO src.train.trainer: Last model at epoch 16 saved to /root/autodl-tmp/em_eqf/experiments/clf_pre_v2/clf_pre_SCEDC_v2/runs/tf_90_mf_5p5_seed_7/last_model_1.pth
2026-05-21 18:52:38,407 INFO src.train.trainer: Epoch 17
2026-05-21 18:52:40,444 INFO src.train.trainer: Last model at epoch 17 saved to /root/autodl-tmp/em_eqf/experiments/clf_pre_v2/clf_pre_SCEDC_v2/runs/tf_90_mf_5p5_seed_7/last_model_1.pth
2026-05-21 18:52:40,444 INFO src.train.trainer: Epoch 18
2026-05-21 18:52:42,985 INFO src.train.trainer: Last model at epoch 18 saved to /root/autodl-tmp/em_eqf/experiments/clf_pre_v2/clf_pre_SCEDC_v2/runs/tf_90_mf_5p5_seed_7/last_model_1.pth
2026-05-21 18:52:42,985 INFO src.train.trainer: Epoch 19
2026-05-21 18:52:45,522 INFO src.train.trainer: Last model at epoch 19 saved to /root/autodl-tmp/em_eqf/experiments/clf_pre_v2/clf_pre_SCEDC_v2/runs/tf_90_mf_5p5_seed_7/last_model_1.pth
2026-05-21 18:52:45,522 INFO src.train.trainer: Epoch 20
2026-05-21 18:52:47,609 INFO src.train.trainer: Last model at epoch 20 saved to /root/autodl-tmp/em_eqf/experiments/clf_pre_v2/clf_pre_SCEDC_v2/runs/tf_90_mf_5p5_seed_7/last_model_1.pth
2026-05-21 18:52:47,609 INFO src.train.trainer: Epoch 21
2026-05-21 18:52:49,494 INFO src.train.trainer: Last model at epoch 21 saved to /root/autodl-tmp/em_eqf/experiments/clf_pre_v2/clf_pre_SCEDC_v2/runs/tf_90_mf_5p5_seed_7/last_model_1.pth
2026-05-21 18:52:49,494 INFO src.train.trainer: Epoch 22
2026-05-21 18:52:51,436 INFO src.train.trainer: Last model at epoch 22 saved to /root/autodl-tmp/em_eqf/experiments/clf_pre_v2/clf_pre_SCEDC_v2/runs/tf_90_mf_5p5_seed_7/last_model_1.pth
2026-05-21 18:52:51,436 INFO src.train.trainer: Epoch 23
2026-05-21 18:52:53,407 INFO src.train.trainer: Last model at epoch 23 saved to /root/autodl-tmp/em_eqf/experiments/clf_pre_v2/clf_pre_SCEDC_v2/runs/tf_90_mf_5p5_seed_7/last_model_1.pth
2026-05-21 18:52:53,407 INFO src.train.trainer: Epoch 24
2026-05-21 18:52:55,346 INFO src.train.trainer: Last model at epoch 24 saved to /root/autodl-tmp/em_eqf/experiments/clf_pre_v2/clf_pre_SCEDC_v2/runs/tf_90_mf_5p5_seed_7/last_model_1.pth
2026-05-21 18:52:55,347 INFO src.train.trainer: Epoch 25
2026-05-21 18:52:57,296 INFO src.train.trainer: Last model at epoch 25 saved to /root/autodl-tmp/em_eqf/experiments/clf_pre_v2/clf_pre_SCEDC_v2/runs/tf_90_mf_5p5_seed_7/last_model_1.pth
2026-05-21 18:52:57,296 INFO src.train.trainer: Epoch 26
2026-05-21 18:52:59,376 INFO src.train.trainer: Last model at epoch 26 saved to /root/autodl-tmp/em_eqf/experiments/clf_pre_v2/clf_pre_SCEDC_v2/runs/tf_90_mf_5p5_seed_7/last_model_1.pth
2026-05-21 18:52:59,376 INFO src.train.trainer: Early stopping triggered at epoch 26 (best epoch: 16, best val loss: 0.053062)
2026-05-21 18:53:06,978 INFO src.data.preprocessing: CSV files found: ['chuandian_2021.csv']
2026-05-21 18:53:07,509 INFO src.utils.file_utils: Loading cached data from: data/ChuanDian/classifier/classifier_Mc_3_Mf_5.5_Tfore_90_Twindow_180_context_len_1_dt_10.pkl
2026-05-21 18:53:08,313 INFO src.data.preprocessing: Catalog statistics: {'tau_unfiltered': 0.15339908988298961, 'tau_q025': 0.08114294020924717, 'tau_q05': 0.5134664350189269, 'tau_mean': 1.3070542199341526, 'tau_max': 25.18216435192153, 'tau_min': 0.0, 'time_max': 18770.72654999979, 'time_mean': 10030.9430649837, 'mag_completeness': 3.0, 'mag_mean': 3.456916005014626, 'mag_max': 8.0, 'mag_min': 3.0, 'b_value': 0.856738547623331, 'b_std': 0.0071499224812533796, 'b_n': 14358}
2026-05-21 18:53:08,330 INFO src.data.event_loader: lengths of samples: min=32, max=749, avg=124.26
2026-05-21 18:53:08,330 INFO src.data.event_loader: Number of positive samples: 471
2026-05-21 18:53:08,331 INFO src.data.event_loader: Number of negative samples: 1055
2026-05-21 18:53:08,331 INFO src.data.event_loader: Positive samples: 390, Negative samples: 830
2026-05-21 18:53:08,331 INFO src.data.event_loader: Total samples: 1220, Positive ratio: 0.32, Negative ratio: 0.68
2026-05-21 18:53:08,332 INFO src.data.event_loader: Positive samples: 62, Negative samples: 90
2026-05-21 18:53:08,332 INFO src.data.event_loader: Total samples: 152, Positive ratio: 0.41, Negative ratio: 0.59
2026-05-21 18:53:08,332 INFO src.data.event_loader: Positive samples: 19, Negative samples: 135
2026-05-21 18:53:08,332 INFO src.data.event_loader: Total samples: 154, Positive ratio: 0.12, Negative ratio: 0.88
2026-05-21 18:53:08,690 INFO src.models.adapters.mixer_task: using time scale base 1.3070542199341526 (key: tau_mean)
2026-05-21 18:53:08,690 INFO src.models.adapters.mixer_task: tau mean: tensor(1.3071)
2026-05-21 18:53:08,696 INFO src.train.config_setup: Restoring model from checkpoint.
2026-05-21 18:53:08,696 INFO src.train.config_setup: Loading model weights: load_specific_parts=None
2026-05-21 18:53:08,697 INFO src.train.config_setup: Checkpoint loaded: <All keys matched successfully>
2026-05-21 18:53:08,698 INFO src.train.config_setup: Full load summary: loaded=56, missing=0, unexpected=0
2026-05-21 18:53:08,698 INFO src.train.config_setup: Checkpoint hyperparameters loaded.
2026-05-21 18:53:08,698 INFO src.train.config_setup: Checkpoint train metrics available.
2026-05-21 18:53:08,698 INFO src.train.config_setup: Checkpoint val metrics available.
2026-05-21 18:53:08,698 INFO src.train.config_setup: Freeze skipped (checkpoint_restore): freeze_parts is empty.
2026-05-21 18:53:08,699 INFO src.train.config_setup: Using classification criterion: focal
2026-05-21 18:53:08,699 INFO src.train.config_setup: Criterion config: {'alpha': 0.75, 'gamma': 2.0}
2026-05-21 18:53:08,700 INFO src.train.config_setup: Not resuming optimizer/scheduler state; reset training state to start_epoch=0, best_val_loss=inf.
2026-05-21 18:53:08,700 INFO src.cli.common: Using threshold 0.5563932657241821 from checkpoint val_metrics for testing.
2026-05-21 18:53:13,110 INFO src.utils.metrics: ROC curve saved to /root/autodl-tmp/em_eqf/experiments/clf_pre_v2/clf_pre_SCEDC_v2/runs/tf_90_mf_5p5_seed_7/roc_curve.png
2026-05-21 18:53:13,217 INFO src.utils.metrics: PR curve saved to /root/autodl-tmp/em_eqf/experiments/clf_pre_v2/clf_pre_SCEDC_v2/runs/tf_90_mf_5p5_seed_7/pr_curve.png
2026-05-21 18:53:13,282 INFO src.utils.metrics: Confusion matrix saved to /root/autodl-tmp/em_eqf/experiments/clf_pre_v2/clf_pre_SCEDC_v2/runs/tf_90_mf_5p5_seed_7/confusion_matrix.png
2026-05-21 18:53:13,283 INFO src.cli.workflows: Test loss: 0.06662085155646007
2026-05-21 18:53:13,808 INFO src.train.classifier_train_step: Prediction distribution plot has been saved to: /root/autodl-tmp/em_eqf/experiments/clf_pre_v2/clf_pre_SCEDC_v2/runs/tf_90_mf_5p5_seed_7/train_pred_distribution.png
2026-05-21 18:53:14,053 INFO src.train.classifier_train_step: Prediction distribution plot has been saved to: /root/autodl-tmp/em_eqf/experiments/clf_pre_v2/clf_pre_SCEDC_v2/runs/tf_90_mf_5p5_seed_7/val_pred_distribution.png
2026-05-21 18:53:14,295 INFO src.train.classifier_train_step: Prediction distribution plot has been saved to: /root/autodl-tmp/em_eqf/experiments/clf_pre_v2/clf_pre_SCEDC_v2/runs/tf_90_mf_5p5_seed_7/test_pred_distribution.png
2026-05-21 18:53:14,295 INFO src.cli.common: Saved test metrics to /root/autodl-tmp/em_eqf/experiments/clf_pre_v2/clf_pre_SCEDC_v2/runs/tf_90_mf_5p5_seed_7/metrics_test_best_1.json
2026-05-21 18:53:14,296 INFO src.cli.common: Metrics: {'precision': 0.11764705882352941, 'recall': 0.21052631578947367, 'f1': 0.1509433962264151, 'auc': 0.5660818713450293, 'pr_auc': 0.20276842710136325, 'fpr': 0.2222222222222222, 'tpr': 0.21052631578947367, 'R': -0.011695906432748537, 'conf': 1.0, 'threshold': 0.5563932657241821}
