2026-05-19 12:26:29,567 INFO src.data.preprocessing: CSV files found: ['chuandian_2021.csv']
2026-05-19 12:26:30,541 INFO src.utils.file_utils: Loading cached data from: data/ChuanDian/regressor/regressor_Mc_3_Mf_3_Tfore_180_Twindow_360_context_len_1_dt_10.pkl
2026-05-19 12:26:32,931 INFO src.data.preprocessing: Catalog statistics: {'tau_unfiltered': 0.15339908988298961, 'tau_q025': 0.08114294020924717, 'tau_q05': 0.5134664350189269, 'tau_mean': 1.3070542199341526, 'tau_max': 25.18216435192153, 'tau_min': 0.0, 'time_max': 18770.72654999979, 'time_mean': 10030.9430649837, 'mag_completeness': 3.0, 'mag_mean': 3.456916005014626, 'mag_max': 8.0, 'mag_min': 3.0, 'b_value': 0.856738547623331, 'b_std': 0.0071499224812533796, 'b_n': 14358}
2026-05-19 12:26:32,969 INFO src.data.event_loader: lengths of samples: min=96, max=1340, avg=265.71
2026-05-19 12:26:32,971 INFO src.cli.workflows: No resume path provided. Training will start from scratch.
2026-05-19 12:26:34,165 INFO src.models.adapters.mixer_task: using time scale base 1.3070542199341526 (key: tau_mean)
2026-05-19 12:26:34,165 INFO src.models.adapters.mixer_task: tau mean: tensor(1.3071)
2026-05-19 12:26:34,184 INFO src.train.config_setup: No checkpoint restore requested; initializing model from scratch.
2026-05-19 12:26:34,184 INFO src.train.config_setup: Freeze skipped (fresh_init): freeze_parts is empty.
2026-05-19 12:26:34,184 INFO src.train.config_setup: Using regression criterion: smooth_l1
2026-05-19 12:26:34,184 INFO src.train.config_setup: Criterion config: {'beta': 0.3}
2026-05-19 12:26:34,185 INFO src.train.config_setup: encoder_param_keywords: ['encoder']
2026-05-19 12:26:34,185 INFO src.train.config_setup: encoder_lr grouping summary: lr=0.0004, matched=20
2026-05-19 12:26:34,185 INFO src.train.config_setup: Encoder LR coverage [encoder]: target=20, hit=20, missing=0, complete=True
2026-05-19 12:26:34,185 INFO src.train.config_setup: encoder_lr matched preview: ['base_model.encoder.input_proj.0.weight', 'base_model.encoder.input_proj.0.bias', 'base_model.encoder.input_proj.3.weight', 'base_model.encoder.input_proj.3.bias', 'base_model.encoder.layers.0.norm.weight', 'base_model.encoder.layers.0.norm.bias', 'base_model.encoder.layers.0.mixer.dt_bias', 'base_model.encoder.layers.0.mixer.A_log', 'base_model.encoder.layers.0.mixer.D', 'base_model.encoder.layers.0.mixer.in_proj.weight'] ... (+10 more)
2026-05-19 12:26:34,194 INFO src.train.trainer: Using EMA with decay 0.98
2026-05-19 12:26:34,194 INFO src.train.trainer: Epoch 1
2026-05-19 12:26:51,402 INFO src.train.trainer: New best validation loss: 0.0984, saved to /root/autodl-tmp/em_eqf/experiments/reg_mixer_ablation_5_seeds/runs/reg_ab_log_pretrain_seed_3/best_model_1.pth
2026-05-19 12:26:51,410 INFO src.train.trainer: Last model at epoch 1 saved to /root/autodl-tmp/em_eqf/experiments/reg_mixer_ablation_5_seeds/runs/reg_ab_log_pretrain_seed_3/last_model_1.pth
2026-05-19 12:26:51,410 INFO src.train.trainer: Epoch 2
2026-05-19 12:26:53,131 INFO src.train.trainer: New best validation loss: 0.0647, saved to /root/autodl-tmp/em_eqf/experiments/reg_mixer_ablation_5_seeds/runs/reg_ab_log_pretrain_seed_3/best_model_1.pth
2026-05-19 12:26:53,138 INFO src.train.trainer: Last model at epoch 2 saved to /root/autodl-tmp/em_eqf/experiments/reg_mixer_ablation_5_seeds/runs/reg_ab_log_pretrain_seed_3/last_model_1.pth
2026-05-19 12:26:53,138 INFO src.train.trainer: Epoch 3
2026-05-19 12:26:54,781 INFO src.train.trainer: New best validation loss: 0.0432, saved to /root/autodl-tmp/em_eqf/experiments/reg_mixer_ablation_5_seeds/runs/reg_ab_log_pretrain_seed_3/best_model_1.pth
2026-05-19 12:26:54,789 INFO src.train.trainer: Last model at epoch 3 saved to /root/autodl-tmp/em_eqf/experiments/reg_mixer_ablation_5_seeds/runs/reg_ab_log_pretrain_seed_3/last_model_1.pth
2026-05-19 12:26:54,789 INFO src.train.trainer: Epoch 4
2026-05-19 12:26:57,146 INFO src.train.trainer: New best validation loss: 0.0358, saved to /root/autodl-tmp/em_eqf/experiments/reg_mixer_ablation_5_seeds/runs/reg_ab_log_pretrain_seed_3/best_model_1.pth
2026-05-19 12:26:57,152 INFO src.train.trainer: Last model at epoch 4 saved to /root/autodl-tmp/em_eqf/experiments/reg_mixer_ablation_5_seeds/runs/reg_ab_log_pretrain_seed_3/last_model_1.pth
2026-05-19 12:26:57,153 INFO src.train.trainer: Epoch 5
2026-05-19 12:26:59,713 INFO src.train.trainer: New best validation loss: 0.0330, saved to /root/autodl-tmp/em_eqf/experiments/reg_mixer_ablation_5_seeds/runs/reg_ab_log_pretrain_seed_3/best_model_1.pth
2026-05-19 12:26:59,725 INFO src.train.trainer: Last model at epoch 5 saved to /root/autodl-tmp/em_eqf/experiments/reg_mixer_ablation_5_seeds/runs/reg_ab_log_pretrain_seed_3/last_model_1.pth
2026-05-19 12:26:59,726 INFO src.train.trainer: Epoch 6
2026-05-19 12:27:02,163 INFO src.train.trainer: New best validation loss: 0.0324, saved to /root/autodl-tmp/em_eqf/experiments/reg_mixer_ablation_5_seeds/runs/reg_ab_log_pretrain_seed_3/best_model_1.pth
2026-05-19 12:27:02,170 INFO src.train.trainer: Last model at epoch 6 saved to /root/autodl-tmp/em_eqf/experiments/reg_mixer_ablation_5_seeds/runs/reg_ab_log_pretrain_seed_3/last_model_1.pth
2026-05-19 12:27:02,170 INFO src.train.trainer: Epoch 7
2026-05-19 12:27:04,353 INFO src.train.trainer: New best validation loss: 0.0323, saved to /root/autodl-tmp/em_eqf/experiments/reg_mixer_ablation_5_seeds/runs/reg_ab_log_pretrain_seed_3/best_model_1.pth
2026-05-19 12:27:04,360 INFO src.train.trainer: Last model at epoch 7 saved to /root/autodl-tmp/em_eqf/experiments/reg_mixer_ablation_5_seeds/runs/reg_ab_log_pretrain_seed_3/last_model_1.pth
2026-05-19 12:27:04,360 INFO src.train.trainer: Epoch 8
2026-05-19 12:27:06,516 INFO src.train.trainer: New best validation loss: 0.0321, saved to /root/autodl-tmp/em_eqf/experiments/reg_mixer_ablation_5_seeds/runs/reg_ab_log_pretrain_seed_3/best_model_1.pth
2026-05-19 12:27:06,528 INFO src.train.trainer: Last model at epoch 8 saved to /root/autodl-tmp/em_eqf/experiments/reg_mixer_ablation_5_seeds/runs/reg_ab_log_pretrain_seed_3/last_model_1.pth
2026-05-19 12:27:06,528 INFO src.train.trainer: Epoch 9
2026-05-19 12:27:08,733 INFO src.train.trainer: New best validation loss: 0.0320, saved to /root/autodl-tmp/em_eqf/experiments/reg_mixer_ablation_5_seeds/runs/reg_ab_log_pretrain_seed_3/best_model_1.pth
2026-05-19 12:27:08,743 INFO src.train.trainer: Last model at epoch 9 saved to /root/autodl-tmp/em_eqf/experiments/reg_mixer_ablation_5_seeds/runs/reg_ab_log_pretrain_seed_3/last_model_1.pth
2026-05-19 12:27:08,743 INFO src.train.trainer: Epoch 10
2026-05-19 12:27:11,088 INFO src.train.trainer: New best validation loss: 0.0315, saved to /root/autodl-tmp/em_eqf/experiments/reg_mixer_ablation_5_seeds/runs/reg_ab_log_pretrain_seed_3/best_model_1.pth
2026-05-19 12:27:11,098 INFO src.train.trainer: Last model at epoch 10 saved to /root/autodl-tmp/em_eqf/experiments/reg_mixer_ablation_5_seeds/runs/reg_ab_log_pretrain_seed_3/last_model_1.pth
2026-05-19 12:27:11,099 INFO src.train.trainer: Epoch 11
2026-05-19 12:27:13,300 INFO src.train.trainer: New best validation loss: 0.0311, saved to /root/autodl-tmp/em_eqf/experiments/reg_mixer_ablation_5_seeds/runs/reg_ab_log_pretrain_seed_3/best_model_1.pth
2026-05-19 12:27:13,312 INFO src.train.trainer: Last model at epoch 11 saved to /root/autodl-tmp/em_eqf/experiments/reg_mixer_ablation_5_seeds/runs/reg_ab_log_pretrain_seed_3/last_model_1.pth
2026-05-19 12:27:13,312 INFO src.train.trainer: Epoch 12
2026-05-19 12:27:15,669 INFO src.train.trainer: New best validation loss: 0.0306, saved to /root/autodl-tmp/em_eqf/experiments/reg_mixer_ablation_5_seeds/runs/reg_ab_log_pretrain_seed_3/best_model_1.pth
2026-05-19 12:27:15,682 INFO src.train.trainer: Last model at epoch 12 saved to /root/autodl-tmp/em_eqf/experiments/reg_mixer_ablation_5_seeds/runs/reg_ab_log_pretrain_seed_3/last_model_1.pth
2026-05-19 12:27:15,682 INFO src.train.trainer: Epoch 13
2026-05-19 12:27:18,091 INFO src.train.trainer: New best validation loss: 0.0302, saved to /root/autodl-tmp/em_eqf/experiments/reg_mixer_ablation_5_seeds/runs/reg_ab_log_pretrain_seed_3/best_model_1.pth
2026-05-19 12:27:18,102 INFO src.train.trainer: Last model at epoch 13 saved to /root/autodl-tmp/em_eqf/experiments/reg_mixer_ablation_5_seeds/runs/reg_ab_log_pretrain_seed_3/last_model_1.pth
2026-05-19 12:27:18,102 INFO src.train.trainer: Epoch 14
2026-05-19 12:27:20,308 INFO src.train.trainer: New best validation loss: 0.0300, saved to /root/autodl-tmp/em_eqf/experiments/reg_mixer_ablation_5_seeds/runs/reg_ab_log_pretrain_seed_3/best_model_1.pth
2026-05-19 12:27:20,317 INFO src.train.trainer: Last model at epoch 14 saved to /root/autodl-tmp/em_eqf/experiments/reg_mixer_ablation_5_seeds/runs/reg_ab_log_pretrain_seed_3/last_model_1.pth
2026-05-19 12:27:20,317 INFO src.train.trainer: Epoch 15
2026-05-19 12:27:22,659 INFO src.train.trainer: New best validation loss: 0.0298, saved to /root/autodl-tmp/em_eqf/experiments/reg_mixer_ablation_5_seeds/runs/reg_ab_log_pretrain_seed_3/best_model_1.pth
2026-05-19 12:27:22,674 INFO src.train.trainer: Last model at epoch 15 saved to /root/autodl-tmp/em_eqf/experiments/reg_mixer_ablation_5_seeds/runs/reg_ab_log_pretrain_seed_3/last_model_1.pth
2026-05-19 12:27:22,675 INFO src.train.trainer: Epoch 16
2026-05-19 12:27:24,942 INFO src.train.trainer: New best validation loss: 0.0298, saved to /root/autodl-tmp/em_eqf/experiments/reg_mixer_ablation_5_seeds/runs/reg_ab_log_pretrain_seed_3/best_model_1.pth
2026-05-19 12:27:24,953 INFO src.train.trainer: Last model at epoch 16 saved to /root/autodl-tmp/em_eqf/experiments/reg_mixer_ablation_5_seeds/runs/reg_ab_log_pretrain_seed_3/last_model_1.pth
2026-05-19 12:27:24,953 INFO src.train.trainer: Epoch 17
2026-05-19 12:27:27,452 INFO src.train.trainer: New best validation loss: 0.0297, saved to /root/autodl-tmp/em_eqf/experiments/reg_mixer_ablation_5_seeds/runs/reg_ab_log_pretrain_seed_3/best_model_1.pth
2026-05-19 12:27:27,464 INFO src.train.trainer: Last model at epoch 17 saved to /root/autodl-tmp/em_eqf/experiments/reg_mixer_ablation_5_seeds/runs/reg_ab_log_pretrain_seed_3/last_model_1.pth
2026-05-19 12:27:27,464 INFO src.train.trainer: Epoch 18
2026-05-19 12:27:29,700 INFO src.train.trainer: New best validation loss: 0.0297, saved to /root/autodl-tmp/em_eqf/experiments/reg_mixer_ablation_5_seeds/runs/reg_ab_log_pretrain_seed_3/best_model_1.pth
2026-05-19 12:27:29,713 INFO src.train.trainer: Last model at epoch 18 saved to /root/autodl-tmp/em_eqf/experiments/reg_mixer_ablation_5_seeds/runs/reg_ab_log_pretrain_seed_3/last_model_1.pth
2026-05-19 12:27:29,713 INFO src.train.trainer: Epoch 19
2026-05-19 12:27:32,159 INFO src.train.trainer: New best validation loss: 0.0296, saved to /root/autodl-tmp/em_eqf/experiments/reg_mixer_ablation_5_seeds/runs/reg_ab_log_pretrain_seed_3/best_model_1.pth
2026-05-19 12:27:32,167 INFO src.train.trainer: Last model at epoch 19 saved to /root/autodl-tmp/em_eqf/experiments/reg_mixer_ablation_5_seeds/runs/reg_ab_log_pretrain_seed_3/last_model_1.pth
2026-05-19 12:27:32,167 INFO src.train.trainer: Epoch 20
2026-05-19 12:27:34,450 INFO src.train.trainer: Last model at epoch 20 saved to /root/autodl-tmp/em_eqf/experiments/reg_mixer_ablation_5_seeds/runs/reg_ab_log_pretrain_seed_3/last_model_1.pth
2026-05-19 12:27:34,450 INFO src.train.trainer: Epoch 21
2026-05-19 12:27:36,733 INFO src.train.trainer: Last model at epoch 21 saved to /root/autodl-tmp/em_eqf/experiments/reg_mixer_ablation_5_seeds/runs/reg_ab_log_pretrain_seed_3/last_model_1.pth
2026-05-19 12:27:36,733 INFO src.train.trainer: Epoch 22
2026-05-19 12:27:39,059 INFO src.train.trainer: Last model at epoch 22 saved to /root/autodl-tmp/em_eqf/experiments/reg_mixer_ablation_5_seeds/runs/reg_ab_log_pretrain_seed_3/last_model_1.pth
2026-05-19 12:27:39,059 INFO src.train.trainer: Epoch 23
2026-05-19 12:27:41,466 INFO src.train.trainer: Last model at epoch 23 saved to /root/autodl-tmp/em_eqf/experiments/reg_mixer_ablation_5_seeds/runs/reg_ab_log_pretrain_seed_3/last_model_1.pth
2026-05-19 12:27:41,466 INFO src.train.trainer: Epoch 24
2026-05-19 12:27:44,046 INFO src.train.trainer: Last model at epoch 24 saved to /root/autodl-tmp/em_eqf/experiments/reg_mixer_ablation_5_seeds/runs/reg_ab_log_pretrain_seed_3/last_model_1.pth
2026-05-19 12:27:44,046 INFO src.train.trainer: Epoch 25
2026-05-19 12:27:46,358 INFO src.train.trainer: Last model at epoch 25 saved to /root/autodl-tmp/em_eqf/experiments/reg_mixer_ablation_5_seeds/runs/reg_ab_log_pretrain_seed_3/last_model_1.pth
2026-05-19 12:27:46,358 INFO src.train.trainer: Epoch 26
2026-05-19 12:27:48,526 INFO src.train.trainer: New best validation loss: 0.0296, saved to /root/autodl-tmp/em_eqf/experiments/reg_mixer_ablation_5_seeds/runs/reg_ab_log_pretrain_seed_3/best_model_1.pth
2026-05-19 12:27:48,534 INFO src.train.trainer: Last model at epoch 26 saved to /root/autodl-tmp/em_eqf/experiments/reg_mixer_ablation_5_seeds/runs/reg_ab_log_pretrain_seed_3/last_model_1.pth
2026-05-19 12:27:48,534 INFO src.train.trainer: Epoch 27
2026-05-19 12:27:50,865 INFO src.train.trainer: New best validation loss: 0.0294, saved to /root/autodl-tmp/em_eqf/experiments/reg_mixer_ablation_5_seeds/runs/reg_ab_log_pretrain_seed_3/best_model_1.pth
2026-05-19 12:27:50,877 INFO src.train.trainer: Last model at epoch 27 saved to /root/autodl-tmp/em_eqf/experiments/reg_mixer_ablation_5_seeds/runs/reg_ab_log_pretrain_seed_3/last_model_1.pth
2026-05-19 12:27:50,877 INFO src.train.trainer: Epoch 28
2026-05-19 12:27:53,337 INFO src.train.trainer: New best validation loss: 0.0291, saved to /root/autodl-tmp/em_eqf/experiments/reg_mixer_ablation_5_seeds/runs/reg_ab_log_pretrain_seed_3/best_model_1.pth
2026-05-19 12:27:53,350 INFO src.train.trainer: Last model at epoch 28 saved to /root/autodl-tmp/em_eqf/experiments/reg_mixer_ablation_5_seeds/runs/reg_ab_log_pretrain_seed_3/last_model_1.pth
2026-05-19 12:27:53,350 INFO src.train.trainer: Epoch 29
2026-05-19 12:27:55,844 INFO src.train.trainer: New best validation loss: 0.0290, saved to /root/autodl-tmp/em_eqf/experiments/reg_mixer_ablation_5_seeds/runs/reg_ab_log_pretrain_seed_3/best_model_1.pth
2026-05-19 12:27:55,853 INFO src.train.trainer: Last model at epoch 29 saved to /root/autodl-tmp/em_eqf/experiments/reg_mixer_ablation_5_seeds/runs/reg_ab_log_pretrain_seed_3/last_model_1.pth
2026-05-19 12:27:55,853 INFO src.train.trainer: Epoch 30
2026-05-19 12:27:58,181 INFO src.train.trainer: New best validation loss: 0.0288, saved to /root/autodl-tmp/em_eqf/experiments/reg_mixer_ablation_5_seeds/runs/reg_ab_log_pretrain_seed_3/best_model_1.pth
2026-05-19 12:27:58,194 INFO src.train.trainer: Last model at epoch 30 saved to /root/autodl-tmp/em_eqf/experiments/reg_mixer_ablation_5_seeds/runs/reg_ab_log_pretrain_seed_3/last_model_1.pth
2026-05-19 12:27:58,194 INFO src.train.trainer: Epoch 31
2026-05-19 12:28:00,819 INFO src.train.trainer: New best validation loss: 0.0285, saved to /root/autodl-tmp/em_eqf/experiments/reg_mixer_ablation_5_seeds/runs/reg_ab_log_pretrain_seed_3/best_model_1.pth
2026-05-19 12:28:00,828 INFO src.train.trainer: Last model at epoch 31 saved to /root/autodl-tmp/em_eqf/experiments/reg_mixer_ablation_5_seeds/runs/reg_ab_log_pretrain_seed_3/last_model_1.pth
2026-05-19 12:28:00,828 INFO src.train.trainer: Epoch 32
2026-05-19 12:28:03,109 INFO src.train.trainer: New best validation loss: 0.0284, saved to /root/autodl-tmp/em_eqf/experiments/reg_mixer_ablation_5_seeds/runs/reg_ab_log_pretrain_seed_3/best_model_1.pth
2026-05-19 12:28:03,124 INFO src.train.trainer: Last model at epoch 32 saved to /root/autodl-tmp/em_eqf/experiments/reg_mixer_ablation_5_seeds/runs/reg_ab_log_pretrain_seed_3/last_model_1.pth
2026-05-19 12:28:03,125 INFO src.train.trainer: Epoch 33
2026-05-19 12:28:05,515 INFO src.train.trainer: New best validation loss: 0.0280, saved to /root/autodl-tmp/em_eqf/experiments/reg_mixer_ablation_5_seeds/runs/reg_ab_log_pretrain_seed_3/best_model_1.pth
2026-05-19 12:28:05,527 INFO src.train.trainer: Last model at epoch 33 saved to /root/autodl-tmp/em_eqf/experiments/reg_mixer_ablation_5_seeds/runs/reg_ab_log_pretrain_seed_3/last_model_1.pth
2026-05-19 12:28:05,527 INFO src.train.trainer: Epoch 34
2026-05-19 12:28:07,650 INFO src.train.trainer: New best validation loss: 0.0273, saved to /root/autodl-tmp/em_eqf/experiments/reg_mixer_ablation_5_seeds/runs/reg_ab_log_pretrain_seed_3/best_model_1.pth
2026-05-19 12:28:07,663 INFO src.train.trainer: Last model at epoch 34 saved to /root/autodl-tmp/em_eqf/experiments/reg_mixer_ablation_5_seeds/runs/reg_ab_log_pretrain_seed_3/last_model_1.pth
2026-05-19 12:28:07,664 INFO src.train.trainer: Epoch 35
2026-05-19 12:28:10,043 INFO src.train.trainer: New best validation loss: 0.0263, saved to /root/autodl-tmp/em_eqf/experiments/reg_mixer_ablation_5_seeds/runs/reg_ab_log_pretrain_seed_3/best_model_1.pth
2026-05-19 12:28:10,054 INFO src.train.trainer: Last model at epoch 35 saved to /root/autodl-tmp/em_eqf/experiments/reg_mixer_ablation_5_seeds/runs/reg_ab_log_pretrain_seed_3/last_model_1.pth
2026-05-19 12:28:10,055 INFO src.train.trainer: Epoch 36
2026-05-19 12:28:12,637 INFO src.train.trainer: New best validation loss: 0.0257, saved to /root/autodl-tmp/em_eqf/experiments/reg_mixer_ablation_5_seeds/runs/reg_ab_log_pretrain_seed_3/best_model_1.pth
2026-05-19 12:28:12,649 INFO src.train.trainer: Last model at epoch 36 saved to /root/autodl-tmp/em_eqf/experiments/reg_mixer_ablation_5_seeds/runs/reg_ab_log_pretrain_seed_3/last_model_1.pth
2026-05-19 12:28:12,649 INFO src.train.trainer: Epoch 37
2026-05-19 12:28:14,966 INFO src.train.trainer: New best validation loss: 0.0250, saved to /root/autodl-tmp/em_eqf/experiments/reg_mixer_ablation_5_seeds/runs/reg_ab_log_pretrain_seed_3/best_model_1.pth
2026-05-19 12:28:14,975 INFO src.train.trainer: Last model at epoch 37 saved to /root/autodl-tmp/em_eqf/experiments/reg_mixer_ablation_5_seeds/runs/reg_ab_log_pretrain_seed_3/last_model_1.pth
2026-05-19 12:28:14,975 INFO src.train.trainer: Epoch 38
2026-05-19 12:28:17,566 INFO src.train.trainer: Last model at epoch 38 saved to /root/autodl-tmp/em_eqf/experiments/reg_mixer_ablation_5_seeds/runs/reg_ab_log_pretrain_seed_3/last_model_1.pth
2026-05-19 12:28:17,566 INFO src.train.trainer: Epoch 39
2026-05-19 12:28:19,922 INFO src.train.trainer: Last model at epoch 39 saved to /root/autodl-tmp/em_eqf/experiments/reg_mixer_ablation_5_seeds/runs/reg_ab_log_pretrain_seed_3/last_model_1.pth
2026-05-19 12:28:19,923 INFO src.train.trainer: Epoch 40
2026-05-19 12:28:22,306 INFO src.train.trainer: Last model at epoch 40 saved to /root/autodl-tmp/em_eqf/experiments/reg_mixer_ablation_5_seeds/runs/reg_ab_log_pretrain_seed_3/last_model_1.pth
2026-05-19 12:28:22,307 INFO src.train.trainer: Epoch 41
2026-05-19 12:28:24,731 INFO src.train.trainer: Last model at epoch 41 saved to /root/autodl-tmp/em_eqf/experiments/reg_mixer_ablation_5_seeds/runs/reg_ab_log_pretrain_seed_3/last_model_1.pth
2026-05-19 12:28:24,731 INFO src.train.trainer: Epoch 42
2026-05-19 12:28:27,013 INFO src.train.trainer: Last model at epoch 42 saved to /root/autodl-tmp/em_eqf/experiments/reg_mixer_ablation_5_seeds/runs/reg_ab_log_pretrain_seed_3/last_model_1.pth
2026-05-19 12:28:27,013 INFO src.train.trainer: Epoch 43
2026-05-19 12:28:29,346 INFO src.train.trainer: Last model at epoch 43 saved to /root/autodl-tmp/em_eqf/experiments/reg_mixer_ablation_5_seeds/runs/reg_ab_log_pretrain_seed_3/last_model_1.pth
2026-05-19 12:28:29,347 INFO src.train.trainer: Epoch 44
2026-05-19 12:28:31,814 INFO src.train.trainer: Last model at epoch 44 saved to /root/autodl-tmp/em_eqf/experiments/reg_mixer_ablation_5_seeds/runs/reg_ab_log_pretrain_seed_3/last_model_1.pth
2026-05-19 12:28:31,814 INFO src.train.trainer: Epoch 45
2026-05-19 12:28:34,128 INFO src.train.trainer: New best validation loss: 0.0249, saved to /root/autodl-tmp/em_eqf/experiments/reg_mixer_ablation_5_seeds/runs/reg_ab_log_pretrain_seed_3/best_model_1.pth
2026-05-19 12:28:34,138 INFO src.train.trainer: Last model at epoch 45 saved to /root/autodl-tmp/em_eqf/experiments/reg_mixer_ablation_5_seeds/runs/reg_ab_log_pretrain_seed_3/last_model_1.pth
2026-05-19 12:28:34,138 INFO src.train.trainer: Epoch 46
2026-05-19 12:28:36,350 INFO src.train.trainer: New best validation loss: 0.0242, saved to /root/autodl-tmp/em_eqf/experiments/reg_mixer_ablation_5_seeds/runs/reg_ab_log_pretrain_seed_3/best_model_1.pth
2026-05-19 12:28:36,359 INFO src.train.trainer: Last model at epoch 46 saved to /root/autodl-tmp/em_eqf/experiments/reg_mixer_ablation_5_seeds/runs/reg_ab_log_pretrain_seed_3/last_model_1.pth
2026-05-19 12:28:36,359 INFO src.train.trainer: Epoch 47
2026-05-19 12:28:38,690 INFO src.train.trainer: New best validation loss: 0.0233, saved to /root/autodl-tmp/em_eqf/experiments/reg_mixer_ablation_5_seeds/runs/reg_ab_log_pretrain_seed_3/best_model_1.pth
2026-05-19 12:28:38,701 INFO src.train.trainer: Last model at epoch 47 saved to /root/autodl-tmp/em_eqf/experiments/reg_mixer_ablation_5_seeds/runs/reg_ab_log_pretrain_seed_3/last_model_1.pth
2026-05-19 12:28:38,701 INFO src.train.trainer: Epoch 48
2026-05-19 12:28:41,004 INFO src.train.trainer: New best validation loss: 0.0222, saved to /root/autodl-tmp/em_eqf/experiments/reg_mixer_ablation_5_seeds/runs/reg_ab_log_pretrain_seed_3/best_model_1.pth
2026-05-19 12:28:41,013 INFO src.train.trainer: Last model at epoch 48 saved to /root/autodl-tmp/em_eqf/experiments/reg_mixer_ablation_5_seeds/runs/reg_ab_log_pretrain_seed_3/last_model_1.pth
2026-05-19 12:28:41,013 INFO src.train.trainer: Epoch 49
2026-05-19 12:28:43,248 INFO src.train.trainer: New best validation loss: 0.0216, saved to /root/autodl-tmp/em_eqf/experiments/reg_mixer_ablation_5_seeds/runs/reg_ab_log_pretrain_seed_3/best_model_1.pth
2026-05-19 12:28:43,261 INFO src.train.trainer: Last model at epoch 49 saved to /root/autodl-tmp/em_eqf/experiments/reg_mixer_ablation_5_seeds/runs/reg_ab_log_pretrain_seed_3/last_model_1.pth
2026-05-19 12:28:43,261 INFO src.train.trainer: Epoch 50
2026-05-19 12:28:45,458 INFO src.train.trainer: New best validation loss: 0.0212, saved to /root/autodl-tmp/em_eqf/experiments/reg_mixer_ablation_5_seeds/runs/reg_ab_log_pretrain_seed_3/best_model_1.pth
2026-05-19 12:28:45,467 INFO src.train.trainer: Last model at epoch 50 saved to /root/autodl-tmp/em_eqf/experiments/reg_mixer_ablation_5_seeds/runs/reg_ab_log_pretrain_seed_3/last_model_1.pth
2026-05-19 12:28:45,467 INFO src.train.trainer: Epoch 51
2026-05-19 12:28:47,717 INFO src.train.trainer: New best validation loss: 0.0208, saved to /root/autodl-tmp/em_eqf/experiments/reg_mixer_ablation_5_seeds/runs/reg_ab_log_pretrain_seed_3/best_model_1.pth
2026-05-19 12:28:47,726 INFO src.train.trainer: Last model at epoch 51 saved to /root/autodl-tmp/em_eqf/experiments/reg_mixer_ablation_5_seeds/runs/reg_ab_log_pretrain_seed_3/last_model_1.pth
2026-05-19 12:28:47,726 INFO src.train.trainer: Epoch 52
2026-05-19 12:28:50,013 INFO src.train.trainer: New best validation loss: 0.0206, saved to /root/autodl-tmp/em_eqf/experiments/reg_mixer_ablation_5_seeds/runs/reg_ab_log_pretrain_seed_3/best_model_1.pth
2026-05-19 12:28:50,024 INFO src.train.trainer: Last model at epoch 52 saved to /root/autodl-tmp/em_eqf/experiments/reg_mixer_ablation_5_seeds/runs/reg_ab_log_pretrain_seed_3/last_model_1.pth
2026-05-19 12:28:50,024 INFO src.train.trainer: Epoch 53
2026-05-19 12:28:52,062 INFO src.train.trainer: New best validation loss: 0.0201, saved to /root/autodl-tmp/em_eqf/experiments/reg_mixer_ablation_5_seeds/runs/reg_ab_log_pretrain_seed_3/best_model_1.pth
2026-05-19 12:28:52,077 INFO src.train.trainer: Last model at epoch 53 saved to /root/autodl-tmp/em_eqf/experiments/reg_mixer_ablation_5_seeds/runs/reg_ab_log_pretrain_seed_3/last_model_1.pth
2026-05-19 12:28:52,077 INFO src.train.trainer: Epoch 54
2026-05-19 12:28:54,448 INFO src.train.trainer: New best validation loss: 0.0201, saved to /root/autodl-tmp/em_eqf/experiments/reg_mixer_ablation_5_seeds/runs/reg_ab_log_pretrain_seed_3/best_model_1.pth
2026-05-19 12:28:54,456 INFO src.train.trainer: Last model at epoch 54 saved to /root/autodl-tmp/em_eqf/experiments/reg_mixer_ablation_5_seeds/runs/reg_ab_log_pretrain_seed_3/last_model_1.pth
2026-05-19 12:28:54,456 INFO src.train.trainer: Epoch 55
2026-05-19 12:28:56,410 INFO src.train.trainer: Last model at epoch 55 saved to /root/autodl-tmp/em_eqf/experiments/reg_mixer_ablation_5_seeds/runs/reg_ab_log_pretrain_seed_3/last_model_1.pth
2026-05-19 12:28:56,410 INFO src.train.trainer: Epoch 56
2026-05-19 12:28:58,745 INFO src.train.trainer: Last model at epoch 56 saved to /root/autodl-tmp/em_eqf/experiments/reg_mixer_ablation_5_seeds/runs/reg_ab_log_pretrain_seed_3/last_model_1.pth
2026-05-19 12:28:58,745 INFO src.train.trainer: Epoch 57
2026-05-19 12:29:00,978 INFO src.train.trainer: Last model at epoch 57 saved to /root/autodl-tmp/em_eqf/experiments/reg_mixer_ablation_5_seeds/runs/reg_ab_log_pretrain_seed_3/last_model_1.pth
2026-05-19 12:29:00,979 INFO src.train.trainer: Epoch 58
2026-05-19 12:29:03,160 INFO src.train.trainer: New best validation loss: 0.0197, saved to /root/autodl-tmp/em_eqf/experiments/reg_mixer_ablation_5_seeds/runs/reg_ab_log_pretrain_seed_3/best_model_1.pth
2026-05-19 12:29:03,169 INFO src.train.trainer: Last model at epoch 58 saved to /root/autodl-tmp/em_eqf/experiments/reg_mixer_ablation_5_seeds/runs/reg_ab_log_pretrain_seed_3/last_model_1.pth
2026-05-19 12:29:03,169 INFO src.train.trainer: Epoch 59
2026-05-19 12:29:05,461 INFO src.train.trainer: New best validation loss: 0.0196, saved to /root/autodl-tmp/em_eqf/experiments/reg_mixer_ablation_5_seeds/runs/reg_ab_log_pretrain_seed_3/best_model_1.pth
2026-05-19 12:29:05,469 INFO src.train.trainer: Last model at epoch 59 saved to /root/autodl-tmp/em_eqf/experiments/reg_mixer_ablation_5_seeds/runs/reg_ab_log_pretrain_seed_3/last_model_1.pth
2026-05-19 12:29:05,469 INFO src.train.trainer: Epoch 60
2026-05-19 12:29:07,705 INFO src.train.trainer: Last model at epoch 60 saved to /root/autodl-tmp/em_eqf/experiments/reg_mixer_ablation_5_seeds/runs/reg_ab_log_pretrain_seed_3/last_model_1.pth
2026-05-19 12:29:07,713 INFO src.train.trainer: Saved epoch 60 snapshot to /root/autodl-tmp/em_eqf/experiments/reg_mixer_ablation_5_seeds/runs/reg_ab_log_pretrain_seed_3/epoch_60_model_1.pth
2026-05-19 12:29:07,713 INFO src.train.trainer: Epoch 61
2026-05-19 12:29:09,858 INFO src.train.trainer: Last model at epoch 61 saved to /root/autodl-tmp/em_eqf/experiments/reg_mixer_ablation_5_seeds/runs/reg_ab_log_pretrain_seed_3/last_model_1.pth
2026-05-19 12:29:09,858 INFO src.train.trainer: Epoch 62
2026-05-19 12:29:12,384 INFO src.train.trainer: Last model at epoch 62 saved to /root/autodl-tmp/em_eqf/experiments/reg_mixer_ablation_5_seeds/runs/reg_ab_log_pretrain_seed_3/last_model_1.pth
2026-05-19 12:29:12,384 INFO src.train.trainer: Epoch 63
2026-05-19 12:29:14,625 INFO src.train.trainer: New best validation loss: 0.0192, saved to /root/autodl-tmp/em_eqf/experiments/reg_mixer_ablation_5_seeds/runs/reg_ab_log_pretrain_seed_3/best_model_1.pth
2026-05-19 12:29:14,639 INFO src.train.trainer: Last model at epoch 63 saved to /root/autodl-tmp/em_eqf/experiments/reg_mixer_ablation_5_seeds/runs/reg_ab_log_pretrain_seed_3/last_model_1.pth
2026-05-19 12:29:14,639 INFO src.train.trainer: Epoch 64
2026-05-19 12:29:16,948 INFO src.train.trainer: New best validation loss: 0.0189, saved to /root/autodl-tmp/em_eqf/experiments/reg_mixer_ablation_5_seeds/runs/reg_ab_log_pretrain_seed_3/best_model_1.pth
2026-05-19 12:29:16,956 INFO src.train.trainer: Last model at epoch 64 saved to /root/autodl-tmp/em_eqf/experiments/reg_mixer_ablation_5_seeds/runs/reg_ab_log_pretrain_seed_3/last_model_1.pth
2026-05-19 12:29:16,957 INFO src.train.trainer: Epoch 65
2026-05-19 12:29:19,169 INFO src.train.trainer: Last model at epoch 65 saved to /root/autodl-tmp/em_eqf/experiments/reg_mixer_ablation_5_seeds/runs/reg_ab_log_pretrain_seed_3/last_model_1.pth
2026-05-19 12:29:19,169 INFO src.train.trainer: Epoch 66
2026-05-19 12:29:21,635 INFO src.train.trainer: Last model at epoch 66 saved to /root/autodl-tmp/em_eqf/experiments/reg_mixer_ablation_5_seeds/runs/reg_ab_log_pretrain_seed_3/last_model_1.pth
2026-05-19 12:29:21,635 INFO src.train.trainer: Epoch 67
2026-05-19 12:29:24,074 INFO src.train.trainer: Last model at epoch 67 saved to /root/autodl-tmp/em_eqf/experiments/reg_mixer_ablation_5_seeds/runs/reg_ab_log_pretrain_seed_3/last_model_1.pth
2026-05-19 12:29:24,075 INFO src.train.trainer: Epoch 68
2026-05-19 12:29:26,521 INFO src.train.trainer: New best validation loss: 0.0185, saved to /root/autodl-tmp/em_eqf/experiments/reg_mixer_ablation_5_seeds/runs/reg_ab_log_pretrain_seed_3/best_model_1.pth
2026-05-19 12:29:26,529 INFO src.train.trainer: Last model at epoch 68 saved to /root/autodl-tmp/em_eqf/experiments/reg_mixer_ablation_5_seeds/runs/reg_ab_log_pretrain_seed_3/last_model_1.pth
2026-05-19 12:29:26,529 INFO src.train.trainer: Epoch 69
2026-05-19 12:29:28,791 INFO src.train.trainer: New best validation loss: 0.0181, saved to /root/autodl-tmp/em_eqf/experiments/reg_mixer_ablation_5_seeds/runs/reg_ab_log_pretrain_seed_3/best_model_1.pth
2026-05-19 12:29:28,805 INFO src.train.trainer: Last model at epoch 69 saved to /root/autodl-tmp/em_eqf/experiments/reg_mixer_ablation_5_seeds/runs/reg_ab_log_pretrain_seed_3/last_model_1.pth
2026-05-19 12:29:28,805 INFO src.train.trainer: Epoch 70
2026-05-19 12:29:31,020 INFO src.train.trainer: Last model at epoch 70 saved to /root/autodl-tmp/em_eqf/experiments/reg_mixer_ablation_5_seeds/runs/reg_ab_log_pretrain_seed_3/last_model_1.pth
2026-05-19 12:29:31,021 INFO src.train.trainer: Epoch 71
2026-05-19 12:29:33,388 INFO src.train.trainer: Last model at epoch 71 saved to /root/autodl-tmp/em_eqf/experiments/reg_mixer_ablation_5_seeds/runs/reg_ab_log_pretrain_seed_3/last_model_1.pth
2026-05-19 12:29:33,389 INFO src.train.trainer: Epoch 72
2026-05-19 12:29:35,580 INFO src.train.trainer: Last model at epoch 72 saved to /root/autodl-tmp/em_eqf/experiments/reg_mixer_ablation_5_seeds/runs/reg_ab_log_pretrain_seed_3/last_model_1.pth
2026-05-19 12:29:35,581 INFO src.train.trainer: Epoch 73
2026-05-19 12:29:37,892 INFO src.train.trainer: Last model at epoch 73 saved to /root/autodl-tmp/em_eqf/experiments/reg_mixer_ablation_5_seeds/runs/reg_ab_log_pretrain_seed_3/last_model_1.pth
2026-05-19 12:29:37,893 INFO src.train.trainer: Epoch 74
2026-05-19 12:29:39,752 INFO src.train.trainer: Last model at epoch 74 saved to /root/autodl-tmp/em_eqf/experiments/reg_mixer_ablation_5_seeds/runs/reg_ab_log_pretrain_seed_3/last_model_1.pth
2026-05-19 12:29:39,753 INFO src.train.trainer: Epoch 75
2026-05-19 12:29:42,125 INFO src.train.trainer: Last model at epoch 75 saved to /root/autodl-tmp/em_eqf/experiments/reg_mixer_ablation_5_seeds/runs/reg_ab_log_pretrain_seed_3/last_model_1.pth
2026-05-19 12:29:42,125 INFO src.train.trainer: Epoch 76
2026-05-19 12:29:44,442 INFO src.train.trainer: Last model at epoch 76 saved to /root/autodl-tmp/em_eqf/experiments/reg_mixer_ablation_5_seeds/runs/reg_ab_log_pretrain_seed_3/last_model_1.pth
2026-05-19 12:29:44,443 INFO src.train.trainer: Epoch 77
2026-05-19 12:29:46,812 INFO src.train.trainer: Last model at epoch 77 saved to /root/autodl-tmp/em_eqf/experiments/reg_mixer_ablation_5_seeds/runs/reg_ab_log_pretrain_seed_3/last_model_1.pth
2026-05-19 12:29:46,813 INFO src.train.trainer: Epoch 78
2026-05-19 12:29:49,159 INFO src.train.trainer: Last model at epoch 78 saved to /root/autodl-tmp/em_eqf/experiments/reg_mixer_ablation_5_seeds/runs/reg_ab_log_pretrain_seed_3/last_model_1.pth
2026-05-19 12:29:49,160 INFO src.train.trainer: Epoch 79
2026-05-19 12:29:51,320 INFO src.train.trainer: Last model at epoch 79 saved to /root/autodl-tmp/em_eqf/experiments/reg_mixer_ablation_5_seeds/runs/reg_ab_log_pretrain_seed_3/last_model_1.pth
2026-05-19 12:29:51,321 INFO src.train.trainer: Epoch 80
2026-05-19 12:29:53,749 INFO src.train.trainer: Last model at epoch 80 saved to /root/autodl-tmp/em_eqf/experiments/reg_mixer_ablation_5_seeds/runs/reg_ab_log_pretrain_seed_3/last_model_1.pth
2026-05-19 12:29:53,754 INFO src.train.trainer: Saved epoch 80 snapshot to /root/autodl-tmp/em_eqf/experiments/reg_mixer_ablation_5_seeds/runs/reg_ab_log_pretrain_seed_3/epoch_80_model_1.pth
2026-05-19 12:29:53,754 INFO src.train.trainer: Epoch 81
2026-05-19 12:29:55,750 INFO src.train.trainer: Last model at epoch 81 saved to /root/autodl-tmp/em_eqf/experiments/reg_mixer_ablation_5_seeds/runs/reg_ab_log_pretrain_seed_3/last_model_1.pth
2026-05-19 12:29:55,750 INFO src.train.trainer: Epoch 82
2026-05-19 12:29:57,863 INFO src.train.trainer: New best validation loss: 0.0180, saved to /root/autodl-tmp/em_eqf/experiments/reg_mixer_ablation_5_seeds/runs/reg_ab_log_pretrain_seed_3/best_model_1.pth
2026-05-19 12:29:57,875 INFO src.train.trainer: Last model at epoch 82 saved to /root/autodl-tmp/em_eqf/experiments/reg_mixer_ablation_5_seeds/runs/reg_ab_log_pretrain_seed_3/last_model_1.pth
2026-05-19 12:29:57,875 INFO src.train.trainer: Epoch 83
2026-05-19 12:30:00,244 INFO src.train.trainer: New best validation loss: 0.0178, saved to /root/autodl-tmp/em_eqf/experiments/reg_mixer_ablation_5_seeds/runs/reg_ab_log_pretrain_seed_3/best_model_1.pth
2026-05-19 12:30:00,253 INFO src.train.trainer: Last model at epoch 83 saved to /root/autodl-tmp/em_eqf/experiments/reg_mixer_ablation_5_seeds/runs/reg_ab_log_pretrain_seed_3/last_model_1.pth
2026-05-19 12:30:00,253 INFO src.train.trainer: Epoch 84
2026-05-19 12:30:02,649 INFO src.train.trainer: New best validation loss: 0.0176, saved to /root/autodl-tmp/em_eqf/experiments/reg_mixer_ablation_5_seeds/runs/reg_ab_log_pretrain_seed_3/best_model_1.pth
2026-05-19 12:30:02,658 INFO src.train.trainer: Last model at epoch 84 saved to /root/autodl-tmp/em_eqf/experiments/reg_mixer_ablation_5_seeds/runs/reg_ab_log_pretrain_seed_3/last_model_1.pth
2026-05-19 12:30:02,658 INFO src.train.trainer: Epoch 85
2026-05-19 12:30:05,151 INFO src.train.trainer: New best validation loss: 0.0175, saved to /root/autodl-tmp/em_eqf/experiments/reg_mixer_ablation_5_seeds/runs/reg_ab_log_pretrain_seed_3/best_model_1.pth
2026-05-19 12:30:05,159 INFO src.train.trainer: Last model at epoch 85 saved to /root/autodl-tmp/em_eqf/experiments/reg_mixer_ablation_5_seeds/runs/reg_ab_log_pretrain_seed_3/last_model_1.pth
2026-05-19 12:30:05,160 INFO src.train.trainer: Epoch 86
2026-05-19 12:30:07,560 INFO src.train.trainer: New best validation loss: 0.0174, saved to /root/autodl-tmp/em_eqf/experiments/reg_mixer_ablation_5_seeds/runs/reg_ab_log_pretrain_seed_3/best_model_1.pth
2026-05-19 12:30:07,572 INFO src.train.trainer: Last model at epoch 86 saved to /root/autodl-tmp/em_eqf/experiments/reg_mixer_ablation_5_seeds/runs/reg_ab_log_pretrain_seed_3/last_model_1.pth
2026-05-19 12:30:07,573 INFO src.train.trainer: Epoch 87
2026-05-19 12:30:09,917 INFO src.train.trainer: New best validation loss: 0.0173, saved to /root/autodl-tmp/em_eqf/experiments/reg_mixer_ablation_5_seeds/runs/reg_ab_log_pretrain_seed_3/best_model_1.pth
2026-05-19 12:30:09,927 INFO src.train.trainer: Last model at epoch 87 saved to /root/autodl-tmp/em_eqf/experiments/reg_mixer_ablation_5_seeds/runs/reg_ab_log_pretrain_seed_3/last_model_1.pth
2026-05-19 12:30:09,927 INFO src.train.trainer: Epoch 88
2026-05-19 12:30:12,367 INFO src.train.trainer: New best validation loss: 0.0171, saved to /root/autodl-tmp/em_eqf/experiments/reg_mixer_ablation_5_seeds/runs/reg_ab_log_pretrain_seed_3/best_model_1.pth
2026-05-19 12:30:12,376 INFO src.train.trainer: Last model at epoch 88 saved to /root/autodl-tmp/em_eqf/experiments/reg_mixer_ablation_5_seeds/runs/reg_ab_log_pretrain_seed_3/last_model_1.pth
2026-05-19 12:30:12,376 INFO src.train.trainer: Epoch 89
2026-05-19 12:30:14,601 INFO src.train.trainer: New best validation loss: 0.0168, saved to /root/autodl-tmp/em_eqf/experiments/reg_mixer_ablation_5_seeds/runs/reg_ab_log_pretrain_seed_3/best_model_1.pth
2026-05-19 12:30:14,608 INFO src.train.trainer: Last model at epoch 89 saved to /root/autodl-tmp/em_eqf/experiments/reg_mixer_ablation_5_seeds/runs/reg_ab_log_pretrain_seed_3/last_model_1.pth
2026-05-19 12:30:14,608 INFO src.train.trainer: Epoch 90
2026-05-19 12:30:16,761 INFO src.train.trainer: New best validation loss: 0.0165, saved to /root/autodl-tmp/em_eqf/experiments/reg_mixer_ablation_5_seeds/runs/reg_ab_log_pretrain_seed_3/best_model_1.pth
2026-05-19 12:30:16,770 INFO src.train.trainer: Last model at epoch 90 saved to /root/autodl-tmp/em_eqf/experiments/reg_mixer_ablation_5_seeds/runs/reg_ab_log_pretrain_seed_3/last_model_1.pth
2026-05-19 12:30:16,770 INFO src.train.trainer: Epoch 91
2026-05-19 12:30:19,074 INFO src.train.trainer: New best validation loss: 0.0161, saved to /root/autodl-tmp/em_eqf/experiments/reg_mixer_ablation_5_seeds/runs/reg_ab_log_pretrain_seed_3/best_model_1.pth
2026-05-19 12:30:19,089 INFO src.train.trainer: Last model at epoch 91 saved to /root/autodl-tmp/em_eqf/experiments/reg_mixer_ablation_5_seeds/runs/reg_ab_log_pretrain_seed_3/last_model_1.pth
2026-05-19 12:30:19,090 INFO src.train.trainer: Epoch 92
2026-05-19 12:30:21,583 INFO src.train.trainer: New best validation loss: 0.0158, saved to /root/autodl-tmp/em_eqf/experiments/reg_mixer_ablation_5_seeds/runs/reg_ab_log_pretrain_seed_3/best_model_1.pth
2026-05-19 12:30:21,593 INFO src.train.trainer: Last model at epoch 92 saved to /root/autodl-tmp/em_eqf/experiments/reg_mixer_ablation_5_seeds/runs/reg_ab_log_pretrain_seed_3/last_model_1.pth
2026-05-19 12:30:21,593 INFO src.train.trainer: Epoch 93
2026-05-19 12:30:23,341 INFO src.train.trainer: New best validation loss: 0.0156, saved to /root/autodl-tmp/em_eqf/experiments/reg_mixer_ablation_5_seeds/runs/reg_ab_log_pretrain_seed_3/best_model_1.pth
2026-05-19 12:30:23,350 INFO src.train.trainer: Last model at epoch 93 saved to /root/autodl-tmp/em_eqf/experiments/reg_mixer_ablation_5_seeds/runs/reg_ab_log_pretrain_seed_3/last_model_1.pth
2026-05-19 12:30:23,351 INFO src.train.trainer: Epoch 94
2026-05-19 12:30:25,651 INFO src.train.trainer: Last model at epoch 94 saved to /root/autodl-tmp/em_eqf/experiments/reg_mixer_ablation_5_seeds/runs/reg_ab_log_pretrain_seed_3/last_model_1.pth
2026-05-19 12:30:25,651 INFO src.train.trainer: Epoch 95
2026-05-19 12:30:27,979 INFO src.train.trainer: Last model at epoch 95 saved to /root/autodl-tmp/em_eqf/experiments/reg_mixer_ablation_5_seeds/runs/reg_ab_log_pretrain_seed_3/last_model_1.pth
2026-05-19 12:30:27,979 INFO src.train.trainer: Epoch 96
2026-05-19 12:30:30,086 INFO src.train.trainer: Last model at epoch 96 saved to /root/autodl-tmp/em_eqf/experiments/reg_mixer_ablation_5_seeds/runs/reg_ab_log_pretrain_seed_3/last_model_1.pth
2026-05-19 12:30:30,087 INFO src.train.trainer: Epoch 97
2026-05-19 12:30:32,472 INFO src.train.trainer: Last model at epoch 97 saved to /root/autodl-tmp/em_eqf/experiments/reg_mixer_ablation_5_seeds/runs/reg_ab_log_pretrain_seed_3/last_model_1.pth
2026-05-19 12:30:32,473 INFO src.train.trainer: Epoch 98
2026-05-19 12:30:34,779 INFO src.train.trainer: Last model at epoch 98 saved to /root/autodl-tmp/em_eqf/experiments/reg_mixer_ablation_5_seeds/runs/reg_ab_log_pretrain_seed_3/last_model_1.pth
2026-05-19 12:30:34,779 INFO src.train.trainer: Epoch 99
2026-05-19 12:30:37,160 INFO src.train.trainer: Last model at epoch 99 saved to /root/autodl-tmp/em_eqf/experiments/reg_mixer_ablation_5_seeds/runs/reg_ab_log_pretrain_seed_3/last_model_1.pth
2026-05-19 12:30:37,160 INFO src.train.trainer: Epoch 100
2026-05-19 12:30:39,523 INFO src.train.trainer: Last model at epoch 100 saved to /root/autodl-tmp/em_eqf/experiments/reg_mixer_ablation_5_seeds/runs/reg_ab_log_pretrain_seed_3/last_model_1.pth
2026-05-19 12:30:39,531 INFO src.train.trainer: Saved epoch 100 snapshot to /root/autodl-tmp/em_eqf/experiments/reg_mixer_ablation_5_seeds/runs/reg_ab_log_pretrain_seed_3/epoch_100_model_1.pth
2026-05-19 12:30:39,531 INFO src.train.trainer: Epoch 101
2026-05-19 12:30:41,898 INFO src.train.trainer: Last model at epoch 101 saved to /root/autodl-tmp/em_eqf/experiments/reg_mixer_ablation_5_seeds/runs/reg_ab_log_pretrain_seed_3/last_model_1.pth
2026-05-19 12:30:41,899 INFO src.train.trainer: Epoch 102
2026-05-19 12:30:44,510 INFO src.train.trainer: Last model at epoch 102 saved to /root/autodl-tmp/em_eqf/experiments/reg_mixer_ablation_5_seeds/runs/reg_ab_log_pretrain_seed_3/last_model_1.pth
2026-05-19 12:30:44,510 INFO src.train.trainer: Epoch 103
2026-05-19 12:30:47,015 INFO src.train.trainer: Last model at epoch 103 saved to /root/autodl-tmp/em_eqf/experiments/reg_mixer_ablation_5_seeds/runs/reg_ab_log_pretrain_seed_3/last_model_1.pth
2026-05-19 12:30:47,015 INFO src.train.trainer: Epoch 104
2026-05-19 12:30:49,164 INFO src.train.trainer: Last model at epoch 104 saved to /root/autodl-tmp/em_eqf/experiments/reg_mixer_ablation_5_seeds/runs/reg_ab_log_pretrain_seed_3/last_model_1.pth
2026-05-19 12:30:49,164 INFO src.train.trainer: Epoch 105
2026-05-19 12:30:51,353 INFO src.train.trainer: Last model at epoch 105 saved to /root/autodl-tmp/em_eqf/experiments/reg_mixer_ablation_5_seeds/runs/reg_ab_log_pretrain_seed_3/last_model_1.pth
2026-05-19 12:30:51,353 INFO src.train.trainer: Epoch 106
2026-05-19 12:30:53,792 INFO src.train.trainer: Last model at epoch 106 saved to /root/autodl-tmp/em_eqf/experiments/reg_mixer_ablation_5_seeds/runs/reg_ab_log_pretrain_seed_3/last_model_1.pth
2026-05-19 12:30:53,792 INFO src.train.trainer: Epoch 107
2026-05-19 12:30:56,116 INFO src.train.trainer: Last model at epoch 107 saved to /root/autodl-tmp/em_eqf/experiments/reg_mixer_ablation_5_seeds/runs/reg_ab_log_pretrain_seed_3/last_model_1.pth
2026-05-19 12:30:56,116 INFO src.train.trainer: Epoch 108
2026-05-19 12:30:58,498 INFO src.train.trainer: Last model at epoch 108 saved to /root/autodl-tmp/em_eqf/experiments/reg_mixer_ablation_5_seeds/runs/reg_ab_log_pretrain_seed_3/last_model_1.pth
2026-05-19 12:30:58,498 INFO src.train.trainer: Epoch 109
2026-05-19 12:31:00,944 INFO src.train.trainer: Last model at epoch 109 saved to /root/autodl-tmp/em_eqf/experiments/reg_mixer_ablation_5_seeds/runs/reg_ab_log_pretrain_seed_3/last_model_1.pth
2026-05-19 12:31:00,945 INFO src.train.trainer: Epoch 110
2026-05-19 12:31:03,440 INFO src.train.trainer: Last model at epoch 110 saved to /root/autodl-tmp/em_eqf/experiments/reg_mixer_ablation_5_seeds/runs/reg_ab_log_pretrain_seed_3/last_model_1.pth
2026-05-19 12:31:03,440 INFO src.train.trainer: Epoch 111
2026-05-19 12:31:05,781 INFO src.train.trainer: Last model at epoch 111 saved to /root/autodl-tmp/em_eqf/experiments/reg_mixer_ablation_5_seeds/runs/reg_ab_log_pretrain_seed_3/last_model_1.pth
2026-05-19 12:31:05,782 INFO src.train.trainer: Epoch 112
2026-05-19 12:31:08,246 INFO src.train.trainer: Last model at epoch 112 saved to /root/autodl-tmp/em_eqf/experiments/reg_mixer_ablation_5_seeds/runs/reg_ab_log_pretrain_seed_3/last_model_1.pth
2026-05-19 12:31:08,247 INFO src.train.trainer: Epoch 113
2026-05-19 12:31:10,694 INFO src.train.trainer: Last model at epoch 113 saved to /root/autodl-tmp/em_eqf/experiments/reg_mixer_ablation_5_seeds/runs/reg_ab_log_pretrain_seed_3/last_model_1.pth
2026-05-19 12:31:10,694 INFO src.train.trainer: Epoch 114
2026-05-19 12:31:13,049 INFO src.train.trainer: Last model at epoch 114 saved to /root/autodl-tmp/em_eqf/experiments/reg_mixer_ablation_5_seeds/runs/reg_ab_log_pretrain_seed_3/last_model_1.pth
2026-05-19 12:31:13,049 INFO src.train.trainer: Epoch 115
2026-05-19 12:31:15,431 INFO src.train.trainer: Last model at epoch 115 saved to /root/autodl-tmp/em_eqf/experiments/reg_mixer_ablation_5_seeds/runs/reg_ab_log_pretrain_seed_3/last_model_1.pth
2026-05-19 12:31:15,432 INFO src.train.trainer: Epoch 116
2026-05-19 12:31:17,742 INFO src.train.trainer: Last model at epoch 116 saved to /root/autodl-tmp/em_eqf/experiments/reg_mixer_ablation_5_seeds/runs/reg_ab_log_pretrain_seed_3/last_model_1.pth
2026-05-19 12:31:17,743 INFO src.train.trainer: Epoch 117
2026-05-19 12:31:20,118 INFO src.train.trainer: Last model at epoch 117 saved to /root/autodl-tmp/em_eqf/experiments/reg_mixer_ablation_5_seeds/runs/reg_ab_log_pretrain_seed_3/last_model_1.pth
2026-05-19 12:31:20,119 INFO src.train.trainer: Epoch 118
2026-05-19 12:31:22,340 INFO src.train.trainer: Last model at epoch 118 saved to /root/autodl-tmp/em_eqf/experiments/reg_mixer_ablation_5_seeds/runs/reg_ab_log_pretrain_seed_3/last_model_1.pth
2026-05-19 12:31:22,340 INFO src.train.trainer: Epoch 119
2026-05-19 12:31:24,815 INFO src.train.trainer: Last model at epoch 119 saved to /root/autodl-tmp/em_eqf/experiments/reg_mixer_ablation_5_seeds/runs/reg_ab_log_pretrain_seed_3/last_model_1.pth
2026-05-19 12:31:24,815 INFO src.train.trainer: Epoch 120
2026-05-19 12:31:27,179 INFO src.train.trainer: Last model at epoch 120 saved to /root/autodl-tmp/em_eqf/experiments/reg_mixer_ablation_5_seeds/runs/reg_ab_log_pretrain_seed_3/last_model_1.pth
2026-05-19 12:31:27,187 INFO src.train.trainer: Saved epoch 120 snapshot to /root/autodl-tmp/em_eqf/experiments/reg_mixer_ablation_5_seeds/runs/reg_ab_log_pretrain_seed_3/epoch_120_model_1.pth
2026-05-19 12:31:27,187 INFO src.train.trainer: Epoch 121
2026-05-19 12:31:29,675 INFO src.train.trainer: Last model at epoch 121 saved to /root/autodl-tmp/em_eqf/experiments/reg_mixer_ablation_5_seeds/runs/reg_ab_log_pretrain_seed_3/last_model_1.pth
2026-05-19 12:31:29,676 INFO src.train.trainer: Epoch 122
2026-05-19 12:31:32,163 INFO src.train.trainer: Last model at epoch 122 saved to /root/autodl-tmp/em_eqf/experiments/reg_mixer_ablation_5_seeds/runs/reg_ab_log_pretrain_seed_3/last_model_1.pth
2026-05-19 12:31:32,163 INFO src.train.trainer: Epoch 123
2026-05-19 12:31:34,535 INFO src.train.trainer: Last model at epoch 123 saved to /root/autodl-tmp/em_eqf/experiments/reg_mixer_ablation_5_seeds/runs/reg_ab_log_pretrain_seed_3/last_model_1.pth
2026-05-19 12:31:34,536 INFO src.train.trainer: Epoch 124
2026-05-19 12:31:36,964 INFO src.train.trainer: Last model at epoch 124 saved to /root/autodl-tmp/em_eqf/experiments/reg_mixer_ablation_5_seeds/runs/reg_ab_log_pretrain_seed_3/last_model_1.pth
2026-05-19 12:31:36,965 INFO src.train.trainer: Epoch 125
2026-05-19 12:31:39,467 INFO src.train.trainer: Last model at epoch 125 saved to /root/autodl-tmp/em_eqf/experiments/reg_mixer_ablation_5_seeds/runs/reg_ab_log_pretrain_seed_3/last_model_1.pth
2026-05-19 12:31:39,468 INFO src.train.trainer: Epoch 126
2026-05-19 12:31:41,874 INFO src.train.trainer: Last model at epoch 126 saved to /root/autodl-tmp/em_eqf/experiments/reg_mixer_ablation_5_seeds/runs/reg_ab_log_pretrain_seed_3/last_model_1.pth
2026-05-19 12:31:41,875 INFO src.train.trainer: Epoch 127
2026-05-19 12:31:43,965 INFO src.train.trainer: Last model at epoch 127 saved to /root/autodl-tmp/em_eqf/experiments/reg_mixer_ablation_5_seeds/runs/reg_ab_log_pretrain_seed_3/last_model_1.pth
2026-05-19 12:31:43,965 INFO src.train.trainer: Epoch 128
2026-05-19 12:31:46,420 INFO src.train.trainer: Last model at epoch 128 saved to /root/autodl-tmp/em_eqf/experiments/reg_mixer_ablation_5_seeds/runs/reg_ab_log_pretrain_seed_3/last_model_1.pth
2026-05-19 12:31:46,420 INFO src.train.trainer: Epoch 129
2026-05-19 12:31:48,782 INFO src.train.trainer: Last model at epoch 129 saved to /root/autodl-tmp/em_eqf/experiments/reg_mixer_ablation_5_seeds/runs/reg_ab_log_pretrain_seed_3/last_model_1.pth
2026-05-19 12:31:48,782 INFO src.train.trainer: Epoch 130
2026-05-19 12:31:51,008 INFO src.train.trainer: Last model at epoch 130 saved to /root/autodl-tmp/em_eqf/experiments/reg_mixer_ablation_5_seeds/runs/reg_ab_log_pretrain_seed_3/last_model_1.pth
2026-05-19 12:31:51,008 INFO src.train.trainer: Epoch 131
2026-05-19 12:31:53,377 INFO src.train.trainer: Last model at epoch 131 saved to /root/autodl-tmp/em_eqf/experiments/reg_mixer_ablation_5_seeds/runs/reg_ab_log_pretrain_seed_3/last_model_1.pth
2026-05-19 12:31:53,377 INFO src.train.trainer: Epoch 132
2026-05-19 12:31:55,943 INFO src.train.trainer: Last model at epoch 132 saved to /root/autodl-tmp/em_eqf/experiments/reg_mixer_ablation_5_seeds/runs/reg_ab_log_pretrain_seed_3/last_model_1.pth
2026-05-19 12:31:55,944 INFO src.train.trainer: Epoch 133
2026-05-19 12:31:58,344 INFO src.train.trainer: Last model at epoch 133 saved to /root/autodl-tmp/em_eqf/experiments/reg_mixer_ablation_5_seeds/runs/reg_ab_log_pretrain_seed_3/last_model_1.pth
2026-05-19 12:31:58,344 INFO src.train.trainer: Epoch 134
2026-05-19 12:32:00,926 INFO src.train.trainer: Last model at epoch 134 saved to /root/autodl-tmp/em_eqf/experiments/reg_mixer_ablation_5_seeds/runs/reg_ab_log_pretrain_seed_3/last_model_1.pth
2026-05-19 12:32:00,927 INFO src.train.trainer: Epoch 135
2026-05-19 12:32:03,124 INFO src.train.trainer: Last model at epoch 135 saved to /root/autodl-tmp/em_eqf/experiments/reg_mixer_ablation_5_seeds/runs/reg_ab_log_pretrain_seed_3/last_model_1.pth
2026-05-19 12:32:03,124 INFO src.train.trainer: Epoch 136
2026-05-19 12:32:05,670 INFO src.train.trainer: Last model at epoch 136 saved to /root/autodl-tmp/em_eqf/experiments/reg_mixer_ablation_5_seeds/runs/reg_ab_log_pretrain_seed_3/last_model_1.pth
2026-05-19 12:32:05,670 INFO src.train.trainer: Epoch 137
2026-05-19 12:32:08,030 INFO src.train.trainer: Last model at epoch 137 saved to /root/autodl-tmp/em_eqf/experiments/reg_mixer_ablation_5_seeds/runs/reg_ab_log_pretrain_seed_3/last_model_1.pth
2026-05-19 12:32:08,031 INFO src.train.trainer: Epoch 138
2026-05-19 12:32:10,607 INFO src.train.trainer: Last model at epoch 138 saved to /root/autodl-tmp/em_eqf/experiments/reg_mixer_ablation_5_seeds/runs/reg_ab_log_pretrain_seed_3/last_model_1.pth
2026-05-19 12:32:10,608 INFO src.train.trainer: Epoch 139
2026-05-19 12:32:13,074 INFO src.train.trainer: Last model at epoch 139 saved to /root/autodl-tmp/em_eqf/experiments/reg_mixer_ablation_5_seeds/runs/reg_ab_log_pretrain_seed_3/last_model_1.pth
2026-05-19 12:32:13,075 INFO src.train.trainer: Epoch 140
2026-05-19 12:32:15,604 INFO src.train.trainer: Last model at epoch 140 saved to /root/autodl-tmp/em_eqf/experiments/reg_mixer_ablation_5_seeds/runs/reg_ab_log_pretrain_seed_3/last_model_1.pth
2026-05-19 12:32:15,609 INFO src.train.trainer: Saved epoch 140 snapshot to /root/autodl-tmp/em_eqf/experiments/reg_mixer_ablation_5_seeds/runs/reg_ab_log_pretrain_seed_3/epoch_140_model_1.pth
2026-05-19 12:32:15,609 INFO src.train.trainer: Epoch 141
2026-05-19 12:32:17,901 INFO src.train.trainer: Last model at epoch 141 saved to /root/autodl-tmp/em_eqf/experiments/reg_mixer_ablation_5_seeds/runs/reg_ab_log_pretrain_seed_3/last_model_1.pth
2026-05-19 12:32:17,902 INFO src.train.trainer: Epoch 142
2026-05-19 12:32:20,338 INFO src.train.trainer: Last model at epoch 142 saved to /root/autodl-tmp/em_eqf/experiments/reg_mixer_ablation_5_seeds/runs/reg_ab_log_pretrain_seed_3/last_model_1.pth
2026-05-19 12:32:20,338 INFO src.train.trainer: Epoch 143
2026-05-19 12:32:22,823 INFO src.train.trainer: Last model at epoch 143 saved to /root/autodl-tmp/em_eqf/experiments/reg_mixer_ablation_5_seeds/runs/reg_ab_log_pretrain_seed_3/last_model_1.pth
2026-05-19 12:32:22,823 INFO src.train.trainer: Epoch 144
2026-05-19 12:32:25,074 INFO src.train.trainer: Last model at epoch 144 saved to /root/autodl-tmp/em_eqf/experiments/reg_mixer_ablation_5_seeds/runs/reg_ab_log_pretrain_seed_3/last_model_1.pth
2026-05-19 12:32:25,074 INFO src.train.trainer: Epoch 145
2026-05-19 12:32:27,359 INFO src.train.trainer: Last model at epoch 145 saved to /root/autodl-tmp/em_eqf/experiments/reg_mixer_ablation_5_seeds/runs/reg_ab_log_pretrain_seed_3/last_model_1.pth
2026-05-19 12:32:27,360 INFO src.train.trainer: Epoch 146
2026-05-19 12:32:29,472 INFO src.train.trainer: Last model at epoch 146 saved to /root/autodl-tmp/em_eqf/experiments/reg_mixer_ablation_5_seeds/runs/reg_ab_log_pretrain_seed_3/last_model_1.pth
2026-05-19 12:32:29,472 INFO src.train.trainer: Epoch 147
2026-05-19 12:32:31,797 INFO src.train.trainer: Last model at epoch 147 saved to /root/autodl-tmp/em_eqf/experiments/reg_mixer_ablation_5_seeds/runs/reg_ab_log_pretrain_seed_3/last_model_1.pth
2026-05-19 12:32:31,798 INFO src.train.trainer: Epoch 148
2026-05-19 12:32:33,732 INFO src.train.trainer: Last model at epoch 148 saved to /root/autodl-tmp/em_eqf/experiments/reg_mixer_ablation_5_seeds/runs/reg_ab_log_pretrain_seed_3/last_model_1.pth
2026-05-19 12:32:33,733 INFO src.train.trainer: Epoch 149
2026-05-19 12:32:35,824 INFO src.train.trainer: Last model at epoch 149 saved to /root/autodl-tmp/em_eqf/experiments/reg_mixer_ablation_5_seeds/runs/reg_ab_log_pretrain_seed_3/last_model_1.pth
2026-05-19 12:32:35,824 INFO src.train.trainer: Epoch 150
2026-05-19 12:32:37,601 INFO src.train.trainer: Last model at epoch 150 saved to /root/autodl-tmp/em_eqf/experiments/reg_mixer_ablation_5_seeds/runs/reg_ab_log_pretrain_seed_3/last_model_1.pth
2026-05-19 12:32:47,543 INFO src.data.preprocessing: CSV files found: ['chuandian_2021.csv']
2026-05-19 12:32:48,350 INFO src.utils.file_utils: Loading cached data from: data/ChuanDian/regressor/regressor_Mc_3_Mf_3_Tfore_180_Twindow_360_context_len_1_dt_10.pkl
2026-05-19 12:32:50,626 INFO src.data.preprocessing: Catalog statistics: {'tau_unfiltered': 0.15339908988298961, 'tau_q025': 0.08114294020924717, 'tau_q05': 0.5134664350189269, 'tau_mean': 1.3070542199341526, 'tau_max': 25.18216435192153, 'tau_min': 0.0, 'time_max': 18770.72654999979, 'time_mean': 10030.9430649837, 'mag_completeness': 3.0, 'mag_mean': 3.456916005014626, 'mag_max': 8.0, 'mag_min': 3.0, 'b_value': 0.856738547623331, 'b_std': 0.0071499224812533796, 'b_n': 14358}
2026-05-19 12:32:50,664 INFO src.data.event_loader: lengths of samples: min=96, max=1340, avg=265.71
2026-05-19 12:32:51,514 INFO src.models.adapters.mixer_task: using time scale base 1.3070542199341526 (key: tau_mean)
2026-05-19 12:32:51,514 INFO src.models.adapters.mixer_task: tau mean: tensor(1.3071)
2026-05-19 12:32:51,520 INFO src.train.config_setup: Restoring model from checkpoint.
2026-05-19 12:32:51,520 INFO src.train.config_setup: Loading model weights: load_specific_parts=None
2026-05-19 12:32:51,521 INFO src.train.config_setup: Checkpoint loaded: <All keys matched successfully>
2026-05-19 12:32:51,521 INFO src.train.config_setup: Full load summary: loaded=44, missing=0, unexpected=0
2026-05-19 12:32:51,522 INFO src.train.config_setup: Checkpoint hyperparameters loaded.
2026-05-19 12:32:51,522 INFO src.train.config_setup: Checkpoint train metrics available.
2026-05-19 12:32:51,522 INFO src.train.config_setup: Checkpoint val metrics available.
2026-05-19 12:32:51,522 INFO src.train.config_setup: Freeze skipped (checkpoint_restore): freeze_parts is empty.
2026-05-19 12:32:51,522 INFO src.train.config_setup: Using regression criterion: smooth_l1
2026-05-19 12:32:51,522 INFO src.train.config_setup: Criterion config: {'beta': 0.3}
2026-05-19 12:32:51,523 INFO src.train.config_setup: encoder_param_keywords: ['encoder']
2026-05-19 12:32:51,523 INFO src.train.config_setup: encoder_lr grouping summary: lr=0.0004, matched=20
2026-05-19 12:32:51,523 INFO src.train.config_setup: Encoder LR coverage [encoder]: target=20, hit=20, missing=0, complete=True
2026-05-19 12:32:51,523 INFO src.train.config_setup: encoder_lr matched preview: ['base_model.encoder.input_proj.0.weight', 'base_model.encoder.input_proj.0.bias', 'base_model.encoder.input_proj.3.weight', 'base_model.encoder.input_proj.3.bias', 'base_model.encoder.layers.0.norm.weight', 'base_model.encoder.layers.0.norm.bias', 'base_model.encoder.layers.0.mixer.dt_bias', 'base_model.encoder.layers.0.mixer.A_log', 'base_model.encoder.layers.0.mixer.D', 'base_model.encoder.layers.0.mixer.in_proj.weight'] ... (+10 more)
2026-05-19 12:32:51,524 INFO src.train.config_setup: Not resuming optimizer/scheduler state; reset training state to start_epoch=0, best_val_loss=inf.
2026-05-19 12:32:57,969 INFO src.cli.workflows: Test loss: 0.01774998800829053
2026-05-19 12:33:00,000 INFO src.cli.common: Saved test metrics to /root/autodl-tmp/em_eqf/experiments/reg_mixer_ablation_5_seeds/runs/reg_ab_log_pretrain_seed_3/metrics_test_best_1.json
2026-05-19 12:33:00,000 INFO src.cli.common: Metrics: {'RMSE': 0.6593598180401286, 'MAE': 0.5615615532046458, 'MSE': 0.4347553696459114, 'MAPE': 11.84630304501034, 'R2': -0.29919416034756807, 'PearsonR': 0.20519820904615238, 'PearsonR_diff': 0.05954260069677866, 'DA': 0.038461538461538464, 'SpearmanR': 0.22495912137410007, 'SpearmanR_diff': -0.027130117775133834, 'DTW': 46.76808714866638, 'DTW_normalized': 0.2555633177522753}
2026-05-19 12:33:09,723 INFO src.data.preprocessing: CSV files found: ['chuandian_2021.csv']
2026-05-19 12:33:10,684 INFO src.utils.file_utils: Loading cached data from: data/ChuanDian/regressor/regressor_Mc_3_Mf_3_Tfore_180_Twindow_360_context_len_1_dt_10.pkl
2026-05-19 12:33:13,057 INFO src.data.preprocessing: Catalog statistics: {'tau_unfiltered': 0.15339908988298961, 'tau_q025': 0.08114294020924717, 'tau_q05': 0.5134664350189269, 'tau_mean': 1.3070542199341526, 'tau_max': 25.18216435192153, 'tau_min': 0.0, 'time_max': 18770.72654999979, 'time_mean': 10030.9430649837, 'mag_completeness': 3.0, 'mag_mean': 3.456916005014626, 'mag_max': 8.0, 'mag_min': 3.0, 'b_value': 0.856738547623331, 'b_std': 0.0071499224812533796, 'b_n': 14358}
2026-05-19 12:33:13,095 INFO src.data.event_loader: lengths of samples: min=96, max=1340, avg=265.71
2026-05-19 12:33:13,921 INFO src.models.adapters.mixer_task: using time scale base 1.3070542199341526 (key: tau_mean)
2026-05-19 12:33:13,921 INFO src.models.adapters.mixer_task: tau mean: tensor(1.3071)
2026-05-19 12:33:13,926 INFO src.train.config_setup: Restoring model from checkpoint.
2026-05-19 12:33:13,926 INFO src.train.config_setup: Loading model weights: load_specific_parts=None
2026-05-19 12:33:13,928 INFO src.train.config_setup: Checkpoint loaded: <All keys matched successfully>
2026-05-19 12:33:13,928 INFO src.train.config_setup: Full load summary: loaded=44, missing=0, unexpected=0
2026-05-19 12:33:13,928 INFO src.train.config_setup: Checkpoint hyperparameters loaded.
2026-05-19 12:33:13,928 INFO src.train.config_setup: Checkpoint train metrics available.
2026-05-19 12:33:13,928 INFO src.train.config_setup: Checkpoint val metrics available.
2026-05-19 12:33:13,928 INFO src.train.config_setup: Freeze skipped (checkpoint_restore): freeze_parts is empty.
2026-05-19 12:33:13,929 INFO src.train.config_setup: Using regression criterion: smooth_l1
2026-05-19 12:33:13,929 INFO src.train.config_setup: Criterion config: {'beta': 0.3}
2026-05-19 12:33:13,929 INFO src.train.config_setup: encoder_param_keywords: ['encoder']
2026-05-19 12:33:13,929 INFO src.train.config_setup: encoder_lr grouping summary: lr=0.0004, matched=20
2026-05-19 12:33:13,929 INFO src.train.config_setup: Encoder LR coverage [encoder]: target=20, hit=20, missing=0, complete=True
2026-05-19 12:33:13,929 INFO src.train.config_setup: encoder_lr matched preview: ['base_model.encoder.input_proj.0.weight', 'base_model.encoder.input_proj.0.bias', 'base_model.encoder.input_proj.3.weight', 'base_model.encoder.input_proj.3.bias', 'base_model.encoder.layers.0.norm.weight', 'base_model.encoder.layers.0.norm.bias', 'base_model.encoder.layers.0.mixer.dt_bias', 'base_model.encoder.layers.0.mixer.A_log', 'base_model.encoder.layers.0.mixer.D', 'base_model.encoder.layers.0.mixer.in_proj.weight'] ... (+10 more)
2026-05-19 12:33:13,930 INFO src.train.config_setup: Not resuming optimizer/scheduler state; reset training state to start_epoch=0, best_val_loss=inf.
2026-05-19 12:33:20,613 INFO src.cli.workflows: Test loss: 0.017653972376137972
2026-05-19 12:33:22,538 INFO src.cli.common: Saved test metrics to /root/autodl-tmp/em_eqf/experiments/reg_mixer_ablation_5_seeds/runs/reg_ab_log_pretrain_seed_3/metrics_test_last_1.json
2026-05-19 12:33:22,538 INFO src.cli.common: Metrics: {'RMSE': 0.655006934060872, 'MAE': 0.5618390240630166, 'MSE': 0.4290340836678234, 'MAPE': 11.782347868064951, 'R2': -0.28209704815211856, 'PearsonR': 0.1907062236881712, 'PearsonR_diff': 0.11263680265937537, 'DA': 0.04945054945054945, 'SpearmanR': 0.2674268587402204, 'SpearmanR_diff': 0.008696384674523315, 'DTW': 48.00182130932808, 'DTW_normalized': 0.2623050344772026}
