2026-05-21 16:23:44,681 INFO src.data.preprocessing: CSV files found: ['chuandian_2021.csv']
2026-05-21 16:23:45,346 INFO src.utils.file_utils: Loading cached data from: data/ChuanDian/classifier/classifier_Mc_3_Mf_4.5_Tfore_30_Twindow_180_context_len_1_dt_10.pkl
2026-05-21 16:23:45,679 INFO src.data.preprocessing: Catalog statistics: {'tau_unfiltered': 0.15339908988298961, 'tau_q025': 0.08114294020924717, 'tau_q05': 0.5134664350189269, 'tau_mean': 1.3070542199341526, 'tau_max': 25.18216435192153, 'tau_min': 0.0, 'time_max': 18770.72654999979, 'time_mean': 10030.9430649837, 'mag_completeness': 3.0, 'mag_mean': 3.456916005014626, 'mag_max': 8.0, 'mag_min': 3.0, 'b_value': 0.856738547623331, 'b_std': 0.0071499224812533796, 'b_n': 14358}
2026-05-21 16:23:45,693 INFO src.data.event_loader: lengths of samples: min=32, max=981, avg=135.26
2026-05-21 16:23:45,694 INFO src.data.event_loader: Number of positive samples: 836
2026-05-21 16:23:45,694 INFO src.data.event_loader: Number of negative samples: 594
2026-05-21 16:23:45,695 INFO src.data.event_loader: Positive samples: 706, Negative samples: 438
2026-05-21 16:23:45,695 INFO src.data.event_loader: Total samples: 1144, Positive ratio: 0.62, Negative ratio: 0.38
2026-05-21 16:23:45,695 INFO src.data.event_loader: Positive samples: 83, Negative samples: 60
2026-05-21 16:23:45,695 INFO src.data.event_loader: Total samples: 143, Positive ratio: 0.58, Negative ratio: 0.42
2026-05-21 16:23:45,696 INFO src.data.event_loader: Positive samples: 47, Negative samples: 96
2026-05-21 16:23:45,696 INFO src.data.event_loader: Total samples: 143, Positive ratio: 0.33, Negative ratio: 0.67
2026-05-21 16:23:45,737 INFO src.cli.workflows: Loading checkpoint from: ./checkpoints/mixer_tpp_20260510-211348/last_model_1.pth
2026-05-21 16:23:46,245 INFO src.models.adapters.mixer_task: using time scale base 1.3070542199341526 (key: tau_mean)
2026-05-21 16:23:46,245 INFO src.models.adapters.mixer_task: tau mean: tensor(1.3071)
2026-05-21 16:23:46,252 INFO src.train.config_setup: Restoring model from checkpoint.
2026-05-21 16:23:46,253 INFO src.train.config_setup: Loading model weights: load_specific_parts=['encoder']
2026-05-21 16:23:46,254 INFO src.train.config_setup: Selective load summary: requested_parts=['encoder'], target_in_model=40, matched_in_checkpoint=30, loaded=30, missing_after_load=10, shape_mismatch=0, missing_in_model=0, out_of_scope_loaded=0
2026-05-21 16:23:46,254 INFO src.train.config_setup: Selective load coverage [encoder]: target=40, hit=30, missing=10, complete=False
2026-05-21 16:23:46,254 WARNING src.train.config_setup: Selective load coverage missing preview [encoder]: ['base_model.encoder.layers.2.mixer.in_proj.bias', 'base_model.encoder.layers.2.mixer.in_proj.weight', 'base_model.encoder.layers.2.mixer.out_proj.bias', 'base_model.encoder.layers.2.mixer.out_proj.weight', 'base_model.encoder.layers.2.mlp.fc1.weight', 'base_model.encoder.layers.2.mlp.fc2.weight', 'base_model.encoder.layers.2.norm.bias', 'base_model.encoder.layers.2.norm.weight'] ... (+2 more)
2026-05-21 16:23:46,254 WARNING src.train.config_setup: Checkpoint missing target parameter preview: ['base_model.encoder.layers.2.mixer.in_proj.bias', 'base_model.encoder.layers.2.mixer.in_proj.weight', 'base_model.encoder.layers.2.mixer.out_proj.bias', 'base_model.encoder.layers.2.mixer.out_proj.weight', 'base_model.encoder.layers.2.mlp.fc1.weight', 'base_model.encoder.layers.2.mlp.fc2.weight', 'base_model.encoder.layers.2.norm.bias', 'base_model.encoder.layers.2.norm.weight', 'base_model.encoder.layers.2.norm2.bias', 'base_model.encoder.layers.2.norm2.weight']
2026-05-21 16:23:46,254 WARNING src.train.config_setup: Target not-loaded parameter preview: ['base_model.encoder.layers.2.mixer.in_proj.bias', 'base_model.encoder.layers.2.mixer.in_proj.weight', 'base_model.encoder.layers.2.mixer.out_proj.bias', 'base_model.encoder.layers.2.mixer.out_proj.weight', 'base_model.encoder.layers.2.mlp.fc1.weight', 'base_model.encoder.layers.2.mlp.fc2.weight', 'base_model.encoder.layers.2.norm.bias', 'base_model.encoder.layers.2.norm.weight', 'base_model.encoder.layers.2.norm2.bias', 'base_model.encoder.layers.2.norm2.weight']
2026-05-21 16:23:46,254 INFO src.train.config_setup: Loaded parameter preview: ['base_model.encoder.layers.1.norm.weight', 'base_model.encoder.layers.1.mixer.A_log', 'base_model.encoder.layers.0.mixer.in_proj.weight', 'base_model.encoder.layers.0.mixer.out_proj.weight', 'base_model.encoder.layers.1.norm.bias', 'base_model.encoder.layers.1.mixer.D', 'base_model.encoder.input_proj.3.weight', 'base_model.encoder.layers.0.norm2.bias', 'base_model.encoder.layers.1.mixer.in_proj.weight', 'base_model.encoder.layers.1.norm2.bias'] ... (+20 more)
2026-05-21 16:23:46,255 INFO src.train.config_setup: Checkpoint hyperparameters loaded.
2026-05-21 16:23:46,255 INFO src.train.config_setup: Checkpoint train metrics available.
2026-05-21 16:23:46,255 INFO src.train.config_setup: Checkpoint val metrics available.
2026-05-21 16:23:46,255 INFO src.train.config_setup: Freeze skipped (checkpoint_restore): freeze_parts is empty.
2026-05-21 16:23:46,255 INFO src.train.config_setup: Using classification criterion: focal
2026-05-21 16:23:46,255 INFO src.train.config_setup: Criterion config: {'alpha': 0.5, 'gamma': 2.0}
2026-05-21 16:23:46,256 INFO src.train.config_setup: Not resuming optimizer/scheduler state; reset training state to start_epoch=0, best_val_loss=inf.
2026-05-21 16:23:46,257 INFO src.train.trainer: Epoch 1
2026-05-21 16:24:00,354 INFO src.train.trainer: New best validation loss: 0.0845, saved to /root/autodl-tmp/em_eqf/experiments/clf_pre_v1/clf_pre_AZDX_minus_b_v1/runs/tf_30_mf_4p5_seed_7/best_model_1.pth
2026-05-21 16:24:00,360 INFO src.train.trainer: Last model at epoch 1 saved to /root/autodl-tmp/em_eqf/experiments/clf_pre_v1/clf_pre_AZDX_minus_b_v1/runs/tf_30_mf_4p5_seed_7/last_model_1.pth
2026-05-21 16:24:00,360 INFO src.train.trainer: Epoch 2
2026-05-21 16:24:04,129 INFO src.train.trainer: New best validation loss: 0.0811, saved to /root/autodl-tmp/em_eqf/experiments/clf_pre_v1/clf_pre_AZDX_minus_b_v1/runs/tf_30_mf_4p5_seed_7/best_model_1.pth
2026-05-21 16:24:04,136 INFO src.train.trainer: Last model at epoch 2 saved to /root/autodl-tmp/em_eqf/experiments/clf_pre_v1/clf_pre_AZDX_minus_b_v1/runs/tf_30_mf_4p5_seed_7/last_model_1.pth
2026-05-21 16:24:04,136 INFO src.train.trainer: Epoch 3
2026-05-21 16:24:07,378 INFO src.train.trainer: New best validation loss: 0.0811, saved to /root/autodl-tmp/em_eqf/experiments/clf_pre_v1/clf_pre_AZDX_minus_b_v1/runs/tf_30_mf_4p5_seed_7/best_model_1.pth
2026-05-21 16:24:07,385 INFO src.train.trainer: Last model at epoch 3 saved to /root/autodl-tmp/em_eqf/experiments/clf_pre_v1/clf_pre_AZDX_minus_b_v1/runs/tf_30_mf_4p5_seed_7/last_model_1.pth
2026-05-21 16:24:07,385 INFO src.train.trainer: Epoch 4
2026-05-21 16:24:11,047 INFO src.train.trainer: New best validation loss: 0.0792, saved to /root/autodl-tmp/em_eqf/experiments/clf_pre_v1/clf_pre_AZDX_minus_b_v1/runs/tf_30_mf_4p5_seed_7/best_model_1.pth
2026-05-21 16:24:11,052 INFO src.train.trainer: Last model at epoch 4 saved to /root/autodl-tmp/em_eqf/experiments/clf_pre_v1/clf_pre_AZDX_minus_b_v1/runs/tf_30_mf_4p5_seed_7/last_model_1.pth
2026-05-21 16:24:11,052 INFO src.train.trainer: Epoch 5
2026-05-21 16:24:14,539 INFO src.train.trainer: Last model at epoch 5 saved to /root/autodl-tmp/em_eqf/experiments/clf_pre_v1/clf_pre_AZDX_minus_b_v1/runs/tf_30_mf_4p5_seed_7/last_model_1.pth
2026-05-21 16:24:14,539 INFO src.train.trainer: Epoch 6
2026-05-21 16:24:18,421 INFO src.train.trainer: Last model at epoch 6 saved to /root/autodl-tmp/em_eqf/experiments/clf_pre_v1/clf_pre_AZDX_minus_b_v1/runs/tf_30_mf_4p5_seed_7/last_model_1.pth
2026-05-21 16:24:18,421 INFO src.train.trainer: Epoch 7
2026-05-21 16:24:22,329 INFO src.train.trainer: Last model at epoch 7 saved to /root/autodl-tmp/em_eqf/experiments/clf_pre_v1/clf_pre_AZDX_minus_b_v1/runs/tf_30_mf_4p5_seed_7/last_model_1.pth
2026-05-21 16:24:22,329 INFO src.train.trainer: Epoch 8
2026-05-21 16:24:26,202 INFO src.train.trainer: New best validation loss: 0.0786, saved to /root/autodl-tmp/em_eqf/experiments/clf_pre_v1/clf_pre_AZDX_minus_b_v1/runs/tf_30_mf_4p5_seed_7/best_model_1.pth
2026-05-21 16:24:26,208 INFO src.train.trainer: Last model at epoch 8 saved to /root/autodl-tmp/em_eqf/experiments/clf_pre_v1/clf_pre_AZDX_minus_b_v1/runs/tf_30_mf_4p5_seed_7/last_model_1.pth
2026-05-21 16:24:26,208 INFO src.train.trainer: Epoch 9
2026-05-21 16:24:29,855 INFO src.train.trainer: New best validation loss: 0.0780, saved to /root/autodl-tmp/em_eqf/experiments/clf_pre_v1/clf_pre_AZDX_minus_b_v1/runs/tf_30_mf_4p5_seed_7/best_model_1.pth
2026-05-21 16:24:29,862 INFO src.train.trainer: Last model at epoch 9 saved to /root/autodl-tmp/em_eqf/experiments/clf_pre_v1/clf_pre_AZDX_minus_b_v1/runs/tf_30_mf_4p5_seed_7/last_model_1.pth
2026-05-21 16:24:29,862 INFO src.train.trainer: Epoch 10
2026-05-21 16:24:33,539 INFO src.train.trainer: Last model at epoch 10 saved to /root/autodl-tmp/em_eqf/experiments/clf_pre_v1/clf_pre_AZDX_minus_b_v1/runs/tf_30_mf_4p5_seed_7/last_model_1.pth
2026-05-21 16:24:33,539 INFO src.train.trainer: Epoch 11
2026-05-21 16:24:37,181 INFO src.train.trainer: Last model at epoch 11 saved to /root/autodl-tmp/em_eqf/experiments/clf_pre_v1/clf_pre_AZDX_minus_b_v1/runs/tf_30_mf_4p5_seed_7/last_model_1.pth
2026-05-21 16:24:37,181 INFO src.train.trainer: Epoch 12
2026-05-21 16:24:40,714 INFO src.train.trainer: Last model at epoch 12 saved to /root/autodl-tmp/em_eqf/experiments/clf_pre_v1/clf_pre_AZDX_minus_b_v1/runs/tf_30_mf_4p5_seed_7/last_model_1.pth
2026-05-21 16:24:40,714 INFO src.train.trainer: Epoch 13
2026-05-21 16:24:44,216 INFO src.train.trainer: Last model at epoch 13 saved to /root/autodl-tmp/em_eqf/experiments/clf_pre_v1/clf_pre_AZDX_minus_b_v1/runs/tf_30_mf_4p5_seed_7/last_model_1.pth
2026-05-21 16:24:44,217 INFO src.train.trainer: Epoch 14
2026-05-21 16:24:47,750 INFO src.train.trainer: Last model at epoch 14 saved to /root/autodl-tmp/em_eqf/experiments/clf_pre_v1/clf_pre_AZDX_minus_b_v1/runs/tf_30_mf_4p5_seed_7/last_model_1.pth
2026-05-21 16:24:47,751 INFO src.train.trainer: Epoch 15
2026-05-21 16:24:51,214 INFO src.train.trainer: Last model at epoch 15 saved to /root/autodl-tmp/em_eqf/experiments/clf_pre_v1/clf_pre_AZDX_minus_b_v1/runs/tf_30_mf_4p5_seed_7/last_model_1.pth
2026-05-21 16:24:51,214 INFO src.train.trainer: Epoch 16
2026-05-21 16:24:54,693 INFO src.train.trainer: New best validation loss: 0.0667, saved to /root/autodl-tmp/em_eqf/experiments/clf_pre_v1/clf_pre_AZDX_minus_b_v1/runs/tf_30_mf_4p5_seed_7/best_model_1.pth
2026-05-21 16:24:54,699 INFO src.train.trainer: Last model at epoch 16 saved to /root/autodl-tmp/em_eqf/experiments/clf_pre_v1/clf_pre_AZDX_minus_b_v1/runs/tf_30_mf_4p5_seed_7/last_model_1.pth
2026-05-21 16:24:54,699 INFO src.train.trainer: Epoch 17
2026-05-21 16:24:58,181 INFO src.train.trainer: Last model at epoch 17 saved to /root/autodl-tmp/em_eqf/experiments/clf_pre_v1/clf_pre_AZDX_minus_b_v1/runs/tf_30_mf_4p5_seed_7/last_model_1.pth
2026-05-21 16:24:58,182 INFO src.train.trainer: Epoch 18
2026-05-21 16:25:01,827 INFO src.train.trainer: Last model at epoch 18 saved to /root/autodl-tmp/em_eqf/experiments/clf_pre_v1/clf_pre_AZDX_minus_b_v1/runs/tf_30_mf_4p5_seed_7/last_model_1.pth
2026-05-21 16:25:01,828 INFO src.train.trainer: Epoch 19
2026-05-21 16:25:05,460 INFO src.train.trainer: Last model at epoch 19 saved to /root/autodl-tmp/em_eqf/experiments/clf_pre_v1/clf_pre_AZDX_minus_b_v1/runs/tf_30_mf_4p5_seed_7/last_model_1.pth
2026-05-21 16:25:05,460 INFO src.train.trainer: Epoch 20
2026-05-21 16:25:09,139 INFO src.train.trainer: Last model at epoch 20 saved to /root/autodl-tmp/em_eqf/experiments/clf_pre_v1/clf_pre_AZDX_minus_b_v1/runs/tf_30_mf_4p5_seed_7/last_model_1.pth
2026-05-21 16:25:09,139 INFO src.train.trainer: Epoch 21
2026-05-21 16:25:12,628 INFO src.train.trainer: Last model at epoch 21 saved to /root/autodl-tmp/em_eqf/experiments/clf_pre_v1/clf_pre_AZDX_minus_b_v1/runs/tf_30_mf_4p5_seed_7/last_model_1.pth
2026-05-21 16:25:12,629 INFO src.train.trainer: Epoch 22
2026-05-21 16:25:15,816 INFO src.train.trainer: Last model at epoch 22 saved to /root/autodl-tmp/em_eqf/experiments/clf_pre_v1/clf_pre_AZDX_minus_b_v1/runs/tf_30_mf_4p5_seed_7/last_model_1.pth
2026-05-21 16:25:15,816 INFO src.train.trainer: Epoch 23
2026-05-21 16:25:18,914 INFO src.train.trainer: Last model at epoch 23 saved to /root/autodl-tmp/em_eqf/experiments/clf_pre_v1/clf_pre_AZDX_minus_b_v1/runs/tf_30_mf_4p5_seed_7/last_model_1.pth
2026-05-21 16:25:18,914 INFO src.train.trainer: Epoch 24
2026-05-21 16:25:21,861 INFO src.train.trainer: Last model at epoch 24 saved to /root/autodl-tmp/em_eqf/experiments/clf_pre_v1/clf_pre_AZDX_minus_b_v1/runs/tf_30_mf_4p5_seed_7/last_model_1.pth
2026-05-21 16:25:21,861 INFO src.train.trainer: Epoch 25
2026-05-21 16:25:24,925 INFO src.train.trainer: Last model at epoch 25 saved to /root/autodl-tmp/em_eqf/experiments/clf_pre_v1/clf_pre_AZDX_minus_b_v1/runs/tf_30_mf_4p5_seed_7/last_model_1.pth
2026-05-21 16:25:24,925 INFO src.train.trainer: Epoch 26
2026-05-21 16:25:29,111 INFO src.train.trainer: Last model at epoch 26 saved to /root/autodl-tmp/em_eqf/experiments/clf_pre_v1/clf_pre_AZDX_minus_b_v1/runs/tf_30_mf_4p5_seed_7/last_model_1.pth
2026-05-21 16:25:29,111 INFO src.train.trainer: Early stopping triggered at epoch 26 (best epoch: 16, best val loss: 0.066721)
2026-05-21 16:25:37,573 INFO src.data.preprocessing: CSV files found: ['chuandian_2021.csv']
2026-05-21 16:25:38,100 INFO src.utils.file_utils: Loading cached data from: data/ChuanDian/classifier/classifier_Mc_3_Mf_4.5_Tfore_30_Twindow_180_context_len_1_dt_10.pkl
2026-05-21 16:25:38,371 INFO src.data.preprocessing: Catalog statistics: {'tau_unfiltered': 0.15339908988298961, 'tau_q025': 0.08114294020924717, 'tau_q05': 0.5134664350189269, 'tau_mean': 1.3070542199341526, 'tau_max': 25.18216435192153, 'tau_min': 0.0, 'time_max': 18770.72654999979, 'time_mean': 10030.9430649837, 'mag_completeness': 3.0, 'mag_mean': 3.456916005014626, 'mag_max': 8.0, 'mag_min': 3.0, 'b_value': 0.856738547623331, 'b_std': 0.0071499224812533796, 'b_n': 14358}
2026-05-21 16:25:38,392 INFO src.data.event_loader: lengths of samples: min=32, max=981, avg=135.26
2026-05-21 16:25:38,393 INFO src.data.event_loader: Number of positive samples: 836
2026-05-21 16:25:38,393 INFO src.data.event_loader: Number of negative samples: 594
2026-05-21 16:25:38,394 INFO src.data.event_loader: Positive samples: 706, Negative samples: 438
2026-05-21 16:25:38,394 INFO src.data.event_loader: Total samples: 1144, Positive ratio: 0.62, Negative ratio: 0.38
2026-05-21 16:25:38,394 INFO src.data.event_loader: Positive samples: 83, Negative samples: 60
2026-05-21 16:25:38,394 INFO src.data.event_loader: Total samples: 143, Positive ratio: 0.58, Negative ratio: 0.42
2026-05-21 16:25:38,394 INFO src.data.event_loader: Positive samples: 47, Negative samples: 96
2026-05-21 16:25:38,395 INFO src.data.event_loader: Total samples: 143, Positive ratio: 0.33, Negative ratio: 0.67
2026-05-21 16:25:38,720 INFO src.models.adapters.mixer_task: using time scale base 1.3070542199341526 (key: tau_mean)
2026-05-21 16:25:38,720 INFO src.models.adapters.mixer_task: tau mean: tensor(1.3071)
2026-05-21 16:25:38,728 INFO src.train.config_setup: Restoring model from checkpoint.
2026-05-21 16:25:38,728 INFO src.train.config_setup: Loading model weights: load_specific_parts=None
2026-05-21 16:25:38,730 INFO src.train.config_setup: Checkpoint loaded: <All keys matched successfully>
2026-05-21 16:25:38,730 INFO src.train.config_setup: Full load summary: loaded=56, missing=0, unexpected=0
2026-05-21 16:25:38,731 INFO src.train.config_setup: Checkpoint hyperparameters loaded.
2026-05-21 16:25:38,731 INFO src.train.config_setup: Checkpoint train metrics available.
2026-05-21 16:25:38,731 INFO src.train.config_setup: Checkpoint val metrics available.
2026-05-21 16:25:38,731 INFO src.train.config_setup: Freeze skipped (checkpoint_restore): freeze_parts is empty.
2026-05-21 16:25:38,731 INFO src.train.config_setup: Using classification criterion: focal
2026-05-21 16:25:38,731 INFO src.train.config_setup: Criterion config: {'alpha': 0.5, 'gamma': 2.0}
2026-05-21 16:25:38,732 INFO src.train.config_setup: Not resuming optimizer/scheduler state; reset training state to start_epoch=0, best_val_loss=inf.
2026-05-21 16:25:38,732 INFO src.cli.common: Using threshold 0.45794224739074707 from checkpoint val_metrics for testing.
2026-05-21 16:25:43,774 INFO src.utils.metrics: ROC curve saved to /root/autodl-tmp/em_eqf/experiments/clf_pre_v1/clf_pre_AZDX_minus_b_v1/runs/tf_30_mf_4p5_seed_7/roc_curve.png
2026-05-21 16:25:43,893 INFO src.utils.metrics: PR curve saved to /root/autodl-tmp/em_eqf/experiments/clf_pre_v1/clf_pre_AZDX_minus_b_v1/runs/tf_30_mf_4p5_seed_7/pr_curve.png
2026-05-21 16:25:43,960 INFO src.utils.metrics: Confusion matrix saved to /root/autodl-tmp/em_eqf/experiments/clf_pre_v1/clf_pre_AZDX_minus_b_v1/runs/tf_30_mf_4p5_seed_7/confusion_matrix.png
2026-05-21 16:25:43,960 INFO src.cli.workflows: Test loss: 0.06496182456612587
2026-05-21 16:25:45,741 INFO src.train.classifier_train_step: Prediction distribution plot has been saved to: /root/autodl-tmp/em_eqf/experiments/clf_pre_v1/clf_pre_AZDX_minus_b_v1/runs/tf_30_mf_4p5_seed_7/train_pred_distribution.png
2026-05-21 16:25:46,205 INFO src.train.classifier_train_step: Prediction distribution plot has been saved to: /root/autodl-tmp/em_eqf/experiments/clf_pre_v1/clf_pre_AZDX_minus_b_v1/runs/tf_30_mf_4p5_seed_7/val_pred_distribution.png
2026-05-21 16:25:46,690 INFO src.train.classifier_train_step: Prediction distribution plot has been saved to: /root/autodl-tmp/em_eqf/experiments/clf_pre_v1/clf_pre_AZDX_minus_b_v1/runs/tf_30_mf_4p5_seed_7/test_pred_distribution.png
2026-05-21 16:25:46,691 INFO src.cli.common: Saved test metrics to /root/autodl-tmp/em_eqf/experiments/clf_pre_v1/clf_pre_AZDX_minus_b_v1/runs/tf_30_mf_4p5_seed_7/metrics_test_best_1.json
2026-05-21 16:25:46,691 INFO src.cli.common: Metrics: {'precision': 0.41, 'recall': 0.8723404255319149, 'f1': 0.5578231292517006, 'auc': 0.8355496453900709, 'pr_auc': 0.8057023847443499, 'fpr': 0.6145833333333334, 'tpr': 0.8723404255319149, 'R': 0.25775709219858156, 'conf': 0.03813716524041465, 'threshold': 0.45794224739074707}
