2026-05-10 13:10:23,064 INFO src.data.preprocessing: CSV files found: ['chuandian_2021.csv']
2026-05-10 13:10:24,238 INFO src.utils.file_utils: Loading cached data from: data/ChuanDian/classifier/classifier_Mc_3_Mf_4.5_Tfore_30_Twindow_180_context_len_1_dt_10.pkl
2026-05-10 13:10:24,636 INFO src.data.preprocessing: Catalog statistics: {'tau_unfiltered': 0.15339908988298961, 'tau_q025': 0.08114294020924717, 'tau_q05': 0.5134664350189269, 'tau_mean': 1.3070542199341526, 'tau_max': 25.18216435192153, 'tau_min': 0.0, 'time_max': 18770.72654999979, 'time_mean': 10030.9430649837, 'mag_completeness': 3.0, 'mag_mean': 3.456916005014626, 'mag_max': 8.0, 'mag_min': 3.0, 'b_value': 0.856738547623331, 'b_std': 0.0071499224812533796, 'b_n': 14358}
2026-05-10 13:10:24,655 INFO src.data.event_loader: lengths of samples: min=32, max=981, avg=135.26
2026-05-10 13:10:24,655 INFO src.data.event_loader: Number of positive samples: 836
2026-05-10 13:10:24,655 INFO src.data.event_loader: Number of negative samples: 594
2026-05-10 13:10:24,656 INFO src.data.event_loader: Positive samples: 706, Negative samples: 438
2026-05-10 13:10:24,656 INFO src.data.event_loader: Total samples: 1144, Positive ratio: 0.62, Negative ratio: 0.38
2026-05-10 13:10:24,657 INFO src.data.event_loader: Positive samples: 83, Negative samples: 60
2026-05-10 13:10:24,657 INFO src.data.event_loader: Total samples: 143, Positive ratio: 0.58, Negative ratio: 0.42
2026-05-10 13:10:24,657 INFO src.data.event_loader: Positive samples: 47, Negative samples: 96
2026-05-10 13:10:24,657 INFO src.data.event_loader: Total samples: 143, Positive ratio: 0.33, Negative ratio: 0.67
2026-05-10 13:10:24,823 INFO src.cli.workflows: Loading checkpoint from: ./checkpoints/mixer_tpp_20260508-182744/last_model_1.pth
2026-05-10 13:10:25,605 INFO src.models.adapters.mixer_task: using time scale base 1.3070542199341526 (key: tau_mean)
2026-05-10 13:10:25,605 INFO src.models.adapters.mixer_task: tau mean: tensor(1.3071)
2026-05-10 13:10:25,659 INFO src.train.config_setup: Restoring model from checkpoint.
2026-05-10 13:10:25,659 INFO src.train.config_setup: Loading model weights: load_specific_parts=['encoder']
2026-05-10 13:10:25,660 INFO src.train.config_setup: Selective load summary: requested_parts=['encoder'], target_in_model=40, matched_in_checkpoint=30, loaded=30, missing_after_load=10, shape_mismatch=0, missing_in_model=0, out_of_scope_loaded=0
2026-05-10 13:10:25,660 INFO src.train.config_setup: Selective load coverage [encoder]: target=40, hit=30, missing=10, complete=False
2026-05-10 13:10:25,660 WARNING src.train.config_setup: Selective load coverage missing preview [encoder]: ['base_model.encoder.layers.2.mixer.in_proj.bias', 'base_model.encoder.layers.2.mixer.in_proj.weight', 'base_model.encoder.layers.2.mixer.out_proj.bias', 'base_model.encoder.layers.2.mixer.out_proj.weight', 'base_model.encoder.layers.2.mlp.fc1.weight', 'base_model.encoder.layers.2.mlp.fc2.weight', 'base_model.encoder.layers.2.norm.bias', 'base_model.encoder.layers.2.norm.weight'] ... (+2 more)
2026-05-10 13:10:25,660 WARNING src.train.config_setup: Checkpoint missing target parameter preview: ['base_model.encoder.layers.2.mixer.in_proj.bias', 'base_model.encoder.layers.2.mixer.in_proj.weight', 'base_model.encoder.layers.2.mixer.out_proj.bias', 'base_model.encoder.layers.2.mixer.out_proj.weight', 'base_model.encoder.layers.2.mlp.fc1.weight', 'base_model.encoder.layers.2.mlp.fc2.weight', 'base_model.encoder.layers.2.norm.bias', 'base_model.encoder.layers.2.norm.weight', 'base_model.encoder.layers.2.norm2.bias', 'base_model.encoder.layers.2.norm2.weight']
2026-05-10 13:10:25,661 WARNING src.train.config_setup: Target not-loaded parameter preview: ['base_model.encoder.layers.2.mixer.in_proj.bias', 'base_model.encoder.layers.2.mixer.in_proj.weight', 'base_model.encoder.layers.2.mixer.out_proj.bias', 'base_model.encoder.layers.2.mixer.out_proj.weight', 'base_model.encoder.layers.2.mlp.fc1.weight', 'base_model.encoder.layers.2.mlp.fc2.weight', 'base_model.encoder.layers.2.norm.bias', 'base_model.encoder.layers.2.norm.weight', 'base_model.encoder.layers.2.norm2.bias', 'base_model.encoder.layers.2.norm2.weight']
2026-05-10 13:10:25,661 INFO src.train.config_setup: Loaded parameter preview: ['base_model.encoder.layers.1.norm2.bias', 'base_model.encoder.layers.0.mlp.fc2.weight', 'base_model.encoder.layers.1.mixer.dt_bias', 'base_model.encoder.layers.1.mlp.fc1.weight', 'base_model.encoder.layers.0.norm2.bias', 'base_model.encoder.input_proj.3.weight', 'base_model.encoder.layers.0.mixer.dt_bias', 'base_model.encoder.layers.1.mixer.D', 'base_model.encoder.layers.0.mixer.A_log', 'base_model.encoder.layers.1.mixer.A_log'] ... (+20 more)
2026-05-10 13:10:25,662 INFO src.train.config_setup: Checkpoint hyperparameters loaded.
2026-05-10 13:10:25,662 INFO src.train.config_setup: Checkpoint train metrics available.
2026-05-10 13:10:25,662 INFO src.train.config_setup: Checkpoint val metrics available.
2026-05-10 13:10:25,662 INFO src.train.config_setup: Freeze skipped (checkpoint_restore): freeze_parts is empty.
2026-05-10 13:10:25,662 INFO src.train.config_setup: Using classification criterion: focal
2026-05-10 13:10:25,662 INFO src.train.config_setup: Criterion config: {'alpha': 0.5, 'gamma': 2.0}
2026-05-10 13:10:25,663 INFO src.train.config_setup: Not resuming optimizer/scheduler state; reset training state to start_epoch=0, best_val_loss=inf.
2026-05-10 13:10:25,664 INFO src.train.trainer: Epoch 1
2026-05-10 13:10:41,335 INFO src.train.trainer: New best validation loss: 0.0889, saved to /root/autodl-tmp/em_eqf/experiments/clf_grid_3/runs/tf_30_mf_4p5_seed_1/best_model_1.pth
2026-05-10 13:10:41,343 INFO src.train.trainer: Last model at epoch 1 saved to /root/autodl-tmp/em_eqf/experiments/clf_grid_3/runs/tf_30_mf_4p5_seed_1/last_model_1.pth
2026-05-10 13:10:41,343 INFO src.train.trainer: Epoch 2
2026-05-10 13:10:43,856 INFO src.train.trainer: New best validation loss: 0.0832, saved to /root/autodl-tmp/em_eqf/experiments/clf_grid_3/runs/tf_30_mf_4p5_seed_1/best_model_1.pth
2026-05-10 13:10:43,870 INFO src.train.trainer: Last model at epoch 2 saved to /root/autodl-tmp/em_eqf/experiments/clf_grid_3/runs/tf_30_mf_4p5_seed_1/last_model_1.pth
2026-05-10 13:10:43,870 INFO src.train.trainer: Epoch 3
2026-05-10 13:10:46,321 INFO src.train.trainer: Last model at epoch 3 saved to /root/autodl-tmp/em_eqf/experiments/clf_grid_3/runs/tf_30_mf_4p5_seed_1/last_model_1.pth
2026-05-10 13:10:46,321 INFO src.train.trainer: Epoch 4
2026-05-10 13:10:48,776 INFO src.train.trainer: New best validation loss: 0.0826, saved to /root/autodl-tmp/em_eqf/experiments/clf_grid_3/runs/tf_30_mf_4p5_seed_1/best_model_1.pth
2026-05-10 13:10:48,785 INFO src.train.trainer: Last model at epoch 4 saved to /root/autodl-tmp/em_eqf/experiments/clf_grid_3/runs/tf_30_mf_4p5_seed_1/last_model_1.pth
2026-05-10 13:10:48,785 INFO src.train.trainer: Epoch 5
2026-05-10 13:10:51,250 INFO src.train.trainer: New best validation loss: 0.0825, saved to /root/autodl-tmp/em_eqf/experiments/clf_grid_3/runs/tf_30_mf_4p5_seed_1/best_model_1.pth
2026-05-10 13:10:51,258 INFO src.train.trainer: Last model at epoch 5 saved to /root/autodl-tmp/em_eqf/experiments/clf_grid_3/runs/tf_30_mf_4p5_seed_1/last_model_1.pth
2026-05-10 13:10:51,258 INFO src.train.trainer: Epoch 6
2026-05-10 13:10:53,788 INFO src.train.trainer: New best validation loss: 0.0794, saved to /root/autodl-tmp/em_eqf/experiments/clf_grid_3/runs/tf_30_mf_4p5_seed_1/best_model_1.pth
2026-05-10 13:10:53,795 INFO src.train.trainer: Last model at epoch 6 saved to /root/autodl-tmp/em_eqf/experiments/clf_grid_3/runs/tf_30_mf_4p5_seed_1/last_model_1.pth
2026-05-10 13:10:53,795 INFO src.train.trainer: Epoch 7
2026-05-10 13:10:56,344 INFO src.train.trainer: Last model at epoch 7 saved to /root/autodl-tmp/em_eqf/experiments/clf_grid_3/runs/tf_30_mf_4p5_seed_1/last_model_1.pth
2026-05-10 13:10:56,344 INFO src.train.trainer: Epoch 8
2026-05-10 13:10:58,423 INFO src.train.trainer: Last model at epoch 8 saved to /root/autodl-tmp/em_eqf/experiments/clf_grid_3/runs/tf_30_mf_4p5_seed_1/last_model_1.pth
2026-05-10 13:10:58,424 INFO src.train.trainer: Epoch 9
2026-05-10 13:11:00,663 INFO src.train.trainer: Last model at epoch 9 saved to /root/autodl-tmp/em_eqf/experiments/clf_grid_3/runs/tf_30_mf_4p5_seed_1/last_model_1.pth
2026-05-10 13:11:00,663 INFO src.train.trainer: Epoch 10
2026-05-10 13:11:02,868 INFO src.train.trainer: Last model at epoch 10 saved to /root/autodl-tmp/em_eqf/experiments/clf_grid_3/runs/tf_30_mf_4p5_seed_1/last_model_1.pth
2026-05-10 13:11:02,869 INFO src.train.trainer: Epoch 11
2026-05-10 13:11:05,187 INFO src.train.trainer: New best validation loss: 0.0781, saved to /root/autodl-tmp/em_eqf/experiments/clf_grid_3/runs/tf_30_mf_4p5_seed_1/best_model_1.pth
2026-05-10 13:11:05,197 INFO src.train.trainer: Last model at epoch 11 saved to /root/autodl-tmp/em_eqf/experiments/clf_grid_3/runs/tf_30_mf_4p5_seed_1/last_model_1.pth
2026-05-10 13:11:05,197 INFO src.train.trainer: Epoch 12
2026-05-10 13:11:07,607 INFO src.train.trainer: Last model at epoch 12 saved to /root/autodl-tmp/em_eqf/experiments/clf_grid_3/runs/tf_30_mf_4p5_seed_1/last_model_1.pth
2026-05-10 13:11:07,607 INFO src.train.trainer: Epoch 13
2026-05-10 13:11:09,761 INFO src.train.trainer: Last model at epoch 13 saved to /root/autodl-tmp/em_eqf/experiments/clf_grid_3/runs/tf_30_mf_4p5_seed_1/last_model_1.pth
2026-05-10 13:11:09,761 INFO src.train.trainer: Epoch 14
2026-05-10 13:11:12,109 INFO src.train.trainer: Last model at epoch 14 saved to /root/autodl-tmp/em_eqf/experiments/clf_grid_3/runs/tf_30_mf_4p5_seed_1/last_model_1.pth
2026-05-10 13:11:12,109 INFO src.train.trainer: Epoch 15
2026-05-10 13:11:14,855 INFO src.train.trainer: Last model at epoch 15 saved to /root/autodl-tmp/em_eqf/experiments/clf_grid_3/runs/tf_30_mf_4p5_seed_1/last_model_1.pth
2026-05-10 13:11:14,855 INFO src.train.trainer: Epoch 16
2026-05-10 13:11:17,562 INFO src.train.trainer: Last model at epoch 16 saved to /root/autodl-tmp/em_eqf/experiments/clf_grid_3/runs/tf_30_mf_4p5_seed_1/last_model_1.pth
2026-05-10 13:11:17,562 INFO src.train.trainer: Epoch 17
2026-05-10 13:11:20,436 INFO src.train.trainer: New best validation loss: 0.0778, saved to /root/autodl-tmp/em_eqf/experiments/clf_grid_3/runs/tf_30_mf_4p5_seed_1/best_model_1.pth
2026-05-10 13:11:20,446 INFO src.train.trainer: Last model at epoch 17 saved to /root/autodl-tmp/em_eqf/experiments/clf_grid_3/runs/tf_30_mf_4p5_seed_1/last_model_1.pth
2026-05-10 13:11:20,446 INFO src.train.trainer: Epoch 18
2026-05-10 13:11:22,615 INFO src.train.trainer: Last model at epoch 18 saved to /root/autodl-tmp/em_eqf/experiments/clf_grid_3/runs/tf_30_mf_4p5_seed_1/last_model_1.pth
2026-05-10 13:11:22,615 INFO src.train.trainer: Epoch 19
2026-05-10 13:11:25,032 INFO src.train.trainer: Last model at epoch 19 saved to /root/autodl-tmp/em_eqf/experiments/clf_grid_3/runs/tf_30_mf_4p5_seed_1/last_model_1.pth
2026-05-10 13:11:25,032 INFO src.train.trainer: Epoch 20
2026-05-10 13:11:27,547 INFO src.train.trainer: New best validation loss: 0.0759, saved to /root/autodl-tmp/em_eqf/experiments/clf_grid_3/runs/tf_30_mf_4p5_seed_1/best_model_1.pth
2026-05-10 13:11:27,556 INFO src.train.trainer: Last model at epoch 20 saved to /root/autodl-tmp/em_eqf/experiments/clf_grid_3/runs/tf_30_mf_4p5_seed_1/last_model_1.pth
2026-05-10 13:11:27,556 INFO src.train.trainer: Epoch 21
2026-05-10 13:11:30,103 INFO src.train.trainer: Last model at epoch 21 saved to /root/autodl-tmp/em_eqf/experiments/clf_grid_3/runs/tf_30_mf_4p5_seed_1/last_model_1.pth
2026-05-10 13:11:30,103 INFO src.train.trainer: Epoch 22
2026-05-10 13:11:32,721 INFO src.train.trainer: New best validation loss: 0.0751, saved to /root/autodl-tmp/em_eqf/experiments/clf_grid_3/runs/tf_30_mf_4p5_seed_1/best_model_1.pth
2026-05-10 13:11:32,732 INFO src.train.trainer: Last model at epoch 22 saved to /root/autodl-tmp/em_eqf/experiments/clf_grid_3/runs/tf_30_mf_4p5_seed_1/last_model_1.pth
2026-05-10 13:11:32,732 INFO src.train.trainer: Epoch 23
2026-05-10 13:11:35,324 INFO src.train.trainer: Last model at epoch 23 saved to /root/autodl-tmp/em_eqf/experiments/clf_grid_3/runs/tf_30_mf_4p5_seed_1/last_model_1.pth
2026-05-10 13:11:35,325 INFO src.train.trainer: Epoch 24
2026-05-10 13:11:37,560 INFO src.train.trainer: Last model at epoch 24 saved to /root/autodl-tmp/em_eqf/experiments/clf_grid_3/runs/tf_30_mf_4p5_seed_1/last_model_1.pth
2026-05-10 13:11:37,560 INFO src.train.trainer: Epoch 25
2026-05-10 13:11:39,740 INFO src.train.trainer: Last model at epoch 25 saved to /root/autodl-tmp/em_eqf/experiments/clf_grid_3/runs/tf_30_mf_4p5_seed_1/last_model_1.pth
2026-05-10 13:11:39,740 INFO src.train.trainer: Epoch 26
2026-05-10 13:11:41,985 INFO src.train.trainer: Last model at epoch 26 saved to /root/autodl-tmp/em_eqf/experiments/clf_grid_3/runs/tf_30_mf_4p5_seed_1/last_model_1.pth
2026-05-10 13:11:41,985 INFO src.train.trainer: Epoch 27
2026-05-10 13:11:44,392 INFO src.train.trainer: Last model at epoch 27 saved to /root/autodl-tmp/em_eqf/experiments/clf_grid_3/runs/tf_30_mf_4p5_seed_1/last_model_1.pth
2026-05-10 13:11:44,392 INFO src.train.trainer: Epoch 28
2026-05-10 13:11:46,782 INFO src.train.trainer: New best validation loss: 0.0714, saved to /root/autodl-tmp/em_eqf/experiments/clf_grid_3/runs/tf_30_mf_4p5_seed_1/best_model_1.pth
2026-05-10 13:11:46,797 INFO src.train.trainer: Last model at epoch 28 saved to /root/autodl-tmp/em_eqf/experiments/clf_grid_3/runs/tf_30_mf_4p5_seed_1/last_model_1.pth
2026-05-10 13:11:46,798 INFO src.train.trainer: Epoch 29
2026-05-10 13:11:49,337 INFO src.train.trainer: Last model at epoch 29 saved to /root/autodl-tmp/em_eqf/experiments/clf_grid_3/runs/tf_30_mf_4p5_seed_1/last_model_1.pth
2026-05-10 13:11:49,337 INFO src.train.trainer: Epoch 30
2026-05-10 13:11:52,110 INFO src.train.trainer: Last model at epoch 30 saved to /root/autodl-tmp/em_eqf/experiments/clf_grid_3/runs/tf_30_mf_4p5_seed_1/last_model_1.pth
2026-05-10 13:11:52,110 INFO src.train.trainer: Epoch 31
2026-05-10 13:11:54,534 INFO src.train.trainer: Last model at epoch 31 saved to /root/autodl-tmp/em_eqf/experiments/clf_grid_3/runs/tf_30_mf_4p5_seed_1/last_model_1.pth
2026-05-10 13:11:54,534 INFO src.train.trainer: Epoch 32
2026-05-10 13:11:56,953 INFO src.train.trainer: Last model at epoch 32 saved to /root/autodl-tmp/em_eqf/experiments/clf_grid_3/runs/tf_30_mf_4p5_seed_1/last_model_1.pth
2026-05-10 13:11:56,953 INFO src.train.trainer: Epoch 33
2026-05-10 13:11:59,383 INFO src.train.trainer: Last model at epoch 33 saved to /root/autodl-tmp/em_eqf/experiments/clf_grid_3/runs/tf_30_mf_4p5_seed_1/last_model_1.pth
2026-05-10 13:11:59,383 INFO src.train.trainer: Epoch 34
2026-05-10 13:12:01,831 INFO src.train.trainer: Last model at epoch 34 saved to /root/autodl-tmp/em_eqf/experiments/clf_grid_3/runs/tf_30_mf_4p5_seed_1/last_model_1.pth
2026-05-10 13:12:01,831 INFO src.train.trainer: Epoch 35
2026-05-10 13:12:04,158 INFO src.train.trainer: Last model at epoch 35 saved to /root/autodl-tmp/em_eqf/experiments/clf_grid_3/runs/tf_30_mf_4p5_seed_1/last_model_1.pth
2026-05-10 13:12:04,159 INFO src.train.trainer: Epoch 36
2026-05-10 13:12:06,598 INFO src.train.trainer: Last model at epoch 36 saved to /root/autodl-tmp/em_eqf/experiments/clf_grid_3/runs/tf_30_mf_4p5_seed_1/last_model_1.pth
2026-05-10 13:12:06,598 INFO src.train.trainer: Epoch 37
2026-05-10 13:12:08,871 INFO src.train.trainer: Last model at epoch 37 saved to /root/autodl-tmp/em_eqf/experiments/clf_grid_3/runs/tf_30_mf_4p5_seed_1/last_model_1.pth
2026-05-10 13:12:08,871 INFO src.train.trainer: Epoch 38
2026-05-10 13:12:11,144 INFO src.train.trainer: Last model at epoch 38 saved to /root/autodl-tmp/em_eqf/experiments/clf_grid_3/runs/tf_30_mf_4p5_seed_1/last_model_1.pth
2026-05-10 13:12:11,144 INFO src.train.trainer: Early stopping triggered at epoch 38 (best epoch: 28, best val loss: 0.071440)
2026-05-10 13:12:22,242 INFO src.data.preprocessing: CSV files found: ['chuandian_2021.csv']
2026-05-10 13:12:23,465 INFO src.utils.file_utils: Loading cached data from: data/ChuanDian/classifier/classifier_Mc_3_Mf_4.5_Tfore_30_Twindow_180_context_len_1_dt_10.pkl
2026-05-10 13:12:23,874 INFO src.data.preprocessing: Catalog statistics: {'tau_unfiltered': 0.15339908988298961, 'tau_q025': 0.08114294020924717, 'tau_q05': 0.5134664350189269, 'tau_mean': 1.3070542199341526, 'tau_max': 25.18216435192153, 'tau_min': 0.0, 'time_max': 18770.72654999979, 'time_mean': 10030.9430649837, 'mag_completeness': 3.0, 'mag_mean': 3.456916005014626, 'mag_max': 8.0, 'mag_min': 3.0, 'b_value': 0.856738547623331, 'b_std': 0.0071499224812533796, 'b_n': 14358}
2026-05-10 13:12:23,895 INFO src.data.event_loader: lengths of samples: min=32, max=981, avg=135.26
2026-05-10 13:12:23,895 INFO src.data.event_loader: Number of positive samples: 836
2026-05-10 13:12:23,895 INFO src.data.event_loader: Number of negative samples: 594
2026-05-10 13:12:23,896 INFO src.data.event_loader: Positive samples: 706, Negative samples: 438
2026-05-10 13:12:23,896 INFO src.data.event_loader: Total samples: 1144, Positive ratio: 0.62, Negative ratio: 0.38
2026-05-10 13:12:23,897 INFO src.data.event_loader: Positive samples: 83, Negative samples: 60
2026-05-10 13:12:23,897 INFO src.data.event_loader: Total samples: 143, Positive ratio: 0.58, Negative ratio: 0.42
2026-05-10 13:12:23,897 INFO src.data.event_loader: Positive samples: 47, Negative samples: 96
2026-05-10 13:12:23,897 INFO src.data.event_loader: Total samples: 143, Positive ratio: 0.33, Negative ratio: 0.67
2026-05-10 13:12:24,464 INFO src.models.adapters.mixer_task: using time scale base 1.3070542199341526 (key: tau_mean)
2026-05-10 13:12:24,465 INFO src.models.adapters.mixer_task: tau mean: tensor(1.3071)
2026-05-10 13:12:24,471 INFO src.train.config_setup: Restoring model from checkpoint.
2026-05-10 13:12:24,471 INFO src.train.config_setup: Loading model weights: load_specific_parts=None
2026-05-10 13:12:24,473 INFO src.train.config_setup: Checkpoint loaded: <All keys matched successfully>
2026-05-10 13:12:24,473 INFO src.train.config_setup: Full load summary: loaded=56, missing=0, unexpected=0
2026-05-10 13:12:24,474 INFO src.train.config_setup: Checkpoint hyperparameters loaded.
2026-05-10 13:12:24,474 INFO src.train.config_setup: Checkpoint train metrics available.
2026-05-10 13:12:24,474 INFO src.train.config_setup: Checkpoint val metrics available.
2026-05-10 13:12:24,474 INFO src.train.config_setup: Freeze skipped (checkpoint_restore): freeze_parts is empty.
2026-05-10 13:12:24,475 INFO src.train.config_setup: Using classification criterion: focal
2026-05-10 13:12:24,475 INFO src.train.config_setup: Criterion config: {'alpha': 0.5, 'gamma': 2.0}
2026-05-10 13:12:24,476 INFO src.train.config_setup: Not resuming optimizer/scheduler state; reset training state to start_epoch=0, best_val_loss=inf.
2026-05-10 13:12:24,476 INFO src.cli.common: Using threshold 0.44827744364738464 from checkpoint val_metrics for testing.
2026-05-10 13:12:29,239 INFO src.utils.metrics: ROC curve saved to /root/autodl-tmp/em_eqf/experiments/clf_grid_3/runs/tf_30_mf_4p5_seed_1/roc_curve.png
2026-05-10 13:12:29,400 INFO src.utils.metrics: PR curve saved to /root/autodl-tmp/em_eqf/experiments/clf_grid_3/runs/tf_30_mf_4p5_seed_1/pr_curve.png
2026-05-10 13:12:29,506 INFO src.utils.metrics: Confusion matrix saved to /root/autodl-tmp/em_eqf/experiments/clf_grid_3/runs/tf_30_mf_4p5_seed_1/confusion_matrix.png
2026-05-10 13:12:29,506 INFO src.cli.workflows: Test loss: 0.07004743317763011
2026-05-10 13:12:30,520 INFO src.train.classifier_train_step: Prediction distribution plot has been saved to: /root/autodl-tmp/em_eqf/experiments/clf_grid_3/runs/tf_30_mf_4p5_seed_1/train_pred_distribution.png
2026-05-10 13:12:30,816 INFO src.train.classifier_train_step: Prediction distribution plot has been saved to: /root/autodl-tmp/em_eqf/experiments/clf_grid_3/runs/tf_30_mf_4p5_seed_1/val_pred_distribution.png
2026-05-10 13:12:31,136 INFO src.train.classifier_train_step: Prediction distribution plot has been saved to: /root/autodl-tmp/em_eqf/experiments/clf_grid_3/runs/tf_30_mf_4p5_seed_1/test_pred_distribution.png
2026-05-10 13:12:31,137 INFO src.cli.common: Saved test metrics to /root/autodl-tmp/em_eqf/experiments/clf_grid_3/runs/tf_30_mf_4p5_seed_1/metrics_test_best_1.json
2026-05-10 13:12:31,137 INFO src.cli.common: Metrics: {'precision': 0.42452830188679247, 'recall': 0.9574468085106383, 'f1': 0.5882352941176471, 'auc': 0.8295656028368793, 'pr_auc': 0.7704104009407553, 'fpr': 0.6354166666666666, 'tpr': 0.9574468085106383, 'R': 0.3220301418439717, 'conf': 0.0252434360545504, 'threshold': 0.44827744364738464}
