2026-05-09 13:41:28,847 INFO src.data.preprocessing: CSV files found: ['chuandian_2021.csv']
2026-05-09 13:41:29,757 INFO src.utils.file_utils: Loading cached data from: data/ChuanDian/regressor/regressor_Mc_3_Mf_3_Tfore_180_Twindow_360_context_len_1_dt_10.pkl
2026-05-09 13:41:32,369 INFO src.data.preprocessing: Catalog statistics: {'tau_unfiltered': 0.15339908988298961, 'tau_q025': 0.08114294020924717, 'tau_q05': 0.5134664350189269, 'tau_mean': 1.3070542199341526, 'tau_max': 25.18216435192153, 'tau_min': 0.0, 'time_max': 18770.72654999979, 'time_mean': 10030.9430649837, 'mag_completeness': 3.0, 'mag_mean': 3.456916005014626, 'mag_max': 8.0, 'mag_min': 3.0, 'b_value': 0.856738547623331, 'b_std': 0.0071499224812533796, 'b_n': 14358}
2026-05-09 13:41:32,412 INFO src.data.event_loader: lengths of samples: min=96, max=1340, avg=265.71
2026-05-09 13:41:32,413 INFO __main__: Loading checkpoint from: ./checkpoints/mixer_tpp_20260506-113707/last_model_1.pth
2026-05-09 13:41:33,796 INFO src.models.adapters.mixer_task: using time scale base 1.3070542199341526 (key: tau_mean)
2026-05-09 13:41:33,796 INFO src.models.adapters.mixer_task: tau mean: tensor(1.3071)
2026-05-09 13:41:33,800 INFO src.train.config_setup: Restoring model from checkpoint.
2026-05-09 13:41:33,800 INFO src.train.config_setup: Loading model weights: load_specific_parts=['encoder']
2026-05-09 13:41:33,801 INFO src.train.config_setup: Selective load summary: requested_parts=['encoder'], target_in_model=34, matched_in_checkpoint=30, loaded=30, missing_after_load=4, shape_mismatch=0, missing_in_model=0, out_of_scope_loaded=0
2026-05-09 13:41:33,801 INFO src.train.config_setup: Selective load coverage [encoder]: target=34, hit=30, missing=4, complete=False
2026-05-09 13:41:33,801 WARNING src.train.config_setup: Selective load coverage missing preview [encoder]: ['base_model.encoder.layers.0.mixer.conv1d.bias', 'base_model.encoder.layers.0.mixer.conv1d.weight', 'base_model.encoder.layers.1.mixer.conv1d.bias', 'base_model.encoder.layers.1.mixer.conv1d.weight']
2026-05-09 13:41:33,801 WARNING src.train.config_setup: Checkpoint missing target parameter preview: ['base_model.encoder.layers.0.mixer.conv1d.bias', 'base_model.encoder.layers.0.mixer.conv1d.weight', 'base_model.encoder.layers.1.mixer.conv1d.bias', 'base_model.encoder.layers.1.mixer.conv1d.weight']
2026-05-09 13:41:33,801 WARNING src.train.config_setup: Target not-loaded parameter preview: ['base_model.encoder.layers.0.mixer.conv1d.bias', 'base_model.encoder.layers.0.mixer.conv1d.weight', 'base_model.encoder.layers.1.mixer.conv1d.bias', 'base_model.encoder.layers.1.mixer.conv1d.weight']
2026-05-09 13:41:33,801 INFO src.train.config_setup: Loaded parameter preview: ['base_model.encoder.layers.1.mixer.dt_bias', 'base_model.encoder.layers.1.mixer.D', 'base_model.encoder.layers.0.norm2.bias', 'base_model.encoder.layers.0.norm.bias', 'base_model.encoder.layers.1.mixer.A_log', 'base_model.encoder.layers.1.norm2.bias', 'base_model.encoder.layers.1.mlp.fc2.weight', 'base_model.encoder.norm_f.weight', 'base_model.encoder.norm_f.bias', 'base_model.encoder.layers.0.mlp.fc2.weight'] ... (+20 more)
2026-05-09 13:41:33,802 INFO src.train.config_setup: Checkpoint hyperparameters loaded.
2026-05-09 13:41:33,802 INFO src.train.config_setup: Checkpoint train metrics available.
2026-05-09 13:41:33,802 INFO src.train.config_setup: Checkpoint val metrics available.
2026-05-09 13:41:33,803 INFO src.train.config_setup: Freeze summary (checkpoint_restore): mode=all_matched, freeze_parts=['encoder'], exclude_freeze_parts=[], frozen=34
2026-05-09 13:41:33,803 INFO src.train.config_setup: Frozen parameter preview (checkpoint_restore): ['base_model.encoder.input_proj.0.weight', 'base_model.encoder.input_proj.0.bias', 'base_model.encoder.input_proj.3.weight', 'base_model.encoder.input_proj.3.bias', 'base_model.encoder.layers.0.norm.weight', 'base_model.encoder.layers.0.norm.bias', 'base_model.encoder.layers.0.mixer.dt_bias', 'base_model.encoder.layers.0.mixer.A_log', 'base_model.encoder.layers.0.mixer.D', 'base_model.encoder.layers.0.mixer.in_proj.weight'] ... (+24 more)
2026-05-09 13:41:33,803 INFO src.train.config_setup: Using regression criterion: smooth_l1
2026-05-09 13:41:33,803 INFO src.train.config_setup: Criterion config: {'beta': 0.2}
2026-05-09 13:41:33,803 INFO src.train.config_setup: encoder_param_keywords: ['encoder']
2026-05-09 13:41:33,803 INFO src.train.config_setup: encoder_lr grouping summary: lr=0.0004, matched=0
2026-05-09 13:41:33,803 INFO src.train.config_setup: Encoder LR coverage [encoder]: target=0, hit=0, missing=0, complete=True
2026-05-09 13:41:33,804 INFO src.train.config_setup: Not resuming optimizer/scheduler state; reset training state to start_epoch=0, best_val_loss=inf.
2026-05-09 13:41:33,804 INFO src.train.trainer: Epoch 1
2026-05-09 13:41:39,852 INFO src.train.trainer: New best validation loss: 0.4517, saved to checkpoints/reg_mixer_attnpl_t_20260509-134128/best_model_1.pth
2026-05-09 13:41:39,860 INFO src.train.trainer: Last model at epoch 1 saved to checkpoints/reg_mixer_attnpl_t_20260509-134128/last_model_1.pth
2026-05-09 13:41:39,860 INFO src.train.trainer: Epoch 2
2026-05-09 13:41:41,164 INFO src.train.trainer: New best validation loss: 0.1397, saved to checkpoints/reg_mixer_attnpl_t_20260509-134128/best_model_1.pth
2026-05-09 13:41:41,176 INFO src.train.trainer: Last model at epoch 2 saved to checkpoints/reg_mixer_attnpl_t_20260509-134128/last_model_1.pth
2026-05-09 13:41:41,176 INFO src.train.trainer: Epoch 3
2026-05-09 13:41:42,389 INFO src.train.trainer: New best validation loss: 0.0802, saved to checkpoints/reg_mixer_attnpl_t_20260509-134128/best_model_1.pth
2026-05-09 13:41:42,396 INFO src.train.trainer: Last model at epoch 3 saved to checkpoints/reg_mixer_attnpl_t_20260509-134128/last_model_1.pth
2026-05-09 13:41:42,396 INFO src.train.trainer: Epoch 4
2026-05-09 13:41:43,495 INFO src.train.trainer: New best validation loss: 0.0588, saved to checkpoints/reg_mixer_attnpl_t_20260509-134128/best_model_1.pth
2026-05-09 13:41:43,502 INFO src.train.trainer: Last model at epoch 4 saved to checkpoints/reg_mixer_attnpl_t_20260509-134128/last_model_1.pth
2026-05-09 13:41:43,502 INFO src.train.trainer: Epoch 5
2026-05-09 13:41:44,719 INFO src.train.trainer: New best validation loss: 0.0507, saved to checkpoints/reg_mixer_attnpl_t_20260509-134128/best_model_1.pth
2026-05-09 13:41:44,726 INFO src.train.trainer: Last model at epoch 5 saved to checkpoints/reg_mixer_attnpl_t_20260509-134128/last_model_1.pth
2026-05-09 13:41:44,727 INFO src.train.trainer: Epoch 6
2026-05-09 13:41:45,895 INFO src.train.trainer: New best validation loss: 0.0482, saved to checkpoints/reg_mixer_attnpl_t_20260509-134128/best_model_1.pth
2026-05-09 13:41:45,902 INFO src.train.trainer: Last model at epoch 6 saved to checkpoints/reg_mixer_attnpl_t_20260509-134128/last_model_1.pth
2026-05-09 13:41:45,902 INFO src.train.trainer: Epoch 7
2026-05-09 13:41:47,156 INFO src.train.trainer: Last model at epoch 7 saved to checkpoints/reg_mixer_attnpl_t_20260509-134128/last_model_1.pth
2026-05-09 13:41:47,156 INFO src.train.trainer: Epoch 8
2026-05-09 13:41:48,364 INFO src.train.trainer: Last model at epoch 8 saved to checkpoints/reg_mixer_attnpl_t_20260509-134128/last_model_1.pth
2026-05-09 13:41:48,364 INFO src.train.trainer: Epoch 9
2026-05-09 13:41:49,589 INFO src.train.trainer: New best validation loss: 0.0467, saved to checkpoints/reg_mixer_attnpl_t_20260509-134128/best_model_1.pth
2026-05-09 13:41:49,599 INFO src.train.trainer: Last model at epoch 9 saved to checkpoints/reg_mixer_attnpl_t_20260509-134128/last_model_1.pth
2026-05-09 13:41:49,600 INFO src.train.trainer: Epoch 10
2026-05-09 13:41:50,964 INFO src.train.trainer: New best validation loss: 0.0440, saved to checkpoints/reg_mixer_attnpl_t_20260509-134128/best_model_1.pth
2026-05-09 13:41:50,971 INFO src.train.trainer: Last model at epoch 10 saved to checkpoints/reg_mixer_attnpl_t_20260509-134128/last_model_1.pth
2026-05-09 13:41:50,971 INFO src.train.trainer: Epoch 11
2026-05-09 13:41:52,242 INFO src.train.trainer: New best validation loss: 0.0438, saved to checkpoints/reg_mixer_attnpl_t_20260509-134128/best_model_1.pth
2026-05-09 13:41:52,251 INFO src.train.trainer: Last model at epoch 11 saved to checkpoints/reg_mixer_attnpl_t_20260509-134128/last_model_1.pth
2026-05-09 13:41:52,251 INFO src.train.trainer: Epoch 12
2026-05-09 13:41:53,310 INFO src.train.trainer: Last model at epoch 12 saved to checkpoints/reg_mixer_attnpl_t_20260509-134128/last_model_1.pth
2026-05-09 13:41:53,310 INFO src.train.trainer: Epoch 13
2026-05-09 13:41:54,561 INFO src.train.trainer: Last model at epoch 13 saved to checkpoints/reg_mixer_attnpl_t_20260509-134128/last_model_1.pth
2026-05-09 13:41:54,561 INFO src.train.trainer: Epoch 14
2026-05-09 13:41:55,797 INFO src.train.trainer: New best validation loss: 0.0435, saved to checkpoints/reg_mixer_attnpl_t_20260509-134128/best_model_1.pth
2026-05-09 13:41:55,804 INFO src.train.trainer: Last model at epoch 14 saved to checkpoints/reg_mixer_attnpl_t_20260509-134128/last_model_1.pth
2026-05-09 13:41:55,804 INFO src.train.trainer: Epoch 15
2026-05-09 13:41:57,015 INFO src.train.trainer: Last model at epoch 15 saved to checkpoints/reg_mixer_attnpl_t_20260509-134128/last_model_1.pth
2026-05-09 13:41:57,016 INFO src.train.trainer: Epoch 16
2026-05-09 13:41:58,172 INFO src.train.trainer: Last model at epoch 16 saved to checkpoints/reg_mixer_attnpl_t_20260509-134128/last_model_1.pth
2026-05-09 13:41:58,172 INFO src.train.trainer: Epoch 17
2026-05-09 13:41:59,121 INFO src.train.trainer: Last model at epoch 17 saved to checkpoints/reg_mixer_attnpl_t_20260509-134128/last_model_1.pth
2026-05-09 13:41:59,121 INFO src.train.trainer: Epoch 18
2026-05-09 13:42:00,330 INFO src.train.trainer: Last model at epoch 18 saved to checkpoints/reg_mixer_attnpl_t_20260509-134128/last_model_1.pth
2026-05-09 13:42:00,330 INFO src.train.trainer: Epoch 19
2026-05-09 13:42:01,422 INFO src.train.trainer: Last model at epoch 19 saved to checkpoints/reg_mixer_attnpl_t_20260509-134128/last_model_1.pth
2026-05-09 13:42:01,422 INFO src.train.trainer: Epoch 20
2026-05-09 13:42:02,620 INFO src.train.trainer: Last model at epoch 20 saved to checkpoints/reg_mixer_attnpl_t_20260509-134128/last_model_1.pth
2026-05-09 13:42:02,620 INFO src.train.trainer: Epoch 21
2026-05-09 13:42:03,952 INFO src.train.trainer: Last model at epoch 21 saved to checkpoints/reg_mixer_attnpl_t_20260509-134128/last_model_1.pth
2026-05-09 13:42:03,952 INFO src.train.trainer: Epoch 22
2026-05-09 13:42:05,095 INFO src.train.trainer: Last model at epoch 22 saved to checkpoints/reg_mixer_attnpl_t_20260509-134128/last_model_1.pth
2026-05-09 13:42:05,095 INFO src.train.trainer: Epoch 23
2026-05-09 13:42:06,372 INFO src.train.trainer: Last model at epoch 23 saved to checkpoints/reg_mixer_attnpl_t_20260509-134128/last_model_1.pth
2026-05-09 13:42:06,373 INFO src.train.trainer: Epoch 24
2026-05-09 13:42:07,504 INFO src.train.trainer: Last model at epoch 24 saved to checkpoints/reg_mixer_attnpl_t_20260509-134128/last_model_1.pth
2026-05-09 13:42:07,504 INFO src.train.trainer: Epoch 25
2026-05-09 13:42:08,743 INFO src.train.trainer: Last model at epoch 25 saved to checkpoints/reg_mixer_attnpl_t_20260509-134128/last_model_1.pth
2026-05-09 13:42:08,744 INFO src.train.trainer: Epoch 26
2026-05-09 13:42:09,902 INFO src.train.trainer: Last model at epoch 26 saved to checkpoints/reg_mixer_attnpl_t_20260509-134128/last_model_1.pth
2026-05-09 13:42:09,902 INFO src.train.trainer: Epoch 27
2026-05-09 13:42:11,124 INFO src.train.trainer: Last model at epoch 27 saved to checkpoints/reg_mixer_attnpl_t_20260509-134128/last_model_1.pth
2026-05-09 13:42:11,125 INFO src.train.trainer: Epoch 28
2026-05-09 13:42:12,301 INFO src.train.trainer: Last model at epoch 28 saved to checkpoints/reg_mixer_attnpl_t_20260509-134128/last_model_1.pth
2026-05-09 13:42:12,301 INFO src.train.trainer: Epoch 29
2026-05-09 13:42:13,483 INFO src.train.trainer: Last model at epoch 29 saved to checkpoints/reg_mixer_attnpl_t_20260509-134128/last_model_1.pth
2026-05-09 13:42:13,483 INFO src.train.trainer: Epoch 30
2026-05-09 13:42:14,595 INFO src.train.trainer: Last model at epoch 30 saved to checkpoints/reg_mixer_attnpl_t_20260509-134128/last_model_1.pth
2026-05-09 13:42:14,596 INFO src.train.trainer: Epoch 31
2026-05-09 13:42:15,586 INFO src.train.trainer: Last model at epoch 31 saved to checkpoints/reg_mixer_attnpl_t_20260509-134128/last_model_1.pth
2026-05-09 13:42:15,586 INFO src.train.trainer: Epoch 32
2026-05-09 13:42:16,807 INFO src.train.trainer: Last model at epoch 32 saved to checkpoints/reg_mixer_attnpl_t_20260509-134128/last_model_1.pth
2026-05-09 13:42:16,808 INFO src.train.trainer: Epoch 33
2026-05-09 13:42:17,778 INFO src.train.trainer: Last model at epoch 33 saved to checkpoints/reg_mixer_attnpl_t_20260509-134128/last_model_1.pth
2026-05-09 13:42:17,779 INFO src.train.trainer: Epoch 34
2026-05-09 13:42:18,813 INFO src.train.trainer: Last model at epoch 34 saved to checkpoints/reg_mixer_attnpl_t_20260509-134128/last_model_1.pth
2026-05-09 13:42:18,814 INFO src.train.trainer: Epoch 35
2026-05-09 13:42:19,950 INFO src.train.trainer: Last model at epoch 35 saved to checkpoints/reg_mixer_attnpl_t_20260509-134128/last_model_1.pth
2026-05-09 13:42:19,950 INFO src.train.trainer: Epoch 36
2026-05-09 13:42:21,154 INFO src.train.trainer: Last model at epoch 36 saved to checkpoints/reg_mixer_attnpl_t_20260509-134128/last_model_1.pth
2026-05-09 13:42:21,154 INFO src.train.trainer: Epoch 37
2026-05-09 13:42:22,565 INFO src.train.trainer: Last model at epoch 37 saved to checkpoints/reg_mixer_attnpl_t_20260509-134128/last_model_1.pth
2026-05-09 13:42:22,566 INFO src.train.trainer: Epoch 38
2026-05-09 13:42:23,547 INFO src.train.trainer: Last model at epoch 38 saved to checkpoints/reg_mixer_attnpl_t_20260509-134128/last_model_1.pth
2026-05-09 13:42:23,547 INFO src.train.trainer: Epoch 39
2026-05-09 13:42:24,499 INFO src.train.trainer: Last model at epoch 39 saved to checkpoints/reg_mixer_attnpl_t_20260509-134128/last_model_1.pth
2026-05-09 13:42:24,500 INFO src.train.trainer: Epoch 40
2026-05-09 13:42:25,585 INFO src.train.trainer: Last model at epoch 40 saved to checkpoints/reg_mixer_attnpl_t_20260509-134128/last_model_1.pth
2026-05-09 13:42:25,585 INFO src.train.trainer: Epoch 41
2026-05-09 13:42:26,733 INFO src.train.trainer: Last model at epoch 41 saved to checkpoints/reg_mixer_attnpl_t_20260509-134128/last_model_1.pth
2026-05-09 13:42:26,733 INFO src.train.trainer: Epoch 42
2026-05-09 13:42:27,969 INFO src.train.trainer: Last model at epoch 42 saved to checkpoints/reg_mixer_attnpl_t_20260509-134128/last_model_1.pth
2026-05-09 13:42:27,969 INFO src.train.trainer: Epoch 43
2026-05-09 13:42:29,107 INFO src.train.trainer: Last model at epoch 43 saved to checkpoints/reg_mixer_attnpl_t_20260509-134128/last_model_1.pth
2026-05-09 13:42:29,107 INFO src.train.trainer: Epoch 44
2026-05-09 13:42:30,343 INFO src.train.trainer: Last model at epoch 44 saved to checkpoints/reg_mixer_attnpl_t_20260509-134128/last_model_1.pth
2026-05-09 13:42:30,343 INFO src.train.trainer: Epoch 45
2026-05-09 13:42:31,556 INFO src.train.trainer: Last model at epoch 45 saved to checkpoints/reg_mixer_attnpl_t_20260509-134128/last_model_1.pth
2026-05-09 13:42:31,556 INFO src.train.trainer: Epoch 46
2026-05-09 13:42:33,029 INFO src.train.trainer: New best validation loss: 0.0435, saved to checkpoints/reg_mixer_attnpl_t_20260509-134128/best_model_1.pth
2026-05-09 13:42:33,036 INFO src.train.trainer: Last model at epoch 46 saved to checkpoints/reg_mixer_attnpl_t_20260509-134128/last_model_1.pth
2026-05-09 13:42:33,036 INFO src.train.trainer: Epoch 47
2026-05-09 13:42:34,357 INFO src.train.trainer: Last model at epoch 47 saved to checkpoints/reg_mixer_attnpl_t_20260509-134128/last_model_1.pth
2026-05-09 13:42:34,357 INFO src.train.trainer: Epoch 48
2026-05-09 13:42:35,594 INFO src.train.trainer: Last model at epoch 48 saved to checkpoints/reg_mixer_attnpl_t_20260509-134128/last_model_1.pth
2026-05-09 13:42:35,595 INFO src.train.trainer: Epoch 49
2026-05-09 13:42:36,887 INFO src.train.trainer: Last model at epoch 49 saved to checkpoints/reg_mixer_attnpl_t_20260509-134128/last_model_1.pth
2026-05-09 13:42:36,888 INFO src.train.trainer: Epoch 50
2026-05-09 13:42:38,216 INFO src.train.trainer: Last model at epoch 50 saved to checkpoints/reg_mixer_attnpl_t_20260509-134128/last_model_1.pth
2026-05-09 13:42:38,216 INFO src.train.trainer: Epoch 51
2026-05-09 13:42:39,597 INFO src.train.trainer: Last model at epoch 51 saved to checkpoints/reg_mixer_attnpl_t_20260509-134128/last_model_1.pth
2026-05-09 13:42:39,597 INFO src.train.trainer: Epoch 52
2026-05-09 13:42:41,034 INFO src.train.trainer: Last model at epoch 52 saved to checkpoints/reg_mixer_attnpl_t_20260509-134128/last_model_1.pth
2026-05-09 13:42:41,034 INFO src.train.trainer: Epoch 53
2026-05-09 13:42:42,341 INFO src.train.trainer: Last model at epoch 53 saved to checkpoints/reg_mixer_attnpl_t_20260509-134128/last_model_1.pth
2026-05-09 13:42:42,342 INFO src.train.trainer: Epoch 54
2026-05-09 13:42:43,588 INFO src.train.trainer: Last model at epoch 54 saved to checkpoints/reg_mixer_attnpl_t_20260509-134128/last_model_1.pth
2026-05-09 13:42:43,588 INFO src.train.trainer: Epoch 55
2026-05-09 13:42:44,882 INFO src.train.trainer: Last model at epoch 55 saved to checkpoints/reg_mixer_attnpl_t_20260509-134128/last_model_1.pth
2026-05-09 13:42:44,882 INFO src.train.trainer: Epoch 56
2026-05-09 13:42:46,299 INFO src.train.trainer: Last model at epoch 56 saved to checkpoints/reg_mixer_attnpl_t_20260509-134128/last_model_1.pth
2026-05-09 13:42:46,300 INFO src.train.trainer: Epoch 57
2026-05-09 13:42:47,634 INFO src.train.trainer: Last model at epoch 57 saved to checkpoints/reg_mixer_attnpl_t_20260509-134128/last_model_1.pth
2026-05-09 13:42:47,634 INFO src.train.trainer: Epoch 58
2026-05-09 13:42:48,808 INFO src.train.trainer: Last model at epoch 58 saved to checkpoints/reg_mixer_attnpl_t_20260509-134128/last_model_1.pth
2026-05-09 13:42:48,808 INFO src.train.trainer: Epoch 59
2026-05-09 13:42:49,975 INFO src.train.trainer: Last model at epoch 59 saved to checkpoints/reg_mixer_attnpl_t_20260509-134128/last_model_1.pth
2026-05-09 13:42:49,975 INFO src.train.trainer: Epoch 60
2026-05-09 13:42:51,138 INFO src.train.trainer: Last model at epoch 60 saved to checkpoints/reg_mixer_attnpl_t_20260509-134128/last_model_1.pth
2026-05-09 13:42:51,143 INFO src.train.trainer: Saved epoch 60 snapshot to checkpoints/reg_mixer_attnpl_t_20260509-134128/epoch_60_model_1.pth
2026-05-09 13:42:51,143 INFO src.train.trainer: Epoch 61
2026-05-09 13:42:52,384 INFO src.train.trainer: Last model at epoch 61 saved to checkpoints/reg_mixer_attnpl_t_20260509-134128/last_model_1.pth
2026-05-09 13:42:52,385 INFO src.train.trainer: Epoch 62
2026-05-09 13:42:53,468 INFO src.train.trainer: Last model at epoch 62 saved to checkpoints/reg_mixer_attnpl_t_20260509-134128/last_model_1.pth
2026-05-09 13:42:53,469 INFO src.train.trainer: Epoch 63
2026-05-09 13:42:54,627 INFO src.train.trainer: Last model at epoch 63 saved to checkpoints/reg_mixer_attnpl_t_20260509-134128/last_model_1.pth
2026-05-09 13:42:54,627 INFO src.train.trainer: Epoch 64
2026-05-09 13:42:55,848 INFO src.train.trainer: Last model at epoch 64 saved to checkpoints/reg_mixer_attnpl_t_20260509-134128/last_model_1.pth
2026-05-09 13:42:55,849 INFO src.train.trainer: Epoch 65
2026-05-09 13:42:57,078 INFO src.train.trainer: Last model at epoch 65 saved to checkpoints/reg_mixer_attnpl_t_20260509-134128/last_model_1.pth
2026-05-09 13:42:57,079 INFO src.train.trainer: Epoch 66
2026-05-09 13:42:58,239 INFO src.train.trainer: Last model at epoch 66 saved to checkpoints/reg_mixer_attnpl_t_20260509-134128/last_model_1.pth
2026-05-09 13:42:58,239 INFO src.train.trainer: Epoch 67
2026-05-09 13:42:59,438 INFO src.train.trainer: Last model at epoch 67 saved to checkpoints/reg_mixer_attnpl_t_20260509-134128/last_model_1.pth
2026-05-09 13:42:59,438 INFO src.train.trainer: Epoch 68
2026-05-09 13:43:00,664 INFO src.train.trainer: Last model at epoch 68 saved to checkpoints/reg_mixer_attnpl_t_20260509-134128/last_model_1.pth
2026-05-09 13:43:00,664 INFO src.train.trainer: Epoch 69
2026-05-09 13:43:01,840 INFO src.train.trainer: Last model at epoch 69 saved to checkpoints/reg_mixer_attnpl_t_20260509-134128/last_model_1.pth
2026-05-09 13:43:01,840 INFO src.train.trainer: Epoch 70
2026-05-09 13:43:03,088 INFO src.train.trainer: Last model at epoch 70 saved to checkpoints/reg_mixer_attnpl_t_20260509-134128/last_model_1.pth
2026-05-09 13:43:03,089 INFO src.train.trainer: Epoch 71
2026-05-09 13:43:04,173 INFO src.train.trainer: Last model at epoch 71 saved to checkpoints/reg_mixer_attnpl_t_20260509-134128/last_model_1.pth
2026-05-09 13:43:04,173 INFO src.train.trainer: Epoch 72
2026-05-09 13:43:05,441 INFO src.train.trainer: Last model at epoch 72 saved to checkpoints/reg_mixer_attnpl_t_20260509-134128/last_model_1.pth
2026-05-09 13:43:05,442 INFO src.train.trainer: Epoch 73
2026-05-09 13:43:06,749 INFO src.train.trainer: Last model at epoch 73 saved to checkpoints/reg_mixer_attnpl_t_20260509-134128/last_model_1.pth
2026-05-09 13:43:06,749 INFO src.train.trainer: Epoch 74
2026-05-09 13:43:07,951 INFO src.train.trainer: Last model at epoch 74 saved to checkpoints/reg_mixer_attnpl_t_20260509-134128/last_model_1.pth
2026-05-09 13:43:07,951 INFO src.train.trainer: Epoch 75
2026-05-09 13:43:09,257 INFO src.train.trainer: Last model at epoch 75 saved to checkpoints/reg_mixer_attnpl_t_20260509-134128/last_model_1.pth
2026-05-09 13:43:09,257 INFO src.train.trainer: Epoch 76
2026-05-09 13:43:10,561 INFO src.train.trainer: New best validation loss: 0.0428, saved to checkpoints/reg_mixer_attnpl_t_20260509-134128/best_model_1.pth
2026-05-09 13:43:10,571 INFO src.train.trainer: Last model at epoch 76 saved to checkpoints/reg_mixer_attnpl_t_20260509-134128/last_model_1.pth
2026-05-09 13:43:10,571 INFO src.train.trainer: Epoch 77
2026-05-09 13:43:11,854 INFO src.train.trainer: Last model at epoch 77 saved to checkpoints/reg_mixer_attnpl_t_20260509-134128/last_model_1.pth
2026-05-09 13:43:11,854 INFO src.train.trainer: Epoch 78
2026-05-09 13:43:13,087 INFO src.train.trainer: Last model at epoch 78 saved to checkpoints/reg_mixer_attnpl_t_20260509-134128/last_model_1.pth
2026-05-09 13:43:13,088 INFO src.train.trainer: Epoch 79
2026-05-09 13:43:14,277 INFO src.train.trainer: Last model at epoch 79 saved to checkpoints/reg_mixer_attnpl_t_20260509-134128/last_model_1.pth
2026-05-09 13:43:14,278 INFO src.train.trainer: Epoch 80
2026-05-09 13:43:15,596 INFO src.train.trainer: Last model at epoch 80 saved to checkpoints/reg_mixer_attnpl_t_20260509-134128/last_model_1.pth
2026-05-09 13:43:15,602 INFO src.train.trainer: Saved epoch 80 snapshot to checkpoints/reg_mixer_attnpl_t_20260509-134128/epoch_80_model_1.pth
2026-05-09 13:43:15,602 INFO src.train.trainer: Epoch 81
2026-05-09 13:43:16,872 INFO src.train.trainer: Last model at epoch 81 saved to checkpoints/reg_mixer_attnpl_t_20260509-134128/last_model_1.pth
2026-05-09 13:43:16,873 INFO src.train.trainer: Epoch 82
2026-05-09 13:43:18,038 INFO src.train.trainer: Last model at epoch 82 saved to checkpoints/reg_mixer_attnpl_t_20260509-134128/last_model_1.pth
2026-05-09 13:43:18,038 INFO src.train.trainer: Epoch 83
2026-05-09 13:43:19,225 INFO src.train.trainer: Last model at epoch 83 saved to checkpoints/reg_mixer_attnpl_t_20260509-134128/last_model_1.pth
2026-05-09 13:43:19,225 INFO src.train.trainer: Epoch 84
2026-05-09 13:43:20,561 INFO src.train.trainer: Last model at epoch 84 saved to checkpoints/reg_mixer_attnpl_t_20260509-134128/last_model_1.pth
2026-05-09 13:43:20,562 INFO src.train.trainer: Epoch 85
2026-05-09 13:43:21,832 INFO src.train.trainer: Last model at epoch 85 saved to checkpoints/reg_mixer_attnpl_t_20260509-134128/last_model_1.pth
2026-05-09 13:43:21,833 INFO src.train.trainer: Epoch 86
2026-05-09 13:43:22,841 INFO src.train.trainer: Last model at epoch 86 saved to checkpoints/reg_mixer_attnpl_t_20260509-134128/last_model_1.pth
2026-05-09 13:43:22,841 INFO src.train.trainer: Epoch 87
2026-05-09 13:43:23,782 INFO src.train.trainer: Last model at epoch 87 saved to checkpoints/reg_mixer_attnpl_t_20260509-134128/last_model_1.pth
2026-05-09 13:43:23,783 INFO src.train.trainer: Epoch 88
2026-05-09 13:43:24,749 INFO src.train.trainer: Last model at epoch 88 saved to checkpoints/reg_mixer_attnpl_t_20260509-134128/last_model_1.pth
2026-05-09 13:43:24,749 INFO src.train.trainer: Epoch 89
2026-05-09 13:43:25,737 INFO src.train.trainer: Last model at epoch 89 saved to checkpoints/reg_mixer_attnpl_t_20260509-134128/last_model_1.pth
2026-05-09 13:43:25,737 INFO src.train.trainer: Epoch 90
2026-05-09 13:43:26,767 INFO src.train.trainer: Last model at epoch 90 saved to checkpoints/reg_mixer_attnpl_t_20260509-134128/last_model_1.pth
2026-05-09 13:43:26,767 INFO src.train.trainer: Epoch 91
2026-05-09 13:43:27,722 INFO src.train.trainer: Last model at epoch 91 saved to checkpoints/reg_mixer_attnpl_t_20260509-134128/last_model_1.pth
2026-05-09 13:43:27,723 INFO src.train.trainer: Epoch 92
2026-05-09 13:43:28,759 INFO src.train.trainer: Last model at epoch 92 saved to checkpoints/reg_mixer_attnpl_t_20260509-134128/last_model_1.pth
2026-05-09 13:43:28,760 INFO src.train.trainer: Epoch 93
2026-05-09 13:43:29,750 INFO src.train.trainer: New best validation loss: 0.0428, saved to checkpoints/reg_mixer_attnpl_t_20260509-134128/best_model_1.pth
2026-05-09 13:43:29,766 INFO src.train.trainer: Last model at epoch 93 saved to checkpoints/reg_mixer_attnpl_t_20260509-134128/last_model_1.pth
2026-05-09 13:43:29,766 INFO src.train.trainer: Epoch 94
2026-05-09 13:43:30,891 INFO src.train.trainer: Last model at epoch 94 saved to checkpoints/reg_mixer_attnpl_t_20260509-134128/last_model_1.pth
2026-05-09 13:43:30,892 INFO src.train.trainer: Epoch 95
2026-05-09 13:43:31,887 INFO src.train.trainer: Last model at epoch 95 saved to checkpoints/reg_mixer_attnpl_t_20260509-134128/last_model_1.pth
2026-05-09 13:43:31,888 INFO src.train.trainer: Epoch 96
2026-05-09 13:43:32,890 INFO src.train.trainer: Last model at epoch 96 saved to checkpoints/reg_mixer_attnpl_t_20260509-134128/last_model_1.pth
2026-05-09 13:43:32,890 INFO src.train.trainer: Epoch 97
2026-05-09 13:43:33,945 INFO src.train.trainer: Last model at epoch 97 saved to checkpoints/reg_mixer_attnpl_t_20260509-134128/last_model_1.pth
2026-05-09 13:43:33,946 INFO src.train.trainer: Epoch 98
2026-05-09 13:43:35,300 INFO src.train.trainer: Last model at epoch 98 saved to checkpoints/reg_mixer_attnpl_t_20260509-134128/last_model_1.pth
2026-05-09 13:43:35,300 INFO src.train.trainer: Epoch 99
2026-05-09 13:43:36,431 INFO src.train.trainer: Last model at epoch 99 saved to checkpoints/reg_mixer_attnpl_t_20260509-134128/last_model_1.pth
2026-05-09 13:43:36,431 INFO src.train.trainer: Epoch 100
2026-05-09 13:43:37,473 INFO src.train.trainer: Last model at epoch 100 saved to checkpoints/reg_mixer_attnpl_t_20260509-134128/last_model_1.pth
2026-05-09 13:43:37,482 INFO src.train.trainer: Saved epoch 100 snapshot to checkpoints/reg_mixer_attnpl_t_20260509-134128/epoch_100_model_1.pth
2026-05-09 13:43:37,483 INFO src.train.trainer: Epoch 101
2026-05-09 13:43:38,496 INFO src.train.trainer: Last model at epoch 101 saved to checkpoints/reg_mixer_attnpl_t_20260509-134128/last_model_1.pth
2026-05-09 13:43:38,496 INFO src.train.trainer: Epoch 102
2026-05-09 13:43:39,564 INFO src.train.trainer: Last model at epoch 102 saved to checkpoints/reg_mixer_attnpl_t_20260509-134128/last_model_1.pth
2026-05-09 13:43:39,564 INFO src.train.trainer: Epoch 103
2026-05-09 13:43:40,571 INFO src.train.trainer: Last model at epoch 103 saved to checkpoints/reg_mixer_attnpl_t_20260509-134128/last_model_1.pth
2026-05-09 13:43:40,571 INFO src.train.trainer: Epoch 104
2026-05-09 13:43:41,652 INFO src.train.trainer: Last model at epoch 104 saved to checkpoints/reg_mixer_attnpl_t_20260509-134128/last_model_1.pth
2026-05-09 13:43:41,653 INFO src.train.trainer: Epoch 105
2026-05-09 13:43:42,650 INFO src.train.trainer: Last model at epoch 105 saved to checkpoints/reg_mixer_attnpl_t_20260509-134128/last_model_1.pth
2026-05-09 13:43:42,650 INFO src.train.trainer: Epoch 106
2026-05-09 13:43:43,858 INFO src.train.trainer: New best validation loss: 0.0427, saved to checkpoints/reg_mixer_attnpl_t_20260509-134128/best_model_1.pth
2026-05-09 13:43:43,870 INFO src.train.trainer: Last model at epoch 106 saved to checkpoints/reg_mixer_attnpl_t_20260509-134128/last_model_1.pth
2026-05-09 13:43:43,870 INFO src.train.trainer: Epoch 107
2026-05-09 13:43:45,317 INFO src.train.trainer: New best validation loss: 0.0425, saved to checkpoints/reg_mixer_attnpl_t_20260509-134128/best_model_1.pth
2026-05-09 13:43:45,325 INFO src.train.trainer: Last model at epoch 107 saved to checkpoints/reg_mixer_attnpl_t_20260509-134128/last_model_1.pth
2026-05-09 13:43:45,325 INFO src.train.trainer: Epoch 108
2026-05-09 13:43:46,586 INFO src.train.trainer: Last model at epoch 108 saved to checkpoints/reg_mixer_attnpl_t_20260509-134128/last_model_1.pth
2026-05-09 13:43:46,586 INFO src.train.trainer: Epoch 109
2026-05-09 13:43:47,727 INFO src.train.trainer: Last model at epoch 109 saved to checkpoints/reg_mixer_attnpl_t_20260509-134128/last_model_1.pth
2026-05-09 13:43:47,728 INFO src.train.trainer: Epoch 110
2026-05-09 13:43:48,844 INFO src.train.trainer: Last model at epoch 110 saved to checkpoints/reg_mixer_attnpl_t_20260509-134128/last_model_1.pth
2026-05-09 13:43:48,844 INFO src.train.trainer: Epoch 111
2026-05-09 13:43:49,854 INFO src.train.trainer: Last model at epoch 111 saved to checkpoints/reg_mixer_attnpl_t_20260509-134128/last_model_1.pth
2026-05-09 13:43:49,854 INFO src.train.trainer: Epoch 112
2026-05-09 13:43:50,937 INFO src.train.trainer: Last model at epoch 112 saved to checkpoints/reg_mixer_attnpl_t_20260509-134128/last_model_1.pth
2026-05-09 13:43:50,937 INFO src.train.trainer: Epoch 113
2026-05-09 13:43:51,946 INFO src.train.trainer: New best validation loss: 0.0425, saved to checkpoints/reg_mixer_attnpl_t_20260509-134128/best_model_1.pth
2026-05-09 13:43:51,953 INFO src.train.trainer: Last model at epoch 113 saved to checkpoints/reg_mixer_attnpl_t_20260509-134128/last_model_1.pth
2026-05-09 13:43:51,954 INFO src.train.trainer: Epoch 114
2026-05-09 13:43:52,946 INFO src.train.trainer: Last model at epoch 114 saved to checkpoints/reg_mixer_attnpl_t_20260509-134128/last_model_1.pth
2026-05-09 13:43:52,947 INFO src.train.trainer: Epoch 115
2026-05-09 13:43:54,004 INFO src.train.trainer: Last model at epoch 115 saved to checkpoints/reg_mixer_attnpl_t_20260509-134128/last_model_1.pth
2026-05-09 13:43:54,005 INFO src.train.trainer: Epoch 116
2026-05-09 13:43:55,055 INFO src.train.trainer: Last model at epoch 116 saved to checkpoints/reg_mixer_attnpl_t_20260509-134128/last_model_1.pth
2026-05-09 13:43:55,056 INFO src.train.trainer: Epoch 117
2026-05-09 13:43:56,355 INFO src.train.trainer: Last model at epoch 117 saved to checkpoints/reg_mixer_attnpl_t_20260509-134128/last_model_1.pth
2026-05-09 13:43:56,355 INFO src.train.trainer: Epoch 118
2026-05-09 13:43:57,270 INFO src.train.trainer: Last model at epoch 118 saved to checkpoints/reg_mixer_attnpl_t_20260509-134128/last_model_1.pth
2026-05-09 13:43:57,270 INFO src.train.trainer: Epoch 119
2026-05-09 13:43:58,344 INFO src.train.trainer: Last model at epoch 119 saved to checkpoints/reg_mixer_attnpl_t_20260509-134128/last_model_1.pth
2026-05-09 13:43:58,344 INFO src.train.trainer: Epoch 120
2026-05-09 13:43:59,360 INFO src.train.trainer: Last model at epoch 120 saved to checkpoints/reg_mixer_attnpl_t_20260509-134128/last_model_1.pth
2026-05-09 13:43:59,367 INFO src.train.trainer: Saved epoch 120 snapshot to checkpoints/reg_mixer_attnpl_t_20260509-134128/epoch_120_model_1.pth
2026-05-09 13:43:59,367 INFO src.train.trainer: Epoch 121
2026-05-09 13:44:00,582 INFO src.train.trainer: Last model at epoch 121 saved to checkpoints/reg_mixer_attnpl_t_20260509-134128/last_model_1.pth
2026-05-09 13:44:00,583 INFO src.train.trainer: Epoch 122
2026-05-09 13:44:01,690 INFO src.train.trainer: Last model at epoch 122 saved to checkpoints/reg_mixer_attnpl_t_20260509-134128/last_model_1.pth
2026-05-09 13:44:01,690 INFO src.train.trainer: Epoch 123
2026-05-09 13:44:02,812 INFO src.train.trainer: New best validation loss: 0.0424, saved to checkpoints/reg_mixer_attnpl_t_20260509-134128/best_model_1.pth
2026-05-09 13:44:02,822 INFO src.train.trainer: Last model at epoch 123 saved to checkpoints/reg_mixer_attnpl_t_20260509-134128/last_model_1.pth
2026-05-09 13:44:02,822 INFO src.train.trainer: Epoch 124
2026-05-09 13:44:03,893 INFO src.train.trainer: New best validation loss: 0.0423, saved to checkpoints/reg_mixer_attnpl_t_20260509-134128/best_model_1.pth
2026-05-09 13:44:03,907 INFO src.train.trainer: Last model at epoch 124 saved to checkpoints/reg_mixer_attnpl_t_20260509-134128/last_model_1.pth
2026-05-09 13:44:03,907 INFO src.train.trainer: Epoch 125
2026-05-09 13:44:04,953 INFO src.train.trainer: Last model at epoch 125 saved to checkpoints/reg_mixer_attnpl_t_20260509-134128/last_model_1.pth
2026-05-09 13:44:04,953 INFO src.train.trainer: Epoch 126
2026-05-09 13:44:06,144 INFO src.train.trainer: Last model at epoch 126 saved to checkpoints/reg_mixer_attnpl_t_20260509-134128/last_model_1.pth
2026-05-09 13:44:06,145 INFO src.train.trainer: Epoch 127
2026-05-09 13:44:07,234 INFO src.train.trainer: Last model at epoch 127 saved to checkpoints/reg_mixer_attnpl_t_20260509-134128/last_model_1.pth
2026-05-09 13:44:07,235 INFO src.train.trainer: Epoch 128
2026-05-09 13:44:08,318 INFO src.train.trainer: Last model at epoch 128 saved to checkpoints/reg_mixer_attnpl_t_20260509-134128/last_model_1.pth
2026-05-09 13:44:08,318 INFO src.train.trainer: Epoch 129
2026-05-09 13:44:09,415 INFO src.train.trainer: Last model at epoch 129 saved to checkpoints/reg_mixer_attnpl_t_20260509-134128/last_model_1.pth
2026-05-09 13:44:09,415 INFO src.train.trainer: Epoch 130
2026-05-09 13:44:10,583 INFO src.train.trainer: Last model at epoch 130 saved to checkpoints/reg_mixer_attnpl_t_20260509-134128/last_model_1.pth
2026-05-09 13:44:10,583 INFO src.train.trainer: Epoch 131
2026-05-09 13:44:11,668 INFO src.train.trainer: Last model at epoch 131 saved to checkpoints/reg_mixer_attnpl_t_20260509-134128/last_model_1.pth
2026-05-09 13:44:11,668 INFO src.train.trainer: Epoch 132
2026-05-09 13:44:12,727 INFO src.train.trainer: Last model at epoch 132 saved to checkpoints/reg_mixer_attnpl_t_20260509-134128/last_model_1.pth
2026-05-09 13:44:12,728 INFO src.train.trainer: Epoch 133
2026-05-09 13:44:13,824 INFO src.train.trainer: Last model at epoch 133 saved to checkpoints/reg_mixer_attnpl_t_20260509-134128/last_model_1.pth
2026-05-09 13:44:13,825 INFO src.train.trainer: Epoch 134
2026-05-09 13:44:14,819 INFO src.train.trainer: Last model at epoch 134 saved to checkpoints/reg_mixer_attnpl_t_20260509-134128/last_model_1.pth
2026-05-09 13:44:14,819 INFO src.train.trainer: Epoch 135
2026-05-09 13:44:15,924 INFO src.train.trainer: Last model at epoch 135 saved to checkpoints/reg_mixer_attnpl_t_20260509-134128/last_model_1.pth
2026-05-09 13:44:15,924 INFO src.train.trainer: Epoch 136
2026-05-09 13:44:16,959 INFO src.train.trainer: Last model at epoch 136 saved to checkpoints/reg_mixer_attnpl_t_20260509-134128/last_model_1.pth
2026-05-09 13:44:16,959 INFO src.train.trainer: Epoch 137
2026-05-09 13:44:18,004 INFO src.train.trainer: Last model at epoch 137 saved to checkpoints/reg_mixer_attnpl_t_20260509-134128/last_model_1.pth
2026-05-09 13:44:18,005 INFO src.train.trainer: Epoch 138
2026-05-09 13:44:18,997 INFO src.train.trainer: New best validation loss: 0.0423, saved to checkpoints/reg_mixer_attnpl_t_20260509-134128/best_model_1.pth
2026-05-09 13:44:19,007 INFO src.train.trainer: Last model at epoch 138 saved to checkpoints/reg_mixer_attnpl_t_20260509-134128/last_model_1.pth
2026-05-09 13:44:19,007 INFO src.train.trainer: Epoch 139
2026-05-09 13:44:20,101 INFO src.train.trainer: Last model at epoch 139 saved to checkpoints/reg_mixer_attnpl_t_20260509-134128/last_model_1.pth
2026-05-09 13:44:20,101 INFO src.train.trainer: Epoch 140
2026-05-09 13:44:21,211 INFO src.train.trainer: Last model at epoch 140 saved to checkpoints/reg_mixer_attnpl_t_20260509-134128/last_model_1.pth
2026-05-09 13:44:21,215 INFO src.train.trainer: Saved epoch 140 snapshot to checkpoints/reg_mixer_attnpl_t_20260509-134128/epoch_140_model_1.pth
2026-05-09 13:44:21,215 INFO src.train.trainer: Epoch 141
2026-05-09 13:44:22,267 INFO src.train.trainer: Last model at epoch 141 saved to checkpoints/reg_mixer_attnpl_t_20260509-134128/last_model_1.pth
2026-05-09 13:44:22,267 INFO src.train.trainer: Epoch 142
2026-05-09 13:44:23,346 INFO src.train.trainer: Last model at epoch 142 saved to checkpoints/reg_mixer_attnpl_t_20260509-134128/last_model_1.pth
2026-05-09 13:44:23,347 INFO src.train.trainer: Epoch 143
2026-05-09 13:44:24,442 INFO src.train.trainer: Last model at epoch 143 saved to checkpoints/reg_mixer_attnpl_t_20260509-134128/last_model_1.pth
2026-05-09 13:44:24,442 INFO src.train.trainer: Epoch 144
2026-05-09 13:44:25,594 INFO src.train.trainer: Last model at epoch 144 saved to checkpoints/reg_mixer_attnpl_t_20260509-134128/last_model_1.pth
2026-05-09 13:44:25,595 INFO src.train.trainer: Epoch 145
2026-05-09 13:44:26,656 INFO src.train.trainer: Last model at epoch 145 saved to checkpoints/reg_mixer_attnpl_t_20260509-134128/last_model_1.pth
2026-05-09 13:44:26,657 INFO src.train.trainer: Epoch 146
2026-05-09 13:44:27,729 INFO src.train.trainer: Last model at epoch 146 saved to checkpoints/reg_mixer_attnpl_t_20260509-134128/last_model_1.pth
2026-05-09 13:44:27,730 INFO src.train.trainer: Epoch 147
2026-05-09 13:44:28,775 INFO src.train.trainer: Last model at epoch 147 saved to checkpoints/reg_mixer_attnpl_t_20260509-134128/last_model_1.pth
2026-05-09 13:44:28,776 INFO src.train.trainer: Epoch 148
2026-05-09 13:44:29,801 INFO src.train.trainer: Last model at epoch 148 saved to checkpoints/reg_mixer_attnpl_t_20260509-134128/last_model_1.pth
2026-05-09 13:44:29,801 INFO src.train.trainer: Epoch 149
2026-05-09 13:44:30,922 INFO src.train.trainer: Last model at epoch 149 saved to checkpoints/reg_mixer_attnpl_t_20260509-134128/last_model_1.pth
2026-05-09 13:44:30,922 INFO src.train.trainer: Epoch 150
2026-05-09 13:44:31,956 INFO src.train.trainer: Last model at epoch 150 saved to checkpoints/reg_mixer_attnpl_t_20260509-134128/last_model_1.pth
2026-05-09 13:44:44,519 INFO src.data.preprocessing: CSV files found: ['chuandian_2021.csv']
2026-05-09 13:44:45,304 INFO src.utils.file_utils: Loading cached data from: data/ChuanDian/regressor/regressor_Mc_3_Mf_3_Tfore_180_Twindow_360_context_len_1_dt_10.pkl
2026-05-09 13:44:47,532 INFO src.data.preprocessing: Catalog statistics: {'tau_unfiltered': 0.15339908988298961, 'tau_q025': 0.08114294020924717, 'tau_q05': 0.5134664350189269, 'tau_mean': 1.3070542199341526, 'tau_max': 25.18216435192153, 'tau_min': 0.0, 'time_max': 18770.72654999979, 'time_mean': 10030.9430649837, 'mag_completeness': 3.0, 'mag_mean': 3.456916005014626, 'mag_max': 8.0, 'mag_min': 3.0, 'b_value': 0.856738547623331, 'b_std': 0.0071499224812533796, 'b_n': 14358}
2026-05-09 13:44:47,632 INFO src.data.event_loader: lengths of samples: min=96, max=1340, avg=265.71
2026-05-09 13:44:48,473 INFO src.models.adapters.mixer_task: using time scale base 1.3070542199341526 (key: tau_mean)
2026-05-09 13:44:48,473 INFO src.models.adapters.mixer_task: tau mean: tensor(1.3071)
2026-05-09 13:44:48,477 INFO src.train.config_setup: Restoring model from checkpoint.
2026-05-09 13:44:48,477 INFO src.train.config_setup: Loading model weights: load_specific_parts=None
2026-05-09 13:44:48,478 INFO src.train.config_setup: Checkpoint loaded: <All keys matched successfully>
2026-05-09 13:44:48,478 INFO src.train.config_setup: Full load summary: loaded=40, missing=0, unexpected=0
2026-05-09 13:44:48,479 INFO src.train.config_setup: Checkpoint hyperparameters loaded.
2026-05-09 13:44:48,479 INFO src.train.config_setup: Checkpoint train metrics available.
2026-05-09 13:44:48,479 INFO src.train.config_setup: Checkpoint val metrics available.
2026-05-09 13:44:48,479 INFO src.train.config_setup: Freeze summary (checkpoint_restore): mode=all_matched, freeze_parts=['encoder'], exclude_freeze_parts=[], frozen=34
2026-05-09 13:44:48,479 INFO src.train.config_setup: Frozen parameter preview (checkpoint_restore): ['base_model.encoder.input_proj.0.weight', 'base_model.encoder.input_proj.0.bias', 'base_model.encoder.input_proj.3.weight', 'base_model.encoder.input_proj.3.bias', 'base_model.encoder.layers.0.norm.weight', 'base_model.encoder.layers.0.norm.bias', 'base_model.encoder.layers.0.mixer.dt_bias', 'base_model.encoder.layers.0.mixer.A_log', 'base_model.encoder.layers.0.mixer.D', 'base_model.encoder.layers.0.mixer.in_proj.weight'] ... (+24 more)
2026-05-09 13:44:48,479 INFO src.train.config_setup: Using regression criterion: smooth_l1
2026-05-09 13:44:48,480 INFO src.train.config_setup: Criterion config: {'beta': 0.2}
2026-05-09 13:44:48,480 INFO src.train.config_setup: encoder_param_keywords: ['encoder']
2026-05-09 13:44:48,480 INFO src.train.config_setup: encoder_lr grouping summary: lr=0.0004, matched=0
2026-05-09 13:44:48,480 INFO src.train.config_setup: Encoder LR coverage [encoder]: target=0, hit=0, missing=0, complete=True
2026-05-09 13:44:48,481 INFO src.train.config_setup: Not resuming optimizer/scheduler state; reset training state to start_epoch=0, best_val_loss=inf.
2026-05-09 13:44:53,402 INFO __main__: Test loss: 0.0415057639280955
2026-05-09 13:44:55,304 INFO __main__: Saved test metrics to checkpoints/reg_mixer_attnpl_t_20260509-134128/metrics_test_best_1.json
2026-05-09 13:44:55,304 INFO __main__: Metrics: {'RMSE': 0.7749554610126228, 'MAE': 0.675530699921436, 'MSE': 0.6005559665532868, 'MAPE': 14.628794210489545, 'R2': -0.7946616860497642, 'PearsonR': -0.10718383992384053, 'PearsonR_diff': 0.03903418828424224, 'DA': 0.04945054945054945, 'SpearmanR': -0.1050008215097951, 'SpearmanR_diff': 0.01571894695306606, 'DTW': 106.08413377404213, 'DTW_normalized': 0.579694720076733}
2026-05-09 13:45:23,427 INFO src.data.preprocessing: CSV files found: ['chuandian_2021.csv']
2026-05-09 13:45:24,235 INFO src.utils.file_utils: Loading cached data from: data/ChuanDian/regressor/regressor_Mc_3_Mf_3_Tfore_180_Twindow_360_context_len_1_dt_10.pkl
2026-05-09 13:45:26,733 INFO src.data.preprocessing: Catalog statistics: {'tau_unfiltered': 0.15339908988298961, 'tau_q025': 0.08114294020924717, 'tau_q05': 0.5134664350189269, 'tau_mean': 1.3070542199341526, 'tau_max': 25.18216435192153, 'tau_min': 0.0, 'time_max': 18770.72654999979, 'time_mean': 10030.9430649837, 'mag_completeness': 3.0, 'mag_mean': 3.456916005014626, 'mag_max': 8.0, 'mag_min': 3.0, 'b_value': 0.856738547623331, 'b_std': 0.0071499224812533796, 'b_n': 14358}
2026-05-09 13:45:26,810 INFO src.data.event_loader: lengths of samples: min=96, max=1340, avg=265.71
2026-05-09 13:45:27,978 INFO src.models.adapters.mixer_task: using time scale base 1.3070542199341526 (key: tau_mean)
2026-05-09 13:45:27,978 INFO src.models.adapters.mixer_task: tau mean: tensor(1.3071)
2026-05-09 13:45:27,982 INFO src.train.config_setup: Restoring model from checkpoint.
2026-05-09 13:45:27,982 INFO src.train.config_setup: Loading model weights: load_specific_parts=None
2026-05-09 13:45:27,984 INFO src.train.config_setup: Checkpoint loaded: <All keys matched successfully>
2026-05-09 13:45:27,984 INFO src.train.config_setup: Full load summary: loaded=40, missing=0, unexpected=0
2026-05-09 13:45:27,984 INFO src.train.config_setup: Checkpoint hyperparameters loaded.
2026-05-09 13:45:27,984 INFO src.train.config_setup: Checkpoint train metrics available.
2026-05-09 13:45:27,984 INFO src.train.config_setup: Checkpoint val metrics available.
2026-05-09 13:45:27,985 INFO src.train.config_setup: Freeze summary (checkpoint_restore): mode=all_matched, freeze_parts=['encoder'], exclude_freeze_parts=[], frozen=34
2026-05-09 13:45:27,985 INFO src.train.config_setup: Frozen parameter preview (checkpoint_restore): ['base_model.encoder.input_proj.0.weight', 'base_model.encoder.input_proj.0.bias', 'base_model.encoder.input_proj.3.weight', 'base_model.encoder.input_proj.3.bias', 'base_model.encoder.layers.0.norm.weight', 'base_model.encoder.layers.0.norm.bias', 'base_model.encoder.layers.0.mixer.dt_bias', 'base_model.encoder.layers.0.mixer.A_log', 'base_model.encoder.layers.0.mixer.D', 'base_model.encoder.layers.0.mixer.in_proj.weight'] ... (+24 more)
2026-05-09 13:45:27,985 INFO src.train.config_setup: Using regression criterion: smooth_l1
2026-05-09 13:45:27,985 INFO src.train.config_setup: Criterion config: {'beta': 0.2}
2026-05-09 13:45:27,985 INFO src.train.config_setup: encoder_param_keywords: ['encoder']
2026-05-09 13:45:27,985 INFO src.train.config_setup: encoder_lr grouping summary: lr=0.0004, matched=0
2026-05-09 13:45:27,985 INFO src.train.config_setup: Encoder LR coverage [encoder]: target=0, hit=0, missing=0, complete=True
2026-05-09 13:45:27,986 INFO src.train.config_setup: Not resuming optimizer/scheduler state; reset training state to start_epoch=0, best_val_loss=inf.
2026-05-09 13:45:32,748 INFO __main__: Test loss: 0.04172708901266257
2026-05-09 13:45:34,369 INFO __main__: Saved test metrics to checkpoints/reg_mixer_attnpl_t_20260509-134128/metrics_test_last_1.json
2026-05-09 13:45:34,370 INFO __main__: Metrics: {'RMSE': 0.7770011200627347, 'MAE': 0.6773414274708169, 'MSE': 0.6037307405787442, 'MAPE': 14.668472159574671, 'R2': -0.8041489705372602, 'PearsonR': -0.10594993888348905, 'PearsonR_diff': 0.03797155474744955, 'DA': 0.054945054945054944, 'SpearmanR': -0.09684355364837259, 'SpearmanR_diff': 0.015695288685985062, 'DTW': 107.5962732732296, 'DTW_normalized': 0.5879577774493421}
