2026-05-21 16:25:38,314 INFO src.data.preprocessing: CSV files found: ['chuandian_2021.csv']
2026-05-21 16:25:38,875 INFO src.utils.file_utils: Loading cached data from: data/ChuanDian/classifier/classifier_Mc_3_Mf_5.0_Tfore_60_Twindow_180_context_len_1_dt_10.pkl
2026-05-21 16:25:39,191 INFO src.data.preprocessing: Catalog statistics: {'tau_unfiltered': 0.15339908988298961, 'tau_q025': 0.08114294020924717, 'tau_q05': 0.5134664350189269, 'tau_mean': 1.3070542199341526, 'tau_max': 25.18216435192153, 'tau_min': 0.0, 'time_max': 18770.72654999979, 'time_mean': 10030.9430649837, 'mag_completeness': 3.0, 'mag_mean': 3.456916005014626, 'mag_max': 8.0, 'mag_min': 3.0, 'b_value': 0.856738547623331, 'b_std': 0.0071499224812533796, 'b_n': 14358}
2026-05-21 16:25:39,206 INFO src.data.event_loader: lengths of samples: min=32, max=981, avg=129.55
2026-05-21 16:25:39,206 INFO src.data.event_loader: Number of positive samples: 808
2026-05-21 16:25:39,206 INFO src.data.event_loader: Number of negative samples: 651
2026-05-21 16:25:39,207 INFO src.data.event_loader: Positive samples: 673, Negative samples: 494
2026-05-21 16:25:39,207 INFO src.data.event_loader: Total samples: 1167, Positive ratio: 0.58, Negative ratio: 0.42
2026-05-21 16:25:39,207 INFO src.data.event_loader: Positive samples: 87, Negative samples: 58
2026-05-21 16:25:39,207 INFO src.data.event_loader: Total samples: 145, Positive ratio: 0.60, Negative ratio: 0.40
2026-05-21 16:25:39,207 INFO src.data.event_loader: Positive samples: 48, Negative samples: 99
2026-05-21 16:25:39,207 INFO src.data.event_loader: Total samples: 147, Positive ratio: 0.33, Negative ratio: 0.67
2026-05-21 16:25:39,254 INFO src.cli.workflows: Loading checkpoint from: ./checkpoints/mixer_tpp_20260510-211348/last_model_1.pth
2026-05-21 16:25:39,794 INFO src.models.adapters.mixer_task: using time scale base 1.3070542199341526 (key: tau_mean)
2026-05-21 16:25:39,794 INFO src.models.adapters.mixer_task: tau mean: tensor(1.3071)
2026-05-21 16:25:39,845 INFO src.train.config_setup: Restoring model from checkpoint.
2026-05-21 16:25:39,846 INFO src.train.config_setup: Loading model weights: load_specific_parts=['encoder']
2026-05-21 16:25:39,847 INFO src.train.config_setup: Selective load summary: requested_parts=['encoder'], target_in_model=40, matched_in_checkpoint=30, loaded=30, missing_after_load=10, shape_mismatch=0, missing_in_model=0, out_of_scope_loaded=0
2026-05-21 16:25:39,847 INFO src.train.config_setup: Selective load coverage [encoder]: target=40, hit=30, missing=10, complete=False
2026-05-21 16:25:39,847 WARNING src.train.config_setup: Selective load coverage missing preview [encoder]: ['base_model.encoder.layers.2.mixer.in_proj.bias', 'base_model.encoder.layers.2.mixer.in_proj.weight', 'base_model.encoder.layers.2.mixer.out_proj.bias', 'base_model.encoder.layers.2.mixer.out_proj.weight', 'base_model.encoder.layers.2.mlp.fc1.weight', 'base_model.encoder.layers.2.mlp.fc2.weight', 'base_model.encoder.layers.2.norm.bias', 'base_model.encoder.layers.2.norm.weight'] ... (+2 more)
2026-05-21 16:25:39,847 WARNING src.train.config_setup: Checkpoint missing target parameter preview: ['base_model.encoder.layers.2.mixer.in_proj.bias', 'base_model.encoder.layers.2.mixer.in_proj.weight', 'base_model.encoder.layers.2.mixer.out_proj.bias', 'base_model.encoder.layers.2.mixer.out_proj.weight', 'base_model.encoder.layers.2.mlp.fc1.weight', 'base_model.encoder.layers.2.mlp.fc2.weight', 'base_model.encoder.layers.2.norm.bias', 'base_model.encoder.layers.2.norm.weight', 'base_model.encoder.layers.2.norm2.bias', 'base_model.encoder.layers.2.norm2.weight']
2026-05-21 16:25:39,847 WARNING src.train.config_setup: Target not-loaded parameter preview: ['base_model.encoder.layers.2.mixer.in_proj.bias', 'base_model.encoder.layers.2.mixer.in_proj.weight', 'base_model.encoder.layers.2.mixer.out_proj.bias', 'base_model.encoder.layers.2.mixer.out_proj.weight', 'base_model.encoder.layers.2.mlp.fc1.weight', 'base_model.encoder.layers.2.mlp.fc2.weight', 'base_model.encoder.layers.2.norm.bias', 'base_model.encoder.layers.2.norm.weight', 'base_model.encoder.layers.2.norm2.bias', 'base_model.encoder.layers.2.norm2.weight']
2026-05-21 16:25:39,847 INFO src.train.config_setup: Loaded parameter preview: ['base_model.encoder.layers.1.mixer.norm.weight', 'base_model.encoder.layers.1.norm.weight', 'base_model.encoder.layers.0.mixer.dt_bias', 'base_model.encoder.input_proj.3.bias', 'base_model.encoder.layers.0.mixer.norm.weight', 'base_model.encoder.layers.0.mlp.fc2.weight', 'base_model.encoder.input_proj.3.weight', 'base_model.encoder.layers.0.mixer.out_proj.weight', 'base_model.encoder.layers.0.norm2.bias', 'base_model.encoder.layers.1.norm2.weight'] ... (+20 more)
2026-05-21 16:25:39,848 INFO src.train.config_setup: Checkpoint hyperparameters loaded.
2026-05-21 16:25:39,848 INFO src.train.config_setup: Checkpoint train metrics available.
2026-05-21 16:25:39,848 INFO src.train.config_setup: Checkpoint val metrics available.
2026-05-21 16:25:39,848 INFO src.train.config_setup: Freeze skipped (checkpoint_restore): freeze_parts is empty.
2026-05-21 16:25:39,848 INFO src.train.config_setup: Using classification criterion: focal
2026-05-21 16:25:39,848 INFO src.train.config_setup: Criterion config: {'alpha': 0.5, 'gamma': 2.0}
2026-05-21 16:25:39,849 INFO src.train.config_setup: Not resuming optimizer/scheduler state; reset training state to start_epoch=0, best_val_loss=inf.
2026-05-21 16:25:39,849 INFO src.train.trainer: Epoch 1
2026-05-21 16:25:54,882 INFO src.train.trainer: New best validation loss: 0.1109, saved to /root/autodl-tmp/em_eqf/experiments/clf_pre_v1/clf_pre_AZDX_minus_b_v1/runs/tf_60_mf_5p0_seed_3/best_model_1.pth
2026-05-21 16:25:54,888 INFO src.train.trainer: Last model at epoch 1 saved to /root/autodl-tmp/em_eqf/experiments/clf_pre_v1/clf_pre_AZDX_minus_b_v1/runs/tf_60_mf_5p0_seed_3/last_model_1.pth
2026-05-21 16:25:54,888 INFO src.train.trainer: Epoch 2
2026-05-21 16:25:58,523 INFO src.train.trainer: New best validation loss: 0.0895, saved to /root/autodl-tmp/em_eqf/experiments/clf_pre_v1/clf_pre_AZDX_minus_b_v1/runs/tf_60_mf_5p0_seed_3/best_model_1.pth
2026-05-21 16:25:58,531 INFO src.train.trainer: Last model at epoch 2 saved to /root/autodl-tmp/em_eqf/experiments/clf_pre_v1/clf_pre_AZDX_minus_b_v1/runs/tf_60_mf_5p0_seed_3/last_model_1.pth
2026-05-21 16:25:58,531 INFO src.train.trainer: Epoch 3
2026-05-21 16:26:02,455 INFO src.train.trainer: New best validation loss: 0.0854, saved to /root/autodl-tmp/em_eqf/experiments/clf_pre_v1/clf_pre_AZDX_minus_b_v1/runs/tf_60_mf_5p0_seed_3/best_model_1.pth
2026-05-21 16:26:02,464 INFO src.train.trainer: Last model at epoch 3 saved to /root/autodl-tmp/em_eqf/experiments/clf_pre_v1/clf_pre_AZDX_minus_b_v1/runs/tf_60_mf_5p0_seed_3/last_model_1.pth
2026-05-21 16:26:02,464 INFO src.train.trainer: Epoch 4
2026-05-21 16:26:06,391 INFO src.train.trainer: New best validation loss: 0.0833, saved to /root/autodl-tmp/em_eqf/experiments/clf_pre_v1/clf_pre_AZDX_minus_b_v1/runs/tf_60_mf_5p0_seed_3/best_model_1.pth
2026-05-21 16:26:06,400 INFO src.train.trainer: Last model at epoch 4 saved to /root/autodl-tmp/em_eqf/experiments/clf_pre_v1/clf_pre_AZDX_minus_b_v1/runs/tf_60_mf_5p0_seed_3/last_model_1.pth
2026-05-21 16:26:06,400 INFO src.train.trainer: Epoch 5
2026-05-21 16:26:10,231 INFO src.train.trainer: Last model at epoch 5 saved to /root/autodl-tmp/em_eqf/experiments/clf_pre_v1/clf_pre_AZDX_minus_b_v1/runs/tf_60_mf_5p0_seed_3/last_model_1.pth
2026-05-21 16:26:10,231 INFO src.train.trainer: Epoch 6
2026-05-21 16:26:13,900 INFO src.train.trainer: Last model at epoch 6 saved to /root/autodl-tmp/em_eqf/experiments/clf_pre_v1/clf_pre_AZDX_minus_b_v1/runs/tf_60_mf_5p0_seed_3/last_model_1.pth
2026-05-21 16:26:13,900 INFO src.train.trainer: Epoch 7
2026-05-21 16:26:17,511 INFO src.train.trainer: Last model at epoch 7 saved to /root/autodl-tmp/em_eqf/experiments/clf_pre_v1/clf_pre_AZDX_minus_b_v1/runs/tf_60_mf_5p0_seed_3/last_model_1.pth
2026-05-21 16:26:17,511 INFO src.train.trainer: Epoch 8
2026-05-21 16:26:20,947 INFO src.train.trainer: New best validation loss: 0.0832, saved to /root/autodl-tmp/em_eqf/experiments/clf_pre_v1/clf_pre_AZDX_minus_b_v1/runs/tf_60_mf_5p0_seed_3/best_model_1.pth
2026-05-21 16:26:20,956 INFO src.train.trainer: Last model at epoch 8 saved to /root/autodl-tmp/em_eqf/experiments/clf_pre_v1/clf_pre_AZDX_minus_b_v1/runs/tf_60_mf_5p0_seed_3/last_model_1.pth
2026-05-21 16:26:20,956 INFO src.train.trainer: Epoch 9
2026-05-21 16:26:24,329 INFO src.train.trainer: Last model at epoch 9 saved to /root/autodl-tmp/em_eqf/experiments/clf_pre_v1/clf_pre_AZDX_minus_b_v1/runs/tf_60_mf_5p0_seed_3/last_model_1.pth
2026-05-21 16:26:24,329 INFO src.train.trainer: Epoch 10
2026-05-21 16:26:28,209 INFO src.train.trainer: Last model at epoch 10 saved to /root/autodl-tmp/em_eqf/experiments/clf_pre_v1/clf_pre_AZDX_minus_b_v1/runs/tf_60_mf_5p0_seed_3/last_model_1.pth
2026-05-21 16:26:28,209 INFO src.train.trainer: Epoch 11
2026-05-21 16:26:32,031 INFO src.train.trainer: New best validation loss: 0.0821, saved to /root/autodl-tmp/em_eqf/experiments/clf_pre_v1/clf_pre_AZDX_minus_b_v1/runs/tf_60_mf_5p0_seed_3/best_model_1.pth
2026-05-21 16:26:32,037 INFO src.train.trainer: Last model at epoch 11 saved to /root/autodl-tmp/em_eqf/experiments/clf_pre_v1/clf_pre_AZDX_minus_b_v1/runs/tf_60_mf_5p0_seed_3/last_model_1.pth
2026-05-21 16:26:32,037 INFO src.train.trainer: Epoch 12
2026-05-21 16:26:35,506 INFO src.train.trainer: Last model at epoch 12 saved to /root/autodl-tmp/em_eqf/experiments/clf_pre_v1/clf_pre_AZDX_minus_b_v1/runs/tf_60_mf_5p0_seed_3/last_model_1.pth
2026-05-21 16:26:35,506 INFO src.train.trainer: Epoch 13
2026-05-21 16:26:38,850 INFO src.train.trainer: Last model at epoch 13 saved to /root/autodl-tmp/em_eqf/experiments/clf_pre_v1/clf_pre_AZDX_minus_b_v1/runs/tf_60_mf_5p0_seed_3/last_model_1.pth
2026-05-21 16:26:38,850 INFO src.train.trainer: Epoch 14
2026-05-21 16:26:42,346 INFO src.train.trainer: New best validation loss: 0.0781, saved to /root/autodl-tmp/em_eqf/experiments/clf_pre_v1/clf_pre_AZDX_minus_b_v1/runs/tf_60_mf_5p0_seed_3/best_model_1.pth
2026-05-21 16:26:42,353 INFO src.train.trainer: Last model at epoch 14 saved to /root/autodl-tmp/em_eqf/experiments/clf_pre_v1/clf_pre_AZDX_minus_b_v1/runs/tf_60_mf_5p0_seed_3/last_model_1.pth
2026-05-21 16:26:42,353 INFO src.train.trainer: Epoch 15
2026-05-21 16:26:46,039 INFO src.train.trainer: Last model at epoch 15 saved to /root/autodl-tmp/em_eqf/experiments/clf_pre_v1/clf_pre_AZDX_minus_b_v1/runs/tf_60_mf_5p0_seed_3/last_model_1.pth
2026-05-21 16:26:46,040 INFO src.train.trainer: Epoch 16
2026-05-21 16:26:49,702 INFO src.train.trainer: Last model at epoch 16 saved to /root/autodl-tmp/em_eqf/experiments/clf_pre_v1/clf_pre_AZDX_minus_b_v1/runs/tf_60_mf_5p0_seed_3/last_model_1.pth
2026-05-21 16:26:49,702 INFO src.train.trainer: Epoch 17
2026-05-21 16:26:53,188 INFO src.train.trainer: New best validation loss: 0.0690, saved to /root/autodl-tmp/em_eqf/experiments/clf_pre_v1/clf_pre_AZDX_minus_b_v1/runs/tf_60_mf_5p0_seed_3/best_model_1.pth
2026-05-21 16:26:53,195 INFO src.train.trainer: Last model at epoch 17 saved to /root/autodl-tmp/em_eqf/experiments/clf_pre_v1/clf_pre_AZDX_minus_b_v1/runs/tf_60_mf_5p0_seed_3/last_model_1.pth
2026-05-21 16:26:53,195 INFO src.train.trainer: Epoch 18
2026-05-21 16:26:56,327 INFO src.train.trainer: Last model at epoch 18 saved to /root/autodl-tmp/em_eqf/experiments/clf_pre_v1/clf_pre_AZDX_minus_b_v1/runs/tf_60_mf_5p0_seed_3/last_model_1.pth
2026-05-21 16:26:56,327 INFO src.train.trainer: Epoch 19
2026-05-21 16:26:59,277 INFO src.train.trainer: New best validation loss: 0.0690, saved to /root/autodl-tmp/em_eqf/experiments/clf_pre_v1/clf_pre_AZDX_minus_b_v1/runs/tf_60_mf_5p0_seed_3/best_model_1.pth
2026-05-21 16:26:59,284 INFO src.train.trainer: Last model at epoch 19 saved to /root/autodl-tmp/em_eqf/experiments/clf_pre_v1/clf_pre_AZDX_minus_b_v1/runs/tf_60_mf_5p0_seed_3/last_model_1.pth
2026-05-21 16:26:59,284 INFO src.train.trainer: Epoch 20
2026-05-21 16:27:02,321 INFO src.train.trainer: New best validation loss: 0.0677, saved to /root/autodl-tmp/em_eqf/experiments/clf_pre_v1/clf_pre_AZDX_minus_b_v1/runs/tf_60_mf_5p0_seed_3/best_model_1.pth
2026-05-21 16:27:02,328 INFO src.train.trainer: Last model at epoch 20 saved to /root/autodl-tmp/em_eqf/experiments/clf_pre_v1/clf_pre_AZDX_minus_b_v1/runs/tf_60_mf_5p0_seed_3/last_model_1.pth
2026-05-21 16:27:02,328 INFO src.train.trainer: Epoch 21
2026-05-21 16:27:05,319 INFO src.train.trainer: Last model at epoch 21 saved to /root/autodl-tmp/em_eqf/experiments/clf_pre_v1/clf_pre_AZDX_minus_b_v1/runs/tf_60_mf_5p0_seed_3/last_model_1.pth
2026-05-21 16:27:05,319 INFO src.train.trainer: Epoch 22
2026-05-21 16:27:09,090 INFO src.train.trainer: Last model at epoch 22 saved to /root/autodl-tmp/em_eqf/experiments/clf_pre_v1/clf_pre_AZDX_minus_b_v1/runs/tf_60_mf_5p0_seed_3/last_model_1.pth
2026-05-21 16:27:09,091 INFO src.train.trainer: Epoch 23
2026-05-21 16:27:12,882 INFO src.train.trainer: Last model at epoch 23 saved to /root/autodl-tmp/em_eqf/experiments/clf_pre_v1/clf_pre_AZDX_minus_b_v1/runs/tf_60_mf_5p0_seed_3/last_model_1.pth
2026-05-21 16:27:12,882 INFO src.train.trainer: Epoch 24
2026-05-21 16:27:16,217 INFO src.train.trainer: Last model at epoch 24 saved to /root/autodl-tmp/em_eqf/experiments/clf_pre_v1/clf_pre_AZDX_minus_b_v1/runs/tf_60_mf_5p0_seed_3/last_model_1.pth
2026-05-21 16:27:16,217 INFO src.train.trainer: Epoch 25
2026-05-21 16:27:19,333 INFO src.train.trainer: Last model at epoch 25 saved to /root/autodl-tmp/em_eqf/experiments/clf_pre_v1/clf_pre_AZDX_minus_b_v1/runs/tf_60_mf_5p0_seed_3/last_model_1.pth
2026-05-21 16:27:19,333 INFO src.train.trainer: Epoch 26
2026-05-21 16:27:22,336 INFO src.train.trainer: New best validation loss: 0.0669, saved to /root/autodl-tmp/em_eqf/experiments/clf_pre_v1/clf_pre_AZDX_minus_b_v1/runs/tf_60_mf_5p0_seed_3/best_model_1.pth
2026-05-21 16:27:22,343 INFO src.train.trainer: Last model at epoch 26 saved to /root/autodl-tmp/em_eqf/experiments/clf_pre_v1/clf_pre_AZDX_minus_b_v1/runs/tf_60_mf_5p0_seed_3/last_model_1.pth
2026-05-21 16:27:22,343 INFO src.train.trainer: Epoch 27
2026-05-21 16:27:25,892 INFO src.train.trainer: Last model at epoch 27 saved to /root/autodl-tmp/em_eqf/experiments/clf_pre_v1/clf_pre_AZDX_minus_b_v1/runs/tf_60_mf_5p0_seed_3/last_model_1.pth
2026-05-21 16:27:25,892 INFO src.train.trainer: Epoch 28
2026-05-21 16:27:29,728 INFO src.train.trainer: Last model at epoch 28 saved to /root/autodl-tmp/em_eqf/experiments/clf_pre_v1/clf_pre_AZDX_minus_b_v1/runs/tf_60_mf_5p0_seed_3/last_model_1.pth
2026-05-21 16:27:29,729 INFO src.train.trainer: Epoch 29
2026-05-21 16:27:34,420 INFO src.train.trainer: Last model at epoch 29 saved to /root/autodl-tmp/em_eqf/experiments/clf_pre_v1/clf_pre_AZDX_minus_b_v1/runs/tf_60_mf_5p0_seed_3/last_model_1.pth
2026-05-21 16:27:34,420 INFO src.train.trainer: Epoch 30
2026-05-21 16:27:38,531 INFO src.train.trainer: Last model at epoch 30 saved to /root/autodl-tmp/em_eqf/experiments/clf_pre_v1/clf_pre_AZDX_minus_b_v1/runs/tf_60_mf_5p0_seed_3/last_model_1.pth
2026-05-21 16:27:38,531 INFO src.train.trainer: Epoch 31
2026-05-21 16:27:42,030 INFO src.train.trainer: Last model at epoch 31 saved to /root/autodl-tmp/em_eqf/experiments/clf_pre_v1/clf_pre_AZDX_minus_b_v1/runs/tf_60_mf_5p0_seed_3/last_model_1.pth
2026-05-21 16:27:42,030 INFO src.train.trainer: Epoch 32
2026-05-21 16:27:45,229 INFO src.train.trainer: Last model at epoch 32 saved to /root/autodl-tmp/em_eqf/experiments/clf_pre_v1/clf_pre_AZDX_minus_b_v1/runs/tf_60_mf_5p0_seed_3/last_model_1.pth
2026-05-21 16:27:45,229 INFO src.train.trainer: Epoch 33
2026-05-21 16:27:48,543 INFO src.train.trainer: Last model at epoch 33 saved to /root/autodl-tmp/em_eqf/experiments/clf_pre_v1/clf_pre_AZDX_minus_b_v1/runs/tf_60_mf_5p0_seed_3/last_model_1.pth
2026-05-21 16:27:48,543 INFO src.train.trainer: Epoch 34
2026-05-21 16:27:51,940 INFO src.train.trainer: Last model at epoch 34 saved to /root/autodl-tmp/em_eqf/experiments/clf_pre_v1/clf_pre_AZDX_minus_b_v1/runs/tf_60_mf_5p0_seed_3/last_model_1.pth
2026-05-21 16:27:51,940 INFO src.train.trainer: Epoch 35
2026-05-21 16:27:55,541 INFO src.train.trainer: Last model at epoch 35 saved to /root/autodl-tmp/em_eqf/experiments/clf_pre_v1/clf_pre_AZDX_minus_b_v1/runs/tf_60_mf_5p0_seed_3/last_model_1.pth
2026-05-21 16:27:55,541 INFO src.train.trainer: Epoch 36
2026-05-21 16:27:59,265 INFO src.train.trainer: Last model at epoch 36 saved to /root/autodl-tmp/em_eqf/experiments/clf_pre_v1/clf_pre_AZDX_minus_b_v1/runs/tf_60_mf_5p0_seed_3/last_model_1.pth
2026-05-21 16:27:59,265 INFO src.train.trainer: Early stopping triggered at epoch 36 (best epoch: 26, best val loss: 0.066914)
2026-05-21 16:28:08,300 INFO src.data.preprocessing: CSV files found: ['chuandian_2021.csv']
2026-05-21 16:28:09,067 INFO src.utils.file_utils: Loading cached data from: data/ChuanDian/classifier/classifier_Mc_3_Mf_5.0_Tfore_60_Twindow_180_context_len_1_dt_10.pkl
2026-05-21 16:28:09,498 INFO src.data.preprocessing: Catalog statistics: {'tau_unfiltered': 0.15339908988298961, 'tau_q025': 0.08114294020924717, 'tau_q05': 0.5134664350189269, 'tau_mean': 1.3070542199341526, 'tau_max': 25.18216435192153, 'tau_min': 0.0, 'time_max': 18770.72654999979, 'time_mean': 10030.9430649837, 'mag_completeness': 3.0, 'mag_mean': 3.456916005014626, 'mag_max': 8.0, 'mag_min': 3.0, 'b_value': 0.856738547623331, 'b_std': 0.0071499224812533796, 'b_n': 14358}
2026-05-21 16:28:09,514 INFO src.data.event_loader: lengths of samples: min=32, max=981, avg=129.55
2026-05-21 16:28:09,515 INFO src.data.event_loader: Number of positive samples: 808
2026-05-21 16:28:09,515 INFO src.data.event_loader: Number of negative samples: 651
2026-05-21 16:28:09,516 INFO src.data.event_loader: Positive samples: 673, Negative samples: 494
2026-05-21 16:28:09,516 INFO src.data.event_loader: Total samples: 1167, Positive ratio: 0.58, Negative ratio: 0.42
2026-05-21 16:28:09,516 INFO src.data.event_loader: Positive samples: 87, Negative samples: 58
2026-05-21 16:28:09,516 INFO src.data.event_loader: Total samples: 145, Positive ratio: 0.60, Negative ratio: 0.40
2026-05-21 16:28:09,517 INFO src.data.event_loader: Positive samples: 48, Negative samples: 99
2026-05-21 16:28:09,517 INFO src.data.event_loader: Total samples: 147, Positive ratio: 0.33, Negative ratio: 0.67
2026-05-21 16:28:09,911 INFO src.models.adapters.mixer_task: using time scale base 1.3070542199341526 (key: tau_mean)
2026-05-21 16:28:09,911 INFO src.models.adapters.mixer_task: tau mean: tensor(1.3071)
2026-05-21 16:28:09,920 INFO src.train.config_setup: Restoring model from checkpoint.
2026-05-21 16:28:09,920 INFO src.train.config_setup: Loading model weights: load_specific_parts=None
2026-05-21 16:28:09,922 INFO src.train.config_setup: Checkpoint loaded: <All keys matched successfully>
2026-05-21 16:28:09,922 INFO src.train.config_setup: Full load summary: loaded=56, missing=0, unexpected=0
2026-05-21 16:28:09,923 INFO src.train.config_setup: Checkpoint hyperparameters loaded.
2026-05-21 16:28:09,923 INFO src.train.config_setup: Checkpoint train metrics available.
2026-05-21 16:28:09,923 INFO src.train.config_setup: Checkpoint val metrics available.
2026-05-21 16:28:09,923 INFO src.train.config_setup: Freeze skipped (checkpoint_restore): freeze_parts is empty.
2026-05-21 16:28:09,923 INFO src.train.config_setup: Using classification criterion: focal
2026-05-21 16:28:09,923 INFO src.train.config_setup: Criterion config: {'alpha': 0.5, 'gamma': 2.0}
2026-05-21 16:28:09,924 INFO src.train.config_setup: Not resuming optimizer/scheduler state; reset training state to start_epoch=0, best_val_loss=inf.
2026-05-21 16:28:09,925 INFO src.cli.common: Using threshold 0.44236695766448975 from checkpoint val_metrics for testing.
2026-05-21 16:28:14,583 INFO src.utils.metrics: ROC curve saved to /root/autodl-tmp/em_eqf/experiments/clf_pre_v1/clf_pre_AZDX_minus_b_v1/runs/tf_60_mf_5p0_seed_3/roc_curve.png
2026-05-21 16:28:14,734 INFO src.utils.metrics: PR curve saved to /root/autodl-tmp/em_eqf/experiments/clf_pre_v1/clf_pre_AZDX_minus_b_v1/runs/tf_60_mf_5p0_seed_3/pr_curve.png
2026-05-21 16:28:14,805 INFO src.utils.metrics: Confusion matrix saved to /root/autodl-tmp/em_eqf/experiments/clf_pre_v1/clf_pre_AZDX_minus_b_v1/runs/tf_60_mf_5p0_seed_3/confusion_matrix.png
2026-05-21 16:28:14,806 INFO src.cli.workflows: Test loss: 0.061510778963565826
2026-05-21 16:28:15,817 INFO src.train.classifier_train_step: Prediction distribution plot has been saved to: /root/autodl-tmp/em_eqf/experiments/clf_pre_v1/clf_pre_AZDX_minus_b_v1/runs/tf_60_mf_5p0_seed_3/train_pred_distribution.png
2026-05-21 16:28:16,411 INFO src.train.classifier_train_step: Prediction distribution plot has been saved to: /root/autodl-tmp/em_eqf/experiments/clf_pre_v1/clf_pre_AZDX_minus_b_v1/runs/tf_60_mf_5p0_seed_3/val_pred_distribution.png
2026-05-21 16:28:16,853 INFO src.train.classifier_train_step: Prediction distribution plot has been saved to: /root/autodl-tmp/em_eqf/experiments/clf_pre_v1/clf_pre_AZDX_minus_b_v1/runs/tf_60_mf_5p0_seed_3/test_pred_distribution.png
2026-05-21 16:28:16,854 INFO src.cli.common: Saved test metrics to /root/autodl-tmp/em_eqf/experiments/clf_pre_v1/clf_pre_AZDX_minus_b_v1/runs/tf_60_mf_5p0_seed_3/metrics_test_best_1.json
2026-05-21 16:28:16,854 INFO src.cli.common: Metrics: {'precision': 0.41228070175438597, 'recall': 0.9791666666666666, 'f1': 0.5802469135802469, 'auc': 0.9183501683501684, 'pr_auc': 0.8825262926275153, 'fpr': 0.6767676767676768, 'tpr': 0.9791666666666666, 'R': 0.30239898989898983, 'conf': 0.00015769654892262134, 'threshold': 0.44236695766448975}
