2026-05-21 17:16:42,861 INFO src.data.preprocessing: CSV files found: ['chuandian_2021.csv']
2026-05-21 17:16:43,498 INFO src.utils.file_utils: Loading cached data from: data/ChuanDian/classifier/classifier_Mc_3_Mf_4.5_Tfore_20_Twindow_180_context_len_1_dt_10.pkl
2026-05-21 17:16:44,398 INFO src.data.preprocessing: Catalog statistics: {'tau_unfiltered': 0.15339908988298961, 'tau_q025': 0.08114294020924717, 'tau_q05': 0.5134664350189269, 'tau_mean': 1.3070542199341526, 'tau_max': 25.18216435192153, 'tau_min': 0.0, 'time_max': 18770.72654999979, 'time_mean': 10030.9430649837, 'mag_completeness': 3.0, 'mag_mean': 3.456916005014626, 'mag_max': 8.0, 'mag_min': 3.0, 'b_value': 0.856738547623331, 'b_std': 0.0071499224812533796, 'b_n': 14358}
2026-05-21 17:16:44,415 INFO src.data.event_loader: lengths of samples: min=32, max=981, avg=133.42
2026-05-21 17:16:44,415 INFO src.data.event_loader: Number of positive samples: 623
2026-05-21 17:16:44,415 INFO src.data.event_loader: Number of negative samples: 845
2026-05-21 17:16:44,416 INFO src.data.event_loader: Positive samples: 528, Negative samples: 646
2026-05-21 17:16:44,416 INFO src.data.event_loader: Total samples: 1174, Positive ratio: 0.45, Negative ratio: 0.55
2026-05-21 17:16:44,417 INFO src.data.event_loader: Positive samples: 60, Negative samples: 86
2026-05-21 17:16:44,417 INFO src.data.event_loader: Total samples: 146, Positive ratio: 0.41, Negative ratio: 0.59
2026-05-21 17:16:44,417 INFO src.data.event_loader: Positive samples: 35, Negative samples: 113
2026-05-21 17:16:44,417 INFO src.data.event_loader: Total samples: 148, Positive ratio: 0.24, Negative ratio: 0.76
2026-05-21 17:16:44,499 INFO src.cli.workflows: No resume path provided. Training will start from scratch.
2026-05-21 17:16:45,431 INFO src.models.adapters.mixer_task: using time scale base 1.3070542199341526 (key: tau_mean)
2026-05-21 17:16:45,431 INFO src.models.adapters.mixer_task: tau mean: tensor(1.3071)
2026-05-21 17:16:45,492 INFO src.train.config_setup: No checkpoint restore requested; initializing model from scratch.
2026-05-21 17:16:45,492 INFO src.train.config_setup: Freeze skipped (fresh_init): freeze_parts is empty.
2026-05-21 17:16:45,492 INFO src.train.config_setup: Using classification criterion: focal
2026-05-21 17:16:45,492 INFO src.train.config_setup: Criterion config: {'alpha': 0.5, 'gamma': 2.0}
2026-05-21 17:16:45,494 INFO src.train.trainer: Epoch 1
2026-05-21 17:17:00,847 INFO src.train.trainer: New best validation loss: 0.1073, saved to /root/autodl-tmp/em_eqf/experiments/clf_pre_v1/clf_pre_scratch_v1/runs/tf_20_mf_4p5_seed_1/best_model_1.pth
2026-05-21 17:17:00,852 INFO src.train.trainer: Last model at epoch 1 saved to /root/autodl-tmp/em_eqf/experiments/clf_pre_v1/clf_pre_scratch_v1/runs/tf_20_mf_4p5_seed_1/last_model_1.pth
2026-05-21 17:17:00,852 INFO src.train.trainer: Epoch 2
2026-05-21 17:17:04,960 INFO src.train.trainer: New best validation loss: 0.0906, saved to /root/autodl-tmp/em_eqf/experiments/clf_pre_v1/clf_pre_scratch_v1/runs/tf_20_mf_4p5_seed_1/best_model_1.pth
2026-05-21 17:17:04,966 INFO src.train.trainer: Last model at epoch 2 saved to /root/autodl-tmp/em_eqf/experiments/clf_pre_v1/clf_pre_scratch_v1/runs/tf_20_mf_4p5_seed_1/last_model_1.pth
2026-05-21 17:17:04,966 INFO src.train.trainer: Epoch 3
2026-05-21 17:17:09,418 INFO src.train.trainer: New best validation loss: 0.0901, saved to /root/autodl-tmp/em_eqf/experiments/clf_pre_v1/clf_pre_scratch_v1/runs/tf_20_mf_4p5_seed_1/best_model_1.pth
2026-05-21 17:17:09,425 INFO src.train.trainer: Last model at epoch 3 saved to /root/autodl-tmp/em_eqf/experiments/clf_pre_v1/clf_pre_scratch_v1/runs/tf_20_mf_4p5_seed_1/last_model_1.pth
2026-05-21 17:17:09,425 INFO src.train.trainer: Epoch 4
2026-05-21 17:17:13,343 INFO src.train.trainer: New best validation loss: 0.0878, saved to /root/autodl-tmp/em_eqf/experiments/clf_pre_v1/clf_pre_scratch_v1/runs/tf_20_mf_4p5_seed_1/best_model_1.pth
2026-05-21 17:17:13,350 INFO src.train.trainer: Last model at epoch 4 saved to /root/autodl-tmp/em_eqf/experiments/clf_pre_v1/clf_pre_scratch_v1/runs/tf_20_mf_4p5_seed_1/last_model_1.pth
2026-05-21 17:17:13,350 INFO src.train.trainer: Epoch 5
2026-05-21 17:17:17,082 INFO src.train.trainer: New best validation loss: 0.0856, saved to /root/autodl-tmp/em_eqf/experiments/clf_pre_v1/clf_pre_scratch_v1/runs/tf_20_mf_4p5_seed_1/best_model_1.pth
2026-05-21 17:17:17,090 INFO src.train.trainer: Last model at epoch 5 saved to /root/autodl-tmp/em_eqf/experiments/clf_pre_v1/clf_pre_scratch_v1/runs/tf_20_mf_4p5_seed_1/last_model_1.pth
2026-05-21 17:17:17,090 INFO src.train.trainer: Epoch 6
2026-05-21 17:17:20,673 INFO src.train.trainer: New best validation loss: 0.0831, saved to /root/autodl-tmp/em_eqf/experiments/clf_pre_v1/clf_pre_scratch_v1/runs/tf_20_mf_4p5_seed_1/best_model_1.pth
2026-05-21 17:17:20,680 INFO src.train.trainer: Last model at epoch 6 saved to /root/autodl-tmp/em_eqf/experiments/clf_pre_v1/clf_pre_scratch_v1/runs/tf_20_mf_4p5_seed_1/last_model_1.pth
2026-05-21 17:17:20,680 INFO src.train.trainer: Epoch 7
2026-05-21 17:17:24,551 INFO src.train.trainer: Last model at epoch 7 saved to /root/autodl-tmp/em_eqf/experiments/clf_pre_v1/clf_pre_scratch_v1/runs/tf_20_mf_4p5_seed_1/last_model_1.pth
2026-05-21 17:17:24,551 INFO src.train.trainer: Epoch 8
2026-05-21 17:17:28,296 INFO src.train.trainer: Last model at epoch 8 saved to /root/autodl-tmp/em_eqf/experiments/clf_pre_v1/clf_pre_scratch_v1/runs/tf_20_mf_4p5_seed_1/last_model_1.pth
2026-05-21 17:17:28,296 INFO src.train.trainer: Epoch 9
2026-05-21 17:17:31,870 INFO src.train.trainer: Last model at epoch 9 saved to /root/autodl-tmp/em_eqf/experiments/clf_pre_v1/clf_pre_scratch_v1/runs/tf_20_mf_4p5_seed_1/last_model_1.pth
2026-05-21 17:17:31,870 INFO src.train.trainer: Epoch 10
2026-05-21 17:17:35,311 INFO src.train.trainer: Last model at epoch 10 saved to /root/autodl-tmp/em_eqf/experiments/clf_pre_v1/clf_pre_scratch_v1/runs/tf_20_mf_4p5_seed_1/last_model_1.pth
2026-05-21 17:17:35,311 INFO src.train.trainer: Epoch 11
2026-05-21 17:17:38,621 INFO src.train.trainer: Last model at epoch 11 saved to /root/autodl-tmp/em_eqf/experiments/clf_pre_v1/clf_pre_scratch_v1/runs/tf_20_mf_4p5_seed_1/last_model_1.pth
2026-05-21 17:17:38,621 INFO src.train.trainer: Epoch 12
2026-05-21 17:17:42,174 INFO src.train.trainer: Last model at epoch 12 saved to /root/autodl-tmp/em_eqf/experiments/clf_pre_v1/clf_pre_scratch_v1/runs/tf_20_mf_4p5_seed_1/last_model_1.pth
2026-05-21 17:17:42,174 INFO src.train.trainer: Epoch 13
2026-05-21 17:17:46,125 INFO src.train.trainer: Last model at epoch 13 saved to /root/autodl-tmp/em_eqf/experiments/clf_pre_v1/clf_pre_scratch_v1/runs/tf_20_mf_4p5_seed_1/last_model_1.pth
2026-05-21 17:17:46,125 INFO src.train.trainer: Epoch 14
2026-05-21 17:17:49,723 INFO src.train.trainer: Last model at epoch 14 saved to /root/autodl-tmp/em_eqf/experiments/clf_pre_v1/clf_pre_scratch_v1/runs/tf_20_mf_4p5_seed_1/last_model_1.pth
2026-05-21 17:17:49,724 INFO src.train.trainer: Epoch 15
2026-05-21 17:17:53,157 INFO src.train.trainer: Last model at epoch 15 saved to /root/autodl-tmp/em_eqf/experiments/clf_pre_v1/clf_pre_scratch_v1/runs/tf_20_mf_4p5_seed_1/last_model_1.pth
2026-05-21 17:17:53,158 INFO src.train.trainer: Epoch 16
2026-05-21 17:17:56,543 INFO src.train.trainer: New best validation loss: 0.0781, saved to /root/autodl-tmp/em_eqf/experiments/clf_pre_v1/clf_pre_scratch_v1/runs/tf_20_mf_4p5_seed_1/best_model_1.pth
2026-05-21 17:17:56,549 INFO src.train.trainer: Last model at epoch 16 saved to /root/autodl-tmp/em_eqf/experiments/clf_pre_v1/clf_pre_scratch_v1/runs/tf_20_mf_4p5_seed_1/last_model_1.pth
2026-05-21 17:17:56,550 INFO src.train.trainer: Epoch 17
2026-05-21 17:18:00,082 INFO src.train.trainer: New best validation loss: 0.0766, saved to /root/autodl-tmp/em_eqf/experiments/clf_pre_v1/clf_pre_scratch_v1/runs/tf_20_mf_4p5_seed_1/best_model_1.pth
2026-05-21 17:18:00,090 INFO src.train.trainer: Last model at epoch 17 saved to /root/autodl-tmp/em_eqf/experiments/clf_pre_v1/clf_pre_scratch_v1/runs/tf_20_mf_4p5_seed_1/last_model_1.pth
2026-05-21 17:18:00,090 INFO src.train.trainer: Epoch 18
2026-05-21 17:18:03,740 INFO src.train.trainer: Last model at epoch 18 saved to /root/autodl-tmp/em_eqf/experiments/clf_pre_v1/clf_pre_scratch_v1/runs/tf_20_mf_4p5_seed_1/last_model_1.pth
2026-05-21 17:18:03,741 INFO src.train.trainer: Epoch 19
2026-05-21 17:18:07,475 INFO src.train.trainer: Last model at epoch 19 saved to /root/autodl-tmp/em_eqf/experiments/clf_pre_v1/clf_pre_scratch_v1/runs/tf_20_mf_4p5_seed_1/last_model_1.pth
2026-05-21 17:18:07,475 INFO src.train.trainer: Epoch 20
2026-05-21 17:18:11,155 INFO src.train.trainer: Last model at epoch 20 saved to /root/autodl-tmp/em_eqf/experiments/clf_pre_v1/clf_pre_scratch_v1/runs/tf_20_mf_4p5_seed_1/last_model_1.pth
2026-05-21 17:18:11,156 INFO src.train.trainer: Epoch 21
2026-05-21 17:18:15,039 INFO src.train.trainer: Last model at epoch 21 saved to /root/autodl-tmp/em_eqf/experiments/clf_pre_v1/clf_pre_scratch_v1/runs/tf_20_mf_4p5_seed_1/last_model_1.pth
2026-05-21 17:18:15,039 INFO src.train.trainer: Epoch 22
2026-05-21 17:18:18,534 INFO src.train.trainer: Last model at epoch 22 saved to /root/autodl-tmp/em_eqf/experiments/clf_pre_v1/clf_pre_scratch_v1/runs/tf_20_mf_4p5_seed_1/last_model_1.pth
2026-05-21 17:18:18,534 INFO src.train.trainer: Epoch 23
2026-05-21 17:18:22,261 INFO src.train.trainer: Last model at epoch 23 saved to /root/autodl-tmp/em_eqf/experiments/clf_pre_v1/clf_pre_scratch_v1/runs/tf_20_mf_4p5_seed_1/last_model_1.pth
2026-05-21 17:18:22,261 INFO src.train.trainer: Epoch 24
2026-05-21 17:18:26,208 INFO src.train.trainer: Last model at epoch 24 saved to /root/autodl-tmp/em_eqf/experiments/clf_pre_v1/clf_pre_scratch_v1/runs/tf_20_mf_4p5_seed_1/last_model_1.pth
2026-05-21 17:18:26,208 INFO src.train.trainer: Epoch 25
2026-05-21 17:18:30,452 INFO src.train.trainer: Last model at epoch 25 saved to /root/autodl-tmp/em_eqf/experiments/clf_pre_v1/clf_pre_scratch_v1/runs/tf_20_mf_4p5_seed_1/last_model_1.pth
2026-05-21 17:18:30,452 INFO src.train.trainer: Epoch 26
2026-05-21 17:18:33,926 INFO src.train.trainer: Last model at epoch 26 saved to /root/autodl-tmp/em_eqf/experiments/clf_pre_v1/clf_pre_scratch_v1/runs/tf_20_mf_4p5_seed_1/last_model_1.pth
2026-05-21 17:18:33,927 INFO src.train.trainer: Epoch 27
2026-05-21 17:18:37,123 INFO src.train.trainer: Last model at epoch 27 saved to /root/autodl-tmp/em_eqf/experiments/clf_pre_v1/clf_pre_scratch_v1/runs/tf_20_mf_4p5_seed_1/last_model_1.pth
2026-05-21 17:18:37,123 INFO src.train.trainer: Early stopping triggered at epoch 27 (best epoch: 17, best val loss: 0.076623)
2026-05-21 17:18:46,229 INFO src.data.preprocessing: CSV files found: ['chuandian_2021.csv']
2026-05-21 17:18:46,855 INFO src.utils.file_utils: Loading cached data from: data/ChuanDian/classifier/classifier_Mc_3_Mf_4.5_Tfore_20_Twindow_180_context_len_1_dt_10.pkl
2026-05-21 17:18:47,672 INFO src.data.preprocessing: Catalog statistics: {'tau_unfiltered': 0.15339908988298961, 'tau_q025': 0.08114294020924717, 'tau_q05': 0.5134664350189269, 'tau_mean': 1.3070542199341526, 'tau_max': 25.18216435192153, 'tau_min': 0.0, 'time_max': 18770.72654999979, 'time_mean': 10030.9430649837, 'mag_completeness': 3.0, 'mag_mean': 3.456916005014626, 'mag_max': 8.0, 'mag_min': 3.0, 'b_value': 0.856738547623331, 'b_std': 0.0071499224812533796, 'b_n': 14358}
2026-05-21 17:18:47,704 INFO src.data.event_loader: lengths of samples: min=32, max=981, avg=133.42
2026-05-21 17:18:47,705 INFO src.data.event_loader: Number of positive samples: 623
2026-05-21 17:18:47,705 INFO src.data.event_loader: Number of negative samples: 845
2026-05-21 17:18:47,706 INFO src.data.event_loader: Positive samples: 528, Negative samples: 646
2026-05-21 17:18:47,706 INFO src.data.event_loader: Total samples: 1174, Positive ratio: 0.45, Negative ratio: 0.55
2026-05-21 17:18:47,707 INFO src.data.event_loader: Positive samples: 60, Negative samples: 86
2026-05-21 17:18:47,707 INFO src.data.event_loader: Total samples: 146, Positive ratio: 0.41, Negative ratio: 0.59
2026-05-21 17:18:47,707 INFO src.data.event_loader: Positive samples: 35, Negative samples: 113
2026-05-21 17:18:47,707 INFO src.data.event_loader: Total samples: 148, Positive ratio: 0.24, Negative ratio: 0.76
2026-05-21 17:18:48,108 INFO src.models.adapters.mixer_task: using time scale base 1.3070542199341526 (key: tau_mean)
2026-05-21 17:18:48,108 INFO src.models.adapters.mixer_task: tau mean: tensor(1.3071)
2026-05-21 17:18:48,161 INFO src.train.config_setup: Restoring model from checkpoint.
2026-05-21 17:18:48,162 INFO src.train.config_setup: Loading model weights: load_specific_parts=None
2026-05-21 17:18:48,163 INFO src.train.config_setup: Checkpoint loaded: <All keys matched successfully>
2026-05-21 17:18:48,163 INFO src.train.config_setup: Full load summary: loaded=56, missing=0, unexpected=0
2026-05-21 17:18:48,164 INFO src.train.config_setup: Checkpoint hyperparameters loaded.
2026-05-21 17:18:48,164 INFO src.train.config_setup: Checkpoint train metrics available.
2026-05-21 17:18:48,164 INFO src.train.config_setup: Checkpoint val metrics available.
2026-05-21 17:18:48,164 INFO src.train.config_setup: Freeze skipped (checkpoint_restore): freeze_parts is empty.
2026-05-21 17:18:48,164 INFO src.train.config_setup: Using classification criterion: focal
2026-05-21 17:18:48,165 INFO src.train.config_setup: Criterion config: {'alpha': 0.5, 'gamma': 2.0}
2026-05-21 17:18:48,165 INFO src.train.config_setup: Not resuming optimizer/scheduler state; reset training state to start_epoch=0, best_val_loss=inf.
2026-05-21 17:18:48,165 INFO src.cli.common: Using threshold 0.4213733673095703 from checkpoint val_metrics for testing.
2026-05-21 17:18:52,862 INFO src.utils.metrics: ROC curve saved to /root/autodl-tmp/em_eqf/experiments/clf_pre_v1/clf_pre_scratch_v1/runs/tf_20_mf_4p5_seed_1/roc_curve.png
2026-05-21 17:18:52,985 INFO src.utils.metrics: PR curve saved to /root/autodl-tmp/em_eqf/experiments/clf_pre_v1/clf_pre_scratch_v1/runs/tf_20_mf_4p5_seed_1/pr_curve.png
2026-05-21 17:18:53,052 INFO src.utils.metrics: Confusion matrix saved to /root/autodl-tmp/em_eqf/experiments/clf_pre_v1/clf_pre_scratch_v1/runs/tf_20_mf_4p5_seed_1/confusion_matrix.png
2026-05-21 17:18:53,052 INFO src.cli.workflows: Test loss: 0.06230114102363586
2026-05-21 17:18:54,017 INFO src.train.classifier_train_step: Prediction distribution plot has been saved to: /root/autodl-tmp/em_eqf/experiments/clf_pre_v1/clf_pre_scratch_v1/runs/tf_20_mf_4p5_seed_1/train_pred_distribution.png
2026-05-21 17:18:54,370 INFO src.train.classifier_train_step: Prediction distribution plot has been saved to: /root/autodl-tmp/em_eqf/experiments/clf_pre_v1/clf_pre_scratch_v1/runs/tf_20_mf_4p5_seed_1/val_pred_distribution.png
2026-05-21 17:18:54,696 INFO src.train.classifier_train_step: Prediction distribution plot has been saved to: /root/autodl-tmp/em_eqf/experiments/clf_pre_v1/clf_pre_scratch_v1/runs/tf_20_mf_4p5_seed_1/test_pred_distribution.png
2026-05-21 17:18:54,697 INFO src.cli.common: Saved test metrics to /root/autodl-tmp/em_eqf/experiments/clf_pre_v1/clf_pre_scratch_v1/runs/tf_20_mf_4p5_seed_1/metrics_test_best_1.json
2026-05-21 17:18:54,697 INFO src.cli.common: Metrics: {'precision': 0.31683168316831684, 'recall': 0.9142857142857143, 'f1': 0.47058823529411764, 'auc': 0.8164348925410873, 'pr_auc': 0.6795505012565289, 'fpr': 0.6106194690265486, 'tpr': 0.9142857142857143, 'R': 0.30366624525916563, 'conf': 0.006525722284629699, 'threshold': 0.4213733673095703}
