2026-05-14 21:03:39,515 INFO src.data.preprocessing: CSV files found: ['chuandian_2021.csv']
2026-05-14 21:03:40,702 INFO src.utils.file_utils: Loading cached data from: data/ChuanDian/regressor/regressor_Mc_3_Mf_3_Tfore_180_Twindow_360_context_len_1_dt_10.pkl
2026-05-14 21:03:43,359 INFO src.data.preprocessing: Catalog statistics: {'tau_unfiltered': 0.15339908988298961, 'tau_q025': 0.08114294020924717, 'tau_q05': 0.5134664350189269, 'tau_mean': 1.3070542199341526, 'tau_max': 25.18216435192153, 'tau_min': 0.0, 'time_max': 18770.72654999979, 'time_mean': 10030.9430649837, 'mag_completeness': 3.0, 'mag_mean': 3.456916005014626, 'mag_max': 8.0, 'mag_min': 3.0, 'b_value': 0.856738547623331, 'b_std': 0.0071499224812533796, 'b_n': 14358}
2026-05-14 21:03:43,410 INFO src.data.event_loader: lengths of samples: min=96, max=1340, avg=265.71
2026-05-14 21:03:43,412 INFO src.cli.workflows: No resume path provided. Training will start from scratch.
2026-05-14 21:03:44,590 INFO src.models.adapters.mixer_task: using time scale base 1.3070542199341526 (key: tau_mean)
2026-05-14 21:03:44,590 INFO src.models.adapters.mixer_task: tau mean: tensor(1.3071)
2026-05-14 21:03:44,596 INFO src.train.config_setup: No checkpoint restore requested; initializing model from scratch.
2026-05-14 21:03:44,596 INFO src.train.config_setup: Freeze skipped (fresh_init): freeze_parts is empty.
2026-05-14 21:03:44,596 INFO src.train.config_setup: Using regression criterion: smooth_l1
2026-05-14 21:03:44,596 INFO src.train.config_setup: Criterion config: {'beta': 0.3}
2026-05-14 21:03:44,598 INFO src.train.trainer: Epoch 1
2026-05-14 21:04:03,900 INFO src.train.trainer: New best validation loss: 0.0748, saved to /root/autodl-tmp/em_eqf/experiments/reg_mixer_attnpl_ablation/runs/reg_ab_minus_pretrain_seed_0/best_model_1.pth
2026-05-14 21:04:03,907 INFO src.train.trainer: Last model at epoch 1 saved to /root/autodl-tmp/em_eqf/experiments/reg_mixer_attnpl_ablation/runs/reg_ab_minus_pretrain_seed_0/last_model_1.pth
2026-05-14 21:04:03,908 INFO src.train.trainer: Epoch 2
2026-05-14 21:04:07,609 INFO src.train.trainer: New best validation loss: 0.0419, saved to /root/autodl-tmp/em_eqf/experiments/reg_mixer_attnpl_ablation/runs/reg_ab_minus_pretrain_seed_0/best_model_1.pth
2026-05-14 21:04:07,620 INFO src.train.trainer: Last model at epoch 2 saved to /root/autodl-tmp/em_eqf/experiments/reg_mixer_attnpl_ablation/runs/reg_ab_minus_pretrain_seed_0/last_model_1.pth
2026-05-14 21:04:07,620 INFO src.train.trainer: Epoch 3
2026-05-14 21:04:11,009 INFO src.train.trainer: New best validation loss: 0.0281, saved to /root/autodl-tmp/em_eqf/experiments/reg_mixer_attnpl_ablation/runs/reg_ab_minus_pretrain_seed_0/best_model_1.pth
2026-05-14 21:04:11,025 INFO src.train.trainer: Last model at epoch 3 saved to /root/autodl-tmp/em_eqf/experiments/reg_mixer_attnpl_ablation/runs/reg_ab_minus_pretrain_seed_0/last_model_1.pth
2026-05-14 21:04:11,025 INFO src.train.trainer: Epoch 4
2026-05-14 21:04:14,327 INFO src.train.trainer: Last model at epoch 4 saved to /root/autodl-tmp/em_eqf/experiments/reg_mixer_attnpl_ablation/runs/reg_ab_minus_pretrain_seed_0/last_model_1.pth
2026-05-14 21:04:14,327 INFO src.train.trainer: Epoch 5
2026-05-14 21:04:17,937 INFO src.train.trainer: Last model at epoch 5 saved to /root/autodl-tmp/em_eqf/experiments/reg_mixer_attnpl_ablation/runs/reg_ab_minus_pretrain_seed_0/last_model_1.pth
2026-05-14 21:04:17,937 INFO src.train.trainer: Epoch 6
2026-05-14 21:04:21,660 INFO src.train.trainer: Last model at epoch 6 saved to /root/autodl-tmp/em_eqf/experiments/reg_mixer_attnpl_ablation/runs/reg_ab_minus_pretrain_seed_0/last_model_1.pth
2026-05-14 21:04:21,660 INFO src.train.trainer: Epoch 7
2026-05-14 21:04:24,873 INFO src.train.trainer: Last model at epoch 7 saved to /root/autodl-tmp/em_eqf/experiments/reg_mixer_attnpl_ablation/runs/reg_ab_minus_pretrain_seed_0/last_model_1.pth
2026-05-14 21:04:24,873 INFO src.train.trainer: Epoch 8
2026-05-14 21:04:27,897 INFO src.train.trainer: Last model at epoch 8 saved to /root/autodl-tmp/em_eqf/experiments/reg_mixer_attnpl_ablation/runs/reg_ab_minus_pretrain_seed_0/last_model_1.pth
2026-05-14 21:04:27,898 INFO src.train.trainer: Epoch 9
2026-05-14 21:04:31,079 INFO src.train.trainer: New best validation loss: 0.0279, saved to /root/autodl-tmp/em_eqf/experiments/reg_mixer_attnpl_ablation/runs/reg_ab_minus_pretrain_seed_0/best_model_1.pth
2026-05-14 21:04:31,091 INFO src.train.trainer: Last model at epoch 9 saved to /root/autodl-tmp/em_eqf/experiments/reg_mixer_attnpl_ablation/runs/reg_ab_minus_pretrain_seed_0/last_model_1.pth
2026-05-14 21:04:31,091 INFO src.train.trainer: Epoch 10
2026-05-14 21:04:34,400 INFO src.train.trainer: Last model at epoch 10 saved to /root/autodl-tmp/em_eqf/experiments/reg_mixer_attnpl_ablation/runs/reg_ab_minus_pretrain_seed_0/last_model_1.pth
2026-05-14 21:04:34,401 INFO src.train.trainer: Epoch 11
2026-05-14 21:04:37,159 INFO src.train.trainer: Last model at epoch 11 saved to /root/autodl-tmp/em_eqf/experiments/reg_mixer_attnpl_ablation/runs/reg_ab_minus_pretrain_seed_0/last_model_1.pth
2026-05-14 21:04:37,160 INFO src.train.trainer: Epoch 12
2026-05-14 21:04:40,005 INFO src.train.trainer: Last model at epoch 12 saved to /root/autodl-tmp/em_eqf/experiments/reg_mixer_attnpl_ablation/runs/reg_ab_minus_pretrain_seed_0/last_model_1.pth
2026-05-14 21:04:40,006 INFO src.train.trainer: Epoch 13
2026-05-14 21:04:43,808 INFO src.train.trainer: Last model at epoch 13 saved to /root/autodl-tmp/em_eqf/experiments/reg_mixer_attnpl_ablation/runs/reg_ab_minus_pretrain_seed_0/last_model_1.pth
2026-05-14 21:04:43,808 INFO src.train.trainer: Epoch 14
2026-05-14 21:04:47,213 INFO src.train.trainer: Last model at epoch 14 saved to /root/autodl-tmp/em_eqf/experiments/reg_mixer_attnpl_ablation/runs/reg_ab_minus_pretrain_seed_0/last_model_1.pth
2026-05-14 21:04:47,213 INFO src.train.trainer: Epoch 15
2026-05-14 21:04:50,511 INFO src.train.trainer: Last model at epoch 15 saved to /root/autodl-tmp/em_eqf/experiments/reg_mixer_attnpl_ablation/runs/reg_ab_minus_pretrain_seed_0/last_model_1.pth
2026-05-14 21:04:50,511 INFO src.train.trainer: Epoch 16
2026-05-14 21:04:53,362 INFO src.train.trainer: Last model at epoch 16 saved to /root/autodl-tmp/em_eqf/experiments/reg_mixer_attnpl_ablation/runs/reg_ab_minus_pretrain_seed_0/last_model_1.pth
2026-05-14 21:04:53,363 INFO src.train.trainer: Epoch 17
2026-05-14 21:04:56,460 INFO src.train.trainer: Last model at epoch 17 saved to /root/autodl-tmp/em_eqf/experiments/reg_mixer_attnpl_ablation/runs/reg_ab_minus_pretrain_seed_0/last_model_1.pth
2026-05-14 21:04:56,460 INFO src.train.trainer: Epoch 18
2026-05-14 21:04:59,288 INFO src.train.trainer: Last model at epoch 18 saved to /root/autodl-tmp/em_eqf/experiments/reg_mixer_attnpl_ablation/runs/reg_ab_minus_pretrain_seed_0/last_model_1.pth
2026-05-14 21:04:59,289 INFO src.train.trainer: Epoch 19
2026-05-14 21:05:01,915 INFO src.train.trainer: Last model at epoch 19 saved to /root/autodl-tmp/em_eqf/experiments/reg_mixer_attnpl_ablation/runs/reg_ab_minus_pretrain_seed_0/last_model_1.pth
2026-05-14 21:05:01,915 INFO src.train.trainer: Epoch 20
2026-05-14 21:05:04,583 INFO src.train.trainer: Last model at epoch 20 saved to /root/autodl-tmp/em_eqf/experiments/reg_mixer_attnpl_ablation/runs/reg_ab_minus_pretrain_seed_0/last_model_1.pth
2026-05-14 21:05:04,583 INFO src.train.trainer: Epoch 21
2026-05-14 21:05:07,427 INFO src.train.trainer: Last model at epoch 21 saved to /root/autodl-tmp/em_eqf/experiments/reg_mixer_attnpl_ablation/runs/reg_ab_minus_pretrain_seed_0/last_model_1.pth
2026-05-14 21:05:07,428 INFO src.train.trainer: Epoch 22
2026-05-14 21:05:10,066 INFO src.train.trainer: Last model at epoch 22 saved to /root/autodl-tmp/em_eqf/experiments/reg_mixer_attnpl_ablation/runs/reg_ab_minus_pretrain_seed_0/last_model_1.pth
2026-05-14 21:05:10,066 INFO src.train.trainer: Epoch 23
2026-05-14 21:05:12,399 INFO src.train.trainer: Last model at epoch 23 saved to /root/autodl-tmp/em_eqf/experiments/reg_mixer_attnpl_ablation/runs/reg_ab_minus_pretrain_seed_0/last_model_1.pth
2026-05-14 21:05:12,400 INFO src.train.trainer: Epoch 24
2026-05-14 21:05:15,268 INFO src.train.trainer: Last model at epoch 24 saved to /root/autodl-tmp/em_eqf/experiments/reg_mixer_attnpl_ablation/runs/reg_ab_minus_pretrain_seed_0/last_model_1.pth
2026-05-14 21:05:15,269 INFO src.train.trainer: Epoch 25
2026-05-14 21:05:17,627 INFO src.train.trainer: Last model at epoch 25 saved to /root/autodl-tmp/em_eqf/experiments/reg_mixer_attnpl_ablation/runs/reg_ab_minus_pretrain_seed_0/last_model_1.pth
2026-05-14 21:05:17,627 INFO src.train.trainer: Epoch 26
2026-05-14 21:05:20,287 INFO src.train.trainer: Last model at epoch 26 saved to /root/autodl-tmp/em_eqf/experiments/reg_mixer_attnpl_ablation/runs/reg_ab_minus_pretrain_seed_0/last_model_1.pth
2026-05-14 21:05:20,287 INFO src.train.trainer: Epoch 27
2026-05-14 21:05:23,049 INFO src.train.trainer: Last model at epoch 27 saved to /root/autodl-tmp/em_eqf/experiments/reg_mixer_attnpl_ablation/runs/reg_ab_minus_pretrain_seed_0/last_model_1.pth
2026-05-14 21:05:23,050 INFO src.train.trainer: Epoch 28
2026-05-14 21:05:25,717 INFO src.train.trainer: Last model at epoch 28 saved to /root/autodl-tmp/em_eqf/experiments/reg_mixer_attnpl_ablation/runs/reg_ab_minus_pretrain_seed_0/last_model_1.pth
2026-05-14 21:05:25,717 INFO src.train.trainer: Epoch 29
2026-05-14 21:05:28,494 INFO src.train.trainer: Last model at epoch 29 saved to /root/autodl-tmp/em_eqf/experiments/reg_mixer_attnpl_ablation/runs/reg_ab_minus_pretrain_seed_0/last_model_1.pth
2026-05-14 21:05:28,494 INFO src.train.trainer: Epoch 30
2026-05-14 21:05:31,387 INFO src.train.trainer: Last model at epoch 30 saved to /root/autodl-tmp/em_eqf/experiments/reg_mixer_attnpl_ablation/runs/reg_ab_minus_pretrain_seed_0/last_model_1.pth
2026-05-14 21:05:31,387 INFO src.train.trainer: Epoch 31
2026-05-14 21:05:33,890 INFO src.train.trainer: Last model at epoch 31 saved to /root/autodl-tmp/em_eqf/experiments/reg_mixer_attnpl_ablation/runs/reg_ab_minus_pretrain_seed_0/last_model_1.pth
2026-05-14 21:05:33,891 INFO src.train.trainer: Epoch 32
2026-05-14 21:05:36,862 INFO src.train.trainer: Last model at epoch 32 saved to /root/autodl-tmp/em_eqf/experiments/reg_mixer_attnpl_ablation/runs/reg_ab_minus_pretrain_seed_0/last_model_1.pth
2026-05-14 21:05:36,863 INFO src.train.trainer: Epoch 33
2026-05-14 21:05:39,734 INFO src.train.trainer: Last model at epoch 33 saved to /root/autodl-tmp/em_eqf/experiments/reg_mixer_attnpl_ablation/runs/reg_ab_minus_pretrain_seed_0/last_model_1.pth
2026-05-14 21:05:39,735 INFO src.train.trainer: Epoch 34
2026-05-14 21:05:42,735 INFO src.train.trainer: Last model at epoch 34 saved to /root/autodl-tmp/em_eqf/experiments/reg_mixer_attnpl_ablation/runs/reg_ab_minus_pretrain_seed_0/last_model_1.pth
2026-05-14 21:05:42,736 INFO src.train.trainer: Epoch 35
2026-05-14 21:05:45,529 INFO src.train.trainer: Last model at epoch 35 saved to /root/autodl-tmp/em_eqf/experiments/reg_mixer_attnpl_ablation/runs/reg_ab_minus_pretrain_seed_0/last_model_1.pth
2026-05-14 21:05:45,530 INFO src.train.trainer: Epoch 36
2026-05-14 21:05:48,208 INFO src.train.trainer: Last model at epoch 36 saved to /root/autodl-tmp/em_eqf/experiments/reg_mixer_attnpl_ablation/runs/reg_ab_minus_pretrain_seed_0/last_model_1.pth
2026-05-14 21:05:48,209 INFO src.train.trainer: Epoch 37
2026-05-14 21:05:51,264 INFO src.train.trainer: Last model at epoch 37 saved to /root/autodl-tmp/em_eqf/experiments/reg_mixer_attnpl_ablation/runs/reg_ab_minus_pretrain_seed_0/last_model_1.pth
2026-05-14 21:05:51,264 INFO src.train.trainer: Epoch 38
2026-05-14 21:05:54,221 INFO src.train.trainer: Last model at epoch 38 saved to /root/autodl-tmp/em_eqf/experiments/reg_mixer_attnpl_ablation/runs/reg_ab_minus_pretrain_seed_0/last_model_1.pth
2026-05-14 21:05:54,222 INFO src.train.trainer: Epoch 39
2026-05-14 21:05:56,915 INFO src.train.trainer: Last model at epoch 39 saved to /root/autodl-tmp/em_eqf/experiments/reg_mixer_attnpl_ablation/runs/reg_ab_minus_pretrain_seed_0/last_model_1.pth
2026-05-14 21:05:56,915 INFO src.train.trainer: Epoch 40
2026-05-14 21:05:59,537 INFO src.train.trainer: Last model at epoch 40 saved to /root/autodl-tmp/em_eqf/experiments/reg_mixer_attnpl_ablation/runs/reg_ab_minus_pretrain_seed_0/last_model_1.pth
2026-05-14 21:05:59,538 INFO src.train.trainer: Epoch 41
2026-05-14 21:06:02,075 INFO src.train.trainer: Last model at epoch 41 saved to /root/autodl-tmp/em_eqf/experiments/reg_mixer_attnpl_ablation/runs/reg_ab_minus_pretrain_seed_0/last_model_1.pth
2026-05-14 21:06:02,076 INFO src.train.trainer: Epoch 42
2026-05-14 21:06:04,840 INFO src.train.trainer: Last model at epoch 42 saved to /root/autodl-tmp/em_eqf/experiments/reg_mixer_attnpl_ablation/runs/reg_ab_minus_pretrain_seed_0/last_model_1.pth
2026-05-14 21:06:04,841 INFO src.train.trainer: Epoch 43
2026-05-14 21:06:07,645 INFO src.train.trainer: Last model at epoch 43 saved to /root/autodl-tmp/em_eqf/experiments/reg_mixer_attnpl_ablation/runs/reg_ab_minus_pretrain_seed_0/last_model_1.pth
2026-05-14 21:06:07,645 INFO src.train.trainer: Epoch 44
2026-05-14 21:06:10,599 INFO src.train.trainer: Last model at epoch 44 saved to /root/autodl-tmp/em_eqf/experiments/reg_mixer_attnpl_ablation/runs/reg_ab_minus_pretrain_seed_0/last_model_1.pth
2026-05-14 21:06:10,599 INFO src.train.trainer: Epoch 45
2026-05-14 21:06:13,680 INFO src.train.trainer: Last model at epoch 45 saved to /root/autodl-tmp/em_eqf/experiments/reg_mixer_attnpl_ablation/runs/reg_ab_minus_pretrain_seed_0/last_model_1.pth
2026-05-14 21:06:13,680 INFO src.train.trainer: Epoch 46
2026-05-14 21:06:16,499 INFO src.train.trainer: Last model at epoch 46 saved to /root/autodl-tmp/em_eqf/experiments/reg_mixer_attnpl_ablation/runs/reg_ab_minus_pretrain_seed_0/last_model_1.pth
2026-05-14 21:06:16,500 INFO src.train.trainer: Epoch 47
2026-05-14 21:06:19,300 INFO src.train.trainer: Last model at epoch 47 saved to /root/autodl-tmp/em_eqf/experiments/reg_mixer_attnpl_ablation/runs/reg_ab_minus_pretrain_seed_0/last_model_1.pth
2026-05-14 21:06:19,301 INFO src.train.trainer: Epoch 48
2026-05-14 21:06:22,075 INFO src.train.trainer: Last model at epoch 48 saved to /root/autodl-tmp/em_eqf/experiments/reg_mixer_attnpl_ablation/runs/reg_ab_minus_pretrain_seed_0/last_model_1.pth
2026-05-14 21:06:22,075 INFO src.train.trainer: Epoch 49
2026-05-14 21:06:25,265 INFO src.train.trainer: Last model at epoch 49 saved to /root/autodl-tmp/em_eqf/experiments/reg_mixer_attnpl_ablation/runs/reg_ab_minus_pretrain_seed_0/last_model_1.pth
2026-05-14 21:06:25,266 INFO src.train.trainer: Epoch 50
2026-05-14 21:06:28,203 INFO src.train.trainer: Last model at epoch 50 saved to /root/autodl-tmp/em_eqf/experiments/reg_mixer_attnpl_ablation/runs/reg_ab_minus_pretrain_seed_0/last_model_1.pth
2026-05-14 21:06:28,204 INFO src.train.trainer: Epoch 51
2026-05-14 21:06:30,906 INFO src.train.trainer: Last model at epoch 51 saved to /root/autodl-tmp/em_eqf/experiments/reg_mixer_attnpl_ablation/runs/reg_ab_minus_pretrain_seed_0/last_model_1.pth
2026-05-14 21:06:30,906 INFO src.train.trainer: Epoch 52
2026-05-14 21:06:33,717 INFO src.train.trainer: Last model at epoch 52 saved to /root/autodl-tmp/em_eqf/experiments/reg_mixer_attnpl_ablation/runs/reg_ab_minus_pretrain_seed_0/last_model_1.pth
2026-05-14 21:06:33,718 INFO src.train.trainer: Epoch 53
2026-05-14 21:06:36,456 INFO src.train.trainer: Last model at epoch 53 saved to /root/autodl-tmp/em_eqf/experiments/reg_mixer_attnpl_ablation/runs/reg_ab_minus_pretrain_seed_0/last_model_1.pth
2026-05-14 21:06:36,456 INFO src.train.trainer: Epoch 54
2026-05-14 21:06:39,368 INFO src.train.trainer: Last model at epoch 54 saved to /root/autodl-tmp/em_eqf/experiments/reg_mixer_attnpl_ablation/runs/reg_ab_minus_pretrain_seed_0/last_model_1.pth
2026-05-14 21:06:39,368 INFO src.train.trainer: Epoch 55
2026-05-14 21:06:42,166 INFO src.train.trainer: Last model at epoch 55 saved to /root/autodl-tmp/em_eqf/experiments/reg_mixer_attnpl_ablation/runs/reg_ab_minus_pretrain_seed_0/last_model_1.pth
2026-05-14 21:06:42,166 INFO src.train.trainer: Epoch 56
2026-05-14 21:06:44,975 INFO src.train.trainer: Last model at epoch 56 saved to /root/autodl-tmp/em_eqf/experiments/reg_mixer_attnpl_ablation/runs/reg_ab_minus_pretrain_seed_0/last_model_1.pth
2026-05-14 21:06:44,976 INFO src.train.trainer: Epoch 57
2026-05-14 21:06:47,870 INFO src.train.trainer: Last model at epoch 57 saved to /root/autodl-tmp/em_eqf/experiments/reg_mixer_attnpl_ablation/runs/reg_ab_minus_pretrain_seed_0/last_model_1.pth
2026-05-14 21:06:47,871 INFO src.train.trainer: Epoch 58
2026-05-14 21:06:50,627 INFO src.train.trainer: Last model at epoch 58 saved to /root/autodl-tmp/em_eqf/experiments/reg_mixer_attnpl_ablation/runs/reg_ab_minus_pretrain_seed_0/last_model_1.pth
2026-05-14 21:06:50,627 INFO src.train.trainer: Epoch 59
2026-05-14 21:06:53,326 INFO src.train.trainer: Last model at epoch 59 saved to /root/autodl-tmp/em_eqf/experiments/reg_mixer_attnpl_ablation/runs/reg_ab_minus_pretrain_seed_0/last_model_1.pth
2026-05-14 21:06:53,326 INFO src.train.trainer: Epoch 60
2026-05-14 21:06:56,198 INFO src.train.trainer: Last model at epoch 60 saved to /root/autodl-tmp/em_eqf/experiments/reg_mixer_attnpl_ablation/runs/reg_ab_minus_pretrain_seed_0/last_model_1.pth
2026-05-14 21:06:56,207 INFO src.train.trainer: Saved epoch 60 snapshot to /root/autodl-tmp/em_eqf/experiments/reg_mixer_attnpl_ablation/runs/reg_ab_minus_pretrain_seed_0/epoch_60_model_1.pth
2026-05-14 21:06:56,207 INFO src.train.trainer: Epoch 61
2026-05-14 21:06:59,030 INFO src.train.trainer: Last model at epoch 61 saved to /root/autodl-tmp/em_eqf/experiments/reg_mixer_attnpl_ablation/runs/reg_ab_minus_pretrain_seed_0/last_model_1.pth
2026-05-14 21:06:59,031 INFO src.train.trainer: Epoch 62
2026-05-14 21:07:01,802 INFO src.train.trainer: Last model at epoch 62 saved to /root/autodl-tmp/em_eqf/experiments/reg_mixer_attnpl_ablation/runs/reg_ab_minus_pretrain_seed_0/last_model_1.pth
2026-05-14 21:07:01,802 INFO src.train.trainer: Epoch 63
2026-05-14 21:07:04,681 INFO src.train.trainer: Last model at epoch 63 saved to /root/autodl-tmp/em_eqf/experiments/reg_mixer_attnpl_ablation/runs/reg_ab_minus_pretrain_seed_0/last_model_1.pth
2026-05-14 21:07:04,682 INFO src.train.trainer: Epoch 64
2026-05-14 21:07:07,544 INFO src.train.trainer: Last model at epoch 64 saved to /root/autodl-tmp/em_eqf/experiments/reg_mixer_attnpl_ablation/runs/reg_ab_minus_pretrain_seed_0/last_model_1.pth
2026-05-14 21:07:07,544 INFO src.train.trainer: Epoch 65
2026-05-14 21:07:10,312 INFO src.train.trainer: Last model at epoch 65 saved to /root/autodl-tmp/em_eqf/experiments/reg_mixer_attnpl_ablation/runs/reg_ab_minus_pretrain_seed_0/last_model_1.pth
2026-05-14 21:07:10,312 INFO src.train.trainer: Epoch 66
2026-05-14 21:07:13,397 INFO src.train.trainer: Last model at epoch 66 saved to /root/autodl-tmp/em_eqf/experiments/reg_mixer_attnpl_ablation/runs/reg_ab_minus_pretrain_seed_0/last_model_1.pth
2026-05-14 21:07:13,398 INFO src.train.trainer: Epoch 67
2026-05-14 21:07:15,982 INFO src.train.trainer: Last model at epoch 67 saved to /root/autodl-tmp/em_eqf/experiments/reg_mixer_attnpl_ablation/runs/reg_ab_minus_pretrain_seed_0/last_model_1.pth
2026-05-14 21:07:15,983 INFO src.train.trainer: Epoch 68
2026-05-14 21:07:18,764 INFO src.train.trainer: Last model at epoch 68 saved to /root/autodl-tmp/em_eqf/experiments/reg_mixer_attnpl_ablation/runs/reg_ab_minus_pretrain_seed_0/last_model_1.pth
2026-05-14 21:07:18,765 INFO src.train.trainer: Epoch 69
2026-05-14 21:07:21,255 INFO src.train.trainer: Last model at epoch 69 saved to /root/autodl-tmp/em_eqf/experiments/reg_mixer_attnpl_ablation/runs/reg_ab_minus_pretrain_seed_0/last_model_1.pth
2026-05-14 21:07:21,255 INFO src.train.trainer: Epoch 70
2026-05-14 21:07:23,995 INFO src.train.trainer: Last model at epoch 70 saved to /root/autodl-tmp/em_eqf/experiments/reg_mixer_attnpl_ablation/runs/reg_ab_minus_pretrain_seed_0/last_model_1.pth
2026-05-14 21:07:23,996 INFO src.train.trainer: Epoch 71
2026-05-14 21:07:26,852 INFO src.train.trainer: Last model at epoch 71 saved to /root/autodl-tmp/em_eqf/experiments/reg_mixer_attnpl_ablation/runs/reg_ab_minus_pretrain_seed_0/last_model_1.pth
2026-05-14 21:07:26,853 INFO src.train.trainer: Epoch 72
2026-05-14 21:07:29,830 INFO src.train.trainer: Last model at epoch 72 saved to /root/autodl-tmp/em_eqf/experiments/reg_mixer_attnpl_ablation/runs/reg_ab_minus_pretrain_seed_0/last_model_1.pth
2026-05-14 21:07:29,830 INFO src.train.trainer: Epoch 73
2026-05-14 21:07:32,628 INFO src.train.trainer: Last model at epoch 73 saved to /root/autodl-tmp/em_eqf/experiments/reg_mixer_attnpl_ablation/runs/reg_ab_minus_pretrain_seed_0/last_model_1.pth
2026-05-14 21:07:32,628 INFO src.train.trainer: Epoch 74
2026-05-14 21:07:35,719 INFO src.train.trainer: Last model at epoch 74 saved to /root/autodl-tmp/em_eqf/experiments/reg_mixer_attnpl_ablation/runs/reg_ab_minus_pretrain_seed_0/last_model_1.pth
2026-05-14 21:07:35,719 INFO src.train.trainer: Epoch 75
2026-05-14 21:07:38,479 INFO src.train.trainer: Last model at epoch 75 saved to /root/autodl-tmp/em_eqf/experiments/reg_mixer_attnpl_ablation/runs/reg_ab_minus_pretrain_seed_0/last_model_1.pth
2026-05-14 21:07:38,480 INFO src.train.trainer: Epoch 76
2026-05-14 21:07:41,180 INFO src.train.trainer: Last model at epoch 76 saved to /root/autodl-tmp/em_eqf/experiments/reg_mixer_attnpl_ablation/runs/reg_ab_minus_pretrain_seed_0/last_model_1.pth
2026-05-14 21:07:41,180 INFO src.train.trainer: Epoch 77
2026-05-14 21:07:43,896 INFO src.train.trainer: Last model at epoch 77 saved to /root/autodl-tmp/em_eqf/experiments/reg_mixer_attnpl_ablation/runs/reg_ab_minus_pretrain_seed_0/last_model_1.pth
2026-05-14 21:07:43,897 INFO src.train.trainer: Epoch 78
2026-05-14 21:07:46,853 INFO src.train.trainer: Last model at epoch 78 saved to /root/autodl-tmp/em_eqf/experiments/reg_mixer_attnpl_ablation/runs/reg_ab_minus_pretrain_seed_0/last_model_1.pth
2026-05-14 21:07:46,853 INFO src.train.trainer: Epoch 79
2026-05-14 21:07:49,750 INFO src.train.trainer: Last model at epoch 79 saved to /root/autodl-tmp/em_eqf/experiments/reg_mixer_attnpl_ablation/runs/reg_ab_minus_pretrain_seed_0/last_model_1.pth
2026-05-14 21:07:49,751 INFO src.train.trainer: Epoch 80
2026-05-14 21:07:52,429 INFO src.train.trainer: Last model at epoch 80 saved to /root/autodl-tmp/em_eqf/experiments/reg_mixer_attnpl_ablation/runs/reg_ab_minus_pretrain_seed_0/last_model_1.pth
2026-05-14 21:07:52,442 INFO src.train.trainer: Saved epoch 80 snapshot to /root/autodl-tmp/em_eqf/experiments/reg_mixer_attnpl_ablation/runs/reg_ab_minus_pretrain_seed_0/epoch_80_model_1.pth
2026-05-14 21:07:52,443 INFO src.train.trainer: Epoch 81
2026-05-14 21:07:55,289 INFO src.train.trainer: Last model at epoch 81 saved to /root/autodl-tmp/em_eqf/experiments/reg_mixer_attnpl_ablation/runs/reg_ab_minus_pretrain_seed_0/last_model_1.pth
2026-05-14 21:07:55,290 INFO src.train.trainer: Epoch 82
2026-05-14 21:07:58,196 INFO src.train.trainer: Last model at epoch 82 saved to /root/autodl-tmp/em_eqf/experiments/reg_mixer_attnpl_ablation/runs/reg_ab_minus_pretrain_seed_0/last_model_1.pth
2026-05-14 21:07:58,196 INFO src.train.trainer: Epoch 83
2026-05-14 21:08:01,184 INFO src.train.trainer: Last model at epoch 83 saved to /root/autodl-tmp/em_eqf/experiments/reg_mixer_attnpl_ablation/runs/reg_ab_minus_pretrain_seed_0/last_model_1.pth
2026-05-14 21:08:01,184 INFO src.train.trainer: Epoch 84
2026-05-14 21:08:03,802 INFO src.train.trainer: Last model at epoch 84 saved to /root/autodl-tmp/em_eqf/experiments/reg_mixer_attnpl_ablation/runs/reg_ab_minus_pretrain_seed_0/last_model_1.pth
2026-05-14 21:08:03,802 INFO src.train.trainer: Epoch 85
2026-05-14 21:08:06,597 INFO src.train.trainer: Last model at epoch 85 saved to /root/autodl-tmp/em_eqf/experiments/reg_mixer_attnpl_ablation/runs/reg_ab_minus_pretrain_seed_0/last_model_1.pth
2026-05-14 21:08:06,597 INFO src.train.trainer: Epoch 86
2026-05-14 21:08:09,633 INFO src.train.trainer: Last model at epoch 86 saved to /root/autodl-tmp/em_eqf/experiments/reg_mixer_attnpl_ablation/runs/reg_ab_minus_pretrain_seed_0/last_model_1.pth
2026-05-14 21:08:09,633 INFO src.train.trainer: Epoch 87
2026-05-14 21:08:12,527 INFO src.train.trainer: Last model at epoch 87 saved to /root/autodl-tmp/em_eqf/experiments/reg_mixer_attnpl_ablation/runs/reg_ab_minus_pretrain_seed_0/last_model_1.pth
2026-05-14 21:08:12,528 INFO src.train.trainer: Epoch 88
2026-05-14 21:08:15,115 INFO src.train.trainer: Last model at epoch 88 saved to /root/autodl-tmp/em_eqf/experiments/reg_mixer_attnpl_ablation/runs/reg_ab_minus_pretrain_seed_0/last_model_1.pth
2026-05-14 21:08:15,116 INFO src.train.trainer: Epoch 89
2026-05-14 21:08:18,034 INFO src.train.trainer: Last model at epoch 89 saved to /root/autodl-tmp/em_eqf/experiments/reg_mixer_attnpl_ablation/runs/reg_ab_minus_pretrain_seed_0/last_model_1.pth
2026-05-14 21:08:18,034 INFO src.train.trainer: Epoch 90
2026-05-14 21:08:20,770 INFO src.train.trainer: Last model at epoch 90 saved to /root/autodl-tmp/em_eqf/experiments/reg_mixer_attnpl_ablation/runs/reg_ab_minus_pretrain_seed_0/last_model_1.pth
2026-05-14 21:08:20,770 INFO src.train.trainer: Epoch 91
2026-05-14 21:08:23,536 INFO src.train.trainer: Last model at epoch 91 saved to /root/autodl-tmp/em_eqf/experiments/reg_mixer_attnpl_ablation/runs/reg_ab_minus_pretrain_seed_0/last_model_1.pth
2026-05-14 21:08:23,537 INFO src.train.trainer: Epoch 92
2026-05-14 21:08:26,322 INFO src.train.trainer: Last model at epoch 92 saved to /root/autodl-tmp/em_eqf/experiments/reg_mixer_attnpl_ablation/runs/reg_ab_minus_pretrain_seed_0/last_model_1.pth
2026-05-14 21:08:26,322 INFO src.train.trainer: Epoch 93
2026-05-14 21:08:29,128 INFO src.train.trainer: Last model at epoch 93 saved to /root/autodl-tmp/em_eqf/experiments/reg_mixer_attnpl_ablation/runs/reg_ab_minus_pretrain_seed_0/last_model_1.pth
2026-05-14 21:08:29,129 INFO src.train.trainer: Epoch 94
2026-05-14 21:08:32,109 INFO src.train.trainer: Last model at epoch 94 saved to /root/autodl-tmp/em_eqf/experiments/reg_mixer_attnpl_ablation/runs/reg_ab_minus_pretrain_seed_0/last_model_1.pth
2026-05-14 21:08:32,109 INFO src.train.trainer: Epoch 95
2026-05-14 21:08:34,896 INFO src.train.trainer: Last model at epoch 95 saved to /root/autodl-tmp/em_eqf/experiments/reg_mixer_attnpl_ablation/runs/reg_ab_minus_pretrain_seed_0/last_model_1.pth
2026-05-14 21:08:34,896 INFO src.train.trainer: Epoch 96
2026-05-14 21:08:37,672 INFO src.train.trainer: Last model at epoch 96 saved to /root/autodl-tmp/em_eqf/experiments/reg_mixer_attnpl_ablation/runs/reg_ab_minus_pretrain_seed_0/last_model_1.pth
2026-05-14 21:08:37,672 INFO src.train.trainer: Epoch 97
2026-05-14 21:08:40,355 INFO src.train.trainer: Last model at epoch 97 saved to /root/autodl-tmp/em_eqf/experiments/reg_mixer_attnpl_ablation/runs/reg_ab_minus_pretrain_seed_0/last_model_1.pth
2026-05-14 21:08:40,356 INFO src.train.trainer: Epoch 98
2026-05-14 21:08:43,342 INFO src.train.trainer: Last model at epoch 98 saved to /root/autodl-tmp/em_eqf/experiments/reg_mixer_attnpl_ablation/runs/reg_ab_minus_pretrain_seed_0/last_model_1.pth
2026-05-14 21:08:43,342 INFO src.train.trainer: Epoch 99
2026-05-14 21:08:46,231 INFO src.train.trainer: Last model at epoch 99 saved to /root/autodl-tmp/em_eqf/experiments/reg_mixer_attnpl_ablation/runs/reg_ab_minus_pretrain_seed_0/last_model_1.pth
2026-05-14 21:08:46,231 INFO src.train.trainer: Epoch 100
2026-05-14 21:08:49,022 INFO src.train.trainer: Last model at epoch 100 saved to /root/autodl-tmp/em_eqf/experiments/reg_mixer_attnpl_ablation/runs/reg_ab_minus_pretrain_seed_0/last_model_1.pth
2026-05-14 21:08:49,029 INFO src.train.trainer: Saved epoch 100 snapshot to /root/autodl-tmp/em_eqf/experiments/reg_mixer_attnpl_ablation/runs/reg_ab_minus_pretrain_seed_0/epoch_100_model_1.pth
2026-05-14 21:08:49,030 INFO src.train.trainer: Epoch 101
2026-05-14 21:08:51,744 INFO src.train.trainer: Last model at epoch 101 saved to /root/autodl-tmp/em_eqf/experiments/reg_mixer_attnpl_ablation/runs/reg_ab_minus_pretrain_seed_0/last_model_1.pth
2026-05-14 21:08:51,744 INFO src.train.trainer: Epoch 102
2026-05-14 21:08:54,531 INFO src.train.trainer: Last model at epoch 102 saved to /root/autodl-tmp/em_eqf/experiments/reg_mixer_attnpl_ablation/runs/reg_ab_minus_pretrain_seed_0/last_model_1.pth
2026-05-14 21:08:54,532 INFO src.train.trainer: Epoch 103
2026-05-14 21:08:57,344 INFO src.train.trainer: Last model at epoch 103 saved to /root/autodl-tmp/em_eqf/experiments/reg_mixer_attnpl_ablation/runs/reg_ab_minus_pretrain_seed_0/last_model_1.pth
2026-05-14 21:08:57,344 INFO src.train.trainer: Epoch 104
2026-05-14 21:09:00,232 INFO src.train.trainer: Last model at epoch 104 saved to /root/autodl-tmp/em_eqf/experiments/reg_mixer_attnpl_ablation/runs/reg_ab_minus_pretrain_seed_0/last_model_1.pth
2026-05-14 21:09:00,232 INFO src.train.trainer: Epoch 105
2026-05-14 21:09:03,099 INFO src.train.trainer: Last model at epoch 105 saved to /root/autodl-tmp/em_eqf/experiments/reg_mixer_attnpl_ablation/runs/reg_ab_minus_pretrain_seed_0/last_model_1.pth
2026-05-14 21:09:03,100 INFO src.train.trainer: Epoch 106
2026-05-14 21:09:05,908 INFO src.train.trainer: Last model at epoch 106 saved to /root/autodl-tmp/em_eqf/experiments/reg_mixer_attnpl_ablation/runs/reg_ab_minus_pretrain_seed_0/last_model_1.pth
2026-05-14 21:09:05,908 INFO src.train.trainer: Epoch 107
2026-05-14 21:09:08,582 INFO src.train.trainer: Last model at epoch 107 saved to /root/autodl-tmp/em_eqf/experiments/reg_mixer_attnpl_ablation/runs/reg_ab_minus_pretrain_seed_0/last_model_1.pth
2026-05-14 21:09:08,583 INFO src.train.trainer: Epoch 108
2026-05-14 21:09:11,262 INFO src.train.trainer: Last model at epoch 108 saved to /root/autodl-tmp/em_eqf/experiments/reg_mixer_attnpl_ablation/runs/reg_ab_minus_pretrain_seed_0/last_model_1.pth
2026-05-14 21:09:11,263 INFO src.train.trainer: Epoch 109
2026-05-14 21:09:13,920 INFO src.train.trainer: Last model at epoch 109 saved to /root/autodl-tmp/em_eqf/experiments/reg_mixer_attnpl_ablation/runs/reg_ab_minus_pretrain_seed_0/last_model_1.pth
2026-05-14 21:09:13,921 INFO src.train.trainer: Epoch 110
2026-05-14 21:09:16,813 INFO src.train.trainer: Last model at epoch 110 saved to /root/autodl-tmp/em_eqf/experiments/reg_mixer_attnpl_ablation/runs/reg_ab_minus_pretrain_seed_0/last_model_1.pth
2026-05-14 21:09:16,814 INFO src.train.trainer: Epoch 111
2026-05-14 21:09:19,912 INFO src.train.trainer: Last model at epoch 111 saved to /root/autodl-tmp/em_eqf/experiments/reg_mixer_attnpl_ablation/runs/reg_ab_minus_pretrain_seed_0/last_model_1.pth
2026-05-14 21:09:19,913 INFO src.train.trainer: Epoch 112
2026-05-14 21:09:22,666 INFO src.train.trainer: Last model at epoch 112 saved to /root/autodl-tmp/em_eqf/experiments/reg_mixer_attnpl_ablation/runs/reg_ab_minus_pretrain_seed_0/last_model_1.pth
2026-05-14 21:09:22,666 INFO src.train.trainer: Epoch 113
2026-05-14 21:09:25,371 INFO src.train.trainer: Last model at epoch 113 saved to /root/autodl-tmp/em_eqf/experiments/reg_mixer_attnpl_ablation/runs/reg_ab_minus_pretrain_seed_0/last_model_1.pth
2026-05-14 21:09:25,372 INFO src.train.trainer: Epoch 114
2026-05-14 21:09:28,181 INFO src.train.trainer: Last model at epoch 114 saved to /root/autodl-tmp/em_eqf/experiments/reg_mixer_attnpl_ablation/runs/reg_ab_minus_pretrain_seed_0/last_model_1.pth
2026-05-14 21:09:28,181 INFO src.train.trainer: Epoch 115
2026-05-14 21:09:31,044 INFO src.train.trainer: Last model at epoch 115 saved to /root/autodl-tmp/em_eqf/experiments/reg_mixer_attnpl_ablation/runs/reg_ab_minus_pretrain_seed_0/last_model_1.pth
2026-05-14 21:09:31,044 INFO src.train.trainer: Epoch 116
2026-05-14 21:09:33,966 INFO src.train.trainer: Last model at epoch 116 saved to /root/autodl-tmp/em_eqf/experiments/reg_mixer_attnpl_ablation/runs/reg_ab_minus_pretrain_seed_0/last_model_1.pth
2026-05-14 21:09:33,967 INFO src.train.trainer: Epoch 117
2026-05-14 21:09:36,721 INFO src.train.trainer: Last model at epoch 117 saved to /root/autodl-tmp/em_eqf/experiments/reg_mixer_attnpl_ablation/runs/reg_ab_minus_pretrain_seed_0/last_model_1.pth
2026-05-14 21:09:36,722 INFO src.train.trainer: Epoch 118
2026-05-14 21:09:39,319 INFO src.train.trainer: Last model at epoch 118 saved to /root/autodl-tmp/em_eqf/experiments/reg_mixer_attnpl_ablation/runs/reg_ab_minus_pretrain_seed_0/last_model_1.pth
2026-05-14 21:09:39,319 INFO src.train.trainer: Epoch 119
2026-05-14 21:09:42,071 INFO src.train.trainer: Last model at epoch 119 saved to /root/autodl-tmp/em_eqf/experiments/reg_mixer_attnpl_ablation/runs/reg_ab_minus_pretrain_seed_0/last_model_1.pth
2026-05-14 21:09:42,072 INFO src.train.trainer: Epoch 120
2026-05-14 21:09:44,898 INFO src.train.trainer: Last model at epoch 120 saved to /root/autodl-tmp/em_eqf/experiments/reg_mixer_attnpl_ablation/runs/reg_ab_minus_pretrain_seed_0/last_model_1.pth
2026-05-14 21:09:44,909 INFO src.train.trainer: Saved epoch 120 snapshot to /root/autodl-tmp/em_eqf/experiments/reg_mixer_attnpl_ablation/runs/reg_ab_minus_pretrain_seed_0/epoch_120_model_1.pth
2026-05-14 21:09:44,909 INFO src.train.trainer: Epoch 121
2026-05-14 21:09:47,819 INFO src.train.trainer: Last model at epoch 121 saved to /root/autodl-tmp/em_eqf/experiments/reg_mixer_attnpl_ablation/runs/reg_ab_minus_pretrain_seed_0/last_model_1.pth
2026-05-14 21:09:47,819 INFO src.train.trainer: Epoch 122
2026-05-14 21:09:50,773 INFO src.train.trainer: Last model at epoch 122 saved to /root/autodl-tmp/em_eqf/experiments/reg_mixer_attnpl_ablation/runs/reg_ab_minus_pretrain_seed_0/last_model_1.pth
2026-05-14 21:09:50,774 INFO src.train.trainer: Epoch 123
2026-05-14 21:09:53,585 INFO src.train.trainer: Last model at epoch 123 saved to /root/autodl-tmp/em_eqf/experiments/reg_mixer_attnpl_ablation/runs/reg_ab_minus_pretrain_seed_0/last_model_1.pth
2026-05-14 21:09:53,585 INFO src.train.trainer: Epoch 124
2026-05-14 21:09:56,502 INFO src.train.trainer: Last model at epoch 124 saved to /root/autodl-tmp/em_eqf/experiments/reg_mixer_attnpl_ablation/runs/reg_ab_minus_pretrain_seed_0/last_model_1.pth
2026-05-14 21:09:56,502 INFO src.train.trainer: Epoch 125
2026-05-14 21:09:59,231 INFO src.train.trainer: Last model at epoch 125 saved to /root/autodl-tmp/em_eqf/experiments/reg_mixer_attnpl_ablation/runs/reg_ab_minus_pretrain_seed_0/last_model_1.pth
2026-05-14 21:09:59,231 INFO src.train.trainer: Epoch 126
2026-05-14 21:10:01,995 INFO src.train.trainer: Last model at epoch 126 saved to /root/autodl-tmp/em_eqf/experiments/reg_mixer_attnpl_ablation/runs/reg_ab_minus_pretrain_seed_0/last_model_1.pth
2026-05-14 21:10:01,996 INFO src.train.trainer: Epoch 127
2026-05-14 21:10:05,013 INFO src.train.trainer: Last model at epoch 127 saved to /root/autodl-tmp/em_eqf/experiments/reg_mixer_attnpl_ablation/runs/reg_ab_minus_pretrain_seed_0/last_model_1.pth
2026-05-14 21:10:05,013 INFO src.train.trainer: Epoch 128
2026-05-14 21:10:08,154 INFO src.train.trainer: Last model at epoch 128 saved to /root/autodl-tmp/em_eqf/experiments/reg_mixer_attnpl_ablation/runs/reg_ab_minus_pretrain_seed_0/last_model_1.pth
2026-05-14 21:10:08,154 INFO src.train.trainer: Epoch 129
2026-05-14 21:10:10,885 INFO src.train.trainer: Last model at epoch 129 saved to /root/autodl-tmp/em_eqf/experiments/reg_mixer_attnpl_ablation/runs/reg_ab_minus_pretrain_seed_0/last_model_1.pth
2026-05-14 21:10:10,886 INFO src.train.trainer: Epoch 130
2026-05-14 21:10:13,643 INFO src.train.trainer: Last model at epoch 130 saved to /root/autodl-tmp/em_eqf/experiments/reg_mixer_attnpl_ablation/runs/reg_ab_minus_pretrain_seed_0/last_model_1.pth
2026-05-14 21:10:13,643 INFO src.train.trainer: Epoch 131
2026-05-14 21:10:16,247 INFO src.train.trainer: Last model at epoch 131 saved to /root/autodl-tmp/em_eqf/experiments/reg_mixer_attnpl_ablation/runs/reg_ab_minus_pretrain_seed_0/last_model_1.pth
2026-05-14 21:10:16,247 INFO src.train.trainer: Epoch 132
2026-05-14 21:10:18,985 INFO src.train.trainer: Last model at epoch 132 saved to /root/autodl-tmp/em_eqf/experiments/reg_mixer_attnpl_ablation/runs/reg_ab_minus_pretrain_seed_0/last_model_1.pth
2026-05-14 21:10:18,985 INFO src.train.trainer: Epoch 133
2026-05-14 21:10:21,679 INFO src.train.trainer: Last model at epoch 133 saved to /root/autodl-tmp/em_eqf/experiments/reg_mixer_attnpl_ablation/runs/reg_ab_minus_pretrain_seed_0/last_model_1.pth
2026-05-14 21:10:21,680 INFO src.train.trainer: Epoch 134
2026-05-14 21:10:24,450 INFO src.train.trainer: Last model at epoch 134 saved to /root/autodl-tmp/em_eqf/experiments/reg_mixer_attnpl_ablation/runs/reg_ab_minus_pretrain_seed_0/last_model_1.pth
2026-05-14 21:10:24,450 INFO src.train.trainer: Epoch 135
2026-05-14 21:10:27,425 INFO src.train.trainer: Last model at epoch 135 saved to /root/autodl-tmp/em_eqf/experiments/reg_mixer_attnpl_ablation/runs/reg_ab_minus_pretrain_seed_0/last_model_1.pth
2026-05-14 21:10:27,426 INFO src.train.trainer: Epoch 136
2026-05-14 21:10:30,367 INFO src.train.trainer: Last model at epoch 136 saved to /root/autodl-tmp/em_eqf/experiments/reg_mixer_attnpl_ablation/runs/reg_ab_minus_pretrain_seed_0/last_model_1.pth
2026-05-14 21:10:30,367 INFO src.train.trainer: Epoch 137
2026-05-14 21:10:33,460 INFO src.train.trainer: Last model at epoch 137 saved to /root/autodl-tmp/em_eqf/experiments/reg_mixer_attnpl_ablation/runs/reg_ab_minus_pretrain_seed_0/last_model_1.pth
2026-05-14 21:10:33,461 INFO src.train.trainer: Epoch 138
2026-05-14 21:10:36,472 INFO src.train.trainer: Last model at epoch 138 saved to /root/autodl-tmp/em_eqf/experiments/reg_mixer_attnpl_ablation/runs/reg_ab_minus_pretrain_seed_0/last_model_1.pth
2026-05-14 21:10:36,472 INFO src.train.trainer: Epoch 139
2026-05-14 21:10:39,617 INFO src.train.trainer: Last model at epoch 139 saved to /root/autodl-tmp/em_eqf/experiments/reg_mixer_attnpl_ablation/runs/reg_ab_minus_pretrain_seed_0/last_model_1.pth
2026-05-14 21:10:39,617 INFO src.train.trainer: Epoch 140
2026-05-14 21:10:42,413 INFO src.train.trainer: Last model at epoch 140 saved to /root/autodl-tmp/em_eqf/experiments/reg_mixer_attnpl_ablation/runs/reg_ab_minus_pretrain_seed_0/last_model_1.pth
2026-05-14 21:10:42,424 INFO src.train.trainer: Saved epoch 140 snapshot to /root/autodl-tmp/em_eqf/experiments/reg_mixer_attnpl_ablation/runs/reg_ab_minus_pretrain_seed_0/epoch_140_model_1.pth
2026-05-14 21:10:42,424 INFO src.train.trainer: Epoch 141
2026-05-14 21:10:45,075 INFO src.train.trainer: Last model at epoch 141 saved to /root/autodl-tmp/em_eqf/experiments/reg_mixer_attnpl_ablation/runs/reg_ab_minus_pretrain_seed_0/last_model_1.pth
2026-05-14 21:10:45,076 INFO src.train.trainer: Epoch 142
2026-05-14 21:10:47,861 INFO src.train.trainer: Last model at epoch 142 saved to /root/autodl-tmp/em_eqf/experiments/reg_mixer_attnpl_ablation/runs/reg_ab_minus_pretrain_seed_0/last_model_1.pth
2026-05-14 21:10:47,862 INFO src.train.trainer: Epoch 143
2026-05-14 21:10:50,771 INFO src.train.trainer: Last model at epoch 143 saved to /root/autodl-tmp/em_eqf/experiments/reg_mixer_attnpl_ablation/runs/reg_ab_minus_pretrain_seed_0/last_model_1.pth
2026-05-14 21:10:50,771 INFO src.train.trainer: Epoch 144
2026-05-14 21:10:53,917 INFO src.train.trainer: Last model at epoch 144 saved to /root/autodl-tmp/em_eqf/experiments/reg_mixer_attnpl_ablation/runs/reg_ab_minus_pretrain_seed_0/last_model_1.pth
2026-05-14 21:10:53,918 INFO src.train.trainer: Epoch 145
2026-05-14 21:10:56,707 INFO src.train.trainer: Last model at epoch 145 saved to /root/autodl-tmp/em_eqf/experiments/reg_mixer_attnpl_ablation/runs/reg_ab_minus_pretrain_seed_0/last_model_1.pth
2026-05-14 21:10:56,708 INFO src.train.trainer: Epoch 146
2026-05-14 21:10:59,618 INFO src.train.trainer: Last model at epoch 146 saved to /root/autodl-tmp/em_eqf/experiments/reg_mixer_attnpl_ablation/runs/reg_ab_minus_pretrain_seed_0/last_model_1.pth
2026-05-14 21:10:59,619 INFO src.train.trainer: Epoch 147
2026-05-14 21:11:02,270 INFO src.train.trainer: Last model at epoch 147 saved to /root/autodl-tmp/em_eqf/experiments/reg_mixer_attnpl_ablation/runs/reg_ab_minus_pretrain_seed_0/last_model_1.pth
2026-05-14 21:11:02,271 INFO src.train.trainer: Epoch 148
2026-05-14 21:11:04,974 INFO src.train.trainer: Last model at epoch 148 saved to /root/autodl-tmp/em_eqf/experiments/reg_mixer_attnpl_ablation/runs/reg_ab_minus_pretrain_seed_0/last_model_1.pth
2026-05-14 21:11:04,974 INFO src.train.trainer: Epoch 149
2026-05-14 21:11:07,642 INFO src.train.trainer: Last model at epoch 149 saved to /root/autodl-tmp/em_eqf/experiments/reg_mixer_attnpl_ablation/runs/reg_ab_minus_pretrain_seed_0/last_model_1.pth
2026-05-14 21:11:07,642 INFO src.train.trainer: Epoch 150
2026-05-14 21:11:10,396 INFO src.train.trainer: Last model at epoch 150 saved to /root/autodl-tmp/em_eqf/experiments/reg_mixer_attnpl_ablation/runs/reg_ab_minus_pretrain_seed_0/last_model_1.pth
2026-05-14 21:11:21,071 INFO src.data.preprocessing: CSV files found: ['chuandian_2021.csv']
2026-05-14 21:11:22,073 INFO src.utils.file_utils: Loading cached data from: data/ChuanDian/regressor/regressor_Mc_3_Mf_3_Tfore_180_Twindow_360_context_len_1_dt_10.pkl
2026-05-14 21:11:24,413 INFO src.data.preprocessing: Catalog statistics: {'tau_unfiltered': 0.15339908988298961, 'tau_q025': 0.08114294020924717, 'tau_q05': 0.5134664350189269, 'tau_mean': 1.3070542199341526, 'tau_max': 25.18216435192153, 'tau_min': 0.0, 'time_max': 18770.72654999979, 'time_mean': 10030.9430649837, 'mag_completeness': 3.0, 'mag_mean': 3.456916005014626, 'mag_max': 8.0, 'mag_min': 3.0, 'b_value': 0.856738547623331, 'b_std': 0.0071499224812533796, 'b_n': 14358}
2026-05-14 21:11:24,500 INFO src.data.event_loader: lengths of samples: min=96, max=1340, avg=265.71
2026-05-14 21:11:25,743 INFO src.models.adapters.mixer_task: using time scale base 1.3070542199341526 (key: tau_mean)
2026-05-14 21:11:25,744 INFO src.models.adapters.mixer_task: tau mean: tensor(1.3071)
2026-05-14 21:11:25,766 INFO src.train.config_setup: Restoring model from checkpoint.
2026-05-14 21:11:25,767 INFO src.train.config_setup: Loading model weights: load_specific_parts=None
2026-05-14 21:11:25,769 INFO src.train.config_setup: Checkpoint loaded: <All keys matched successfully>
2026-05-14 21:11:25,770 INFO src.train.config_setup: Full load summary: loaded=68, missing=0, unexpected=0
2026-05-14 21:11:25,771 INFO src.train.config_setup: Checkpoint hyperparameters loaded.
2026-05-14 21:11:25,771 INFO src.train.config_setup: Checkpoint train metrics available.
2026-05-14 21:11:25,771 INFO src.train.config_setup: Checkpoint val metrics available.
2026-05-14 21:11:25,771 INFO src.train.config_setup: Freeze skipped (checkpoint_restore): freeze_parts is empty.
2026-05-14 21:11:25,771 INFO src.train.config_setup: Using regression criterion: smooth_l1
2026-05-14 21:11:25,771 INFO src.train.config_setup: Criterion config: {'beta': 0.3}
2026-05-14 21:11:25,773 INFO src.train.config_setup: Not resuming optimizer/scheduler state; reset training state to start_epoch=0, best_val_loss=inf.
2026-05-14 21:11:34,631 INFO src.cli.workflows: Test loss: 0.03364923410117626
2026-05-14 21:11:37,592 INFO src.cli.common: Saved test metrics to /root/autodl-tmp/em_eqf/experiments/reg_mixer_attnpl_ablation/runs/reg_ab_minus_pretrain_seed_0/metrics_test_best_1.json
2026-05-14 21:11:37,593 INFO src.cli.common: Metrics: {'RMSE': 0.8541336772396956, 'MAE': 0.7442435089681969, 'MSE': 0.7295443385950044, 'MAPE': 16.225826006141787, 'R2': -1.1801219963981473, 'PearsonR': -0.09637076657793911, 'PearsonR_diff': 0.004609477417529334, 'DA': 0.03296703296703297, 'SpearmanR': -0.01876002473411185, 'SpearmanR_diff': -0.10879056964971005, 'DTW': 136.19656965136528, 'DTW_normalized': 0.7442435500074606}
2026-05-14 21:11:47,990 INFO src.data.preprocessing: CSV files found: ['chuandian_2021.csv']
2026-05-14 21:11:49,052 INFO src.utils.file_utils: Loading cached data from: data/ChuanDian/regressor/regressor_Mc_3_Mf_3_Tfore_180_Twindow_360_context_len_1_dt_10.pkl
2026-05-14 21:11:51,439 INFO src.data.preprocessing: Catalog statistics: {'tau_unfiltered': 0.15339908988298961, 'tau_q025': 0.08114294020924717, 'tau_q05': 0.5134664350189269, 'tau_mean': 1.3070542199341526, 'tau_max': 25.18216435192153, 'tau_min': 0.0, 'time_max': 18770.72654999979, 'time_mean': 10030.9430649837, 'mag_completeness': 3.0, 'mag_mean': 3.456916005014626, 'mag_max': 8.0, 'mag_min': 3.0, 'b_value': 0.856738547623331, 'b_std': 0.0071499224812533796, 'b_n': 14358}
2026-05-14 21:11:51,522 INFO src.data.event_loader: lengths of samples: min=96, max=1340, avg=265.71
2026-05-14 21:11:52,905 INFO src.models.adapters.mixer_task: using time scale base 1.3070542199341526 (key: tau_mean)
2026-05-14 21:11:52,905 INFO src.models.adapters.mixer_task: tau mean: tensor(1.3071)
2026-05-14 21:11:52,933 INFO src.train.config_setup: Restoring model from checkpoint.
2026-05-14 21:11:52,933 INFO src.train.config_setup: Loading model weights: load_specific_parts=None
2026-05-14 21:11:52,935 INFO src.train.config_setup: Checkpoint loaded: <All keys matched successfully>
2026-05-14 21:11:52,935 INFO src.train.config_setup: Full load summary: loaded=68, missing=0, unexpected=0
2026-05-14 21:11:52,936 INFO src.train.config_setup: Checkpoint hyperparameters loaded.
2026-05-14 21:11:52,937 INFO src.train.config_setup: Checkpoint train metrics available.
2026-05-14 21:11:52,937 INFO src.train.config_setup: Checkpoint val metrics available.
2026-05-14 21:11:52,937 INFO src.train.config_setup: Freeze skipped (checkpoint_restore): freeze_parts is empty.
2026-05-14 21:11:52,937 INFO src.train.config_setup: Using regression criterion: smooth_l1
2026-05-14 21:11:52,937 INFO src.train.config_setup: Criterion config: {'beta': 0.3}
2026-05-14 21:11:52,938 INFO src.train.config_setup: Not resuming optimizer/scheduler state; reset training state to start_epoch=0, best_val_loss=inf.
2026-05-14 21:12:02,297 INFO src.cli.workflows: Test loss: 0.024365050097306568
2026-05-14 21:12:04,858 INFO src.cli.common: Saved test metrics to /root/autodl-tmp/em_eqf/experiments/reg_mixer_attnpl_ablation/runs/reg_ab_minus_pretrain_seed_0/metrics_test_last_1.json
2026-05-14 21:12:04,858 INFO src.cli.common: Metrics: {'RMSE': 0.7317710251971246, 'MAE': 0.6430844107612235, 'MSE': 0.5354888333180506, 'MAPE': 13.597762193918623, 'R2': -0.6002193733564767, 'PearsonR': -0.11263021327023542, 'PearsonR_diff': 0.009970810908259953, 'DA': 0.038461538461538464, 'SpearmanR': -0.11904099275755638, 'SpearmanR_diff': -0.07560985006861112, 'DTW': 60.951246321201324, 'DTW_normalized': 0.33306691978798536}
