2026-05-14 21:40:08,561 INFO src.data.preprocessing: CSV files found: ['chuandian_2021.csv']
2026-05-14 21:40:09,509 INFO src.utils.file_utils: Loading cached data from: data/ChuanDian/regressor/regressor_Mc_3_Mf_3_Tfore_180_Twindow_360_context_len_1_dt_10.pkl
2026-05-14 21:40:11,793 INFO src.data.preprocessing: Catalog statistics: {'tau_unfiltered': 0.15339908988298961, 'tau_q025': 0.08114294020924717, 'tau_q05': 0.5134664350189269, 'tau_mean': 1.3070542199341526, 'tau_max': 25.18216435192153, 'tau_min': 0.0, 'time_max': 18770.72654999979, 'time_mean': 10030.9430649837, 'mag_completeness': 3.0, 'mag_mean': 3.456916005014626, 'mag_max': 8.0, 'mag_min': 3.0, 'b_value': 0.856738547623331, 'b_std': 0.0071499224812533796, 'b_n': 14358}
2026-05-14 21:40:11,834 INFO src.data.event_loader: lengths of samples: min=96, max=1340, avg=265.71
2026-05-14 21:40:11,836 INFO src.cli.workflows: No resume path provided. Training will start from scratch.
2026-05-14 21:40:13,131 INFO src.models.adapters.mixer_task: using time scale base 1.3070542199341526 (key: tau_mean)
2026-05-14 21:40:13,131 INFO src.models.adapters.mixer_task: tau mean: tensor(1.3071)
2026-05-14 21:40:13,144 INFO src.train.config_setup: No checkpoint restore requested; initializing model from scratch.
2026-05-14 21:40:13,144 INFO src.train.config_setup: Freeze skipped (fresh_init): freeze_parts is empty.
2026-05-14 21:40:13,144 INFO src.train.config_setup: Using regression criterion: smooth_l1
2026-05-14 21:40:13,144 INFO src.train.config_setup: Criterion config: {'beta': 0.3}
2026-05-14 21:40:13,145 INFO src.train.trainer: Epoch 1
2026-05-14 21:40:31,894 INFO src.train.trainer: New best validation loss: 0.0646, saved to /root/autodl-tmp/em_eqf/experiments/reg_mixer_attnpl_ab/runs/reg_ab_minus_pretrain_seed_2/best_model_1.pth
2026-05-14 21:40:31,903 INFO src.train.trainer: Last model at epoch 1 saved to /root/autodl-tmp/em_eqf/experiments/reg_mixer_attnpl_ab/runs/reg_ab_minus_pretrain_seed_2/last_model_1.pth
2026-05-14 21:40:31,903 INFO src.train.trainer: Epoch 2
2026-05-14 21:40:34,942 INFO src.train.trainer: New best validation loss: 0.0307, saved to /root/autodl-tmp/em_eqf/experiments/reg_mixer_attnpl_ab/runs/reg_ab_minus_pretrain_seed_2/best_model_1.pth
2026-05-14 21:40:34,958 INFO src.train.trainer: Last model at epoch 2 saved to /root/autodl-tmp/em_eqf/experiments/reg_mixer_attnpl_ab/runs/reg_ab_minus_pretrain_seed_2/last_model_1.pth
2026-05-14 21:40:34,959 INFO src.train.trainer: Epoch 3
2026-05-14 21:40:37,814 INFO src.train.trainer: New best validation loss: 0.0281, saved to /root/autodl-tmp/em_eqf/experiments/reg_mixer_attnpl_ab/runs/reg_ab_minus_pretrain_seed_2/best_model_1.pth
2026-05-14 21:40:37,828 INFO src.train.trainer: Last model at epoch 3 saved to /root/autodl-tmp/em_eqf/experiments/reg_mixer_attnpl_ab/runs/reg_ab_minus_pretrain_seed_2/last_model_1.pth
2026-05-14 21:40:37,828 INFO src.train.trainer: Epoch 4
2026-05-14 21:40:40,785 INFO src.train.trainer: Last model at epoch 4 saved to /root/autodl-tmp/em_eqf/experiments/reg_mixer_attnpl_ab/runs/reg_ab_minus_pretrain_seed_2/last_model_1.pth
2026-05-14 21:40:40,786 INFO src.train.trainer: Epoch 5
2026-05-14 21:40:43,899 INFO src.train.trainer: New best validation loss: 0.0279, saved to /root/autodl-tmp/em_eqf/experiments/reg_mixer_attnpl_ab/runs/reg_ab_minus_pretrain_seed_2/best_model_1.pth
2026-05-14 21:40:43,918 INFO src.train.trainer: Last model at epoch 5 saved to /root/autodl-tmp/em_eqf/experiments/reg_mixer_attnpl_ab/runs/reg_ab_minus_pretrain_seed_2/last_model_1.pth
2026-05-14 21:40:43,919 INFO src.train.trainer: Epoch 6
2026-05-14 21:40:46,623 INFO src.train.trainer: Last model at epoch 6 saved to /root/autodl-tmp/em_eqf/experiments/reg_mixer_attnpl_ab/runs/reg_ab_minus_pretrain_seed_2/last_model_1.pth
2026-05-14 21:40:46,624 INFO src.train.trainer: Epoch 7
2026-05-14 21:40:49,766 INFO src.train.trainer: Last model at epoch 7 saved to /root/autodl-tmp/em_eqf/experiments/reg_mixer_attnpl_ab/runs/reg_ab_minus_pretrain_seed_2/last_model_1.pth
2026-05-14 21:40:49,766 INFO src.train.trainer: Epoch 8
2026-05-14 21:40:52,986 INFO src.train.trainer: Last model at epoch 8 saved to /root/autodl-tmp/em_eqf/experiments/reg_mixer_attnpl_ab/runs/reg_ab_minus_pretrain_seed_2/last_model_1.pth
2026-05-14 21:40:52,986 INFO src.train.trainer: Epoch 9
2026-05-14 21:40:56,566 INFO src.train.trainer: Last model at epoch 9 saved to /root/autodl-tmp/em_eqf/experiments/reg_mixer_attnpl_ab/runs/reg_ab_minus_pretrain_seed_2/last_model_1.pth
2026-05-14 21:40:56,567 INFO src.train.trainer: Epoch 10
2026-05-14 21:40:59,717 INFO src.train.trainer: Last model at epoch 10 saved to /root/autodl-tmp/em_eqf/experiments/reg_mixer_attnpl_ab/runs/reg_ab_minus_pretrain_seed_2/last_model_1.pth
2026-05-14 21:40:59,717 INFO src.train.trainer: Epoch 11
2026-05-14 21:41:02,517 INFO src.train.trainer: Last model at epoch 11 saved to /root/autodl-tmp/em_eqf/experiments/reg_mixer_attnpl_ab/runs/reg_ab_minus_pretrain_seed_2/last_model_1.pth
2026-05-14 21:41:02,518 INFO src.train.trainer: Epoch 12
2026-05-14 21:41:05,178 INFO src.train.trainer: Last model at epoch 12 saved to /root/autodl-tmp/em_eqf/experiments/reg_mixer_attnpl_ab/runs/reg_ab_minus_pretrain_seed_2/last_model_1.pth
2026-05-14 21:41:05,179 INFO src.train.trainer: Epoch 13
2026-05-14 21:41:08,210 INFO src.train.trainer: Last model at epoch 13 saved to /root/autodl-tmp/em_eqf/experiments/reg_mixer_attnpl_ab/runs/reg_ab_minus_pretrain_seed_2/last_model_1.pth
2026-05-14 21:41:08,211 INFO src.train.trainer: Epoch 14
2026-05-14 21:41:10,975 INFO src.train.trainer: Last model at epoch 14 saved to /root/autodl-tmp/em_eqf/experiments/reg_mixer_attnpl_ab/runs/reg_ab_minus_pretrain_seed_2/last_model_1.pth
2026-05-14 21:41:10,976 INFO src.train.trainer: Epoch 15
2026-05-14 21:41:13,513 INFO src.train.trainer: Last model at epoch 15 saved to /root/autodl-tmp/em_eqf/experiments/reg_mixer_attnpl_ab/runs/reg_ab_minus_pretrain_seed_2/last_model_1.pth
2026-05-14 21:41:13,514 INFO src.train.trainer: Epoch 16
2026-05-14 21:41:16,471 INFO src.train.trainer: New best validation loss: 0.0278, saved to /root/autodl-tmp/em_eqf/experiments/reg_mixer_attnpl_ab/runs/reg_ab_minus_pretrain_seed_2/best_model_1.pth
2026-05-14 21:41:16,490 INFO src.train.trainer: Last model at epoch 16 saved to /root/autodl-tmp/em_eqf/experiments/reg_mixer_attnpl_ab/runs/reg_ab_minus_pretrain_seed_2/last_model_1.pth
2026-05-14 21:41:16,490 INFO src.train.trainer: Epoch 17
2026-05-14 21:41:19,195 INFO src.train.trainer: New best validation loss: 0.0278, saved to /root/autodl-tmp/em_eqf/experiments/reg_mixer_attnpl_ab/runs/reg_ab_minus_pretrain_seed_2/best_model_1.pth
2026-05-14 21:41:19,207 INFO src.train.trainer: Last model at epoch 17 saved to /root/autodl-tmp/em_eqf/experiments/reg_mixer_attnpl_ab/runs/reg_ab_minus_pretrain_seed_2/last_model_1.pth
2026-05-14 21:41:19,207 INFO src.train.trainer: Epoch 18
2026-05-14 21:41:21,903 INFO src.train.trainer: New best validation loss: 0.0274, saved to /root/autodl-tmp/em_eqf/experiments/reg_mixer_attnpl_ab/runs/reg_ab_minus_pretrain_seed_2/best_model_1.pth
2026-05-14 21:41:21,913 INFO src.train.trainer: Last model at epoch 18 saved to /root/autodl-tmp/em_eqf/experiments/reg_mixer_attnpl_ab/runs/reg_ab_minus_pretrain_seed_2/last_model_1.pth
2026-05-14 21:41:21,913 INFO src.train.trainer: Epoch 19
2026-05-14 21:41:24,723 INFO src.train.trainer: Last model at epoch 19 saved to /root/autodl-tmp/em_eqf/experiments/reg_mixer_attnpl_ab/runs/reg_ab_minus_pretrain_seed_2/last_model_1.pth
2026-05-14 21:41:24,723 INFO src.train.trainer: Epoch 20
2026-05-14 21:41:27,580 INFO src.train.trainer: Last model at epoch 20 saved to /root/autodl-tmp/em_eqf/experiments/reg_mixer_attnpl_ab/runs/reg_ab_minus_pretrain_seed_2/last_model_1.pth
2026-05-14 21:41:27,580 INFO src.train.trainer: Epoch 21
2026-05-14 21:41:30,617 INFO src.train.trainer: Last model at epoch 21 saved to /root/autodl-tmp/em_eqf/experiments/reg_mixer_attnpl_ab/runs/reg_ab_minus_pretrain_seed_2/last_model_1.pth
2026-05-14 21:41:30,618 INFO src.train.trainer: Epoch 22
2026-05-14 21:41:33,405 INFO src.train.trainer: Last model at epoch 22 saved to /root/autodl-tmp/em_eqf/experiments/reg_mixer_attnpl_ab/runs/reg_ab_minus_pretrain_seed_2/last_model_1.pth
2026-05-14 21:41:33,405 INFO src.train.trainer: Epoch 23
2026-05-14 21:41:36,253 INFO src.train.trainer: Last model at epoch 23 saved to /root/autodl-tmp/em_eqf/experiments/reg_mixer_attnpl_ab/runs/reg_ab_minus_pretrain_seed_2/last_model_1.pth
2026-05-14 21:41:36,254 INFO src.train.trainer: Epoch 24
2026-05-14 21:41:38,969 INFO src.train.trainer: Last model at epoch 24 saved to /root/autodl-tmp/em_eqf/experiments/reg_mixer_attnpl_ab/runs/reg_ab_minus_pretrain_seed_2/last_model_1.pth
2026-05-14 21:41:38,969 INFO src.train.trainer: Epoch 25
2026-05-14 21:41:41,653 INFO src.train.trainer: Last model at epoch 25 saved to /root/autodl-tmp/em_eqf/experiments/reg_mixer_attnpl_ab/runs/reg_ab_minus_pretrain_seed_2/last_model_1.pth
2026-05-14 21:41:41,654 INFO src.train.trainer: Epoch 26
2026-05-14 21:41:44,080 INFO src.train.trainer: Last model at epoch 26 saved to /root/autodl-tmp/em_eqf/experiments/reg_mixer_attnpl_ab/runs/reg_ab_minus_pretrain_seed_2/last_model_1.pth
2026-05-14 21:41:44,081 INFO src.train.trainer: Epoch 27
2026-05-14 21:41:46,974 INFO src.train.trainer: Last model at epoch 27 saved to /root/autodl-tmp/em_eqf/experiments/reg_mixer_attnpl_ab/runs/reg_ab_minus_pretrain_seed_2/last_model_1.pth
2026-05-14 21:41:46,975 INFO src.train.trainer: Epoch 28
2026-05-14 21:41:50,065 INFO src.train.trainer: Last model at epoch 28 saved to /root/autodl-tmp/em_eqf/experiments/reg_mixer_attnpl_ab/runs/reg_ab_minus_pretrain_seed_2/last_model_1.pth
2026-05-14 21:41:50,066 INFO src.train.trainer: Epoch 29
2026-05-14 21:41:52,966 INFO src.train.trainer: Last model at epoch 29 saved to /root/autodl-tmp/em_eqf/experiments/reg_mixer_attnpl_ab/runs/reg_ab_minus_pretrain_seed_2/last_model_1.pth
2026-05-14 21:41:52,966 INFO src.train.trainer: Epoch 30
2026-05-14 21:41:55,861 INFO src.train.trainer: Last model at epoch 30 saved to /root/autodl-tmp/em_eqf/experiments/reg_mixer_attnpl_ab/runs/reg_ab_minus_pretrain_seed_2/last_model_1.pth
2026-05-14 21:41:55,861 INFO src.train.trainer: Epoch 31
2026-05-14 21:41:58,724 INFO src.train.trainer: Last model at epoch 31 saved to /root/autodl-tmp/em_eqf/experiments/reg_mixer_attnpl_ab/runs/reg_ab_minus_pretrain_seed_2/last_model_1.pth
2026-05-14 21:41:58,724 INFO src.train.trainer: Epoch 32
2026-05-14 21:42:01,288 INFO src.train.trainer: Last model at epoch 32 saved to /root/autodl-tmp/em_eqf/experiments/reg_mixer_attnpl_ab/runs/reg_ab_minus_pretrain_seed_2/last_model_1.pth
2026-05-14 21:42:01,288 INFO src.train.trainer: Epoch 33
2026-05-14 21:42:04,111 INFO src.train.trainer: Last model at epoch 33 saved to /root/autodl-tmp/em_eqf/experiments/reg_mixer_attnpl_ab/runs/reg_ab_minus_pretrain_seed_2/last_model_1.pth
2026-05-14 21:42:04,112 INFO src.train.trainer: Epoch 34
2026-05-14 21:42:06,539 INFO src.train.trainer: Last model at epoch 34 saved to /root/autodl-tmp/em_eqf/experiments/reg_mixer_attnpl_ab/runs/reg_ab_minus_pretrain_seed_2/last_model_1.pth
2026-05-14 21:42:06,539 INFO src.train.trainer: Epoch 35
2026-05-14 21:42:09,142 INFO src.train.trainer: Last model at epoch 35 saved to /root/autodl-tmp/em_eqf/experiments/reg_mixer_attnpl_ab/runs/reg_ab_minus_pretrain_seed_2/last_model_1.pth
2026-05-14 21:42:09,143 INFO src.train.trainer: Epoch 36
2026-05-14 21:42:11,706 INFO src.train.trainer: Last model at epoch 36 saved to /root/autodl-tmp/em_eqf/experiments/reg_mixer_attnpl_ab/runs/reg_ab_minus_pretrain_seed_2/last_model_1.pth
2026-05-14 21:42:11,706 INFO src.train.trainer: Epoch 37
2026-05-14 21:42:14,086 INFO src.train.trainer: Last model at epoch 37 saved to /root/autodl-tmp/em_eqf/experiments/reg_mixer_attnpl_ab/runs/reg_ab_minus_pretrain_seed_2/last_model_1.pth
2026-05-14 21:42:14,087 INFO src.train.trainer: Epoch 38
2026-05-14 21:42:16,893 INFO src.train.trainer: Last model at epoch 38 saved to /root/autodl-tmp/em_eqf/experiments/reg_mixer_attnpl_ab/runs/reg_ab_minus_pretrain_seed_2/last_model_1.pth
2026-05-14 21:42:16,893 INFO src.train.trainer: Epoch 39
2026-05-14 21:42:19,456 INFO src.train.trainer: Last model at epoch 39 saved to /root/autodl-tmp/em_eqf/experiments/reg_mixer_attnpl_ab/runs/reg_ab_minus_pretrain_seed_2/last_model_1.pth
2026-05-14 21:42:19,456 INFO src.train.trainer: Epoch 40
2026-05-14 21:42:22,422 INFO src.train.trainer: Last model at epoch 40 saved to /root/autodl-tmp/em_eqf/experiments/reg_mixer_attnpl_ab/runs/reg_ab_minus_pretrain_seed_2/last_model_1.pth
2026-05-14 21:42:22,422 INFO src.train.trainer: Epoch 41
2026-05-14 21:42:24,977 INFO src.train.trainer: Last model at epoch 41 saved to /root/autodl-tmp/em_eqf/experiments/reg_mixer_attnpl_ab/runs/reg_ab_minus_pretrain_seed_2/last_model_1.pth
2026-05-14 21:42:24,977 INFO src.train.trainer: Epoch 42
2026-05-14 21:42:27,926 INFO src.train.trainer: Last model at epoch 42 saved to /root/autodl-tmp/em_eqf/experiments/reg_mixer_attnpl_ab/runs/reg_ab_minus_pretrain_seed_2/last_model_1.pth
2026-05-14 21:42:27,927 INFO src.train.trainer: Epoch 43
2026-05-14 21:42:30,447 INFO src.train.trainer: Last model at epoch 43 saved to /root/autodl-tmp/em_eqf/experiments/reg_mixer_attnpl_ab/runs/reg_ab_minus_pretrain_seed_2/last_model_1.pth
2026-05-14 21:42:30,447 INFO src.train.trainer: Epoch 44
2026-05-14 21:42:33,223 INFO src.train.trainer: Last model at epoch 44 saved to /root/autodl-tmp/em_eqf/experiments/reg_mixer_attnpl_ab/runs/reg_ab_minus_pretrain_seed_2/last_model_1.pth
2026-05-14 21:42:33,224 INFO src.train.trainer: Epoch 45
2026-05-14 21:42:35,950 INFO src.train.trainer: Last model at epoch 45 saved to /root/autodl-tmp/em_eqf/experiments/reg_mixer_attnpl_ab/runs/reg_ab_minus_pretrain_seed_2/last_model_1.pth
2026-05-14 21:42:35,950 INFO src.train.trainer: Epoch 46
2026-05-14 21:42:38,869 INFO src.train.trainer: Last model at epoch 46 saved to /root/autodl-tmp/em_eqf/experiments/reg_mixer_attnpl_ab/runs/reg_ab_minus_pretrain_seed_2/last_model_1.pth
2026-05-14 21:42:38,869 INFO src.train.trainer: Epoch 47
2026-05-14 21:42:41,845 INFO src.train.trainer: Last model at epoch 47 saved to /root/autodl-tmp/em_eqf/experiments/reg_mixer_attnpl_ab/runs/reg_ab_minus_pretrain_seed_2/last_model_1.pth
2026-05-14 21:42:41,845 INFO src.train.trainer: Epoch 48
2026-05-14 21:42:44,568 INFO src.train.trainer: Last model at epoch 48 saved to /root/autodl-tmp/em_eqf/experiments/reg_mixer_attnpl_ab/runs/reg_ab_minus_pretrain_seed_2/last_model_1.pth
2026-05-14 21:42:44,568 INFO src.train.trainer: Epoch 49
2026-05-14 21:42:46,903 INFO src.train.trainer: Last model at epoch 49 saved to /root/autodl-tmp/em_eqf/experiments/reg_mixer_attnpl_ab/runs/reg_ab_minus_pretrain_seed_2/last_model_1.pth
2026-05-14 21:42:46,904 INFO src.train.trainer: Epoch 50
2026-05-14 21:42:49,914 INFO src.train.trainer: Last model at epoch 50 saved to /root/autodl-tmp/em_eqf/experiments/reg_mixer_attnpl_ab/runs/reg_ab_minus_pretrain_seed_2/last_model_1.pth
2026-05-14 21:42:49,915 INFO src.train.trainer: Epoch 51
2026-05-14 21:42:52,526 INFO src.train.trainer: Last model at epoch 51 saved to /root/autodl-tmp/em_eqf/experiments/reg_mixer_attnpl_ab/runs/reg_ab_minus_pretrain_seed_2/last_model_1.pth
2026-05-14 21:42:52,527 INFO src.train.trainer: Epoch 52
2026-05-14 21:42:55,114 INFO src.train.trainer: Last model at epoch 52 saved to /root/autodl-tmp/em_eqf/experiments/reg_mixer_attnpl_ab/runs/reg_ab_minus_pretrain_seed_2/last_model_1.pth
2026-05-14 21:42:55,115 INFO src.train.trainer: Epoch 53
2026-05-14 21:42:57,681 INFO src.train.trainer: Last model at epoch 53 saved to /root/autodl-tmp/em_eqf/experiments/reg_mixer_attnpl_ab/runs/reg_ab_minus_pretrain_seed_2/last_model_1.pth
2026-05-14 21:42:57,682 INFO src.train.trainer: Epoch 54
2026-05-14 21:43:00,497 INFO src.train.trainer: Last model at epoch 54 saved to /root/autodl-tmp/em_eqf/experiments/reg_mixer_attnpl_ab/runs/reg_ab_minus_pretrain_seed_2/last_model_1.pth
2026-05-14 21:43:00,497 INFO src.train.trainer: Epoch 55
2026-05-14 21:43:03,217 INFO src.train.trainer: Last model at epoch 55 saved to /root/autodl-tmp/em_eqf/experiments/reg_mixer_attnpl_ab/runs/reg_ab_minus_pretrain_seed_2/last_model_1.pth
2026-05-14 21:43:03,218 INFO src.train.trainer: Epoch 56
2026-05-14 21:43:05,811 INFO src.train.trainer: Last model at epoch 56 saved to /root/autodl-tmp/em_eqf/experiments/reg_mixer_attnpl_ab/runs/reg_ab_minus_pretrain_seed_2/last_model_1.pth
2026-05-14 21:43:05,811 INFO src.train.trainer: Epoch 57
2026-05-14 21:43:08,439 INFO src.train.trainer: Last model at epoch 57 saved to /root/autodl-tmp/em_eqf/experiments/reg_mixer_attnpl_ab/runs/reg_ab_minus_pretrain_seed_2/last_model_1.pth
2026-05-14 21:43:08,439 INFO src.train.trainer: Epoch 58
2026-05-14 21:43:10,927 INFO src.train.trainer: Last model at epoch 58 saved to /root/autodl-tmp/em_eqf/experiments/reg_mixer_attnpl_ab/runs/reg_ab_minus_pretrain_seed_2/last_model_1.pth
2026-05-14 21:43:10,927 INFO src.train.trainer: Epoch 59
2026-05-14 21:43:13,514 INFO src.train.trainer: Last model at epoch 59 saved to /root/autodl-tmp/em_eqf/experiments/reg_mixer_attnpl_ab/runs/reg_ab_minus_pretrain_seed_2/last_model_1.pth
2026-05-14 21:43:13,514 INFO src.train.trainer: Epoch 60
2026-05-14 21:43:16,254 INFO src.train.trainer: Last model at epoch 60 saved to /root/autodl-tmp/em_eqf/experiments/reg_mixer_attnpl_ab/runs/reg_ab_minus_pretrain_seed_2/last_model_1.pth
2026-05-14 21:43:16,261 INFO src.train.trainer: Saved epoch 60 snapshot to /root/autodl-tmp/em_eqf/experiments/reg_mixer_attnpl_ab/runs/reg_ab_minus_pretrain_seed_2/epoch_60_model_1.pth
2026-05-14 21:43:16,261 INFO src.train.trainer: Epoch 61
2026-05-14 21:43:19,174 INFO src.train.trainer: New best validation loss: 0.0272, saved to /root/autodl-tmp/em_eqf/experiments/reg_mixer_attnpl_ab/runs/reg_ab_minus_pretrain_seed_2/best_model_1.pth
2026-05-14 21:43:19,193 INFO src.train.trainer: Last model at epoch 61 saved to /root/autodl-tmp/em_eqf/experiments/reg_mixer_attnpl_ab/runs/reg_ab_minus_pretrain_seed_2/last_model_1.pth
2026-05-14 21:43:19,193 INFO src.train.trainer: Epoch 62
2026-05-14 21:43:21,882 INFO src.train.trainer: Last model at epoch 62 saved to /root/autodl-tmp/em_eqf/experiments/reg_mixer_attnpl_ab/runs/reg_ab_minus_pretrain_seed_2/last_model_1.pth
2026-05-14 21:43:21,882 INFO src.train.trainer: Epoch 63
2026-05-14 21:43:24,670 INFO src.train.trainer: Last model at epoch 63 saved to /root/autodl-tmp/em_eqf/experiments/reg_mixer_attnpl_ab/runs/reg_ab_minus_pretrain_seed_2/last_model_1.pth
2026-05-14 21:43:24,671 INFO src.train.trainer: Epoch 64
2026-05-14 21:43:27,319 INFO src.train.trainer: Last model at epoch 64 saved to /root/autodl-tmp/em_eqf/experiments/reg_mixer_attnpl_ab/runs/reg_ab_minus_pretrain_seed_2/last_model_1.pth
2026-05-14 21:43:27,320 INFO src.train.trainer: Epoch 65
2026-05-14 21:43:30,031 INFO src.train.trainer: Last model at epoch 65 saved to /root/autodl-tmp/em_eqf/experiments/reg_mixer_attnpl_ab/runs/reg_ab_minus_pretrain_seed_2/last_model_1.pth
2026-05-14 21:43:30,031 INFO src.train.trainer: Epoch 66
2026-05-14 21:43:32,744 INFO src.train.trainer: Last model at epoch 66 saved to /root/autodl-tmp/em_eqf/experiments/reg_mixer_attnpl_ab/runs/reg_ab_minus_pretrain_seed_2/last_model_1.pth
2026-05-14 21:43:32,745 INFO src.train.trainer: Epoch 67
2026-05-14 21:43:35,505 INFO src.train.trainer: Last model at epoch 67 saved to /root/autodl-tmp/em_eqf/experiments/reg_mixer_attnpl_ab/runs/reg_ab_minus_pretrain_seed_2/last_model_1.pth
2026-05-14 21:43:35,505 INFO src.train.trainer: Epoch 68
2026-05-14 21:43:38,167 INFO src.train.trainer: Last model at epoch 68 saved to /root/autodl-tmp/em_eqf/experiments/reg_mixer_attnpl_ab/runs/reg_ab_minus_pretrain_seed_2/last_model_1.pth
2026-05-14 21:43:38,167 INFO src.train.trainer: Epoch 69
2026-05-14 21:43:40,651 INFO src.train.trainer: Last model at epoch 69 saved to /root/autodl-tmp/em_eqf/experiments/reg_mixer_attnpl_ab/runs/reg_ab_minus_pretrain_seed_2/last_model_1.pth
2026-05-14 21:43:40,651 INFO src.train.trainer: Epoch 70
2026-05-14 21:43:43,381 INFO src.train.trainer: Last model at epoch 70 saved to /root/autodl-tmp/em_eqf/experiments/reg_mixer_attnpl_ab/runs/reg_ab_minus_pretrain_seed_2/last_model_1.pth
2026-05-14 21:43:43,381 INFO src.train.trainer: Epoch 71
2026-05-14 21:43:46,079 INFO src.train.trainer: Last model at epoch 71 saved to /root/autodl-tmp/em_eqf/experiments/reg_mixer_attnpl_ab/runs/reg_ab_minus_pretrain_seed_2/last_model_1.pth
2026-05-14 21:43:46,080 INFO src.train.trainer: Epoch 72
2026-05-14 21:43:48,657 INFO src.train.trainer: Last model at epoch 72 saved to /root/autodl-tmp/em_eqf/experiments/reg_mixer_attnpl_ab/runs/reg_ab_minus_pretrain_seed_2/last_model_1.pth
2026-05-14 21:43:48,657 INFO src.train.trainer: Epoch 73
2026-05-14 21:43:51,332 INFO src.train.trainer: Last model at epoch 73 saved to /root/autodl-tmp/em_eqf/experiments/reg_mixer_attnpl_ab/runs/reg_ab_minus_pretrain_seed_2/last_model_1.pth
2026-05-14 21:43:51,332 INFO src.train.trainer: Epoch 74
2026-05-14 21:43:53,928 INFO src.train.trainer: Last model at epoch 74 saved to /root/autodl-tmp/em_eqf/experiments/reg_mixer_attnpl_ab/runs/reg_ab_minus_pretrain_seed_2/last_model_1.pth
2026-05-14 21:43:53,929 INFO src.train.trainer: Epoch 75
2026-05-14 21:43:56,588 INFO src.train.trainer: New best validation loss: 0.0252, saved to /root/autodl-tmp/em_eqf/experiments/reg_mixer_attnpl_ab/runs/reg_ab_minus_pretrain_seed_2/best_model_1.pth
2026-05-14 21:43:56,597 INFO src.train.trainer: Last model at epoch 75 saved to /root/autodl-tmp/em_eqf/experiments/reg_mixer_attnpl_ab/runs/reg_ab_minus_pretrain_seed_2/last_model_1.pth
2026-05-14 21:43:56,597 INFO src.train.trainer: Epoch 76
2026-05-14 21:43:59,312 INFO src.train.trainer: Last model at epoch 76 saved to /root/autodl-tmp/em_eqf/experiments/reg_mixer_attnpl_ab/runs/reg_ab_minus_pretrain_seed_2/last_model_1.pth
2026-05-14 21:43:59,312 INFO src.train.trainer: Epoch 77
2026-05-14 21:44:02,271 INFO src.train.trainer: Last model at epoch 77 saved to /root/autodl-tmp/em_eqf/experiments/reg_mixer_attnpl_ab/runs/reg_ab_minus_pretrain_seed_2/last_model_1.pth
2026-05-14 21:44:02,271 INFO src.train.trainer: Epoch 78
2026-05-14 21:44:05,005 INFO src.train.trainer: Last model at epoch 78 saved to /root/autodl-tmp/em_eqf/experiments/reg_mixer_attnpl_ab/runs/reg_ab_minus_pretrain_seed_2/last_model_1.pth
2026-05-14 21:44:05,006 INFO src.train.trainer: Epoch 79
2026-05-14 21:44:08,043 INFO src.train.trainer: Last model at epoch 79 saved to /root/autodl-tmp/em_eqf/experiments/reg_mixer_attnpl_ab/runs/reg_ab_minus_pretrain_seed_2/last_model_1.pth
2026-05-14 21:44:08,044 INFO src.train.trainer: Epoch 80
2026-05-14 21:44:10,711 INFO src.train.trainer: Last model at epoch 80 saved to /root/autodl-tmp/em_eqf/experiments/reg_mixer_attnpl_ab/runs/reg_ab_minus_pretrain_seed_2/last_model_1.pth
2026-05-14 21:44:10,719 INFO src.train.trainer: Saved epoch 80 snapshot to /root/autodl-tmp/em_eqf/experiments/reg_mixer_attnpl_ab/runs/reg_ab_minus_pretrain_seed_2/epoch_80_model_1.pth
2026-05-14 21:44:10,719 INFO src.train.trainer: Epoch 81
2026-05-14 21:44:13,753 INFO src.train.trainer: Last model at epoch 81 saved to /root/autodl-tmp/em_eqf/experiments/reg_mixer_attnpl_ab/runs/reg_ab_minus_pretrain_seed_2/last_model_1.pth
2026-05-14 21:44:13,753 INFO src.train.trainer: Epoch 82
2026-05-14 21:44:16,493 INFO src.train.trainer: New best validation loss: 0.0247, saved to /root/autodl-tmp/em_eqf/experiments/reg_mixer_attnpl_ab/runs/reg_ab_minus_pretrain_seed_2/best_model_1.pth
2026-05-14 21:44:16,513 INFO src.train.trainer: Last model at epoch 82 saved to /root/autodl-tmp/em_eqf/experiments/reg_mixer_attnpl_ab/runs/reg_ab_minus_pretrain_seed_2/last_model_1.pth
2026-05-14 21:44:16,513 INFO src.train.trainer: Epoch 83
2026-05-14 21:44:19,556 INFO src.train.trainer: Last model at epoch 83 saved to /root/autodl-tmp/em_eqf/experiments/reg_mixer_attnpl_ab/runs/reg_ab_minus_pretrain_seed_2/last_model_1.pth
2026-05-14 21:44:19,556 INFO src.train.trainer: Epoch 84
2026-05-14 21:44:22,557 INFO src.train.trainer: Last model at epoch 84 saved to /root/autodl-tmp/em_eqf/experiments/reg_mixer_attnpl_ab/runs/reg_ab_minus_pretrain_seed_2/last_model_1.pth
2026-05-14 21:44:22,558 INFO src.train.trainer: Epoch 85
2026-05-14 21:44:25,231 INFO src.train.trainer: Last model at epoch 85 saved to /root/autodl-tmp/em_eqf/experiments/reg_mixer_attnpl_ab/runs/reg_ab_minus_pretrain_seed_2/last_model_1.pth
2026-05-14 21:44:25,232 INFO src.train.trainer: Epoch 86
2026-05-14 21:44:27,866 INFO src.train.trainer: Last model at epoch 86 saved to /root/autodl-tmp/em_eqf/experiments/reg_mixer_attnpl_ab/runs/reg_ab_minus_pretrain_seed_2/last_model_1.pth
2026-05-14 21:44:27,867 INFO src.train.trainer: Epoch 87
2026-05-14 21:44:30,664 INFO src.train.trainer: Last model at epoch 87 saved to /root/autodl-tmp/em_eqf/experiments/reg_mixer_attnpl_ab/runs/reg_ab_minus_pretrain_seed_2/last_model_1.pth
2026-05-14 21:44:30,665 INFO src.train.trainer: Epoch 88
2026-05-14 21:44:33,196 INFO src.train.trainer: Last model at epoch 88 saved to /root/autodl-tmp/em_eqf/experiments/reg_mixer_attnpl_ab/runs/reg_ab_minus_pretrain_seed_2/last_model_1.pth
2026-05-14 21:44:33,196 INFO src.train.trainer: Epoch 89
2026-05-14 21:44:35,911 INFO src.train.trainer: Last model at epoch 89 saved to /root/autodl-tmp/em_eqf/experiments/reg_mixer_attnpl_ab/runs/reg_ab_minus_pretrain_seed_2/last_model_1.pth
2026-05-14 21:44:35,912 INFO src.train.trainer: Epoch 90
2026-05-14 21:44:38,505 INFO src.train.trainer: Last model at epoch 90 saved to /root/autodl-tmp/em_eqf/experiments/reg_mixer_attnpl_ab/runs/reg_ab_minus_pretrain_seed_2/last_model_1.pth
2026-05-14 21:44:38,506 INFO src.train.trainer: Epoch 91
2026-05-14 21:44:41,323 INFO src.train.trainer: Last model at epoch 91 saved to /root/autodl-tmp/em_eqf/experiments/reg_mixer_attnpl_ab/runs/reg_ab_minus_pretrain_seed_2/last_model_1.pth
2026-05-14 21:44:41,323 INFO src.train.trainer: Epoch 92
2026-05-14 21:44:44,219 INFO src.train.trainer: Last model at epoch 92 saved to /root/autodl-tmp/em_eqf/experiments/reg_mixer_attnpl_ab/runs/reg_ab_minus_pretrain_seed_2/last_model_1.pth
2026-05-14 21:44:44,219 INFO src.train.trainer: Epoch 93
2026-05-14 21:44:47,092 INFO src.train.trainer: Last model at epoch 93 saved to /root/autodl-tmp/em_eqf/experiments/reg_mixer_attnpl_ab/runs/reg_ab_minus_pretrain_seed_2/last_model_1.pth
2026-05-14 21:44:47,092 INFO src.train.trainer: Epoch 94
2026-05-14 21:44:50,032 INFO src.train.trainer: Last model at epoch 94 saved to /root/autodl-tmp/em_eqf/experiments/reg_mixer_attnpl_ab/runs/reg_ab_minus_pretrain_seed_2/last_model_1.pth
2026-05-14 21:44:50,033 INFO src.train.trainer: Epoch 95
2026-05-14 21:44:52,898 INFO src.train.trainer: Last model at epoch 95 saved to /root/autodl-tmp/em_eqf/experiments/reg_mixer_attnpl_ab/runs/reg_ab_minus_pretrain_seed_2/last_model_1.pth
2026-05-14 21:44:52,898 INFO src.train.trainer: Epoch 96
2026-05-14 21:44:55,555 INFO src.train.trainer: Last model at epoch 96 saved to /root/autodl-tmp/em_eqf/experiments/reg_mixer_attnpl_ab/runs/reg_ab_minus_pretrain_seed_2/last_model_1.pth
2026-05-14 21:44:55,556 INFO src.train.trainer: Epoch 97
2026-05-14 21:44:57,945 INFO src.train.trainer: Last model at epoch 97 saved to /root/autodl-tmp/em_eqf/experiments/reg_mixer_attnpl_ab/runs/reg_ab_minus_pretrain_seed_2/last_model_1.pth
2026-05-14 21:44:57,945 INFO src.train.trainer: Epoch 98
2026-05-14 21:45:00,637 INFO src.train.trainer: Last model at epoch 98 saved to /root/autodl-tmp/em_eqf/experiments/reg_mixer_attnpl_ab/runs/reg_ab_minus_pretrain_seed_2/last_model_1.pth
2026-05-14 21:45:00,637 INFO src.train.trainer: Epoch 99
2026-05-14 21:45:03,318 INFO src.train.trainer: Last model at epoch 99 saved to /root/autodl-tmp/em_eqf/experiments/reg_mixer_attnpl_ab/runs/reg_ab_minus_pretrain_seed_2/last_model_1.pth
2026-05-14 21:45:03,319 INFO src.train.trainer: Epoch 100
2026-05-14 21:45:06,127 INFO src.train.trainer: Last model at epoch 100 saved to /root/autodl-tmp/em_eqf/experiments/reg_mixer_attnpl_ab/runs/reg_ab_minus_pretrain_seed_2/last_model_1.pth
2026-05-14 21:45:06,135 INFO src.train.trainer: Saved epoch 100 snapshot to /root/autodl-tmp/em_eqf/experiments/reg_mixer_attnpl_ab/runs/reg_ab_minus_pretrain_seed_2/epoch_100_model_1.pth
2026-05-14 21:45:06,136 INFO src.train.trainer: Epoch 101
2026-05-14 21:45:08,950 INFO src.train.trainer: Last model at epoch 101 saved to /root/autodl-tmp/em_eqf/experiments/reg_mixer_attnpl_ab/runs/reg_ab_minus_pretrain_seed_2/last_model_1.pth
2026-05-14 21:45:08,950 INFO src.train.trainer: Epoch 102
2026-05-14 21:45:11,526 INFO src.train.trainer: Last model at epoch 102 saved to /root/autodl-tmp/em_eqf/experiments/reg_mixer_attnpl_ab/runs/reg_ab_minus_pretrain_seed_2/last_model_1.pth
2026-05-14 21:45:11,526 INFO src.train.trainer: Epoch 103
2026-05-14 21:45:14,229 INFO src.train.trainer: Last model at epoch 103 saved to /root/autodl-tmp/em_eqf/experiments/reg_mixer_attnpl_ab/runs/reg_ab_minus_pretrain_seed_2/last_model_1.pth
2026-05-14 21:45:14,230 INFO src.train.trainer: Epoch 104
2026-05-14 21:45:16,911 INFO src.train.trainer: Last model at epoch 104 saved to /root/autodl-tmp/em_eqf/experiments/reg_mixer_attnpl_ab/runs/reg_ab_minus_pretrain_seed_2/last_model_1.pth
2026-05-14 21:45:16,911 INFO src.train.trainer: Epoch 105
2026-05-14 21:45:19,829 INFO src.train.trainer: Last model at epoch 105 saved to /root/autodl-tmp/em_eqf/experiments/reg_mixer_attnpl_ab/runs/reg_ab_minus_pretrain_seed_2/last_model_1.pth
2026-05-14 21:45:19,830 INFO src.train.trainer: Epoch 106
2026-05-14 21:45:22,611 INFO src.train.trainer: Last model at epoch 106 saved to /root/autodl-tmp/em_eqf/experiments/reg_mixer_attnpl_ab/runs/reg_ab_minus_pretrain_seed_2/last_model_1.pth
2026-05-14 21:45:22,611 INFO src.train.trainer: Epoch 107
2026-05-14 21:45:25,387 INFO src.train.trainer: Last model at epoch 107 saved to /root/autodl-tmp/em_eqf/experiments/reg_mixer_attnpl_ab/runs/reg_ab_minus_pretrain_seed_2/last_model_1.pth
2026-05-14 21:45:25,387 INFO src.train.trainer: Epoch 108
2026-05-14 21:45:28,471 INFO src.train.trainer: Last model at epoch 108 saved to /root/autodl-tmp/em_eqf/experiments/reg_mixer_attnpl_ab/runs/reg_ab_minus_pretrain_seed_2/last_model_1.pth
2026-05-14 21:45:28,472 INFO src.train.trainer: Epoch 109
2026-05-14 21:45:31,583 INFO src.train.trainer: Last model at epoch 109 saved to /root/autodl-tmp/em_eqf/experiments/reg_mixer_attnpl_ab/runs/reg_ab_minus_pretrain_seed_2/last_model_1.pth
2026-05-14 21:45:31,583 INFO src.train.trainer: Epoch 110
2026-05-14 21:45:34,486 INFO src.train.trainer: Last model at epoch 110 saved to /root/autodl-tmp/em_eqf/experiments/reg_mixer_attnpl_ab/runs/reg_ab_minus_pretrain_seed_2/last_model_1.pth
2026-05-14 21:45:34,487 INFO src.train.trainer: Epoch 111
2026-05-14 21:45:37,212 INFO src.train.trainer: Last model at epoch 111 saved to /root/autodl-tmp/em_eqf/experiments/reg_mixer_attnpl_ab/runs/reg_ab_minus_pretrain_seed_2/last_model_1.pth
2026-05-14 21:45:37,212 INFO src.train.trainer: Epoch 112
2026-05-14 21:45:39,946 INFO src.train.trainer: Last model at epoch 112 saved to /root/autodl-tmp/em_eqf/experiments/reg_mixer_attnpl_ab/runs/reg_ab_minus_pretrain_seed_2/last_model_1.pth
2026-05-14 21:45:39,947 INFO src.train.trainer: Epoch 113
2026-05-14 21:45:42,656 INFO src.train.trainer: Last model at epoch 113 saved to /root/autodl-tmp/em_eqf/experiments/reg_mixer_attnpl_ab/runs/reg_ab_minus_pretrain_seed_2/last_model_1.pth
2026-05-14 21:45:42,657 INFO src.train.trainer: Epoch 114
2026-05-14 21:45:45,352 INFO src.train.trainer: Last model at epoch 114 saved to /root/autodl-tmp/em_eqf/experiments/reg_mixer_attnpl_ab/runs/reg_ab_minus_pretrain_seed_2/last_model_1.pth
2026-05-14 21:45:45,353 INFO src.train.trainer: Epoch 115
2026-05-14 21:45:48,068 INFO src.train.trainer: Last model at epoch 115 saved to /root/autodl-tmp/em_eqf/experiments/reg_mixer_attnpl_ab/runs/reg_ab_minus_pretrain_seed_2/last_model_1.pth
2026-05-14 21:45:48,069 INFO src.train.trainer: Epoch 116
2026-05-14 21:45:50,781 INFO src.train.trainer: Last model at epoch 116 saved to /root/autodl-tmp/em_eqf/experiments/reg_mixer_attnpl_ab/runs/reg_ab_minus_pretrain_seed_2/last_model_1.pth
2026-05-14 21:45:50,781 INFO src.train.trainer: Epoch 117
2026-05-14 21:45:53,291 INFO src.train.trainer: Last model at epoch 117 saved to /root/autodl-tmp/em_eqf/experiments/reg_mixer_attnpl_ab/runs/reg_ab_minus_pretrain_seed_2/last_model_1.pth
2026-05-14 21:45:53,292 INFO src.train.trainer: Epoch 118
2026-05-14 21:45:56,033 INFO src.train.trainer: Last model at epoch 118 saved to /root/autodl-tmp/em_eqf/experiments/reg_mixer_attnpl_ab/runs/reg_ab_minus_pretrain_seed_2/last_model_1.pth
2026-05-14 21:45:56,033 INFO src.train.trainer: Epoch 119
2026-05-14 21:45:58,682 INFO src.train.trainer: Last model at epoch 119 saved to /root/autodl-tmp/em_eqf/experiments/reg_mixer_attnpl_ab/runs/reg_ab_minus_pretrain_seed_2/last_model_1.pth
2026-05-14 21:45:58,683 INFO src.train.trainer: Epoch 120
2026-05-14 21:46:01,621 INFO src.train.trainer: Last model at epoch 120 saved to /root/autodl-tmp/em_eqf/experiments/reg_mixer_attnpl_ab/runs/reg_ab_minus_pretrain_seed_2/last_model_1.pth
2026-05-14 21:46:01,630 INFO src.train.trainer: Saved epoch 120 snapshot to /root/autodl-tmp/em_eqf/experiments/reg_mixer_attnpl_ab/runs/reg_ab_minus_pretrain_seed_2/epoch_120_model_1.pth
2026-05-14 21:46:01,631 INFO src.train.trainer: Epoch 121
2026-05-14 21:46:04,354 INFO src.train.trainer: Last model at epoch 121 saved to /root/autodl-tmp/em_eqf/experiments/reg_mixer_attnpl_ab/runs/reg_ab_minus_pretrain_seed_2/last_model_1.pth
2026-05-14 21:46:04,354 INFO src.train.trainer: Epoch 122
2026-05-14 21:46:07,116 INFO src.train.trainer: Last model at epoch 122 saved to /root/autodl-tmp/em_eqf/experiments/reg_mixer_attnpl_ab/runs/reg_ab_minus_pretrain_seed_2/last_model_1.pth
2026-05-14 21:46:07,117 INFO src.train.trainer: Epoch 123
2026-05-14 21:46:09,942 INFO src.train.trainer: Last model at epoch 123 saved to /root/autodl-tmp/em_eqf/experiments/reg_mixer_attnpl_ab/runs/reg_ab_minus_pretrain_seed_2/last_model_1.pth
2026-05-14 21:46:09,942 INFO src.train.trainer: Epoch 124
2026-05-14 21:46:12,705 INFO src.train.trainer: Last model at epoch 124 saved to /root/autodl-tmp/em_eqf/experiments/reg_mixer_attnpl_ab/runs/reg_ab_minus_pretrain_seed_2/last_model_1.pth
2026-05-14 21:46:12,705 INFO src.train.trainer: Epoch 125
2026-05-14 21:46:15,607 INFO src.train.trainer: Last model at epoch 125 saved to /root/autodl-tmp/em_eqf/experiments/reg_mixer_attnpl_ab/runs/reg_ab_minus_pretrain_seed_2/last_model_1.pth
2026-05-14 21:46:15,607 INFO src.train.trainer: Epoch 126
2026-05-14 21:46:18,495 INFO src.train.trainer: Last model at epoch 126 saved to /root/autodl-tmp/em_eqf/experiments/reg_mixer_attnpl_ab/runs/reg_ab_minus_pretrain_seed_2/last_model_1.pth
2026-05-14 21:46:18,495 INFO src.train.trainer: Epoch 127
2026-05-14 21:46:21,372 INFO src.train.trainer: Last model at epoch 127 saved to /root/autodl-tmp/em_eqf/experiments/reg_mixer_attnpl_ab/runs/reg_ab_minus_pretrain_seed_2/last_model_1.pth
2026-05-14 21:46:21,372 INFO src.train.trainer: Epoch 128
2026-05-14 21:46:24,090 INFO src.train.trainer: Last model at epoch 128 saved to /root/autodl-tmp/em_eqf/experiments/reg_mixer_attnpl_ab/runs/reg_ab_minus_pretrain_seed_2/last_model_1.pth
2026-05-14 21:46:24,090 INFO src.train.trainer: Epoch 129
2026-05-14 21:46:26,733 INFO src.train.trainer: Last model at epoch 129 saved to /root/autodl-tmp/em_eqf/experiments/reg_mixer_attnpl_ab/runs/reg_ab_minus_pretrain_seed_2/last_model_1.pth
2026-05-14 21:46:26,734 INFO src.train.trainer: Epoch 130
2026-05-14 21:46:29,572 INFO src.train.trainer: Last model at epoch 130 saved to /root/autodl-tmp/em_eqf/experiments/reg_mixer_attnpl_ab/runs/reg_ab_minus_pretrain_seed_2/last_model_1.pth
2026-05-14 21:46:29,573 INFO src.train.trainer: Epoch 131
2026-05-14 21:46:32,566 INFO src.train.trainer: Last model at epoch 131 saved to /root/autodl-tmp/em_eqf/experiments/reg_mixer_attnpl_ab/runs/reg_ab_minus_pretrain_seed_2/last_model_1.pth
2026-05-14 21:46:32,567 INFO src.train.trainer: Epoch 132
2026-05-14 21:46:35,399 INFO src.train.trainer: Last model at epoch 132 saved to /root/autodl-tmp/em_eqf/experiments/reg_mixer_attnpl_ab/runs/reg_ab_minus_pretrain_seed_2/last_model_1.pth
2026-05-14 21:46:35,400 INFO src.train.trainer: Epoch 133
2026-05-14 21:46:37,926 INFO src.train.trainer: Last model at epoch 133 saved to /root/autodl-tmp/em_eqf/experiments/reg_mixer_attnpl_ab/runs/reg_ab_minus_pretrain_seed_2/last_model_1.pth
2026-05-14 21:46:37,926 INFO src.train.trainer: Epoch 134
2026-05-14 21:46:40,569 INFO src.train.trainer: Last model at epoch 134 saved to /root/autodl-tmp/em_eqf/experiments/reg_mixer_attnpl_ab/runs/reg_ab_minus_pretrain_seed_2/last_model_1.pth
2026-05-14 21:46:40,569 INFO src.train.trainer: Epoch 135
2026-05-14 21:46:43,243 INFO src.train.trainer: Last model at epoch 135 saved to /root/autodl-tmp/em_eqf/experiments/reg_mixer_attnpl_ab/runs/reg_ab_minus_pretrain_seed_2/last_model_1.pth
2026-05-14 21:46:43,243 INFO src.train.trainer: Epoch 136
2026-05-14 21:46:45,838 INFO src.train.trainer: Last model at epoch 136 saved to /root/autodl-tmp/em_eqf/experiments/reg_mixer_attnpl_ab/runs/reg_ab_minus_pretrain_seed_2/last_model_1.pth
2026-05-14 21:46:45,838 INFO src.train.trainer: Epoch 137
2026-05-14 21:46:48,463 INFO src.train.trainer: Last model at epoch 137 saved to /root/autodl-tmp/em_eqf/experiments/reg_mixer_attnpl_ab/runs/reg_ab_minus_pretrain_seed_2/last_model_1.pth
2026-05-14 21:46:48,464 INFO src.train.trainer: Epoch 138
2026-05-14 21:46:51,239 INFO src.train.trainer: Last model at epoch 138 saved to /root/autodl-tmp/em_eqf/experiments/reg_mixer_attnpl_ab/runs/reg_ab_minus_pretrain_seed_2/last_model_1.pth
2026-05-14 21:46:51,239 INFO src.train.trainer: Epoch 139
2026-05-14 21:46:54,129 INFO src.train.trainer: Last model at epoch 139 saved to /root/autodl-tmp/em_eqf/experiments/reg_mixer_attnpl_ab/runs/reg_ab_minus_pretrain_seed_2/last_model_1.pth
2026-05-14 21:46:54,130 INFO src.train.trainer: Epoch 140
2026-05-14 21:46:57,076 INFO src.train.trainer: Last model at epoch 140 saved to /root/autodl-tmp/em_eqf/experiments/reg_mixer_attnpl_ab/runs/reg_ab_minus_pretrain_seed_2/last_model_1.pth
2026-05-14 21:46:57,091 INFO src.train.trainer: Saved epoch 140 snapshot to /root/autodl-tmp/em_eqf/experiments/reg_mixer_attnpl_ab/runs/reg_ab_minus_pretrain_seed_2/epoch_140_model_1.pth
2026-05-14 21:46:57,091 INFO src.train.trainer: Epoch 141
2026-05-14 21:47:00,001 INFO src.train.trainer: Last model at epoch 141 saved to /root/autodl-tmp/em_eqf/experiments/reg_mixer_attnpl_ab/runs/reg_ab_minus_pretrain_seed_2/last_model_1.pth
2026-05-14 21:47:00,002 INFO src.train.trainer: Epoch 142
2026-05-14 21:47:02,870 INFO src.train.trainer: Last model at epoch 142 saved to /root/autodl-tmp/em_eqf/experiments/reg_mixer_attnpl_ab/runs/reg_ab_minus_pretrain_seed_2/last_model_1.pth
2026-05-14 21:47:02,870 INFO src.train.trainer: Epoch 143
2026-05-14 21:47:05,630 INFO src.train.trainer: Last model at epoch 143 saved to /root/autodl-tmp/em_eqf/experiments/reg_mixer_attnpl_ab/runs/reg_ab_minus_pretrain_seed_2/last_model_1.pth
2026-05-14 21:47:05,631 INFO src.train.trainer: Epoch 144
2026-05-14 21:47:08,014 INFO src.train.trainer: Last model at epoch 144 saved to /root/autodl-tmp/em_eqf/experiments/reg_mixer_attnpl_ab/runs/reg_ab_minus_pretrain_seed_2/last_model_1.pth
2026-05-14 21:47:08,015 INFO src.train.trainer: Epoch 145
2026-05-14 21:47:10,929 INFO src.train.trainer: Last model at epoch 145 saved to /root/autodl-tmp/em_eqf/experiments/reg_mixer_attnpl_ab/runs/reg_ab_minus_pretrain_seed_2/last_model_1.pth
2026-05-14 21:47:10,930 INFO src.train.trainer: Epoch 146
2026-05-14 21:47:13,615 INFO src.train.trainer: Last model at epoch 146 saved to /root/autodl-tmp/em_eqf/experiments/reg_mixer_attnpl_ab/runs/reg_ab_minus_pretrain_seed_2/last_model_1.pth
2026-05-14 21:47:13,615 INFO src.train.trainer: Epoch 147
2026-05-14 21:47:16,159 INFO src.train.trainer: Last model at epoch 147 saved to /root/autodl-tmp/em_eqf/experiments/reg_mixer_attnpl_ab/runs/reg_ab_minus_pretrain_seed_2/last_model_1.pth
2026-05-14 21:47:16,159 INFO src.train.trainer: Epoch 148
2026-05-14 21:47:18,745 INFO src.train.trainer: Last model at epoch 148 saved to /root/autodl-tmp/em_eqf/experiments/reg_mixer_attnpl_ab/runs/reg_ab_minus_pretrain_seed_2/last_model_1.pth
2026-05-14 21:47:18,746 INFO src.train.trainer: Epoch 149
2026-05-14 21:47:21,405 INFO src.train.trainer: Last model at epoch 149 saved to /root/autodl-tmp/em_eqf/experiments/reg_mixer_attnpl_ab/runs/reg_ab_minus_pretrain_seed_2/last_model_1.pth
2026-05-14 21:47:21,406 INFO src.train.trainer: Epoch 150
2026-05-14 21:47:24,391 INFO src.train.trainer: Last model at epoch 150 saved to /root/autodl-tmp/em_eqf/experiments/reg_mixer_attnpl_ab/runs/reg_ab_minus_pretrain_seed_2/last_model_1.pth
2026-05-14 21:47:35,844 INFO src.data.preprocessing: CSV files found: ['chuandian_2021.csv']
2026-05-14 21:47:36,898 INFO src.utils.file_utils: Loading cached data from: data/ChuanDian/regressor/regressor_Mc_3_Mf_3_Tfore_180_Twindow_360_context_len_1_dt_10.pkl
2026-05-14 21:47:39,146 INFO src.data.preprocessing: Catalog statistics: {'tau_unfiltered': 0.15339908988298961, 'tau_q025': 0.08114294020924717, 'tau_q05': 0.5134664350189269, 'tau_mean': 1.3070542199341526, 'tau_max': 25.18216435192153, 'tau_min': 0.0, 'time_max': 18770.72654999979, 'time_mean': 10030.9430649837, 'mag_completeness': 3.0, 'mag_mean': 3.456916005014626, 'mag_max': 8.0, 'mag_min': 3.0, 'b_value': 0.856738547623331, 'b_std': 0.0071499224812533796, 'b_n': 14358}
2026-05-14 21:47:39,231 INFO src.data.event_loader: lengths of samples: min=96, max=1340, avg=265.71
2026-05-14 21:47:40,031 INFO src.models.adapters.mixer_task: using time scale base 1.3070542199341526 (key: tau_mean)
2026-05-14 21:47:40,031 INFO src.models.adapters.mixer_task: tau mean: tensor(1.3071)
2026-05-14 21:47:40,037 INFO src.train.config_setup: Restoring model from checkpoint.
2026-05-14 21:47:40,037 INFO src.train.config_setup: Loading model weights: load_specific_parts=None
2026-05-14 21:47:40,039 INFO src.train.config_setup: Checkpoint loaded: <All keys matched successfully>
2026-05-14 21:47:40,039 INFO src.train.config_setup: Full load summary: loaded=68, missing=0, unexpected=0
2026-05-14 21:47:40,040 INFO src.train.config_setup: Checkpoint hyperparameters loaded.
2026-05-14 21:47:40,040 INFO src.train.config_setup: Checkpoint train metrics available.
2026-05-14 21:47:40,040 INFO src.train.config_setup: Checkpoint val metrics available.
2026-05-14 21:47:40,040 INFO src.train.config_setup: Freeze skipped (checkpoint_restore): freeze_parts is empty.
2026-05-14 21:47:40,040 INFO src.train.config_setup: Using regression criterion: smooth_l1
2026-05-14 21:47:40,040 INFO src.train.config_setup: Criterion config: {'beta': 0.3}
2026-05-14 21:47:40,041 INFO src.train.config_setup: Not resuming optimizer/scheduler state; reset training state to start_epoch=0, best_val_loss=inf.
2026-05-14 21:47:45,323 INFO src.cli.workflows: Test loss: 0.05608198791742325
2026-05-14 21:47:47,992 INFO src.cli.common: Saved test metrics to /root/autodl-tmp/em_eqf/experiments/reg_mixer_attnpl_ab/runs/reg_ab_minus_pretrain_seed_2/metrics_test_best_1.json
2026-05-14 21:47:47,992 INFO src.cli.common: Metrics: {'RMSE': 1.0976456557624368, 'MAE': 0.9679695362927484, 'MSE': 1.2048259856141497, 'MAPE': 20.925621051527568, 'R2': -2.6004222006959337, 'PearsonR': -0.21169725942933532, 'PearsonR_diff': 0.05842467853163514, 'DA': 0.054945054945054944, 'SpearmanR': -0.24628800397114553, 'SpearmanR_diff': 0.005792332390330879, 'DTW': 145.10489961504936, 'DTW_normalized': 0.7929229487161167}
2026-05-14 21:47:57,815 INFO src.data.preprocessing: CSV files found: ['chuandian_2021.csv']
2026-05-14 21:47:58,620 INFO src.utils.file_utils: Loading cached data from: data/ChuanDian/regressor/regressor_Mc_3_Mf_3_Tfore_180_Twindow_360_context_len_1_dt_10.pkl
2026-05-14 21:48:00,939 INFO src.data.preprocessing: Catalog statistics: {'tau_unfiltered': 0.15339908988298961, 'tau_q025': 0.08114294020924717, 'tau_q05': 0.5134664350189269, 'tau_mean': 1.3070542199341526, 'tau_max': 25.18216435192153, 'tau_min': 0.0, 'time_max': 18770.72654999979, 'time_mean': 10030.9430649837, 'mag_completeness': 3.0, 'mag_mean': 3.456916005014626, 'mag_max': 8.0, 'mag_min': 3.0, 'b_value': 0.856738547623331, 'b_std': 0.0071499224812533796, 'b_n': 14358}
2026-05-14 21:48:01,020 INFO src.data.event_loader: lengths of samples: min=96, max=1340, avg=265.71
2026-05-14 21:48:01,848 INFO src.models.adapters.mixer_task: using time scale base 1.3070542199341526 (key: tau_mean)
2026-05-14 21:48:01,848 INFO src.models.adapters.mixer_task: tau mean: tensor(1.3071)
2026-05-14 21:48:01,854 INFO src.train.config_setup: Restoring model from checkpoint.
2026-05-14 21:48:01,854 INFO src.train.config_setup: Loading model weights: load_specific_parts=None
2026-05-14 21:48:01,856 INFO src.train.config_setup: Checkpoint loaded: <All keys matched successfully>
2026-05-14 21:48:01,856 INFO src.train.config_setup: Full load summary: loaded=68, missing=0, unexpected=0
2026-05-14 21:48:01,857 INFO src.train.config_setup: Checkpoint hyperparameters loaded.
2026-05-14 21:48:01,857 INFO src.train.config_setup: Checkpoint train metrics available.
2026-05-14 21:48:01,857 INFO src.train.config_setup: Checkpoint val metrics available.
2026-05-14 21:48:01,857 INFO src.train.config_setup: Freeze skipped (checkpoint_restore): freeze_parts is empty.
2026-05-14 21:48:01,857 INFO src.train.config_setup: Using regression criterion: smooth_l1
2026-05-14 21:48:01,857 INFO src.train.config_setup: Criterion config: {'beta': 0.3}
2026-05-14 21:48:01,858 INFO src.train.config_setup: Not resuming optimizer/scheduler state; reset training state to start_epoch=0, best_val_loss=inf.
2026-05-14 21:48:07,413 INFO src.cli.workflows: Test loss: 0.02856072597205639
2026-05-14 21:48:09,521 INFO src.cli.common: Saved test metrics to /root/autodl-tmp/em_eqf/experiments/reg_mixer_attnpl_ab/runs/reg_ab_minus_pretrain_seed_2/metrics_test_last_1.json
2026-05-14 21:48:09,521 INFO src.cli.common: Metrics: {'RMSE': 0.7799491533602789, 'MAE': 0.6726854809972106, 'MSE': 0.6083206818274159, 'MAPE': 14.254349761211946, 'R2': -0.8178652470526475, 'PearsonR': -0.16102625285333222, 'PearsonR_diff': -0.119885813879276, 'DA': 0.027472527472527472, 'SpearmanR': -0.16770204545937067, 'SpearmanR_diff': -0.15051192364704905, 'DTW': 68.40350612998009, 'DTW_normalized': 0.37378965098349776}
