2026-05-04 16:21:17,924 INFO src.data.preprocessing: CSV files found: ['chuandian_2021.csv']
2026-05-04 16:21:18,989 INFO src.utils.file_utils: Loading cached data from: data/ChuanDian/regressor/regressor_Mc_3_Mf_3_Tfore_180_Twindow_360_context_len_1_dt_10.pkl
2026-05-04 16:21:21,215 INFO src.data.preprocessing: Catalog statistics: {'tau_unfiltered': 0.15339908988298961, 'tau_q025': 0.08114294020924717, 'tau_q05': 0.5134664350189269, 'tau_mean': 1.3070542199341526, 'tau_max': 25.18216435192153, 'tau_min': 0.0, 'time_max': 18770.72654999979, 'time_mean': 10030.9430649837, 'mag_completeness': 3.0, 'mag_mean': 3.456916005014626, 'mag_max': 8.0, 'mag_min': 3.0, 'b_value': 0.856738547623331, 'b_std': 0.0071499224812533796, 'b_n': 14358}
2026-05-04 16:21:21,217 INFO src.data.preparation: stats {'tau_unfiltered': 0.15339908988298961, 'tau_q025': 0.08114294020924717, 'tau_q05': 0.5134664350189269, 'tau_mean': 1.3070542199341526, 'tau_max': 25.18216435192153, 'tau_min': 0.0, 'time_max': 18770.72654999979, 'time_mean': 10030.9430649837, 'mag_completeness': 3.0, 'mag_mean': 3.456916005014626, 'mag_max': 8.0, 'mag_min': 3.0, 'b_value': 0.856738547623331, 'b_std': 0.0071499224812533796, 'b_n': 14358}
2026-05-04 16:21:21,260 INFO src.data.event_loader: lengths of samples: min=96, max=1340, avg=265.71
2026-05-04 16:21:21,262 INFO __main__: No resume path provided. Training will start from scratch.
2026-05-04 16:21:22,696 INFO src.models.input_adapters: using time scale base 1.3070542199341526 (key: tau_mean)
2026-05-04 16:21:22,696 INFO src.models.input_adapters: tau mean: tensor(1.3071)
2026-05-04 16:21:22,701 INFO src.train.config_setup: Using regression criterion: smooth_l1
2026-05-04 16:21:22,701 INFO src.train.config_setup: Criterion config: {'beta': 0.2}
2026-05-04 16:21:22,703 INFO src.train.config_setup: encoder_param_keywords: ['base_model.encoder.layers.0', 'base_model.encoder.input_proj']
2026-05-04 16:21:22,703 INFO src.train.config_setup: encoder_lr matches: ['base_model.encoder.input_proj.0.weight', 'base_model.encoder.input_proj.0.bias', 'base_model.encoder.input_proj.3.weight', 'base_model.encoder.input_proj.3.bias', 'base_model.encoder.layers.0.norm.weight', 'base_model.encoder.layers.0.norm.bias', 'base_model.encoder.layers.0.mixer.dt_bias', 'base_model.encoder.layers.0.mixer.A_log', 'base_model.encoder.layers.0.mixer.D', 'base_model.encoder.layers.0.mixer.in_proj.weight', 'base_model.encoder.layers.0.mixer.conv1d.weight', 'base_model.encoder.layers.0.mixer.conv1d.bias', 'base_model.encoder.layers.0.mixer.norm.weight', 'base_model.encoder.layers.0.mixer.out_proj.weight', 'base_model.encoder.layers.0.norm2.weight', 'base_model.encoder.layers.0.norm2.bias', 'base_model.encoder.layers.0.mlp.fc1.weight', 'base_model.encoder.layers.0.mlp.fc2.weight']
2026-05-04 16:21:22,704 INFO src.train.trainer: Epoch 1
2026-05-04 16:21:36,561 INFO src.train.trainer: New best validation loss: 0.2515, saved to checkpoints/reg_mixer_attnpl_t_20260504-162117/best_model_1.pth
2026-05-04 16:21:36,569 INFO src.train.trainer: Last model at epoch 1 saved to checkpoints/reg_mixer_attnpl_t_20260504-162117/last_model_1.pth
2026-05-04 16:21:36,569 INFO src.train.trainer: Epoch 2
2026-05-04 16:21:39,148 INFO src.train.trainer: New best validation loss: 0.0579, saved to checkpoints/reg_mixer_attnpl_t_20260504-162117/best_model_1.pth
2026-05-04 16:21:39,162 INFO src.train.trainer: Last model at epoch 2 saved to checkpoints/reg_mixer_attnpl_t_20260504-162117/last_model_1.pth
2026-05-04 16:21:39,162 INFO src.train.trainer: Epoch 3
2026-05-04 16:21:41,700 INFO src.train.trainer: New best validation loss: 0.0429, saved to checkpoints/reg_mixer_attnpl_t_20260504-162117/best_model_1.pth
2026-05-04 16:21:41,712 INFO src.train.trainer: Last model at epoch 3 saved to checkpoints/reg_mixer_attnpl_t_20260504-162117/last_model_1.pth
2026-05-04 16:21:41,712 INFO src.train.trainer: Epoch 4
2026-05-04 16:21:44,298 INFO src.train.trainer: Last model at epoch 4 saved to checkpoints/reg_mixer_attnpl_t_20260504-162117/last_model_1.pth
2026-05-04 16:21:44,298 INFO src.train.trainer: Epoch 5
2026-05-04 16:21:47,078 INFO src.train.trainer: New best validation loss: 0.0417, saved to checkpoints/reg_mixer_attnpl_t_20260504-162117/best_model_1.pth
2026-05-04 16:21:47,085 INFO src.train.trainer: Last model at epoch 5 saved to checkpoints/reg_mixer_attnpl_t_20260504-162117/last_model_1.pth
2026-05-04 16:21:47,085 INFO src.train.trainer: Epoch 6
2026-05-04 16:21:49,583 INFO src.train.trainer: Last model at epoch 6 saved to checkpoints/reg_mixer_attnpl_t_20260504-162117/last_model_1.pth
2026-05-04 16:21:49,583 INFO src.train.trainer: Epoch 7
2026-05-04 16:21:52,238 INFO src.train.trainer: Last model at epoch 7 saved to checkpoints/reg_mixer_attnpl_t_20260504-162117/last_model_1.pth
2026-05-04 16:21:52,239 INFO src.train.trainer: Epoch 8
2026-05-04 16:21:54,818 INFO src.train.trainer: Last model at epoch 8 saved to checkpoints/reg_mixer_attnpl_t_20260504-162117/last_model_1.pth
2026-05-04 16:21:54,818 INFO src.train.trainer: Epoch 9
2026-05-04 16:21:57,108 INFO src.train.trainer: Last model at epoch 9 saved to checkpoints/reg_mixer_attnpl_t_20260504-162117/last_model_1.pth
2026-05-04 16:21:57,108 INFO src.train.trainer: Epoch 10
2026-05-04 16:21:59,682 INFO src.train.trainer: Last model at epoch 10 saved to checkpoints/reg_mixer_attnpl_t_20260504-162117/last_model_1.pth
2026-05-04 16:21:59,683 INFO src.train.trainer: Epoch 11
2026-05-04 16:22:02,202 INFO src.train.trainer: New best validation loss: 0.0417, saved to checkpoints/reg_mixer_attnpl_t_20260504-162117/best_model_1.pth
2026-05-04 16:22:02,218 INFO src.train.trainer: Last model at epoch 11 saved to checkpoints/reg_mixer_attnpl_t_20260504-162117/last_model_1.pth
2026-05-04 16:22:02,218 INFO src.train.trainer: Epoch 12
2026-05-04 16:22:04,901 INFO src.train.trainer: Last model at epoch 12 saved to checkpoints/reg_mixer_attnpl_t_20260504-162117/last_model_1.pth
2026-05-04 16:22:04,901 INFO src.train.trainer: Epoch 13
2026-05-04 16:22:07,391 INFO src.train.trainer: Last model at epoch 13 saved to checkpoints/reg_mixer_attnpl_t_20260504-162117/last_model_1.pth
2026-05-04 16:22:07,391 INFO src.train.trainer: Epoch 14
2026-05-04 16:22:09,908 INFO src.train.trainer: Last model at epoch 14 saved to checkpoints/reg_mixer_attnpl_t_20260504-162117/last_model_1.pth
2026-05-04 16:22:09,908 INFO src.train.trainer: Epoch 15
2026-05-04 16:22:12,399 INFO src.train.trainer: New best validation loss: 0.0416, saved to checkpoints/reg_mixer_attnpl_t_20260504-162117/best_model_1.pth
2026-05-04 16:22:12,407 INFO src.train.trainer: Last model at epoch 15 saved to checkpoints/reg_mixer_attnpl_t_20260504-162117/last_model_1.pth
2026-05-04 16:22:12,407 INFO src.train.trainer: Epoch 16
2026-05-04 16:22:14,901 INFO src.train.trainer: New best validation loss: 0.0415, saved to checkpoints/reg_mixer_attnpl_t_20260504-162117/best_model_1.pth
2026-05-04 16:22:14,910 INFO src.train.trainer: Last model at epoch 16 saved to checkpoints/reg_mixer_attnpl_t_20260504-162117/last_model_1.pth
2026-05-04 16:22:14,911 INFO src.train.trainer: Epoch 17
2026-05-04 16:22:17,605 INFO src.train.trainer: Last model at epoch 17 saved to checkpoints/reg_mixer_attnpl_t_20260504-162117/last_model_1.pth
2026-05-04 16:22:17,605 INFO src.train.trainer: Epoch 18
2026-05-04 16:22:20,293 INFO src.train.trainer: New best validation loss: 0.0414, saved to checkpoints/reg_mixer_attnpl_t_20260504-162117/best_model_1.pth
2026-05-04 16:22:20,305 INFO src.train.trainer: Last model at epoch 18 saved to checkpoints/reg_mixer_attnpl_t_20260504-162117/last_model_1.pth
2026-05-04 16:22:20,305 INFO src.train.trainer: Epoch 19
2026-05-04 16:22:22,962 INFO src.train.trainer: New best validation loss: 0.0414, saved to checkpoints/reg_mixer_attnpl_t_20260504-162117/best_model_1.pth
2026-05-04 16:22:22,970 INFO src.train.trainer: Last model at epoch 19 saved to checkpoints/reg_mixer_attnpl_t_20260504-162117/last_model_1.pth
2026-05-04 16:22:22,970 INFO src.train.trainer: Epoch 20
2026-05-04 16:22:25,517 INFO src.train.trainer: New best validation loss: 0.0413, saved to checkpoints/reg_mixer_attnpl_t_20260504-162117/best_model_1.pth
2026-05-04 16:22:25,528 INFO src.train.trainer: Last model at epoch 20 saved to checkpoints/reg_mixer_attnpl_t_20260504-162117/last_model_1.pth
2026-05-04 16:22:25,528 INFO src.train.trainer: Epoch 21
2026-05-04 16:22:28,270 INFO src.train.trainer: New best validation loss: 0.0410, saved to checkpoints/reg_mixer_attnpl_t_20260504-162117/best_model_1.pth
2026-05-04 16:22:28,278 INFO src.train.trainer: Last model at epoch 21 saved to checkpoints/reg_mixer_attnpl_t_20260504-162117/last_model_1.pth
2026-05-04 16:22:28,278 INFO src.train.trainer: Epoch 22
2026-05-04 16:22:30,615 INFO src.train.trainer: New best validation loss: 0.0409, saved to checkpoints/reg_mixer_attnpl_t_20260504-162117/best_model_1.pth
2026-05-04 16:22:30,625 INFO src.train.trainer: Last model at epoch 22 saved to checkpoints/reg_mixer_attnpl_t_20260504-162117/last_model_1.pth
2026-05-04 16:22:30,625 INFO src.train.trainer: Epoch 23
2026-05-04 16:22:33,064 INFO src.train.trainer: Last model at epoch 23 saved to checkpoints/reg_mixer_attnpl_t_20260504-162117/last_model_1.pth
2026-05-04 16:22:33,065 INFO src.train.trainer: Epoch 24
2026-05-04 16:22:35,463 INFO src.train.trainer: Last model at epoch 24 saved to checkpoints/reg_mixer_attnpl_t_20260504-162117/last_model_1.pth
2026-05-04 16:22:35,463 INFO src.train.trainer: Epoch 25
2026-05-04 16:22:37,841 INFO src.train.trainer: Last model at epoch 25 saved to checkpoints/reg_mixer_attnpl_t_20260504-162117/last_model_1.pth
2026-05-04 16:22:37,842 INFO src.train.trainer: Epoch 26
2026-05-04 16:22:40,271 INFO src.train.trainer: New best validation loss: 0.0389, saved to checkpoints/reg_mixer_attnpl_t_20260504-162117/best_model_1.pth
2026-05-04 16:22:40,280 INFO src.train.trainer: Last model at epoch 26 saved to checkpoints/reg_mixer_attnpl_t_20260504-162117/last_model_1.pth
2026-05-04 16:22:40,280 INFO src.train.trainer: Epoch 27
2026-05-04 16:22:42,697 INFO src.train.trainer: Last model at epoch 27 saved to checkpoints/reg_mixer_attnpl_t_20260504-162117/last_model_1.pth
2026-05-04 16:22:42,697 INFO src.train.trainer: Epoch 28
2026-05-04 16:22:45,068 INFO src.train.trainer: Last model at epoch 28 saved to checkpoints/reg_mixer_attnpl_t_20260504-162117/last_model_1.pth
2026-05-04 16:22:45,068 INFO src.train.trainer: Epoch 29
2026-05-04 16:22:47,387 INFO src.train.trainer: Last model at epoch 29 saved to checkpoints/reg_mixer_attnpl_t_20260504-162117/last_model_1.pth
2026-05-04 16:22:47,387 INFO src.train.trainer: Epoch 30
2026-05-04 16:22:49,971 INFO src.train.trainer: Last model at epoch 30 saved to checkpoints/reg_mixer_attnpl_t_20260504-162117/last_model_1.pth
2026-05-04 16:22:49,972 INFO src.train.trainer: Epoch 31
2026-05-04 16:22:52,632 INFO src.train.trainer: Last model at epoch 31 saved to checkpoints/reg_mixer_attnpl_t_20260504-162117/last_model_1.pth
2026-05-04 16:22:52,632 INFO src.train.trainer: Epoch 32
2026-05-04 16:22:55,465 INFO src.train.trainer: Last model at epoch 32 saved to checkpoints/reg_mixer_attnpl_t_20260504-162117/last_model_1.pth
2026-05-04 16:22:55,466 INFO src.train.trainer: Epoch 33
2026-05-04 16:22:58,229 INFO src.train.trainer: Last model at epoch 33 saved to checkpoints/reg_mixer_attnpl_t_20260504-162117/last_model_1.pth
2026-05-04 16:22:58,229 INFO src.train.trainer: Epoch 34
2026-05-04 16:23:00,894 INFO src.train.trainer: Last model at epoch 34 saved to checkpoints/reg_mixer_attnpl_t_20260504-162117/last_model_1.pth
2026-05-04 16:23:00,895 INFO src.train.trainer: Epoch 35
2026-05-04 16:23:03,478 INFO src.train.trainer: Last model at epoch 35 saved to checkpoints/reg_mixer_attnpl_t_20260504-162117/last_model_1.pth
2026-05-04 16:23:03,478 INFO src.train.trainer: Epoch 36
2026-05-04 16:23:05,966 INFO src.train.trainer: Last model at epoch 36 saved to checkpoints/reg_mixer_attnpl_t_20260504-162117/last_model_1.pth
2026-05-04 16:23:05,967 INFO src.train.trainer: Epoch 37
2026-05-04 16:23:08,957 INFO src.train.trainer: Last model at epoch 37 saved to checkpoints/reg_mixer_attnpl_t_20260504-162117/last_model_1.pth
2026-05-04 16:23:08,958 INFO src.train.trainer: Epoch 38
2026-05-04 16:23:11,566 INFO src.train.trainer: Last model at epoch 38 saved to checkpoints/reg_mixer_attnpl_t_20260504-162117/last_model_1.pth
2026-05-04 16:23:11,566 INFO src.train.trainer: Epoch 39
2026-05-04 16:23:14,216 INFO src.train.trainer: Last model at epoch 39 saved to checkpoints/reg_mixer_attnpl_t_20260504-162117/last_model_1.pth
2026-05-04 16:23:14,216 INFO src.train.trainer: Epoch 40
2026-05-04 16:23:16,692 INFO src.train.trainer: Last model at epoch 40 saved to checkpoints/reg_mixer_attnpl_t_20260504-162117/last_model_1.pth
2026-05-04 16:23:16,693 INFO src.train.trainer: Epoch 41
2026-05-04 16:23:19,117 INFO src.train.trainer: Last model at epoch 41 saved to checkpoints/reg_mixer_attnpl_t_20260504-162117/last_model_1.pth
2026-05-04 16:23:19,117 INFO src.train.trainer: Epoch 42
2026-05-04 16:23:21,514 INFO src.train.trainer: Last model at epoch 42 saved to checkpoints/reg_mixer_attnpl_t_20260504-162117/last_model_1.pth
2026-05-04 16:23:21,515 INFO src.train.trainer: Epoch 43
2026-05-04 16:23:24,182 INFO src.train.trainer: Last model at epoch 43 saved to checkpoints/reg_mixer_attnpl_t_20260504-162117/last_model_1.pth
2026-05-04 16:23:24,182 INFO src.train.trainer: Epoch 44
2026-05-04 16:23:26,938 INFO src.train.trainer: Last model at epoch 44 saved to checkpoints/reg_mixer_attnpl_t_20260504-162117/last_model_1.pth
2026-05-04 16:23:26,938 INFO src.train.trainer: Epoch 45
2026-05-04 16:23:29,486 INFO src.train.trainer: Last model at epoch 45 saved to checkpoints/reg_mixer_attnpl_t_20260504-162117/last_model_1.pth
2026-05-04 16:23:29,486 INFO src.train.trainer: Epoch 46
2026-05-04 16:23:32,181 INFO src.train.trainer: Last model at epoch 46 saved to checkpoints/reg_mixer_attnpl_t_20260504-162117/last_model_1.pth
2026-05-04 16:23:32,182 INFO src.train.trainer: Epoch 47
2026-05-04 16:23:34,842 INFO src.train.trainer: New best validation loss: 0.0321, saved to checkpoints/reg_mixer_attnpl_t_20260504-162117/best_model_1.pth
2026-05-04 16:23:34,854 INFO src.train.trainer: Last model at epoch 47 saved to checkpoints/reg_mixer_attnpl_t_20260504-162117/last_model_1.pth
2026-05-04 16:23:34,854 INFO src.train.trainer: Epoch 48
2026-05-04 16:23:37,465 INFO src.train.trainer: Last model at epoch 48 saved to checkpoints/reg_mixer_attnpl_t_20260504-162117/last_model_1.pth
2026-05-04 16:23:37,466 INFO src.train.trainer: Epoch 49
2026-05-04 16:23:40,013 INFO src.train.trainer: Last model at epoch 49 saved to checkpoints/reg_mixer_attnpl_t_20260504-162117/last_model_1.pth
2026-05-04 16:23:40,013 INFO src.train.trainer: Epoch 50
2026-05-04 16:23:42,707 INFO src.train.trainer: Last model at epoch 50 saved to checkpoints/reg_mixer_attnpl_t_20260504-162117/last_model_1.pth
2026-05-04 16:23:42,708 INFO src.train.trainer: Epoch 51
2026-05-04 16:23:45,443 INFO src.train.trainer: Last model at epoch 51 saved to checkpoints/reg_mixer_attnpl_t_20260504-162117/last_model_1.pth
2026-05-04 16:23:45,443 INFO src.train.trainer: Epoch 52
2026-05-04 16:23:48,130 INFO src.train.trainer: Last model at epoch 52 saved to checkpoints/reg_mixer_attnpl_t_20260504-162117/last_model_1.pth
2026-05-04 16:23:48,131 INFO src.train.trainer: Epoch 53
2026-05-04 16:23:50,638 INFO src.train.trainer: Last model at epoch 53 saved to checkpoints/reg_mixer_attnpl_t_20260504-162117/last_model_1.pth
2026-05-04 16:23:50,638 INFO src.train.trainer: Epoch 54
2026-05-04 16:23:53,340 INFO src.train.trainer: Last model at epoch 54 saved to checkpoints/reg_mixer_attnpl_t_20260504-162117/last_model_1.pth
2026-05-04 16:23:53,340 INFO src.train.trainer: Epoch 55
2026-05-04 16:23:55,908 INFO src.train.trainer: Last model at epoch 55 saved to checkpoints/reg_mixer_attnpl_t_20260504-162117/last_model_1.pth
2026-05-04 16:23:55,909 INFO src.train.trainer: Epoch 56
2026-05-04 16:23:58,575 INFO src.train.trainer: Last model at epoch 56 saved to checkpoints/reg_mixer_attnpl_t_20260504-162117/last_model_1.pth
2026-05-04 16:23:58,576 INFO src.train.trainer: Epoch 57
2026-05-04 16:24:01,063 INFO src.train.trainer: Last model at epoch 57 saved to checkpoints/reg_mixer_attnpl_t_20260504-162117/last_model_1.pth
2026-05-04 16:24:01,063 INFO src.train.trainer: Epoch 58
2026-05-04 16:24:03,494 INFO src.train.trainer: Last model at epoch 58 saved to checkpoints/reg_mixer_attnpl_t_20260504-162117/last_model_1.pth
2026-05-04 16:24:03,494 INFO src.train.trainer: Epoch 59
2026-05-04 16:24:06,209 INFO src.train.trainer: Last model at epoch 59 saved to checkpoints/reg_mixer_attnpl_t_20260504-162117/last_model_1.pth
2026-05-04 16:24:06,209 INFO src.train.trainer: Epoch 60
2026-05-04 16:24:08,778 INFO src.train.trainer: Last model at epoch 60 saved to checkpoints/reg_mixer_attnpl_t_20260504-162117/last_model_1.pth
2026-05-04 16:24:08,788 INFO src.train.trainer: Saved epoch 60 snapshot to checkpoints/reg_mixer_attnpl_t_20260504-162117/epoch_60_model_1.pth
2026-05-04 16:24:08,788 INFO src.train.trainer: Epoch 61
2026-05-04 16:24:11,470 INFO src.train.trainer: New best validation loss: 0.0304, saved to checkpoints/reg_mixer_attnpl_t_20260504-162117/best_model_1.pth
2026-05-04 16:24:11,480 INFO src.train.trainer: Last model at epoch 61 saved to checkpoints/reg_mixer_attnpl_t_20260504-162117/last_model_1.pth
2026-05-04 16:24:11,480 INFO src.train.trainer: Epoch 62
2026-05-04 16:24:13,903 INFO src.train.trainer: Last model at epoch 62 saved to checkpoints/reg_mixer_attnpl_t_20260504-162117/last_model_1.pth
2026-05-04 16:24:13,903 INFO src.train.trainer: Epoch 63
2026-05-04 16:24:16,333 INFO src.train.trainer: Last model at epoch 63 saved to checkpoints/reg_mixer_attnpl_t_20260504-162117/last_model_1.pth
2026-05-04 16:24:16,333 INFO src.train.trainer: Epoch 64
2026-05-04 16:24:18,799 INFO src.train.trainer: Last model at epoch 64 saved to checkpoints/reg_mixer_attnpl_t_20260504-162117/last_model_1.pth
2026-05-04 16:24:18,799 INFO src.train.trainer: Epoch 65
2026-05-04 16:24:21,514 INFO src.train.trainer: Last model at epoch 65 saved to checkpoints/reg_mixer_attnpl_t_20260504-162117/last_model_1.pth
2026-05-04 16:24:21,514 INFO src.train.trainer: Epoch 66
2026-05-04 16:24:24,176 INFO src.train.trainer: Last model at epoch 66 saved to checkpoints/reg_mixer_attnpl_t_20260504-162117/last_model_1.pth
2026-05-04 16:24:24,177 INFO src.train.trainer: Epoch 67
2026-05-04 16:24:26,583 INFO src.train.trainer: New best validation loss: 0.0267, saved to checkpoints/reg_mixer_attnpl_t_20260504-162117/best_model_1.pth
2026-05-04 16:24:26,593 INFO src.train.trainer: Last model at epoch 67 saved to checkpoints/reg_mixer_attnpl_t_20260504-162117/last_model_1.pth
2026-05-04 16:24:26,593 INFO src.train.trainer: Epoch 68
2026-05-04 16:24:29,194 INFO src.train.trainer: New best validation loss: 0.0243, saved to checkpoints/reg_mixer_attnpl_t_20260504-162117/best_model_1.pth
2026-05-04 16:24:29,210 INFO src.train.trainer: Last model at epoch 68 saved to checkpoints/reg_mixer_attnpl_t_20260504-162117/last_model_1.pth
2026-05-04 16:24:29,210 INFO src.train.trainer: Epoch 69
2026-05-04 16:24:31,772 INFO src.train.trainer: Last model at epoch 69 saved to checkpoints/reg_mixer_attnpl_t_20260504-162117/last_model_1.pth
2026-05-04 16:24:31,772 INFO src.train.trainer: Epoch 70
2026-05-04 16:24:34,585 INFO src.train.trainer: Last model at epoch 70 saved to checkpoints/reg_mixer_attnpl_t_20260504-162117/last_model_1.pth
2026-05-04 16:24:34,586 INFO src.train.trainer: Epoch 71
2026-05-04 16:24:37,295 INFO src.train.trainer: Last model at epoch 71 saved to checkpoints/reg_mixer_attnpl_t_20260504-162117/last_model_1.pth
2026-05-04 16:24:37,295 INFO src.train.trainer: Epoch 72
2026-05-04 16:24:40,102 INFO src.train.trainer: Last model at epoch 72 saved to checkpoints/reg_mixer_attnpl_t_20260504-162117/last_model_1.pth
2026-05-04 16:24:40,103 INFO src.train.trainer: Epoch 73
2026-05-04 16:24:42,792 INFO src.train.trainer: Last model at epoch 73 saved to checkpoints/reg_mixer_attnpl_t_20260504-162117/last_model_1.pth
2026-05-04 16:24:42,792 INFO src.train.trainer: Epoch 74
2026-05-04 16:24:45,467 INFO src.train.trainer: Last model at epoch 74 saved to checkpoints/reg_mixer_attnpl_t_20260504-162117/last_model_1.pth
2026-05-04 16:24:45,467 INFO src.train.trainer: Epoch 75
2026-05-04 16:24:48,088 INFO src.train.trainer: Last model at epoch 75 saved to checkpoints/reg_mixer_attnpl_t_20260504-162117/last_model_1.pth
2026-05-04 16:24:48,088 INFO src.train.trainer: Epoch 76
2026-05-04 16:24:50,799 INFO src.train.trainer: Last model at epoch 76 saved to checkpoints/reg_mixer_attnpl_t_20260504-162117/last_model_1.pth
2026-05-04 16:24:50,799 INFO src.train.trainer: Epoch 77
2026-05-04 16:24:53,506 INFO src.train.trainer: Last model at epoch 77 saved to checkpoints/reg_mixer_attnpl_t_20260504-162117/last_model_1.pth
2026-05-04 16:24:53,506 INFO src.train.trainer: Epoch 78
2026-05-04 16:24:56,323 INFO src.train.trainer: Last model at epoch 78 saved to checkpoints/reg_mixer_attnpl_t_20260504-162117/last_model_1.pth
2026-05-04 16:24:56,323 INFO src.train.trainer: Epoch 79
2026-05-04 16:24:58,961 INFO src.train.trainer: Last model at epoch 79 saved to checkpoints/reg_mixer_attnpl_t_20260504-162117/last_model_1.pth
2026-05-04 16:24:58,961 INFO src.train.trainer: Epoch 80
2026-05-04 16:25:01,613 INFO src.train.trainer: Last model at epoch 80 saved to checkpoints/reg_mixer_attnpl_t_20260504-162117/last_model_1.pth
2026-05-04 16:25:01,620 INFO src.train.trainer: Saved epoch 80 snapshot to checkpoints/reg_mixer_attnpl_t_20260504-162117/epoch_80_model_1.pth
2026-05-04 16:25:01,620 INFO src.train.trainer: Epoch 81
2026-05-04 16:25:04,207 INFO src.train.trainer: Last model at epoch 81 saved to checkpoints/reg_mixer_attnpl_t_20260504-162117/last_model_1.pth
2026-05-04 16:25:04,207 INFO src.train.trainer: Epoch 82
2026-05-04 16:25:06,803 INFO src.train.trainer: Last model at epoch 82 saved to checkpoints/reg_mixer_attnpl_t_20260504-162117/last_model_1.pth
2026-05-04 16:25:06,803 INFO src.train.trainer: Epoch 83
2026-05-04 16:25:09,272 INFO src.train.trainer: Last model at epoch 83 saved to checkpoints/reg_mixer_attnpl_t_20260504-162117/last_model_1.pth
2026-05-04 16:25:09,272 INFO src.train.trainer: Epoch 84
2026-05-04 16:25:11,797 INFO src.train.trainer: Last model at epoch 84 saved to checkpoints/reg_mixer_attnpl_t_20260504-162117/last_model_1.pth
2026-05-04 16:25:11,797 INFO src.train.trainer: Epoch 85
2026-05-04 16:25:14,502 INFO src.train.trainer: Last model at epoch 85 saved to checkpoints/reg_mixer_attnpl_t_20260504-162117/last_model_1.pth
2026-05-04 16:25:14,503 INFO src.train.trainer: Epoch 86
2026-05-04 16:25:17,237 INFO src.train.trainer: Last model at epoch 86 saved to checkpoints/reg_mixer_attnpl_t_20260504-162117/last_model_1.pth
2026-05-04 16:25:17,237 INFO src.train.trainer: Epoch 87
2026-05-04 16:25:19,788 INFO src.train.trainer: Last model at epoch 87 saved to checkpoints/reg_mixer_attnpl_t_20260504-162117/last_model_1.pth
2026-05-04 16:25:19,788 INFO src.train.trainer: Epoch 88
2026-05-04 16:25:22,271 INFO src.train.trainer: Last model at epoch 88 saved to checkpoints/reg_mixer_attnpl_t_20260504-162117/last_model_1.pth
2026-05-04 16:25:22,271 INFO src.train.trainer: Epoch 89
2026-05-04 16:25:24,969 INFO src.train.trainer: Last model at epoch 89 saved to checkpoints/reg_mixer_attnpl_t_20260504-162117/last_model_1.pth
2026-05-04 16:25:24,969 INFO src.train.trainer: Epoch 90
2026-05-04 16:25:27,604 INFO src.train.trainer: Last model at epoch 90 saved to checkpoints/reg_mixer_attnpl_t_20260504-162117/last_model_1.pth
2026-05-04 16:25:27,604 INFO src.train.trainer: Epoch 91
2026-05-04 16:25:30,409 INFO src.train.trainer: Last model at epoch 91 saved to checkpoints/reg_mixer_attnpl_t_20260504-162117/last_model_1.pth
2026-05-04 16:25:30,409 INFO src.train.trainer: Epoch 92
2026-05-04 16:25:33,068 INFO src.train.trainer: Last model at epoch 92 saved to checkpoints/reg_mixer_attnpl_t_20260504-162117/last_model_1.pth
2026-05-04 16:25:33,068 INFO src.train.trainer: Epoch 93
2026-05-04 16:25:35,764 INFO src.train.trainer: Last model at epoch 93 saved to checkpoints/reg_mixer_attnpl_t_20260504-162117/last_model_1.pth
2026-05-04 16:25:35,764 INFO src.train.trainer: Epoch 94
2026-05-04 16:25:38,385 INFO src.train.trainer: Last model at epoch 94 saved to checkpoints/reg_mixer_attnpl_t_20260504-162117/last_model_1.pth
2026-05-04 16:25:38,385 INFO src.train.trainer: Epoch 95
2026-05-04 16:25:40,829 INFO src.train.trainer: Last model at epoch 95 saved to checkpoints/reg_mixer_attnpl_t_20260504-162117/last_model_1.pth
2026-05-04 16:25:40,829 INFO src.train.trainer: Epoch 96
2026-05-04 16:25:43,485 INFO src.train.trainer: Last model at epoch 96 saved to checkpoints/reg_mixer_attnpl_t_20260504-162117/last_model_1.pth
2026-05-04 16:25:43,485 INFO src.train.trainer: Epoch 97
2026-05-04 16:25:46,102 INFO src.train.trainer: Last model at epoch 97 saved to checkpoints/reg_mixer_attnpl_t_20260504-162117/last_model_1.pth
2026-05-04 16:25:46,102 INFO src.train.trainer: Epoch 98
2026-05-04 16:25:48,676 INFO src.train.trainer: Last model at epoch 98 saved to checkpoints/reg_mixer_attnpl_t_20260504-162117/last_model_1.pth
2026-05-04 16:25:48,677 INFO src.train.trainer: Epoch 99
2026-05-04 16:25:51,199 INFO src.train.trainer: Last model at epoch 99 saved to checkpoints/reg_mixer_attnpl_t_20260504-162117/last_model_1.pth
2026-05-04 16:25:51,199 INFO src.train.trainer: Epoch 100
2026-05-04 16:25:53,796 INFO src.train.trainer: Last model at epoch 100 saved to checkpoints/reg_mixer_attnpl_t_20260504-162117/last_model_1.pth
2026-05-04 16:25:53,804 INFO src.train.trainer: Saved epoch 100 snapshot to checkpoints/reg_mixer_attnpl_t_20260504-162117/epoch_100_model_1.pth
2026-05-04 16:25:53,804 INFO src.train.trainer: Epoch 101
2026-05-04 16:25:56,215 INFO src.train.trainer: Last model at epoch 101 saved to checkpoints/reg_mixer_attnpl_t_20260504-162117/last_model_1.pth
2026-05-04 16:25:56,216 INFO src.train.trainer: Epoch 102
2026-05-04 16:25:58,752 INFO src.train.trainer: Last model at epoch 102 saved to checkpoints/reg_mixer_attnpl_t_20260504-162117/last_model_1.pth
2026-05-04 16:25:58,752 INFO src.train.trainer: Epoch 103
2026-05-04 16:26:01,301 INFO src.train.trainer: Last model at epoch 103 saved to checkpoints/reg_mixer_attnpl_t_20260504-162117/last_model_1.pth
2026-05-04 16:26:01,302 INFO src.train.trainer: Epoch 104
2026-05-04 16:26:03,727 INFO src.train.trainer: Last model at epoch 104 saved to checkpoints/reg_mixer_attnpl_t_20260504-162117/last_model_1.pth
2026-05-04 16:26:03,728 INFO src.train.trainer: Epoch 105
2026-05-04 16:26:06,198 INFO src.train.trainer: Last model at epoch 105 saved to checkpoints/reg_mixer_attnpl_t_20260504-162117/last_model_1.pth
2026-05-04 16:26:06,198 INFO src.train.trainer: Epoch 106
2026-05-04 16:26:08,867 INFO src.train.trainer: Last model at epoch 106 saved to checkpoints/reg_mixer_attnpl_t_20260504-162117/last_model_1.pth
2026-05-04 16:26:08,867 INFO src.train.trainer: Epoch 107
2026-05-04 16:26:11,598 INFO src.train.trainer: Last model at epoch 107 saved to checkpoints/reg_mixer_attnpl_t_20260504-162117/last_model_1.pth
2026-05-04 16:26:11,599 INFO src.train.trainer: Epoch 108
2026-05-04 16:26:14,296 INFO src.train.trainer: Last model at epoch 108 saved to checkpoints/reg_mixer_attnpl_t_20260504-162117/last_model_1.pth
2026-05-04 16:26:14,296 INFO src.train.trainer: Epoch 109
2026-05-04 16:26:16,930 INFO src.train.trainer: Last model at epoch 109 saved to checkpoints/reg_mixer_attnpl_t_20260504-162117/last_model_1.pth
2026-05-04 16:26:16,930 INFO src.train.trainer: Epoch 110
2026-05-04 16:26:19,576 INFO src.train.trainer: Last model at epoch 110 saved to checkpoints/reg_mixer_attnpl_t_20260504-162117/last_model_1.pth
2026-05-04 16:26:19,576 INFO src.train.trainer: Epoch 111
2026-05-04 16:26:21,883 INFO src.train.trainer: Last model at epoch 111 saved to checkpoints/reg_mixer_attnpl_t_20260504-162117/last_model_1.pth
2026-05-04 16:26:21,883 INFO src.train.trainer: Epoch 112
2026-05-04 16:26:24,479 INFO src.train.trainer: Last model at epoch 112 saved to checkpoints/reg_mixer_attnpl_t_20260504-162117/last_model_1.pth
2026-05-04 16:26:24,480 INFO src.train.trainer: Epoch 113
2026-05-04 16:26:26,985 INFO src.train.trainer: Last model at epoch 113 saved to checkpoints/reg_mixer_attnpl_t_20260504-162117/last_model_1.pth
2026-05-04 16:26:26,986 INFO src.train.trainer: Epoch 114
2026-05-04 16:26:29,297 INFO src.train.trainer: Last model at epoch 114 saved to checkpoints/reg_mixer_attnpl_t_20260504-162117/last_model_1.pth
2026-05-04 16:26:29,297 INFO src.train.trainer: Epoch 115
2026-05-04 16:26:32,018 INFO src.train.trainer: Last model at epoch 115 saved to checkpoints/reg_mixer_attnpl_t_20260504-162117/last_model_1.pth
2026-05-04 16:26:32,019 INFO src.train.trainer: Epoch 116
2026-05-04 16:26:34,447 INFO src.train.trainer: Last model at epoch 116 saved to checkpoints/reg_mixer_attnpl_t_20260504-162117/last_model_1.pth
2026-05-04 16:26:34,448 INFO src.train.trainer: Epoch 117
2026-05-04 16:26:36,968 INFO src.train.trainer: Last model at epoch 117 saved to checkpoints/reg_mixer_attnpl_t_20260504-162117/last_model_1.pth
2026-05-04 16:26:36,968 INFO src.train.trainer: Epoch 118
2026-05-04 16:26:39,344 INFO src.train.trainer: Last model at epoch 118 saved to checkpoints/reg_mixer_attnpl_t_20260504-162117/last_model_1.pth
2026-05-04 16:26:39,344 INFO src.train.trainer: Epoch 119
2026-05-04 16:26:41,715 INFO src.train.trainer: Last model at epoch 119 saved to checkpoints/reg_mixer_attnpl_t_20260504-162117/last_model_1.pth
2026-05-04 16:26:41,716 INFO src.train.trainer: Epoch 120
2026-05-04 16:26:44,381 INFO src.train.trainer: Last model at epoch 120 saved to checkpoints/reg_mixer_attnpl_t_20260504-162117/last_model_1.pth
2026-05-04 16:26:44,389 INFO src.train.trainer: Saved epoch 120 snapshot to checkpoints/reg_mixer_attnpl_t_20260504-162117/epoch_120_model_1.pth
2026-05-04 16:26:44,389 INFO src.train.trainer: Epoch 121
2026-05-04 16:26:47,036 INFO src.train.trainer: Last model at epoch 121 saved to checkpoints/reg_mixer_attnpl_t_20260504-162117/last_model_1.pth
2026-05-04 16:26:47,036 INFO src.train.trainer: Epoch 122
2026-05-04 16:26:49,648 INFO src.train.trainer: Last model at epoch 122 saved to checkpoints/reg_mixer_attnpl_t_20260504-162117/last_model_1.pth
2026-05-04 16:26:49,648 INFO src.train.trainer: Epoch 123
2026-05-04 16:26:52,025 INFO src.train.trainer: Last model at epoch 123 saved to checkpoints/reg_mixer_attnpl_t_20260504-162117/last_model_1.pth
2026-05-04 16:26:52,026 INFO src.train.trainer: Epoch 124
2026-05-04 16:26:54,635 INFO src.train.trainer: Last model at epoch 124 saved to checkpoints/reg_mixer_attnpl_t_20260504-162117/last_model_1.pth
2026-05-04 16:26:54,635 INFO src.train.trainer: Epoch 125
2026-05-04 16:26:57,205 INFO src.train.trainer: Last model at epoch 125 saved to checkpoints/reg_mixer_attnpl_t_20260504-162117/last_model_1.pth
2026-05-04 16:26:57,205 INFO src.train.trainer: Epoch 126
2026-05-04 16:26:59,887 INFO src.train.trainer: Last model at epoch 126 saved to checkpoints/reg_mixer_attnpl_t_20260504-162117/last_model_1.pth
2026-05-04 16:26:59,888 INFO src.train.trainer: Epoch 127
2026-05-04 16:27:02,494 INFO src.train.trainer: Last model at epoch 127 saved to checkpoints/reg_mixer_attnpl_t_20260504-162117/last_model_1.pth
2026-05-04 16:27:02,494 INFO src.train.trainer: Epoch 128
2026-05-04 16:27:04,950 INFO src.train.trainer: Last model at epoch 128 saved to checkpoints/reg_mixer_attnpl_t_20260504-162117/last_model_1.pth
2026-05-04 16:27:04,950 INFO src.train.trainer: Epoch 129
2026-05-04 16:27:07,412 INFO src.train.trainer: Last model at epoch 129 saved to checkpoints/reg_mixer_attnpl_t_20260504-162117/last_model_1.pth
2026-05-04 16:27:07,412 INFO src.train.trainer: Epoch 130
2026-05-04 16:27:10,140 INFO src.train.trainer: Last model at epoch 130 saved to checkpoints/reg_mixer_attnpl_t_20260504-162117/last_model_1.pth
2026-05-04 16:27:10,140 INFO src.train.trainer: Epoch 131
2026-05-04 16:27:12,855 INFO src.train.trainer: Last model at epoch 131 saved to checkpoints/reg_mixer_attnpl_t_20260504-162117/last_model_1.pth
2026-05-04 16:27:12,855 INFO src.train.trainer: Epoch 132
2026-05-04 16:27:15,576 INFO src.train.trainer: Last model at epoch 132 saved to checkpoints/reg_mixer_attnpl_t_20260504-162117/last_model_1.pth
2026-05-04 16:27:15,576 INFO src.train.trainer: Epoch 133
2026-05-04 16:27:18,383 INFO src.train.trainer: Last model at epoch 133 saved to checkpoints/reg_mixer_attnpl_t_20260504-162117/last_model_1.pth
2026-05-04 16:27:18,383 INFO src.train.trainer: Epoch 134
2026-05-04 16:27:21,025 INFO src.train.trainer: Last model at epoch 134 saved to checkpoints/reg_mixer_attnpl_t_20260504-162117/last_model_1.pth
2026-05-04 16:27:21,025 INFO src.train.trainer: Epoch 135
2026-05-04 16:27:23,627 INFO src.train.trainer: Last model at epoch 135 saved to checkpoints/reg_mixer_attnpl_t_20260504-162117/last_model_1.pth
2026-05-04 16:27:23,628 INFO src.train.trainer: Epoch 136
2026-05-04 16:27:26,263 INFO src.train.trainer: Last model at epoch 136 saved to checkpoints/reg_mixer_attnpl_t_20260504-162117/last_model_1.pth
2026-05-04 16:27:26,263 INFO src.train.trainer: Epoch 137
2026-05-04 16:27:28,625 INFO src.train.trainer: Last model at epoch 137 saved to checkpoints/reg_mixer_attnpl_t_20260504-162117/last_model_1.pth
2026-05-04 16:27:28,626 INFO src.train.trainer: Epoch 138
2026-05-04 16:27:31,201 INFO src.train.trainer: Last model at epoch 138 saved to checkpoints/reg_mixer_attnpl_t_20260504-162117/last_model_1.pth
2026-05-04 16:27:31,201 INFO src.train.trainer: Epoch 139
2026-05-04 16:27:33,686 INFO src.train.trainer: Last model at epoch 139 saved to checkpoints/reg_mixer_attnpl_t_20260504-162117/last_model_1.pth
2026-05-04 16:27:33,687 INFO src.train.trainer: Epoch 140
2026-05-04 16:27:36,367 INFO src.train.trainer: Last model at epoch 140 saved to checkpoints/reg_mixer_attnpl_t_20260504-162117/last_model_1.pth
2026-05-04 16:27:36,376 INFO src.train.trainer: Saved epoch 140 snapshot to checkpoints/reg_mixer_attnpl_t_20260504-162117/epoch_140_model_1.pth
2026-05-04 16:27:36,376 INFO src.train.trainer: Epoch 141
2026-05-04 16:27:39,166 INFO src.train.trainer: Last model at epoch 141 saved to checkpoints/reg_mixer_attnpl_t_20260504-162117/last_model_1.pth
2026-05-04 16:27:39,166 INFO src.train.trainer: Epoch 142
2026-05-04 16:27:41,839 INFO src.train.trainer: Last model at epoch 142 saved to checkpoints/reg_mixer_attnpl_t_20260504-162117/last_model_1.pth
2026-05-04 16:27:41,839 INFO src.train.trainer: Epoch 143
2026-05-04 16:27:44,352 INFO src.train.trainer: Last model at epoch 143 saved to checkpoints/reg_mixer_attnpl_t_20260504-162117/last_model_1.pth
2026-05-04 16:27:44,352 INFO src.train.trainer: Epoch 144
2026-05-04 16:27:46,898 INFO src.train.trainer: Last model at epoch 144 saved to checkpoints/reg_mixer_attnpl_t_20260504-162117/last_model_1.pth
2026-05-04 16:27:46,898 INFO src.train.trainer: Epoch 145
2026-05-04 16:27:49,387 INFO src.train.trainer: Last model at epoch 145 saved to checkpoints/reg_mixer_attnpl_t_20260504-162117/last_model_1.pth
2026-05-04 16:27:49,387 INFO src.train.trainer: Epoch 146
2026-05-04 16:27:51,776 INFO src.train.trainer: Last model at epoch 146 saved to checkpoints/reg_mixer_attnpl_t_20260504-162117/last_model_1.pth
2026-05-04 16:27:51,776 INFO src.train.trainer: Epoch 147
2026-05-04 16:27:54,130 INFO src.train.trainer: Last model at epoch 147 saved to checkpoints/reg_mixer_attnpl_t_20260504-162117/last_model_1.pth
2026-05-04 16:27:54,130 INFO src.train.trainer: Epoch 148
2026-05-04 16:27:56,594 INFO src.train.trainer: Last model at epoch 148 saved to checkpoints/reg_mixer_attnpl_t_20260504-162117/last_model_1.pth
2026-05-04 16:27:56,594 INFO src.train.trainer: Epoch 149
2026-05-04 16:27:59,191 INFO src.train.trainer: Last model at epoch 149 saved to checkpoints/reg_mixer_attnpl_t_20260504-162117/last_model_1.pth
2026-05-04 16:27:59,191 INFO src.train.trainer: Epoch 150
2026-05-04 16:28:01,811 INFO src.train.trainer: Last model at epoch 150 saved to checkpoints/reg_mixer_attnpl_t_20260504-162117/last_model_1.pth
2026-05-04 16:30:24,857 INFO src.data.preprocessing: CSV files found: ['chuandian_2021.csv']
2026-05-04 16:30:25,868 INFO src.utils.file_utils: Loading cached data from: data/ChuanDian/regressor/regressor_Mc_3_Mf_3_Tfore_180_Twindow_360_context_len_1_dt_10.pkl
2026-05-04 16:30:28,080 INFO src.data.preprocessing: Catalog statistics: {'tau_unfiltered': 0.15339908988298961, 'tau_q025': 0.08114294020924717, 'tau_q05': 0.5134664350189269, 'tau_mean': 1.3070542199341526, 'tau_max': 25.18216435192153, 'tau_min': 0.0, 'time_max': 18770.72654999979, 'time_mean': 10030.9430649837, 'mag_completeness': 3.0, 'mag_mean': 3.456916005014626, 'mag_max': 8.0, 'mag_min': 3.0, 'b_value': 0.856738547623331, 'b_std': 0.0071499224812533796, 'b_n': 14358}
2026-05-04 16:30:28,082 INFO src.data.preparation: stats {'tau_unfiltered': 0.15339908988298961, 'tau_q025': 0.08114294020924717, 'tau_q05': 0.5134664350189269, 'tau_mean': 1.3070542199341526, 'tau_max': 25.18216435192153, 'tau_min': 0.0, 'time_max': 18770.72654999979, 'time_mean': 10030.9430649837, 'mag_completeness': 3.0, 'mag_mean': 3.456916005014626, 'mag_max': 8.0, 'mag_min': 3.0, 'b_value': 0.856738547623331, 'b_std': 0.0071499224812533796, 'b_n': 14358}
2026-05-04 16:30:28,120 INFO src.data.event_loader: lengths of samples: min=96, max=1340, avg=265.71
2026-05-04 16:30:29,362 INFO src.models.input_adapters: using time scale base 1.3070542199341526 (key: tau_mean)
2026-05-04 16:30:29,362 INFO src.models.input_adapters: tau mean: tensor(1.3071)
2026-05-04 16:30:29,368 INFO src.train.config_setup: load_specific_parts: None
2026-05-04 16:30:29,369 INFO src.train.config_setup: Checkpoint loaded: <All keys matched successfully>
2026-05-04 16:30:29,370 INFO src.train.config_setup: hyperparameters: {'load_specific_parts': ['encoder'], 'encoder_param_keywords': ['base_model.encoder.layers.0', 'base_model.encoder.input_proj'], 'model': 'reg_mixer_attnpl_t', 'use_ema': False, 'batch_size': 64, 'accumulation_steps': 1, 'warmup_ratio': 0.1, 'learning_rate': 0.001, 'weight_decay': 0.001, 'encoder_learning_rate': 0.0004, 'scheduler_factor': None, 'scheduler_patience': None, 'scheduler_threshold': None, 'scheduler_min_lr': 1e-06, 'scheduler_type': 'step_warmup', 'step_lr_step_size_ratio': 0.2, 'step_lr_gamma': 0.5, 'd_model': 64, 'mixer_model_config': {'input_dim': 1, 'dropout_prob': 0.1, 'd_model': 64, 'n_layer': 3, 'd_intermediate': 128, 'input_proj_type': 'mlp', 'input_proj_hidden': 128, 'input_proj_activation': 'silu', 'input_proj_dropout': 0.1, 'input_init': 'kaiming_uniform', 'input_init_scale': 1.8, 'attn_layer_idx': [1], 'ssm_cfg': {'layer': 'Mamba2Rotary', 'd_conv': 4, 'use_conv': True, 'rotary_emb_scale_base': 1024}, 'attn_cfg': {'layer': 'MHATime', 'num_heads': 4, 'rotary_emb_dim': 8, 'rotary_emb_scale_base': 1024, 'causal': True}, 'norm_epsilon': 1e-05, 'rms_norm': False, 'initializer_cfg': {'initializer_range': 0.01}, 'fused_add_norm': False, 'residual_in_fp32': True}, 'extractor_name': 'attn_time_biased_mh', 'time_bias_type': 'log', 'agg': 'concat', 'extractor_cfg': {'fuse_mode': 'concat', 'use_ln': True, 'use_var_scale': True}, 'mlp_out': 1, 'mlp_dropout': 0.3, 'mlp_hdw': [128], 'dim': 1, 'epochs': 150, 'save_epochs': [60, 80, 100, 120, 140], 'save_dir': 'checkpoints/reg_mixer_attnpl_t_20260504-162117', 'cuda_id': '0', 'dataset': 'ChuanDian', 'criterion_name': 'smooth_l1', 'criterion_cfg': {'beta': 0.2}, 'seed': 1, 'Mc': 3, 'Mf': 3, 'Twindow': 360, 'Tfore': 180, 'dt': 10, 'context_len': 1, 'split_by_time': True, 'features_input_keys': ['mag'], 'normalize_time_by_token': True, 'time_scale_base_key': 'tau_mean', 'task_type': 'regression', 'time_order': ['train', 'val', 'test'], 'cuda': True, 'stats': {'tau_unfiltered': 0.15339908988298961, 'tau_q025': 0.08114294020924717, 'tau_q05': 0.5134664350189269, 'tau_mean': 1.3070542199341526, 'tau_max': 25.18216435192153, 'tau_min': 0.0, 'time_max': 18770.72654999979, 'time_mean': 10030.9430649837, 'mag_completeness': 3.0, 'mag_mean': 3.456916005014626, 'mag_max': 8.0, 'mag_min': 3.0, 'b_value': 0.856738547623331, 'b_std': 0.0071499224812533796, 'b_n': 14358}, 'start_epoch': 0, 'best_val_loss': inf}
2026-05-04 16:30:29,371 INFO src.train.config_setup: train_metrics: {'RMSE': 0.07023932273079682, 'MAE': 0.05536269049565161, 'MSE': 0.00493356245768103, 'MAPE': 14.659615248264842, 'R2': 0.7070153646296644, 'PearsonR': 0.84711534491196, 'PearsonR_diff': 0.2695623933570447, 'DA': 0.05696636925188744}
2026-05-04 16:30:29,371 INFO src.train.config_setup: val_metrics: {'RMSE': 0.09719812748350398, 'MAE': 0.08004905578199324, 'MSE': 0.009447475986299492, 'MAPE': 22.110180943068094, 'R2': 0.4310571333573282, 'PearsonR': 0.6581600094901507, 'PearsonR_diff': 0.06549993398038084, 'DA': 0.055248618784530384}
2026-05-04 16:30:29,371 INFO src.train.config_setup: Using regression criterion: smooth_l1
2026-05-04 16:30:29,371 INFO src.train.config_setup: Criterion config: {'beta': 0.2}
2026-05-04 16:30:29,372 INFO src.train.config_setup: encoder_param_keywords: ['base_model.encoder.layers.0', 'base_model.encoder.input_proj']
2026-05-04 16:30:29,372 INFO src.train.config_setup: encoder_lr matches: ['base_model.encoder.input_proj.0.weight', 'base_model.encoder.input_proj.0.bias', 'base_model.encoder.input_proj.3.weight', 'base_model.encoder.input_proj.3.bias', 'base_model.encoder.layers.0.norm.weight', 'base_model.encoder.layers.0.norm.bias', 'base_model.encoder.layers.0.mixer.dt_bias', 'base_model.encoder.layers.0.mixer.A_log', 'base_model.encoder.layers.0.mixer.D', 'base_model.encoder.layers.0.mixer.in_proj.weight', 'base_model.encoder.layers.0.mixer.conv1d.weight', 'base_model.encoder.layers.0.mixer.conv1d.bias', 'base_model.encoder.layers.0.mixer.norm.weight', 'base_model.encoder.layers.0.mixer.out_proj.weight', 'base_model.encoder.layers.0.norm2.weight', 'base_model.encoder.layers.0.norm2.bias', 'base_model.encoder.layers.0.mlp.fc1.weight', 'base_model.encoder.layers.0.mlp.fc2.weight']
2026-05-04 16:30:34,224 INFO __main__: Test loss: 0.06956064949433009
2026-05-04 16:30:36,704 INFO __main__: Saved test metrics to checkpoints/reg_mixer_attnpl_t_20260504-162117/metrics_test_best_1.json
2026-05-04 16:30:36,704 INFO __main__: Metrics: {'RMSE': 1.050073509446163, 'MAE': 0.8461681062080821, 'MSE': 1.102654375240581, 'MAPE': 18.435515824351985, 'R2': -2.295099325307969, 'PearsonR': 0.22248765115739227, 'PearsonR_diff': 0.09938540457239375, 'DA': 0.04395604395604396, 'SpearmanR': 0.1255268116609121, 'SpearmanR_diff': 0.052399118539895866, 'DTW': 117.43344202637672, 'DTW_normalized': 0.6417127979583428}
2026-05-04 16:31:42,686 INFO src.data.preprocessing: CSV files found: ['chuandian_2021.csv']
2026-05-04 16:31:43,732 INFO src.utils.file_utils: Loading cached data from: data/ChuanDian/regressor/regressor_Mc_3_Mf_3_Tfore_180_Twindow_360_context_len_1_dt_10.pkl
2026-05-04 16:31:45,985 INFO src.data.preprocessing: Catalog statistics: {'tau_unfiltered': 0.15339908988298961, 'tau_q025': 0.08114294020924717, 'tau_q05': 0.5134664350189269, 'tau_mean': 1.3070542199341526, 'tau_max': 25.18216435192153, 'tau_min': 0.0, 'time_max': 18770.72654999979, 'time_mean': 10030.9430649837, 'mag_completeness': 3.0, 'mag_mean': 3.456916005014626, 'mag_max': 8.0, 'mag_min': 3.0, 'b_value': 0.856738547623331, 'b_std': 0.0071499224812533796, 'b_n': 14358}
2026-05-04 16:31:45,987 INFO src.data.preparation: stats {'tau_unfiltered': 0.15339908988298961, 'tau_q025': 0.08114294020924717, 'tau_q05': 0.5134664350189269, 'tau_mean': 1.3070542199341526, 'tau_max': 25.18216435192153, 'tau_min': 0.0, 'time_max': 18770.72654999979, 'time_mean': 10030.9430649837, 'mag_completeness': 3.0, 'mag_mean': 3.456916005014626, 'mag_max': 8.0, 'mag_min': 3.0, 'b_value': 0.856738547623331, 'b_std': 0.0071499224812533796, 'b_n': 14358}
2026-05-04 16:31:46,030 INFO src.data.event_loader: lengths of samples: min=96, max=1340, avg=265.71
2026-05-04 16:31:47,305 INFO src.models.input_adapters: using time scale base 1.3070542199341526 (key: tau_mean)
2026-05-04 16:31:47,305 INFO src.models.input_adapters: tau mean: tensor(1.3071)
2026-05-04 16:31:47,311 INFO src.train.config_setup: load_specific_parts: None
2026-05-04 16:31:47,313 INFO src.train.config_setup: Checkpoint loaded: <All keys matched successfully>
2026-05-04 16:31:47,314 INFO src.train.config_setup: hyperparameters: {'load_specific_parts': ['encoder'], 'encoder_param_keywords': ['base_model.encoder.layers.0', 'base_model.encoder.input_proj'], 'model': 'reg_mixer_attnpl_t', 'use_ema': False, 'batch_size': 64, 'accumulation_steps': 1, 'warmup_ratio': 0.1, 'learning_rate': 0.001, 'weight_decay': 0.001, 'encoder_learning_rate': 0.0004, 'scheduler_factor': None, 'scheduler_patience': None, 'scheduler_threshold': None, 'scheduler_min_lr': 1e-06, 'scheduler_type': 'step_warmup', 'step_lr_step_size_ratio': 0.2, 'step_lr_gamma': 0.5, 'd_model': 64, 'mixer_model_config': {'input_dim': 1, 'dropout_prob': 0.1, 'd_model': 64, 'n_layer': 3, 'd_intermediate': 128, 'input_proj_type': 'mlp', 'input_proj_hidden': 128, 'input_proj_activation': 'silu', 'input_proj_dropout': 0.1, 'input_init': 'kaiming_uniform', 'input_init_scale': 1.8, 'attn_layer_idx': [1], 'ssm_cfg': {'layer': 'Mamba2Rotary', 'd_conv': 4, 'use_conv': True, 'rotary_emb_scale_base': 1024}, 'attn_cfg': {'layer': 'MHATime', 'num_heads': 4, 'rotary_emb_dim': 8, 'rotary_emb_scale_base': 1024, 'causal': True}, 'norm_epsilon': 1e-05, 'rms_norm': False, 'initializer_cfg': {'initializer_range': 0.01}, 'fused_add_norm': False, 'residual_in_fp32': True}, 'extractor_name': 'attn_time_biased_mh', 'time_bias_type': 'log', 'agg': 'concat', 'extractor_cfg': {'fuse_mode': 'concat', 'use_ln': True, 'use_var_scale': True}, 'mlp_out': 1, 'mlp_dropout': 0.3, 'mlp_hdw': [128], 'dim': 1, 'epochs': 150, 'save_epochs': [60, 80, 100, 120, 140], 'save_dir': 'checkpoints/reg_mixer_attnpl_t_20260504-162117', 'cuda_id': '0', 'dataset': 'ChuanDian', 'criterion_name': 'smooth_l1', 'criterion_cfg': {'beta': 0.2}, 'seed': 1, 'Mc': 3, 'Mf': 3, 'Twindow': 360, 'Tfore': 180, 'dt': 10, 'context_len': 1, 'split_by_time': True, 'features_input_keys': ['mag'], 'normalize_time_by_token': True, 'time_scale_base_key': 'tau_mean', 'task_type': 'regression', 'time_order': ['train', 'val', 'test'], 'cuda': True, 'stats': {'tau_unfiltered': 0.15339908988298961, 'tau_q025': 0.08114294020924717, 'tau_q05': 0.5134664350189269, 'tau_mean': 1.3070542199341526, 'tau_max': 25.18216435192153, 'tau_min': 0.0, 'time_max': 18770.72654999979, 'time_mean': 10030.9430649837, 'mag_completeness': 3.0, 'mag_mean': 3.456916005014626, 'mag_max': 8.0, 'mag_min': 3.0, 'b_value': 0.856738547623331, 'b_std': 0.0071499224812533796, 'b_n': 14358}, 'start_epoch': 0, 'best_val_loss': inf}
2026-05-04 16:31:47,314 INFO src.train.config_setup: train_metrics: {'RMSE': 0.040512009755638206, 'MAE': 0.030254957295535196, 'MSE': 0.0016412229344409254, 'MAPE': 7.767232516284789, 'R2': 0.9025343031261377, 'PearsonR': 0.9508693741286914, 'PearsonR_diff': 0.4172317985180924, 'DA': 0.07000686341798215}
2026-05-04 16:31:47,314 INFO src.train.config_setup: val_metrics: {'RMSE': 0.12550134533543972, 'MAE': 0.10051924317747682, 'MSE': 0.015750587681005294, 'MAPE': 23.38093308144683, 'R2': 0.05147316388703127, 'PearsonR': 0.4342998224538643, 'PearsonR_diff': -0.09178104625039386, 'DA': 0.03314917127071823}
2026-05-04 16:31:47,315 INFO src.train.config_setup: Using regression criterion: smooth_l1
2026-05-04 16:31:47,315 INFO src.train.config_setup: Criterion config: {'beta': 0.2}
2026-05-04 16:31:47,316 INFO src.train.config_setup: encoder_param_keywords: ['base_model.encoder.layers.0', 'base_model.encoder.input_proj']
2026-05-04 16:31:47,316 INFO src.train.config_setup: encoder_lr matches: ['base_model.encoder.input_proj.0.weight', 'base_model.encoder.input_proj.0.bias', 'base_model.encoder.input_proj.3.weight', 'base_model.encoder.input_proj.3.bias', 'base_model.encoder.layers.0.norm.weight', 'base_model.encoder.layers.0.norm.bias', 'base_model.encoder.layers.0.mixer.dt_bias', 'base_model.encoder.layers.0.mixer.A_log', 'base_model.encoder.layers.0.mixer.D', 'base_model.encoder.layers.0.mixer.in_proj.weight', 'base_model.encoder.layers.0.mixer.conv1d.weight', 'base_model.encoder.layers.0.mixer.conv1d.bias', 'base_model.encoder.layers.0.mixer.norm.weight', 'base_model.encoder.layers.0.mixer.out_proj.weight', 'base_model.encoder.layers.0.norm2.weight', 'base_model.encoder.layers.0.norm2.bias', 'base_model.encoder.layers.0.mlp.fc1.weight', 'base_model.encoder.layers.0.mlp.fc2.weight']
2026-05-04 16:31:52,394 INFO __main__: Test loss: 0.04162852776547273
2026-05-04 16:31:54,836 INFO __main__: Saved test metrics to checkpoints/reg_mixer_attnpl_t_20260504-162117/metrics_test_last_1.json
2026-05-04 16:31:54,836 INFO __main__: Metrics: {'RMSE': 0.7859906051399144, 'MAE': 0.6445362641186011, 'MSE': 0.6177812313682087, 'MAPE': 13.89880065987627, 'R2': -0.8461365268923595, 'PearsonR': -0.18048825057420828, 'PearsonR_diff': -0.04911318583292421, 'DA': 0.04395604395604396, 'SpearmanR': -0.1554387836396495, 'SpearmanR_diff': -0.04978488002744565, 'DTW': 70.25716897845268, 'DTW_normalized': 0.3839189561664081}
