2026-05-18 17:23:05,412 INFO src.data.preprocessing: CSV files found: ['chuandian_2021.csv']
2026-05-18 17:23:06,358 INFO src.utils.file_utils: Loading cached data from: data/ChuanDian/regressor/regressor_Mc_3_Mf_3_Tfore_180_Twindow_360_context_len_1_dt_10.pkl
2026-05-18 17:23:08,883 INFO src.data.preprocessing: Catalog statistics: {'tau_unfiltered': 0.15339908988298961, 'tau_q025': 0.08114294020924717, 'tau_q05': 0.5134664350189269, 'tau_mean': 1.3070542199341526, 'tau_max': 25.18216435192153, 'tau_min': 0.0, 'time_max': 18770.72654999979, 'time_mean': 10030.9430649837, 'mag_completeness': 3.0, 'mag_mean': 3.456916005014626, 'mag_max': 8.0, 'mag_min': 3.0, 'b_value': 0.856738547623331, 'b_std': 0.0071499224812533796, 'b_n': 14358}
2026-05-18 17:23:08,922 INFO src.data.event_loader: lengths of samples: min=96, max=1340, avg=265.71
2026-05-18 17:23:08,924 INFO src.cli.workflows: Loading checkpoint from: ./checkpoints/mixer_tpp_20260508-182744/last_model_1.pth
2026-05-18 17:23:10,046 INFO src.models.adapters.mixer_task: using time scale base 1.3070542199341526 (key: tau_mean)
2026-05-18 17:23:10,046 INFO src.models.adapters.mixer_task: tau mean: tensor(1.3071)
2026-05-18 17:23:10,054 INFO src.train.config_setup: Restoring model from checkpoint.
2026-05-18 17:23:10,054 INFO src.train.config_setup: Loading model weights: load_specific_parts=['base_model.encoder.input_proj', 'base_model.encoder.layers.0']
2026-05-18 17:23:10,056 INFO src.train.config_setup: Selective load summary: requested_parts=['base_model.encoder.input_proj', 'base_model.encoder.layers.0'], target_in_model=18, matched_in_checkpoint=16, loaded=16, missing_after_load=2, shape_mismatch=0, missing_in_model=0, out_of_scope_loaded=0
2026-05-18 17:23:10,056 INFO src.train.config_setup: Selective load coverage [base_model.encoder.input_proj]: target=4, hit=4, missing=0, complete=True
2026-05-18 17:23:10,056 INFO src.train.config_setup: Selective load coverage [base_model.encoder.layers.0]: target=14, hit=12, missing=2, complete=False
2026-05-18 17:23:10,056 WARNING src.train.config_setup: Selective load coverage missing preview [base_model.encoder.layers.0]: ['base_model.encoder.layers.0.mixer.conv1d.bias', 'base_model.encoder.layers.0.mixer.conv1d.weight']
2026-05-18 17:23:10,056 WARNING src.train.config_setup: Checkpoint missing target parameter preview: ['base_model.encoder.layers.0.mixer.conv1d.bias', 'base_model.encoder.layers.0.mixer.conv1d.weight']
2026-05-18 17:23:10,056 WARNING src.train.config_setup: Target not-loaded parameter preview: ['base_model.encoder.layers.0.mixer.conv1d.bias', 'base_model.encoder.layers.0.mixer.conv1d.weight']
2026-05-18 17:23:10,056 INFO src.train.config_setup: Loaded parameter preview: ['base_model.encoder.layers.0.mixer.norm.weight', 'base_model.encoder.layers.0.norm.weight', 'base_model.encoder.layers.0.mixer.out_proj.weight', 'base_model.encoder.layers.0.norm.bias', 'base_model.encoder.layers.0.mlp.fc2.weight', 'base_model.encoder.layers.0.mixer.A_log', 'base_model.encoder.layers.0.mixer.dt_bias', 'base_model.encoder.input_proj.0.bias', 'base_model.encoder.layers.0.norm2.weight', 'base_model.encoder.layers.0.norm2.bias'] ... (+6 more)
2026-05-18 17:23:10,057 INFO src.train.config_setup: Checkpoint hyperparameters loaded.
2026-05-18 17:23:10,057 INFO src.train.config_setup: Checkpoint train metrics available.
2026-05-18 17:23:10,057 INFO src.train.config_setup: Checkpoint val metrics available.
2026-05-18 17:23:10,057 INFO src.train.config_setup: Freeze skipped (checkpoint_restore): freeze_parts is empty.
2026-05-18 17:23:10,057 INFO src.train.config_setup: Using regression criterion: smooth_l1
2026-05-18 17:23:10,057 INFO src.train.config_setup: Criterion config: {'beta': 0.3}
2026-05-18 17:23:10,058 INFO src.train.config_setup: encoder_param_keywords: ['base_model.encoder.input_proj', 'base_model.encoder.layers.0']
2026-05-18 17:23:10,058 INFO src.train.config_setup: encoder_lr grouping summary: lr=0.00024, matched=18
2026-05-18 17:23:10,058 INFO src.train.config_setup: Encoder LR coverage [base_model.encoder.input_proj]: target=4, hit=4, missing=0, complete=True
2026-05-18 17:23:10,058 INFO src.train.config_setup: Encoder LR coverage [base_model.encoder.layers.0]: target=14, hit=14, missing=0, complete=True
2026-05-18 17:23:10,058 INFO src.train.config_setup: encoder_lr matched preview: ['base_model.encoder.input_proj.0.weight', 'base_model.encoder.input_proj.0.bias', 'base_model.encoder.input_proj.3.weight', 'base_model.encoder.input_proj.3.bias', 'base_model.encoder.layers.0.norm.weight', 'base_model.encoder.layers.0.norm.bias', 'base_model.encoder.layers.0.mixer.dt_bias', 'base_model.encoder.layers.0.mixer.A_log', 'base_model.encoder.layers.0.mixer.D', 'base_model.encoder.layers.0.mixer.in_proj.weight'] ... (+8 more)
2026-05-18 17:23:10,059 INFO src.train.config_setup: Not resuming optimizer/scheduler state; reset training state to start_epoch=0, best_val_loss=inf.
2026-05-18 17:23:10,064 INFO src.train.trainer: Using EMA with decay 0.95
2026-05-18 17:23:10,065 INFO src.train.trainer: Epoch 1
2026-05-18 17:23:23,868 INFO src.train.trainer: New best validation loss: 0.0443, saved to /root/autodl-tmp/em_eqf/experiments/reg_mixer_layer_1_grid_bs_128/runs/regmx_ema_05_seed_0/best_model_1.pth
2026-05-18 17:23:23,873 INFO src.train.trainer: Last model at epoch 1 saved to /root/autodl-tmp/em_eqf/experiments/reg_mixer_layer_1_grid_bs_128/runs/regmx_ema_05_seed_0/last_model_1.pth
2026-05-18 17:23:23,873 INFO src.train.trainer: Epoch 2
2026-05-18 17:23:26,215 INFO src.train.trainer: New best validation loss: 0.0320, saved to /root/autodl-tmp/em_eqf/experiments/reg_mixer_layer_1_grid_bs_128/runs/regmx_ema_05_seed_0/best_model_1.pth
2026-05-18 17:23:26,222 INFO src.train.trainer: Last model at epoch 2 saved to /root/autodl-tmp/em_eqf/experiments/reg_mixer_layer_1_grid_bs_128/runs/regmx_ema_05_seed_0/last_model_1.pth
2026-05-18 17:23:26,222 INFO src.train.trainer: Epoch 3
2026-05-18 17:23:28,272 INFO src.train.trainer: New best validation loss: 0.0306, saved to /root/autodl-tmp/em_eqf/experiments/reg_mixer_layer_1_grid_bs_128/runs/regmx_ema_05_seed_0/best_model_1.pth
2026-05-18 17:23:28,283 INFO src.train.trainer: Last model at epoch 3 saved to /root/autodl-tmp/em_eqf/experiments/reg_mixer_layer_1_grid_bs_128/runs/regmx_ema_05_seed_0/last_model_1.pth
2026-05-18 17:23:28,283 INFO src.train.trainer: Epoch 4
2026-05-18 17:23:30,370 INFO src.train.trainer: New best validation loss: 0.0297, saved to /root/autodl-tmp/em_eqf/experiments/reg_mixer_layer_1_grid_bs_128/runs/regmx_ema_05_seed_0/best_model_1.pth
2026-05-18 17:23:30,384 INFO src.train.trainer: Last model at epoch 4 saved to /root/autodl-tmp/em_eqf/experiments/reg_mixer_layer_1_grid_bs_128/runs/regmx_ema_05_seed_0/last_model_1.pth
2026-05-18 17:23:30,385 INFO src.train.trainer: Epoch 5
2026-05-18 17:23:32,468 INFO src.train.trainer: New best validation loss: 0.0292, saved to /root/autodl-tmp/em_eqf/experiments/reg_mixer_layer_1_grid_bs_128/runs/regmx_ema_05_seed_0/best_model_1.pth
2026-05-18 17:23:32,474 INFO src.train.trainer: Last model at epoch 5 saved to /root/autodl-tmp/em_eqf/experiments/reg_mixer_layer_1_grid_bs_128/runs/regmx_ema_05_seed_0/last_model_1.pth
2026-05-18 17:23:32,474 INFO src.train.trainer: Epoch 6
2026-05-18 17:23:34,598 INFO src.train.trainer: New best validation loss: 0.0290, saved to /root/autodl-tmp/em_eqf/experiments/reg_mixer_layer_1_grid_bs_128/runs/regmx_ema_05_seed_0/best_model_1.pth
2026-05-18 17:23:34,608 INFO src.train.trainer: Last model at epoch 6 saved to /root/autodl-tmp/em_eqf/experiments/reg_mixer_layer_1_grid_bs_128/runs/regmx_ema_05_seed_0/last_model_1.pth
2026-05-18 17:23:34,608 INFO src.train.trainer: Epoch 7
2026-05-18 17:23:36,553 INFO src.train.trainer: New best validation loss: 0.0287, saved to /root/autodl-tmp/em_eqf/experiments/reg_mixer_layer_1_grid_bs_128/runs/regmx_ema_05_seed_0/best_model_1.pth
2026-05-18 17:23:36,559 INFO src.train.trainer: Last model at epoch 7 saved to /root/autodl-tmp/em_eqf/experiments/reg_mixer_layer_1_grid_bs_128/runs/regmx_ema_05_seed_0/last_model_1.pth
2026-05-18 17:23:36,559 INFO src.train.trainer: Epoch 8
2026-05-18 17:23:38,838 INFO src.train.trainer: New best validation loss: 0.0287, saved to /root/autodl-tmp/em_eqf/experiments/reg_mixer_layer_1_grid_bs_128/runs/regmx_ema_05_seed_0/best_model_1.pth
2026-05-18 17:23:38,845 INFO src.train.trainer: Last model at epoch 8 saved to /root/autodl-tmp/em_eqf/experiments/reg_mixer_layer_1_grid_bs_128/runs/regmx_ema_05_seed_0/last_model_1.pth
2026-05-18 17:23:38,845 INFO src.train.trainer: Epoch 9
2026-05-18 17:23:41,146 INFO src.train.trainer: Last model at epoch 9 saved to /root/autodl-tmp/em_eqf/experiments/reg_mixer_layer_1_grid_bs_128/runs/regmx_ema_05_seed_0/last_model_1.pth
2026-05-18 17:23:41,147 INFO src.train.trainer: Epoch 10
2026-05-18 17:23:43,453 INFO src.train.trainer: New best validation loss: 0.0285, saved to /root/autodl-tmp/em_eqf/experiments/reg_mixer_layer_1_grid_bs_128/runs/regmx_ema_05_seed_0/best_model_1.pth
2026-05-18 17:23:43,459 INFO src.train.trainer: Last model at epoch 10 saved to /root/autodl-tmp/em_eqf/experiments/reg_mixer_layer_1_grid_bs_128/runs/regmx_ema_05_seed_0/last_model_1.pth
2026-05-18 17:23:43,459 INFO src.train.trainer: Epoch 11
2026-05-18 17:23:45,775 INFO src.train.trainer: Last model at epoch 11 saved to /root/autodl-tmp/em_eqf/experiments/reg_mixer_layer_1_grid_bs_128/runs/regmx_ema_05_seed_0/last_model_1.pth
2026-05-18 17:23:45,776 INFO src.train.trainer: Epoch 12
2026-05-18 17:23:47,972 INFO src.train.trainer: Last model at epoch 12 saved to /root/autodl-tmp/em_eqf/experiments/reg_mixer_layer_1_grid_bs_128/runs/regmx_ema_05_seed_0/last_model_1.pth
2026-05-18 17:23:47,972 INFO src.train.trainer: Epoch 13
2026-05-18 17:23:50,099 INFO src.train.trainer: Last model at epoch 13 saved to /root/autodl-tmp/em_eqf/experiments/reg_mixer_layer_1_grid_bs_128/runs/regmx_ema_05_seed_0/last_model_1.pth
2026-05-18 17:23:50,099 INFO src.train.trainer: Epoch 14
2026-05-18 17:23:52,286 INFO src.train.trainer: Last model at epoch 14 saved to /root/autodl-tmp/em_eqf/experiments/reg_mixer_layer_1_grid_bs_128/runs/regmx_ema_05_seed_0/last_model_1.pth
2026-05-18 17:23:52,287 INFO src.train.trainer: Epoch 15
2026-05-18 17:23:54,425 INFO src.train.trainer: Last model at epoch 15 saved to /root/autodl-tmp/em_eqf/experiments/reg_mixer_layer_1_grid_bs_128/runs/regmx_ema_05_seed_0/last_model_1.pth
2026-05-18 17:23:54,425 INFO src.train.trainer: Epoch 16
2026-05-18 17:23:56,572 INFO src.train.trainer: Last model at epoch 16 saved to /root/autodl-tmp/em_eqf/experiments/reg_mixer_layer_1_grid_bs_128/runs/regmx_ema_05_seed_0/last_model_1.pth
2026-05-18 17:23:56,572 INFO src.train.trainer: Epoch 17
2026-05-18 17:23:58,826 INFO src.train.trainer: Last model at epoch 17 saved to /root/autodl-tmp/em_eqf/experiments/reg_mixer_layer_1_grid_bs_128/runs/regmx_ema_05_seed_0/last_model_1.pth
2026-05-18 17:23:58,826 INFO src.train.trainer: Epoch 18
2026-05-18 17:24:01,695 INFO src.train.trainer: Last model at epoch 18 saved to /root/autodl-tmp/em_eqf/experiments/reg_mixer_layer_1_grid_bs_128/runs/regmx_ema_05_seed_0/last_model_1.pth
2026-05-18 17:24:01,696 INFO src.train.trainer: Epoch 19
2026-05-18 17:24:04,314 INFO src.train.trainer: Last model at epoch 19 saved to /root/autodl-tmp/em_eqf/experiments/reg_mixer_layer_1_grid_bs_128/runs/regmx_ema_05_seed_0/last_model_1.pth
2026-05-18 17:24:04,314 INFO src.train.trainer: Epoch 20
2026-05-18 17:24:06,571 INFO src.train.trainer: Last model at epoch 20 saved to /root/autodl-tmp/em_eqf/experiments/reg_mixer_layer_1_grid_bs_128/runs/regmx_ema_05_seed_0/last_model_1.pth
2026-05-18 17:24:06,571 INFO src.train.trainer: Epoch 21
2026-05-18 17:24:08,832 INFO src.train.trainer: Last model at epoch 21 saved to /root/autodl-tmp/em_eqf/experiments/reg_mixer_layer_1_grid_bs_128/runs/regmx_ema_05_seed_0/last_model_1.pth
2026-05-18 17:24:08,832 INFO src.train.trainer: Epoch 22
2026-05-18 17:24:10,979 INFO src.train.trainer: Last model at epoch 22 saved to /root/autodl-tmp/em_eqf/experiments/reg_mixer_layer_1_grid_bs_128/runs/regmx_ema_05_seed_0/last_model_1.pth
2026-05-18 17:24:10,980 INFO src.train.trainer: Epoch 23
2026-05-18 17:24:13,227 INFO src.train.trainer: Last model at epoch 23 saved to /root/autodl-tmp/em_eqf/experiments/reg_mixer_layer_1_grid_bs_128/runs/regmx_ema_05_seed_0/last_model_1.pth
2026-05-18 17:24:13,228 INFO src.train.trainer: Epoch 24
2026-05-18 17:24:15,572 INFO src.train.trainer: Last model at epoch 24 saved to /root/autodl-tmp/em_eqf/experiments/reg_mixer_layer_1_grid_bs_128/runs/regmx_ema_05_seed_0/last_model_1.pth
2026-05-18 17:24:15,573 INFO src.train.trainer: Epoch 25
2026-05-18 17:24:17,818 INFO src.train.trainer: Last model at epoch 25 saved to /root/autodl-tmp/em_eqf/experiments/reg_mixer_layer_1_grid_bs_128/runs/regmx_ema_05_seed_0/last_model_1.pth
2026-05-18 17:24:17,818 INFO src.train.trainer: Epoch 26
2026-05-18 17:24:19,983 INFO src.train.trainer: Last model at epoch 26 saved to /root/autodl-tmp/em_eqf/experiments/reg_mixer_layer_1_grid_bs_128/runs/regmx_ema_05_seed_0/last_model_1.pth
2026-05-18 17:24:19,983 INFO src.train.trainer: Epoch 27
2026-05-18 17:24:22,423 INFO src.train.trainer: Last model at epoch 27 saved to /root/autodl-tmp/em_eqf/experiments/reg_mixer_layer_1_grid_bs_128/runs/regmx_ema_05_seed_0/last_model_1.pth
2026-05-18 17:24:22,423 INFO src.train.trainer: Epoch 28
2026-05-18 17:24:24,625 INFO src.train.trainer: Last model at epoch 28 saved to /root/autodl-tmp/em_eqf/experiments/reg_mixer_layer_1_grid_bs_128/runs/regmx_ema_05_seed_0/last_model_1.pth
2026-05-18 17:24:24,625 INFO src.train.trainer: Epoch 29
2026-05-18 17:24:26,986 INFO src.train.trainer: Last model at epoch 29 saved to /root/autodl-tmp/em_eqf/experiments/reg_mixer_layer_1_grid_bs_128/runs/regmx_ema_05_seed_0/last_model_1.pth
2026-05-18 17:24:26,987 INFO src.train.trainer: Epoch 30
2026-05-18 17:24:28,991 INFO src.train.trainer: Last model at epoch 30 saved to /root/autodl-tmp/em_eqf/experiments/reg_mixer_layer_1_grid_bs_128/runs/regmx_ema_05_seed_0/last_model_1.pth
2026-05-18 17:24:28,991 INFO src.train.trainer: Epoch 31
2026-05-18 17:24:31,317 INFO src.train.trainer: Last model at epoch 31 saved to /root/autodl-tmp/em_eqf/experiments/reg_mixer_layer_1_grid_bs_128/runs/regmx_ema_05_seed_0/last_model_1.pth
2026-05-18 17:24:31,318 INFO src.train.trainer: Epoch 32
2026-05-18 17:24:33,452 INFO src.train.trainer: Last model at epoch 32 saved to /root/autodl-tmp/em_eqf/experiments/reg_mixer_layer_1_grid_bs_128/runs/regmx_ema_05_seed_0/last_model_1.pth
2026-05-18 17:24:33,452 INFO src.train.trainer: Epoch 33
2026-05-18 17:24:35,655 INFO src.train.trainer: Last model at epoch 33 saved to /root/autodl-tmp/em_eqf/experiments/reg_mixer_layer_1_grid_bs_128/runs/regmx_ema_05_seed_0/last_model_1.pth
2026-05-18 17:24:35,655 INFO src.train.trainer: Epoch 34
2026-05-18 17:24:37,839 INFO src.train.trainer: Last model at epoch 34 saved to /root/autodl-tmp/em_eqf/experiments/reg_mixer_layer_1_grid_bs_128/runs/regmx_ema_05_seed_0/last_model_1.pth
2026-05-18 17:24:37,839 INFO src.train.trainer: Epoch 35
2026-05-18 17:24:40,063 INFO src.train.trainer: Last model at epoch 35 saved to /root/autodl-tmp/em_eqf/experiments/reg_mixer_layer_1_grid_bs_128/runs/regmx_ema_05_seed_0/last_model_1.pth
2026-05-18 17:24:40,063 INFO src.train.trainer: Epoch 36
2026-05-18 17:24:42,414 INFO src.train.trainer: Last model at epoch 36 saved to /root/autodl-tmp/em_eqf/experiments/reg_mixer_layer_1_grid_bs_128/runs/regmx_ema_05_seed_0/last_model_1.pth
2026-05-18 17:24:42,415 INFO src.train.trainer: Epoch 37
2026-05-18 17:24:44,637 INFO src.train.trainer: Last model at epoch 37 saved to /root/autodl-tmp/em_eqf/experiments/reg_mixer_layer_1_grid_bs_128/runs/regmx_ema_05_seed_0/last_model_1.pth
2026-05-18 17:24:44,638 INFO src.train.trainer: Epoch 38
2026-05-18 17:24:46,974 INFO src.train.trainer: Last model at epoch 38 saved to /root/autodl-tmp/em_eqf/experiments/reg_mixer_layer_1_grid_bs_128/runs/regmx_ema_05_seed_0/last_model_1.pth
2026-05-18 17:24:46,974 INFO src.train.trainer: Epoch 39
2026-05-18 17:24:48,935 INFO src.train.trainer: Last model at epoch 39 saved to /root/autodl-tmp/em_eqf/experiments/reg_mixer_layer_1_grid_bs_128/runs/regmx_ema_05_seed_0/last_model_1.pth
2026-05-18 17:24:48,936 INFO src.train.trainer: Epoch 40
2026-05-18 17:24:51,335 INFO src.train.trainer: New best validation loss: 0.0284, saved to /root/autodl-tmp/em_eqf/experiments/reg_mixer_layer_1_grid_bs_128/runs/regmx_ema_05_seed_0/best_model_1.pth
2026-05-18 17:24:51,342 INFO src.train.trainer: Last model at epoch 40 saved to /root/autodl-tmp/em_eqf/experiments/reg_mixer_layer_1_grid_bs_128/runs/regmx_ema_05_seed_0/last_model_1.pth
2026-05-18 17:24:51,342 INFO src.train.trainer: Epoch 41
2026-05-18 17:24:53,811 INFO src.train.trainer: Last model at epoch 41 saved to /root/autodl-tmp/em_eqf/experiments/reg_mixer_layer_1_grid_bs_128/runs/regmx_ema_05_seed_0/last_model_1.pth
2026-05-18 17:24:53,811 INFO src.train.trainer: Epoch 42
2026-05-18 17:24:56,065 INFO src.train.trainer: Last model at epoch 42 saved to /root/autodl-tmp/em_eqf/experiments/reg_mixer_layer_1_grid_bs_128/runs/regmx_ema_05_seed_0/last_model_1.pth
2026-05-18 17:24:56,066 INFO src.train.trainer: Epoch 43
2026-05-18 17:24:58,266 INFO src.train.trainer: Last model at epoch 43 saved to /root/autodl-tmp/em_eqf/experiments/reg_mixer_layer_1_grid_bs_128/runs/regmx_ema_05_seed_0/last_model_1.pth
2026-05-18 17:24:58,266 INFO src.train.trainer: Epoch 44
2026-05-18 17:25:00,574 INFO src.train.trainer: Last model at epoch 44 saved to /root/autodl-tmp/em_eqf/experiments/reg_mixer_layer_1_grid_bs_128/runs/regmx_ema_05_seed_0/last_model_1.pth
2026-05-18 17:25:00,575 INFO src.train.trainer: Epoch 45
2026-05-18 17:25:02,900 INFO src.train.trainer: Last model at epoch 45 saved to /root/autodl-tmp/em_eqf/experiments/reg_mixer_layer_1_grid_bs_128/runs/regmx_ema_05_seed_0/last_model_1.pth
2026-05-18 17:25:02,901 INFO src.train.trainer: Epoch 46
2026-05-18 17:25:05,448 INFO src.train.trainer: Last model at epoch 46 saved to /root/autodl-tmp/em_eqf/experiments/reg_mixer_layer_1_grid_bs_128/runs/regmx_ema_05_seed_0/last_model_1.pth
2026-05-18 17:25:05,448 INFO src.train.trainer: Epoch 47
2026-05-18 17:25:07,673 INFO src.train.trainer: New best validation loss: 0.0269, saved to /root/autodl-tmp/em_eqf/experiments/reg_mixer_layer_1_grid_bs_128/runs/regmx_ema_05_seed_0/best_model_1.pth
2026-05-18 17:25:07,680 INFO src.train.trainer: Last model at epoch 47 saved to /root/autodl-tmp/em_eqf/experiments/reg_mixer_layer_1_grid_bs_128/runs/regmx_ema_05_seed_0/last_model_1.pth
2026-05-18 17:25:07,680 INFO src.train.trainer: Epoch 48
2026-05-18 17:25:09,771 INFO src.train.trainer: New best validation loss: 0.0259, saved to /root/autodl-tmp/em_eqf/experiments/reg_mixer_layer_1_grid_bs_128/runs/regmx_ema_05_seed_0/best_model_1.pth
2026-05-18 17:25:09,777 INFO src.train.trainer: Last model at epoch 48 saved to /root/autodl-tmp/em_eqf/experiments/reg_mixer_layer_1_grid_bs_128/runs/regmx_ema_05_seed_0/last_model_1.pth
2026-05-18 17:25:09,777 INFO src.train.trainer: Epoch 49
2026-05-18 17:25:12,257 INFO src.train.trainer: Last model at epoch 49 saved to /root/autodl-tmp/em_eqf/experiments/reg_mixer_layer_1_grid_bs_128/runs/regmx_ema_05_seed_0/last_model_1.pth
2026-05-18 17:25:12,258 INFO src.train.trainer: Epoch 50
2026-05-18 17:25:14,466 INFO src.train.trainer: Last model at epoch 50 saved to /root/autodl-tmp/em_eqf/experiments/reg_mixer_layer_1_grid_bs_128/runs/regmx_ema_05_seed_0/last_model_1.pth
2026-05-18 17:25:14,467 INFO src.train.trainer: Epoch 51
2026-05-18 17:25:16,731 INFO src.train.trainer: Last model at epoch 51 saved to /root/autodl-tmp/em_eqf/experiments/reg_mixer_layer_1_grid_bs_128/runs/regmx_ema_05_seed_0/last_model_1.pth
2026-05-18 17:25:16,731 INFO src.train.trainer: Epoch 52
2026-05-18 17:25:18,829 INFO src.train.trainer: Last model at epoch 52 saved to /root/autodl-tmp/em_eqf/experiments/reg_mixer_layer_1_grid_bs_128/runs/regmx_ema_05_seed_0/last_model_1.pth
2026-05-18 17:25:18,830 INFO src.train.trainer: Epoch 53
2026-05-18 17:25:20,817 INFO src.train.trainer: Last model at epoch 53 saved to /root/autodl-tmp/em_eqf/experiments/reg_mixer_layer_1_grid_bs_128/runs/regmx_ema_05_seed_0/last_model_1.pth
2026-05-18 17:25:20,817 INFO src.train.trainer: Epoch 54
2026-05-18 17:25:23,045 INFO src.train.trainer: Last model at epoch 54 saved to /root/autodl-tmp/em_eqf/experiments/reg_mixer_layer_1_grid_bs_128/runs/regmx_ema_05_seed_0/last_model_1.pth
2026-05-18 17:25:23,046 INFO src.train.trainer: Epoch 55
2026-05-18 17:25:25,455 INFO src.train.trainer: Last model at epoch 55 saved to /root/autodl-tmp/em_eqf/experiments/reg_mixer_layer_1_grid_bs_128/runs/regmx_ema_05_seed_0/last_model_1.pth
2026-05-18 17:25:25,455 INFO src.train.trainer: Epoch 56
2026-05-18 17:25:27,552 INFO src.train.trainer: Last model at epoch 56 saved to /root/autodl-tmp/em_eqf/experiments/reg_mixer_layer_1_grid_bs_128/runs/regmx_ema_05_seed_0/last_model_1.pth
2026-05-18 17:25:27,553 INFO src.train.trainer: Epoch 57
2026-05-18 17:25:29,631 INFO src.train.trainer: Last model at epoch 57 saved to /root/autodl-tmp/em_eqf/experiments/reg_mixer_layer_1_grid_bs_128/runs/regmx_ema_05_seed_0/last_model_1.pth
2026-05-18 17:25:29,631 INFO src.train.trainer: Epoch 58
2026-05-18 17:25:31,886 INFO src.train.trainer: Last model at epoch 58 saved to /root/autodl-tmp/em_eqf/experiments/reg_mixer_layer_1_grid_bs_128/runs/regmx_ema_05_seed_0/last_model_1.pth
2026-05-18 17:25:31,886 INFO src.train.trainer: Epoch 59
2026-05-18 17:25:34,069 INFO src.train.trainer: Last model at epoch 59 saved to /root/autodl-tmp/em_eqf/experiments/reg_mixer_layer_1_grid_bs_128/runs/regmx_ema_05_seed_0/last_model_1.pth
2026-05-18 17:25:34,070 INFO src.train.trainer: Epoch 60
2026-05-18 17:25:36,393 INFO src.train.trainer: Last model at epoch 60 saved to /root/autodl-tmp/em_eqf/experiments/reg_mixer_layer_1_grid_bs_128/runs/regmx_ema_05_seed_0/last_model_1.pth
2026-05-18 17:25:36,399 INFO src.train.trainer: Saved epoch 60 snapshot to /root/autodl-tmp/em_eqf/experiments/reg_mixer_layer_1_grid_bs_128/runs/regmx_ema_05_seed_0/epoch_60_model_1.pth
2026-05-18 17:25:36,399 INFO src.train.trainer: Epoch 61
2026-05-18 17:25:38,559 INFO src.train.trainer: Last model at epoch 61 saved to /root/autodl-tmp/em_eqf/experiments/reg_mixer_layer_1_grid_bs_128/runs/regmx_ema_05_seed_0/last_model_1.pth
2026-05-18 17:25:38,559 INFO src.train.trainer: Epoch 62
2026-05-18 17:25:40,689 INFO src.train.trainer: Last model at epoch 62 saved to /root/autodl-tmp/em_eqf/experiments/reg_mixer_layer_1_grid_bs_128/runs/regmx_ema_05_seed_0/last_model_1.pth
2026-05-18 17:25:40,689 INFO src.train.trainer: Epoch 63
2026-05-18 17:25:42,931 INFO src.train.trainer: Last model at epoch 63 saved to /root/autodl-tmp/em_eqf/experiments/reg_mixer_layer_1_grid_bs_128/runs/regmx_ema_05_seed_0/last_model_1.pth
2026-05-18 17:25:42,931 INFO src.train.trainer: Epoch 64
2026-05-18 17:25:45,211 INFO src.train.trainer: Last model at epoch 64 saved to /root/autodl-tmp/em_eqf/experiments/reg_mixer_layer_1_grid_bs_128/runs/regmx_ema_05_seed_0/last_model_1.pth
2026-05-18 17:25:45,212 INFO src.train.trainer: Epoch 65
2026-05-18 17:25:47,482 INFO src.train.trainer: Last model at epoch 65 saved to /root/autodl-tmp/em_eqf/experiments/reg_mixer_layer_1_grid_bs_128/runs/regmx_ema_05_seed_0/last_model_1.pth
2026-05-18 17:25:47,483 INFO src.train.trainer: Epoch 66
2026-05-18 17:25:49,625 INFO src.train.trainer: Last model at epoch 66 saved to /root/autodl-tmp/em_eqf/experiments/reg_mixer_layer_1_grid_bs_128/runs/regmx_ema_05_seed_0/last_model_1.pth
2026-05-18 17:25:49,625 INFO src.train.trainer: Epoch 67
2026-05-18 17:25:51,600 INFO src.train.trainer: Last model at epoch 67 saved to /root/autodl-tmp/em_eqf/experiments/reg_mixer_layer_1_grid_bs_128/runs/regmx_ema_05_seed_0/last_model_1.pth
2026-05-18 17:25:51,600 INFO src.train.trainer: Epoch 68
2026-05-18 17:25:53,978 INFO src.train.trainer: Last model at epoch 68 saved to /root/autodl-tmp/em_eqf/experiments/reg_mixer_layer_1_grid_bs_128/runs/regmx_ema_05_seed_0/last_model_1.pth
2026-05-18 17:25:53,978 INFO src.train.trainer: Epoch 69
2026-05-18 17:25:56,220 INFO src.train.trainer: Last model at epoch 69 saved to /root/autodl-tmp/em_eqf/experiments/reg_mixer_layer_1_grid_bs_128/runs/regmx_ema_05_seed_0/last_model_1.pth
2026-05-18 17:25:56,220 INFO src.train.trainer: Epoch 70
2026-05-18 17:25:58,683 INFO src.train.trainer: Last model at epoch 70 saved to /root/autodl-tmp/em_eqf/experiments/reg_mixer_layer_1_grid_bs_128/runs/regmx_ema_05_seed_0/last_model_1.pth
2026-05-18 17:25:58,684 INFO src.train.trainer: Epoch 71
2026-05-18 17:26:00,970 INFO src.train.trainer: Last model at epoch 71 saved to /root/autodl-tmp/em_eqf/experiments/reg_mixer_layer_1_grid_bs_128/runs/regmx_ema_05_seed_0/last_model_1.pth
2026-05-18 17:26:00,970 INFO src.train.trainer: Epoch 72
2026-05-18 17:26:03,163 INFO src.train.trainer: Last model at epoch 72 saved to /root/autodl-tmp/em_eqf/experiments/reg_mixer_layer_1_grid_bs_128/runs/regmx_ema_05_seed_0/last_model_1.pth
2026-05-18 17:26:03,163 INFO src.train.trainer: Epoch 73
2026-05-18 17:26:05,513 INFO src.train.trainer: Last model at epoch 73 saved to /root/autodl-tmp/em_eqf/experiments/reg_mixer_layer_1_grid_bs_128/runs/regmx_ema_05_seed_0/last_model_1.pth
2026-05-18 17:26:05,514 INFO src.train.trainer: Epoch 74
2026-05-18 17:26:07,838 INFO src.train.trainer: Last model at epoch 74 saved to /root/autodl-tmp/em_eqf/experiments/reg_mixer_layer_1_grid_bs_128/runs/regmx_ema_05_seed_0/last_model_1.pth
2026-05-18 17:26:07,838 INFO src.train.trainer: Epoch 75
2026-05-18 17:26:10,106 INFO src.train.trainer: Last model at epoch 75 saved to /root/autodl-tmp/em_eqf/experiments/reg_mixer_layer_1_grid_bs_128/runs/regmx_ema_05_seed_0/last_model_1.pth
2026-05-18 17:26:10,106 INFO src.train.trainer: Epoch 76
2026-05-18 17:26:12,498 INFO src.train.trainer: Last model at epoch 76 saved to /root/autodl-tmp/em_eqf/experiments/reg_mixer_layer_1_grid_bs_128/runs/regmx_ema_05_seed_0/last_model_1.pth
2026-05-18 17:26:12,498 INFO src.train.trainer: Epoch 77
2026-05-18 17:26:14,684 INFO src.train.trainer: Last model at epoch 77 saved to /root/autodl-tmp/em_eqf/experiments/reg_mixer_layer_1_grid_bs_128/runs/regmx_ema_05_seed_0/last_model_1.pth
2026-05-18 17:26:14,684 INFO src.train.trainer: Epoch 78
2026-05-18 17:26:17,123 INFO src.train.trainer: Last model at epoch 78 saved to /root/autodl-tmp/em_eqf/experiments/reg_mixer_layer_1_grid_bs_128/runs/regmx_ema_05_seed_0/last_model_1.pth
2026-05-18 17:26:17,124 INFO src.train.trainer: Epoch 79
2026-05-18 17:26:19,519 INFO src.train.trainer: Last model at epoch 79 saved to /root/autodl-tmp/em_eqf/experiments/reg_mixer_layer_1_grid_bs_128/runs/regmx_ema_05_seed_0/last_model_1.pth
2026-05-18 17:26:19,520 INFO src.train.trainer: Epoch 80
2026-05-18 17:26:21,963 INFO src.train.trainer: Last model at epoch 80 saved to /root/autodl-tmp/em_eqf/experiments/reg_mixer_layer_1_grid_bs_128/runs/regmx_ema_05_seed_0/last_model_1.pth
2026-05-18 17:26:21,972 INFO src.train.trainer: Saved epoch 80 snapshot to /root/autodl-tmp/em_eqf/experiments/reg_mixer_layer_1_grid_bs_128/runs/regmx_ema_05_seed_0/epoch_80_model_1.pth
2026-05-18 17:26:21,972 INFO src.train.trainer: Epoch 81
2026-05-18 17:26:24,223 INFO src.train.trainer: Last model at epoch 81 saved to /root/autodl-tmp/em_eqf/experiments/reg_mixer_layer_1_grid_bs_128/runs/regmx_ema_05_seed_0/last_model_1.pth
2026-05-18 17:26:24,223 INFO src.train.trainer: Epoch 82
2026-05-18 17:26:26,576 INFO src.train.trainer: Last model at epoch 82 saved to /root/autodl-tmp/em_eqf/experiments/reg_mixer_layer_1_grid_bs_128/runs/regmx_ema_05_seed_0/last_model_1.pth
2026-05-18 17:26:26,576 INFO src.train.trainer: Epoch 83
2026-05-18 17:26:29,006 INFO src.train.trainer: Last model at epoch 83 saved to /root/autodl-tmp/em_eqf/experiments/reg_mixer_layer_1_grid_bs_128/runs/regmx_ema_05_seed_0/last_model_1.pth
2026-05-18 17:26:29,007 INFO src.train.trainer: Epoch 84
2026-05-18 17:26:31,287 INFO src.train.trainer: Last model at epoch 84 saved to /root/autodl-tmp/em_eqf/experiments/reg_mixer_layer_1_grid_bs_128/runs/regmx_ema_05_seed_0/last_model_1.pth
2026-05-18 17:26:31,287 INFO src.train.trainer: Epoch 85
2026-05-18 17:26:33,554 INFO src.train.trainer: Last model at epoch 85 saved to /root/autodl-tmp/em_eqf/experiments/reg_mixer_layer_1_grid_bs_128/runs/regmx_ema_05_seed_0/last_model_1.pth
2026-05-18 17:26:33,554 INFO src.train.trainer: Epoch 86
2026-05-18 17:26:35,602 INFO src.train.trainer: Last model at epoch 86 saved to /root/autodl-tmp/em_eqf/experiments/reg_mixer_layer_1_grid_bs_128/runs/regmx_ema_05_seed_0/last_model_1.pth
2026-05-18 17:26:35,602 INFO src.train.trainer: Epoch 87
2026-05-18 17:26:37,764 INFO src.train.trainer: Last model at epoch 87 saved to /root/autodl-tmp/em_eqf/experiments/reg_mixer_layer_1_grid_bs_128/runs/regmx_ema_05_seed_0/last_model_1.pth
2026-05-18 17:26:37,764 INFO src.train.trainer: Epoch 88
2026-05-18 17:26:39,987 INFO src.train.trainer: Last model at epoch 88 saved to /root/autodl-tmp/em_eqf/experiments/reg_mixer_layer_1_grid_bs_128/runs/regmx_ema_05_seed_0/last_model_1.pth
2026-05-18 17:26:39,987 INFO src.train.trainer: Epoch 89
2026-05-18 17:26:42,293 INFO src.train.trainer: Last model at epoch 89 saved to /root/autodl-tmp/em_eqf/experiments/reg_mixer_layer_1_grid_bs_128/runs/regmx_ema_05_seed_0/last_model_1.pth
2026-05-18 17:26:42,293 INFO src.train.trainer: Epoch 90
2026-05-18 17:26:44,212 INFO src.train.trainer: Last model at epoch 90 saved to /root/autodl-tmp/em_eqf/experiments/reg_mixer_layer_1_grid_bs_128/runs/regmx_ema_05_seed_0/last_model_1.pth
2026-05-18 17:26:44,213 INFO src.train.trainer: Epoch 91
2026-05-18 17:26:46,825 INFO src.train.trainer: Last model at epoch 91 saved to /root/autodl-tmp/em_eqf/experiments/reg_mixer_layer_1_grid_bs_128/runs/regmx_ema_05_seed_0/last_model_1.pth
2026-05-18 17:26:46,825 INFO src.train.trainer: Epoch 92
2026-05-18 17:26:49,185 INFO src.train.trainer: Last model at epoch 92 saved to /root/autodl-tmp/em_eqf/experiments/reg_mixer_layer_1_grid_bs_128/runs/regmx_ema_05_seed_0/last_model_1.pth
2026-05-18 17:26:49,185 INFO src.train.trainer: Epoch 93
2026-05-18 17:26:51,436 INFO src.train.trainer: Last model at epoch 93 saved to /root/autodl-tmp/em_eqf/experiments/reg_mixer_layer_1_grid_bs_128/runs/regmx_ema_05_seed_0/last_model_1.pth
2026-05-18 17:26:51,436 INFO src.train.trainer: Epoch 94
2026-05-18 17:26:53,642 INFO src.train.trainer: Last model at epoch 94 saved to /root/autodl-tmp/em_eqf/experiments/reg_mixer_layer_1_grid_bs_128/runs/regmx_ema_05_seed_0/last_model_1.pth
2026-05-18 17:26:53,642 INFO src.train.trainer: Epoch 95
2026-05-18 17:26:55,790 INFO src.train.trainer: Last model at epoch 95 saved to /root/autodl-tmp/em_eqf/experiments/reg_mixer_layer_1_grid_bs_128/runs/regmx_ema_05_seed_0/last_model_1.pth
2026-05-18 17:26:55,790 INFO src.train.trainer: Epoch 96
2026-05-18 17:26:58,061 INFO src.train.trainer: Last model at epoch 96 saved to /root/autodl-tmp/em_eqf/experiments/reg_mixer_layer_1_grid_bs_128/runs/regmx_ema_05_seed_0/last_model_1.pth
2026-05-18 17:26:58,062 INFO src.train.trainer: Epoch 97
2026-05-18 17:27:00,198 INFO src.train.trainer: Last model at epoch 97 saved to /root/autodl-tmp/em_eqf/experiments/reg_mixer_layer_1_grid_bs_128/runs/regmx_ema_05_seed_0/last_model_1.pth
2026-05-18 17:27:00,198 INFO src.train.trainer: Epoch 98
2026-05-18 17:27:02,663 INFO src.train.trainer: Last model at epoch 98 saved to /root/autodl-tmp/em_eqf/experiments/reg_mixer_layer_1_grid_bs_128/runs/regmx_ema_05_seed_0/last_model_1.pth
2026-05-18 17:27:02,663 INFO src.train.trainer: Epoch 99
2026-05-18 17:27:05,070 INFO src.train.trainer: Last model at epoch 99 saved to /root/autodl-tmp/em_eqf/experiments/reg_mixer_layer_1_grid_bs_128/runs/regmx_ema_05_seed_0/last_model_1.pth
2026-05-18 17:27:05,070 INFO src.train.trainer: Epoch 100
2026-05-18 17:27:07,198 INFO src.train.trainer: Last model at epoch 100 saved to /root/autodl-tmp/em_eqf/experiments/reg_mixer_layer_1_grid_bs_128/runs/regmx_ema_05_seed_0/last_model_1.pth
2026-05-18 17:27:07,204 INFO src.train.trainer: Saved epoch 100 snapshot to /root/autodl-tmp/em_eqf/experiments/reg_mixer_layer_1_grid_bs_128/runs/regmx_ema_05_seed_0/epoch_100_model_1.pth
2026-05-18 17:27:07,204 INFO src.train.trainer: Epoch 101
2026-05-18 17:27:09,401 INFO src.train.trainer: Last model at epoch 101 saved to /root/autodl-tmp/em_eqf/experiments/reg_mixer_layer_1_grid_bs_128/runs/regmx_ema_05_seed_0/last_model_1.pth
2026-05-18 17:27:09,401 INFO src.train.trainer: Epoch 102
2026-05-18 17:27:11,526 INFO src.train.trainer: Last model at epoch 102 saved to /root/autodl-tmp/em_eqf/experiments/reg_mixer_layer_1_grid_bs_128/runs/regmx_ema_05_seed_0/last_model_1.pth
2026-05-18 17:27:11,526 INFO src.train.trainer: Epoch 103
2026-05-18 17:27:13,751 INFO src.train.trainer: Last model at epoch 103 saved to /root/autodl-tmp/em_eqf/experiments/reg_mixer_layer_1_grid_bs_128/runs/regmx_ema_05_seed_0/last_model_1.pth
2026-05-18 17:27:13,752 INFO src.train.trainer: Epoch 104
2026-05-18 17:27:15,822 INFO src.train.trainer: Last model at epoch 104 saved to /root/autodl-tmp/em_eqf/experiments/reg_mixer_layer_1_grid_bs_128/runs/regmx_ema_05_seed_0/last_model_1.pth
2026-05-18 17:27:15,823 INFO src.train.trainer: Epoch 105
2026-05-18 17:27:18,187 INFO src.train.trainer: Last model at epoch 105 saved to /root/autodl-tmp/em_eqf/experiments/reg_mixer_layer_1_grid_bs_128/runs/regmx_ema_05_seed_0/last_model_1.pth
2026-05-18 17:27:18,188 INFO src.train.trainer: Epoch 106
2026-05-18 17:27:20,309 INFO src.train.trainer: Last model at epoch 106 saved to /root/autodl-tmp/em_eqf/experiments/reg_mixer_layer_1_grid_bs_128/runs/regmx_ema_05_seed_0/last_model_1.pth
2026-05-18 17:27:20,309 INFO src.train.trainer: Epoch 107
2026-05-18 17:27:22,627 INFO src.train.trainer: Last model at epoch 107 saved to /root/autodl-tmp/em_eqf/experiments/reg_mixer_layer_1_grid_bs_128/runs/regmx_ema_05_seed_0/last_model_1.pth
2026-05-18 17:27:22,628 INFO src.train.trainer: Epoch 108
2026-05-18 17:27:24,851 INFO src.train.trainer: Last model at epoch 108 saved to /root/autodl-tmp/em_eqf/experiments/reg_mixer_layer_1_grid_bs_128/runs/regmx_ema_05_seed_0/last_model_1.pth
2026-05-18 17:27:24,852 INFO src.train.trainer: Epoch 109
2026-05-18 17:27:27,145 INFO src.train.trainer: Last model at epoch 109 saved to /root/autodl-tmp/em_eqf/experiments/reg_mixer_layer_1_grid_bs_128/runs/regmx_ema_05_seed_0/last_model_1.pth
2026-05-18 17:27:27,146 INFO src.train.trainer: Epoch 110
2026-05-18 17:27:29,344 INFO src.train.trainer: Last model at epoch 110 saved to /root/autodl-tmp/em_eqf/experiments/reg_mixer_layer_1_grid_bs_128/runs/regmx_ema_05_seed_0/last_model_1.pth
2026-05-18 17:27:29,345 INFO src.train.trainer: Epoch 111
2026-05-18 17:27:31,645 INFO src.train.trainer: Last model at epoch 111 saved to /root/autodl-tmp/em_eqf/experiments/reg_mixer_layer_1_grid_bs_128/runs/regmx_ema_05_seed_0/last_model_1.pth
2026-05-18 17:27:31,645 INFO src.train.trainer: Epoch 112
2026-05-18 17:27:34,098 INFO src.train.trainer: Last model at epoch 112 saved to /root/autodl-tmp/em_eqf/experiments/reg_mixer_layer_1_grid_bs_128/runs/regmx_ema_05_seed_0/last_model_1.pth
2026-05-18 17:27:34,098 INFO src.train.trainer: Epoch 113
2026-05-18 17:27:36,197 INFO src.train.trainer: Last model at epoch 113 saved to /root/autodl-tmp/em_eqf/experiments/reg_mixer_layer_1_grid_bs_128/runs/regmx_ema_05_seed_0/last_model_1.pth
2026-05-18 17:27:36,197 INFO src.train.trainer: Epoch 114
2026-05-18 17:27:38,364 INFO src.train.trainer: Last model at epoch 114 saved to /root/autodl-tmp/em_eqf/experiments/reg_mixer_layer_1_grid_bs_128/runs/regmx_ema_05_seed_0/last_model_1.pth
2026-05-18 17:27:38,364 INFO src.train.trainer: Epoch 115
2026-05-18 17:27:40,593 INFO src.train.trainer: Last model at epoch 115 saved to /root/autodl-tmp/em_eqf/experiments/reg_mixer_layer_1_grid_bs_128/runs/regmx_ema_05_seed_0/last_model_1.pth
2026-05-18 17:27:40,594 INFO src.train.trainer: Epoch 116
2026-05-18 17:27:42,785 INFO src.train.trainer: Last model at epoch 116 saved to /root/autodl-tmp/em_eqf/experiments/reg_mixer_layer_1_grid_bs_128/runs/regmx_ema_05_seed_0/last_model_1.pth
2026-05-18 17:27:42,785 INFO src.train.trainer: Epoch 117
2026-05-18 17:27:44,918 INFO src.train.trainer: Last model at epoch 117 saved to /root/autodl-tmp/em_eqf/experiments/reg_mixer_layer_1_grid_bs_128/runs/regmx_ema_05_seed_0/last_model_1.pth
2026-05-18 17:27:44,919 INFO src.train.trainer: Epoch 118
2026-05-18 17:27:47,191 INFO src.train.trainer: Last model at epoch 118 saved to /root/autodl-tmp/em_eqf/experiments/reg_mixer_layer_1_grid_bs_128/runs/regmx_ema_05_seed_0/last_model_1.pth
2026-05-18 17:27:47,192 INFO src.train.trainer: Epoch 119
2026-05-18 17:27:49,470 INFO src.train.trainer: Last model at epoch 119 saved to /root/autodl-tmp/em_eqf/experiments/reg_mixer_layer_1_grid_bs_128/runs/regmx_ema_05_seed_0/last_model_1.pth
2026-05-18 17:27:49,471 INFO src.train.trainer: Epoch 120
2026-05-18 17:27:51,594 INFO src.train.trainer: Last model at epoch 120 saved to /root/autodl-tmp/em_eqf/experiments/reg_mixer_layer_1_grid_bs_128/runs/regmx_ema_05_seed_0/last_model_1.pth
2026-05-18 17:27:51,598 INFO src.train.trainer: Saved epoch 120 snapshot to /root/autodl-tmp/em_eqf/experiments/reg_mixer_layer_1_grid_bs_128/runs/regmx_ema_05_seed_0/epoch_120_model_1.pth
2026-05-18 17:27:51,598 INFO src.train.trainer: Epoch 121
2026-05-18 17:27:53,687 INFO src.train.trainer: Last model at epoch 121 saved to /root/autodl-tmp/em_eqf/experiments/reg_mixer_layer_1_grid_bs_128/runs/regmx_ema_05_seed_0/last_model_1.pth
2026-05-18 17:27:53,687 INFO src.train.trainer: Epoch 122
2026-05-18 17:27:55,967 INFO src.train.trainer: Last model at epoch 122 saved to /root/autodl-tmp/em_eqf/experiments/reg_mixer_layer_1_grid_bs_128/runs/regmx_ema_05_seed_0/last_model_1.pth
2026-05-18 17:27:55,968 INFO src.train.trainer: Epoch 123
2026-05-18 17:27:58,263 INFO src.train.trainer: Last model at epoch 123 saved to /root/autodl-tmp/em_eqf/experiments/reg_mixer_layer_1_grid_bs_128/runs/regmx_ema_05_seed_0/last_model_1.pth
2026-05-18 17:27:58,263 INFO src.train.trainer: Epoch 124
2026-05-18 17:28:00,340 INFO src.train.trainer: Last model at epoch 124 saved to /root/autodl-tmp/em_eqf/experiments/reg_mixer_layer_1_grid_bs_128/runs/regmx_ema_05_seed_0/last_model_1.pth
2026-05-18 17:28:00,340 INFO src.train.trainer: Epoch 125
2026-05-18 17:28:02,615 INFO src.train.trainer: Last model at epoch 125 saved to /root/autodl-tmp/em_eqf/experiments/reg_mixer_layer_1_grid_bs_128/runs/regmx_ema_05_seed_0/last_model_1.pth
2026-05-18 17:28:02,616 INFO src.train.trainer: Epoch 126
2026-05-18 17:28:05,160 INFO src.train.trainer: Last model at epoch 126 saved to /root/autodl-tmp/em_eqf/experiments/reg_mixer_layer_1_grid_bs_128/runs/regmx_ema_05_seed_0/last_model_1.pth
2026-05-18 17:28:05,161 INFO src.train.trainer: Epoch 127
2026-05-18 17:28:07,433 INFO src.train.trainer: Last model at epoch 127 saved to /root/autodl-tmp/em_eqf/experiments/reg_mixer_layer_1_grid_bs_128/runs/regmx_ema_05_seed_0/last_model_1.pth
2026-05-18 17:28:07,433 INFO src.train.trainer: Epoch 128
2026-05-18 17:28:09,647 INFO src.train.trainer: Last model at epoch 128 saved to /root/autodl-tmp/em_eqf/experiments/reg_mixer_layer_1_grid_bs_128/runs/regmx_ema_05_seed_0/last_model_1.pth
2026-05-18 17:28:09,647 INFO src.train.trainer: Epoch 129
2026-05-18 17:28:11,817 INFO src.train.trainer: Last model at epoch 129 saved to /root/autodl-tmp/em_eqf/experiments/reg_mixer_layer_1_grid_bs_128/runs/regmx_ema_05_seed_0/last_model_1.pth
2026-05-18 17:28:11,817 INFO src.train.trainer: Epoch 130
2026-05-18 17:28:13,964 INFO src.train.trainer: Last model at epoch 130 saved to /root/autodl-tmp/em_eqf/experiments/reg_mixer_layer_1_grid_bs_128/runs/regmx_ema_05_seed_0/last_model_1.pth
2026-05-18 17:28:13,965 INFO src.train.trainer: Epoch 131
2026-05-18 17:28:16,310 INFO src.train.trainer: Last model at epoch 131 saved to /root/autodl-tmp/em_eqf/experiments/reg_mixer_layer_1_grid_bs_128/runs/regmx_ema_05_seed_0/last_model_1.pth
2026-05-18 17:28:16,310 INFO src.train.trainer: Epoch 132
2026-05-18 17:28:18,249 INFO src.train.trainer: Last model at epoch 132 saved to /root/autodl-tmp/em_eqf/experiments/reg_mixer_layer_1_grid_bs_128/runs/regmx_ema_05_seed_0/last_model_1.pth
2026-05-18 17:28:18,249 INFO src.train.trainer: Epoch 133
2026-05-18 17:28:20,911 INFO src.train.trainer: Last model at epoch 133 saved to /root/autodl-tmp/em_eqf/experiments/reg_mixer_layer_1_grid_bs_128/runs/regmx_ema_05_seed_0/last_model_1.pth
2026-05-18 17:28:20,911 INFO src.train.trainer: Epoch 134
2026-05-18 17:28:23,318 INFO src.train.trainer: Last model at epoch 134 saved to /root/autodl-tmp/em_eqf/experiments/reg_mixer_layer_1_grid_bs_128/runs/regmx_ema_05_seed_0/last_model_1.pth
2026-05-18 17:28:23,318 INFO src.train.trainer: Epoch 135
2026-05-18 17:28:25,732 INFO src.train.trainer: Last model at epoch 135 saved to /root/autodl-tmp/em_eqf/experiments/reg_mixer_layer_1_grid_bs_128/runs/regmx_ema_05_seed_0/last_model_1.pth
2026-05-18 17:28:25,733 INFO src.train.trainer: Epoch 136
2026-05-18 17:28:27,953 INFO src.train.trainer: Last model at epoch 136 saved to /root/autodl-tmp/em_eqf/experiments/reg_mixer_layer_1_grid_bs_128/runs/regmx_ema_05_seed_0/last_model_1.pth
2026-05-18 17:28:27,953 INFO src.train.trainer: Epoch 137
2026-05-18 17:28:30,034 INFO src.train.trainer: Last model at epoch 137 saved to /root/autodl-tmp/em_eqf/experiments/reg_mixer_layer_1_grid_bs_128/runs/regmx_ema_05_seed_0/last_model_1.pth
2026-05-18 17:28:30,034 INFO src.train.trainer: Epoch 138
2026-05-18 17:28:32,344 INFO src.train.trainer: Last model at epoch 138 saved to /root/autodl-tmp/em_eqf/experiments/reg_mixer_layer_1_grid_bs_128/runs/regmx_ema_05_seed_0/last_model_1.pth
2026-05-18 17:28:32,344 INFO src.train.trainer: Epoch 139
2026-05-18 17:28:34,443 INFO src.train.trainer: Last model at epoch 139 saved to /root/autodl-tmp/em_eqf/experiments/reg_mixer_layer_1_grid_bs_128/runs/regmx_ema_05_seed_0/last_model_1.pth
2026-05-18 17:28:34,443 INFO src.train.trainer: Epoch 140
2026-05-18 17:28:36,574 INFO src.train.trainer: Last model at epoch 140 saved to /root/autodl-tmp/em_eqf/experiments/reg_mixer_layer_1_grid_bs_128/runs/regmx_ema_05_seed_0/last_model_1.pth
2026-05-18 17:28:36,579 INFO src.train.trainer: Saved epoch 140 snapshot to /root/autodl-tmp/em_eqf/experiments/reg_mixer_layer_1_grid_bs_128/runs/regmx_ema_05_seed_0/epoch_140_model_1.pth
2026-05-18 17:28:36,580 INFO src.train.trainer: Epoch 141
2026-05-18 17:28:38,913 INFO src.train.trainer: Last model at epoch 141 saved to /root/autodl-tmp/em_eqf/experiments/reg_mixer_layer_1_grid_bs_128/runs/regmx_ema_05_seed_0/last_model_1.pth
2026-05-18 17:28:38,914 INFO src.train.trainer: Epoch 142
2026-05-18 17:28:42,523 INFO src.train.trainer: Last model at epoch 142 saved to /root/autodl-tmp/em_eqf/experiments/reg_mixer_layer_1_grid_bs_128/runs/regmx_ema_05_seed_0/last_model_1.pth
2026-05-18 17:28:42,524 INFO src.train.trainer: Epoch 143
2026-05-18 17:28:44,587 INFO src.train.trainer: Last model at epoch 143 saved to /root/autodl-tmp/em_eqf/experiments/reg_mixer_layer_1_grid_bs_128/runs/regmx_ema_05_seed_0/last_model_1.pth
2026-05-18 17:28:44,587 INFO src.train.trainer: Epoch 144
2026-05-18 17:28:46,955 INFO src.train.trainer: Last model at epoch 144 saved to /root/autodl-tmp/em_eqf/experiments/reg_mixer_layer_1_grid_bs_128/runs/regmx_ema_05_seed_0/last_model_1.pth
2026-05-18 17:28:46,956 INFO src.train.trainer: Epoch 145
2026-05-18 17:28:49,211 INFO src.train.trainer: Last model at epoch 145 saved to /root/autodl-tmp/em_eqf/experiments/reg_mixer_layer_1_grid_bs_128/runs/regmx_ema_05_seed_0/last_model_1.pth
2026-05-18 17:28:49,211 INFO src.train.trainer: Epoch 146
2026-05-18 17:28:51,414 INFO src.train.trainer: Last model at epoch 146 saved to /root/autodl-tmp/em_eqf/experiments/reg_mixer_layer_1_grid_bs_128/runs/regmx_ema_05_seed_0/last_model_1.pth
2026-05-18 17:28:51,415 INFO src.train.trainer: Epoch 147
2026-05-18 17:28:53,565 INFO src.train.trainer: Last model at epoch 147 saved to /root/autodl-tmp/em_eqf/experiments/reg_mixer_layer_1_grid_bs_128/runs/regmx_ema_05_seed_0/last_model_1.pth
2026-05-18 17:28:53,566 INFO src.train.trainer: Epoch 148
2026-05-18 17:28:55,836 INFO src.train.trainer: Last model at epoch 148 saved to /root/autodl-tmp/em_eqf/experiments/reg_mixer_layer_1_grid_bs_128/runs/regmx_ema_05_seed_0/last_model_1.pth
2026-05-18 17:28:55,836 INFO src.train.trainer: Epoch 149
2026-05-18 17:28:58,511 INFO src.train.trainer: Last model at epoch 149 saved to /root/autodl-tmp/em_eqf/experiments/reg_mixer_layer_1_grid_bs_128/runs/regmx_ema_05_seed_0/last_model_1.pth
2026-05-18 17:28:58,511 INFO src.train.trainer: Epoch 150
2026-05-18 17:29:01,647 INFO src.train.trainer: Last model at epoch 150 saved to /root/autodl-tmp/em_eqf/experiments/reg_mixer_layer_1_grid_bs_128/runs/regmx_ema_05_seed_0/last_model_1.pth
2026-05-18 17:29:10,573 INFO src.data.preprocessing: CSV files found: ['chuandian_2021.csv']
2026-05-18 17:29:11,353 INFO src.utils.file_utils: Loading cached data from: data/ChuanDian/regressor/regressor_Mc_3_Mf_3_Tfore_180_Twindow_360_context_len_1_dt_10.pkl
2026-05-18 17:29:13,604 INFO src.data.preprocessing: Catalog statistics: {'tau_unfiltered': 0.15339908988298961, 'tau_q025': 0.08114294020924717, 'tau_q05': 0.5134664350189269, 'tau_mean': 1.3070542199341526, 'tau_max': 25.18216435192153, 'tau_min': 0.0, 'time_max': 18770.72654999979, 'time_mean': 10030.9430649837, 'mag_completeness': 3.0, 'mag_mean': 3.456916005014626, 'mag_max': 8.0, 'mag_min': 3.0, 'b_value': 0.856738547623331, 'b_std': 0.0071499224812533796, 'b_n': 14358}
2026-05-18 17:29:13,643 INFO src.data.event_loader: lengths of samples: min=96, max=1340, avg=265.71
2026-05-18 17:29:14,493 INFO src.models.adapters.mixer_task: using time scale base 1.3070542199341526 (key: tau_mean)
2026-05-18 17:29:14,493 INFO src.models.adapters.mixer_task: tau mean: tensor(1.3071)
2026-05-18 17:29:14,499 INFO src.train.config_setup: Restoring model from checkpoint.
2026-05-18 17:29:14,499 INFO src.train.config_setup: Loading model weights: load_specific_parts=None
2026-05-18 17:29:14,500 INFO src.train.config_setup: Checkpoint loaded: <All keys matched successfully>
2026-05-18 17:29:14,500 INFO src.train.config_setup: Full load summary: loaded=44, missing=0, unexpected=0
2026-05-18 17:29:14,501 INFO src.train.config_setup: Checkpoint hyperparameters loaded.
2026-05-18 17:29:14,501 INFO src.train.config_setup: Checkpoint train metrics available.
2026-05-18 17:29:14,501 INFO src.train.config_setup: Checkpoint val metrics available.
2026-05-18 17:29:14,501 INFO src.train.config_setup: Freeze skipped (checkpoint_restore): freeze_parts is empty.
2026-05-18 17:29:14,501 INFO src.train.config_setup: Using regression criterion: smooth_l1
2026-05-18 17:29:14,501 INFO src.train.config_setup: Criterion config: {'beta': 0.3}
2026-05-18 17:29:14,502 INFO src.train.config_setup: encoder_param_keywords: ['base_model.encoder.input_proj', 'base_model.encoder.layers.0']
2026-05-18 17:29:14,502 INFO src.train.config_setup: encoder_lr grouping summary: lr=0.00024, matched=18
2026-05-18 17:29:14,502 INFO src.train.config_setup: Encoder LR coverage [base_model.encoder.input_proj]: target=4, hit=4, missing=0, complete=True
2026-05-18 17:29:14,502 INFO src.train.config_setup: Encoder LR coverage [base_model.encoder.layers.0]: target=14, hit=14, missing=0, complete=True
2026-05-18 17:29:14,502 INFO src.train.config_setup: encoder_lr matched preview: ['base_model.encoder.input_proj.0.weight', 'base_model.encoder.input_proj.0.bias', 'base_model.encoder.input_proj.3.weight', 'base_model.encoder.input_proj.3.bias', 'base_model.encoder.layers.0.norm.weight', 'base_model.encoder.layers.0.norm.bias', 'base_model.encoder.layers.0.mixer.dt_bias', 'base_model.encoder.layers.0.mixer.A_log', 'base_model.encoder.layers.0.mixer.D', 'base_model.encoder.layers.0.mixer.in_proj.weight'] ... (+8 more)
2026-05-18 17:29:14,503 INFO src.train.config_setup: Not resuming optimizer/scheduler state; reset training state to start_epoch=0, best_val_loss=inf.
2026-05-18 17:29:19,610 INFO src.cli.workflows: Test loss: 0.021353014434377354
2026-05-18 17:29:21,475 INFO src.cli.common: Saved test metrics to /root/autodl-tmp/em_eqf/experiments/reg_mixer_layer_1_grid_bs_128/runs/regmx_ema_05_seed_0/metrics_test_best_1.json
2026-05-18 17:29:21,476 INFO src.cli.common: Metrics: {'RMSE': 0.6784883102803153, 'MAE': 0.5466665610915324, 'MSE': 0.46034638718703735, 'MAPE': 12.031807976340083, 'R2': -0.3756686627185495, 'PearsonR': 0.5244561183757079, 'PearsonR_diff': -0.09859851915306786, 'DA': 0.04945054945054945, 'SpearmanR': 0.485151988820211, 'SpearmanR_diff': 0.0025511498002342256, 'DTW': 93.31416061520576, 'DTW_normalized': 0.509913445984731}
2026-05-18 18:01:07,202 INFO src.data.preprocessing: CSV files found: ['chuandian_2021.csv']
2026-05-18 18:01:07,936 INFO src.utils.file_utils: Loading cached data from: data/ChuanDian/regressor/regressor_Mc_3_Mf_3_Tfore_180_Twindow_360_context_len_1_dt_10.pkl
2026-05-18 18:01:10,183 INFO src.data.preprocessing: Catalog statistics: {'tau_unfiltered': 0.15339908988298961, 'tau_q025': 0.08114294020924717, 'tau_q05': 0.5134664350189269, 'tau_mean': 1.3070542199341526, 'tau_max': 25.18216435192153, 'tau_min': 0.0, 'time_max': 18770.72654999979, 'time_mean': 10030.9430649837, 'mag_completeness': 3.0, 'mag_mean': 3.456916005014626, 'mag_max': 8.0, 'mag_min': 3.0, 'b_value': 0.856738547623331, 'b_std': 0.0071499224812533796, 'b_n': 14358}
2026-05-18 18:01:10,222 INFO src.data.event_loader: lengths of samples: min=96, max=1340, avg=265.71
2026-05-18 18:01:11,041 INFO src.models.adapters.mixer_task: using time scale base 1.3070542199341526 (key: tau_mean)
2026-05-18 18:01:11,041 INFO src.models.adapters.mixer_task: tau mean: tensor(1.3071)
2026-05-18 18:01:11,046 INFO src.train.config_setup: Restoring model from checkpoint.
2026-05-18 18:01:11,047 INFO src.train.config_setup: Loading model weights: load_specific_parts=None
2026-05-18 18:01:11,048 INFO src.train.config_setup: Checkpoint loaded: <All keys matched successfully>
2026-05-18 18:01:11,048 INFO src.train.config_setup: Full load summary: loaded=44, missing=0, unexpected=0
2026-05-18 18:01:11,049 INFO src.train.config_setup: Checkpoint hyperparameters loaded.
2026-05-18 18:01:11,049 INFO src.train.config_setup: Checkpoint train metrics available.
2026-05-18 18:01:11,049 INFO src.train.config_setup: Checkpoint val metrics available.
2026-05-18 18:01:11,049 INFO src.train.config_setup: Freeze skipped (checkpoint_restore): freeze_parts is empty.
2026-05-18 18:01:11,049 INFO src.train.config_setup: Using regression criterion: smooth_l1
2026-05-18 18:01:11,049 INFO src.train.config_setup: Criterion config: {'beta': 0.3}
2026-05-18 18:01:11,050 INFO src.train.config_setup: encoder_param_keywords: ['base_model.encoder.input_proj', 'base_model.encoder.layers.0']
2026-05-18 18:01:11,050 INFO src.train.config_setup: encoder_lr grouping summary: lr=0.00024, matched=18
2026-05-18 18:01:11,050 INFO src.train.config_setup: Encoder LR coverage [base_model.encoder.input_proj]: target=4, hit=4, missing=0, complete=True
2026-05-18 18:01:11,050 INFO src.train.config_setup: Encoder LR coverage [base_model.encoder.layers.0]: target=14, hit=14, missing=0, complete=True
2026-05-18 18:01:11,050 INFO src.train.config_setup: encoder_lr matched preview: ['base_model.encoder.input_proj.0.weight', 'base_model.encoder.input_proj.0.bias', 'base_model.encoder.input_proj.3.weight', 'base_model.encoder.input_proj.3.bias', 'base_model.encoder.layers.0.norm.weight', 'base_model.encoder.layers.0.norm.bias', 'base_model.encoder.layers.0.mixer.dt_bias', 'base_model.encoder.layers.0.mixer.A_log', 'base_model.encoder.layers.0.mixer.D', 'base_model.encoder.layers.0.mixer.in_proj.weight'] ... (+8 more)
2026-05-18 18:01:11,051 INFO src.train.config_setup: Not resuming optimizer/scheduler state; reset training state to start_epoch=0, best_val_loss=inf.
2026-05-18 18:01:16,086 INFO src.cli.workflows: Test loss: 0.01507936076571544
2026-05-18 18:01:17,851 INFO src.cli.common: Saved test metrics to /root/autodl-tmp/em_eqf/experiments/reg_mixer_layer_1_grid_bs_128/runs/regmx_ema_05_seed_0/metrics_test_last_1.json
2026-05-18 18:01:17,851 INFO src.cli.common: Metrics: {'RMSE': 0.5727504862694631, 'MAE': 0.47151097948433923, 'MSE': 0.3280431195219064, 'MAPE': 10.232422835805979, 'R2': 0.019697662222840306, 'PearsonR': 0.5897067589445262, 'PearsonR_diff': -0.009962629904597087, 'DA': 0.04945054945054945, 'SpearmanR': 0.5632544210262594, 'SpearmanR_diff': 0.019939976104767356, 'DTW': 68.31701883673668, 'DTW_normalized': 0.3733170428236977}
