2026-05-10 21:32:56,667 INFO src.data.preprocessing: CSV files found: ['chuandian_2021.csv']
2026-05-10 21:32:57,402 INFO src.utils.file_utils: Loading cached data from: data/ChuanDian/classifier/classifier_Mc_3_Mf_4.5_Tfore_30_Twindow_180_context_len_1_dt_10.pkl
2026-05-10 21:32:57,733 INFO src.data.preprocessing: Catalog statistics: {'tau_unfiltered': 0.15339908988298961, 'tau_q025': 0.08114294020924717, 'tau_q05': 0.5134664350189269, 'tau_mean': 1.3070542199341526, 'tau_max': 25.18216435192153, 'tau_min': 0.0, 'time_max': 18770.72654999979, 'time_mean': 10030.9430649837, 'mag_completeness': 3.0, 'mag_mean': 3.456916005014626, 'mag_max': 8.0, 'mag_min': 3.0, 'b_value': 0.856738547623331, 'b_std': 0.0071499224812533796, 'b_n': 14358}
2026-05-10 21:32:57,751 INFO src.data.event_loader: lengths of samples: min=32, max=981, avg=135.26
2026-05-10 21:32:57,751 INFO src.data.event_loader: Number of positive samples: 836
2026-05-10 21:32:57,752 INFO src.data.event_loader: Number of negative samples: 594
2026-05-10 21:32:57,752 INFO src.data.event_loader: Positive samples: 706, Negative samples: 438
2026-05-10 21:32:57,752 INFO src.data.event_loader: Total samples: 1144, Positive ratio: 0.62, Negative ratio: 0.38
2026-05-10 21:32:57,753 INFO src.data.event_loader: Positive samples: 83, Negative samples: 60
2026-05-10 21:32:57,753 INFO src.data.event_loader: Total samples: 143, Positive ratio: 0.58, Negative ratio: 0.42
2026-05-10 21:32:57,753 INFO src.data.event_loader: Positive samples: 47, Negative samples: 96
2026-05-10 21:32:57,753 INFO src.data.event_loader: Total samples: 143, Positive ratio: 0.33, Negative ratio: 0.67
2026-05-10 21:32:57,904 INFO src.cli.workflows: Loading checkpoint from: ./checkpoints/mixer_tpp_20260510-211348/last_model_1.pth
2026-05-10 21:32:58,593 INFO src.models.adapters.mixer_task: using time scale base 1.3070542199341526 (key: tau_mean)
2026-05-10 21:32:58,593 INFO src.models.adapters.mixer_task: tau mean: tensor(1.3071)
2026-05-10 21:32:58,636 INFO src.train.config_setup: Restoring model from checkpoint.
2026-05-10 21:32:58,636 INFO src.train.config_setup: Loading model weights: load_specific_parts=['encoder']
2026-05-10 21:32:58,637 INFO src.train.config_setup: Selective load summary: requested_parts=['encoder'], target_in_model=40, matched_in_checkpoint=30, loaded=30, missing_after_load=10, shape_mismatch=0, missing_in_model=0, out_of_scope_loaded=0
2026-05-10 21:32:58,637 INFO src.train.config_setup: Selective load coverage [encoder]: target=40, hit=30, missing=10, complete=False
2026-05-10 21:32:58,637 WARNING src.train.config_setup: Selective load coverage missing preview [encoder]: ['base_model.encoder.layers.2.mixer.in_proj.bias', 'base_model.encoder.layers.2.mixer.in_proj.weight', 'base_model.encoder.layers.2.mixer.out_proj.bias', 'base_model.encoder.layers.2.mixer.out_proj.weight', 'base_model.encoder.layers.2.mlp.fc1.weight', 'base_model.encoder.layers.2.mlp.fc2.weight', 'base_model.encoder.layers.2.norm.bias', 'base_model.encoder.layers.2.norm.weight'] ... (+2 more)
2026-05-10 21:32:58,637 WARNING src.train.config_setup: Checkpoint missing target parameter preview: ['base_model.encoder.layers.2.mixer.in_proj.bias', 'base_model.encoder.layers.2.mixer.in_proj.weight', 'base_model.encoder.layers.2.mixer.out_proj.bias', 'base_model.encoder.layers.2.mixer.out_proj.weight', 'base_model.encoder.layers.2.mlp.fc1.weight', 'base_model.encoder.layers.2.mlp.fc2.weight', 'base_model.encoder.layers.2.norm.bias', 'base_model.encoder.layers.2.norm.weight', 'base_model.encoder.layers.2.norm2.bias', 'base_model.encoder.layers.2.norm2.weight']
2026-05-10 21:32:58,637 WARNING src.train.config_setup: Target not-loaded parameter preview: ['base_model.encoder.layers.2.mixer.in_proj.bias', 'base_model.encoder.layers.2.mixer.in_proj.weight', 'base_model.encoder.layers.2.mixer.out_proj.bias', 'base_model.encoder.layers.2.mixer.out_proj.weight', 'base_model.encoder.layers.2.mlp.fc1.weight', 'base_model.encoder.layers.2.mlp.fc2.weight', 'base_model.encoder.layers.2.norm.bias', 'base_model.encoder.layers.2.norm.weight', 'base_model.encoder.layers.2.norm2.bias', 'base_model.encoder.layers.2.norm2.weight']
2026-05-10 21:32:58,637 INFO src.train.config_setup: Loaded parameter preview: ['base_model.encoder.layers.1.norm.bias', 'base_model.encoder.norm_f.weight', 'base_model.encoder.layers.1.mixer.out_proj.weight', 'base_model.encoder.layers.1.mlp.fc2.weight', 'base_model.encoder.input_proj.3.weight', 'base_model.encoder.layers.0.mlp.fc1.weight', 'base_model.encoder.layers.0.mixer.norm.weight', 'base_model.encoder.input_proj.0.bias', 'base_model.encoder.layers.0.mixer.A_log', 'base_model.encoder.layers.1.mixer.norm.weight'] ... (+20 more)
2026-05-10 21:32:58,638 INFO src.train.config_setup: Checkpoint hyperparameters loaded.
2026-05-10 21:32:58,638 INFO src.train.config_setup: Checkpoint train metrics available.
2026-05-10 21:32:58,638 INFO src.train.config_setup: Checkpoint val metrics available.
2026-05-10 21:32:58,638 INFO src.train.config_setup: Freeze skipped (checkpoint_restore): freeze_parts is empty.
2026-05-10 21:32:58,639 INFO src.train.config_setup: Using classification criterion: focal
2026-05-10 21:32:58,639 INFO src.train.config_setup: Criterion config: {'alpha': 0.5, 'gamma': 2.0}
2026-05-10 21:32:58,640 INFO src.train.config_setup: Not resuming optimizer/scheduler state; reset training state to start_epoch=0, best_val_loss=inf.
2026-05-10 21:32:58,640 INFO src.train.trainer: Epoch 1
2026-05-10 21:33:11,927 INFO src.train.trainer: New best validation loss: 0.0860, saved to /root/autodl-tmp/em_eqf/experiments/clf_grid_9/runs/tf_30_mf_4p5_seed_1/best_model_1.pth
2026-05-10 21:33:11,934 INFO src.train.trainer: Last model at epoch 1 saved to /root/autodl-tmp/em_eqf/experiments/clf_grid_9/runs/tf_30_mf_4p5_seed_1/last_model_1.pth
2026-05-10 21:33:11,934 INFO src.train.trainer: Epoch 2
2026-05-10 21:33:13,863 INFO src.train.trainer: Last model at epoch 2 saved to /root/autodl-tmp/em_eqf/experiments/clf_grid_9/runs/tf_30_mf_4p5_seed_1/last_model_1.pth
2026-05-10 21:33:13,864 INFO src.train.trainer: Epoch 3
2026-05-10 21:33:15,791 INFO src.train.trainer: New best validation loss: 0.0858, saved to /root/autodl-tmp/em_eqf/experiments/clf_grid_9/runs/tf_30_mf_4p5_seed_1/best_model_1.pth
2026-05-10 21:33:15,800 INFO src.train.trainer: Last model at epoch 3 saved to /root/autodl-tmp/em_eqf/experiments/clf_grid_9/runs/tf_30_mf_4p5_seed_1/last_model_1.pth
2026-05-10 21:33:15,801 INFO src.train.trainer: Epoch 4
2026-05-10 21:33:17,792 INFO src.train.trainer: New best validation loss: 0.0851, saved to /root/autodl-tmp/em_eqf/experiments/clf_grid_9/runs/tf_30_mf_4p5_seed_1/best_model_1.pth
2026-05-10 21:33:17,801 INFO src.train.trainer: Last model at epoch 4 saved to /root/autodl-tmp/em_eqf/experiments/clf_grid_9/runs/tf_30_mf_4p5_seed_1/last_model_1.pth
2026-05-10 21:33:17,801 INFO src.train.trainer: Epoch 5
2026-05-10 21:33:19,920 INFO src.train.trainer: Last model at epoch 5 saved to /root/autodl-tmp/em_eqf/experiments/clf_grid_9/runs/tf_30_mf_4p5_seed_1/last_model_1.pth
2026-05-10 21:33:19,920 INFO src.train.trainer: Epoch 6
2026-05-10 21:33:22,190 INFO src.train.trainer: Last model at epoch 6 saved to /root/autodl-tmp/em_eqf/experiments/clf_grid_9/runs/tf_30_mf_4p5_seed_1/last_model_1.pth
2026-05-10 21:33:22,191 INFO src.train.trainer: Epoch 7
2026-05-10 21:33:24,509 INFO src.train.trainer: New best validation loss: 0.0836, saved to /root/autodl-tmp/em_eqf/experiments/clf_grid_9/runs/tf_30_mf_4p5_seed_1/best_model_1.pth
2026-05-10 21:33:24,522 INFO src.train.trainer: Last model at epoch 7 saved to /root/autodl-tmp/em_eqf/experiments/clf_grid_9/runs/tf_30_mf_4p5_seed_1/last_model_1.pth
2026-05-10 21:33:24,522 INFO src.train.trainer: Epoch 8
2026-05-10 21:33:26,656 INFO src.train.trainer: Last model at epoch 8 saved to /root/autodl-tmp/em_eqf/experiments/clf_grid_9/runs/tf_30_mf_4p5_seed_1/last_model_1.pth
2026-05-10 21:33:26,656 INFO src.train.trainer: Epoch 9
2026-05-10 21:33:28,815 INFO src.train.trainer: Last model at epoch 9 saved to /root/autodl-tmp/em_eqf/experiments/clf_grid_9/runs/tf_30_mf_4p5_seed_1/last_model_1.pth
2026-05-10 21:33:28,816 INFO src.train.trainer: Epoch 10
2026-05-10 21:33:30,763 INFO src.train.trainer: New best validation loss: 0.0805, saved to /root/autodl-tmp/em_eqf/experiments/clf_grid_9/runs/tf_30_mf_4p5_seed_1/best_model_1.pth
2026-05-10 21:33:30,774 INFO src.train.trainer: Last model at epoch 10 saved to /root/autodl-tmp/em_eqf/experiments/clf_grid_9/runs/tf_30_mf_4p5_seed_1/last_model_1.pth
2026-05-10 21:33:30,774 INFO src.train.trainer: Epoch 11
2026-05-10 21:33:32,810 INFO src.train.trainer: Last model at epoch 11 saved to /root/autodl-tmp/em_eqf/experiments/clf_grid_9/runs/tf_30_mf_4p5_seed_1/last_model_1.pth
2026-05-10 21:33:32,810 INFO src.train.trainer: Epoch 12
2026-05-10 21:33:34,612 INFO src.train.trainer: Last model at epoch 12 saved to /root/autodl-tmp/em_eqf/experiments/clf_grid_9/runs/tf_30_mf_4p5_seed_1/last_model_1.pth
2026-05-10 21:33:34,612 INFO src.train.trainer: Epoch 13
2026-05-10 21:33:36,455 INFO src.train.trainer: Last model at epoch 13 saved to /root/autodl-tmp/em_eqf/experiments/clf_grid_9/runs/tf_30_mf_4p5_seed_1/last_model_1.pth
2026-05-10 21:33:36,455 INFO src.train.trainer: Epoch 14
2026-05-10 21:33:38,365 INFO src.train.trainer: Last model at epoch 14 saved to /root/autodl-tmp/em_eqf/experiments/clf_grid_9/runs/tf_30_mf_4p5_seed_1/last_model_1.pth
2026-05-10 21:33:38,366 INFO src.train.trainer: Epoch 15
2026-05-10 21:33:40,227 INFO src.train.trainer: New best validation loss: 0.0803, saved to /root/autodl-tmp/em_eqf/experiments/clf_grid_9/runs/tf_30_mf_4p5_seed_1/best_model_1.pth
2026-05-10 21:33:40,236 INFO src.train.trainer: Last model at epoch 15 saved to /root/autodl-tmp/em_eqf/experiments/clf_grid_9/runs/tf_30_mf_4p5_seed_1/last_model_1.pth
2026-05-10 21:33:40,236 INFO src.train.trainer: Epoch 16
2026-05-10 21:33:42,015 INFO src.train.trainer: Last model at epoch 16 saved to /root/autodl-tmp/em_eqf/experiments/clf_grid_9/runs/tf_30_mf_4p5_seed_1/last_model_1.pth
2026-05-10 21:33:42,016 INFO src.train.trainer: Epoch 17
2026-05-10 21:33:44,158 INFO src.train.trainer: Last model at epoch 17 saved to /root/autodl-tmp/em_eqf/experiments/clf_grid_9/runs/tf_30_mf_4p5_seed_1/last_model_1.pth
2026-05-10 21:33:44,159 INFO src.train.trainer: Epoch 18
2026-05-10 21:33:46,127 INFO src.train.trainer: New best validation loss: 0.0801, saved to /root/autodl-tmp/em_eqf/experiments/clf_grid_9/runs/tf_30_mf_4p5_seed_1/best_model_1.pth
2026-05-10 21:33:46,135 INFO src.train.trainer: Last model at epoch 18 saved to /root/autodl-tmp/em_eqf/experiments/clf_grid_9/runs/tf_30_mf_4p5_seed_1/last_model_1.pth
2026-05-10 21:33:46,135 INFO src.train.trainer: Epoch 19
2026-05-10 21:33:48,075 INFO src.train.trainer: New best validation loss: 0.0761, saved to /root/autodl-tmp/em_eqf/experiments/clf_grid_9/runs/tf_30_mf_4p5_seed_1/best_model_1.pth
2026-05-10 21:33:48,085 INFO src.train.trainer: Last model at epoch 19 saved to /root/autodl-tmp/em_eqf/experiments/clf_grid_9/runs/tf_30_mf_4p5_seed_1/last_model_1.pth
2026-05-10 21:33:48,085 INFO src.train.trainer: Epoch 20
2026-05-10 21:33:49,837 INFO src.train.trainer: Last model at epoch 20 saved to /root/autodl-tmp/em_eqf/experiments/clf_grid_9/runs/tf_30_mf_4p5_seed_1/last_model_1.pth
2026-05-10 21:33:49,837 INFO src.train.trainer: Epoch 21
2026-05-10 21:33:51,881 INFO src.train.trainer: Last model at epoch 21 saved to /root/autodl-tmp/em_eqf/experiments/clf_grid_9/runs/tf_30_mf_4p5_seed_1/last_model_1.pth
2026-05-10 21:33:51,881 INFO src.train.trainer: Epoch 22
2026-05-10 21:33:54,105 INFO src.train.trainer: New best validation loss: 0.0731, saved to /root/autodl-tmp/em_eqf/experiments/clf_grid_9/runs/tf_30_mf_4p5_seed_1/best_model_1.pth
2026-05-10 21:33:54,119 INFO src.train.trainer: Last model at epoch 22 saved to /root/autodl-tmp/em_eqf/experiments/clf_grid_9/runs/tf_30_mf_4p5_seed_1/last_model_1.pth
2026-05-10 21:33:54,119 INFO src.train.trainer: Epoch 23
2026-05-10 21:33:55,847 INFO src.train.trainer: Last model at epoch 23 saved to /root/autodl-tmp/em_eqf/experiments/clf_grid_9/runs/tf_30_mf_4p5_seed_1/last_model_1.pth
2026-05-10 21:33:55,848 INFO src.train.trainer: Epoch 24
2026-05-10 21:33:57,520 INFO src.train.trainer: Last model at epoch 24 saved to /root/autodl-tmp/em_eqf/experiments/clf_grid_9/runs/tf_30_mf_4p5_seed_1/last_model_1.pth
2026-05-10 21:33:57,520 INFO src.train.trainer: Epoch 25
2026-05-10 21:33:59,173 INFO src.train.trainer: Last model at epoch 25 saved to /root/autodl-tmp/em_eqf/experiments/clf_grid_9/runs/tf_30_mf_4p5_seed_1/last_model_1.pth
2026-05-10 21:33:59,173 INFO src.train.trainer: Epoch 26
2026-05-10 21:34:00,944 INFO src.train.trainer: Last model at epoch 26 saved to /root/autodl-tmp/em_eqf/experiments/clf_grid_9/runs/tf_30_mf_4p5_seed_1/last_model_1.pth
2026-05-10 21:34:00,944 INFO src.train.trainer: Epoch 27
2026-05-10 21:34:02,958 INFO src.train.trainer: Last model at epoch 27 saved to /root/autodl-tmp/em_eqf/experiments/clf_grid_9/runs/tf_30_mf_4p5_seed_1/last_model_1.pth
2026-05-10 21:34:02,958 INFO src.train.trainer: Epoch 28
2026-05-10 21:34:04,968 INFO src.train.trainer: Last model at epoch 28 saved to /root/autodl-tmp/em_eqf/experiments/clf_grid_9/runs/tf_30_mf_4p5_seed_1/last_model_1.pth
2026-05-10 21:34:04,968 INFO src.train.trainer: Epoch 29
2026-05-10 21:34:07,048 INFO src.train.trainer: Last model at epoch 29 saved to /root/autodl-tmp/em_eqf/experiments/clf_grid_9/runs/tf_30_mf_4p5_seed_1/last_model_1.pth
2026-05-10 21:34:07,048 INFO src.train.trainer: Epoch 30
2026-05-10 21:34:09,117 INFO src.train.trainer: Last model at epoch 30 saved to /root/autodl-tmp/em_eqf/experiments/clf_grid_9/runs/tf_30_mf_4p5_seed_1/last_model_1.pth
2026-05-10 21:34:09,117 INFO src.train.trainer: Epoch 31
2026-05-10 21:34:11,053 INFO src.train.trainer: Last model at epoch 31 saved to /root/autodl-tmp/em_eqf/experiments/clf_grid_9/runs/tf_30_mf_4p5_seed_1/last_model_1.pth
2026-05-10 21:34:11,054 INFO src.train.trainer: Epoch 32
2026-05-10 21:34:12,768 INFO src.train.trainer: Last model at epoch 32 saved to /root/autodl-tmp/em_eqf/experiments/clf_grid_9/runs/tf_30_mf_4p5_seed_1/last_model_1.pth
2026-05-10 21:34:12,769 INFO src.train.trainer: Early stopping triggered at epoch 32 (best epoch: 22, best val loss: 0.073139)
2026-05-10 21:34:24,017 INFO src.data.preprocessing: CSV files found: ['chuandian_2021.csv']
2026-05-10 21:34:24,734 INFO src.utils.file_utils: Loading cached data from: data/ChuanDian/classifier/classifier_Mc_3_Mf_4.5_Tfore_30_Twindow_180_context_len_1_dt_10.pkl
2026-05-10 21:34:25,080 INFO src.data.preprocessing: Catalog statistics: {'tau_unfiltered': 0.15339908988298961, 'tau_q025': 0.08114294020924717, 'tau_q05': 0.5134664350189269, 'tau_mean': 1.3070542199341526, 'tau_max': 25.18216435192153, 'tau_min': 0.0, 'time_max': 18770.72654999979, 'time_mean': 10030.9430649837, 'mag_completeness': 3.0, 'mag_mean': 3.456916005014626, 'mag_max': 8.0, 'mag_min': 3.0, 'b_value': 0.856738547623331, 'b_std': 0.0071499224812533796, 'b_n': 14358}
2026-05-10 21:34:25,113 INFO src.data.event_loader: lengths of samples: min=32, max=981, avg=135.26
2026-05-10 21:34:25,113 INFO src.data.event_loader: Number of positive samples: 836
2026-05-10 21:34:25,114 INFO src.data.event_loader: Number of negative samples: 594
2026-05-10 21:34:25,114 INFO src.data.event_loader: Positive samples: 706, Negative samples: 438
2026-05-10 21:34:25,114 INFO src.data.event_loader: Total samples: 1144, Positive ratio: 0.62, Negative ratio: 0.38
2026-05-10 21:34:25,115 INFO src.data.event_loader: Positive samples: 83, Negative samples: 60
2026-05-10 21:34:25,115 INFO src.data.event_loader: Total samples: 143, Positive ratio: 0.58, Negative ratio: 0.42
2026-05-10 21:34:25,115 INFO src.data.event_loader: Positive samples: 47, Negative samples: 96
2026-05-10 21:34:25,115 INFO src.data.event_loader: Total samples: 143, Positive ratio: 0.33, Negative ratio: 0.67
2026-05-10 21:34:25,579 INFO src.models.adapters.mixer_task: using time scale base 1.3070542199341526 (key: tau_mean)
2026-05-10 21:34:25,579 INFO src.models.adapters.mixer_task: tau mean: tensor(1.3071)
2026-05-10 21:34:25,585 INFO src.train.config_setup: Restoring model from checkpoint.
2026-05-10 21:34:25,586 INFO src.train.config_setup: Loading model weights: load_specific_parts=None
2026-05-10 21:34:25,587 INFO src.train.config_setup: Checkpoint loaded: <All keys matched successfully>
2026-05-10 21:34:25,587 INFO src.train.config_setup: Full load summary: loaded=56, missing=0, unexpected=0
2026-05-10 21:34:25,588 INFO src.train.config_setup: Checkpoint hyperparameters loaded.
2026-05-10 21:34:25,588 INFO src.train.config_setup: Checkpoint train metrics available.
2026-05-10 21:34:25,588 INFO src.train.config_setup: Checkpoint val metrics available.
2026-05-10 21:34:25,588 INFO src.train.config_setup: Freeze skipped (checkpoint_restore): freeze_parts is empty.
2026-05-10 21:34:25,589 INFO src.train.config_setup: Using classification criterion: focal
2026-05-10 21:34:25,589 INFO src.train.config_setup: Criterion config: {'alpha': 0.5, 'gamma': 2.0}
2026-05-10 21:34:25,590 INFO src.train.config_setup: Not resuming optimizer/scheduler state; reset training state to start_epoch=0, best_val_loss=inf.
2026-05-10 21:34:25,590 INFO src.cli.common: Using threshold 0.4644787013530731 from checkpoint val_metrics for testing.
2026-05-10 21:34:30,232 INFO src.utils.metrics: ROC curve saved to /root/autodl-tmp/em_eqf/experiments/clf_grid_9/runs/tf_30_mf_4p5_seed_1/roc_curve.png
2026-05-10 21:34:30,351 INFO src.utils.metrics: PR curve saved to /root/autodl-tmp/em_eqf/experiments/clf_grid_9/runs/tf_30_mf_4p5_seed_1/pr_curve.png
2026-05-10 21:34:30,416 INFO src.utils.metrics: Confusion matrix saved to /root/autodl-tmp/em_eqf/experiments/clf_grid_9/runs/tf_30_mf_4p5_seed_1/confusion_matrix.png
2026-05-10 21:34:30,416 INFO src.cli.workflows: Test loss: 0.067647239814202
2026-05-10 21:34:30,925 INFO src.train.classifier_train_step: Prediction distribution plot has been saved to: /root/autodl-tmp/em_eqf/experiments/clf_grid_9/runs/tf_30_mf_4p5_seed_1/train_pred_distribution.png
2026-05-10 21:34:31,203 INFO src.train.classifier_train_step: Prediction distribution plot has been saved to: /root/autodl-tmp/em_eqf/experiments/clf_grid_9/runs/tf_30_mf_4p5_seed_1/val_pred_distribution.png
2026-05-10 21:34:31,486 INFO src.train.classifier_train_step: Prediction distribution plot has been saved to: /root/autodl-tmp/em_eqf/experiments/clf_grid_9/runs/tf_30_mf_4p5_seed_1/test_pred_distribution.png
2026-05-10 21:34:31,486 INFO src.cli.common: Saved test metrics to /root/autodl-tmp/em_eqf/experiments/clf_grid_9/runs/tf_30_mf_4p5_seed_1/metrics_test_best_1.json
2026-05-10 21:34:31,486 INFO src.cli.common: Metrics: {'precision': 0.43157894736842106, 'recall': 0.8723404255319149, 'f1': 0.5774647887323944, 'auc': 0.8251329787234043, 'pr_auc': 0.7721459252167584, 'fpr': 0.5625, 'tpr': 0.8723404255319149, 'R': 0.30984042553191493, 'conf': 0.6347250914204896, 'threshold': 0.4644787013530731}
