2026-05-14 20:46:15,336 INFO src.data.preprocessing: CSV files found: ['chuandian_2021.csv']
2026-05-14 20:46:16,557 INFO src.utils.file_utils: Loading cached data from: data/ChuanDian/regressor/regressor_Mc_3_Mf_3_Tfore_180_Twindow_360_context_len_1_dt_10.pkl
2026-05-14 20:46:19,022 INFO src.data.preprocessing: Catalog statistics: {'tau_unfiltered': 0.15339908988298961, 'tau_q025': 0.08114294020924717, 'tau_q05': 0.5134664350189269, 'tau_mean': 1.3070542199341526, 'tau_max': 25.18216435192153, 'tau_min': 0.0, 'time_max': 18770.72654999979, 'time_mean': 10030.9430649837, 'mag_completeness': 3.0, 'mag_mean': 3.456916005014626, 'mag_max': 8.0, 'mag_min': 3.0, 'b_value': 0.856738547623331, 'b_std': 0.0071499224812533796, 'b_n': 14358}
2026-05-14 20:46:19,067 INFO src.data.event_loader: lengths of samples: min=96, max=1340, avg=265.71
2026-05-14 20:46:19,069 INFO src.cli.workflows: No resume path provided. Training will start from scratch.
2026-05-14 20:46:21,414 INFO src.models.adapters.mixer_task: using time scale base 1.3070542199341526 (key: tau_mean)
2026-05-14 20:46:21,415 INFO src.models.adapters.mixer_task: tau mean: tensor(1.3071)
2026-05-14 20:46:21,500 INFO src.train.config_setup: No checkpoint restore requested; initializing model from scratch.
2026-05-14 20:46:21,500 INFO src.train.config_setup: Freeze skipped (fresh_init): freeze_parts is empty.
2026-05-14 20:46:21,500 INFO src.train.config_setup: Using regression criterion: smooth_l1
2026-05-14 20:46:21,500 INFO src.train.config_setup: Criterion config: {'beta': 0.3}
2026-05-14 20:46:21,501 INFO src.train.config_setup: encoder_param_keywords: ['encoder']
2026-05-14 20:46:21,501 INFO src.train.config_setup: encoder_lr grouping summary: lr=0.00024, matched=44
2026-05-14 20:46:21,597 INFO src.train.config_setup: Encoder LR coverage [encoder]: target=44, hit=44, missing=0, complete=True
2026-05-14 20:46:21,597 INFO src.train.config_setup: encoder_lr matched preview: ['base_model.encoder.input_proj.0.weight', 'base_model.encoder.input_proj.0.bias', 'base_model.encoder.input_proj.3.weight', 'base_model.encoder.input_proj.3.bias', 'base_model.encoder.layers.0.norm.weight', 'base_model.encoder.layers.0.norm.bias', 'base_model.encoder.layers.0.mixer.dt_bias', 'base_model.encoder.layers.0.mixer.A_log', 'base_model.encoder.layers.0.mixer.D', 'base_model.encoder.layers.0.mixer.in_proj.weight'] ... (+34 more)
2026-05-14 20:46:21,599 INFO src.train.trainer: Epoch 1
2026-05-14 20:46:54,317 INFO src.train.trainer: New best validation loss: 0.0693, saved to /root/autodl-tmp/em_eqf/experiments/reg_mixer_attnpl_ablation/runs/reg_ab_log_pretrain_seed_0/best_model_1.pth
2026-05-14 20:46:54,326 INFO src.train.trainer: Last model at epoch 1 saved to /root/autodl-tmp/em_eqf/experiments/reg_mixer_attnpl_ablation/runs/reg_ab_log_pretrain_seed_0/last_model_1.pth
2026-05-14 20:46:54,327 INFO src.train.trainer: Epoch 2
2026-05-14 20:46:57,504 INFO src.train.trainer: New best validation loss: 0.0302, saved to /root/autodl-tmp/em_eqf/experiments/reg_mixer_attnpl_ablation/runs/reg_ab_log_pretrain_seed_0/best_model_1.pth
2026-05-14 20:46:57,515 INFO src.train.trainer: Last model at epoch 2 saved to /root/autodl-tmp/em_eqf/experiments/reg_mixer_attnpl_ablation/runs/reg_ab_log_pretrain_seed_0/last_model_1.pth
2026-05-14 20:46:57,515 INFO src.train.trainer: Epoch 3
2026-05-14 20:47:00,717 INFO src.train.trainer: Last model at epoch 3 saved to /root/autodl-tmp/em_eqf/experiments/reg_mixer_attnpl_ablation/runs/reg_ab_log_pretrain_seed_0/last_model_1.pth
2026-05-14 20:47:00,717 INFO src.train.trainer: Epoch 4
2026-05-14 20:47:03,963 INFO src.train.trainer: Last model at epoch 4 saved to /root/autodl-tmp/em_eqf/experiments/reg_mixer_attnpl_ablation/runs/reg_ab_log_pretrain_seed_0/last_model_1.pth
2026-05-14 20:47:03,964 INFO src.train.trainer: Epoch 5
2026-05-14 20:47:07,006 INFO src.train.trainer: Last model at epoch 5 saved to /root/autodl-tmp/em_eqf/experiments/reg_mixer_attnpl_ablation/runs/reg_ab_log_pretrain_seed_0/last_model_1.pth
2026-05-14 20:47:07,006 INFO src.train.trainer: Epoch 6
2026-05-14 20:47:10,081 INFO src.train.trainer: Last model at epoch 6 saved to /root/autodl-tmp/em_eqf/experiments/reg_mixer_attnpl_ablation/runs/reg_ab_log_pretrain_seed_0/last_model_1.pth
2026-05-14 20:47:10,081 INFO src.train.trainer: Epoch 7
2026-05-14 20:47:13,057 INFO src.train.trainer: New best validation loss: 0.0293, saved to /root/autodl-tmp/em_eqf/experiments/reg_mixer_attnpl_ablation/runs/reg_ab_log_pretrain_seed_0/best_model_1.pth
2026-05-14 20:47:13,067 INFO src.train.trainer: Last model at epoch 7 saved to /root/autodl-tmp/em_eqf/experiments/reg_mixer_attnpl_ablation/runs/reg_ab_log_pretrain_seed_0/last_model_1.pth
2026-05-14 20:47:13,068 INFO src.train.trainer: Epoch 8
2026-05-14 20:47:16,141 INFO src.train.trainer: Last model at epoch 8 saved to /root/autodl-tmp/em_eqf/experiments/reg_mixer_attnpl_ablation/runs/reg_ab_log_pretrain_seed_0/last_model_1.pth
2026-05-14 20:47:16,141 INFO src.train.trainer: Epoch 9
2026-05-14 20:47:18,945 INFO src.train.trainer: New best validation loss: 0.0285, saved to /root/autodl-tmp/em_eqf/experiments/reg_mixer_attnpl_ablation/runs/reg_ab_log_pretrain_seed_0/best_model_1.pth
2026-05-14 20:47:18,954 INFO src.train.trainer: Last model at epoch 9 saved to /root/autodl-tmp/em_eqf/experiments/reg_mixer_attnpl_ablation/runs/reg_ab_log_pretrain_seed_0/last_model_1.pth
2026-05-14 20:47:18,954 INFO src.train.trainer: Epoch 10
2026-05-14 20:47:21,768 INFO src.train.trainer: New best validation loss: 0.0284, saved to /root/autodl-tmp/em_eqf/experiments/reg_mixer_attnpl_ablation/runs/reg_ab_log_pretrain_seed_0/best_model_1.pth
2026-05-14 20:47:21,786 INFO src.train.trainer: Last model at epoch 10 saved to /root/autodl-tmp/em_eqf/experiments/reg_mixer_attnpl_ablation/runs/reg_ab_log_pretrain_seed_0/last_model_1.pth
2026-05-14 20:47:21,787 INFO src.train.trainer: Epoch 11
2026-05-14 20:47:24,437 INFO src.train.trainer: New best validation loss: 0.0282, saved to /root/autodl-tmp/em_eqf/experiments/reg_mixer_attnpl_ablation/runs/reg_ab_log_pretrain_seed_0/best_model_1.pth
2026-05-14 20:47:24,447 INFO src.train.trainer: Last model at epoch 11 saved to /root/autodl-tmp/em_eqf/experiments/reg_mixer_attnpl_ablation/runs/reg_ab_log_pretrain_seed_0/last_model_1.pth
2026-05-14 20:47:24,447 INFO src.train.trainer: Epoch 12
2026-05-14 20:47:27,289 INFO src.train.trainer: Last model at epoch 12 saved to /root/autodl-tmp/em_eqf/experiments/reg_mixer_attnpl_ablation/runs/reg_ab_log_pretrain_seed_0/last_model_1.pth
2026-05-14 20:47:27,290 INFO src.train.trainer: Epoch 13
2026-05-14 20:47:30,237 INFO src.train.trainer: Last model at epoch 13 saved to /root/autodl-tmp/em_eqf/experiments/reg_mixer_attnpl_ablation/runs/reg_ab_log_pretrain_seed_0/last_model_1.pth
2026-05-14 20:47:30,238 INFO src.train.trainer: Epoch 14
2026-05-14 20:47:33,198 INFO src.train.trainer: Last model at epoch 14 saved to /root/autodl-tmp/em_eqf/experiments/reg_mixer_attnpl_ablation/runs/reg_ab_log_pretrain_seed_0/last_model_1.pth
2026-05-14 20:47:33,199 INFO src.train.trainer: Epoch 15
2026-05-14 20:47:36,265 INFO src.train.trainer: Last model at epoch 15 saved to /root/autodl-tmp/em_eqf/experiments/reg_mixer_attnpl_ablation/runs/reg_ab_log_pretrain_seed_0/last_model_1.pth
2026-05-14 20:47:36,266 INFO src.train.trainer: Epoch 16
2026-05-14 20:47:39,321 INFO src.train.trainer: Last model at epoch 16 saved to /root/autodl-tmp/em_eqf/experiments/reg_mixer_attnpl_ablation/runs/reg_ab_log_pretrain_seed_0/last_model_1.pth
2026-05-14 20:47:39,322 INFO src.train.trainer: Epoch 17
2026-05-14 20:47:42,256 INFO src.train.trainer: Last model at epoch 17 saved to /root/autodl-tmp/em_eqf/experiments/reg_mixer_attnpl_ablation/runs/reg_ab_log_pretrain_seed_0/last_model_1.pth
2026-05-14 20:47:42,257 INFO src.train.trainer: Epoch 18
2026-05-14 20:47:45,127 INFO src.train.trainer: Last model at epoch 18 saved to /root/autodl-tmp/em_eqf/experiments/reg_mixer_attnpl_ablation/runs/reg_ab_log_pretrain_seed_0/last_model_1.pth
2026-05-14 20:47:45,127 INFO src.train.trainer: Epoch 19
2026-05-14 20:47:47,874 INFO src.train.trainer: Last model at epoch 19 saved to /root/autodl-tmp/em_eqf/experiments/reg_mixer_attnpl_ablation/runs/reg_ab_log_pretrain_seed_0/last_model_1.pth
2026-05-14 20:47:47,874 INFO src.train.trainer: Epoch 20
2026-05-14 20:47:50,830 INFO src.train.trainer: Last model at epoch 20 saved to /root/autodl-tmp/em_eqf/experiments/reg_mixer_attnpl_ablation/runs/reg_ab_log_pretrain_seed_0/last_model_1.pth
2026-05-14 20:47:50,831 INFO src.train.trainer: Epoch 21
2026-05-14 20:47:53,815 INFO src.train.trainer: Last model at epoch 21 saved to /root/autodl-tmp/em_eqf/experiments/reg_mixer_attnpl_ablation/runs/reg_ab_log_pretrain_seed_0/last_model_1.pth
2026-05-14 20:47:53,815 INFO src.train.trainer: Epoch 22
2026-05-14 20:47:56,696 INFO src.train.trainer: Last model at epoch 22 saved to /root/autodl-tmp/em_eqf/experiments/reg_mixer_attnpl_ablation/runs/reg_ab_log_pretrain_seed_0/last_model_1.pth
2026-05-14 20:47:56,697 INFO src.train.trainer: Epoch 23
2026-05-14 20:47:59,599 INFO src.train.trainer: Last model at epoch 23 saved to /root/autodl-tmp/em_eqf/experiments/reg_mixer_attnpl_ablation/runs/reg_ab_log_pretrain_seed_0/last_model_1.pth
2026-05-14 20:47:59,599 INFO src.train.trainer: Epoch 24
2026-05-14 20:48:02,309 INFO src.train.trainer: Last model at epoch 24 saved to /root/autodl-tmp/em_eqf/experiments/reg_mixer_attnpl_ablation/runs/reg_ab_log_pretrain_seed_0/last_model_1.pth
2026-05-14 20:48:02,310 INFO src.train.trainer: Epoch 25
2026-05-14 20:48:05,150 INFO src.train.trainer: Last model at epoch 25 saved to /root/autodl-tmp/em_eqf/experiments/reg_mixer_attnpl_ablation/runs/reg_ab_log_pretrain_seed_0/last_model_1.pth
2026-05-14 20:48:05,150 INFO src.train.trainer: Epoch 26
2026-05-14 20:48:07,841 INFO src.train.trainer: Last model at epoch 26 saved to /root/autodl-tmp/em_eqf/experiments/reg_mixer_attnpl_ablation/runs/reg_ab_log_pretrain_seed_0/last_model_1.pth
2026-05-14 20:48:07,841 INFO src.train.trainer: Epoch 27
2026-05-14 20:48:10,729 INFO src.train.trainer: Last model at epoch 27 saved to /root/autodl-tmp/em_eqf/experiments/reg_mixer_attnpl_ablation/runs/reg_ab_log_pretrain_seed_0/last_model_1.pth
2026-05-14 20:48:10,729 INFO src.train.trainer: Epoch 28
2026-05-14 20:48:13,619 INFO src.train.trainer: Last model at epoch 28 saved to /root/autodl-tmp/em_eqf/experiments/reg_mixer_attnpl_ablation/runs/reg_ab_log_pretrain_seed_0/last_model_1.pth
2026-05-14 20:48:13,619 INFO src.train.trainer: Epoch 29
2026-05-14 20:48:16,440 INFO src.train.trainer: Last model at epoch 29 saved to /root/autodl-tmp/em_eqf/experiments/reg_mixer_attnpl_ablation/runs/reg_ab_log_pretrain_seed_0/last_model_1.pth
2026-05-14 20:48:16,440 INFO src.train.trainer: Epoch 30
2026-05-14 20:48:19,210 INFO src.train.trainer: New best validation loss: 0.0268, saved to /root/autodl-tmp/em_eqf/experiments/reg_mixer_attnpl_ablation/runs/reg_ab_log_pretrain_seed_0/best_model_1.pth
2026-05-14 20:48:19,225 INFO src.train.trainer: Last model at epoch 30 saved to /root/autodl-tmp/em_eqf/experiments/reg_mixer_attnpl_ablation/runs/reg_ab_log_pretrain_seed_0/last_model_1.pth
2026-05-14 20:48:19,225 INFO src.train.trainer: Epoch 31
2026-05-14 20:48:21,824 INFO src.train.trainer: Last model at epoch 31 saved to /root/autodl-tmp/em_eqf/experiments/reg_mixer_attnpl_ablation/runs/reg_ab_log_pretrain_seed_0/last_model_1.pth
2026-05-14 20:48:21,825 INFO src.train.trainer: Epoch 32
2026-05-14 20:48:24,455 INFO src.train.trainer: Last model at epoch 32 saved to /root/autodl-tmp/em_eqf/experiments/reg_mixer_attnpl_ablation/runs/reg_ab_log_pretrain_seed_0/last_model_1.pth
2026-05-14 20:48:24,456 INFO src.train.trainer: Epoch 33
2026-05-14 20:48:27,199 INFO src.train.trainer: New best validation loss: 0.0219, saved to /root/autodl-tmp/em_eqf/experiments/reg_mixer_attnpl_ablation/runs/reg_ab_log_pretrain_seed_0/best_model_1.pth
2026-05-14 20:48:27,214 INFO src.train.trainer: Last model at epoch 33 saved to /root/autodl-tmp/em_eqf/experiments/reg_mixer_attnpl_ablation/runs/reg_ab_log_pretrain_seed_0/last_model_1.pth
2026-05-14 20:48:27,214 INFO src.train.trainer: Epoch 34
2026-05-14 20:48:29,897 INFO src.train.trainer: Last model at epoch 34 saved to /root/autodl-tmp/em_eqf/experiments/reg_mixer_attnpl_ablation/runs/reg_ab_log_pretrain_seed_0/last_model_1.pth
2026-05-14 20:48:29,898 INFO src.train.trainer: Epoch 35
2026-05-14 20:48:32,433 INFO src.train.trainer: Last model at epoch 35 saved to /root/autodl-tmp/em_eqf/experiments/reg_mixer_attnpl_ablation/runs/reg_ab_log_pretrain_seed_0/last_model_1.pth
2026-05-14 20:48:32,433 INFO src.train.trainer: Epoch 36
2026-05-14 20:48:34,951 INFO src.train.trainer: Last model at epoch 36 saved to /root/autodl-tmp/em_eqf/experiments/reg_mixer_attnpl_ablation/runs/reg_ab_log_pretrain_seed_0/last_model_1.pth
2026-05-14 20:48:34,951 INFO src.train.trainer: Epoch 37
2026-05-14 20:48:37,754 INFO src.train.trainer: Last model at epoch 37 saved to /root/autodl-tmp/em_eqf/experiments/reg_mixer_attnpl_ablation/runs/reg_ab_log_pretrain_seed_0/last_model_1.pth
2026-05-14 20:48:37,754 INFO src.train.trainer: Epoch 38
2026-05-14 20:48:40,446 INFO src.train.trainer: Last model at epoch 38 saved to /root/autodl-tmp/em_eqf/experiments/reg_mixer_attnpl_ablation/runs/reg_ab_log_pretrain_seed_0/last_model_1.pth
2026-05-14 20:48:40,447 INFO src.train.trainer: Epoch 39
2026-05-14 20:48:43,327 INFO src.train.trainer: Last model at epoch 39 saved to /root/autodl-tmp/em_eqf/experiments/reg_mixer_attnpl_ablation/runs/reg_ab_log_pretrain_seed_0/last_model_1.pth
2026-05-14 20:48:43,327 INFO src.train.trainer: Epoch 40
2026-05-14 20:48:46,012 INFO src.train.trainer: Last model at epoch 40 saved to /root/autodl-tmp/em_eqf/experiments/reg_mixer_attnpl_ablation/runs/reg_ab_log_pretrain_seed_0/last_model_1.pth
2026-05-14 20:48:46,012 INFO src.train.trainer: Epoch 41
2026-05-14 20:48:48,724 INFO src.train.trainer: Last model at epoch 41 saved to /root/autodl-tmp/em_eqf/experiments/reg_mixer_attnpl_ablation/runs/reg_ab_log_pretrain_seed_0/last_model_1.pth
2026-05-14 20:48:48,724 INFO src.train.trainer: Epoch 42
2026-05-14 20:48:51,386 INFO src.train.trainer: Last model at epoch 42 saved to /root/autodl-tmp/em_eqf/experiments/reg_mixer_attnpl_ablation/runs/reg_ab_log_pretrain_seed_0/last_model_1.pth
2026-05-14 20:48:51,386 INFO src.train.trainer: Epoch 43
2026-05-14 20:48:54,338 INFO src.train.trainer: Last model at epoch 43 saved to /root/autodl-tmp/em_eqf/experiments/reg_mixer_attnpl_ablation/runs/reg_ab_log_pretrain_seed_0/last_model_1.pth
2026-05-14 20:48:54,338 INFO src.train.trainer: Epoch 44
2026-05-14 20:48:56,972 INFO src.train.trainer: Last model at epoch 44 saved to /root/autodl-tmp/em_eqf/experiments/reg_mixer_attnpl_ablation/runs/reg_ab_log_pretrain_seed_0/last_model_1.pth
2026-05-14 20:48:56,972 INFO src.train.trainer: Epoch 45
2026-05-14 20:48:59,675 INFO src.train.trainer: Last model at epoch 45 saved to /root/autodl-tmp/em_eqf/experiments/reg_mixer_attnpl_ablation/runs/reg_ab_log_pretrain_seed_0/last_model_1.pth
2026-05-14 20:48:59,676 INFO src.train.trainer: Epoch 46
2026-05-14 20:49:02,448 INFO src.train.trainer: Last model at epoch 46 saved to /root/autodl-tmp/em_eqf/experiments/reg_mixer_attnpl_ablation/runs/reg_ab_log_pretrain_seed_0/last_model_1.pth
2026-05-14 20:49:02,448 INFO src.train.trainer: Epoch 47
2026-05-14 20:49:05,633 INFO src.train.trainer: Last model at epoch 47 saved to /root/autodl-tmp/em_eqf/experiments/reg_mixer_attnpl_ablation/runs/reg_ab_log_pretrain_seed_0/last_model_1.pth
2026-05-14 20:49:05,634 INFO src.train.trainer: Epoch 48
2026-05-14 20:49:08,640 INFO src.train.trainer: Last model at epoch 48 saved to /root/autodl-tmp/em_eqf/experiments/reg_mixer_attnpl_ablation/runs/reg_ab_log_pretrain_seed_0/last_model_1.pth
2026-05-14 20:49:08,640 INFO src.train.trainer: Epoch 49
2026-05-14 20:49:11,654 INFO src.train.trainer: Last model at epoch 49 saved to /root/autodl-tmp/em_eqf/experiments/reg_mixer_attnpl_ablation/runs/reg_ab_log_pretrain_seed_0/last_model_1.pth
2026-05-14 20:49:11,654 INFO src.train.trainer: Epoch 50
2026-05-14 20:49:14,590 INFO src.train.trainer: Last model at epoch 50 saved to /root/autodl-tmp/em_eqf/experiments/reg_mixer_attnpl_ablation/runs/reg_ab_log_pretrain_seed_0/last_model_1.pth
2026-05-14 20:49:14,590 INFO src.train.trainer: Epoch 51
2026-05-14 20:49:17,337 INFO src.train.trainer: Last model at epoch 51 saved to /root/autodl-tmp/em_eqf/experiments/reg_mixer_attnpl_ablation/runs/reg_ab_log_pretrain_seed_0/last_model_1.pth
2026-05-14 20:49:17,337 INFO src.train.trainer: Epoch 52
2026-05-14 20:49:20,054 INFO src.train.trainer: Last model at epoch 52 saved to /root/autodl-tmp/em_eqf/experiments/reg_mixer_attnpl_ablation/runs/reg_ab_log_pretrain_seed_0/last_model_1.pth
2026-05-14 20:49:20,054 INFO src.train.trainer: Epoch 53
2026-05-14 20:49:22,891 INFO src.train.trainer: Last model at epoch 53 saved to /root/autodl-tmp/em_eqf/experiments/reg_mixer_attnpl_ablation/runs/reg_ab_log_pretrain_seed_0/last_model_1.pth
2026-05-14 20:49:22,891 INFO src.train.trainer: Epoch 54
2026-05-14 20:49:25,518 INFO src.train.trainer: Last model at epoch 54 saved to /root/autodl-tmp/em_eqf/experiments/reg_mixer_attnpl_ablation/runs/reg_ab_log_pretrain_seed_0/last_model_1.pth
2026-05-14 20:49:25,518 INFO src.train.trainer: Epoch 55
2026-05-14 20:49:28,303 INFO src.train.trainer: Last model at epoch 55 saved to /root/autodl-tmp/em_eqf/experiments/reg_mixer_attnpl_ablation/runs/reg_ab_log_pretrain_seed_0/last_model_1.pth
2026-05-14 20:49:28,303 INFO src.train.trainer: Epoch 56
2026-05-14 20:49:31,213 INFO src.train.trainer: Last model at epoch 56 saved to /root/autodl-tmp/em_eqf/experiments/reg_mixer_attnpl_ablation/runs/reg_ab_log_pretrain_seed_0/last_model_1.pth
2026-05-14 20:49:31,214 INFO src.train.trainer: Epoch 57
2026-05-14 20:49:33,983 INFO src.train.trainer: Last model at epoch 57 saved to /root/autodl-tmp/em_eqf/experiments/reg_mixer_attnpl_ablation/runs/reg_ab_log_pretrain_seed_0/last_model_1.pth
2026-05-14 20:49:33,983 INFO src.train.trainer: Epoch 58
2026-05-14 20:49:36,801 INFO src.train.trainer: Last model at epoch 58 saved to /root/autodl-tmp/em_eqf/experiments/reg_mixer_attnpl_ablation/runs/reg_ab_log_pretrain_seed_0/last_model_1.pth
2026-05-14 20:49:36,801 INFO src.train.trainer: Epoch 59
2026-05-14 20:49:39,401 INFO src.train.trainer: Last model at epoch 59 saved to /root/autodl-tmp/em_eqf/experiments/reg_mixer_attnpl_ablation/runs/reg_ab_log_pretrain_seed_0/last_model_1.pth
2026-05-14 20:49:39,401 INFO src.train.trainer: Epoch 60
2026-05-14 20:49:41,996 INFO src.train.trainer: Last model at epoch 60 saved to /root/autodl-tmp/em_eqf/experiments/reg_mixer_attnpl_ablation/runs/reg_ab_log_pretrain_seed_0/last_model_1.pth
2026-05-14 20:49:42,008 INFO src.train.trainer: Saved epoch 60 snapshot to /root/autodl-tmp/em_eqf/experiments/reg_mixer_attnpl_ablation/runs/reg_ab_log_pretrain_seed_0/epoch_60_model_1.pth
2026-05-14 20:49:42,008 INFO src.train.trainer: Epoch 61
2026-05-14 20:49:44,440 INFO src.train.trainer: Last model at epoch 61 saved to /root/autodl-tmp/em_eqf/experiments/reg_mixer_attnpl_ablation/runs/reg_ab_log_pretrain_seed_0/last_model_1.pth
2026-05-14 20:49:44,440 INFO src.train.trainer: Epoch 62
2026-05-14 20:49:47,143 INFO src.train.trainer: Last model at epoch 62 saved to /root/autodl-tmp/em_eqf/experiments/reg_mixer_attnpl_ablation/runs/reg_ab_log_pretrain_seed_0/last_model_1.pth
2026-05-14 20:49:47,144 INFO src.train.trainer: Epoch 63
2026-05-14 20:49:49,816 INFO src.train.trainer: Last model at epoch 63 saved to /root/autodl-tmp/em_eqf/experiments/reg_mixer_attnpl_ablation/runs/reg_ab_log_pretrain_seed_0/last_model_1.pth
2026-05-14 20:49:49,816 INFO src.train.trainer: Epoch 64
2026-05-14 20:49:52,462 INFO src.train.trainer: Last model at epoch 64 saved to /root/autodl-tmp/em_eqf/experiments/reg_mixer_attnpl_ablation/runs/reg_ab_log_pretrain_seed_0/last_model_1.pth
2026-05-14 20:49:52,463 INFO src.train.trainer: Epoch 65
2026-05-14 20:49:55,359 INFO src.train.trainer: Last model at epoch 65 saved to /root/autodl-tmp/em_eqf/experiments/reg_mixer_attnpl_ablation/runs/reg_ab_log_pretrain_seed_0/last_model_1.pth
2026-05-14 20:49:55,360 INFO src.train.trainer: Epoch 66
2026-05-14 20:49:57,963 INFO src.train.trainer: Last model at epoch 66 saved to /root/autodl-tmp/em_eqf/experiments/reg_mixer_attnpl_ablation/runs/reg_ab_log_pretrain_seed_0/last_model_1.pth
2026-05-14 20:49:57,963 INFO src.train.trainer: Epoch 67
2026-05-14 20:50:00,827 INFO src.train.trainer: Last model at epoch 67 saved to /root/autodl-tmp/em_eqf/experiments/reg_mixer_attnpl_ablation/runs/reg_ab_log_pretrain_seed_0/last_model_1.pth
2026-05-14 20:50:00,827 INFO src.train.trainer: Epoch 68
2026-05-14 20:50:03,774 INFO src.train.trainer: Last model at epoch 68 saved to /root/autodl-tmp/em_eqf/experiments/reg_mixer_attnpl_ablation/runs/reg_ab_log_pretrain_seed_0/last_model_1.pth
2026-05-14 20:50:03,775 INFO src.train.trainer: Epoch 69
2026-05-14 20:50:06,539 INFO src.train.trainer: Last model at epoch 69 saved to /root/autodl-tmp/em_eqf/experiments/reg_mixer_attnpl_ablation/runs/reg_ab_log_pretrain_seed_0/last_model_1.pth
2026-05-14 20:50:06,539 INFO src.train.trainer: Epoch 70
2026-05-14 20:50:09,318 INFO src.train.trainer: Last model at epoch 70 saved to /root/autodl-tmp/em_eqf/experiments/reg_mixer_attnpl_ablation/runs/reg_ab_log_pretrain_seed_0/last_model_1.pth
2026-05-14 20:50:09,318 INFO src.train.trainer: Epoch 71
2026-05-14 20:50:12,136 INFO src.train.trainer: Last model at epoch 71 saved to /root/autodl-tmp/em_eqf/experiments/reg_mixer_attnpl_ablation/runs/reg_ab_log_pretrain_seed_0/last_model_1.pth
2026-05-14 20:50:12,136 INFO src.train.trainer: Epoch 72
2026-05-14 20:50:15,124 INFO src.train.trainer: Last model at epoch 72 saved to /root/autodl-tmp/em_eqf/experiments/reg_mixer_attnpl_ablation/runs/reg_ab_log_pretrain_seed_0/last_model_1.pth
2026-05-14 20:50:15,124 INFO src.train.trainer: Epoch 73
2026-05-14 20:50:17,651 INFO src.train.trainer: Last model at epoch 73 saved to /root/autodl-tmp/em_eqf/experiments/reg_mixer_attnpl_ablation/runs/reg_ab_log_pretrain_seed_0/last_model_1.pth
2026-05-14 20:50:17,651 INFO src.train.trainer: Epoch 74
2026-05-14 20:50:20,524 INFO src.train.trainer: Last model at epoch 74 saved to /root/autodl-tmp/em_eqf/experiments/reg_mixer_attnpl_ablation/runs/reg_ab_log_pretrain_seed_0/last_model_1.pth
2026-05-14 20:50:20,525 INFO src.train.trainer: Epoch 75
2026-05-14 20:50:23,110 INFO src.train.trainer: Last model at epoch 75 saved to /root/autodl-tmp/em_eqf/experiments/reg_mixer_attnpl_ablation/runs/reg_ab_log_pretrain_seed_0/last_model_1.pth
2026-05-14 20:50:23,111 INFO src.train.trainer: Epoch 76
2026-05-14 20:50:25,828 INFO src.train.trainer: Last model at epoch 76 saved to /root/autodl-tmp/em_eqf/experiments/reg_mixer_attnpl_ablation/runs/reg_ab_log_pretrain_seed_0/last_model_1.pth
2026-05-14 20:50:25,828 INFO src.train.trainer: Epoch 77
2026-05-14 20:50:28,630 INFO src.train.trainer: Last model at epoch 77 saved to /root/autodl-tmp/em_eqf/experiments/reg_mixer_attnpl_ablation/runs/reg_ab_log_pretrain_seed_0/last_model_1.pth
2026-05-14 20:50:28,631 INFO src.train.trainer: Epoch 78
2026-05-14 20:50:31,475 INFO src.train.trainer: Last model at epoch 78 saved to /root/autodl-tmp/em_eqf/experiments/reg_mixer_attnpl_ablation/runs/reg_ab_log_pretrain_seed_0/last_model_1.pth
2026-05-14 20:50:31,475 INFO src.train.trainer: Epoch 79
2026-05-14 20:50:34,680 INFO src.train.trainer: Last model at epoch 79 saved to /root/autodl-tmp/em_eqf/experiments/reg_mixer_attnpl_ablation/runs/reg_ab_log_pretrain_seed_0/last_model_1.pth
2026-05-14 20:50:34,680 INFO src.train.trainer: Epoch 80
2026-05-14 20:50:37,363 INFO src.train.trainer: Last model at epoch 80 saved to /root/autodl-tmp/em_eqf/experiments/reg_mixer_attnpl_ablation/runs/reg_ab_log_pretrain_seed_0/last_model_1.pth
2026-05-14 20:50:37,398 INFO src.train.trainer: Saved epoch 80 snapshot to /root/autodl-tmp/em_eqf/experiments/reg_mixer_attnpl_ablation/runs/reg_ab_log_pretrain_seed_0/epoch_80_model_1.pth
2026-05-14 20:50:37,398 INFO src.train.trainer: Epoch 81
2026-05-14 20:50:40,328 INFO src.train.trainer: Last model at epoch 81 saved to /root/autodl-tmp/em_eqf/experiments/reg_mixer_attnpl_ablation/runs/reg_ab_log_pretrain_seed_0/last_model_1.pth
2026-05-14 20:50:40,329 INFO src.train.trainer: Epoch 82
2026-05-14 20:50:43,287 INFO src.train.trainer: Last model at epoch 82 saved to /root/autodl-tmp/em_eqf/experiments/reg_mixer_attnpl_ablation/runs/reg_ab_log_pretrain_seed_0/last_model_1.pth
2026-05-14 20:50:43,287 INFO src.train.trainer: Epoch 83
2026-05-14 20:50:46,204 INFO src.train.trainer: Last model at epoch 83 saved to /root/autodl-tmp/em_eqf/experiments/reg_mixer_attnpl_ablation/runs/reg_ab_log_pretrain_seed_0/last_model_1.pth
2026-05-14 20:50:46,204 INFO src.train.trainer: Epoch 84
2026-05-14 20:50:49,043 INFO src.train.trainer: Last model at epoch 84 saved to /root/autodl-tmp/em_eqf/experiments/reg_mixer_attnpl_ablation/runs/reg_ab_log_pretrain_seed_0/last_model_1.pth
2026-05-14 20:50:49,044 INFO src.train.trainer: Epoch 85
2026-05-14 20:50:51,743 INFO src.train.trainer: Last model at epoch 85 saved to /root/autodl-tmp/em_eqf/experiments/reg_mixer_attnpl_ablation/runs/reg_ab_log_pretrain_seed_0/last_model_1.pth
2026-05-14 20:50:51,743 INFO src.train.trainer: Epoch 86
2026-05-14 20:50:54,600 INFO src.train.trainer: Last model at epoch 86 saved to /root/autodl-tmp/em_eqf/experiments/reg_mixer_attnpl_ablation/runs/reg_ab_log_pretrain_seed_0/last_model_1.pth
2026-05-14 20:50:54,601 INFO src.train.trainer: Epoch 87
2026-05-14 20:50:57,244 INFO src.train.trainer: Last model at epoch 87 saved to /root/autodl-tmp/em_eqf/experiments/reg_mixer_attnpl_ablation/runs/reg_ab_log_pretrain_seed_0/last_model_1.pth
2026-05-14 20:50:57,244 INFO src.train.trainer: Epoch 88
2026-05-14 20:51:00,148 INFO src.train.trainer: Last model at epoch 88 saved to /root/autodl-tmp/em_eqf/experiments/reg_mixer_attnpl_ablation/runs/reg_ab_log_pretrain_seed_0/last_model_1.pth
2026-05-14 20:51:00,148 INFO src.train.trainer: Epoch 89
2026-05-14 20:51:02,821 INFO src.train.trainer: Last model at epoch 89 saved to /root/autodl-tmp/em_eqf/experiments/reg_mixer_attnpl_ablation/runs/reg_ab_log_pretrain_seed_0/last_model_1.pth
2026-05-14 20:51:02,821 INFO src.train.trainer: Epoch 90
2026-05-14 20:51:05,377 INFO src.train.trainer: Last model at epoch 90 saved to /root/autodl-tmp/em_eqf/experiments/reg_mixer_attnpl_ablation/runs/reg_ab_log_pretrain_seed_0/last_model_1.pth
2026-05-14 20:51:05,378 INFO src.train.trainer: Epoch 91
2026-05-14 20:51:08,398 INFO src.train.trainer: Last model at epoch 91 saved to /root/autodl-tmp/em_eqf/experiments/reg_mixer_attnpl_ablation/runs/reg_ab_log_pretrain_seed_0/last_model_1.pth
2026-05-14 20:51:08,398 INFO src.train.trainer: Epoch 92
2026-05-14 20:51:11,441 INFO src.train.trainer: Last model at epoch 92 saved to /root/autodl-tmp/em_eqf/experiments/reg_mixer_attnpl_ablation/runs/reg_ab_log_pretrain_seed_0/last_model_1.pth
2026-05-14 20:51:11,442 INFO src.train.trainer: Epoch 93
2026-05-14 20:51:14,434 INFO src.train.trainer: Last model at epoch 93 saved to /root/autodl-tmp/em_eqf/experiments/reg_mixer_attnpl_ablation/runs/reg_ab_log_pretrain_seed_0/last_model_1.pth
2026-05-14 20:51:14,435 INFO src.train.trainer: Epoch 94
2026-05-14 20:51:17,419 INFO src.train.trainer: Last model at epoch 94 saved to /root/autodl-tmp/em_eqf/experiments/reg_mixer_attnpl_ablation/runs/reg_ab_log_pretrain_seed_0/last_model_1.pth
2026-05-14 20:51:17,419 INFO src.train.trainer: Epoch 95
2026-05-14 20:51:20,110 INFO src.train.trainer: Last model at epoch 95 saved to /root/autodl-tmp/em_eqf/experiments/reg_mixer_attnpl_ablation/runs/reg_ab_log_pretrain_seed_0/last_model_1.pth
2026-05-14 20:51:20,111 INFO src.train.trainer: Epoch 96
2026-05-14 20:51:22,903 INFO src.train.trainer: Last model at epoch 96 saved to /root/autodl-tmp/em_eqf/experiments/reg_mixer_attnpl_ablation/runs/reg_ab_log_pretrain_seed_0/last_model_1.pth
2026-05-14 20:51:22,904 INFO src.train.trainer: Epoch 97
2026-05-14 20:51:25,676 INFO src.train.trainer: Last model at epoch 97 saved to /root/autodl-tmp/em_eqf/experiments/reg_mixer_attnpl_ablation/runs/reg_ab_log_pretrain_seed_0/last_model_1.pth
2026-05-14 20:51:25,676 INFO src.train.trainer: Epoch 98
2026-05-14 20:51:28,730 INFO src.train.trainer: Last model at epoch 98 saved to /root/autodl-tmp/em_eqf/experiments/reg_mixer_attnpl_ablation/runs/reg_ab_log_pretrain_seed_0/last_model_1.pth
2026-05-14 20:51:28,730 INFO src.train.trainer: Epoch 99
2026-05-14 20:51:31,581 INFO src.train.trainer: Last model at epoch 99 saved to /root/autodl-tmp/em_eqf/experiments/reg_mixer_attnpl_ablation/runs/reg_ab_log_pretrain_seed_0/last_model_1.pth
2026-05-14 20:51:31,581 INFO src.train.trainer: Epoch 100
2026-05-14 20:51:34,620 INFO src.train.trainer: Last model at epoch 100 saved to /root/autodl-tmp/em_eqf/experiments/reg_mixer_attnpl_ablation/runs/reg_ab_log_pretrain_seed_0/last_model_1.pth
2026-05-14 20:51:34,633 INFO src.train.trainer: Saved epoch 100 snapshot to /root/autodl-tmp/em_eqf/experiments/reg_mixer_attnpl_ablation/runs/reg_ab_log_pretrain_seed_0/epoch_100_model_1.pth
2026-05-14 20:51:34,634 INFO src.train.trainer: Epoch 101
2026-05-14 20:51:37,354 INFO src.train.trainer: Last model at epoch 101 saved to /root/autodl-tmp/em_eqf/experiments/reg_mixer_attnpl_ablation/runs/reg_ab_log_pretrain_seed_0/last_model_1.pth
2026-05-14 20:51:37,354 INFO src.train.trainer: Epoch 102
2026-05-14 20:51:40,048 INFO src.train.trainer: Last model at epoch 102 saved to /root/autodl-tmp/em_eqf/experiments/reg_mixer_attnpl_ablation/runs/reg_ab_log_pretrain_seed_0/last_model_1.pth
2026-05-14 20:51:40,048 INFO src.train.trainer: Epoch 103
2026-05-14 20:51:42,958 INFO src.train.trainer: Last model at epoch 103 saved to /root/autodl-tmp/em_eqf/experiments/reg_mixer_attnpl_ablation/runs/reg_ab_log_pretrain_seed_0/last_model_1.pth
2026-05-14 20:51:42,958 INFO src.train.trainer: Epoch 104
2026-05-14 20:51:45,802 INFO src.train.trainer: Last model at epoch 104 saved to /root/autodl-tmp/em_eqf/experiments/reg_mixer_attnpl_ablation/runs/reg_ab_log_pretrain_seed_0/last_model_1.pth
2026-05-14 20:51:45,802 INFO src.train.trainer: Epoch 105
2026-05-14 20:51:48,497 INFO src.train.trainer: Last model at epoch 105 saved to /root/autodl-tmp/em_eqf/experiments/reg_mixer_attnpl_ablation/runs/reg_ab_log_pretrain_seed_0/last_model_1.pth
2026-05-14 20:51:48,498 INFO src.train.trainer: Epoch 106
2026-05-14 20:51:51,289 INFO src.train.trainer: Last model at epoch 106 saved to /root/autodl-tmp/em_eqf/experiments/reg_mixer_attnpl_ablation/runs/reg_ab_log_pretrain_seed_0/last_model_1.pth
2026-05-14 20:51:51,290 INFO src.train.trainer: Epoch 107
2026-05-14 20:51:53,938 INFO src.train.trainer: Last model at epoch 107 saved to /root/autodl-tmp/em_eqf/experiments/reg_mixer_attnpl_ablation/runs/reg_ab_log_pretrain_seed_0/last_model_1.pth
2026-05-14 20:51:53,938 INFO src.train.trainer: Epoch 108
2026-05-14 20:51:56,607 INFO src.train.trainer: Last model at epoch 108 saved to /root/autodl-tmp/em_eqf/experiments/reg_mixer_attnpl_ablation/runs/reg_ab_log_pretrain_seed_0/last_model_1.pth
2026-05-14 20:51:56,608 INFO src.train.trainer: Epoch 109
2026-05-14 20:51:59,212 INFO src.train.trainer: Last model at epoch 109 saved to /root/autodl-tmp/em_eqf/experiments/reg_mixer_attnpl_ablation/runs/reg_ab_log_pretrain_seed_0/last_model_1.pth
2026-05-14 20:51:59,212 INFO src.train.trainer: Epoch 110
2026-05-14 20:52:02,122 INFO src.train.trainer: Last model at epoch 110 saved to /root/autodl-tmp/em_eqf/experiments/reg_mixer_attnpl_ablation/runs/reg_ab_log_pretrain_seed_0/last_model_1.pth
2026-05-14 20:52:02,122 INFO src.train.trainer: Epoch 111
2026-05-14 20:52:04,932 INFO src.train.trainer: Last model at epoch 111 saved to /root/autodl-tmp/em_eqf/experiments/reg_mixer_attnpl_ablation/runs/reg_ab_log_pretrain_seed_0/last_model_1.pth
2026-05-14 20:52:04,933 INFO src.train.trainer: Epoch 112
2026-05-14 20:52:07,787 INFO src.train.trainer: Last model at epoch 112 saved to /root/autodl-tmp/em_eqf/experiments/reg_mixer_attnpl_ablation/runs/reg_ab_log_pretrain_seed_0/last_model_1.pth
2026-05-14 20:52:07,787 INFO src.train.trainer: Epoch 113
2026-05-14 20:52:11,044 INFO src.train.trainer: Last model at epoch 113 saved to /root/autodl-tmp/em_eqf/experiments/reg_mixer_attnpl_ablation/runs/reg_ab_log_pretrain_seed_0/last_model_1.pth
2026-05-14 20:52:11,044 INFO src.train.trainer: Epoch 114
2026-05-14 20:52:13,818 INFO src.train.trainer: Last model at epoch 114 saved to /root/autodl-tmp/em_eqf/experiments/reg_mixer_attnpl_ablation/runs/reg_ab_log_pretrain_seed_0/last_model_1.pth
2026-05-14 20:52:13,819 INFO src.train.trainer: Epoch 115
2026-05-14 20:52:16,725 INFO src.train.trainer: Last model at epoch 115 saved to /root/autodl-tmp/em_eqf/experiments/reg_mixer_attnpl_ablation/runs/reg_ab_log_pretrain_seed_0/last_model_1.pth
2026-05-14 20:52:16,725 INFO src.train.trainer: Epoch 116
2026-05-14 20:52:19,698 INFO src.train.trainer: Last model at epoch 116 saved to /root/autodl-tmp/em_eqf/experiments/reg_mixer_attnpl_ablation/runs/reg_ab_log_pretrain_seed_0/last_model_1.pth
2026-05-14 20:52:19,699 INFO src.train.trainer: Epoch 117
2026-05-14 20:52:22,593 INFO src.train.trainer: Last model at epoch 117 saved to /root/autodl-tmp/em_eqf/experiments/reg_mixer_attnpl_ablation/runs/reg_ab_log_pretrain_seed_0/last_model_1.pth
2026-05-14 20:52:22,597 INFO src.train.trainer: Epoch 118
2026-05-14 20:52:25,656 INFO src.train.trainer: Last model at epoch 118 saved to /root/autodl-tmp/em_eqf/experiments/reg_mixer_attnpl_ablation/runs/reg_ab_log_pretrain_seed_0/last_model_1.pth
2026-05-14 20:52:25,656 INFO src.train.trainer: Epoch 119
2026-05-14 20:52:28,428 INFO src.train.trainer: Last model at epoch 119 saved to /root/autodl-tmp/em_eqf/experiments/reg_mixer_attnpl_ablation/runs/reg_ab_log_pretrain_seed_0/last_model_1.pth
2026-05-14 20:52:28,429 INFO src.train.trainer: Epoch 120
2026-05-14 20:52:31,376 INFO src.train.trainer: Last model at epoch 120 saved to /root/autodl-tmp/em_eqf/experiments/reg_mixer_attnpl_ablation/runs/reg_ab_log_pretrain_seed_0/last_model_1.pth
2026-05-14 20:52:31,392 INFO src.train.trainer: Saved epoch 120 snapshot to /root/autodl-tmp/em_eqf/experiments/reg_mixer_attnpl_ablation/runs/reg_ab_log_pretrain_seed_0/epoch_120_model_1.pth
2026-05-14 20:52:31,393 INFO src.train.trainer: Epoch 121
2026-05-14 20:52:34,310 INFO src.train.trainer: Last model at epoch 121 saved to /root/autodl-tmp/em_eqf/experiments/reg_mixer_attnpl_ablation/runs/reg_ab_log_pretrain_seed_0/last_model_1.pth
2026-05-14 20:52:34,310 INFO src.train.trainer: Epoch 122
2026-05-14 20:52:36,956 INFO src.train.trainer: Last model at epoch 122 saved to /root/autodl-tmp/em_eqf/experiments/reg_mixer_attnpl_ablation/runs/reg_ab_log_pretrain_seed_0/last_model_1.pth
2026-05-14 20:52:36,956 INFO src.train.trainer: Epoch 123
2026-05-14 20:52:39,946 INFO src.train.trainer: Last model at epoch 123 saved to /root/autodl-tmp/em_eqf/experiments/reg_mixer_attnpl_ablation/runs/reg_ab_log_pretrain_seed_0/last_model_1.pth
2026-05-14 20:52:39,946 INFO src.train.trainer: Epoch 124
2026-05-14 20:52:43,069 INFO src.train.trainer: Last model at epoch 124 saved to /root/autodl-tmp/em_eqf/experiments/reg_mixer_attnpl_ablation/runs/reg_ab_log_pretrain_seed_0/last_model_1.pth
2026-05-14 20:52:43,069 INFO src.train.trainer: Epoch 125
2026-05-14 20:52:45,886 INFO src.train.trainer: Last model at epoch 125 saved to /root/autodl-tmp/em_eqf/experiments/reg_mixer_attnpl_ablation/runs/reg_ab_log_pretrain_seed_0/last_model_1.pth
2026-05-14 20:52:45,887 INFO src.train.trainer: Epoch 126
2026-05-14 20:52:48,733 INFO src.train.trainer: Last model at epoch 126 saved to /root/autodl-tmp/em_eqf/experiments/reg_mixer_attnpl_ablation/runs/reg_ab_log_pretrain_seed_0/last_model_1.pth
2026-05-14 20:52:48,733 INFO src.train.trainer: Epoch 127
2026-05-14 20:52:51,489 INFO src.train.trainer: Last model at epoch 127 saved to /root/autodl-tmp/em_eqf/experiments/reg_mixer_attnpl_ablation/runs/reg_ab_log_pretrain_seed_0/last_model_1.pth
2026-05-14 20:52:51,490 INFO src.train.trainer: Epoch 128
2026-05-14 20:52:54,525 INFO src.train.trainer: Last model at epoch 128 saved to /root/autodl-tmp/em_eqf/experiments/reg_mixer_attnpl_ablation/runs/reg_ab_log_pretrain_seed_0/last_model_1.pth
2026-05-14 20:52:54,525 INFO src.train.trainer: Epoch 129
2026-05-14 20:52:57,466 INFO src.train.trainer: Last model at epoch 129 saved to /root/autodl-tmp/em_eqf/experiments/reg_mixer_attnpl_ablation/runs/reg_ab_log_pretrain_seed_0/last_model_1.pth
2026-05-14 20:52:57,466 INFO src.train.trainer: Epoch 130
2026-05-14 20:53:00,338 INFO src.train.trainer: Last model at epoch 130 saved to /root/autodl-tmp/em_eqf/experiments/reg_mixer_attnpl_ablation/runs/reg_ab_log_pretrain_seed_0/last_model_1.pth
2026-05-14 20:53:00,338 INFO src.train.trainer: Epoch 131
2026-05-14 20:53:03,078 INFO src.train.trainer: Last model at epoch 131 saved to /root/autodl-tmp/em_eqf/experiments/reg_mixer_attnpl_ablation/runs/reg_ab_log_pretrain_seed_0/last_model_1.pth
2026-05-14 20:53:03,078 INFO src.train.trainer: Epoch 132
2026-05-14 20:53:05,767 INFO src.train.trainer: Last model at epoch 132 saved to /root/autodl-tmp/em_eqf/experiments/reg_mixer_attnpl_ablation/runs/reg_ab_log_pretrain_seed_0/last_model_1.pth
2026-05-14 20:53:05,767 INFO src.train.trainer: Epoch 133
2026-05-14 20:53:08,406 INFO src.train.trainer: Last model at epoch 133 saved to /root/autodl-tmp/em_eqf/experiments/reg_mixer_attnpl_ablation/runs/reg_ab_log_pretrain_seed_0/last_model_1.pth
2026-05-14 20:53:08,406 INFO src.train.trainer: Epoch 134
2026-05-14 20:53:11,226 INFO src.train.trainer: Last model at epoch 134 saved to /root/autodl-tmp/em_eqf/experiments/reg_mixer_attnpl_ablation/runs/reg_ab_log_pretrain_seed_0/last_model_1.pth
2026-05-14 20:53:11,226 INFO src.train.trainer: Epoch 135
2026-05-14 20:53:14,120 INFO src.train.trainer: Last model at epoch 135 saved to /root/autodl-tmp/em_eqf/experiments/reg_mixer_attnpl_ablation/runs/reg_ab_log_pretrain_seed_0/last_model_1.pth
2026-05-14 20:53:14,120 INFO src.train.trainer: Epoch 136
2026-05-14 20:53:17,051 INFO src.train.trainer: Last model at epoch 136 saved to /root/autodl-tmp/em_eqf/experiments/reg_mixer_attnpl_ablation/runs/reg_ab_log_pretrain_seed_0/last_model_1.pth
2026-05-14 20:53:17,051 INFO src.train.trainer: Epoch 137
2026-05-14 20:53:19,499 INFO src.train.trainer: Last model at epoch 137 saved to /root/autodl-tmp/em_eqf/experiments/reg_mixer_attnpl_ablation/runs/reg_ab_log_pretrain_seed_0/last_model_1.pth
2026-05-14 20:53:19,499 INFO src.train.trainer: Epoch 138
2026-05-14 20:53:22,003 INFO src.train.trainer: Last model at epoch 138 saved to /root/autodl-tmp/em_eqf/experiments/reg_mixer_attnpl_ablation/runs/reg_ab_log_pretrain_seed_0/last_model_1.pth
2026-05-14 20:53:22,003 INFO src.train.trainer: Epoch 139
2026-05-14 20:53:24,747 INFO src.train.trainer: Last model at epoch 139 saved to /root/autodl-tmp/em_eqf/experiments/reg_mixer_attnpl_ablation/runs/reg_ab_log_pretrain_seed_0/last_model_1.pth
2026-05-14 20:53:24,747 INFO src.train.trainer: Epoch 140
2026-05-14 20:53:27,350 INFO src.train.trainer: Last model at epoch 140 saved to /root/autodl-tmp/em_eqf/experiments/reg_mixer_attnpl_ablation/runs/reg_ab_log_pretrain_seed_0/last_model_1.pth
2026-05-14 20:53:27,357 INFO src.train.trainer: Saved epoch 140 snapshot to /root/autodl-tmp/em_eqf/experiments/reg_mixer_attnpl_ablation/runs/reg_ab_log_pretrain_seed_0/epoch_140_model_1.pth
2026-05-14 20:53:27,357 INFO src.train.trainer: Epoch 141
2026-05-14 20:53:30,142 INFO src.train.trainer: Last model at epoch 141 saved to /root/autodl-tmp/em_eqf/experiments/reg_mixer_attnpl_ablation/runs/reg_ab_log_pretrain_seed_0/last_model_1.pth
2026-05-14 20:53:30,142 INFO src.train.trainer: Epoch 142
2026-05-14 20:53:32,899 INFO src.train.trainer: Last model at epoch 142 saved to /root/autodl-tmp/em_eqf/experiments/reg_mixer_attnpl_ablation/runs/reg_ab_log_pretrain_seed_0/last_model_1.pth
2026-05-14 20:53:32,899 INFO src.train.trainer: Epoch 143
2026-05-14 20:53:35,427 INFO src.train.trainer: Last model at epoch 143 saved to /root/autodl-tmp/em_eqf/experiments/reg_mixer_attnpl_ablation/runs/reg_ab_log_pretrain_seed_0/last_model_1.pth
2026-05-14 20:53:35,427 INFO src.train.trainer: Epoch 144
2026-05-14 20:53:38,211 INFO src.train.trainer: Last model at epoch 144 saved to /root/autodl-tmp/em_eqf/experiments/reg_mixer_attnpl_ablation/runs/reg_ab_log_pretrain_seed_0/last_model_1.pth
2026-05-14 20:53:38,211 INFO src.train.trainer: Epoch 145
2026-05-14 20:53:40,914 INFO src.train.trainer: Last model at epoch 145 saved to /root/autodl-tmp/em_eqf/experiments/reg_mixer_attnpl_ablation/runs/reg_ab_log_pretrain_seed_0/last_model_1.pth
2026-05-14 20:53:40,915 INFO src.train.trainer: Epoch 146
2026-05-14 20:53:43,737 INFO src.train.trainer: Last model at epoch 146 saved to /root/autodl-tmp/em_eqf/experiments/reg_mixer_attnpl_ablation/runs/reg_ab_log_pretrain_seed_0/last_model_1.pth
2026-05-14 20:53:43,737 INFO src.train.trainer: Epoch 147
2026-05-14 20:53:46,447 INFO src.train.trainer: Last model at epoch 147 saved to /root/autodl-tmp/em_eqf/experiments/reg_mixer_attnpl_ablation/runs/reg_ab_log_pretrain_seed_0/last_model_1.pth
2026-05-14 20:53:46,447 INFO src.train.trainer: Epoch 148
2026-05-14 20:53:49,335 INFO src.train.trainer: Last model at epoch 148 saved to /root/autodl-tmp/em_eqf/experiments/reg_mixer_attnpl_ablation/runs/reg_ab_log_pretrain_seed_0/last_model_1.pth
2026-05-14 20:53:49,335 INFO src.train.trainer: Epoch 149
2026-05-14 20:53:52,061 INFO src.train.trainer: Last model at epoch 149 saved to /root/autodl-tmp/em_eqf/experiments/reg_mixer_attnpl_ablation/runs/reg_ab_log_pretrain_seed_0/last_model_1.pth
2026-05-14 20:53:52,062 INFO src.train.trainer: Epoch 150
2026-05-14 20:53:54,847 INFO src.train.trainer: Last model at epoch 150 saved to /root/autodl-tmp/em_eqf/experiments/reg_mixer_attnpl_ablation/runs/reg_ab_log_pretrain_seed_0/last_model_1.pth
2026-05-14 20:54:05,983 INFO src.data.preprocessing: CSV files found: ['chuandian_2021.csv']
2026-05-14 20:54:07,013 INFO src.utils.file_utils: Loading cached data from: data/ChuanDian/regressor/regressor_Mc_3_Mf_3_Tfore_180_Twindow_360_context_len_1_dt_10.pkl
2026-05-14 20:54:09,576 INFO src.data.preprocessing: Catalog statistics: {'tau_unfiltered': 0.15339908988298961, 'tau_q025': 0.08114294020924717, 'tau_q05': 0.5134664350189269, 'tau_mean': 1.3070542199341526, 'tau_max': 25.18216435192153, 'tau_min': 0.0, 'time_max': 18770.72654999979, 'time_mean': 10030.9430649837, 'mag_completeness': 3.0, 'mag_mean': 3.456916005014626, 'mag_max': 8.0, 'mag_min': 3.0, 'b_value': 0.856738547623331, 'b_std': 0.0071499224812533796, 'b_n': 14358}
2026-05-14 20:54:09,627 INFO src.data.event_loader: lengths of samples: min=96, max=1340, avg=265.71
2026-05-14 20:54:10,517 INFO src.models.adapters.mixer_task: using time scale base 1.3070542199341526 (key: tau_mean)
2026-05-14 20:54:10,517 INFO src.models.adapters.mixer_task: tau mean: tensor(1.3071)
2026-05-14 20:54:10,523 INFO src.train.config_setup: Restoring model from checkpoint.
2026-05-14 20:54:10,524 INFO src.train.config_setup: Loading model weights: load_specific_parts=None
2026-05-14 20:54:10,525 INFO src.train.config_setup: Checkpoint loaded: <All keys matched successfully>
2026-05-14 20:54:10,526 INFO src.train.config_setup: Full load summary: loaded=68, missing=0, unexpected=0
2026-05-14 20:54:10,527 INFO src.train.config_setup: Checkpoint hyperparameters loaded.
2026-05-14 20:54:10,527 INFO src.train.config_setup: Checkpoint train metrics available.
2026-05-14 20:54:10,527 INFO src.train.config_setup: Checkpoint val metrics available.
2026-05-14 20:54:10,527 INFO src.train.config_setup: Freeze skipped (checkpoint_restore): freeze_parts is empty.
2026-05-14 20:54:10,527 INFO src.train.config_setup: Using regression criterion: smooth_l1
2026-05-14 20:54:10,527 INFO src.train.config_setup: Criterion config: {'beta': 0.3}
2026-05-14 20:54:10,527 INFO src.train.config_setup: encoder_param_keywords: ['encoder']
2026-05-14 20:54:10,528 INFO src.train.config_setup: encoder_lr grouping summary: lr=0.00024, matched=44
2026-05-14 20:54:10,528 INFO src.train.config_setup: Encoder LR coverage [encoder]: target=44, hit=44, missing=0, complete=True
2026-05-14 20:54:10,528 INFO src.train.config_setup: encoder_lr matched preview: ['base_model.encoder.input_proj.0.weight', 'base_model.encoder.input_proj.0.bias', 'base_model.encoder.input_proj.3.weight', 'base_model.encoder.input_proj.3.bias', 'base_model.encoder.layers.0.norm.weight', 'base_model.encoder.layers.0.norm.bias', 'base_model.encoder.layers.0.mixer.dt_bias', 'base_model.encoder.layers.0.mixer.A_log', 'base_model.encoder.layers.0.mixer.D', 'base_model.encoder.layers.0.mixer.in_proj.weight'] ... (+34 more)
2026-05-14 20:54:10,528 INFO src.train.config_setup: Not resuming optimizer/scheduler state; reset training state to start_epoch=0, best_val_loss=inf.
2026-05-14 20:54:16,657 INFO src.cli.workflows: Test loss: 0.028056439012289047
2026-05-14 20:54:19,619 INFO src.cli.common: Saved test metrics to /root/autodl-tmp/em_eqf/experiments/reg_mixer_attnpl_ablation/runs/reg_ab_log_pretrain_seed_0/metrics_test_best_1.json
2026-05-14 20:54:19,619 INFO src.cli.common: Metrics: {'RMSE': 0.7740541678300862, 'MAE': 0.6801891361103684, 'MSE': 0.5991598547351272, 'MAPE': 14.380458069539673, 'R2': -0.79048963793263, 'PearsonR': 0.03839043024397542, 'PearsonR_diff': 0.01767449949439453, 'DA': 0.04945054945054945, 'SpearmanR': 0.09301812433660656, 'SpearmanR_diff': 0.03477173804229602, 'DTW': 89.33679816126823, 'DTW_normalized': 0.488179224924963}
2026-05-14 20:54:30,927 INFO src.data.preprocessing: CSV files found: ['chuandian_2021.csv']
2026-05-14 20:54:31,904 INFO src.utils.file_utils: Loading cached data from: data/ChuanDian/regressor/regressor_Mc_3_Mf_3_Tfore_180_Twindow_360_context_len_1_dt_10.pkl
2026-05-14 20:54:34,480 INFO src.data.preprocessing: Catalog statistics: {'tau_unfiltered': 0.15339908988298961, 'tau_q025': 0.08114294020924717, 'tau_q05': 0.5134664350189269, 'tau_mean': 1.3070542199341526, 'tau_max': 25.18216435192153, 'tau_min': 0.0, 'time_max': 18770.72654999979, 'time_mean': 10030.9430649837, 'mag_completeness': 3.0, 'mag_mean': 3.456916005014626, 'mag_max': 8.0, 'mag_min': 3.0, 'b_value': 0.856738547623331, 'b_std': 0.0071499224812533796, 'b_n': 14358}
2026-05-14 20:54:34,573 INFO src.data.event_loader: lengths of samples: min=96, max=1340, avg=265.71
2026-05-14 20:54:35,542 INFO src.models.adapters.mixer_task: using time scale base 1.3070542199341526 (key: tau_mean)
2026-05-14 20:54:35,543 INFO src.models.adapters.mixer_task: tau mean: tensor(1.3071)
2026-05-14 20:54:35,549 INFO src.train.config_setup: Restoring model from checkpoint.
2026-05-14 20:54:35,550 INFO src.train.config_setup: Loading model weights: load_specific_parts=None
2026-05-14 20:54:35,552 INFO src.train.config_setup: Checkpoint loaded: <All keys matched successfully>
2026-05-14 20:54:35,552 INFO src.train.config_setup: Full load summary: loaded=68, missing=0, unexpected=0
2026-05-14 20:54:35,553 INFO src.train.config_setup: Checkpoint hyperparameters loaded.
2026-05-14 20:54:35,553 INFO src.train.config_setup: Checkpoint train metrics available.
2026-05-14 20:54:35,553 INFO src.train.config_setup: Checkpoint val metrics available.
2026-05-14 20:54:35,553 INFO src.train.config_setup: Freeze skipped (checkpoint_restore): freeze_parts is empty.
2026-05-14 20:54:35,554 INFO src.train.config_setup: Using regression criterion: smooth_l1
2026-05-14 20:54:35,554 INFO src.train.config_setup: Criterion config: {'beta': 0.3}
2026-05-14 20:54:35,554 INFO src.train.config_setup: encoder_param_keywords: ['encoder']
2026-05-14 20:54:35,554 INFO src.train.config_setup: encoder_lr grouping summary: lr=0.00024, matched=44
2026-05-14 20:54:35,554 INFO src.train.config_setup: Encoder LR coverage [encoder]: target=44, hit=44, missing=0, complete=True
2026-05-14 20:54:35,554 INFO src.train.config_setup: encoder_lr matched preview: ['base_model.encoder.input_proj.0.weight', 'base_model.encoder.input_proj.0.bias', 'base_model.encoder.input_proj.3.weight', 'base_model.encoder.input_proj.3.bias', 'base_model.encoder.layers.0.norm.weight', 'base_model.encoder.layers.0.norm.bias', 'base_model.encoder.layers.0.mixer.dt_bias', 'base_model.encoder.layers.0.mixer.A_log', 'base_model.encoder.layers.0.mixer.D', 'base_model.encoder.layers.0.mixer.in_proj.weight'] ... (+34 more)
2026-05-14 20:54:35,555 INFO src.train.config_setup: Not resuming optimizer/scheduler state; reset training state to start_epoch=0, best_val_loss=inf.
2026-05-14 20:54:41,844 INFO src.cli.workflows: Test loss: 0.027150355279445648
2026-05-14 20:54:44,796 INFO src.cli.common: Saved test metrics to /root/autodl-tmp/em_eqf/experiments/reg_mixer_attnpl_ablation/runs/reg_ab_log_pretrain_seed_0/metrics_test_last_1.json
2026-05-14 20:54:44,796 INFO src.cli.common: Metrics: {'RMSE': 0.7659061083488127, 'MAE': 0.6705814424108286, 'MSE': 0.5866121668060232, 'MAPE': 14.028362243709328, 'R2': -0.7529929581408823, 'PearsonR': -0.047229805451269466, 'PearsonR_diff': 0.24462003347755998, 'DA': 0.06593406593406594, 'SpearmanR': -0.025008060124980674, 'SpearmanR_diff': 0.11353010915493655, 'DTW': 55.18556982278824, 'DTW_normalized': 0.30156049083490843}
