2026-05-21 18:44:07,079 INFO src.data.preprocessing: CSV files found: ['chuandian_2021.csv']
2026-05-21 18:44:07,637 INFO src.utils.file_utils: Loading cached data from: data/ChuanDian/classifier/classifier_Mc_3_Mf_4.0_Tfore_10_Twindow_180_context_len_1_dt_10.pkl
2026-05-21 18:44:07,885 INFO src.data.preprocessing: Catalog statistics: {'tau_unfiltered': 0.15339908988298961, 'tau_q025': 0.08114294020924717, 'tau_q05': 0.5134664350189269, 'tau_mean': 1.3070542199341526, 'tau_max': 25.18216435192153, 'tau_min': 0.0, 'time_max': 18770.72654999979, 'time_mean': 10030.9430649837, 'mag_completeness': 3.0, 'mag_mean': 3.456916005014626, 'mag_max': 8.0, 'mag_min': 3.0, 'b_value': 0.856738547623331, 'b_std': 0.0071499224812533796, 'b_n': 14358}
2026-05-21 18:44:07,900 INFO src.data.event_loader: lengths of samples: min=32, max=981, avg=135.51
2026-05-21 18:44:07,900 INFO src.data.event_loader: Number of positive samples: 780
2026-05-21 18:44:07,901 INFO src.data.event_loader: Number of negative samples: 683
2026-05-21 18:44:07,928 INFO src.data.event_loader: Positive samples: 594, Negative samples: 576
2026-05-21 18:44:07,928 INFO src.data.event_loader: Total samples: 1170, Positive ratio: 0.51, Negative ratio: 0.49
2026-05-21 18:44:07,928 INFO src.data.event_loader: Positive samples: 107, Negative samples: 39
2026-05-21 18:44:07,928 INFO src.data.event_loader: Total samples: 146, Positive ratio: 0.73, Negative ratio: 0.27
2026-05-21 18:44:07,928 INFO src.data.event_loader: Positive samples: 79, Negative samples: 68
2026-05-21 18:44:07,928 INFO src.data.event_loader: Total samples: 147, Positive ratio: 0.54, Negative ratio: 0.46
2026-05-21 18:44:07,966 INFO src.cli.workflows: Loading checkpoint from: ./checkpoints/mixer_tpp_20260514-211059/last_model_1.pth
2026-05-21 18:44:08,451 INFO src.models.adapters.mixer_task: using time scale base 1.3070542199341526 (key: tau_mean)
2026-05-21 18:44:08,451 INFO src.models.adapters.mixer_task: tau mean: tensor(1.3071)
2026-05-21 18:44:08,456 INFO src.train.config_setup: Restoring model from checkpoint.
2026-05-21 18:44:08,457 INFO src.train.config_setup: Loading model weights: load_specific_parts=['encoder']
2026-05-21 18:44:08,458 INFO src.train.config_setup: Selective load summary: requested_parts=['encoder'], target_in_model=40, matched_in_checkpoint=30, loaded=30, missing_after_load=10, shape_mismatch=0, missing_in_model=0, out_of_scope_loaded=0
2026-05-21 18:44:08,458 INFO src.train.config_setup: Selective load coverage [encoder]: target=40, hit=30, missing=10, complete=False
2026-05-21 18:44:08,458 WARNING src.train.config_setup: Selective load coverage missing preview [encoder]: ['base_model.encoder.layers.2.mixer.in_proj.bias', 'base_model.encoder.layers.2.mixer.in_proj.weight', 'base_model.encoder.layers.2.mixer.out_proj.bias', 'base_model.encoder.layers.2.mixer.out_proj.weight', 'base_model.encoder.layers.2.mlp.fc1.weight', 'base_model.encoder.layers.2.mlp.fc2.weight', 'base_model.encoder.layers.2.norm.bias', 'base_model.encoder.layers.2.norm.weight'] ... (+2 more)
2026-05-21 18:44:08,458 WARNING src.train.config_setup: Checkpoint missing target parameter preview: ['base_model.encoder.layers.2.mixer.in_proj.bias', 'base_model.encoder.layers.2.mixer.in_proj.weight', 'base_model.encoder.layers.2.mixer.out_proj.bias', 'base_model.encoder.layers.2.mixer.out_proj.weight', 'base_model.encoder.layers.2.mlp.fc1.weight', 'base_model.encoder.layers.2.mlp.fc2.weight', 'base_model.encoder.layers.2.norm.bias', 'base_model.encoder.layers.2.norm.weight', 'base_model.encoder.layers.2.norm2.bias', 'base_model.encoder.layers.2.norm2.weight']
2026-05-21 18:44:08,458 WARNING src.train.config_setup: Target not-loaded parameter preview: ['base_model.encoder.layers.2.mixer.in_proj.bias', 'base_model.encoder.layers.2.mixer.in_proj.weight', 'base_model.encoder.layers.2.mixer.out_proj.bias', 'base_model.encoder.layers.2.mixer.out_proj.weight', 'base_model.encoder.layers.2.mlp.fc1.weight', 'base_model.encoder.layers.2.mlp.fc2.weight', 'base_model.encoder.layers.2.norm.bias', 'base_model.encoder.layers.2.norm.weight', 'base_model.encoder.layers.2.norm2.bias', 'base_model.encoder.layers.2.norm2.weight']
2026-05-21 18:44:08,458 INFO src.train.config_setup: Loaded parameter preview: ['base_model.encoder.layers.1.mixer.in_proj.weight', 'base_model.encoder.input_proj.3.weight', 'base_model.encoder.layers.1.mlp.fc1.weight', 'base_model.encoder.layers.0.mlp.fc2.weight', 'base_model.encoder.layers.1.mixer.out_proj.weight', 'base_model.encoder.layers.1.mixer.D', 'base_model.encoder.norm_f.weight', 'base_model.encoder.layers.1.norm.weight', 'base_model.encoder.layers.0.mixer.D', 'base_model.encoder.layers.1.norm.bias'] ... (+20 more)
2026-05-21 18:44:08,459 INFO src.train.config_setup: Checkpoint hyperparameters loaded.
2026-05-21 18:44:08,459 INFO src.train.config_setup: Checkpoint train metrics available.
2026-05-21 18:44:08,459 INFO src.train.config_setup: Checkpoint val metrics available.
2026-05-21 18:44:08,459 INFO src.train.config_setup: Freeze skipped (checkpoint_restore): freeze_parts is empty.
2026-05-21 18:44:08,459 INFO src.train.config_setup: Using classification criterion: focal
2026-05-21 18:44:08,459 INFO src.train.config_setup: Criterion config: {'alpha': 0.5, 'gamma': 2.0}
2026-05-21 18:44:08,460 INFO src.train.config_setup: Not resuming optimizer/scheduler state; reset training state to start_epoch=0, best_val_loss=inf.
2026-05-21 18:44:08,461 INFO src.train.trainer: Epoch 1
2026-05-21 18:44:27,531 INFO src.train.trainer: New best validation loss: 0.0740, saved to /root/autodl-tmp/em_eqf/experiments/clf_pre_v2/clf_pre_SCEDC_v2/runs/tf_10_mf_4p0_seed_0/best_model_1.pth
2026-05-21 18:44:27,536 INFO src.train.trainer: Last model at epoch 1 saved to /root/autodl-tmp/em_eqf/experiments/clf_pre_v2/clf_pre_SCEDC_v2/runs/tf_10_mf_4p0_seed_0/last_model_1.pth
2026-05-21 18:44:27,536 INFO src.train.trainer: Epoch 2
2026-05-21 18:44:30,892 INFO src.train.trainer: Last model at epoch 2 saved to /root/autodl-tmp/em_eqf/experiments/clf_pre_v2/clf_pre_SCEDC_v2/runs/tf_10_mf_4p0_seed_0/last_model_1.pth
2026-05-21 18:44:30,892 INFO src.train.trainer: Epoch 3
2026-05-21 18:44:34,157 INFO src.train.trainer: Last model at epoch 3 saved to /root/autodl-tmp/em_eqf/experiments/clf_pre_v2/clf_pre_SCEDC_v2/runs/tf_10_mf_4p0_seed_0/last_model_1.pth
2026-05-21 18:44:34,157 INFO src.train.trainer: Epoch 4
2026-05-21 18:44:36,837 INFO src.train.trainer: Last model at epoch 4 saved to /root/autodl-tmp/em_eqf/experiments/clf_pre_v2/clf_pre_SCEDC_v2/runs/tf_10_mf_4p0_seed_0/last_model_1.pth
2026-05-21 18:44:36,838 INFO src.train.trainer: Epoch 5
2026-05-21 18:44:39,569 INFO src.train.trainer: Last model at epoch 5 saved to /root/autodl-tmp/em_eqf/experiments/clf_pre_v2/clf_pre_SCEDC_v2/runs/tf_10_mf_4p0_seed_0/last_model_1.pth
2026-05-21 18:44:39,569 INFO src.train.trainer: Epoch 6
2026-05-21 18:44:42,827 INFO src.train.trainer: Last model at epoch 6 saved to /root/autodl-tmp/em_eqf/experiments/clf_pre_v2/clf_pre_SCEDC_v2/runs/tf_10_mf_4p0_seed_0/last_model_1.pth
2026-05-21 18:44:42,827 INFO src.train.trainer: Epoch 7
2026-05-21 18:44:46,203 INFO src.train.trainer: Last model at epoch 7 saved to /root/autodl-tmp/em_eqf/experiments/clf_pre_v2/clf_pre_SCEDC_v2/runs/tf_10_mf_4p0_seed_0/last_model_1.pth
2026-05-21 18:44:46,203 INFO src.train.trainer: Epoch 8
2026-05-21 18:44:49,518 INFO src.train.trainer: Last model at epoch 8 saved to /root/autodl-tmp/em_eqf/experiments/clf_pre_v2/clf_pre_SCEDC_v2/runs/tf_10_mf_4p0_seed_0/last_model_1.pth
2026-05-21 18:44:49,518 INFO src.train.trainer: Epoch 9
2026-05-21 18:44:52,835 INFO src.train.trainer: Last model at epoch 9 saved to /root/autodl-tmp/em_eqf/experiments/clf_pre_v2/clf_pre_SCEDC_v2/runs/tf_10_mf_4p0_seed_0/last_model_1.pth
2026-05-21 18:44:52,835 INFO src.train.trainer: Epoch 10
2026-05-21 18:44:56,159 INFO src.train.trainer: Last model at epoch 10 saved to /root/autodl-tmp/em_eqf/experiments/clf_pre_v2/clf_pre_SCEDC_v2/runs/tf_10_mf_4p0_seed_0/last_model_1.pth
2026-05-21 18:44:56,159 INFO src.train.trainer: Epoch 11
2026-05-21 18:44:59,085 INFO src.train.trainer: Last model at epoch 11 saved to /root/autodl-tmp/em_eqf/experiments/clf_pre_v2/clf_pre_SCEDC_v2/runs/tf_10_mf_4p0_seed_0/last_model_1.pth
2026-05-21 18:44:59,086 INFO src.train.trainer: Early stopping triggered at epoch 11 (best epoch: 1, best val loss: 0.074018)
2026-05-21 18:45:08,558 INFO src.data.preprocessing: CSV files found: ['chuandian_2021.csv']
2026-05-21 18:45:09,341 INFO src.utils.file_utils: Loading cached data from: data/ChuanDian/classifier/classifier_Mc_3_Mf_4.0_Tfore_10_Twindow_180_context_len_1_dt_10.pkl
2026-05-21 18:45:09,712 INFO src.data.preprocessing: Catalog statistics: {'tau_unfiltered': 0.15339908988298961, 'tau_q025': 0.08114294020924717, 'tau_q05': 0.5134664350189269, 'tau_mean': 1.3070542199341526, 'tau_max': 25.18216435192153, 'tau_min': 0.0, 'time_max': 18770.72654999979, 'time_mean': 10030.9430649837, 'mag_completeness': 3.0, 'mag_mean': 3.456916005014626, 'mag_max': 8.0, 'mag_min': 3.0, 'b_value': 0.856738547623331, 'b_std': 0.0071499224812533796, 'b_n': 14358}
2026-05-21 18:45:09,729 INFO src.data.event_loader: lengths of samples: min=32, max=981, avg=135.51
2026-05-21 18:45:09,729 INFO src.data.event_loader: Number of positive samples: 780
2026-05-21 18:45:09,729 INFO src.data.event_loader: Number of negative samples: 683
2026-05-21 18:45:09,730 INFO src.data.event_loader: Positive samples: 594, Negative samples: 576
2026-05-21 18:45:09,730 INFO src.data.event_loader: Total samples: 1170, Positive ratio: 0.51, Negative ratio: 0.49
2026-05-21 18:45:09,731 INFO src.data.event_loader: Positive samples: 107, Negative samples: 39
2026-05-21 18:45:09,731 INFO src.data.event_loader: Total samples: 146, Positive ratio: 0.73, Negative ratio: 0.27
2026-05-21 18:45:09,731 INFO src.data.event_loader: Positive samples: 79, Negative samples: 68
2026-05-21 18:45:09,731 INFO src.data.event_loader: Total samples: 147, Positive ratio: 0.54, Negative ratio: 0.46
2026-05-21 18:45:10,106 INFO src.models.adapters.mixer_task: using time scale base 1.3070542199341526 (key: tau_mean)
2026-05-21 18:45:10,106 INFO src.models.adapters.mixer_task: tau mean: tensor(1.3071)
2026-05-21 18:45:10,156 INFO src.train.config_setup: Restoring model from checkpoint.
2026-05-21 18:45:10,157 INFO src.train.config_setup: Loading model weights: load_specific_parts=None
2026-05-21 18:45:10,158 INFO src.train.config_setup: Checkpoint loaded: <All keys matched successfully>
2026-05-21 18:45:10,159 INFO src.train.config_setup: Full load summary: loaded=56, missing=0, unexpected=0
2026-05-21 18:45:10,160 INFO src.train.config_setup: Checkpoint hyperparameters loaded.
2026-05-21 18:45:10,160 INFO src.train.config_setup: Checkpoint train metrics available.
2026-05-21 18:45:10,160 INFO src.train.config_setup: Checkpoint val metrics available.
2026-05-21 18:45:10,160 INFO src.train.config_setup: Freeze skipped (checkpoint_restore): freeze_parts is empty.
2026-05-21 18:45:10,160 INFO src.train.config_setup: Using classification criterion: focal
2026-05-21 18:45:10,160 INFO src.train.config_setup: Criterion config: {'alpha': 0.5, 'gamma': 2.0}
2026-05-21 18:45:10,161 INFO src.train.config_setup: Not resuming optimizer/scheduler state; reset training state to start_epoch=0, best_val_loss=inf.
2026-05-21 18:45:10,161 INFO src.cli.common: Using threshold 0.5609242916107178 from checkpoint val_metrics for testing.
2026-05-21 18:45:15,915 INFO src.utils.metrics: ROC curve saved to /root/autodl-tmp/em_eqf/experiments/clf_pre_v2/clf_pre_SCEDC_v2/runs/tf_10_mf_4p0_seed_0/roc_curve.png
2026-05-21 18:45:16,052 INFO src.utils.metrics: PR curve saved to /root/autodl-tmp/em_eqf/experiments/clf_pre_v2/clf_pre_SCEDC_v2/runs/tf_10_mf_4p0_seed_0/pr_curve.png
2026-05-21 18:45:16,141 INFO src.utils.metrics: Confusion matrix saved to /root/autodl-tmp/em_eqf/experiments/clf_pre_v2/clf_pre_SCEDC_v2/runs/tf_10_mf_4p0_seed_0/confusion_matrix.png
2026-05-21 18:45:16,141 INFO src.cli.workflows: Test loss: 0.09320331116517384
2026-05-21 18:45:17,173 INFO src.train.classifier_train_step: Prediction distribution plot has been saved to: /root/autodl-tmp/em_eqf/experiments/clf_pre_v2/clf_pre_SCEDC_v2/runs/tf_10_mf_4p0_seed_0/train_pred_distribution.png
2026-05-21 18:45:17,579 INFO src.train.classifier_train_step: Prediction distribution plot has been saved to: /root/autodl-tmp/em_eqf/experiments/clf_pre_v2/clf_pre_SCEDC_v2/runs/tf_10_mf_4p0_seed_0/val_pred_distribution.png
2026-05-21 18:45:18,016 INFO src.train.classifier_train_step: Prediction distribution plot has been saved to: /root/autodl-tmp/em_eqf/experiments/clf_pre_v2/clf_pre_SCEDC_v2/runs/tf_10_mf_4p0_seed_0/test_pred_distribution.png
2026-05-21 18:45:18,017 INFO src.cli.common: Saved test metrics to /root/autodl-tmp/em_eqf/experiments/clf_pre_v2/clf_pre_SCEDC_v2/runs/tf_10_mf_4p0_seed_0/metrics_test_best_1.json
2026-05-21 18:45:18,017 INFO src.cli.common: Metrics: {'precision': 0.53125, 'recall': 0.8607594936708861, 'f1': 0.6570048309178744, 'auc': 0.6388682055100522, 'pr_auc': 0.6808550071592109, 'fpr': 0.8823529411764706, 'tpr': 0.8607594936708861, 'R': -0.02159344750558445, 'conf': 1.3318454022457029e-28, 'threshold': 0.5609242916107178}
