2026-05-18 17:00:52,799 INFO src.data.preprocessing: CSV files found: ['chuandian_2021.csv']
2026-05-18 17:00:53,566 INFO src.utils.file_utils: Loading cached data from: data/ChuanDian/regressor/regressor_Mc_3_Mf_3_Tfore_180_Twindow_360_context_len_1_dt_10.pkl
2026-05-18 17:00:55,800 INFO src.data.preprocessing: Catalog statistics: {'tau_unfiltered': 0.15339908988298961, 'tau_q025': 0.08114294020924717, 'tau_q05': 0.5134664350189269, 'tau_mean': 1.3070542199341526, 'tau_max': 25.18216435192153, 'tau_min': 0.0, 'time_max': 18770.72654999979, 'time_mean': 10030.9430649837, 'mag_completeness': 3.0, 'mag_mean': 3.456916005014626, 'mag_max': 8.0, 'mag_min': 3.0, 'b_value': 0.856738547623331, 'b_std': 0.0071499224812533796, 'b_n': 14358}
2026-05-18 17:00:55,838 INFO src.data.event_loader: lengths of samples: min=96, max=1340, avg=265.71
2026-05-18 17:00:55,839 INFO src.cli.workflows: Loading checkpoint from: ./checkpoints/mixer_tpp_20260508-182744/last_model_1.pth
2026-05-18 17:00:56,890 INFO src.models.adapters.mixer_task: using time scale base 1.3070542199341526 (key: tau_mean)
2026-05-18 17:00:56,890 INFO src.models.adapters.mixer_task: tau mean: tensor(1.3071)
2026-05-18 17:00:56,896 INFO src.train.config_setup: Restoring model from checkpoint.
2026-05-18 17:00:56,896 INFO src.train.config_setup: Loading model weights: load_specific_parts=['base_model.encoder.input_proj', 'base_model.encoder.layers.0']
2026-05-18 17:00:56,897 INFO src.train.config_setup: Selective load summary: requested_parts=['base_model.encoder.input_proj', 'base_model.encoder.layers.0'], target_in_model=18, matched_in_checkpoint=16, loaded=16, missing_after_load=2, shape_mismatch=0, missing_in_model=0, out_of_scope_loaded=0
2026-05-18 17:00:56,897 INFO src.train.config_setup: Selective load coverage [base_model.encoder.input_proj]: target=4, hit=4, missing=0, complete=True
2026-05-18 17:00:56,897 INFO src.train.config_setup: Selective load coverage [base_model.encoder.layers.0]: target=14, hit=12, missing=2, complete=False
2026-05-18 17:00:56,897 WARNING src.train.config_setup: Selective load coverage missing preview [base_model.encoder.layers.0]: ['base_model.encoder.layers.0.mixer.conv1d.bias', 'base_model.encoder.layers.0.mixer.conv1d.weight']
2026-05-18 17:00:56,897 WARNING src.train.config_setup: Checkpoint missing target parameter preview: ['base_model.encoder.layers.0.mixer.conv1d.bias', 'base_model.encoder.layers.0.mixer.conv1d.weight']
2026-05-18 17:00:56,897 WARNING src.train.config_setup: Target not-loaded parameter preview: ['base_model.encoder.layers.0.mixer.conv1d.bias', 'base_model.encoder.layers.0.mixer.conv1d.weight']
2026-05-18 17:00:56,898 INFO src.train.config_setup: Loaded parameter preview: ['base_model.encoder.input_proj.0.bias', 'base_model.encoder.layers.0.norm2.bias', 'base_model.encoder.layers.0.mlp.fc1.weight', 'base_model.encoder.layers.0.norm.bias', 'base_model.encoder.layers.0.mixer.out_proj.weight', 'base_model.encoder.layers.0.mixer.in_proj.weight', 'base_model.encoder.layers.0.mixer.A_log', 'base_model.encoder.layers.0.mlp.fc2.weight', 'base_model.encoder.input_proj.3.weight', 'base_model.encoder.layers.0.norm.weight'] ... (+6 more)
2026-05-18 17:00:56,898 INFO src.train.config_setup: Checkpoint hyperparameters loaded.
2026-05-18 17:00:56,898 INFO src.train.config_setup: Checkpoint train metrics available.
2026-05-18 17:00:56,898 INFO src.train.config_setup: Checkpoint val metrics available.
2026-05-18 17:00:56,899 INFO src.train.config_setup: Freeze skipped (checkpoint_restore): freeze_parts is empty.
2026-05-18 17:00:56,899 INFO src.train.config_setup: Using regression criterion: smooth_l1
2026-05-18 17:00:56,899 INFO src.train.config_setup: Criterion config: {'beta': 0.3}
2026-05-18 17:00:56,899 INFO src.train.config_setup: encoder_param_keywords: ['base_model.encoder.input_proj', 'base_model.encoder.layers.0']
2026-05-18 17:00:56,899 INFO src.train.config_setup: encoder_lr grouping summary: lr=0.00024, matched=18
2026-05-18 17:00:56,900 INFO src.train.config_setup: Encoder LR coverage [base_model.encoder.input_proj]: target=4, hit=4, missing=0, complete=True
2026-05-18 17:00:56,900 INFO src.train.config_setup: Encoder LR coverage [base_model.encoder.layers.0]: target=14, hit=14, missing=0, complete=True
2026-05-18 17:00:56,900 INFO src.train.config_setup: encoder_lr matched preview: ['base_model.encoder.input_proj.0.weight', 'base_model.encoder.input_proj.0.bias', 'base_model.encoder.input_proj.3.weight', 'base_model.encoder.input_proj.3.bias', 'base_model.encoder.layers.0.norm.weight', 'base_model.encoder.layers.0.norm.bias', 'base_model.encoder.layers.0.mixer.dt_bias', 'base_model.encoder.layers.0.mixer.A_log', 'base_model.encoder.layers.0.mixer.D', 'base_model.encoder.layers.0.mixer.in_proj.weight'] ... (+8 more)
2026-05-18 17:00:56,900 INFO src.train.config_setup: Not resuming optimizer/scheduler state; reset training state to start_epoch=0, best_val_loss=inf.
2026-05-18 17:00:56,901 INFO src.train.trainer: Epoch 1
2026-05-18 17:01:10,621 INFO src.train.trainer: New best validation loss: 0.0338, saved to /root/autodl-tmp/em_eqf/experiments/reg_mixer_layer_1_grid_bs_128/runs/regmx_warmup_linear_baseline_seed_2/best_model_1.pth
2026-05-18 17:01:10,626 INFO src.train.trainer: Last model at epoch 1 saved to /root/autodl-tmp/em_eqf/experiments/reg_mixer_layer_1_grid_bs_128/runs/regmx_warmup_linear_baseline_seed_2/last_model_1.pth
2026-05-18 17:01:10,626 INFO src.train.trainer: Epoch 2
2026-05-18 17:01:12,139 INFO src.train.trainer: New best validation loss: 0.0313, saved to /root/autodl-tmp/em_eqf/experiments/reg_mixer_layer_1_grid_bs_128/runs/regmx_warmup_linear_baseline_seed_2/best_model_1.pth
2026-05-18 17:01:12,147 INFO src.train.trainer: Last model at epoch 2 saved to /root/autodl-tmp/em_eqf/experiments/reg_mixer_layer_1_grid_bs_128/runs/regmx_warmup_linear_baseline_seed_2/last_model_1.pth
2026-05-18 17:01:12,148 INFO src.train.trainer: Epoch 3
2026-05-18 17:01:13,789 INFO src.train.trainer: Last model at epoch 3 saved to /root/autodl-tmp/em_eqf/experiments/reg_mixer_layer_1_grid_bs_128/runs/regmx_warmup_linear_baseline_seed_2/last_model_1.pth
2026-05-18 17:01:13,790 INFO src.train.trainer: Epoch 4
2026-05-18 17:01:15,438 INFO src.train.trainer: Last model at epoch 4 saved to /root/autodl-tmp/em_eqf/experiments/reg_mixer_layer_1_grid_bs_128/runs/regmx_warmup_linear_baseline_seed_2/last_model_1.pth
2026-05-18 17:01:15,438 INFO src.train.trainer: Epoch 5
2026-05-18 17:01:16,912 INFO src.train.trainer: Last model at epoch 5 saved to /root/autodl-tmp/em_eqf/experiments/reg_mixer_layer_1_grid_bs_128/runs/regmx_warmup_linear_baseline_seed_2/last_model_1.pth
2026-05-18 17:01:16,913 INFO src.train.trainer: Epoch 6
2026-05-18 17:01:18,545 INFO src.train.trainer: New best validation loss: 0.0304, saved to /root/autodl-tmp/em_eqf/experiments/reg_mixer_layer_1_grid_bs_128/runs/regmx_warmup_linear_baseline_seed_2/best_model_1.pth
2026-05-18 17:01:18,551 INFO src.train.trainer: Last model at epoch 6 saved to /root/autodl-tmp/em_eqf/experiments/reg_mixer_layer_1_grid_bs_128/runs/regmx_warmup_linear_baseline_seed_2/last_model_1.pth
2026-05-18 17:01:18,551 INFO src.train.trainer: Epoch 7
2026-05-18 17:01:20,063 INFO src.train.trainer: Last model at epoch 7 saved to /root/autodl-tmp/em_eqf/experiments/reg_mixer_layer_1_grid_bs_128/runs/regmx_warmup_linear_baseline_seed_2/last_model_1.pth
2026-05-18 17:01:20,063 INFO src.train.trainer: Epoch 8
2026-05-18 17:01:21,625 INFO src.train.trainer: Last model at epoch 8 saved to /root/autodl-tmp/em_eqf/experiments/reg_mixer_layer_1_grid_bs_128/runs/regmx_warmup_linear_baseline_seed_2/last_model_1.pth
2026-05-18 17:01:21,625 INFO src.train.trainer: Epoch 9
2026-05-18 17:01:23,214 INFO src.train.trainer: Last model at epoch 9 saved to /root/autodl-tmp/em_eqf/experiments/reg_mixer_layer_1_grid_bs_128/runs/regmx_warmup_linear_baseline_seed_2/last_model_1.pth
2026-05-18 17:01:23,214 INFO src.train.trainer: Epoch 10
2026-05-18 17:01:24,894 INFO src.train.trainer: Last model at epoch 10 saved to /root/autodl-tmp/em_eqf/experiments/reg_mixer_layer_1_grid_bs_128/runs/regmx_warmup_linear_baseline_seed_2/last_model_1.pth
2026-05-18 17:01:24,894 INFO src.train.trainer: Epoch 11
2026-05-18 17:01:26,566 INFO src.train.trainer: Last model at epoch 11 saved to /root/autodl-tmp/em_eqf/experiments/reg_mixer_layer_1_grid_bs_128/runs/regmx_warmup_linear_baseline_seed_2/last_model_1.pth
2026-05-18 17:01:26,567 INFO src.train.trainer: Epoch 12
2026-05-18 17:01:28,090 INFO src.train.trainer: Last model at epoch 12 saved to /root/autodl-tmp/em_eqf/experiments/reg_mixer_layer_1_grid_bs_128/runs/regmx_warmup_linear_baseline_seed_2/last_model_1.pth
2026-05-18 17:01:28,090 INFO src.train.trainer: Epoch 13
2026-05-18 17:01:29,662 INFO src.train.trainer: Last model at epoch 13 saved to /root/autodl-tmp/em_eqf/experiments/reg_mixer_layer_1_grid_bs_128/runs/regmx_warmup_linear_baseline_seed_2/last_model_1.pth
2026-05-18 17:01:29,662 INFO src.train.trainer: Epoch 14
2026-05-18 17:01:31,138 INFO src.train.trainer: Last model at epoch 14 saved to /root/autodl-tmp/em_eqf/experiments/reg_mixer_layer_1_grid_bs_128/runs/regmx_warmup_linear_baseline_seed_2/last_model_1.pth
2026-05-18 17:01:31,138 INFO src.train.trainer: Epoch 15
2026-05-18 17:01:32,819 INFO src.train.trainer: Last model at epoch 15 saved to /root/autodl-tmp/em_eqf/experiments/reg_mixer_layer_1_grid_bs_128/runs/regmx_warmup_linear_baseline_seed_2/last_model_1.pth
2026-05-18 17:01:32,819 INFO src.train.trainer: Epoch 16
2026-05-18 17:01:34,504 INFO src.train.trainer: Last model at epoch 16 saved to /root/autodl-tmp/em_eqf/experiments/reg_mixer_layer_1_grid_bs_128/runs/regmx_warmup_linear_baseline_seed_2/last_model_1.pth
2026-05-18 17:01:34,504 INFO src.train.trainer: Epoch 17
2026-05-18 17:01:36,130 INFO src.train.trainer: Last model at epoch 17 saved to /root/autodl-tmp/em_eqf/experiments/reg_mixer_layer_1_grid_bs_128/runs/regmx_warmup_linear_baseline_seed_2/last_model_1.pth
2026-05-18 17:01:36,131 INFO src.train.trainer: Epoch 18
2026-05-18 17:01:37,704 INFO src.train.trainer: Last model at epoch 18 saved to /root/autodl-tmp/em_eqf/experiments/reg_mixer_layer_1_grid_bs_128/runs/regmx_warmup_linear_baseline_seed_2/last_model_1.pth
2026-05-18 17:01:37,705 INFO src.train.trainer: Epoch 19
2026-05-18 17:01:39,326 INFO src.train.trainer: Last model at epoch 19 saved to /root/autodl-tmp/em_eqf/experiments/reg_mixer_layer_1_grid_bs_128/runs/regmx_warmup_linear_baseline_seed_2/last_model_1.pth
2026-05-18 17:01:39,326 INFO src.train.trainer: Epoch 20
2026-05-18 17:01:40,840 INFO src.train.trainer: Last model at epoch 20 saved to /root/autodl-tmp/em_eqf/experiments/reg_mixer_layer_1_grid_bs_128/runs/regmx_warmup_linear_baseline_seed_2/last_model_1.pth
2026-05-18 17:01:40,840 INFO src.train.trainer: Epoch 21
2026-05-18 17:01:42,486 INFO src.train.trainer: Last model at epoch 21 saved to /root/autodl-tmp/em_eqf/experiments/reg_mixer_layer_1_grid_bs_128/runs/regmx_warmup_linear_baseline_seed_2/last_model_1.pth
2026-05-18 17:01:42,486 INFO src.train.trainer: Epoch 22
2026-05-18 17:01:44,019 INFO src.train.trainer: Last model at epoch 22 saved to /root/autodl-tmp/em_eqf/experiments/reg_mixer_layer_1_grid_bs_128/runs/regmx_warmup_linear_baseline_seed_2/last_model_1.pth
2026-05-18 17:01:44,019 INFO src.train.trainer: Epoch 23
2026-05-18 17:01:45,640 INFO src.train.trainer: Last model at epoch 23 saved to /root/autodl-tmp/em_eqf/experiments/reg_mixer_layer_1_grid_bs_128/runs/regmx_warmup_linear_baseline_seed_2/last_model_1.pth
2026-05-18 17:01:45,640 INFO src.train.trainer: Epoch 24
2026-05-18 17:01:47,230 INFO src.train.trainer: Last model at epoch 24 saved to /root/autodl-tmp/em_eqf/experiments/reg_mixer_layer_1_grid_bs_128/runs/regmx_warmup_linear_baseline_seed_2/last_model_1.pth
2026-05-18 17:01:47,230 INFO src.train.trainer: Epoch 25
2026-05-18 17:01:48,861 INFO src.train.trainer: Last model at epoch 25 saved to /root/autodl-tmp/em_eqf/experiments/reg_mixer_layer_1_grid_bs_128/runs/regmx_warmup_linear_baseline_seed_2/last_model_1.pth
2026-05-18 17:01:48,861 INFO src.train.trainer: Epoch 26
2026-05-18 17:01:50,238 INFO src.train.trainer: Last model at epoch 26 saved to /root/autodl-tmp/em_eqf/experiments/reg_mixer_layer_1_grid_bs_128/runs/regmx_warmup_linear_baseline_seed_2/last_model_1.pth
2026-05-18 17:01:50,238 INFO src.train.trainer: Epoch 27
2026-05-18 17:01:51,861 INFO src.train.trainer: Last model at epoch 27 saved to /root/autodl-tmp/em_eqf/experiments/reg_mixer_layer_1_grid_bs_128/runs/regmx_warmup_linear_baseline_seed_2/last_model_1.pth
2026-05-18 17:01:51,861 INFO src.train.trainer: Epoch 28
2026-05-18 17:01:53,695 INFO src.train.trainer: Last model at epoch 28 saved to /root/autodl-tmp/em_eqf/experiments/reg_mixer_layer_1_grid_bs_128/runs/regmx_warmup_linear_baseline_seed_2/last_model_1.pth
2026-05-18 17:01:53,696 INFO src.train.trainer: Epoch 29
2026-05-18 17:01:55,155 INFO src.train.trainer: Last model at epoch 29 saved to /root/autodl-tmp/em_eqf/experiments/reg_mixer_layer_1_grid_bs_128/runs/regmx_warmup_linear_baseline_seed_2/last_model_1.pth
2026-05-18 17:01:55,156 INFO src.train.trainer: Epoch 30
2026-05-18 17:01:56,703 INFO src.train.trainer: Last model at epoch 30 saved to /root/autodl-tmp/em_eqf/experiments/reg_mixer_layer_1_grid_bs_128/runs/regmx_warmup_linear_baseline_seed_2/last_model_1.pth
2026-05-18 17:01:56,703 INFO src.train.trainer: Epoch 31
2026-05-18 17:01:58,297 INFO src.train.trainer: Last model at epoch 31 saved to /root/autodl-tmp/em_eqf/experiments/reg_mixer_layer_1_grid_bs_128/runs/regmx_warmup_linear_baseline_seed_2/last_model_1.pth
2026-05-18 17:01:58,297 INFO src.train.trainer: Epoch 32
2026-05-18 17:01:59,960 INFO src.train.trainer: Last model at epoch 32 saved to /root/autodl-tmp/em_eqf/experiments/reg_mixer_layer_1_grid_bs_128/runs/regmx_warmup_linear_baseline_seed_2/last_model_1.pth
2026-05-18 17:01:59,960 INFO src.train.trainer: Epoch 33
2026-05-18 17:02:01,623 INFO src.train.trainer: Last model at epoch 33 saved to /root/autodl-tmp/em_eqf/experiments/reg_mixer_layer_1_grid_bs_128/runs/regmx_warmup_linear_baseline_seed_2/last_model_1.pth
2026-05-18 17:02:01,623 INFO src.train.trainer: Epoch 34
2026-05-18 17:02:03,106 INFO src.train.trainer: Last model at epoch 34 saved to /root/autodl-tmp/em_eqf/experiments/reg_mixer_layer_1_grid_bs_128/runs/regmx_warmup_linear_baseline_seed_2/last_model_1.pth
2026-05-18 17:02:03,106 INFO src.train.trainer: Epoch 35
2026-05-18 17:02:04,707 INFO src.train.trainer: Last model at epoch 35 saved to /root/autodl-tmp/em_eqf/experiments/reg_mixer_layer_1_grid_bs_128/runs/regmx_warmup_linear_baseline_seed_2/last_model_1.pth
2026-05-18 17:02:04,707 INFO src.train.trainer: Epoch 36
2026-05-18 17:02:06,310 INFO src.train.trainer: Last model at epoch 36 saved to /root/autodl-tmp/em_eqf/experiments/reg_mixer_layer_1_grid_bs_128/runs/regmx_warmup_linear_baseline_seed_2/last_model_1.pth
2026-05-18 17:02:06,310 INFO src.train.trainer: Epoch 37
2026-05-18 17:02:07,889 INFO src.train.trainer: Last model at epoch 37 saved to /root/autodl-tmp/em_eqf/experiments/reg_mixer_layer_1_grid_bs_128/runs/regmx_warmup_linear_baseline_seed_2/last_model_1.pth
2026-05-18 17:02:07,889 INFO src.train.trainer: Epoch 38
2026-05-18 17:02:09,482 INFO src.train.trainer: Last model at epoch 38 saved to /root/autodl-tmp/em_eqf/experiments/reg_mixer_layer_1_grid_bs_128/runs/regmx_warmup_linear_baseline_seed_2/last_model_1.pth
2026-05-18 17:02:09,482 INFO src.train.trainer: Epoch 39
2026-05-18 17:02:11,046 INFO src.train.trainer: Last model at epoch 39 saved to /root/autodl-tmp/em_eqf/experiments/reg_mixer_layer_1_grid_bs_128/runs/regmx_warmup_linear_baseline_seed_2/last_model_1.pth
2026-05-18 17:02:11,046 INFO src.train.trainer: Epoch 40
2026-05-18 17:02:12,702 INFO src.train.trainer: Last model at epoch 40 saved to /root/autodl-tmp/em_eqf/experiments/reg_mixer_layer_1_grid_bs_128/runs/regmx_warmup_linear_baseline_seed_2/last_model_1.pth
2026-05-18 17:02:12,702 INFO src.train.trainer: Epoch 41
2026-05-18 17:02:14,259 INFO src.train.trainer: Last model at epoch 41 saved to /root/autodl-tmp/em_eqf/experiments/reg_mixer_layer_1_grid_bs_128/runs/regmx_warmup_linear_baseline_seed_2/last_model_1.pth
2026-05-18 17:02:14,259 INFO src.train.trainer: Epoch 42
2026-05-18 17:02:15,908 INFO src.train.trainer: Last model at epoch 42 saved to /root/autodl-tmp/em_eqf/experiments/reg_mixer_layer_1_grid_bs_128/runs/regmx_warmup_linear_baseline_seed_2/last_model_1.pth
2026-05-18 17:02:15,908 INFO src.train.trainer: Epoch 43
2026-05-18 17:02:17,392 INFO src.train.trainer: Last model at epoch 43 saved to /root/autodl-tmp/em_eqf/experiments/reg_mixer_layer_1_grid_bs_128/runs/regmx_warmup_linear_baseline_seed_2/last_model_1.pth
2026-05-18 17:02:17,392 INFO src.train.trainer: Epoch 44
2026-05-18 17:02:18,902 INFO src.train.trainer: Last model at epoch 44 saved to /root/autodl-tmp/em_eqf/experiments/reg_mixer_layer_1_grid_bs_128/runs/regmx_warmup_linear_baseline_seed_2/last_model_1.pth
2026-05-18 17:02:18,902 INFO src.train.trainer: Epoch 45
2026-05-18 17:02:20,584 INFO src.train.trainer: Last model at epoch 45 saved to /root/autodl-tmp/em_eqf/experiments/reg_mixer_layer_1_grid_bs_128/runs/regmx_warmup_linear_baseline_seed_2/last_model_1.pth
2026-05-18 17:02:20,584 INFO src.train.trainer: Epoch 46
2026-05-18 17:02:22,177 INFO src.train.trainer: Last model at epoch 46 saved to /root/autodl-tmp/em_eqf/experiments/reg_mixer_layer_1_grid_bs_128/runs/regmx_warmup_linear_baseline_seed_2/last_model_1.pth
2026-05-18 17:02:22,177 INFO src.train.trainer: Epoch 47
2026-05-18 17:02:23,745 INFO src.train.trainer: Last model at epoch 47 saved to /root/autodl-tmp/em_eqf/experiments/reg_mixer_layer_1_grid_bs_128/runs/regmx_warmup_linear_baseline_seed_2/last_model_1.pth
2026-05-18 17:02:23,745 INFO src.train.trainer: Epoch 48
2026-05-18 17:02:25,360 INFO src.train.trainer: Last model at epoch 48 saved to /root/autodl-tmp/em_eqf/experiments/reg_mixer_layer_1_grid_bs_128/runs/regmx_warmup_linear_baseline_seed_2/last_model_1.pth
2026-05-18 17:02:25,360 INFO src.train.trainer: Epoch 49
2026-05-18 17:02:26,890 INFO src.train.trainer: Last model at epoch 49 saved to /root/autodl-tmp/em_eqf/experiments/reg_mixer_layer_1_grid_bs_128/runs/regmx_warmup_linear_baseline_seed_2/last_model_1.pth
2026-05-18 17:02:26,890 INFO src.train.trainer: Epoch 50
2026-05-18 17:02:28,409 INFO src.train.trainer: Last model at epoch 50 saved to /root/autodl-tmp/em_eqf/experiments/reg_mixer_layer_1_grid_bs_128/runs/regmx_warmup_linear_baseline_seed_2/last_model_1.pth
2026-05-18 17:02:28,410 INFO src.train.trainer: Epoch 51
2026-05-18 17:02:29,976 INFO src.train.trainer: Last model at epoch 51 saved to /root/autodl-tmp/em_eqf/experiments/reg_mixer_layer_1_grid_bs_128/runs/regmx_warmup_linear_baseline_seed_2/last_model_1.pth
2026-05-18 17:02:29,976 INFO src.train.trainer: Epoch 52
2026-05-18 17:02:31,708 INFO src.train.trainer: Last model at epoch 52 saved to /root/autodl-tmp/em_eqf/experiments/reg_mixer_layer_1_grid_bs_128/runs/regmx_warmup_linear_baseline_seed_2/last_model_1.pth
2026-05-18 17:02:31,709 INFO src.train.trainer: Epoch 53
2026-05-18 17:02:33,287 INFO src.train.trainer: Last model at epoch 53 saved to /root/autodl-tmp/em_eqf/experiments/reg_mixer_layer_1_grid_bs_128/runs/regmx_warmup_linear_baseline_seed_2/last_model_1.pth
2026-05-18 17:02:33,287 INFO src.train.trainer: Epoch 54
2026-05-18 17:02:34,827 INFO src.train.trainer: Last model at epoch 54 saved to /root/autodl-tmp/em_eqf/experiments/reg_mixer_layer_1_grid_bs_128/runs/regmx_warmup_linear_baseline_seed_2/last_model_1.pth
2026-05-18 17:02:34,827 INFO src.train.trainer: Epoch 55
2026-05-18 17:02:36,465 INFO src.train.trainer: Last model at epoch 55 saved to /root/autodl-tmp/em_eqf/experiments/reg_mixer_layer_1_grid_bs_128/runs/regmx_warmup_linear_baseline_seed_2/last_model_1.pth
2026-05-18 17:02:36,466 INFO src.train.trainer: Epoch 56
2026-05-18 17:02:37,944 INFO src.train.trainer: Last model at epoch 56 saved to /root/autodl-tmp/em_eqf/experiments/reg_mixer_layer_1_grid_bs_128/runs/regmx_warmup_linear_baseline_seed_2/last_model_1.pth
2026-05-18 17:02:37,944 INFO src.train.trainer: Epoch 57
2026-05-18 17:02:39,447 INFO src.train.trainer: Last model at epoch 57 saved to /root/autodl-tmp/em_eqf/experiments/reg_mixer_layer_1_grid_bs_128/runs/regmx_warmup_linear_baseline_seed_2/last_model_1.pth
2026-05-18 17:02:39,448 INFO src.train.trainer: Epoch 58
2026-05-18 17:02:41,209 INFO src.train.trainer: Last model at epoch 58 saved to /root/autodl-tmp/em_eqf/experiments/reg_mixer_layer_1_grid_bs_128/runs/regmx_warmup_linear_baseline_seed_2/last_model_1.pth
2026-05-18 17:02:41,209 INFO src.train.trainer: Epoch 59
2026-05-18 17:02:42,745 INFO src.train.trainer: Last model at epoch 59 saved to /root/autodl-tmp/em_eqf/experiments/reg_mixer_layer_1_grid_bs_128/runs/regmx_warmup_linear_baseline_seed_2/last_model_1.pth
2026-05-18 17:02:42,745 INFO src.train.trainer: Epoch 60
2026-05-18 17:02:44,200 INFO src.train.trainer: Last model at epoch 60 saved to /root/autodl-tmp/em_eqf/experiments/reg_mixer_layer_1_grid_bs_128/runs/regmx_warmup_linear_baseline_seed_2/last_model_1.pth
2026-05-18 17:02:44,204 INFO src.train.trainer: Saved epoch 60 snapshot to /root/autodl-tmp/em_eqf/experiments/reg_mixer_layer_1_grid_bs_128/runs/regmx_warmup_linear_baseline_seed_2/epoch_60_model_1.pth
2026-05-18 17:02:44,204 INFO src.train.trainer: Epoch 61
2026-05-18 17:02:45,891 INFO src.train.trainer: Last model at epoch 61 saved to /root/autodl-tmp/em_eqf/experiments/reg_mixer_layer_1_grid_bs_128/runs/regmx_warmup_linear_baseline_seed_2/last_model_1.pth
2026-05-18 17:02:45,891 INFO src.train.trainer: Epoch 62
2026-05-18 17:02:47,500 INFO src.train.trainer: Last model at epoch 62 saved to /root/autodl-tmp/em_eqf/experiments/reg_mixer_layer_1_grid_bs_128/runs/regmx_warmup_linear_baseline_seed_2/last_model_1.pth
2026-05-18 17:02:47,500 INFO src.train.trainer: Epoch 63
2026-05-18 17:02:49,075 INFO src.train.trainer: Last model at epoch 63 saved to /root/autodl-tmp/em_eqf/experiments/reg_mixer_layer_1_grid_bs_128/runs/regmx_warmup_linear_baseline_seed_2/last_model_1.pth
2026-05-18 17:02:49,076 INFO src.train.trainer: Epoch 64
2026-05-18 17:02:50,604 INFO src.train.trainer: Last model at epoch 64 saved to /root/autodl-tmp/em_eqf/experiments/reg_mixer_layer_1_grid_bs_128/runs/regmx_warmup_linear_baseline_seed_2/last_model_1.pth
2026-05-18 17:02:50,604 INFO src.train.trainer: Epoch 65
2026-05-18 17:02:52,086 INFO src.train.trainer: Last model at epoch 65 saved to /root/autodl-tmp/em_eqf/experiments/reg_mixer_layer_1_grid_bs_128/runs/regmx_warmup_linear_baseline_seed_2/last_model_1.pth
2026-05-18 17:02:52,086 INFO src.train.trainer: Epoch 66
2026-05-18 17:02:53,824 INFO src.train.trainer: Last model at epoch 66 saved to /root/autodl-tmp/em_eqf/experiments/reg_mixer_layer_1_grid_bs_128/runs/regmx_warmup_linear_baseline_seed_2/last_model_1.pth
2026-05-18 17:02:53,824 INFO src.train.trainer: Epoch 67
2026-05-18 17:02:55,490 INFO src.train.trainer: Last model at epoch 67 saved to /root/autodl-tmp/em_eqf/experiments/reg_mixer_layer_1_grid_bs_128/runs/regmx_warmup_linear_baseline_seed_2/last_model_1.pth
2026-05-18 17:02:55,490 INFO src.train.trainer: Epoch 68
2026-05-18 17:02:57,145 INFO src.train.trainer: Last model at epoch 68 saved to /root/autodl-tmp/em_eqf/experiments/reg_mixer_layer_1_grid_bs_128/runs/regmx_warmup_linear_baseline_seed_2/last_model_1.pth
2026-05-18 17:02:57,145 INFO src.train.trainer: Epoch 69
2026-05-18 17:02:58,566 INFO src.train.trainer: Last model at epoch 69 saved to /root/autodl-tmp/em_eqf/experiments/reg_mixer_layer_1_grid_bs_128/runs/regmx_warmup_linear_baseline_seed_2/last_model_1.pth
2026-05-18 17:02:58,567 INFO src.train.trainer: Epoch 70
2026-05-18 17:03:00,202 INFO src.train.trainer: Last model at epoch 70 saved to /root/autodl-tmp/em_eqf/experiments/reg_mixer_layer_1_grid_bs_128/runs/regmx_warmup_linear_baseline_seed_2/last_model_1.pth
2026-05-18 17:03:00,202 INFO src.train.trainer: Epoch 71
2026-05-18 17:03:01,748 INFO src.train.trainer: Last model at epoch 71 saved to /root/autodl-tmp/em_eqf/experiments/reg_mixer_layer_1_grid_bs_128/runs/regmx_warmup_linear_baseline_seed_2/last_model_1.pth
2026-05-18 17:03:01,748 INFO src.train.trainer: Epoch 72
2026-05-18 17:03:03,377 INFO src.train.trainer: Last model at epoch 72 saved to /root/autodl-tmp/em_eqf/experiments/reg_mixer_layer_1_grid_bs_128/runs/regmx_warmup_linear_baseline_seed_2/last_model_1.pth
2026-05-18 17:03:03,378 INFO src.train.trainer: Epoch 73
2026-05-18 17:03:04,816 INFO src.train.trainer: Last model at epoch 73 saved to /root/autodl-tmp/em_eqf/experiments/reg_mixer_layer_1_grid_bs_128/runs/regmx_warmup_linear_baseline_seed_2/last_model_1.pth
2026-05-18 17:03:04,816 INFO src.train.trainer: Epoch 74
2026-05-18 17:03:06,452 INFO src.train.trainer: Last model at epoch 74 saved to /root/autodl-tmp/em_eqf/experiments/reg_mixer_layer_1_grid_bs_128/runs/regmx_warmup_linear_baseline_seed_2/last_model_1.pth
2026-05-18 17:03:06,452 INFO src.train.trainer: Epoch 75
2026-05-18 17:03:08,103 INFO src.train.trainer: Last model at epoch 75 saved to /root/autodl-tmp/em_eqf/experiments/reg_mixer_layer_1_grid_bs_128/runs/regmx_warmup_linear_baseline_seed_2/last_model_1.pth
2026-05-18 17:03:08,104 INFO src.train.trainer: Epoch 76
2026-05-18 17:03:09,759 INFO src.train.trainer: Last model at epoch 76 saved to /root/autodl-tmp/em_eqf/experiments/reg_mixer_layer_1_grid_bs_128/runs/regmx_warmup_linear_baseline_seed_2/last_model_1.pth
2026-05-18 17:03:09,760 INFO src.train.trainer: Epoch 77
2026-05-18 17:03:11,236 INFO src.train.trainer: Last model at epoch 77 saved to /root/autodl-tmp/em_eqf/experiments/reg_mixer_layer_1_grid_bs_128/runs/regmx_warmup_linear_baseline_seed_2/last_model_1.pth
2026-05-18 17:03:11,237 INFO src.train.trainer: Epoch 78
2026-05-18 17:03:12,808 INFO src.train.trainer: Last model at epoch 78 saved to /root/autodl-tmp/em_eqf/experiments/reg_mixer_layer_1_grid_bs_128/runs/regmx_warmup_linear_baseline_seed_2/last_model_1.pth
2026-05-18 17:03:12,809 INFO src.train.trainer: Epoch 79
2026-05-18 17:03:14,483 INFO src.train.trainer: Last model at epoch 79 saved to /root/autodl-tmp/em_eqf/experiments/reg_mixer_layer_1_grid_bs_128/runs/regmx_warmup_linear_baseline_seed_2/last_model_1.pth
2026-05-18 17:03:14,483 INFO src.train.trainer: Epoch 80
2026-05-18 17:03:16,104 INFO src.train.trainer: Last model at epoch 80 saved to /root/autodl-tmp/em_eqf/experiments/reg_mixer_layer_1_grid_bs_128/runs/regmx_warmup_linear_baseline_seed_2/last_model_1.pth
2026-05-18 17:03:16,110 INFO src.train.trainer: Saved epoch 80 snapshot to /root/autodl-tmp/em_eqf/experiments/reg_mixer_layer_1_grid_bs_128/runs/regmx_warmup_linear_baseline_seed_2/epoch_80_model_1.pth
2026-05-18 17:03:16,110 INFO src.train.trainer: Epoch 81
2026-05-18 17:03:17,731 INFO src.train.trainer: Last model at epoch 81 saved to /root/autodl-tmp/em_eqf/experiments/reg_mixer_layer_1_grid_bs_128/runs/regmx_warmup_linear_baseline_seed_2/last_model_1.pth
2026-05-18 17:03:17,732 INFO src.train.trainer: Epoch 82
2026-05-18 17:03:19,181 INFO src.train.trainer: Last model at epoch 82 saved to /root/autodl-tmp/em_eqf/experiments/reg_mixer_layer_1_grid_bs_128/runs/regmx_warmup_linear_baseline_seed_2/last_model_1.pth
2026-05-18 17:03:19,181 INFO src.train.trainer: Epoch 83
2026-05-18 17:03:20,716 INFO src.train.trainer: Last model at epoch 83 saved to /root/autodl-tmp/em_eqf/experiments/reg_mixer_layer_1_grid_bs_128/runs/regmx_warmup_linear_baseline_seed_2/last_model_1.pth
2026-05-18 17:03:20,716 INFO src.train.trainer: Epoch 84
2026-05-18 17:03:22,295 INFO src.train.trainer: Last model at epoch 84 saved to /root/autodl-tmp/em_eqf/experiments/reg_mixer_layer_1_grid_bs_128/runs/regmx_warmup_linear_baseline_seed_2/last_model_1.pth
2026-05-18 17:03:22,295 INFO src.train.trainer: Epoch 85
2026-05-18 17:03:24,016 INFO src.train.trainer: Last model at epoch 85 saved to /root/autodl-tmp/em_eqf/experiments/reg_mixer_layer_1_grid_bs_128/runs/regmx_warmup_linear_baseline_seed_2/last_model_1.pth
2026-05-18 17:03:24,016 INFO src.train.trainer: Epoch 86
2026-05-18 17:03:25,723 INFO src.train.trainer: Last model at epoch 86 saved to /root/autodl-tmp/em_eqf/experiments/reg_mixer_layer_1_grid_bs_128/runs/regmx_warmup_linear_baseline_seed_2/last_model_1.pth
2026-05-18 17:03:25,723 INFO src.train.trainer: Epoch 87
2026-05-18 17:03:27,226 INFO src.train.trainer: Last model at epoch 87 saved to /root/autodl-tmp/em_eqf/experiments/reg_mixer_layer_1_grid_bs_128/runs/regmx_warmup_linear_baseline_seed_2/last_model_1.pth
2026-05-18 17:03:27,226 INFO src.train.trainer: Epoch 88
2026-05-18 17:03:28,729 INFO src.train.trainer: Last model at epoch 88 saved to /root/autodl-tmp/em_eqf/experiments/reg_mixer_layer_1_grid_bs_128/runs/regmx_warmup_linear_baseline_seed_2/last_model_1.pth
2026-05-18 17:03:28,729 INFO src.train.trainer: Epoch 89
2026-05-18 17:03:30,310 INFO src.train.trainer: Last model at epoch 89 saved to /root/autodl-tmp/em_eqf/experiments/reg_mixer_layer_1_grid_bs_128/runs/regmx_warmup_linear_baseline_seed_2/last_model_1.pth
2026-05-18 17:03:30,311 INFO src.train.trainer: Epoch 90
2026-05-18 17:03:31,915 INFO src.train.trainer: Last model at epoch 90 saved to /root/autodl-tmp/em_eqf/experiments/reg_mixer_layer_1_grid_bs_128/runs/regmx_warmup_linear_baseline_seed_2/last_model_1.pth
2026-05-18 17:03:31,915 INFO src.train.trainer: Epoch 91
2026-05-18 17:03:33,405 INFO src.train.trainer: Last model at epoch 91 saved to /root/autodl-tmp/em_eqf/experiments/reg_mixer_layer_1_grid_bs_128/runs/regmx_warmup_linear_baseline_seed_2/last_model_1.pth
2026-05-18 17:03:33,405 INFO src.train.trainer: Epoch 92
2026-05-18 17:03:34,918 INFO src.train.trainer: Last model at epoch 92 saved to /root/autodl-tmp/em_eqf/experiments/reg_mixer_layer_1_grid_bs_128/runs/regmx_warmup_linear_baseline_seed_2/last_model_1.pth
2026-05-18 17:03:34,918 INFO src.train.trainer: Epoch 93
2026-05-18 17:03:36,384 INFO src.train.trainer: Last model at epoch 93 saved to /root/autodl-tmp/em_eqf/experiments/reg_mixer_layer_1_grid_bs_128/runs/regmx_warmup_linear_baseline_seed_2/last_model_1.pth
2026-05-18 17:03:36,385 INFO src.train.trainer: Epoch 94
2026-05-18 17:03:38,015 INFO src.train.trainer: Last model at epoch 94 saved to /root/autodl-tmp/em_eqf/experiments/reg_mixer_layer_1_grid_bs_128/runs/regmx_warmup_linear_baseline_seed_2/last_model_1.pth
2026-05-18 17:03:38,015 INFO src.train.trainer: Epoch 95
2026-05-18 17:03:39,627 INFO src.train.trainer: Last model at epoch 95 saved to /root/autodl-tmp/em_eqf/experiments/reg_mixer_layer_1_grid_bs_128/runs/regmx_warmup_linear_baseline_seed_2/last_model_1.pth
2026-05-18 17:03:39,628 INFO src.train.trainer: Epoch 96
2026-05-18 17:03:41,201 INFO src.train.trainer: Last model at epoch 96 saved to /root/autodl-tmp/em_eqf/experiments/reg_mixer_layer_1_grid_bs_128/runs/regmx_warmup_linear_baseline_seed_2/last_model_1.pth
2026-05-18 17:03:41,201 INFO src.train.trainer: Epoch 97
2026-05-18 17:03:42,849 INFO src.train.trainer: Last model at epoch 97 saved to /root/autodl-tmp/em_eqf/experiments/reg_mixer_layer_1_grid_bs_128/runs/regmx_warmup_linear_baseline_seed_2/last_model_1.pth
2026-05-18 17:03:42,850 INFO src.train.trainer: Epoch 98
2026-05-18 17:03:44,502 INFO src.train.trainer: Last model at epoch 98 saved to /root/autodl-tmp/em_eqf/experiments/reg_mixer_layer_1_grid_bs_128/runs/regmx_warmup_linear_baseline_seed_2/last_model_1.pth
2026-05-18 17:03:44,502 INFO src.train.trainer: Epoch 99
2026-05-18 17:03:46,133 INFO src.train.trainer: Last model at epoch 99 saved to /root/autodl-tmp/em_eqf/experiments/reg_mixer_layer_1_grid_bs_128/runs/regmx_warmup_linear_baseline_seed_2/last_model_1.pth
2026-05-18 17:03:46,133 INFO src.train.trainer: Epoch 100
2026-05-18 17:03:47,978 INFO src.train.trainer: Last model at epoch 100 saved to /root/autodl-tmp/em_eqf/experiments/reg_mixer_layer_1_grid_bs_128/runs/regmx_warmup_linear_baseline_seed_2/last_model_1.pth
2026-05-18 17:03:47,983 INFO src.train.trainer: Saved epoch 100 snapshot to /root/autodl-tmp/em_eqf/experiments/reg_mixer_layer_1_grid_bs_128/runs/regmx_warmup_linear_baseline_seed_2/epoch_100_model_1.pth
2026-05-18 17:03:47,983 INFO src.train.trainer: Epoch 101
2026-05-18 17:03:49,451 INFO src.train.trainer: Last model at epoch 101 saved to /root/autodl-tmp/em_eqf/experiments/reg_mixer_layer_1_grid_bs_128/runs/regmx_warmup_linear_baseline_seed_2/last_model_1.pth
2026-05-18 17:03:49,452 INFO src.train.trainer: Epoch 102
2026-05-18 17:03:51,073 INFO src.train.trainer: Last model at epoch 102 saved to /root/autodl-tmp/em_eqf/experiments/reg_mixer_layer_1_grid_bs_128/runs/regmx_warmup_linear_baseline_seed_2/last_model_1.pth
2026-05-18 17:03:51,073 INFO src.train.trainer: Epoch 103
2026-05-18 17:03:52,599 INFO src.train.trainer: Last model at epoch 103 saved to /root/autodl-tmp/em_eqf/experiments/reg_mixer_layer_1_grid_bs_128/runs/regmx_warmup_linear_baseline_seed_2/last_model_1.pth
2026-05-18 17:03:52,599 INFO src.train.trainer: Epoch 104
2026-05-18 17:03:54,208 INFO src.train.trainer: Last model at epoch 104 saved to /root/autodl-tmp/em_eqf/experiments/reg_mixer_layer_1_grid_bs_128/runs/regmx_warmup_linear_baseline_seed_2/last_model_1.pth
2026-05-18 17:03:54,209 INFO src.train.trainer: Epoch 105
2026-05-18 17:03:55,899 INFO src.train.trainer: Last model at epoch 105 saved to /root/autodl-tmp/em_eqf/experiments/reg_mixer_layer_1_grid_bs_128/runs/regmx_warmup_linear_baseline_seed_2/last_model_1.pth
2026-05-18 17:03:55,900 INFO src.train.trainer: Epoch 106
2026-05-18 17:03:57,384 INFO src.train.trainer: Last model at epoch 106 saved to /root/autodl-tmp/em_eqf/experiments/reg_mixer_layer_1_grid_bs_128/runs/regmx_warmup_linear_baseline_seed_2/last_model_1.pth
2026-05-18 17:03:57,385 INFO src.train.trainer: Epoch 107
2026-05-18 17:03:58,849 INFO src.train.trainer: Last model at epoch 107 saved to /root/autodl-tmp/em_eqf/experiments/reg_mixer_layer_1_grid_bs_128/runs/regmx_warmup_linear_baseline_seed_2/last_model_1.pth
2026-05-18 17:03:58,850 INFO src.train.trainer: Epoch 108
2026-05-18 17:04:00,489 INFO src.train.trainer: Last model at epoch 108 saved to /root/autodl-tmp/em_eqf/experiments/reg_mixer_layer_1_grid_bs_128/runs/regmx_warmup_linear_baseline_seed_2/last_model_1.pth
2026-05-18 17:04:00,490 INFO src.train.trainer: Epoch 109
2026-05-18 17:04:02,004 INFO src.train.trainer: Last model at epoch 109 saved to /root/autodl-tmp/em_eqf/experiments/reg_mixer_layer_1_grid_bs_128/runs/regmx_warmup_linear_baseline_seed_2/last_model_1.pth
2026-05-18 17:04:02,004 INFO src.train.trainer: Epoch 110
2026-05-18 17:04:03,605 INFO src.train.trainer: Last model at epoch 110 saved to /root/autodl-tmp/em_eqf/experiments/reg_mixer_layer_1_grid_bs_128/runs/regmx_warmup_linear_baseline_seed_2/last_model_1.pth
2026-05-18 17:04:03,605 INFO src.train.trainer: Epoch 111
2026-05-18 17:04:05,259 INFO src.train.trainer: Last model at epoch 111 saved to /root/autodl-tmp/em_eqf/experiments/reg_mixer_layer_1_grid_bs_128/runs/regmx_warmup_linear_baseline_seed_2/last_model_1.pth
2026-05-18 17:04:05,260 INFO src.train.trainer: Epoch 112
2026-05-18 17:04:06,743 INFO src.train.trainer: Last model at epoch 112 saved to /root/autodl-tmp/em_eqf/experiments/reg_mixer_layer_1_grid_bs_128/runs/regmx_warmup_linear_baseline_seed_2/last_model_1.pth
2026-05-18 17:04:06,743 INFO src.train.trainer: Epoch 113
2026-05-18 17:04:08,180 INFO src.train.trainer: Last model at epoch 113 saved to /root/autodl-tmp/em_eqf/experiments/reg_mixer_layer_1_grid_bs_128/runs/regmx_warmup_linear_baseline_seed_2/last_model_1.pth
2026-05-18 17:04:08,180 INFO src.train.trainer: Epoch 114
2026-05-18 17:04:09,755 INFO src.train.trainer: Last model at epoch 114 saved to /root/autodl-tmp/em_eqf/experiments/reg_mixer_layer_1_grid_bs_128/runs/regmx_warmup_linear_baseline_seed_2/last_model_1.pth
2026-05-18 17:04:09,755 INFO src.train.trainer: Epoch 115
2026-05-18 17:04:11,351 INFO src.train.trainer: Last model at epoch 115 saved to /root/autodl-tmp/em_eqf/experiments/reg_mixer_layer_1_grid_bs_128/runs/regmx_warmup_linear_baseline_seed_2/last_model_1.pth
2026-05-18 17:04:11,352 INFO src.train.trainer: Epoch 116
2026-05-18 17:04:12,859 INFO src.train.trainer: Last model at epoch 116 saved to /root/autodl-tmp/em_eqf/experiments/reg_mixer_layer_1_grid_bs_128/runs/regmx_warmup_linear_baseline_seed_2/last_model_1.pth
2026-05-18 17:04:12,859 INFO src.train.trainer: Epoch 117
2026-05-18 17:04:14,368 INFO src.train.trainer: Last model at epoch 117 saved to /root/autodl-tmp/em_eqf/experiments/reg_mixer_layer_1_grid_bs_128/runs/regmx_warmup_linear_baseline_seed_2/last_model_1.pth
2026-05-18 17:04:14,369 INFO src.train.trainer: Epoch 118
2026-05-18 17:04:15,974 INFO src.train.trainer: Last model at epoch 118 saved to /root/autodl-tmp/em_eqf/experiments/reg_mixer_layer_1_grid_bs_128/runs/regmx_warmup_linear_baseline_seed_2/last_model_1.pth
2026-05-18 17:04:15,974 INFO src.train.trainer: Epoch 119
2026-05-18 17:04:17,479 INFO src.train.trainer: Last model at epoch 119 saved to /root/autodl-tmp/em_eqf/experiments/reg_mixer_layer_1_grid_bs_128/runs/regmx_warmup_linear_baseline_seed_2/last_model_1.pth
2026-05-18 17:04:17,479 INFO src.train.trainer: Epoch 120
2026-05-18 17:04:19,001 INFO src.train.trainer: Last model at epoch 120 saved to /root/autodl-tmp/em_eqf/experiments/reg_mixer_layer_1_grid_bs_128/runs/regmx_warmup_linear_baseline_seed_2/last_model_1.pth
2026-05-18 17:04:19,009 INFO src.train.trainer: Saved epoch 120 snapshot to /root/autodl-tmp/em_eqf/experiments/reg_mixer_layer_1_grid_bs_128/runs/regmx_warmup_linear_baseline_seed_2/epoch_120_model_1.pth
2026-05-18 17:04:19,009 INFO src.train.trainer: Epoch 121
2026-05-18 17:04:20,527 INFO src.train.trainer: Last model at epoch 121 saved to /root/autodl-tmp/em_eqf/experiments/reg_mixer_layer_1_grid_bs_128/runs/regmx_warmup_linear_baseline_seed_2/last_model_1.pth
2026-05-18 17:04:20,527 INFO src.train.trainer: Epoch 122
2026-05-18 17:04:22,156 INFO src.train.trainer: Last model at epoch 122 saved to /root/autodl-tmp/em_eqf/experiments/reg_mixer_layer_1_grid_bs_128/runs/regmx_warmup_linear_baseline_seed_2/last_model_1.pth
2026-05-18 17:04:22,156 INFO src.train.trainer: Epoch 123
2026-05-18 17:04:23,739 INFO src.train.trainer: Last model at epoch 123 saved to /root/autodl-tmp/em_eqf/experiments/reg_mixer_layer_1_grid_bs_128/runs/regmx_warmup_linear_baseline_seed_2/last_model_1.pth
2026-05-18 17:04:23,739 INFO src.train.trainer: Epoch 124
2026-05-18 17:04:25,188 INFO src.train.trainer: Last model at epoch 124 saved to /root/autodl-tmp/em_eqf/experiments/reg_mixer_layer_1_grid_bs_128/runs/regmx_warmup_linear_baseline_seed_2/last_model_1.pth
2026-05-18 17:04:25,188 INFO src.train.trainer: Epoch 125
2026-05-18 17:04:26,680 INFO src.train.trainer: Last model at epoch 125 saved to /root/autodl-tmp/em_eqf/experiments/reg_mixer_layer_1_grid_bs_128/runs/regmx_warmup_linear_baseline_seed_2/last_model_1.pth
2026-05-18 17:04:26,681 INFO src.train.trainer: Epoch 126
2026-05-18 17:04:28,371 INFO src.train.trainer: Last model at epoch 126 saved to /root/autodl-tmp/em_eqf/experiments/reg_mixer_layer_1_grid_bs_128/runs/regmx_warmup_linear_baseline_seed_2/last_model_1.pth
2026-05-18 17:04:28,371 INFO src.train.trainer: Epoch 127
2026-05-18 17:04:29,908 INFO src.train.trainer: Last model at epoch 127 saved to /root/autodl-tmp/em_eqf/experiments/reg_mixer_layer_1_grid_bs_128/runs/regmx_warmup_linear_baseline_seed_2/last_model_1.pth
2026-05-18 17:04:29,908 INFO src.train.trainer: Epoch 128
2026-05-18 17:04:31,640 INFO src.train.trainer: Last model at epoch 128 saved to /root/autodl-tmp/em_eqf/experiments/reg_mixer_layer_1_grid_bs_128/runs/regmx_warmup_linear_baseline_seed_2/last_model_1.pth
2026-05-18 17:04:31,640 INFO src.train.trainer: Epoch 129
2026-05-18 17:04:33,279 INFO src.train.trainer: Last model at epoch 129 saved to /root/autodl-tmp/em_eqf/experiments/reg_mixer_layer_1_grid_bs_128/runs/regmx_warmup_linear_baseline_seed_2/last_model_1.pth
2026-05-18 17:04:33,279 INFO src.train.trainer: Epoch 130
2026-05-18 17:04:34,819 INFO src.train.trainer: Last model at epoch 130 saved to /root/autodl-tmp/em_eqf/experiments/reg_mixer_layer_1_grid_bs_128/runs/regmx_warmup_linear_baseline_seed_2/last_model_1.pth
2026-05-18 17:04:34,819 INFO src.train.trainer: Epoch 131
2026-05-18 17:04:36,354 INFO src.train.trainer: Last model at epoch 131 saved to /root/autodl-tmp/em_eqf/experiments/reg_mixer_layer_1_grid_bs_128/runs/regmx_warmup_linear_baseline_seed_2/last_model_1.pth
2026-05-18 17:04:36,354 INFO src.train.trainer: Epoch 132
2026-05-18 17:04:37,788 INFO src.train.trainer: Last model at epoch 132 saved to /root/autodl-tmp/em_eqf/experiments/reg_mixer_layer_1_grid_bs_128/runs/regmx_warmup_linear_baseline_seed_2/last_model_1.pth
2026-05-18 17:04:37,789 INFO src.train.trainer: Epoch 133
2026-05-18 17:04:39,325 INFO src.train.trainer: Last model at epoch 133 saved to /root/autodl-tmp/em_eqf/experiments/reg_mixer_layer_1_grid_bs_128/runs/regmx_warmup_linear_baseline_seed_2/last_model_1.pth
2026-05-18 17:04:39,325 INFO src.train.trainer: Epoch 134
2026-05-18 17:04:40,930 INFO src.train.trainer: Last model at epoch 134 saved to /root/autodl-tmp/em_eqf/experiments/reg_mixer_layer_1_grid_bs_128/runs/regmx_warmup_linear_baseline_seed_2/last_model_1.pth
2026-05-18 17:04:40,931 INFO src.train.trainer: Epoch 135
2026-05-18 17:04:42,442 INFO src.train.trainer: Last model at epoch 135 saved to /root/autodl-tmp/em_eqf/experiments/reg_mixer_layer_1_grid_bs_128/runs/regmx_warmup_linear_baseline_seed_2/last_model_1.pth
2026-05-18 17:04:42,442 INFO src.train.trainer: Epoch 136
2026-05-18 17:04:43,948 INFO src.train.trainer: Last model at epoch 136 saved to /root/autodl-tmp/em_eqf/experiments/reg_mixer_layer_1_grid_bs_128/runs/regmx_warmup_linear_baseline_seed_2/last_model_1.pth
2026-05-18 17:04:43,948 INFO src.train.trainer: Epoch 137
2026-05-18 17:04:45,582 INFO src.train.trainer: Last model at epoch 137 saved to /root/autodl-tmp/em_eqf/experiments/reg_mixer_layer_1_grid_bs_128/runs/regmx_warmup_linear_baseline_seed_2/last_model_1.pth
2026-05-18 17:04:45,583 INFO src.train.trainer: Epoch 138
2026-05-18 17:04:46,989 INFO src.train.trainer: Last model at epoch 138 saved to /root/autodl-tmp/em_eqf/experiments/reg_mixer_layer_1_grid_bs_128/runs/regmx_warmup_linear_baseline_seed_2/last_model_1.pth
2026-05-18 17:04:46,990 INFO src.train.trainer: Epoch 139
2026-05-18 17:04:48,927 INFO src.train.trainer: Last model at epoch 139 saved to /root/autodl-tmp/em_eqf/experiments/reg_mixer_layer_1_grid_bs_128/runs/regmx_warmup_linear_baseline_seed_2/last_model_1.pth
2026-05-18 17:04:48,928 INFO src.train.trainer: Epoch 140
2026-05-18 17:04:50,708 INFO src.train.trainer: Last model at epoch 140 saved to /root/autodl-tmp/em_eqf/experiments/reg_mixer_layer_1_grid_bs_128/runs/regmx_warmup_linear_baseline_seed_2/last_model_1.pth
2026-05-18 17:04:50,712 INFO src.train.trainer: Saved epoch 140 snapshot to /root/autodl-tmp/em_eqf/experiments/reg_mixer_layer_1_grid_bs_128/runs/regmx_warmup_linear_baseline_seed_2/epoch_140_model_1.pth
2026-05-18 17:04:50,712 INFO src.train.trainer: Epoch 141
2026-05-18 17:04:52,202 INFO src.train.trainer: Last model at epoch 141 saved to /root/autodl-tmp/em_eqf/experiments/reg_mixer_layer_1_grid_bs_128/runs/regmx_warmup_linear_baseline_seed_2/last_model_1.pth
2026-05-18 17:04:52,202 INFO src.train.trainer: Epoch 142
2026-05-18 17:04:53,922 INFO src.train.trainer: Last model at epoch 142 saved to /root/autodl-tmp/em_eqf/experiments/reg_mixer_layer_1_grid_bs_128/runs/regmx_warmup_linear_baseline_seed_2/last_model_1.pth
2026-05-18 17:04:53,922 INFO src.train.trainer: Epoch 143
2026-05-18 17:04:55,625 INFO src.train.trainer: Last model at epoch 143 saved to /root/autodl-tmp/em_eqf/experiments/reg_mixer_layer_1_grid_bs_128/runs/regmx_warmup_linear_baseline_seed_2/last_model_1.pth
2026-05-18 17:04:55,626 INFO src.train.trainer: Epoch 144
2026-05-18 17:04:57,234 INFO src.train.trainer: Last model at epoch 144 saved to /root/autodl-tmp/em_eqf/experiments/reg_mixer_layer_1_grid_bs_128/runs/regmx_warmup_linear_baseline_seed_2/last_model_1.pth
2026-05-18 17:04:57,234 INFO src.train.trainer: Epoch 145
2026-05-18 17:04:58,748 INFO src.train.trainer: Last model at epoch 145 saved to /root/autodl-tmp/em_eqf/experiments/reg_mixer_layer_1_grid_bs_128/runs/regmx_warmup_linear_baseline_seed_2/last_model_1.pth
2026-05-18 17:04:58,749 INFO src.train.trainer: Epoch 146
2026-05-18 17:05:00,391 INFO src.train.trainer: Last model at epoch 146 saved to /root/autodl-tmp/em_eqf/experiments/reg_mixer_layer_1_grid_bs_128/runs/regmx_warmup_linear_baseline_seed_2/last_model_1.pth
2026-05-18 17:05:00,391 INFO src.train.trainer: Epoch 147
2026-05-18 17:05:01,831 INFO src.train.trainer: Last model at epoch 147 saved to /root/autodl-tmp/em_eqf/experiments/reg_mixer_layer_1_grid_bs_128/runs/regmx_warmup_linear_baseline_seed_2/last_model_1.pth
2026-05-18 17:05:01,832 INFO src.train.trainer: Epoch 148
2026-05-18 17:05:03,259 INFO src.train.trainer: Last model at epoch 148 saved to /root/autodl-tmp/em_eqf/experiments/reg_mixer_layer_1_grid_bs_128/runs/regmx_warmup_linear_baseline_seed_2/last_model_1.pth
2026-05-18 17:05:03,259 INFO src.train.trainer: Epoch 149
2026-05-18 17:05:04,752 INFO src.train.trainer: Last model at epoch 149 saved to /root/autodl-tmp/em_eqf/experiments/reg_mixer_layer_1_grid_bs_128/runs/regmx_warmup_linear_baseline_seed_2/last_model_1.pth
2026-05-18 17:05:04,752 INFO src.train.trainer: Epoch 150
2026-05-18 17:05:06,333 INFO src.train.trainer: Last model at epoch 150 saved to /root/autodl-tmp/em_eqf/experiments/reg_mixer_layer_1_grid_bs_128/runs/regmx_warmup_linear_baseline_seed_2/last_model_1.pth
2026-05-18 17:05:16,491 INFO src.data.preprocessing: CSV files found: ['chuandian_2021.csv']
2026-05-18 17:05:17,219 INFO src.utils.file_utils: Loading cached data from: data/ChuanDian/regressor/regressor_Mc_3_Mf_3_Tfore_180_Twindow_360_context_len_1_dt_10.pkl
2026-05-18 17:05:19,413 INFO src.data.preprocessing: Catalog statistics: {'tau_unfiltered': 0.15339908988298961, 'tau_q025': 0.08114294020924717, 'tau_q05': 0.5134664350189269, 'tau_mean': 1.3070542199341526, 'tau_max': 25.18216435192153, 'tau_min': 0.0, 'time_max': 18770.72654999979, 'time_mean': 10030.9430649837, 'mag_completeness': 3.0, 'mag_mean': 3.456916005014626, 'mag_max': 8.0, 'mag_min': 3.0, 'b_value': 0.856738547623331, 'b_std': 0.0071499224812533796, 'b_n': 14358}
2026-05-18 17:05:19,492 INFO src.data.event_loader: lengths of samples: min=96, max=1340, avg=265.71
2026-05-18 17:05:20,319 INFO src.models.adapters.mixer_task: using time scale base 1.3070542199341526 (key: tau_mean)
2026-05-18 17:05:20,319 INFO src.models.adapters.mixer_task: tau mean: tensor(1.3071)
2026-05-18 17:05:20,375 INFO src.train.config_setup: Restoring model from checkpoint.
2026-05-18 17:05:20,375 INFO src.train.config_setup: Loading model weights: load_specific_parts=None
2026-05-18 17:05:20,376 INFO src.train.config_setup: Checkpoint loaded: <All keys matched successfully>
2026-05-18 17:05:20,376 INFO src.train.config_setup: Full load summary: loaded=44, missing=0, unexpected=0
2026-05-18 17:05:20,377 INFO src.train.config_setup: Checkpoint hyperparameters loaded.
2026-05-18 17:05:20,377 INFO src.train.config_setup: Checkpoint train metrics available.
2026-05-18 17:05:20,377 INFO src.train.config_setup: Checkpoint val metrics available.
2026-05-18 17:05:20,377 INFO src.train.config_setup: Freeze skipped (checkpoint_restore): freeze_parts is empty.
2026-05-18 17:05:20,377 INFO src.train.config_setup: Using regression criterion: smooth_l1
2026-05-18 17:05:20,377 INFO src.train.config_setup: Criterion config: {'beta': 0.3}
2026-05-18 17:05:20,378 INFO src.train.config_setup: encoder_param_keywords: ['base_model.encoder.input_proj', 'base_model.encoder.layers.0']
2026-05-18 17:05:20,378 INFO src.train.config_setup: encoder_lr grouping summary: lr=0.00024, matched=18
2026-05-18 17:05:20,378 INFO src.train.config_setup: Encoder LR coverage [base_model.encoder.input_proj]: target=4, hit=4, missing=0, complete=True
2026-05-18 17:05:20,378 INFO src.train.config_setup: Encoder LR coverage [base_model.encoder.layers.0]: target=14, hit=14, missing=0, complete=True
2026-05-18 17:05:20,378 INFO src.train.config_setup: encoder_lr matched preview: ['base_model.encoder.input_proj.0.weight', 'base_model.encoder.input_proj.0.bias', 'base_model.encoder.input_proj.3.weight', 'base_model.encoder.input_proj.3.bias', 'base_model.encoder.layers.0.norm.weight', 'base_model.encoder.layers.0.norm.bias', 'base_model.encoder.layers.0.mixer.dt_bias', 'base_model.encoder.layers.0.mixer.A_log', 'base_model.encoder.layers.0.mixer.D', 'base_model.encoder.layers.0.mixer.in_proj.weight'] ... (+8 more)
2026-05-18 17:05:20,379 INFO src.train.config_setup: Not resuming optimizer/scheduler state; reset training state to start_epoch=0, best_val_loss=inf.
2026-05-18 17:05:25,968 INFO src.cli.workflows: Test loss: 0.026321769692003727
2026-05-18 17:05:27,756 INFO src.cli.common: Saved test metrics to /root/autodl-tmp/em_eqf/experiments/reg_mixer_layer_1_grid_bs_128/runs/regmx_warmup_linear_baseline_seed_2/metrics_test_best_1.json
2026-05-18 17:05:27,756 INFO src.cli.common: Metrics: {'RMSE': 0.7649051431521607, 'MAE': 0.6719164286480576, 'MSE': 0.5850798780206276, 'MAPE': 14.533824594007527, 'R2': -0.7484139677914969, 'PearsonR': -0.04812694606751869, 'PearsonR_diff': 0.14223353459888405, 'DA': 0.04395604395604396, 'SpearmanR': -0.01621305489324813, 'SpearmanR_diff': -0.01664950545825196, 'DTW': 112.21552142500877, 'DTW_normalized': 0.6131995706284632}
2026-05-18 18:08:15,522 INFO src.data.preprocessing: CSV files found: ['chuandian_2021.csv']
2026-05-18 18:08:16,239 INFO src.utils.file_utils: Loading cached data from: data/ChuanDian/regressor/regressor_Mc_3_Mf_3_Tfore_180_Twindow_360_context_len_1_dt_10.pkl
2026-05-18 18:08:18,469 INFO src.data.preprocessing: Catalog statistics: {'tau_unfiltered': 0.15339908988298961, 'tau_q025': 0.08114294020924717, 'tau_q05': 0.5134664350189269, 'tau_mean': 1.3070542199341526, 'tau_max': 25.18216435192153, 'tau_min': 0.0, 'time_max': 18770.72654999979, 'time_mean': 10030.9430649837, 'mag_completeness': 3.0, 'mag_mean': 3.456916005014626, 'mag_max': 8.0, 'mag_min': 3.0, 'b_value': 0.856738547623331, 'b_std': 0.0071499224812533796, 'b_n': 14358}
2026-05-18 18:08:18,546 INFO src.data.event_loader: lengths of samples: min=96, max=1340, avg=265.71
2026-05-18 18:08:19,372 INFO src.models.adapters.mixer_task: using time scale base 1.3070542199341526 (key: tau_mean)
2026-05-18 18:08:19,373 INFO src.models.adapters.mixer_task: tau mean: tensor(1.3071)
2026-05-18 18:08:19,378 INFO src.train.config_setup: Restoring model from checkpoint.
2026-05-18 18:08:19,378 INFO src.train.config_setup: Loading model weights: load_specific_parts=None
2026-05-18 18:08:19,379 INFO src.train.config_setup: Checkpoint loaded: <All keys matched successfully>
2026-05-18 18:08:19,379 INFO src.train.config_setup: Full load summary: loaded=44, missing=0, unexpected=0
2026-05-18 18:08:19,380 INFO src.train.config_setup: Checkpoint hyperparameters loaded.
2026-05-18 18:08:19,380 INFO src.train.config_setup: Checkpoint train metrics available.
2026-05-18 18:08:19,380 INFO src.train.config_setup: Checkpoint val metrics available.
2026-05-18 18:08:19,380 INFO src.train.config_setup: Freeze skipped (checkpoint_restore): freeze_parts is empty.
2026-05-18 18:08:19,380 INFO src.train.config_setup: Using regression criterion: smooth_l1
2026-05-18 18:08:19,380 INFO src.train.config_setup: Criterion config: {'beta': 0.3}
2026-05-18 18:08:19,381 INFO src.train.config_setup: encoder_param_keywords: ['base_model.encoder.input_proj', 'base_model.encoder.layers.0']
2026-05-18 18:08:19,381 INFO src.train.config_setup: encoder_lr grouping summary: lr=0.00024, matched=18
2026-05-18 18:08:19,381 INFO src.train.config_setup: Encoder LR coverage [base_model.encoder.input_proj]: target=4, hit=4, missing=0, complete=True
2026-05-18 18:08:19,381 INFO src.train.config_setup: Encoder LR coverage [base_model.encoder.layers.0]: target=14, hit=14, missing=0, complete=True
2026-05-18 18:08:19,381 INFO src.train.config_setup: encoder_lr matched preview: ['base_model.encoder.input_proj.0.weight', 'base_model.encoder.input_proj.0.bias', 'base_model.encoder.input_proj.3.weight', 'base_model.encoder.input_proj.3.bias', 'base_model.encoder.layers.0.norm.weight', 'base_model.encoder.layers.0.norm.bias', 'base_model.encoder.layers.0.mixer.dt_bias', 'base_model.encoder.layers.0.mixer.A_log', 'base_model.encoder.layers.0.mixer.D', 'base_model.encoder.layers.0.mixer.in_proj.weight'] ... (+8 more)
2026-05-18 18:08:19,382 INFO src.train.config_setup: Not resuming optimizer/scheduler state; reset training state to start_epoch=0, best_val_loss=inf.
2026-05-18 18:08:24,186 INFO src.cli.workflows: Test loss: 0.028144996613264084
2026-05-18 18:08:25,749 INFO src.cli.common: Saved test metrics to /root/autodl-tmp/em_eqf/experiments/reg_mixer_layer_1_grid_bs_128/runs/regmx_warmup_linear_baseline_seed_2/metrics_test_last_1.json
2026-05-18 18:08:25,749 INFO src.cli.common: Metrics: {'RMSE': 0.8604418167275103, 'MAE': 0.7136634993748586, 'MSE': 0.7403601199733385, 'MAPE': 15.17922778040502, 'R2': -1.212443161327685, 'PearsonR': 0.3854115280127736, 'PearsonR_diff': 0.10448245836072359, 'DA': 0.06593406593406594, 'SpearmanR': 0.28773894322110855, 'SpearmanR_diff': 0.1721454373703645, 'DTW': 79.56073477864265, 'DTW_normalized': 0.4347581135444954}
