2026-05-21 17:01:34,187 INFO src.data.preprocessing: CSV files found: ['chuandian_2021.csv']
2026-05-21 17:01:34,809 INFO src.utils.file_utils: Loading cached data from: data/ChuanDian/classifier/classifier_Mc_3_Mf_4.5_Tfore_20_Twindow_180_context_len_1_dt_10.pkl
2026-05-21 17:01:35,551 INFO src.data.preprocessing: Catalog statistics: {'tau_unfiltered': 0.15339908988298961, 'tau_q025': 0.08114294020924717, 'tau_q05': 0.5134664350189269, 'tau_mean': 1.3070542199341526, 'tau_max': 25.18216435192153, 'tau_min': 0.0, 'time_max': 18770.72654999979, 'time_mean': 10030.9430649837, 'mag_completeness': 3.0, 'mag_mean': 3.456916005014626, 'mag_max': 8.0, 'mag_min': 3.0, 'b_value': 0.856738547623331, 'b_std': 0.0071499224812533796, 'b_n': 14358}
2026-05-21 17:01:35,612 INFO src.data.event_loader: lengths of samples: min=32, max=981, avg=133.42
2026-05-21 17:01:35,612 INFO src.data.event_loader: Number of positive samples: 623
2026-05-21 17:01:35,613 INFO src.data.event_loader: Number of negative samples: 845
2026-05-21 17:01:35,613 INFO src.data.event_loader: Positive samples: 528, Negative samples: 646
2026-05-21 17:01:35,613 INFO src.data.event_loader: Total samples: 1174, Positive ratio: 0.45, Negative ratio: 0.55
2026-05-21 17:01:35,614 INFO src.data.event_loader: Positive samples: 60, Negative samples: 86
2026-05-21 17:01:35,614 INFO src.data.event_loader: Total samples: 146, Positive ratio: 0.41, Negative ratio: 0.59
2026-05-21 17:01:35,614 INFO src.data.event_loader: Positive samples: 35, Negative samples: 113
2026-05-21 17:01:35,614 INFO src.data.event_loader: Total samples: 148, Positive ratio: 0.24, Negative ratio: 0.76
2026-05-21 17:01:35,678 INFO src.cli.workflows: Loading checkpoint from: ./checkpoints/mixer_tpp_20260514-211318/last_model_1.pth
2026-05-21 17:01:36,331 INFO src.models.adapters.mixer_task: using time scale base 1.3070542199341526 (key: tau_mean)
2026-05-21 17:01:36,331 INFO src.models.adapters.mixer_task: tau mean: tensor(1.3071)
2026-05-21 17:01:36,354 INFO src.train.config_setup: Restoring model from checkpoint.
2026-05-21 17:01:36,355 INFO src.train.config_setup: Loading model weights: load_specific_parts=['encoder']
2026-05-21 17:01:36,356 INFO src.train.config_setup: Selective load summary: requested_parts=['encoder'], target_in_model=40, matched_in_checkpoint=30, loaded=30, missing_after_load=10, shape_mismatch=0, missing_in_model=0, out_of_scope_loaded=0
2026-05-21 17:01:36,356 INFO src.train.config_setup: Selective load coverage [encoder]: target=40, hit=30, missing=10, complete=False
2026-05-21 17:01:36,356 WARNING src.train.config_setup: Selective load coverage missing preview [encoder]: ['base_model.encoder.layers.2.mixer.in_proj.bias', 'base_model.encoder.layers.2.mixer.in_proj.weight', 'base_model.encoder.layers.2.mixer.out_proj.bias', 'base_model.encoder.layers.2.mixer.out_proj.weight', 'base_model.encoder.layers.2.mlp.fc1.weight', 'base_model.encoder.layers.2.mlp.fc2.weight', 'base_model.encoder.layers.2.norm.bias', 'base_model.encoder.layers.2.norm.weight'] ... (+2 more)
2026-05-21 17:01:36,356 WARNING src.train.config_setup: Checkpoint missing target parameter preview: ['base_model.encoder.layers.2.mixer.in_proj.bias', 'base_model.encoder.layers.2.mixer.in_proj.weight', 'base_model.encoder.layers.2.mixer.out_proj.bias', 'base_model.encoder.layers.2.mixer.out_proj.weight', 'base_model.encoder.layers.2.mlp.fc1.weight', 'base_model.encoder.layers.2.mlp.fc2.weight', 'base_model.encoder.layers.2.norm.bias', 'base_model.encoder.layers.2.norm.weight', 'base_model.encoder.layers.2.norm2.bias', 'base_model.encoder.layers.2.norm2.weight']
2026-05-21 17:01:36,356 WARNING src.train.config_setup: Target not-loaded parameter preview: ['base_model.encoder.layers.2.mixer.in_proj.bias', 'base_model.encoder.layers.2.mixer.in_proj.weight', 'base_model.encoder.layers.2.mixer.out_proj.bias', 'base_model.encoder.layers.2.mixer.out_proj.weight', 'base_model.encoder.layers.2.mlp.fc1.weight', 'base_model.encoder.layers.2.mlp.fc2.weight', 'base_model.encoder.layers.2.norm.bias', 'base_model.encoder.layers.2.norm.weight', 'base_model.encoder.layers.2.norm2.bias', 'base_model.encoder.layers.2.norm2.weight']
2026-05-21 17:01:36,356 INFO src.train.config_setup: Loaded parameter preview: ['base_model.encoder.layers.0.mixer.norm.weight', 'base_model.encoder.layers.1.norm.weight', 'base_model.encoder.layers.0.mixer.D', 'base_model.encoder.layers.1.mixer.norm.weight', 'base_model.encoder.input_proj.3.bias', 'base_model.encoder.layers.0.norm2.weight', 'base_model.encoder.layers.1.mixer.out_proj.weight', 'base_model.encoder.layers.1.mlp.fc1.weight', 'base_model.encoder.layers.1.norm2.weight', 'base_model.encoder.layers.1.mlp.fc2.weight'] ... (+20 more)
2026-05-21 17:01:36,357 INFO src.train.config_setup: Checkpoint hyperparameters loaded.
2026-05-21 17:01:36,357 INFO src.train.config_setup: Checkpoint train metrics available.
2026-05-21 17:01:36,357 INFO src.train.config_setup: Checkpoint val metrics available.
2026-05-21 17:01:36,357 INFO src.train.config_setup: Freeze skipped (checkpoint_restore): freeze_parts is empty.
2026-05-21 17:01:36,358 INFO src.train.config_setup: Using classification criterion: focal
2026-05-21 17:01:36,358 INFO src.train.config_setup: Criterion config: {'alpha': 0.5, 'gamma': 2.0}
2026-05-21 17:01:36,359 INFO src.train.config_setup: Not resuming optimizer/scheduler state; reset training state to start_epoch=0, best_val_loss=inf.
2026-05-21 17:01:36,359 INFO src.train.trainer: Epoch 1
2026-05-21 17:01:54,266 INFO src.train.trainer: New best validation loss: 0.1036, saved to /root/autodl-tmp/em_eqf/experiments/clf_pre_v1/clf_pre_SCEDC_minus_b_v1/runs/tf_20_mf_4p5_seed_1/best_model_1.pth
2026-05-21 17:01:54,270 INFO src.train.trainer: Last model at epoch 1 saved to /root/autodl-tmp/em_eqf/experiments/clf_pre_v1/clf_pre_SCEDC_minus_b_v1/runs/tf_20_mf_4p5_seed_1/last_model_1.pth
2026-05-21 17:01:54,270 INFO src.train.trainer: Epoch 2
2026-05-21 17:01:58,504 INFO src.train.trainer: New best validation loss: 0.0884, saved to /root/autodl-tmp/em_eqf/experiments/clf_pre_v1/clf_pre_SCEDC_minus_b_v1/runs/tf_20_mf_4p5_seed_1/best_model_1.pth
2026-05-21 17:01:58,513 INFO src.train.trainer: Last model at epoch 2 saved to /root/autodl-tmp/em_eqf/experiments/clf_pre_v1/clf_pre_SCEDC_minus_b_v1/runs/tf_20_mf_4p5_seed_1/last_model_1.pth
2026-05-21 17:01:58,513 INFO src.train.trainer: Epoch 3
2026-05-21 17:02:02,529 INFO src.train.trainer: Last model at epoch 3 saved to /root/autodl-tmp/em_eqf/experiments/clf_pre_v1/clf_pre_SCEDC_minus_b_v1/runs/tf_20_mf_4p5_seed_1/last_model_1.pth
2026-05-21 17:02:02,530 INFO src.train.trainer: Epoch 4
2026-05-21 17:02:06,712 INFO src.train.trainer: Last model at epoch 4 saved to /root/autodl-tmp/em_eqf/experiments/clf_pre_v1/clf_pre_SCEDC_minus_b_v1/runs/tf_20_mf_4p5_seed_1/last_model_1.pth
2026-05-21 17:02:06,712 INFO src.train.trainer: Epoch 5
2026-05-21 17:02:10,547 INFO src.train.trainer: Last model at epoch 5 saved to /root/autodl-tmp/em_eqf/experiments/clf_pre_v1/clf_pre_SCEDC_minus_b_v1/runs/tf_20_mf_4p5_seed_1/last_model_1.pth
2026-05-21 17:02:10,548 INFO src.train.trainer: Epoch 6
2026-05-21 17:02:14,822 INFO src.train.trainer: Last model at epoch 6 saved to /root/autodl-tmp/em_eqf/experiments/clf_pre_v1/clf_pre_SCEDC_minus_b_v1/runs/tf_20_mf_4p5_seed_1/last_model_1.pth
2026-05-21 17:02:14,823 INFO src.train.trainer: Epoch 7
2026-05-21 17:02:18,945 INFO src.train.trainer: New best validation loss: 0.0858, saved to /root/autodl-tmp/em_eqf/experiments/clf_pre_v1/clf_pre_SCEDC_minus_b_v1/runs/tf_20_mf_4p5_seed_1/best_model_1.pth
2026-05-21 17:02:18,952 INFO src.train.trainer: Last model at epoch 7 saved to /root/autodl-tmp/em_eqf/experiments/clf_pre_v1/clf_pre_SCEDC_minus_b_v1/runs/tf_20_mf_4p5_seed_1/last_model_1.pth
2026-05-21 17:02:18,952 INFO src.train.trainer: Epoch 8
2026-05-21 17:02:23,001 INFO src.train.trainer: Last model at epoch 8 saved to /root/autodl-tmp/em_eqf/experiments/clf_pre_v1/clf_pre_SCEDC_minus_b_v1/runs/tf_20_mf_4p5_seed_1/last_model_1.pth
2026-05-21 17:02:23,001 INFO src.train.trainer: Epoch 9
2026-05-21 17:02:26,949 INFO src.train.trainer: Last model at epoch 9 saved to /root/autodl-tmp/em_eqf/experiments/clf_pre_v1/clf_pre_SCEDC_minus_b_v1/runs/tf_20_mf_4p5_seed_1/last_model_1.pth
2026-05-21 17:02:26,950 INFO src.train.trainer: Epoch 10
2026-05-21 17:02:30,964 INFO src.train.trainer: Last model at epoch 10 saved to /root/autodl-tmp/em_eqf/experiments/clf_pre_v1/clf_pre_SCEDC_minus_b_v1/runs/tf_20_mf_4p5_seed_1/last_model_1.pth
2026-05-21 17:02:30,964 INFO src.train.trainer: Epoch 11
2026-05-21 17:02:34,988 INFO src.train.trainer: Last model at epoch 11 saved to /root/autodl-tmp/em_eqf/experiments/clf_pre_v1/clf_pre_SCEDC_minus_b_v1/runs/tf_20_mf_4p5_seed_1/last_model_1.pth
2026-05-21 17:02:34,988 INFO src.train.trainer: Epoch 12
2026-05-21 17:02:38,860 INFO src.train.trainer: Last model at epoch 12 saved to /root/autodl-tmp/em_eqf/experiments/clf_pre_v1/clf_pre_SCEDC_minus_b_v1/runs/tf_20_mf_4p5_seed_1/last_model_1.pth
2026-05-21 17:02:38,860 INFO src.train.trainer: Epoch 13
2026-05-21 17:02:42,339 INFO src.train.trainer: Last model at epoch 13 saved to /root/autodl-tmp/em_eqf/experiments/clf_pre_v1/clf_pre_SCEDC_minus_b_v1/runs/tf_20_mf_4p5_seed_1/last_model_1.pth
2026-05-21 17:02:42,339 INFO src.train.trainer: Epoch 14
2026-05-21 17:02:45,810 INFO src.train.trainer: New best validation loss: 0.0851, saved to /root/autodl-tmp/em_eqf/experiments/clf_pre_v1/clf_pre_SCEDC_minus_b_v1/runs/tf_20_mf_4p5_seed_1/best_model_1.pth
2026-05-21 17:02:45,817 INFO src.train.trainer: Last model at epoch 14 saved to /root/autodl-tmp/em_eqf/experiments/clf_pre_v1/clf_pre_SCEDC_minus_b_v1/runs/tf_20_mf_4p5_seed_1/last_model_1.pth
2026-05-21 17:02:45,817 INFO src.train.trainer: Epoch 15
2026-05-21 17:02:49,689 INFO src.train.trainer: New best validation loss: 0.0848, saved to /root/autodl-tmp/em_eqf/experiments/clf_pre_v1/clf_pre_SCEDC_minus_b_v1/runs/tf_20_mf_4p5_seed_1/best_model_1.pth
2026-05-21 17:02:49,695 INFO src.train.trainer: Last model at epoch 15 saved to /root/autodl-tmp/em_eqf/experiments/clf_pre_v1/clf_pre_SCEDC_minus_b_v1/runs/tf_20_mf_4p5_seed_1/last_model_1.pth
2026-05-21 17:02:49,695 INFO src.train.trainer: Epoch 16
2026-05-21 17:02:53,452 INFO src.train.trainer: New best validation loss: 0.0847, saved to /root/autodl-tmp/em_eqf/experiments/clf_pre_v1/clf_pre_SCEDC_minus_b_v1/runs/tf_20_mf_4p5_seed_1/best_model_1.pth
2026-05-21 17:02:53,459 INFO src.train.trainer: Last model at epoch 16 saved to /root/autodl-tmp/em_eqf/experiments/clf_pre_v1/clf_pre_SCEDC_minus_b_v1/runs/tf_20_mf_4p5_seed_1/last_model_1.pth
2026-05-21 17:02:53,459 INFO src.train.trainer: Epoch 17
2026-05-21 17:02:57,457 INFO src.train.trainer: Last model at epoch 17 saved to /root/autodl-tmp/em_eqf/experiments/clf_pre_v1/clf_pre_SCEDC_minus_b_v1/runs/tf_20_mf_4p5_seed_1/last_model_1.pth
2026-05-21 17:02:57,458 INFO src.train.trainer: Epoch 18
2026-05-21 17:03:01,278 INFO src.train.trainer: Last model at epoch 18 saved to /root/autodl-tmp/em_eqf/experiments/clf_pre_v1/clf_pre_SCEDC_minus_b_v1/runs/tf_20_mf_4p5_seed_1/last_model_1.pth
2026-05-21 17:03:01,278 INFO src.train.trainer: Epoch 19
2026-05-21 17:03:04,829 INFO src.train.trainer: Last model at epoch 19 saved to /root/autodl-tmp/em_eqf/experiments/clf_pre_v1/clf_pre_SCEDC_minus_b_v1/runs/tf_20_mf_4p5_seed_1/last_model_1.pth
2026-05-21 17:03:04,830 INFO src.train.trainer: Epoch 20
2026-05-21 17:03:08,517 INFO src.train.trainer: Last model at epoch 20 saved to /root/autodl-tmp/em_eqf/experiments/clf_pre_v1/clf_pre_SCEDC_minus_b_v1/runs/tf_20_mf_4p5_seed_1/last_model_1.pth
2026-05-21 17:03:08,517 INFO src.train.trainer: Epoch 21
2026-05-21 17:03:12,257 INFO src.train.trainer: Last model at epoch 21 saved to /root/autodl-tmp/em_eqf/experiments/clf_pre_v1/clf_pre_SCEDC_minus_b_v1/runs/tf_20_mf_4p5_seed_1/last_model_1.pth
2026-05-21 17:03:12,257 INFO src.train.trainer: Epoch 22
2026-05-21 17:03:16,179 INFO src.train.trainer: Last model at epoch 22 saved to /root/autodl-tmp/em_eqf/experiments/clf_pre_v1/clf_pre_SCEDC_minus_b_v1/runs/tf_20_mf_4p5_seed_1/last_model_1.pth
2026-05-21 17:03:16,179 INFO src.train.trainer: Epoch 23
2026-05-21 17:03:19,999 INFO src.train.trainer: Last model at epoch 23 saved to /root/autodl-tmp/em_eqf/experiments/clf_pre_v1/clf_pre_SCEDC_minus_b_v1/runs/tf_20_mf_4p5_seed_1/last_model_1.pth
2026-05-21 17:03:19,999 INFO src.train.trainer: Epoch 24
2026-05-21 17:03:24,134 INFO src.train.trainer: Last model at epoch 24 saved to /root/autodl-tmp/em_eqf/experiments/clf_pre_v1/clf_pre_SCEDC_minus_b_v1/runs/tf_20_mf_4p5_seed_1/last_model_1.pth
2026-05-21 17:03:24,134 INFO src.train.trainer: Epoch 25
2026-05-21 17:03:27,533 INFO src.train.trainer: Last model at epoch 25 saved to /root/autodl-tmp/em_eqf/experiments/clf_pre_v1/clf_pre_SCEDC_minus_b_v1/runs/tf_20_mf_4p5_seed_1/last_model_1.pth
2026-05-21 17:03:27,533 INFO src.train.trainer: Epoch 26
2026-05-21 17:03:30,837 INFO src.train.trainer: Last model at epoch 26 saved to /root/autodl-tmp/em_eqf/experiments/clf_pre_v1/clf_pre_SCEDC_minus_b_v1/runs/tf_20_mf_4p5_seed_1/last_model_1.pth
2026-05-21 17:03:30,837 INFO src.train.trainer: Early stopping triggered at epoch 26 (best epoch: 16, best val loss: 0.084660)
2026-05-21 17:03:40,107 INFO src.data.preprocessing: CSV files found: ['chuandian_2021.csv']
2026-05-21 17:03:40,735 INFO src.utils.file_utils: Loading cached data from: data/ChuanDian/classifier/classifier_Mc_3_Mf_4.5_Tfore_20_Twindow_180_context_len_1_dt_10.pkl
2026-05-21 17:03:41,576 INFO src.data.preprocessing: Catalog statistics: {'tau_unfiltered': 0.15339908988298961, 'tau_q025': 0.08114294020924717, 'tau_q05': 0.5134664350189269, 'tau_mean': 1.3070542199341526, 'tau_max': 25.18216435192153, 'tau_min': 0.0, 'time_max': 18770.72654999979, 'time_mean': 10030.9430649837, 'mag_completeness': 3.0, 'mag_mean': 3.456916005014626, 'mag_max': 8.0, 'mag_min': 3.0, 'b_value': 0.856738547623331, 'b_std': 0.0071499224812533796, 'b_n': 14358}
2026-05-21 17:03:41,593 INFO src.data.event_loader: lengths of samples: min=32, max=981, avg=133.42
2026-05-21 17:03:41,593 INFO src.data.event_loader: Number of positive samples: 623
2026-05-21 17:03:41,594 INFO src.data.event_loader: Number of negative samples: 845
2026-05-21 17:03:41,595 INFO src.data.event_loader: Positive samples: 528, Negative samples: 646
2026-05-21 17:03:41,595 INFO src.data.event_loader: Total samples: 1174, Positive ratio: 0.45, Negative ratio: 0.55
2026-05-21 17:03:41,595 INFO src.data.event_loader: Positive samples: 60, Negative samples: 86
2026-05-21 17:03:41,595 INFO src.data.event_loader: Total samples: 146, Positive ratio: 0.41, Negative ratio: 0.59
2026-05-21 17:03:41,595 INFO src.data.event_loader: Positive samples: 35, Negative samples: 113
2026-05-21 17:03:41,595 INFO src.data.event_loader: Total samples: 148, Positive ratio: 0.24, Negative ratio: 0.76
2026-05-21 17:03:42,031 INFO src.models.adapters.mixer_task: using time scale base 1.3070542199341526 (key: tau_mean)
2026-05-21 17:03:42,031 INFO src.models.adapters.mixer_task: tau mean: tensor(1.3071)
2026-05-21 17:03:42,075 INFO src.train.config_setup: Restoring model from checkpoint.
2026-05-21 17:03:42,075 INFO src.train.config_setup: Loading model weights: load_specific_parts=None
2026-05-21 17:03:42,077 INFO src.train.config_setup: Checkpoint loaded: <All keys matched successfully>
2026-05-21 17:03:42,077 INFO src.train.config_setup: Full load summary: loaded=56, missing=0, unexpected=0
2026-05-21 17:03:42,078 INFO src.train.config_setup: Checkpoint hyperparameters loaded.
2026-05-21 17:03:42,078 INFO src.train.config_setup: Checkpoint train metrics available.
2026-05-21 17:03:42,078 INFO src.train.config_setup: Checkpoint val metrics available.
2026-05-21 17:03:42,078 INFO src.train.config_setup: Freeze skipped (checkpoint_restore): freeze_parts is empty.
2026-05-21 17:03:42,079 INFO src.train.config_setup: Using classification criterion: focal
2026-05-21 17:03:42,079 INFO src.train.config_setup: Criterion config: {'alpha': 0.5, 'gamma': 2.0}
2026-05-21 17:03:42,080 INFO src.train.config_setup: Not resuming optimizer/scheduler state; reset training state to start_epoch=0, best_val_loss=inf.
2026-05-21 17:03:42,080 INFO src.cli.common: Using threshold 0.4701944887638092 from checkpoint val_metrics for testing.
2026-05-21 17:03:46,617 INFO src.utils.metrics: ROC curve saved to /root/autodl-tmp/em_eqf/experiments/clf_pre_v1/clf_pre_SCEDC_minus_b_v1/runs/tf_20_mf_4p5_seed_1/roc_curve.png
2026-05-21 17:03:46,740 INFO src.utils.metrics: PR curve saved to /root/autodl-tmp/em_eqf/experiments/clf_pre_v1/clf_pre_SCEDC_minus_b_v1/runs/tf_20_mf_4p5_seed_1/pr_curve.png
2026-05-21 17:03:46,825 INFO src.utils.metrics: Confusion matrix saved to /root/autodl-tmp/em_eqf/experiments/clf_pre_v1/clf_pre_SCEDC_minus_b_v1/runs/tf_20_mf_4p5_seed_1/confusion_matrix.png
2026-05-21 17:03:46,825 INFO src.cli.workflows: Test loss: 0.07809600085020066
2026-05-21 17:03:47,777 INFO src.train.classifier_train_step: Prediction distribution plot has been saved to: /root/autodl-tmp/em_eqf/experiments/clf_pre_v1/clf_pre_SCEDC_minus_b_v1/runs/tf_20_mf_4p5_seed_1/train_pred_distribution.png
2026-05-21 17:03:48,088 INFO src.train.classifier_train_step: Prediction distribution plot has been saved to: /root/autodl-tmp/em_eqf/experiments/clf_pre_v1/clf_pre_SCEDC_minus_b_v1/runs/tf_20_mf_4p5_seed_1/val_pred_distribution.png
2026-05-21 17:03:48,392 INFO src.train.classifier_train_step: Prediction distribution plot has been saved to: /root/autodl-tmp/em_eqf/experiments/clf_pre_v1/clf_pre_SCEDC_minus_b_v1/runs/tf_20_mf_4p5_seed_1/test_pred_distribution.png
2026-05-21 17:03:48,392 INFO src.cli.common: Saved test metrics to /root/autodl-tmp/em_eqf/experiments/clf_pre_v1/clf_pre_SCEDC_minus_b_v1/runs/tf_20_mf_4p5_seed_1/metrics_test_best_1.json
2026-05-21 17:03:48,393 INFO src.cli.common: Metrics: {'precision': 0.23648648648648649, 'recall': 1.0, 'f1': 0.3825136612021858, 'auc': 0.650063211125158, 'pr_auc': 0.4127495097679059, 'fpr': 1.0, 'tpr': 1.0, 'R': 0.0, 'conf': 0.0, 'threshold': 0.4701944887638092}
