2026-05-10 15:30:17,693 INFO src.data.preprocessing: CSV files found: ['chuandian_2021.csv']
2026-05-10 15:30:18,883 INFO src.utils.file_utils: Loading cached data from: data/ChuanDian/classifier/classifier_Mc_3_Mf_5.5_Tfore_90_Twindow_180_context_len_1_dt_10.pkl
2026-05-10 15:30:20,005 INFO src.data.preprocessing: Catalog statistics: {'tau_unfiltered': 0.15339908988298961, 'tau_q025': 0.08114294020924717, 'tau_q05': 0.5134664350189269, 'tau_mean': 1.3070542199341526, 'tau_max': 25.18216435192153, 'tau_min': 0.0, 'time_max': 18770.72654999979, 'time_mean': 10030.9430649837, 'mag_completeness': 3.0, 'mag_mean': 3.456916005014626, 'mag_max': 8.0, 'mag_min': 3.0, 'b_value': 0.856738547623331, 'b_std': 0.0071499224812533796, 'b_n': 14358}
2026-05-10 15:30:20,028 INFO src.data.event_loader: lengths of samples: min=32, max=749, avg=124.26
2026-05-10 15:30:20,029 INFO src.data.event_loader: Number of positive samples: 471
2026-05-10 15:30:20,029 INFO src.data.event_loader: Number of negative samples: 1055
2026-05-10 15:30:20,053 INFO src.data.event_loader: Positive samples: 390, Negative samples: 830
2026-05-10 15:30:20,053 INFO src.data.event_loader: Total samples: 1220, Positive ratio: 0.32, Negative ratio: 0.68
2026-05-10 15:30:20,053 INFO src.data.event_loader: Positive samples: 62, Negative samples: 90
2026-05-10 15:30:20,053 INFO src.data.event_loader: Total samples: 152, Positive ratio: 0.41, Negative ratio: 0.59
2026-05-10 15:30:20,053 INFO src.data.event_loader: Positive samples: 19, Negative samples: 135
2026-05-10 15:30:20,053 INFO src.data.event_loader: Total samples: 154, Positive ratio: 0.12, Negative ratio: 0.88
2026-05-10 15:30:20,282 INFO src.cli.workflows: Loading checkpoint from: ./checkpoints/mixer_tpp_20260508-182744/last_model_1.pth
2026-05-10 15:30:20,791 INFO src.models.adapters.mixer_task: using time scale base 1.3070542199341526 (key: tau_mean)
2026-05-10 15:30:20,791 INFO src.models.adapters.mixer_task: tau mean: tensor(1.3071)
2026-05-10 15:30:20,799 INFO src.train.config_setup: Restoring model from checkpoint.
2026-05-10 15:30:20,800 INFO src.train.config_setup: Loading model weights: load_specific_parts=['base_model.encoder.layers.0', 'base_model.encoder.input_proj']
2026-05-10 15:30:20,801 INFO src.train.config_setup: Selective load summary: requested_parts=['base_model.encoder.layers.0', 'base_model.encoder.input_proj'], target_in_model=16, matched_in_checkpoint=16, loaded=16, missing_after_load=0, shape_mismatch=0, missing_in_model=0, out_of_scope_loaded=0
2026-05-10 15:30:20,801 INFO src.train.config_setup: Selective load coverage [base_model.encoder.layers.0]: target=12, hit=12, missing=0, complete=True
2026-05-10 15:30:20,801 INFO src.train.config_setup: Selective load coverage [base_model.encoder.input_proj]: target=4, hit=4, missing=0, complete=True
2026-05-10 15:30:20,801 INFO src.train.config_setup: Loaded parameter preview: ['base_model.encoder.input_proj.3.bias', 'base_model.encoder.layers.0.mixer.out_proj.weight', 'base_model.encoder.layers.0.mixer.dt_bias', 'base_model.encoder.layers.0.mixer.A_log', 'base_model.encoder.layers.0.mlp.fc2.weight', 'base_model.encoder.layers.0.mixer.in_proj.weight', 'base_model.encoder.layers.0.norm2.bias', 'base_model.encoder.input_proj.0.weight', 'base_model.encoder.layers.0.norm.bias', 'base_model.encoder.layers.0.mixer.norm.weight'] ... (+6 more)
2026-05-10 15:30:20,802 INFO src.train.config_setup: Checkpoint hyperparameters loaded.
2026-05-10 15:30:20,802 INFO src.train.config_setup: Checkpoint train metrics available.
2026-05-10 15:30:20,802 INFO src.train.config_setup: Checkpoint val metrics available.
2026-05-10 15:30:20,803 INFO src.train.config_setup: Freeze skipped (checkpoint_restore): freeze_parts is empty.
2026-05-10 15:30:20,803 INFO src.train.config_setup: Using classification criterion: focal
2026-05-10 15:30:20,803 INFO src.train.config_setup: Criterion config: {'alpha': 0.25, 'gamma': 2.0}
2026-05-10 15:30:20,804 INFO src.train.config_setup: Not resuming optimizer/scheduler state; reset training state to start_epoch=0, best_val_loss=inf.
2026-05-10 15:30:20,804 INFO src.train.trainer: Epoch 1
2026-05-10 15:30:35,358 INFO src.train.trainer: New best validation loss: 0.0623, saved to /root/autodl-tmp/em_eqf/experiments/clf_grid_6/runs/tf_90_mf_5p5_seed_1/best_model_1.pth
2026-05-10 15:30:35,364 INFO src.train.trainer: Last model at epoch 1 saved to /root/autodl-tmp/em_eqf/experiments/clf_grid_6/runs/tf_90_mf_5p5_seed_1/last_model_1.pth
2026-05-10 15:30:35,365 INFO src.train.trainer: Epoch 2
2026-05-10 15:30:37,415 INFO src.train.trainer: New best validation loss: 0.0612, saved to /root/autodl-tmp/em_eqf/experiments/clf_grid_6/runs/tf_90_mf_5p5_seed_1/best_model_1.pth
2026-05-10 15:30:37,423 INFO src.train.trainer: Last model at epoch 2 saved to /root/autodl-tmp/em_eqf/experiments/clf_grid_6/runs/tf_90_mf_5p5_seed_1/last_model_1.pth
2026-05-10 15:30:37,423 INFO src.train.trainer: Epoch 3
2026-05-10 15:30:40,194 INFO src.train.trainer: New best validation loss: 0.0586, saved to /root/autodl-tmp/em_eqf/experiments/clf_grid_6/runs/tf_90_mf_5p5_seed_1/best_model_1.pth
2026-05-10 15:30:40,202 INFO src.train.trainer: Last model at epoch 3 saved to /root/autodl-tmp/em_eqf/experiments/clf_grid_6/runs/tf_90_mf_5p5_seed_1/last_model_1.pth
2026-05-10 15:30:40,202 INFO src.train.trainer: Epoch 4
2026-05-10 15:30:42,382 INFO src.train.trainer: Last model at epoch 4 saved to /root/autodl-tmp/em_eqf/experiments/clf_grid_6/runs/tf_90_mf_5p5_seed_1/last_model_1.pth
2026-05-10 15:30:42,383 INFO src.train.trainer: Epoch 5
2026-05-10 15:30:44,455 INFO src.train.trainer: New best validation loss: 0.0572, saved to /root/autodl-tmp/em_eqf/experiments/clf_grid_6/runs/tf_90_mf_5p5_seed_1/best_model_1.pth
2026-05-10 15:30:44,464 INFO src.train.trainer: Last model at epoch 5 saved to /root/autodl-tmp/em_eqf/experiments/clf_grid_6/runs/tf_90_mf_5p5_seed_1/last_model_1.pth
2026-05-10 15:30:44,464 INFO src.train.trainer: Epoch 6
2026-05-10 15:30:46,580 INFO src.train.trainer: Last model at epoch 6 saved to /root/autodl-tmp/em_eqf/experiments/clf_grid_6/runs/tf_90_mf_5p5_seed_1/last_model_1.pth
2026-05-10 15:30:46,580 INFO src.train.trainer: Epoch 7
2026-05-10 15:30:48,683 INFO src.train.trainer: Last model at epoch 7 saved to /root/autodl-tmp/em_eqf/experiments/clf_grid_6/runs/tf_90_mf_5p5_seed_1/last_model_1.pth
2026-05-10 15:30:48,683 INFO src.train.trainer: Epoch 8
2026-05-10 15:30:50,718 INFO src.train.trainer: Last model at epoch 8 saved to /root/autodl-tmp/em_eqf/experiments/clf_grid_6/runs/tf_90_mf_5p5_seed_1/last_model_1.pth
2026-05-10 15:30:50,719 INFO src.train.trainer: Epoch 9
2026-05-10 15:30:52,737 INFO src.train.trainer: Last model at epoch 9 saved to /root/autodl-tmp/em_eqf/experiments/clf_grid_6/runs/tf_90_mf_5p5_seed_1/last_model_1.pth
2026-05-10 15:30:52,738 INFO src.train.trainer: Epoch 10
2026-05-10 15:30:54,691 INFO src.train.trainer: Last model at epoch 10 saved to /root/autodl-tmp/em_eqf/experiments/clf_grid_6/runs/tf_90_mf_5p5_seed_1/last_model_1.pth
2026-05-10 15:30:54,692 INFO src.train.trainer: Epoch 11
2026-05-10 15:30:56,619 INFO src.train.trainer: Last model at epoch 11 saved to /root/autodl-tmp/em_eqf/experiments/clf_grid_6/runs/tf_90_mf_5p5_seed_1/last_model_1.pth
2026-05-10 15:30:56,620 INFO src.train.trainer: Epoch 12
2026-05-10 15:30:58,684 INFO src.train.trainer: Last model at epoch 12 saved to /root/autodl-tmp/em_eqf/experiments/clf_grid_6/runs/tf_90_mf_5p5_seed_1/last_model_1.pth
2026-05-10 15:30:58,684 INFO src.train.trainer: Epoch 13
2026-05-10 15:31:00,653 INFO src.train.trainer: Last model at epoch 13 saved to /root/autodl-tmp/em_eqf/experiments/clf_grid_6/runs/tf_90_mf_5p5_seed_1/last_model_1.pth
2026-05-10 15:31:00,654 INFO src.train.trainer: Epoch 14
2026-05-10 15:31:02,599 INFO src.train.trainer: Last model at epoch 14 saved to /root/autodl-tmp/em_eqf/experiments/clf_grid_6/runs/tf_90_mf_5p5_seed_1/last_model_1.pth
2026-05-10 15:31:02,599 INFO src.train.trainer: Epoch 15
2026-05-10 15:31:04,599 INFO src.train.trainer: Last model at epoch 15 saved to /root/autodl-tmp/em_eqf/experiments/clf_grid_6/runs/tf_90_mf_5p5_seed_1/last_model_1.pth
2026-05-10 15:31:04,599 INFO src.train.trainer: Early stopping triggered at epoch 15 (best epoch: 5, best val loss: 0.057236)
2026-05-10 15:31:13,495 INFO src.data.preprocessing: CSV files found: ['chuandian_2021.csv']
2026-05-10 15:31:14,216 INFO src.utils.file_utils: Loading cached data from: data/ChuanDian/classifier/classifier_Mc_3_Mf_5.5_Tfore_90_Twindow_180_context_len_1_dt_10.pkl
2026-05-10 15:31:15,320 INFO src.data.preprocessing: Catalog statistics: {'tau_unfiltered': 0.15339908988298961, 'tau_q025': 0.08114294020924717, 'tau_q05': 0.5134664350189269, 'tau_mean': 1.3070542199341526, 'tau_max': 25.18216435192153, 'tau_min': 0.0, 'time_max': 18770.72654999979, 'time_mean': 10030.9430649837, 'mag_completeness': 3.0, 'mag_mean': 3.456916005014626, 'mag_max': 8.0, 'mag_min': 3.0, 'b_value': 0.856738547623331, 'b_std': 0.0071499224812533796, 'b_n': 14358}
2026-05-10 15:31:15,342 INFO src.data.event_loader: lengths of samples: min=32, max=749, avg=124.26
2026-05-10 15:31:15,342 INFO src.data.event_loader: Number of positive samples: 471
2026-05-10 15:31:15,342 INFO src.data.event_loader: Number of negative samples: 1055
2026-05-10 15:31:15,343 INFO src.data.event_loader: Positive samples: 390, Negative samples: 830
2026-05-10 15:31:15,343 INFO src.data.event_loader: Total samples: 1220, Positive ratio: 0.32, Negative ratio: 0.68
2026-05-10 15:31:15,344 INFO src.data.event_loader: Positive samples: 62, Negative samples: 90
2026-05-10 15:31:15,344 INFO src.data.event_loader: Total samples: 152, Positive ratio: 0.41, Negative ratio: 0.59
2026-05-10 15:31:15,344 INFO src.data.event_loader: Positive samples: 19, Negative samples: 135
2026-05-10 15:31:15,344 INFO src.data.event_loader: Total samples: 154, Positive ratio: 0.12, Negative ratio: 0.88
2026-05-10 15:31:15,881 INFO src.models.adapters.mixer_task: using time scale base 1.3070542199341526 (key: tau_mean)
2026-05-10 15:31:15,881 INFO src.models.adapters.mixer_task: tau mean: tensor(1.3071)
2026-05-10 15:31:15,886 INFO src.train.config_setup: Restoring model from checkpoint.
2026-05-10 15:31:15,886 INFO src.train.config_setup: Loading model weights: load_specific_parts=None
2026-05-10 15:31:15,888 INFO src.train.config_setup: Checkpoint loaded: <All keys matched successfully>
2026-05-10 15:31:15,888 INFO src.train.config_setup: Full load summary: loaded=56, missing=0, unexpected=0
2026-05-10 15:31:15,889 INFO src.train.config_setup: Checkpoint hyperparameters loaded.
2026-05-10 15:31:15,889 INFO src.train.config_setup: Checkpoint train metrics available.
2026-05-10 15:31:15,889 INFO src.train.config_setup: Checkpoint val metrics available.
2026-05-10 15:31:15,889 INFO src.train.config_setup: Freeze skipped (checkpoint_restore): freeze_parts is empty.
2026-05-10 15:31:15,889 INFO src.train.config_setup: Using classification criterion: focal
2026-05-10 15:31:15,889 INFO src.train.config_setup: Criterion config: {'alpha': 0.25, 'gamma': 2.0}
2026-05-10 15:31:15,890 INFO src.train.config_setup: Not resuming optimizer/scheduler state; reset training state to start_epoch=0, best_val_loss=inf.
2026-05-10 15:31:15,890 INFO src.cli.common: Using threshold 0.3460826277732849 from checkpoint val_metrics for testing.
2026-05-10 15:31:20,734 INFO src.utils.metrics: ROC curve saved to /root/autodl-tmp/em_eqf/experiments/clf_grid_6/runs/tf_90_mf_5p5_seed_1/roc_curve.png
2026-05-10 15:31:20,839 INFO src.utils.metrics: PR curve saved to /root/autodl-tmp/em_eqf/experiments/clf_grid_6/runs/tf_90_mf_5p5_seed_1/pr_curve.png
2026-05-10 15:31:20,902 INFO src.utils.metrics: Confusion matrix saved to /root/autodl-tmp/em_eqf/experiments/clf_grid_6/runs/tf_90_mf_5p5_seed_1/confusion_matrix.png
2026-05-10 15:31:20,902 INFO src.cli.workflows: Test loss: 0.04367181658744812
2026-05-10 15:31:21,528 INFO src.train.classifier_train_step: Prediction distribution plot has been saved to: /root/autodl-tmp/em_eqf/experiments/clf_grid_6/runs/tf_90_mf_5p5_seed_1/train_pred_distribution.png
2026-05-10 15:31:21,783 INFO src.train.classifier_train_step: Prediction distribution plot has been saved to: /root/autodl-tmp/em_eqf/experiments/clf_grid_6/runs/tf_90_mf_5p5_seed_1/val_pred_distribution.png
2026-05-10 15:31:22,062 INFO src.train.classifier_train_step: Prediction distribution plot has been saved to: /root/autodl-tmp/em_eqf/experiments/clf_grid_6/runs/tf_90_mf_5p5_seed_1/test_pred_distribution.png
2026-05-10 15:31:22,062 INFO src.cli.common: Saved test metrics to /root/autodl-tmp/em_eqf/experiments/clf_grid_6/runs/tf_90_mf_5p5_seed_1/metrics_test_best_1.json
2026-05-10 15:31:22,062 INFO src.cli.common: Metrics: {'precision': 0.23333333333333334, 'recall': 0.3684210526315789, 'f1': 0.2857142857142857, 'auc': 0.7539961013645224, 'pr_auc': 0.2728718589091311, 'fpr': 0.17037037037037037, 'tpr': 0.3684210526315789, 'R': 0.19805068226120856, 'conf': 1.0, 'threshold': 0.3460826277732849}
