2026-05-08 14:03:20,464 INFO src.data.preprocessing: CSV files found: ['chuandian_2021.csv']
2026-05-08 14:03:21,285 INFO src.utils.file_utils: Loading cached data from: data/ChuanDian/classifier/classifier_Mc_3_Mf_4.5_Tfore_30_Twindow_180_context_len_1_dt_10.pkl
2026-05-08 14:03:21,636 INFO src.data.preprocessing: Catalog statistics: {'tau_unfiltered': 0.15339908988298961, 'tau_q025': 0.08114294020924717, 'tau_q05': 0.5134664350189269, 'tau_mean': 1.3070542199341526, 'tau_max': 25.18216435192153, 'tau_min': 0.0, 'time_max': 18770.72654999979, 'time_mean': 10030.9430649837, 'mag_completeness': 3.0, 'mag_mean': 3.456916005014626, 'mag_max': 8.0, 'mag_min': 3.0, 'b_value': 0.856738547623331, 'b_std': 0.0071499224812533796, 'b_n': 14358}
2026-05-08 14:03:21,638 INFO src.data.preparation: stats {'tau_unfiltered': 0.15339908988298961, 'tau_q025': 0.08114294020924717, 'tau_q05': 0.5134664350189269, 'tau_mean': 1.3070542199341526, 'tau_max': 25.18216435192153, 'tau_min': 0.0, 'time_max': 18770.72654999979, 'time_mean': 10030.9430649837, 'mag_completeness': 3.0, 'mag_mean': 3.456916005014626, 'mag_max': 8.0, 'mag_min': 3.0, 'b_value': 0.856738547623331, 'b_std': 0.0071499224812533796, 'b_n': 14358}
2026-05-08 14:03:21,656 INFO src.data.event_loader: lengths of samples: min=32, max=981, avg=135.26
2026-05-08 14:03:21,656 INFO src.data.event_loader: Number of positive samples: 836
2026-05-08 14:03:21,657 INFO src.data.event_loader: Number of negative samples: 594
2026-05-08 14:03:21,658 INFO src.data.event_loader: Positive samples: 706, Negative samples: 438
2026-05-08 14:03:21,658 INFO src.data.event_loader: Total samples: 1144, Positive ratio: 0.62, Negative ratio: 0.38
2026-05-08 14:03:21,658 INFO src.data.event_loader: Positive samples: 83, Negative samples: 60
2026-05-08 14:03:21,658 INFO src.data.event_loader: Total samples: 143, Positive ratio: 0.58, Negative ratio: 0.42
2026-05-08 14:03:21,658 INFO src.data.event_loader: Positive samples: 47, Negative samples: 96
2026-05-08 14:03:21,659 INFO src.data.event_loader: Total samples: 143, Positive ratio: 0.33, Negative ratio: 0.67
2026-05-08 14:03:21,827 INFO __main__: No resume path provided. Training will start from scratch.
2026-05-08 14:03:22,680 INFO src.models.adapters.mixer_task: using time scale base 1.3070542199341526 (key: tau_mean)
2026-05-08 14:03:22,681 INFO src.models.adapters.mixer_task: tau mean: tensor(1.3071)
2026-05-08 14:03:22,686 INFO src.train.config_setup: Using classification criterion: bce
2026-05-08 14:03:22,686 INFO src.train.config_setup: Criterion config: {}
2026-05-08 14:03:22,687 INFO src.train.trainer: Epoch 1
2026-05-08 14:03:36,799 INFO src.train.trainer: New best validation loss: 0.6925, saved to checkpoints/clf_mixer_attnpl_t_20260508-140320/best_model_1.pth
2026-05-08 14:03:36,805 INFO src.train.trainer: Last model at epoch 1 saved to checkpoints/clf_mixer_attnpl_t_20260508-140320/last_model_1.pth
2026-05-08 14:03:36,805 INFO src.train.trainer: Epoch 2
2026-05-08 14:03:39,771 INFO src.train.trainer: New best validation loss: 0.6851, saved to checkpoints/clf_mixer_attnpl_t_20260508-140320/best_model_1.pth
2026-05-08 14:03:39,781 INFO src.train.trainer: Last model at epoch 2 saved to checkpoints/clf_mixer_attnpl_t_20260508-140320/last_model_1.pth
2026-05-08 14:03:39,781 INFO src.train.trainer: Epoch 3
2026-05-08 14:03:42,812 INFO src.train.trainer: New best validation loss: 0.6690, saved to checkpoints/clf_mixer_attnpl_t_20260508-140320/best_model_1.pth
2026-05-08 14:03:42,822 INFO src.train.trainer: Last model at epoch 3 saved to checkpoints/clf_mixer_attnpl_t_20260508-140320/last_model_1.pth
2026-05-08 14:03:42,822 INFO src.train.trainer: Epoch 4
2026-05-08 14:03:45,686 INFO src.train.trainer: New best validation loss: 0.6511, saved to checkpoints/clf_mixer_attnpl_t_20260508-140320/best_model_1.pth
2026-05-08 14:03:45,695 INFO src.train.trainer: Last model at epoch 4 saved to checkpoints/clf_mixer_attnpl_t_20260508-140320/last_model_1.pth
2026-05-08 14:03:45,695 INFO src.train.trainer: Epoch 5
2026-05-08 14:03:48,708 INFO src.train.trainer: Last model at epoch 5 saved to checkpoints/clf_mixer_attnpl_t_20260508-140320/last_model_1.pth
2026-05-08 14:03:48,708 INFO src.train.trainer: Epoch 6
2026-05-08 14:03:51,642 INFO src.train.trainer: New best validation loss: 0.6367, saved to checkpoints/clf_mixer_attnpl_t_20260508-140320/best_model_1.pth
2026-05-08 14:03:51,650 INFO src.train.trainer: Last model at epoch 6 saved to checkpoints/clf_mixer_attnpl_t_20260508-140320/last_model_1.pth
2026-05-08 14:03:51,650 INFO src.train.trainer: Epoch 7
2026-05-08 14:03:54,492 INFO src.train.trainer: New best validation loss: 0.6333, saved to checkpoints/clf_mixer_attnpl_t_20260508-140320/best_model_1.pth
2026-05-08 14:03:54,500 INFO src.train.trainer: Last model at epoch 7 saved to checkpoints/clf_mixer_attnpl_t_20260508-140320/last_model_1.pth
2026-05-08 14:03:54,500 INFO src.train.trainer: Epoch 8
2026-05-08 14:03:57,572 INFO src.train.trainer: Last model at epoch 8 saved to checkpoints/clf_mixer_attnpl_t_20260508-140320/last_model_1.pth
2026-05-08 14:03:57,572 INFO src.train.trainer: Epoch 9
2026-05-08 14:04:00,167 INFO src.train.trainer: New best validation loss: 0.6326, saved to checkpoints/clf_mixer_attnpl_t_20260508-140320/best_model_1.pth
2026-05-08 14:04:00,174 INFO src.train.trainer: Last model at epoch 9 saved to checkpoints/clf_mixer_attnpl_t_20260508-140320/last_model_1.pth
2026-05-08 14:04:00,174 INFO src.train.trainer: Epoch 10
2026-05-08 14:04:02,846 INFO src.train.trainer: Last model at epoch 10 saved to checkpoints/clf_mixer_attnpl_t_20260508-140320/last_model_1.pth
2026-05-08 14:04:02,846 INFO src.train.trainer: Epoch 11
2026-05-08 14:04:05,698 INFO src.train.trainer: New best validation loss: 0.6207, saved to checkpoints/clf_mixer_attnpl_t_20260508-140320/best_model_1.pth
2026-05-08 14:04:05,708 INFO src.train.trainer: Last model at epoch 11 saved to checkpoints/clf_mixer_attnpl_t_20260508-140320/last_model_1.pth
2026-05-08 14:04:05,708 INFO src.train.trainer: Epoch 12
2026-05-08 14:04:08,502 INFO src.train.trainer: Last model at epoch 12 saved to checkpoints/clf_mixer_attnpl_t_20260508-140320/last_model_1.pth
2026-05-08 14:04:08,502 INFO src.train.trainer: Epoch 13
2026-05-08 14:04:11,338 INFO src.train.trainer: New best validation loss: 0.6020, saved to checkpoints/clf_mixer_attnpl_t_20260508-140320/best_model_1.pth
2026-05-08 14:04:11,347 INFO src.train.trainer: Last model at epoch 13 saved to checkpoints/clf_mixer_attnpl_t_20260508-140320/last_model_1.pth
2026-05-08 14:04:11,347 INFO src.train.trainer: Epoch 14
2026-05-08 14:04:14,291 INFO src.train.trainer: Last model at epoch 14 saved to checkpoints/clf_mixer_attnpl_t_20260508-140320/last_model_1.pth
2026-05-08 14:04:14,292 INFO src.train.trainer: Epoch 15
2026-05-08 14:04:17,099 INFO src.train.trainer: Last model at epoch 15 saved to checkpoints/clf_mixer_attnpl_t_20260508-140320/last_model_1.pth
2026-05-08 14:04:17,099 INFO src.train.trainer: Epoch 16
2026-05-08 14:04:19,944 INFO src.train.trainer: Last model at epoch 16 saved to checkpoints/clf_mixer_attnpl_t_20260508-140320/last_model_1.pth
2026-05-08 14:04:19,945 INFO src.train.trainer: Epoch 17
2026-05-08 14:04:22,855 INFO src.train.trainer: Last model at epoch 17 saved to checkpoints/clf_mixer_attnpl_t_20260508-140320/last_model_1.pth
2026-05-08 14:04:22,855 INFO src.train.trainer: Epoch 18
2026-05-08 14:04:25,653 INFO src.train.trainer: New best validation loss: 0.5740, saved to checkpoints/clf_mixer_attnpl_t_20260508-140320/best_model_1.pth
2026-05-08 14:04:25,662 INFO src.train.trainer: Last model at epoch 18 saved to checkpoints/clf_mixer_attnpl_t_20260508-140320/last_model_1.pth
2026-05-08 14:04:25,662 INFO src.train.trainer: Epoch 19
2026-05-08 14:04:28,357 INFO src.train.trainer: Last model at epoch 19 saved to checkpoints/clf_mixer_attnpl_t_20260508-140320/last_model_1.pth
2026-05-08 14:04:28,357 INFO src.train.trainer: Epoch 20
2026-05-08 14:04:31,198 INFO src.train.trainer: Last model at epoch 20 saved to checkpoints/clf_mixer_attnpl_t_20260508-140320/last_model_1.pth
2026-05-08 14:04:31,198 INFO src.train.trainer: Epoch 21
2026-05-08 14:04:33,922 INFO src.train.trainer: Last model at epoch 21 saved to checkpoints/clf_mixer_attnpl_t_20260508-140320/last_model_1.pth
2026-05-08 14:04:33,923 INFO src.train.trainer: Epoch 22
2026-05-08 14:04:36,749 INFO src.train.trainer: Last model at epoch 22 saved to checkpoints/clf_mixer_attnpl_t_20260508-140320/last_model_1.pth
2026-05-08 14:04:36,750 INFO src.train.trainer: Epoch 23
2026-05-08 14:04:39,327 INFO src.train.trainer: Last model at epoch 23 saved to checkpoints/clf_mixer_attnpl_t_20260508-140320/last_model_1.pth
2026-05-08 14:04:39,327 INFO src.train.trainer: Epoch 24
2026-05-08 14:04:41,981 INFO src.train.trainer: Last model at epoch 24 saved to checkpoints/clf_mixer_attnpl_t_20260508-140320/last_model_1.pth
2026-05-08 14:04:41,981 INFO src.train.trainer: Epoch 25
2026-05-08 14:04:44,721 INFO src.train.trainer: Last model at epoch 25 saved to checkpoints/clf_mixer_attnpl_t_20260508-140320/last_model_1.pth
2026-05-08 14:04:44,721 INFO src.train.trainer: Epoch 26
2026-05-08 14:04:47,570 INFO src.train.trainer: Last model at epoch 26 saved to checkpoints/clf_mixer_attnpl_t_20260508-140320/last_model_1.pth
2026-05-08 14:04:47,570 INFO src.train.trainer: Epoch 27
2026-05-08 14:04:50,428 INFO src.train.trainer: Last model at epoch 27 saved to checkpoints/clf_mixer_attnpl_t_20260508-140320/last_model_1.pth
2026-05-08 14:04:50,428 INFO src.train.trainer: Epoch 28
2026-05-08 14:04:53,209 INFO src.train.trainer: Last model at epoch 28 saved to checkpoints/clf_mixer_attnpl_t_20260508-140320/last_model_1.pth
2026-05-08 14:04:53,210 INFO src.train.trainer: Early stopping triggered at epoch 28 (best epoch: 18, best val loss: 0.574038)
2026-05-08 14:05:06,357 INFO src.data.preprocessing: CSV files found: ['chuandian_2021.csv']
2026-05-08 14:05:07,421 INFO src.utils.file_utils: Loading cached data from: data/ChuanDian/classifier/classifier_Mc_3_Mf_4.5_Tfore_30_Twindow_180_context_len_1_dt_10.pkl
2026-05-08 14:05:07,774 INFO src.data.preprocessing: Catalog statistics: {'tau_unfiltered': 0.15339908988298961, 'tau_q025': 0.08114294020924717, 'tau_q05': 0.5134664350189269, 'tau_mean': 1.3070542199341526, 'tau_max': 25.18216435192153, 'tau_min': 0.0, 'time_max': 18770.72654999979, 'time_mean': 10030.9430649837, 'mag_completeness': 3.0, 'mag_mean': 3.456916005014626, 'mag_max': 8.0, 'mag_min': 3.0, 'b_value': 0.856738547623331, 'b_std': 0.0071499224812533796, 'b_n': 14358}
2026-05-08 14:05:07,776 INFO src.data.preparation: stats {'tau_unfiltered': 0.15339908988298961, 'tau_q025': 0.08114294020924717, 'tau_q05': 0.5134664350189269, 'tau_mean': 1.3070542199341526, 'tau_max': 25.18216435192153, 'tau_min': 0.0, 'time_max': 18770.72654999979, 'time_mean': 10030.9430649837, 'mag_completeness': 3.0, 'mag_mean': 3.456916005014626, 'mag_max': 8.0, 'mag_min': 3.0, 'b_value': 0.856738547623331, 'b_std': 0.0071499224812533796, 'b_n': 14358}
2026-05-08 14:05:07,793 INFO src.data.event_loader: lengths of samples: min=32, max=981, avg=135.26
2026-05-08 14:05:07,794 INFO src.data.event_loader: Number of positive samples: 836
2026-05-08 14:05:07,794 INFO src.data.event_loader: Number of negative samples: 594
2026-05-08 14:05:07,795 INFO src.data.event_loader: Positive samples: 706, Negative samples: 438
2026-05-08 14:05:07,795 INFO src.data.event_loader: Total samples: 1144, Positive ratio: 0.62, Negative ratio: 0.38
2026-05-08 14:05:07,795 INFO src.data.event_loader: Positive samples: 83, Negative samples: 60
2026-05-08 14:05:07,795 INFO src.data.event_loader: Total samples: 143, Positive ratio: 0.58, Negative ratio: 0.42
2026-05-08 14:05:07,795 INFO src.data.event_loader: Positive samples: 47, Negative samples: 96
2026-05-08 14:05:07,795 INFO src.data.event_loader: Total samples: 143, Positive ratio: 0.33, Negative ratio: 0.67
2026-05-08 14:05:08,642 INFO src.models.adapters.mixer_task: using time scale base 1.3070542199341526 (key: tau_mean)
2026-05-08 14:05:08,642 INFO src.models.adapters.mixer_task: tau mean: tensor(1.3071)
2026-05-08 14:05:08,647 INFO src.train.config_setup: load_specific_parts: None
2026-05-08 14:05:08,649 INFO src.train.config_setup: Checkpoint loaded: <All keys matched successfully>
2026-05-08 14:05:08,650 INFO src.train.config_setup: hyperparameters: {'model': 'clf_mixer_attnpl_t', 'use_ema': False, 'batch_size': 64, 'accumulation_steps': 1, 'warmup_ratio': 0.1, 'learning_rate': 0.0006, 'weight_decay': 0.001, 'scheduler_factor': None, 'scheduler_patience': None, 'scheduler_threshold': None, 'scheduler_min_lr': 1e-06, 'scheduler_type': 'step_warmup', 'step_lr_step_size_ratio': 0.2, 'step_lr_gamma': 0.5, 'd_model': 64, 'mixer_model_config': {'input_dim': 1, 'dropout_prob': 0.1, 'd_model': 64, 'n_layer': 3, 'd_intermediate': 128, 'attn_layer_idx': [1], 'input_proj_type': 'mlp', 'input_proj_hidden': 128, 'input_proj_activation': 'silu', 'input_proj_dropout': 0.1, 'input_init': 'kaiming_uniform', 'input_init_scale': 1.5, 'ssm_cfg': {'layer': 'Mamba2Rotary', 'use_conv': False, 'rotary_emb_scale_base': 1024}, 'attn_cfg': {'layer': 'MHATime', 'num_heads': 4, 'rotary_emb_dim': 8, 'rotary_emb_scale_base': 1024, 'causal': True}, 'norm_epsilon': 1e-05, 'rms_norm': False, 'initializer_cfg': {'initializer_range': 0.02}, 'fused_add_norm': False, 'residual_in_fp32': True}, 'extractor_name': 'attn_time_biased_mh', 'time_bias_type': 'log', 'mlp_out': 1, 'mlp_dropout': 0.5, 'mlp_hdw': [128], 'dim': 1, 'epochs': 100, 'early_stopping_patience': 10, 'early_stopping_min_delta': 0.0, 'save_dir': 'checkpoints/clf_mixer_attnpl_t_20260508-140320', 'cuda_id': '0', 'dataset': 'ChuanDian', 'seed': 0, 'Mc': 3, 'Mf': 4.5, 'Twindow': 180, 'Tfore': 30, 'dt': 10, 'context_len': 1, 'split_by_time': True, 'use_sampler': False, 'time_order': ['train', 'val', 'test'], 'features_input_keys': ['mag'], 'normalize_time_by_token': True, 'time_scale_base_key': 'tau_mean', 'cuda': True, 'task_type': 'classification', 'stats': {'tau_unfiltered': 0.15339908988298961, 'tau_q025': 0.08114294020924717, 'tau_q05': 0.5134664350189269, 'tau_mean': 1.3070542199341526, 'tau_max': 25.18216435192153, 'tau_min': 0.0, 'time_max': 18770.72654999979, 'time_mean': 10030.9430649837, 'mag_completeness': 3.0, 'mag_mean': 3.456916005014626, 'mag_max': 8.0, 'mag_min': 3.0, 'b_value': 0.856738547623331, 'b_std': 0.0071499224812533796, 'b_n': 14358}, 'start_epoch': 0, 'best_val_loss': inf}
2026-05-08 14:05:08,650 INFO src.train.config_setup: train_metrics: {'precision': 0.6197183098591549, 'recall': 0.9971671388101983, 'f1': 0.7643865363735071, 'auc': 0.7349884227818956, 'pr_auc': 0.8486600150631569, 'fpr': 0.9863013698630136, 'tpr': 0.9971671388101983, 'R': 0.010865768947184606, 'conf': 0.0, 'threshold': 0.34913748502731323}
2026-05-08 14:05:08,650 INFO src.train.config_setup: val_metrics: {'precision': 0.6090225563909775, 'recall': 0.9759036144578314, 'f1': 0.75, 'auc': 0.7417670682730924, 'pr_auc': 0.835850309378992, 'fpr': 0.8666666666666667, 'tpr': 0.9759036144578314, 'R': 0.10923694779116466, 'conf': 5.4394157569436914e-14, 'threshold': 0.41760432720184326}
2026-05-08 14:05:08,651 INFO src.train.config_setup: Using classification criterion: bce
2026-05-08 14:05:08,651 INFO src.train.config_setup: Criterion config: {}
2026-05-08 14:05:08,652 INFO __main__: Using threshold 0.41760432720184326 from checkpoint val_metrics for testing.
2026-05-08 14:05:13,926 INFO src.utils.metrics: ROC curve saved to checkpoints/clf_mixer_attnpl_t_20260508-140320/roc_curve.png
2026-05-08 14:05:14,047 INFO src.utils.metrics: PR curve saved to checkpoints/clf_mixer_attnpl_t_20260508-140320/pr_curve.png
2026-05-08 14:05:14,110 INFO src.utils.metrics: Confusion matrix saved to checkpoints/clf_mixer_attnpl_t_20260508-140320/confusion_matrix.png
2026-05-08 14:05:14,111 INFO __main__: Test loss: 0.5367003480593363
2026-05-08 14:05:14,996 INFO src.train.classifier_train_step: Prediction distribution plot has been saved to: checkpoints/clf_mixer_attnpl_t_20260508-140320/train_pred_distribution.png
2026-05-08 14:05:15,716 INFO src.train.classifier_train_step: Prediction distribution plot has been saved to: checkpoints/clf_mixer_attnpl_t_20260508-140320/val_pred_distribution.png
2026-05-08 14:05:16,390 INFO src.train.classifier_train_step: Prediction distribution plot has been saved to: checkpoints/clf_mixer_attnpl_t_20260508-140320/test_pred_distribution.png
2026-05-08 14:05:16,391 INFO __main__: Saved test metrics to checkpoints/clf_mixer_attnpl_t_20260508-140320/metrics_test_best_1.json
2026-05-08 14:05:16,391 INFO __main__: Metrics: {'precision': 0.46078431372549017, 'recall': 1.0, 'f1': 0.6308724832214765, 'auc': 0.8794326241134751, 'pr_auc': 0.8267763906440811, 'fpr': 0.5729166666666666, 'tpr': 1.0, 'R': 0.42708333333333337, 'conf': 0.8268052795414003, 'threshold': 0.41760432720184326}
