2026-05-20 11:04:04,949 INFO src.data.preprocessing: CSV files found: ['chuandian_2021.csv']
2026-05-20 11:04:06,747 INFO src.utils.file_utils: Loading cached data from: data/ChuanDian/classifier/classifier_Mc_3_Mf_4.0_Tfore_10_Twindow_180_context_len_1_dt_10.pkl
2026-05-20 11:04:07,233 INFO src.data.preprocessing: Catalog statistics: {'tau_unfiltered': 0.15339908988298961, 'tau_q025': 0.08114294020924717, 'tau_q05': 0.5134664350189269, 'tau_mean': 1.3070542199341526, 'tau_max': 25.18216435192153, 'tau_min': 0.0, 'time_max': 18770.72654999979, 'time_mean': 10030.9430649837, 'mag_completeness': 3.0, 'mag_mean': 3.456916005014626, 'mag_max': 8.0, 'mag_min': 3.0, 'b_value': 0.856738547623331, 'b_std': 0.0071499224812533796, 'b_n': 14358}
2026-05-20 11:04:07,253 INFO src.data.event_loader: lengths of samples: min=32, max=981, avg=135.51
2026-05-20 11:04:07,253 INFO src.data.event_loader: Number of positive samples: 780
2026-05-20 11:04:07,253 INFO src.data.event_loader: Number of negative samples: 683
2026-05-20 11:04:07,301 INFO src.data.event_loader: Positive samples: 594, Negative samples: 576
2026-05-20 11:04:07,301 INFO src.data.event_loader: Total samples: 1170, Positive ratio: 0.51, Negative ratio: 0.49
2026-05-20 11:04:07,301 INFO src.data.event_loader: Positive samples: 107, Negative samples: 39
2026-05-20 11:04:07,301 INFO src.data.event_loader: Total samples: 146, Positive ratio: 0.73, Negative ratio: 0.27
2026-05-20 11:04:07,301 INFO src.data.event_loader: Positive samples: 79, Negative samples: 68
2026-05-20 11:04:07,301 INFO src.data.event_loader: Total samples: 147, Positive ratio: 0.54, Negative ratio: 0.46
2026-05-20 11:04:07,512 INFO src.cli.workflows: Loading checkpoint from: ./checkpoints/mixer_tpp_20260508-182744/last_model_1.pth
2026-05-20 11:04:08,455 INFO src.models.adapters.mixer_task: using time scale base 1.3070542199341526 (key: tau_mean)
2026-05-20 11:04:08,455 INFO src.models.adapters.mixer_task: tau mean: tensor(1.3071)
2026-05-20 11:04:08,462 INFO src.train.config_setup: Restoring model from checkpoint.
2026-05-20 11:04:08,463 INFO src.train.config_setup: Loading model weights: load_specific_parts=['encoder']
2026-05-20 11:04:08,464 INFO src.train.config_setup: Selective load summary: requested_parts=['encoder'], target_in_model=40, matched_in_checkpoint=30, loaded=30, missing_after_load=10, shape_mismatch=0, missing_in_model=0, out_of_scope_loaded=0
2026-05-20 11:04:08,464 INFO src.train.config_setup: Selective load coverage [encoder]: target=40, hit=30, missing=10, complete=False
2026-05-20 11:04:08,464 WARNING src.train.config_setup: Selective load coverage missing preview [encoder]: ['base_model.encoder.layers.2.mixer.in_proj.bias', 'base_model.encoder.layers.2.mixer.in_proj.weight', 'base_model.encoder.layers.2.mixer.out_proj.bias', 'base_model.encoder.layers.2.mixer.out_proj.weight', 'base_model.encoder.layers.2.mlp.fc1.weight', 'base_model.encoder.layers.2.mlp.fc2.weight', 'base_model.encoder.layers.2.norm.bias', 'base_model.encoder.layers.2.norm.weight'] ... (+2 more)
2026-05-20 11:04:08,465 WARNING src.train.config_setup: Checkpoint missing target parameter preview: ['base_model.encoder.layers.2.mixer.in_proj.bias', 'base_model.encoder.layers.2.mixer.in_proj.weight', 'base_model.encoder.layers.2.mixer.out_proj.bias', 'base_model.encoder.layers.2.mixer.out_proj.weight', 'base_model.encoder.layers.2.mlp.fc1.weight', 'base_model.encoder.layers.2.mlp.fc2.weight', 'base_model.encoder.layers.2.norm.bias', 'base_model.encoder.layers.2.norm.weight', 'base_model.encoder.layers.2.norm2.bias', 'base_model.encoder.layers.2.norm2.weight']
2026-05-20 11:04:08,465 WARNING src.train.config_setup: Target not-loaded parameter preview: ['base_model.encoder.layers.2.mixer.in_proj.bias', 'base_model.encoder.layers.2.mixer.in_proj.weight', 'base_model.encoder.layers.2.mixer.out_proj.bias', 'base_model.encoder.layers.2.mixer.out_proj.weight', 'base_model.encoder.layers.2.mlp.fc1.weight', 'base_model.encoder.layers.2.mlp.fc2.weight', 'base_model.encoder.layers.2.norm.bias', 'base_model.encoder.layers.2.norm.weight', 'base_model.encoder.layers.2.norm2.bias', 'base_model.encoder.layers.2.norm2.weight']
2026-05-20 11:04:08,465 INFO src.train.config_setup: Loaded parameter preview: ['base_model.encoder.layers.0.norm.bias', 'base_model.encoder.layers.0.mixer.A_log', 'base_model.encoder.layers.1.mixer.A_log', 'base_model.encoder.layers.1.norm.weight', 'base_model.encoder.layers.1.norm2.bias', 'base_model.encoder.layers.0.norm2.weight', 'base_model.encoder.layers.1.mlp.fc1.weight', 'base_model.encoder.layers.0.mlp.fc1.weight', 'base_model.encoder.layers.0.norm2.bias', 'base_model.encoder.layers.0.mixer.in_proj.weight'] ... (+20 more)
2026-05-20 11:04:08,466 INFO src.train.config_setup: Checkpoint hyperparameters loaded.
2026-05-20 11:04:08,466 INFO src.train.config_setup: Checkpoint train metrics available.
2026-05-20 11:04:08,466 INFO src.train.config_setup: Checkpoint val metrics available.
2026-05-20 11:04:08,466 INFO src.train.config_setup: Freeze skipped (checkpoint_restore): freeze_parts is empty.
2026-05-20 11:04:08,467 INFO src.train.config_setup: Using classification criterion: focal
2026-05-20 11:04:08,467 INFO src.train.config_setup: Criterion config: {'alpha': 0.5, 'gamma': 2.0}
2026-05-20 11:04:08,468 INFO src.train.config_setup: Not resuming optimizer/scheduler state; reset training state to start_epoch=0, best_val_loss=inf.
2026-05-20 11:04:08,468 INFO src.train.trainer: Epoch 1
2026-05-20 11:04:26,361 INFO src.train.trainer: New best validation loss: 0.1001, saved to /root/autodl-tmp/em_eqf/experiments/clf_grid_AZDX/runs/tf_10_mf_4p0_seed_6/best_model_1.pth
2026-05-20 11:04:26,406 INFO src.train.trainer: Last model at epoch 1 saved to /root/autodl-tmp/em_eqf/experiments/clf_grid_AZDX/runs/tf_10_mf_4p0_seed_6/last_model_1.pth
2026-05-20 11:04:26,407 INFO src.train.trainer: Epoch 2
2026-05-20 11:04:32,751 INFO src.train.trainer: New best validation loss: 0.0821, saved to /root/autodl-tmp/em_eqf/experiments/clf_grid_AZDX/runs/tf_10_mf_4p0_seed_6/best_model_1.pth
2026-05-20 11:04:32,762 INFO src.train.trainer: Last model at epoch 2 saved to /root/autodl-tmp/em_eqf/experiments/clf_grid_AZDX/runs/tf_10_mf_4p0_seed_6/last_model_1.pth
2026-05-20 11:04:32,762 INFO src.train.trainer: Epoch 3
2026-05-20 11:04:38,952 INFO src.train.trainer: Last model at epoch 3 saved to /root/autodl-tmp/em_eqf/experiments/clf_grid_AZDX/runs/tf_10_mf_4p0_seed_6/last_model_1.pth
2026-05-20 11:04:38,952 INFO src.train.trainer: Epoch 4
2026-05-20 11:04:45,256 INFO src.train.trainer: New best validation loss: 0.0744, saved to /root/autodl-tmp/em_eqf/experiments/clf_grid_AZDX/runs/tf_10_mf_4p0_seed_6/best_model_1.pth
2026-05-20 11:04:45,303 INFO src.train.trainer: Last model at epoch 4 saved to /root/autodl-tmp/em_eqf/experiments/clf_grid_AZDX/runs/tf_10_mf_4p0_seed_6/last_model_1.pth
2026-05-20 11:04:45,303 INFO src.train.trainer: Epoch 5
2026-05-20 11:04:51,800 INFO src.train.trainer: Last model at epoch 5 saved to /root/autodl-tmp/em_eqf/experiments/clf_grid_AZDX/runs/tf_10_mf_4p0_seed_6/last_model_1.pth
2026-05-20 11:04:51,801 INFO src.train.trainer: Epoch 6
2026-05-20 11:04:57,532 INFO src.train.trainer: Last model at epoch 6 saved to /root/autodl-tmp/em_eqf/experiments/clf_grid_AZDX/runs/tf_10_mf_4p0_seed_6/last_model_1.pth
2026-05-20 11:04:57,532 INFO src.train.trainer: Epoch 7
2026-05-20 11:05:03,138 INFO src.train.trainer: New best validation loss: 0.0723, saved to /root/autodl-tmp/em_eqf/experiments/clf_grid_AZDX/runs/tf_10_mf_4p0_seed_6/best_model_1.pth
2026-05-20 11:05:03,147 INFO src.train.trainer: Last model at epoch 7 saved to /root/autodl-tmp/em_eqf/experiments/clf_grid_AZDX/runs/tf_10_mf_4p0_seed_6/last_model_1.pth
2026-05-20 11:05:03,147 INFO src.train.trainer: Epoch 8
2026-05-20 11:05:08,650 INFO src.train.trainer: New best validation loss: 0.0715, saved to /root/autodl-tmp/em_eqf/experiments/clf_grid_AZDX/runs/tf_10_mf_4p0_seed_6/best_model_1.pth
2026-05-20 11:05:08,658 INFO src.train.trainer: Last model at epoch 8 saved to /root/autodl-tmp/em_eqf/experiments/clf_grid_AZDX/runs/tf_10_mf_4p0_seed_6/last_model_1.pth
2026-05-20 11:05:08,658 INFO src.train.trainer: Epoch 9
2026-05-20 11:05:13,840 INFO src.train.trainer: Last model at epoch 9 saved to /root/autodl-tmp/em_eqf/experiments/clf_grid_AZDX/runs/tf_10_mf_4p0_seed_6/last_model_1.pth
2026-05-20 11:05:13,841 INFO src.train.trainer: Epoch 10
2026-05-20 11:05:17,584 INFO src.train.trainer: Last model at epoch 10 saved to /root/autodl-tmp/em_eqf/experiments/clf_grid_AZDX/runs/tf_10_mf_4p0_seed_6/last_model_1.pth
2026-05-20 11:05:17,584 INFO src.train.trainer: Epoch 11
2026-05-20 11:05:21,590 INFO src.train.trainer: Last model at epoch 11 saved to /root/autodl-tmp/em_eqf/experiments/clf_grid_AZDX/runs/tf_10_mf_4p0_seed_6/last_model_1.pth
2026-05-20 11:05:21,590 INFO src.train.trainer: Epoch 12
2026-05-20 11:05:26,093 INFO src.train.trainer: Last model at epoch 12 saved to /root/autodl-tmp/em_eqf/experiments/clf_grid_AZDX/runs/tf_10_mf_4p0_seed_6/last_model_1.pth
2026-05-20 11:05:26,094 INFO src.train.trainer: Epoch 13
2026-05-20 11:05:30,302 INFO src.train.trainer: Last model at epoch 13 saved to /root/autodl-tmp/em_eqf/experiments/clf_grid_AZDX/runs/tf_10_mf_4p0_seed_6/last_model_1.pth
2026-05-20 11:05:30,303 INFO src.train.trainer: Epoch 14
2026-05-20 11:05:35,347 INFO src.train.trainer: Last model at epoch 14 saved to /root/autodl-tmp/em_eqf/experiments/clf_grid_AZDX/runs/tf_10_mf_4p0_seed_6/last_model_1.pth
2026-05-20 11:05:35,348 INFO src.train.trainer: Epoch 15
2026-05-20 11:05:39,833 INFO src.train.trainer: Last model at epoch 15 saved to /root/autodl-tmp/em_eqf/experiments/clf_grid_AZDX/runs/tf_10_mf_4p0_seed_6/last_model_1.pth
2026-05-20 11:05:39,834 INFO src.train.trainer: Epoch 16
2026-05-20 11:05:43,988 INFO src.train.trainer: Last model at epoch 16 saved to /root/autodl-tmp/em_eqf/experiments/clf_grid_AZDX/runs/tf_10_mf_4p0_seed_6/last_model_1.pth
2026-05-20 11:05:43,988 INFO src.train.trainer: Epoch 17
2026-05-20 11:05:47,516 INFO src.train.trainer: Last model at epoch 17 saved to /root/autodl-tmp/em_eqf/experiments/clf_grid_AZDX/runs/tf_10_mf_4p0_seed_6/last_model_1.pth
2026-05-20 11:05:47,516 INFO src.train.trainer: Epoch 18
2026-05-20 11:05:51,001 INFO src.train.trainer: New best validation loss: 0.0676, saved to /root/autodl-tmp/em_eqf/experiments/clf_grid_AZDX/runs/tf_10_mf_4p0_seed_6/best_model_1.pth
2026-05-20 11:05:51,012 INFO src.train.trainer: Last model at epoch 18 saved to /root/autodl-tmp/em_eqf/experiments/clf_grid_AZDX/runs/tf_10_mf_4p0_seed_6/last_model_1.pth
2026-05-20 11:05:51,012 INFO src.train.trainer: Epoch 19
2026-05-20 11:05:55,616 INFO src.train.trainer: Last model at epoch 19 saved to /root/autodl-tmp/em_eqf/experiments/clf_grid_AZDX/runs/tf_10_mf_4p0_seed_6/last_model_1.pth
2026-05-20 11:05:55,616 INFO src.train.trainer: Epoch 20
2026-05-20 11:06:00,685 INFO src.train.trainer: Last model at epoch 20 saved to /root/autodl-tmp/em_eqf/experiments/clf_grid_AZDX/runs/tf_10_mf_4p0_seed_6/last_model_1.pth
2026-05-20 11:06:00,686 INFO src.train.trainer: Epoch 21
2026-05-20 11:06:06,205 INFO src.train.trainer: Last model at epoch 21 saved to /root/autodl-tmp/em_eqf/experiments/clf_grid_AZDX/runs/tf_10_mf_4p0_seed_6/last_model_1.pth
2026-05-20 11:06:06,205 INFO src.train.trainer: Epoch 22
2026-05-20 11:06:11,426 INFO src.train.trainer: New best validation loss: 0.0606, saved to /root/autodl-tmp/em_eqf/experiments/clf_grid_AZDX/runs/tf_10_mf_4p0_seed_6/best_model_1.pth
2026-05-20 11:06:11,435 INFO src.train.trainer: Last model at epoch 22 saved to /root/autodl-tmp/em_eqf/experiments/clf_grid_AZDX/runs/tf_10_mf_4p0_seed_6/last_model_1.pth
2026-05-20 11:06:11,435 INFO src.train.trainer: Epoch 23
2026-05-20 11:06:16,258 INFO src.train.trainer: Last model at epoch 23 saved to /root/autodl-tmp/em_eqf/experiments/clf_grid_AZDX/runs/tf_10_mf_4p0_seed_6/last_model_1.pth
2026-05-20 11:06:16,258 INFO src.train.trainer: Epoch 24
2026-05-20 11:06:20,882 INFO src.train.trainer: Last model at epoch 24 saved to /root/autodl-tmp/em_eqf/experiments/clf_grid_AZDX/runs/tf_10_mf_4p0_seed_6/last_model_1.pth
2026-05-20 11:06:20,883 INFO src.train.trainer: Epoch 25
2026-05-20 11:06:25,849 INFO src.train.trainer: Last model at epoch 25 saved to /root/autodl-tmp/em_eqf/experiments/clf_grid_AZDX/runs/tf_10_mf_4p0_seed_6/last_model_1.pth
2026-05-20 11:06:25,849 INFO src.train.trainer: Epoch 26
2026-05-20 11:06:30,457 INFO src.train.trainer: Last model at epoch 26 saved to /root/autodl-tmp/em_eqf/experiments/clf_grid_AZDX/runs/tf_10_mf_4p0_seed_6/last_model_1.pth
2026-05-20 11:06:30,457 INFO src.train.trainer: Epoch 27
2026-05-20 11:06:35,156 INFO src.train.trainer: Last model at epoch 27 saved to /root/autodl-tmp/em_eqf/experiments/clf_grid_AZDX/runs/tf_10_mf_4p0_seed_6/last_model_1.pth
2026-05-20 11:06:35,157 INFO src.train.trainer: Epoch 28
2026-05-20 11:06:39,655 INFO src.train.trainer: Last model at epoch 28 saved to /root/autodl-tmp/em_eqf/experiments/clf_grid_AZDX/runs/tf_10_mf_4p0_seed_6/last_model_1.pth
2026-05-20 11:06:39,656 INFO src.train.trainer: Epoch 29
2026-05-20 11:06:44,638 INFO src.train.trainer: Last model at epoch 29 saved to /root/autodl-tmp/em_eqf/experiments/clf_grid_AZDX/runs/tf_10_mf_4p0_seed_6/last_model_1.pth
2026-05-20 11:06:44,639 INFO src.train.trainer: Epoch 30
2026-05-20 11:06:49,252 INFO src.train.trainer: Last model at epoch 30 saved to /root/autodl-tmp/em_eqf/experiments/clf_grid_AZDX/runs/tf_10_mf_4p0_seed_6/last_model_1.pth
2026-05-20 11:06:49,252 INFO src.train.trainer: Epoch 31
2026-05-20 11:06:53,966 INFO src.train.trainer: New best validation loss: 0.0579, saved to /root/autodl-tmp/em_eqf/experiments/clf_grid_AZDX/runs/tf_10_mf_4p0_seed_6/best_model_1.pth
2026-05-20 11:06:53,975 INFO src.train.trainer: Last model at epoch 31 saved to /root/autodl-tmp/em_eqf/experiments/clf_grid_AZDX/runs/tf_10_mf_4p0_seed_6/last_model_1.pth
2026-05-20 11:06:53,975 INFO src.train.trainer: Epoch 32
2026-05-20 11:06:58,620 INFO src.train.trainer: Last model at epoch 32 saved to /root/autodl-tmp/em_eqf/experiments/clf_grid_AZDX/runs/tf_10_mf_4p0_seed_6/last_model_1.pth
2026-05-20 11:06:58,620 INFO src.train.trainer: Epoch 33
2026-05-20 11:07:03,631 INFO src.train.trainer: New best validation loss: 0.0559, saved to /root/autodl-tmp/em_eqf/experiments/clf_grid_AZDX/runs/tf_10_mf_4p0_seed_6/best_model_1.pth
2026-05-20 11:07:03,640 INFO src.train.trainer: Last model at epoch 33 saved to /root/autodl-tmp/em_eqf/experiments/clf_grid_AZDX/runs/tf_10_mf_4p0_seed_6/last_model_1.pth
2026-05-20 11:07:03,640 INFO src.train.trainer: Epoch 34
2026-05-20 11:07:08,434 INFO src.train.trainer: Last model at epoch 34 saved to /root/autodl-tmp/em_eqf/experiments/clf_grid_AZDX/runs/tf_10_mf_4p0_seed_6/last_model_1.pth
2026-05-20 11:07:08,435 INFO src.train.trainer: Epoch 35
2026-05-20 11:07:13,335 INFO src.train.trainer: Last model at epoch 35 saved to /root/autodl-tmp/em_eqf/experiments/clf_grid_AZDX/runs/tf_10_mf_4p0_seed_6/last_model_1.pth
2026-05-20 11:07:13,335 INFO src.train.trainer: Epoch 36
2026-05-20 11:07:18,018 INFO src.train.trainer: Last model at epoch 36 saved to /root/autodl-tmp/em_eqf/experiments/clf_grid_AZDX/runs/tf_10_mf_4p0_seed_6/last_model_1.pth
2026-05-20 11:07:18,018 INFO src.train.trainer: Epoch 37
2026-05-20 11:07:22,893 INFO src.train.trainer: Last model at epoch 37 saved to /root/autodl-tmp/em_eqf/experiments/clf_grid_AZDX/runs/tf_10_mf_4p0_seed_6/last_model_1.pth
2026-05-20 11:07:22,894 INFO src.train.trainer: Epoch 38
2026-05-20 11:07:27,748 INFO src.train.trainer: Last model at epoch 38 saved to /root/autodl-tmp/em_eqf/experiments/clf_grid_AZDX/runs/tf_10_mf_4p0_seed_6/last_model_1.pth
2026-05-20 11:07:27,749 INFO src.train.trainer: Epoch 39
2026-05-20 11:07:32,645 INFO src.train.trainer: Last model at epoch 39 saved to /root/autodl-tmp/em_eqf/experiments/clf_grid_AZDX/runs/tf_10_mf_4p0_seed_6/last_model_1.pth
2026-05-20 11:07:32,645 INFO src.train.trainer: Epoch 40
2026-05-20 11:07:37,788 INFO src.train.trainer: Last model at epoch 40 saved to /root/autodl-tmp/em_eqf/experiments/clf_grid_AZDX/runs/tf_10_mf_4p0_seed_6/last_model_1.pth
2026-05-20 11:07:37,789 INFO src.train.trainer: Epoch 41
2026-05-20 11:07:42,653 INFO src.train.trainer: Last model at epoch 41 saved to /root/autodl-tmp/em_eqf/experiments/clf_grid_AZDX/runs/tf_10_mf_4p0_seed_6/last_model_1.pth
2026-05-20 11:07:42,654 INFO src.train.trainer: Epoch 42
2026-05-20 11:07:47,401 INFO src.train.trainer: New best validation loss: 0.0551, saved to /root/autodl-tmp/em_eqf/experiments/clf_grid_AZDX/runs/tf_10_mf_4p0_seed_6/best_model_1.pth
2026-05-20 11:07:47,409 INFO src.train.trainer: Last model at epoch 42 saved to /root/autodl-tmp/em_eqf/experiments/clf_grid_AZDX/runs/tf_10_mf_4p0_seed_6/last_model_1.pth
2026-05-20 11:07:47,409 INFO src.train.trainer: Epoch 43
2026-05-20 11:07:52,199 INFO src.train.trainer: Last model at epoch 43 saved to /root/autodl-tmp/em_eqf/experiments/clf_grid_AZDX/runs/tf_10_mf_4p0_seed_6/last_model_1.pth
2026-05-20 11:07:52,199 INFO src.train.trainer: Epoch 44
2026-05-20 11:07:56,888 INFO src.train.trainer: Last model at epoch 44 saved to /root/autodl-tmp/em_eqf/experiments/clf_grid_AZDX/runs/tf_10_mf_4p0_seed_6/last_model_1.pth
2026-05-20 11:07:56,889 INFO src.train.trainer: Epoch 45
2026-05-20 11:08:01,785 INFO src.train.trainer: Last model at epoch 45 saved to /root/autodl-tmp/em_eqf/experiments/clf_grid_AZDX/runs/tf_10_mf_4p0_seed_6/last_model_1.pth
2026-05-20 11:08:01,785 INFO src.train.trainer: Epoch 46
2026-05-20 11:08:06,562 INFO src.train.trainer: New best validation loss: 0.0519, saved to /root/autodl-tmp/em_eqf/experiments/clf_grid_AZDX/runs/tf_10_mf_4p0_seed_6/best_model_1.pth
2026-05-20 11:08:06,571 INFO src.train.trainer: Last model at epoch 46 saved to /root/autodl-tmp/em_eqf/experiments/clf_grid_AZDX/runs/tf_10_mf_4p0_seed_6/last_model_1.pth
2026-05-20 11:08:06,572 INFO src.train.trainer: Epoch 47
2026-05-20 11:08:11,576 INFO src.train.trainer: Last model at epoch 47 saved to /root/autodl-tmp/em_eqf/experiments/clf_grid_AZDX/runs/tf_10_mf_4p0_seed_6/last_model_1.pth
2026-05-20 11:08:11,577 INFO src.train.trainer: Epoch 48
2026-05-20 11:08:16,467 INFO src.train.trainer: Last model at epoch 48 saved to /root/autodl-tmp/em_eqf/experiments/clf_grid_AZDX/runs/tf_10_mf_4p0_seed_6/last_model_1.pth
2026-05-20 11:08:16,467 INFO src.train.trainer: Epoch 49
2026-05-20 11:08:21,307 INFO src.train.trainer: Last model at epoch 49 saved to /root/autodl-tmp/em_eqf/experiments/clf_grid_AZDX/runs/tf_10_mf_4p0_seed_6/last_model_1.pth
2026-05-20 11:08:21,307 INFO src.train.trainer: Epoch 50
2026-05-20 11:08:25,792 INFO src.train.trainer: Last model at epoch 50 saved to /root/autodl-tmp/em_eqf/experiments/clf_grid_AZDX/runs/tf_10_mf_4p0_seed_6/last_model_1.pth
2026-05-20 11:08:25,792 INFO src.train.trainer: Epoch 51
2026-05-20 11:08:29,667 INFO src.train.trainer: Last model at epoch 51 saved to /root/autodl-tmp/em_eqf/experiments/clf_grid_AZDX/runs/tf_10_mf_4p0_seed_6/last_model_1.pth
2026-05-20 11:08:29,667 INFO src.train.trainer: Epoch 52
2026-05-20 11:08:32,805 INFO src.train.trainer: Last model at epoch 52 saved to /root/autodl-tmp/em_eqf/experiments/clf_grid_AZDX/runs/tf_10_mf_4p0_seed_6/last_model_1.pth
2026-05-20 11:08:32,806 INFO src.train.trainer: Epoch 53
2026-05-20 11:08:36,126 INFO src.train.trainer: Last model at epoch 53 saved to /root/autodl-tmp/em_eqf/experiments/clf_grid_AZDX/runs/tf_10_mf_4p0_seed_6/last_model_1.pth
2026-05-20 11:08:36,126 INFO src.train.trainer: Epoch 54
2026-05-20 11:08:39,555 INFO src.train.trainer: Last model at epoch 54 saved to /root/autodl-tmp/em_eqf/experiments/clf_grid_AZDX/runs/tf_10_mf_4p0_seed_6/last_model_1.pth
2026-05-20 11:08:39,555 INFO src.train.trainer: Epoch 55
2026-05-20 11:08:42,927 INFO src.train.trainer: Last model at epoch 55 saved to /root/autodl-tmp/em_eqf/experiments/clf_grid_AZDX/runs/tf_10_mf_4p0_seed_6/last_model_1.pth
2026-05-20 11:08:42,927 INFO src.train.trainer: Epoch 56
2026-05-20 11:08:46,930 INFO src.train.trainer: Last model at epoch 56 saved to /root/autodl-tmp/em_eqf/experiments/clf_grid_AZDX/runs/tf_10_mf_4p0_seed_6/last_model_1.pth
2026-05-20 11:08:46,930 INFO src.train.trainer: Early stopping triggered at epoch 56 (best epoch: 46, best val loss: 0.051865)
2026-05-20 11:08:58,479 INFO src.data.preprocessing: CSV files found: ['chuandian_2021.csv']
2026-05-20 11:08:59,435 INFO src.utils.file_utils: Loading cached data from: data/ChuanDian/classifier/classifier_Mc_3_Mf_4.0_Tfore_10_Twindow_180_context_len_1_dt_10.pkl
2026-05-20 11:08:59,767 INFO src.data.preprocessing: Catalog statistics: {'tau_unfiltered': 0.15339908988298961, 'tau_q025': 0.08114294020924717, 'tau_q05': 0.5134664350189269, 'tau_mean': 1.3070542199341526, 'tau_max': 25.18216435192153, 'tau_min': 0.0, 'time_max': 18770.72654999979, 'time_mean': 10030.9430649837, 'mag_completeness': 3.0, 'mag_mean': 3.456916005014626, 'mag_max': 8.0, 'mag_min': 3.0, 'b_value': 0.856738547623331, 'b_std': 0.0071499224812533796, 'b_n': 14358}
2026-05-20 11:08:59,810 INFO src.data.event_loader: lengths of samples: min=32, max=981, avg=135.51
2026-05-20 11:08:59,810 INFO src.data.event_loader: Number of positive samples: 780
2026-05-20 11:08:59,811 INFO src.data.event_loader: Number of negative samples: 683
2026-05-20 11:08:59,812 INFO src.data.event_loader: Positive samples: 594, Negative samples: 576
2026-05-20 11:08:59,812 INFO src.data.event_loader: Total samples: 1170, Positive ratio: 0.51, Negative ratio: 0.49
2026-05-20 11:08:59,812 INFO src.data.event_loader: Positive samples: 107, Negative samples: 39
2026-05-20 11:08:59,812 INFO src.data.event_loader: Total samples: 146, Positive ratio: 0.73, Negative ratio: 0.27
2026-05-20 11:08:59,812 INFO src.data.event_loader: Positive samples: 79, Negative samples: 68
2026-05-20 11:08:59,812 INFO src.data.event_loader: Total samples: 147, Positive ratio: 0.54, Negative ratio: 0.46
2026-05-20 11:09:00,271 INFO src.models.adapters.mixer_task: using time scale base 1.3070542199341526 (key: tau_mean)
2026-05-20 11:09:00,271 INFO src.models.adapters.mixer_task: tau mean: tensor(1.3071)
2026-05-20 11:09:00,281 INFO src.train.config_setup: Restoring model from checkpoint.
2026-05-20 11:09:00,281 INFO src.train.config_setup: Loading model weights: load_specific_parts=None
2026-05-20 11:09:00,283 INFO src.train.config_setup: Checkpoint loaded: <All keys matched successfully>
2026-05-20 11:09:00,283 INFO src.train.config_setup: Full load summary: loaded=56, missing=0, unexpected=0
2026-05-20 11:09:00,284 INFO src.train.config_setup: Checkpoint hyperparameters loaded.
2026-05-20 11:09:00,284 INFO src.train.config_setup: Checkpoint train metrics available.
2026-05-20 11:09:00,284 INFO src.train.config_setup: Checkpoint val metrics available.
2026-05-20 11:09:00,284 INFO src.train.config_setup: Freeze skipped (checkpoint_restore): freeze_parts is empty.
2026-05-20 11:09:00,284 INFO src.train.config_setup: Using classification criterion: focal
2026-05-20 11:09:00,284 INFO src.train.config_setup: Criterion config: {'alpha': 0.5, 'gamma': 2.0}
2026-05-20 11:09:00,285 INFO src.train.config_setup: Not resuming optimizer/scheduler state; reset training state to start_epoch=0, best_val_loss=inf.
2026-05-20 11:09:00,285 INFO src.cli.common: Using threshold 0.40699630975723267 from checkpoint val_metrics for testing.
2026-05-20 11:09:05,135 INFO src.utils.metrics: ROC curve saved to /root/autodl-tmp/em_eqf/experiments/clf_grid_AZDX/runs/tf_10_mf_4p0_seed_6/roc_curve.png
2026-05-20 11:09:05,242 INFO src.utils.metrics: PR curve saved to /root/autodl-tmp/em_eqf/experiments/clf_grid_AZDX/runs/tf_10_mf_4p0_seed_6/pr_curve.png
2026-05-20 11:09:05,307 INFO src.utils.metrics: Confusion matrix saved to /root/autodl-tmp/em_eqf/experiments/clf_grid_AZDX/runs/tf_10_mf_4p0_seed_6/confusion_matrix.png
2026-05-20 11:09:05,307 INFO src.cli.workflows: Test loss: 0.06694206669926643
2026-05-20 11:09:07,038 INFO src.train.classifier_train_step: Prediction distribution plot has been saved to: /root/autodl-tmp/em_eqf/experiments/clf_grid_AZDX/runs/tf_10_mf_4p0_seed_6/train_pred_distribution.png
2026-05-20 11:09:07,532 INFO src.train.classifier_train_step: Prediction distribution plot has been saved to: /root/autodl-tmp/em_eqf/experiments/clf_grid_AZDX/runs/tf_10_mf_4p0_seed_6/val_pred_distribution.png
2026-05-20 11:09:08,024 INFO src.train.classifier_train_step: Prediction distribution plot has been saved to: /root/autodl-tmp/em_eqf/experiments/clf_grid_AZDX/runs/tf_10_mf_4p0_seed_6/test_pred_distribution.png
2026-05-20 11:09:08,024 INFO src.cli.common: Saved test metrics to /root/autodl-tmp/em_eqf/experiments/clf_grid_AZDX/runs/tf_10_mf_4p0_seed_6/metrics_test_best_1.json
2026-05-20 11:09:08,024 INFO src.cli.common: Metrics: {'precision': 0.5681818181818182, 'recall': 0.9493670886075949, 'f1': 0.7109004739336493, 'auc': 0.795048399106478, 'pr_auc': 0.8609996646099134, 'fpr': 0.8382352941176471, 'tpr': 0.9493670886075949, 'R': 0.11113179448994781, 'conf': 7.180080496617996e-14, 'threshold': 0.40699630975723267}
