2026-05-10 21:30:06,155 INFO src.data.preprocessing: CSV files found: ['chuandian_2021.csv']
2026-05-10 21:30:06,920 INFO src.utils.file_utils: Loading cached data from: data/ChuanDian/classifier/classifier_Mc_3_Mf_4.0_Tfore_10_Twindow_180_context_len_1_dt_10.pkl
2026-05-10 21:30:07,219 INFO src.data.preprocessing: Catalog statistics: {'tau_unfiltered': 0.15339908988298961, 'tau_q025': 0.08114294020924717, 'tau_q05': 0.5134664350189269, 'tau_mean': 1.3070542199341526, 'tau_max': 25.18216435192153, 'tau_min': 0.0, 'time_max': 18770.72654999979, 'time_mean': 10030.9430649837, 'mag_completeness': 3.0, 'mag_mean': 3.456916005014626, 'mag_max': 8.0, 'mag_min': 3.0, 'b_value': 0.856738547623331, 'b_std': 0.0071499224812533796, 'b_n': 14358}
2026-05-10 21:30:07,238 INFO src.data.event_loader: lengths of samples: min=32, max=981, avg=135.51
2026-05-10 21:30:07,238 INFO src.data.event_loader: Number of positive samples: 780
2026-05-10 21:30:07,238 INFO src.data.event_loader: Number of negative samples: 683
2026-05-10 21:30:07,260 INFO src.data.event_loader: Positive samples: 594, Negative samples: 576
2026-05-10 21:30:07,260 INFO src.data.event_loader: Total samples: 1170, Positive ratio: 0.51, Negative ratio: 0.49
2026-05-10 21:30:07,260 INFO src.data.event_loader: Positive samples: 107, Negative samples: 39
2026-05-10 21:30:07,260 INFO src.data.event_loader: Total samples: 146, Positive ratio: 0.73, Negative ratio: 0.27
2026-05-10 21:30:07,260 INFO src.data.event_loader: Positive samples: 79, Negative samples: 68
2026-05-10 21:30:07,260 INFO src.data.event_loader: Total samples: 147, Positive ratio: 0.54, Negative ratio: 0.46
2026-05-10 21:30:07,392 INFO src.cli.workflows: Loading checkpoint from: ./checkpoints/mixer_tpp_20260510-211348/last_model_1.pth
2026-05-10 21:30:07,913 INFO src.models.adapters.mixer_task: using time scale base 1.3070542199341526 (key: tau_mean)
2026-05-10 21:30:07,913 INFO src.models.adapters.mixer_task: tau mean: tensor(1.3071)
2026-05-10 21:30:07,918 INFO src.train.config_setup: Restoring model from checkpoint.
2026-05-10 21:30:07,919 INFO src.train.config_setup: Loading model weights: load_specific_parts=['encoder']
2026-05-10 21:30:07,920 INFO src.train.config_setup: Selective load summary: requested_parts=['encoder'], target_in_model=40, matched_in_checkpoint=30, loaded=30, missing_after_load=10, shape_mismatch=0, missing_in_model=0, out_of_scope_loaded=0
2026-05-10 21:30:07,920 INFO src.train.config_setup: Selective load coverage [encoder]: target=40, hit=30, missing=10, complete=False
2026-05-10 21:30:07,920 WARNING src.train.config_setup: Selective load coverage missing preview [encoder]: ['base_model.encoder.layers.2.mixer.in_proj.bias', 'base_model.encoder.layers.2.mixer.in_proj.weight', 'base_model.encoder.layers.2.mixer.out_proj.bias', 'base_model.encoder.layers.2.mixer.out_proj.weight', 'base_model.encoder.layers.2.mlp.fc1.weight', 'base_model.encoder.layers.2.mlp.fc2.weight', 'base_model.encoder.layers.2.norm.bias', 'base_model.encoder.layers.2.norm.weight'] ... (+2 more)
2026-05-10 21:30:07,920 WARNING src.train.config_setup: Checkpoint missing target parameter preview: ['base_model.encoder.layers.2.mixer.in_proj.bias', 'base_model.encoder.layers.2.mixer.in_proj.weight', 'base_model.encoder.layers.2.mixer.out_proj.bias', 'base_model.encoder.layers.2.mixer.out_proj.weight', 'base_model.encoder.layers.2.mlp.fc1.weight', 'base_model.encoder.layers.2.mlp.fc2.weight', 'base_model.encoder.layers.2.norm.bias', 'base_model.encoder.layers.2.norm.weight', 'base_model.encoder.layers.2.norm2.bias', 'base_model.encoder.layers.2.norm2.weight']
2026-05-10 21:30:07,920 WARNING src.train.config_setup: Target not-loaded parameter preview: ['base_model.encoder.layers.2.mixer.in_proj.bias', 'base_model.encoder.layers.2.mixer.in_proj.weight', 'base_model.encoder.layers.2.mixer.out_proj.bias', 'base_model.encoder.layers.2.mixer.out_proj.weight', 'base_model.encoder.layers.2.mlp.fc1.weight', 'base_model.encoder.layers.2.mlp.fc2.weight', 'base_model.encoder.layers.2.norm.bias', 'base_model.encoder.layers.2.norm.weight', 'base_model.encoder.layers.2.norm2.bias', 'base_model.encoder.layers.2.norm2.weight']
2026-05-10 21:30:07,920 INFO src.train.config_setup: Loaded parameter preview: ['base_model.encoder.input_proj.0.bias', 'base_model.encoder.layers.0.mixer.in_proj.weight', 'base_model.encoder.layers.0.mixer.norm.weight', 'base_model.encoder.layers.1.mlp.fc1.weight', 'base_model.encoder.norm_f.bias', 'base_model.encoder.layers.1.mixer.dt_bias', 'base_model.encoder.layers.1.norm2.weight', 'base_model.encoder.layers.0.mlp.fc1.weight', 'base_model.encoder.layers.1.mixer.norm.weight', 'base_model.encoder.layers.1.norm2.bias'] ... (+20 more)
2026-05-10 21:30:07,921 INFO src.train.config_setup: Checkpoint hyperparameters loaded.
2026-05-10 21:30:07,921 INFO src.train.config_setup: Checkpoint train metrics available.
2026-05-10 21:30:07,921 INFO src.train.config_setup: Checkpoint val metrics available.
2026-05-10 21:30:07,921 INFO src.train.config_setup: Freeze skipped (checkpoint_restore): freeze_parts is empty.
2026-05-10 21:30:07,921 INFO src.train.config_setup: Using classification criterion: focal
2026-05-10 21:30:07,921 INFO src.train.config_setup: Criterion config: {'alpha': 0.5, 'gamma': 2.0}
2026-05-10 21:30:07,922 INFO src.train.config_setup: Not resuming optimizer/scheduler state; reset training state to start_epoch=0, best_val_loss=inf.
2026-05-10 21:30:07,923 INFO src.train.trainer: Epoch 1
2026-05-10 21:30:23,647 INFO src.train.trainer: New best validation loss: 0.0911, saved to /root/autodl-tmp/em_eqf/experiments/clf_grid_9/runs/tf_10_mf_4p0_seed_2/best_model_1.pth
2026-05-10 21:30:23,653 INFO src.train.trainer: Last model at epoch 1 saved to /root/autodl-tmp/em_eqf/experiments/clf_grid_9/runs/tf_10_mf_4p0_seed_2/last_model_1.pth
2026-05-10 21:30:23,653 INFO src.train.trainer: Epoch 2
2026-05-10 21:30:25,953 INFO src.train.trainer: New best validation loss: 0.0897, saved to /root/autodl-tmp/em_eqf/experiments/clf_grid_9/runs/tf_10_mf_4p0_seed_2/best_model_1.pth
2026-05-10 21:30:25,964 INFO src.train.trainer: Last model at epoch 2 saved to /root/autodl-tmp/em_eqf/experiments/clf_grid_9/runs/tf_10_mf_4p0_seed_2/last_model_1.pth
2026-05-10 21:30:25,964 INFO src.train.trainer: Epoch 3
2026-05-10 21:30:28,233 INFO src.train.trainer: New best validation loss: 0.0811, saved to /root/autodl-tmp/em_eqf/experiments/clf_grid_9/runs/tf_10_mf_4p0_seed_2/best_model_1.pth
2026-05-10 21:30:28,241 INFO src.train.trainer: Last model at epoch 3 saved to /root/autodl-tmp/em_eqf/experiments/clf_grid_9/runs/tf_10_mf_4p0_seed_2/last_model_1.pth
2026-05-10 21:30:28,241 INFO src.train.trainer: Epoch 4
2026-05-10 21:30:30,288 INFO src.train.trainer: Last model at epoch 4 saved to /root/autodl-tmp/em_eqf/experiments/clf_grid_9/runs/tf_10_mf_4p0_seed_2/last_model_1.pth
2026-05-10 21:30:30,288 INFO src.train.trainer: Epoch 5
2026-05-10 21:30:32,400 INFO src.train.trainer: New best validation loss: 0.0804, saved to /root/autodl-tmp/em_eqf/experiments/clf_grid_9/runs/tf_10_mf_4p0_seed_2/best_model_1.pth
2026-05-10 21:30:32,406 INFO src.train.trainer: Last model at epoch 5 saved to /root/autodl-tmp/em_eqf/experiments/clf_grid_9/runs/tf_10_mf_4p0_seed_2/last_model_1.pth
2026-05-10 21:30:32,407 INFO src.train.trainer: Epoch 6
2026-05-10 21:30:34,536 INFO src.train.trainer: New best validation loss: 0.0784, saved to /root/autodl-tmp/em_eqf/experiments/clf_grid_9/runs/tf_10_mf_4p0_seed_2/best_model_1.pth
2026-05-10 21:30:34,545 INFO src.train.trainer: Last model at epoch 6 saved to /root/autodl-tmp/em_eqf/experiments/clf_grid_9/runs/tf_10_mf_4p0_seed_2/last_model_1.pth
2026-05-10 21:30:34,545 INFO src.train.trainer: Epoch 7
2026-05-10 21:30:36,624 INFO src.train.trainer: Last model at epoch 7 saved to /root/autodl-tmp/em_eqf/experiments/clf_grid_9/runs/tf_10_mf_4p0_seed_2/last_model_1.pth
2026-05-10 21:30:36,624 INFO src.train.trainer: Epoch 8
2026-05-10 21:30:38,601 INFO src.train.trainer: Last model at epoch 8 saved to /root/autodl-tmp/em_eqf/experiments/clf_grid_9/runs/tf_10_mf_4p0_seed_2/last_model_1.pth
2026-05-10 21:30:38,601 INFO src.train.trainer: Epoch 9
2026-05-10 21:30:40,656 INFO src.train.trainer: Last model at epoch 9 saved to /root/autodl-tmp/em_eqf/experiments/clf_grid_9/runs/tf_10_mf_4p0_seed_2/last_model_1.pth
2026-05-10 21:30:40,656 INFO src.train.trainer: Epoch 10
2026-05-10 21:30:42,926 INFO src.train.trainer: Last model at epoch 10 saved to /root/autodl-tmp/em_eqf/experiments/clf_grid_9/runs/tf_10_mf_4p0_seed_2/last_model_1.pth
2026-05-10 21:30:42,927 INFO src.train.trainer: Epoch 11
2026-05-10 21:30:45,137 INFO src.train.trainer: Last model at epoch 11 saved to /root/autodl-tmp/em_eqf/experiments/clf_grid_9/runs/tf_10_mf_4p0_seed_2/last_model_1.pth
2026-05-10 21:30:45,138 INFO src.train.trainer: Epoch 12
2026-05-10 21:30:47,218 INFO src.train.trainer: Last model at epoch 12 saved to /root/autodl-tmp/em_eqf/experiments/clf_grid_9/runs/tf_10_mf_4p0_seed_2/last_model_1.pth
2026-05-10 21:30:47,219 INFO src.train.trainer: Epoch 13
2026-05-10 21:30:49,527 INFO src.train.trainer: Last model at epoch 13 saved to /root/autodl-tmp/em_eqf/experiments/clf_grid_9/runs/tf_10_mf_4p0_seed_2/last_model_1.pth
2026-05-10 21:30:49,527 INFO src.train.trainer: Epoch 14
2026-05-10 21:30:51,717 INFO src.train.trainer: Last model at epoch 14 saved to /root/autodl-tmp/em_eqf/experiments/clf_grid_9/runs/tf_10_mf_4p0_seed_2/last_model_1.pth
2026-05-10 21:30:51,717 INFO src.train.trainer: Epoch 15
2026-05-10 21:30:53,848 INFO src.train.trainer: Last model at epoch 15 saved to /root/autodl-tmp/em_eqf/experiments/clf_grid_9/runs/tf_10_mf_4p0_seed_2/last_model_1.pth
2026-05-10 21:30:53,848 INFO src.train.trainer: Epoch 16
2026-05-10 21:30:55,995 INFO src.train.trainer: Last model at epoch 16 saved to /root/autodl-tmp/em_eqf/experiments/clf_grid_9/runs/tf_10_mf_4p0_seed_2/last_model_1.pth
2026-05-10 21:30:55,995 INFO src.train.trainer: Early stopping triggered at epoch 16 (best epoch: 6, best val loss: 0.078410)
2026-05-10 21:31:07,092 INFO src.data.preprocessing: CSV files found: ['chuandian_2021.csv']
2026-05-10 21:31:07,796 INFO src.utils.file_utils: Loading cached data from: data/ChuanDian/classifier/classifier_Mc_3_Mf_4.0_Tfore_10_Twindow_180_context_len_1_dt_10.pkl
2026-05-10 21:31:08,102 INFO src.data.preprocessing: Catalog statistics: {'tau_unfiltered': 0.15339908988298961, 'tau_q025': 0.08114294020924717, 'tau_q05': 0.5134664350189269, 'tau_mean': 1.3070542199341526, 'tau_max': 25.18216435192153, 'tau_min': 0.0, 'time_max': 18770.72654999979, 'time_mean': 10030.9430649837, 'mag_completeness': 3.0, 'mag_mean': 3.456916005014626, 'mag_max': 8.0, 'mag_min': 3.0, 'b_value': 0.856738547623331, 'b_std': 0.0071499224812533796, 'b_n': 14358}
2026-05-10 21:31:08,121 INFO src.data.event_loader: lengths of samples: min=32, max=981, avg=135.51
2026-05-10 21:31:08,121 INFO src.data.event_loader: Number of positive samples: 780
2026-05-10 21:31:08,121 INFO src.data.event_loader: Number of negative samples: 683
2026-05-10 21:31:08,122 INFO src.data.event_loader: Positive samples: 594, Negative samples: 576
2026-05-10 21:31:08,122 INFO src.data.event_loader: Total samples: 1170, Positive ratio: 0.51, Negative ratio: 0.49
2026-05-10 21:31:08,123 INFO src.data.event_loader: Positive samples: 107, Negative samples: 39
2026-05-10 21:31:08,123 INFO src.data.event_loader: Total samples: 146, Positive ratio: 0.73, Negative ratio: 0.27
2026-05-10 21:31:08,123 INFO src.data.event_loader: Positive samples: 79, Negative samples: 68
2026-05-10 21:31:08,123 INFO src.data.event_loader: Total samples: 147, Positive ratio: 0.54, Negative ratio: 0.46
2026-05-10 21:31:08,545 INFO src.models.adapters.mixer_task: using time scale base 1.3070542199341526 (key: tau_mean)
2026-05-10 21:31:08,545 INFO src.models.adapters.mixer_task: tau mean: tensor(1.3071)
2026-05-10 21:31:08,550 INFO src.train.config_setup: Restoring model from checkpoint.
2026-05-10 21:31:08,550 INFO src.train.config_setup: Loading model weights: load_specific_parts=None
2026-05-10 21:31:08,552 INFO src.train.config_setup: Checkpoint loaded: <All keys matched successfully>
2026-05-10 21:31:08,552 INFO src.train.config_setup: Full load summary: loaded=56, missing=0, unexpected=0
2026-05-10 21:31:08,553 INFO src.train.config_setup: Checkpoint hyperparameters loaded.
2026-05-10 21:31:08,553 INFO src.train.config_setup: Checkpoint train metrics available.
2026-05-10 21:31:08,553 INFO src.train.config_setup: Checkpoint val metrics available.
2026-05-10 21:31:08,553 INFO src.train.config_setup: Freeze skipped (checkpoint_restore): freeze_parts is empty.
2026-05-10 21:31:08,553 INFO src.train.config_setup: Using classification criterion: focal
2026-05-10 21:31:08,553 INFO src.train.config_setup: Criterion config: {'alpha': 0.5, 'gamma': 2.0}
2026-05-10 21:31:08,554 INFO src.train.config_setup: Not resuming optimizer/scheduler state; reset training state to start_epoch=0, best_val_loss=inf.
2026-05-10 21:31:08,554 INFO src.cli.common: Using threshold 0.46569812297821045 from checkpoint val_metrics for testing.
2026-05-10 21:31:12,918 INFO src.utils.metrics: ROC curve saved to /root/autodl-tmp/em_eqf/experiments/clf_grid_9/runs/tf_10_mf_4p0_seed_2/roc_curve.png
2026-05-10 21:31:13,027 INFO src.utils.metrics: PR curve saved to /root/autodl-tmp/em_eqf/experiments/clf_grid_9/runs/tf_10_mf_4p0_seed_2/pr_curve.png
2026-05-10 21:31:13,089 INFO src.utils.metrics: Confusion matrix saved to /root/autodl-tmp/em_eqf/experiments/clf_grid_9/runs/tf_10_mf_4p0_seed_2/confusion_matrix.png
2026-05-10 21:31:13,090 INFO src.cli.workflows: Test loss: 0.09456452478965123
2026-05-10 21:31:13,665 INFO src.train.classifier_train_step: Prediction distribution plot has been saved to: /root/autodl-tmp/em_eqf/experiments/clf_grid_9/runs/tf_10_mf_4p0_seed_2/train_pred_distribution.png
2026-05-10 21:31:13,947 INFO src.train.classifier_train_step: Prediction distribution plot has been saved to: /root/autodl-tmp/em_eqf/experiments/clf_grid_9/runs/tf_10_mf_4p0_seed_2/val_pred_distribution.png
2026-05-10 21:31:14,221 INFO src.train.classifier_train_step: Prediction distribution plot has been saved to: /root/autodl-tmp/em_eqf/experiments/clf_grid_9/runs/tf_10_mf_4p0_seed_2/test_pred_distribution.png
2026-05-10 21:31:14,221 INFO src.cli.common: Saved test metrics to /root/autodl-tmp/em_eqf/experiments/clf_grid_9/runs/tf_10_mf_4p0_seed_2/metrics_test_best_1.json
2026-05-10 21:31:14,221 INFO src.cli.common: Metrics: {'precision': 0.5342465753424658, 'recall': 0.9873417721518988, 'f1': 0.6933333333333334, 'auc': 0.6055472822040209, 'pr_auc': 0.6253688726462532, 'fpr': 1.0, 'tpr': 0.9873417721518988, 'R': -0.012658227848101222, 'conf': 0.0, 'threshold': 0.46569812297821045}
