2026-05-21 16:05:14,906 INFO src.data.preprocessing: CSV files found: ['chuandian_2021.csv']
2026-05-21 16:05:15,459 INFO src.utils.file_utils: Loading cached data from: data/ChuanDian/classifier/classifier_Mc_3_Mf_4.5_Tfore_30_Twindow_180_context_len_1_dt_10.pkl
2026-05-21 16:05:15,756 INFO src.data.preprocessing: Catalog statistics: {'tau_unfiltered': 0.15339908988298961, 'tau_q025': 0.08114294020924717, 'tau_q05': 0.5134664350189269, 'tau_mean': 1.3070542199341526, 'tau_max': 25.18216435192153, 'tau_min': 0.0, 'time_max': 18770.72654999979, 'time_mean': 10030.9430649837, 'mag_completeness': 3.0, 'mag_mean': 3.456916005014626, 'mag_max': 8.0, 'mag_min': 3.0, 'b_value': 0.856738547623331, 'b_std': 0.0071499224812533796, 'b_n': 14358}
2026-05-21 16:05:15,771 INFO src.data.event_loader: lengths of samples: min=32, max=981, avg=135.26
2026-05-21 16:05:15,771 INFO src.data.event_loader: Number of positive samples: 836
2026-05-21 16:05:15,771 INFO src.data.event_loader: Number of negative samples: 594
2026-05-21 16:05:15,772 INFO src.data.event_loader: Positive samples: 706, Negative samples: 438
2026-05-21 16:05:15,772 INFO src.data.event_loader: Total samples: 1144, Positive ratio: 0.62, Negative ratio: 0.38
2026-05-21 16:05:15,773 INFO src.data.event_loader: Positive samples: 83, Negative samples: 60
2026-05-21 16:05:15,773 INFO src.data.event_loader: Total samples: 143, Positive ratio: 0.58, Negative ratio: 0.42
2026-05-21 16:05:15,773 INFO src.data.event_loader: Positive samples: 47, Negative samples: 96
2026-05-21 16:05:15,773 INFO src.data.event_loader: Total samples: 143, Positive ratio: 0.33, Negative ratio: 0.67
2026-05-21 16:05:15,838 INFO src.cli.workflows: Loading checkpoint from: ./checkpoints/mixer_tpp_20260508-182744/last_model_1.pth
2026-05-21 16:05:16,364 INFO src.models.adapters.mixer_task: using time scale base 1.3070542199341526 (key: tau_mean)
2026-05-21 16:05:16,364 INFO src.models.adapters.mixer_task: tau mean: tensor(1.3071)
2026-05-21 16:05:16,371 INFO src.train.config_setup: Restoring model from checkpoint.
2026-05-21 16:05:16,372 INFO src.train.config_setup: Loading model weights: load_specific_parts=['encoder']
2026-05-21 16:05:16,373 INFO src.train.config_setup: Selective load summary: requested_parts=['encoder'], target_in_model=40, matched_in_checkpoint=30, loaded=30, missing_after_load=10, shape_mismatch=0, missing_in_model=0, out_of_scope_loaded=0
2026-05-21 16:05:16,373 INFO src.train.config_setup: Selective load coverage [encoder]: target=40, hit=30, missing=10, complete=False
2026-05-21 16:05:16,373 WARNING src.train.config_setup: Selective load coverage missing preview [encoder]: ['base_model.encoder.layers.2.mixer.in_proj.bias', 'base_model.encoder.layers.2.mixer.in_proj.weight', 'base_model.encoder.layers.2.mixer.out_proj.bias', 'base_model.encoder.layers.2.mixer.out_proj.weight', 'base_model.encoder.layers.2.mlp.fc1.weight', 'base_model.encoder.layers.2.mlp.fc2.weight', 'base_model.encoder.layers.2.norm.bias', 'base_model.encoder.layers.2.norm.weight'] ... (+2 more)
2026-05-21 16:05:16,373 WARNING src.train.config_setup: Checkpoint missing target parameter preview: ['base_model.encoder.layers.2.mixer.in_proj.bias', 'base_model.encoder.layers.2.mixer.in_proj.weight', 'base_model.encoder.layers.2.mixer.out_proj.bias', 'base_model.encoder.layers.2.mixer.out_proj.weight', 'base_model.encoder.layers.2.mlp.fc1.weight', 'base_model.encoder.layers.2.mlp.fc2.weight', 'base_model.encoder.layers.2.norm.bias', 'base_model.encoder.layers.2.norm.weight', 'base_model.encoder.layers.2.norm2.bias', 'base_model.encoder.layers.2.norm2.weight']
2026-05-21 16:05:16,373 WARNING src.train.config_setup: Target not-loaded parameter preview: ['base_model.encoder.layers.2.mixer.in_proj.bias', 'base_model.encoder.layers.2.mixer.in_proj.weight', 'base_model.encoder.layers.2.mixer.out_proj.bias', 'base_model.encoder.layers.2.mixer.out_proj.weight', 'base_model.encoder.layers.2.mlp.fc1.weight', 'base_model.encoder.layers.2.mlp.fc2.weight', 'base_model.encoder.layers.2.norm.bias', 'base_model.encoder.layers.2.norm.weight', 'base_model.encoder.layers.2.norm2.bias', 'base_model.encoder.layers.2.norm2.weight']
2026-05-21 16:05:16,373 INFO src.train.config_setup: Loaded parameter preview: ['base_model.encoder.layers.1.norm.weight', 'base_model.encoder.layers.1.norm2.bias', 'base_model.encoder.layers.1.norm.bias', 'base_model.encoder.layers.0.mixer.dt_bias', 'base_model.encoder.input_proj.0.bias', 'base_model.encoder.input_proj.0.weight', 'base_model.encoder.norm_f.weight', 'base_model.encoder.layers.1.mlp.fc1.weight', 'base_model.encoder.layers.1.norm2.weight', 'base_model.encoder.input_proj.3.weight'] ... (+20 more)
2026-05-21 16:05:16,374 INFO src.train.config_setup: Checkpoint hyperparameters loaded.
2026-05-21 16:05:16,374 INFO src.train.config_setup: Checkpoint train metrics available.
2026-05-21 16:05:16,374 INFO src.train.config_setup: Checkpoint val metrics available.
2026-05-21 16:05:16,374 INFO src.train.config_setup: Freeze skipped (checkpoint_restore): freeze_parts is empty.
2026-05-21 16:05:16,374 INFO src.train.config_setup: Using classification criterion: focal
2026-05-21 16:05:16,374 INFO src.train.config_setup: Criterion config: {'alpha': 0.5, 'gamma': 2.0}
2026-05-21 16:05:16,375 INFO src.train.config_setup: Not resuming optimizer/scheduler state; reset training state to start_epoch=0, best_val_loss=inf.
2026-05-21 16:05:16,376 INFO src.train.trainer: Epoch 1
2026-05-21 16:05:31,953 INFO src.train.trainer: New best validation loss: 0.0929, saved to /root/autodl-tmp/em_eqf/experiments/clf_pre_v1/clf_pre_AZDX_v1/runs/tf_30_mf_4p5_seed_0/best_model_1.pth
2026-05-21 16:05:31,958 INFO src.train.trainer: Last model at epoch 1 saved to /root/autodl-tmp/em_eqf/experiments/clf_pre_v1/clf_pre_AZDX_v1/runs/tf_30_mf_4p5_seed_0/last_model_1.pth
2026-05-21 16:05:31,958 INFO src.train.trainer: Epoch 2
2026-05-21 16:05:35,524 INFO src.train.trainer: New best validation loss: 0.0864, saved to /root/autodl-tmp/em_eqf/experiments/clf_pre_v1/clf_pre_AZDX_v1/runs/tf_30_mf_4p5_seed_0/best_model_1.pth
2026-05-21 16:05:35,533 INFO src.train.trainer: Last model at epoch 2 saved to /root/autodl-tmp/em_eqf/experiments/clf_pre_v1/clf_pre_AZDX_v1/runs/tf_30_mf_4p5_seed_0/last_model_1.pth
2026-05-21 16:05:35,533 INFO src.train.trainer: Epoch 3
2026-05-21 16:05:39,161 INFO src.train.trainer: Last model at epoch 3 saved to /root/autodl-tmp/em_eqf/experiments/clf_pre_v1/clf_pre_AZDX_v1/runs/tf_30_mf_4p5_seed_0/last_model_1.pth
2026-05-21 16:05:39,162 INFO src.train.trainer: Epoch 4
2026-05-21 16:05:42,799 INFO src.train.trainer: New best validation loss: 0.0816, saved to /root/autodl-tmp/em_eqf/experiments/clf_pre_v1/clf_pre_AZDX_v1/runs/tf_30_mf_4p5_seed_0/best_model_1.pth
2026-05-21 16:05:42,807 INFO src.train.trainer: Last model at epoch 4 saved to /root/autodl-tmp/em_eqf/experiments/clf_pre_v1/clf_pre_AZDX_v1/runs/tf_30_mf_4p5_seed_0/last_model_1.pth
2026-05-21 16:05:42,808 INFO src.train.trainer: Epoch 5
2026-05-21 16:05:46,364 INFO src.train.trainer: New best validation loss: 0.0800, saved to /root/autodl-tmp/em_eqf/experiments/clf_pre_v1/clf_pre_AZDX_v1/runs/tf_30_mf_4p5_seed_0/best_model_1.pth
2026-05-21 16:05:46,371 INFO src.train.trainer: Last model at epoch 5 saved to /root/autodl-tmp/em_eqf/experiments/clf_pre_v1/clf_pre_AZDX_v1/runs/tf_30_mf_4p5_seed_0/last_model_1.pth
2026-05-21 16:05:46,371 INFO src.train.trainer: Epoch 6
2026-05-21 16:05:49,958 INFO src.train.trainer: Last model at epoch 6 saved to /root/autodl-tmp/em_eqf/experiments/clf_pre_v1/clf_pre_AZDX_v1/runs/tf_30_mf_4p5_seed_0/last_model_1.pth
2026-05-21 16:05:49,958 INFO src.train.trainer: Epoch 7
2026-05-21 16:05:53,556 INFO src.train.trainer: New best validation loss: 0.0784, saved to /root/autodl-tmp/em_eqf/experiments/clf_pre_v1/clf_pre_AZDX_v1/runs/tf_30_mf_4p5_seed_0/best_model_1.pth
2026-05-21 16:05:53,562 INFO src.train.trainer: Last model at epoch 7 saved to /root/autodl-tmp/em_eqf/experiments/clf_pre_v1/clf_pre_AZDX_v1/runs/tf_30_mf_4p5_seed_0/last_model_1.pth
2026-05-21 16:05:53,563 INFO src.train.trainer: Epoch 8
2026-05-21 16:05:56,857 INFO src.train.trainer: Last model at epoch 8 saved to /root/autodl-tmp/em_eqf/experiments/clf_pre_v1/clf_pre_AZDX_v1/runs/tf_30_mf_4p5_seed_0/last_model_1.pth
2026-05-21 16:05:56,858 INFO src.train.trainer: Epoch 9
2026-05-21 16:06:00,554 INFO src.train.trainer: Last model at epoch 9 saved to /root/autodl-tmp/em_eqf/experiments/clf_pre_v1/clf_pre_AZDX_v1/runs/tf_30_mf_4p5_seed_0/last_model_1.pth
2026-05-21 16:06:00,554 INFO src.train.trainer: Epoch 10
2026-05-21 16:06:04,420 INFO src.train.trainer: New best validation loss: 0.0763, saved to /root/autodl-tmp/em_eqf/experiments/clf_pre_v1/clf_pre_AZDX_v1/runs/tf_30_mf_4p5_seed_0/best_model_1.pth
2026-05-21 16:06:04,427 INFO src.train.trainer: Last model at epoch 10 saved to /root/autodl-tmp/em_eqf/experiments/clf_pre_v1/clf_pre_AZDX_v1/runs/tf_30_mf_4p5_seed_0/last_model_1.pth
2026-05-21 16:06:04,427 INFO src.train.trainer: Epoch 11
2026-05-21 16:06:08,025 INFO src.train.trainer: Last model at epoch 11 saved to /root/autodl-tmp/em_eqf/experiments/clf_pre_v1/clf_pre_AZDX_v1/runs/tf_30_mf_4p5_seed_0/last_model_1.pth
2026-05-21 16:06:08,025 INFO src.train.trainer: Epoch 12
2026-05-21 16:06:11,310 INFO src.train.trainer: Last model at epoch 12 saved to /root/autodl-tmp/em_eqf/experiments/clf_pre_v1/clf_pre_AZDX_v1/runs/tf_30_mf_4p5_seed_0/last_model_1.pth
2026-05-21 16:06:11,310 INFO src.train.trainer: Epoch 13
2026-05-21 16:06:14,747 INFO src.train.trainer: Last model at epoch 13 saved to /root/autodl-tmp/em_eqf/experiments/clf_pre_v1/clf_pre_AZDX_v1/runs/tf_30_mf_4p5_seed_0/last_model_1.pth
2026-05-21 16:06:14,748 INFO src.train.trainer: Epoch 14
2026-05-21 16:06:18,324 INFO src.train.trainer: Last model at epoch 14 saved to /root/autodl-tmp/em_eqf/experiments/clf_pre_v1/clf_pre_AZDX_v1/runs/tf_30_mf_4p5_seed_0/last_model_1.pth
2026-05-21 16:06:18,324 INFO src.train.trainer: Epoch 15
2026-05-21 16:06:21,555 INFO src.train.trainer: New best validation loss: 0.0700, saved to /root/autodl-tmp/em_eqf/experiments/clf_pre_v1/clf_pre_AZDX_v1/runs/tf_30_mf_4p5_seed_0/best_model_1.pth
2026-05-21 16:06:21,562 INFO src.train.trainer: Last model at epoch 15 saved to /root/autodl-tmp/em_eqf/experiments/clf_pre_v1/clf_pre_AZDX_v1/runs/tf_30_mf_4p5_seed_0/last_model_1.pth
2026-05-21 16:06:21,562 INFO src.train.trainer: Epoch 16
2026-05-21 16:06:25,013 INFO src.train.trainer: Last model at epoch 16 saved to /root/autodl-tmp/em_eqf/experiments/clf_pre_v1/clf_pre_AZDX_v1/runs/tf_30_mf_4p5_seed_0/last_model_1.pth
2026-05-21 16:06:25,013 INFO src.train.trainer: Epoch 17
2026-05-21 16:06:28,231 INFO src.train.trainer: Last model at epoch 17 saved to /root/autodl-tmp/em_eqf/experiments/clf_pre_v1/clf_pre_AZDX_v1/runs/tf_30_mf_4p5_seed_0/last_model_1.pth
2026-05-21 16:06:28,231 INFO src.train.trainer: Epoch 18
2026-05-21 16:06:31,442 INFO src.train.trainer: Last model at epoch 18 saved to /root/autodl-tmp/em_eqf/experiments/clf_pre_v1/clf_pre_AZDX_v1/runs/tf_30_mf_4p5_seed_0/last_model_1.pth
2026-05-21 16:06:31,442 INFO src.train.trainer: Epoch 19
2026-05-21 16:06:34,968 INFO src.train.trainer: Last model at epoch 19 saved to /root/autodl-tmp/em_eqf/experiments/clf_pre_v1/clf_pre_AZDX_v1/runs/tf_30_mf_4p5_seed_0/last_model_1.pth
2026-05-21 16:06:34,968 INFO src.train.trainer: Epoch 20
2026-05-21 16:06:38,675 INFO src.train.trainer: Last model at epoch 20 saved to /root/autodl-tmp/em_eqf/experiments/clf_pre_v1/clf_pre_AZDX_v1/runs/tf_30_mf_4p5_seed_0/last_model_1.pth
2026-05-21 16:06:38,675 INFO src.train.trainer: Epoch 21
2026-05-21 16:06:41,834 INFO src.train.trainer: Last model at epoch 21 saved to /root/autodl-tmp/em_eqf/experiments/clf_pre_v1/clf_pre_AZDX_v1/runs/tf_30_mf_4p5_seed_0/last_model_1.pth
2026-05-21 16:06:41,834 INFO src.train.trainer: Epoch 22
2026-05-21 16:06:45,237 INFO src.train.trainer: Last model at epoch 22 saved to /root/autodl-tmp/em_eqf/experiments/clf_pre_v1/clf_pre_AZDX_v1/runs/tf_30_mf_4p5_seed_0/last_model_1.pth
2026-05-21 16:06:45,237 INFO src.train.trainer: Epoch 23
2026-05-21 16:06:49,133 INFO src.train.trainer: Last model at epoch 23 saved to /root/autodl-tmp/em_eqf/experiments/clf_pre_v1/clf_pre_AZDX_v1/runs/tf_30_mf_4p5_seed_0/last_model_1.pth
2026-05-21 16:06:49,133 INFO src.train.trainer: Epoch 24
2026-05-21 16:06:52,333 INFO src.train.trainer: Last model at epoch 24 saved to /root/autodl-tmp/em_eqf/experiments/clf_pre_v1/clf_pre_AZDX_v1/runs/tf_30_mf_4p5_seed_0/last_model_1.pth
2026-05-21 16:06:52,334 INFO src.train.trainer: Epoch 25
2026-05-21 16:06:55,805 INFO src.train.trainer: Last model at epoch 25 saved to /root/autodl-tmp/em_eqf/experiments/clf_pre_v1/clf_pre_AZDX_v1/runs/tf_30_mf_4p5_seed_0/last_model_1.pth
2026-05-21 16:06:55,805 INFO src.train.trainer: Early stopping triggered at epoch 25 (best epoch: 15, best val loss: 0.069998)
2026-05-21 16:07:04,472 INFO src.data.preprocessing: CSV files found: ['chuandian_2021.csv']
2026-05-21 16:07:05,079 INFO src.utils.file_utils: Loading cached data from: data/ChuanDian/classifier/classifier_Mc_3_Mf_4.5_Tfore_30_Twindow_180_context_len_1_dt_10.pkl
2026-05-21 16:07:05,403 INFO src.data.preprocessing: Catalog statistics: {'tau_unfiltered': 0.15339908988298961, 'tau_q025': 0.08114294020924717, 'tau_q05': 0.5134664350189269, 'tau_mean': 1.3070542199341526, 'tau_max': 25.18216435192153, 'tau_min': 0.0, 'time_max': 18770.72654999979, 'time_mean': 10030.9430649837, 'mag_completeness': 3.0, 'mag_mean': 3.456916005014626, 'mag_max': 8.0, 'mag_min': 3.0, 'b_value': 0.856738547623331, 'b_std': 0.0071499224812533796, 'b_n': 14358}
2026-05-21 16:07:05,418 INFO src.data.event_loader: lengths of samples: min=32, max=981, avg=135.26
2026-05-21 16:07:05,419 INFO src.data.event_loader: Number of positive samples: 836
2026-05-21 16:07:05,419 INFO src.data.event_loader: Number of negative samples: 594
2026-05-21 16:07:05,420 INFO src.data.event_loader: Positive samples: 706, Negative samples: 438
2026-05-21 16:07:05,420 INFO src.data.event_loader: Total samples: 1144, Positive ratio: 0.62, Negative ratio: 0.38
2026-05-21 16:07:05,420 INFO src.data.event_loader: Positive samples: 83, Negative samples: 60
2026-05-21 16:07:05,420 INFO src.data.event_loader: Total samples: 143, Positive ratio: 0.58, Negative ratio: 0.42
2026-05-21 16:07:05,420 INFO src.data.event_loader: Positive samples: 47, Negative samples: 96
2026-05-21 16:07:05,420 INFO src.data.event_loader: Total samples: 143, Positive ratio: 0.33, Negative ratio: 0.67
2026-05-21 16:07:05,869 INFO src.models.adapters.mixer_task: using time scale base 1.3070542199341526 (key: tau_mean)
2026-05-21 16:07:05,869 INFO src.models.adapters.mixer_task: tau mean: tensor(1.3071)
2026-05-21 16:07:05,880 INFO src.train.config_setup: Restoring model from checkpoint.
2026-05-21 16:07:05,900 INFO src.train.config_setup: Loading model weights: load_specific_parts=None
2026-05-21 16:07:05,902 INFO src.train.config_setup: Checkpoint loaded: <All keys matched successfully>
2026-05-21 16:07:05,902 INFO src.train.config_setup: Full load summary: loaded=56, missing=0, unexpected=0
2026-05-21 16:07:05,903 INFO src.train.config_setup: Checkpoint hyperparameters loaded.
2026-05-21 16:07:05,903 INFO src.train.config_setup: Checkpoint train metrics available.
2026-05-21 16:07:05,903 INFO src.train.config_setup: Checkpoint val metrics available.
2026-05-21 16:07:05,903 INFO src.train.config_setup: Freeze skipped (checkpoint_restore): freeze_parts is empty.
2026-05-21 16:07:05,903 INFO src.train.config_setup: Using classification criterion: focal
2026-05-21 16:07:05,903 INFO src.train.config_setup: Criterion config: {'alpha': 0.5, 'gamma': 2.0}
2026-05-21 16:07:05,904 INFO src.train.config_setup: Not resuming optimizer/scheduler state; reset training state to start_epoch=0, best_val_loss=inf.
2026-05-21 16:07:05,904 INFO src.cli.common: Using threshold 0.4608149826526642 from checkpoint val_metrics for testing.
2026-05-21 16:07:10,609 INFO src.utils.metrics: ROC curve saved to /root/autodl-tmp/em_eqf/experiments/clf_pre_v1/clf_pre_AZDX_v1/runs/tf_30_mf_4p5_seed_0/roc_curve.png
2026-05-21 16:07:10,728 INFO src.utils.metrics: PR curve saved to /root/autodl-tmp/em_eqf/experiments/clf_pre_v1/clf_pre_AZDX_v1/runs/tf_30_mf_4p5_seed_0/pr_curve.png
2026-05-21 16:07:10,791 INFO src.utils.metrics: Confusion matrix saved to /root/autodl-tmp/em_eqf/experiments/clf_pre_v1/clf_pre_AZDX_v1/runs/tf_30_mf_4p5_seed_0/confusion_matrix.png
2026-05-21 16:07:10,791 INFO src.cli.workflows: Test loss: 0.06759205013513565
2026-05-21 16:07:11,957 INFO src.train.classifier_train_step: Prediction distribution plot has been saved to: /root/autodl-tmp/em_eqf/experiments/clf_pre_v1/clf_pre_AZDX_v1/runs/tf_30_mf_4p5_seed_0/train_pred_distribution.png
2026-05-21 16:07:12,348 INFO src.train.classifier_train_step: Prediction distribution plot has been saved to: /root/autodl-tmp/em_eqf/experiments/clf_pre_v1/clf_pre_AZDX_v1/runs/tf_30_mf_4p5_seed_0/val_pred_distribution.png
2026-05-21 16:07:12,628 INFO src.train.classifier_train_step: Prediction distribution plot has been saved to: /root/autodl-tmp/em_eqf/experiments/clf_pre_v1/clf_pre_AZDX_v1/runs/tf_30_mf_4p5_seed_0/test_pred_distribution.png
2026-05-21 16:07:12,628 INFO src.cli.common: Saved test metrics to /root/autodl-tmp/em_eqf/experiments/clf_pre_v1/clf_pre_AZDX_v1/runs/tf_30_mf_4p5_seed_0/metrics_test_best_1.json
2026-05-21 16:07:12,628 INFO src.cli.common: Metrics: {'precision': 0.3813559322033898, 'recall': 0.9574468085106383, 'f1': 0.5454545454545454, 'auc': 0.8490691489361701, 'pr_auc': 0.8042857196647267, 'fpr': 0.7604166666666666, 'tpr': 0.9574468085106383, 'R': 0.19703014184397172, 'conf': 5.691805142834295e-14, 'threshold': 0.4608149826526642}
