2026-05-21 18:47:34,831 INFO src.data.preprocessing: CSV files found: ['chuandian_2021.csv']
2026-05-21 18:47:35,469 INFO src.utils.file_utils: Loading cached data from: data/ChuanDian/classifier/classifier_Mc_3_Mf_4.5_Tfore_30_Twindow_180_context_len_1_dt_10.pkl
2026-05-21 18:47:35,798 INFO src.data.preprocessing: Catalog statistics: {'tau_unfiltered': 0.15339908988298961, 'tau_q025': 0.08114294020924717, 'tau_q05': 0.5134664350189269, 'tau_mean': 1.3070542199341526, 'tau_max': 25.18216435192153, 'tau_min': 0.0, 'time_max': 18770.72654999979, 'time_mean': 10030.9430649837, 'mag_completeness': 3.0, 'mag_mean': 3.456916005014626, 'mag_max': 8.0, 'mag_min': 3.0, 'b_value': 0.856738547623331, 'b_std': 0.0071499224812533796, 'b_n': 14358}
2026-05-21 18:47:35,815 INFO src.data.event_loader: lengths of samples: min=32, max=981, avg=135.26
2026-05-21 18:47:35,815 INFO src.data.event_loader: Number of positive samples: 836
2026-05-21 18:47:35,816 INFO src.data.event_loader: Number of negative samples: 594
2026-05-21 18:47:35,817 INFO src.data.event_loader: Positive samples: 706, Negative samples: 438
2026-05-21 18:47:35,817 INFO src.data.event_loader: Total samples: 1144, Positive ratio: 0.62, Negative ratio: 0.38
2026-05-21 18:47:35,817 INFO src.data.event_loader: Positive samples: 83, Negative samples: 60
2026-05-21 18:47:35,818 INFO src.data.event_loader: Total samples: 143, Positive ratio: 0.58, Negative ratio: 0.42
2026-05-21 18:47:35,818 INFO src.data.event_loader: Positive samples: 47, Negative samples: 96
2026-05-21 18:47:35,818 INFO src.data.event_loader: Total samples: 143, Positive ratio: 0.33, Negative ratio: 0.67
2026-05-21 18:47:35,867 INFO src.cli.workflows: Loading checkpoint from: ./checkpoints/mixer_tpp_20260514-211059/last_model_1.pth
2026-05-21 18:47:36,425 INFO src.models.adapters.mixer_task: using time scale base 1.3070542199341526 (key: tau_mean)
2026-05-21 18:47:36,426 INFO src.models.adapters.mixer_task: tau mean: tensor(1.3071)
2026-05-21 18:47:36,434 INFO src.train.config_setup: Restoring model from checkpoint.
2026-05-21 18:47:36,434 INFO src.train.config_setup: Loading model weights: load_specific_parts=['encoder']
2026-05-21 18:47:36,435 INFO src.train.config_setup: Selective load summary: requested_parts=['encoder'], target_in_model=40, matched_in_checkpoint=30, loaded=30, missing_after_load=10, shape_mismatch=0, missing_in_model=0, out_of_scope_loaded=0
2026-05-21 18:47:36,436 INFO src.train.config_setup: Selective load coverage [encoder]: target=40, hit=30, missing=10, complete=False
2026-05-21 18:47:36,436 WARNING src.train.config_setup: Selective load coverage missing preview [encoder]: ['base_model.encoder.layers.2.mixer.in_proj.bias', 'base_model.encoder.layers.2.mixer.in_proj.weight', 'base_model.encoder.layers.2.mixer.out_proj.bias', 'base_model.encoder.layers.2.mixer.out_proj.weight', 'base_model.encoder.layers.2.mlp.fc1.weight', 'base_model.encoder.layers.2.mlp.fc2.weight', 'base_model.encoder.layers.2.norm.bias', 'base_model.encoder.layers.2.norm.weight'] ... (+2 more)
2026-05-21 18:47:36,436 WARNING src.train.config_setup: Checkpoint missing target parameter preview: ['base_model.encoder.layers.2.mixer.in_proj.bias', 'base_model.encoder.layers.2.mixer.in_proj.weight', 'base_model.encoder.layers.2.mixer.out_proj.bias', 'base_model.encoder.layers.2.mixer.out_proj.weight', 'base_model.encoder.layers.2.mlp.fc1.weight', 'base_model.encoder.layers.2.mlp.fc2.weight', 'base_model.encoder.layers.2.norm.bias', 'base_model.encoder.layers.2.norm.weight', 'base_model.encoder.layers.2.norm2.bias', 'base_model.encoder.layers.2.norm2.weight']
2026-05-21 18:47:36,436 WARNING src.train.config_setup: Target not-loaded parameter preview: ['base_model.encoder.layers.2.mixer.in_proj.bias', 'base_model.encoder.layers.2.mixer.in_proj.weight', 'base_model.encoder.layers.2.mixer.out_proj.bias', 'base_model.encoder.layers.2.mixer.out_proj.weight', 'base_model.encoder.layers.2.mlp.fc1.weight', 'base_model.encoder.layers.2.mlp.fc2.weight', 'base_model.encoder.layers.2.norm.bias', 'base_model.encoder.layers.2.norm.weight', 'base_model.encoder.layers.2.norm2.bias', 'base_model.encoder.layers.2.norm2.weight']
2026-05-21 18:47:36,436 INFO src.train.config_setup: Loaded parameter preview: ['base_model.encoder.layers.0.mixer.norm.weight', 'base_model.encoder.layers.0.mixer.D', 'base_model.encoder.layers.1.mixer.dt_bias', 'base_model.encoder.input_proj.0.bias', 'base_model.encoder.input_proj.0.weight', 'base_model.encoder.layers.1.mixer.out_proj.weight', 'base_model.encoder.layers.1.mixer.D', 'base_model.encoder.layers.0.mixer.in_proj.weight', 'base_model.encoder.layers.1.norm2.bias', 'base_model.encoder.layers.1.mixer.in_proj.weight'] ... (+20 more)
2026-05-21 18:47:36,437 INFO src.train.config_setup: Checkpoint hyperparameters loaded.
2026-05-21 18:47:36,437 INFO src.train.config_setup: Checkpoint train metrics available.
2026-05-21 18:47:36,437 INFO src.train.config_setup: Checkpoint val metrics available.
2026-05-21 18:47:36,437 INFO src.train.config_setup: Freeze skipped (checkpoint_restore): freeze_parts is empty.
2026-05-21 18:47:36,437 INFO src.train.config_setup: Using classification criterion: focal
2026-05-21 18:47:36,438 INFO src.train.config_setup: Criterion config: {'alpha': 0.5, 'gamma': 2.0}
2026-05-21 18:47:36,439 INFO src.train.config_setup: Not resuming optimizer/scheduler state; reset training state to start_epoch=0, best_val_loss=inf.
2026-05-21 18:47:36,439 INFO src.train.trainer: Epoch 1
2026-05-21 18:47:52,142 INFO src.train.trainer: New best validation loss: 0.0819, saved to /root/autodl-tmp/em_eqf/experiments/clf_pre_v2/clf_pre_SCEDC_v2/runs/tf_30_mf_4p5_seed_3/best_model_1.pth
2026-05-21 18:47:52,147 INFO src.train.trainer: Last model at epoch 1 saved to /root/autodl-tmp/em_eqf/experiments/clf_pre_v2/clf_pre_SCEDC_v2/runs/tf_30_mf_4p5_seed_3/last_model_1.pth
2026-05-21 18:47:52,147 INFO src.train.trainer: Epoch 2
2026-05-21 18:47:55,916 INFO src.train.trainer: New best validation loss: 0.0804, saved to /root/autodl-tmp/em_eqf/experiments/clf_pre_v2/clf_pre_SCEDC_v2/runs/tf_30_mf_4p5_seed_3/best_model_1.pth
2026-05-21 18:47:55,924 INFO src.train.trainer: Last model at epoch 2 saved to /root/autodl-tmp/em_eqf/experiments/clf_pre_v2/clf_pre_SCEDC_v2/runs/tf_30_mf_4p5_seed_3/last_model_1.pth
2026-05-21 18:47:55,924 INFO src.train.trainer: Epoch 3
2026-05-21 18:47:59,341 INFO src.train.trainer: New best validation loss: 0.0796, saved to /root/autodl-tmp/em_eqf/experiments/clf_pre_v2/clf_pre_SCEDC_v2/runs/tf_30_mf_4p5_seed_3/best_model_1.pth
2026-05-21 18:47:59,349 INFO src.train.trainer: Last model at epoch 3 saved to /root/autodl-tmp/em_eqf/experiments/clf_pre_v2/clf_pre_SCEDC_v2/runs/tf_30_mf_4p5_seed_3/last_model_1.pth
2026-05-21 18:47:59,349 INFO src.train.trainer: Epoch 4
2026-05-21 18:48:02,950 INFO src.train.trainer: New best validation loss: 0.0791, saved to /root/autodl-tmp/em_eqf/experiments/clf_pre_v2/clf_pre_SCEDC_v2/runs/tf_30_mf_4p5_seed_3/best_model_1.pth
2026-05-21 18:48:02,956 INFO src.train.trainer: Last model at epoch 4 saved to /root/autodl-tmp/em_eqf/experiments/clf_pre_v2/clf_pre_SCEDC_v2/runs/tf_30_mf_4p5_seed_3/last_model_1.pth
2026-05-21 18:48:02,956 INFO src.train.trainer: Epoch 5
2026-05-21 18:48:06,784 INFO src.train.trainer: New best validation loss: 0.0780, saved to /root/autodl-tmp/em_eqf/experiments/clf_pre_v2/clf_pre_SCEDC_v2/runs/tf_30_mf_4p5_seed_3/best_model_1.pth
2026-05-21 18:48:06,790 INFO src.train.trainer: Last model at epoch 5 saved to /root/autodl-tmp/em_eqf/experiments/clf_pre_v2/clf_pre_SCEDC_v2/runs/tf_30_mf_4p5_seed_3/last_model_1.pth
2026-05-21 18:48:06,790 INFO src.train.trainer: Epoch 6
2026-05-21 18:48:10,862 INFO src.train.trainer: New best validation loss: 0.0761, saved to /root/autodl-tmp/em_eqf/experiments/clf_pre_v2/clf_pre_SCEDC_v2/runs/tf_30_mf_4p5_seed_3/best_model_1.pth
2026-05-21 18:48:10,874 INFO src.train.trainer: Last model at epoch 6 saved to /root/autodl-tmp/em_eqf/experiments/clf_pre_v2/clf_pre_SCEDC_v2/runs/tf_30_mf_4p5_seed_3/last_model_1.pth
2026-05-21 18:48:10,874 INFO src.train.trainer: Epoch 7
2026-05-21 18:48:14,562 INFO src.train.trainer: Last model at epoch 7 saved to /root/autodl-tmp/em_eqf/experiments/clf_pre_v2/clf_pre_SCEDC_v2/runs/tf_30_mf_4p5_seed_3/last_model_1.pth
2026-05-21 18:48:14,562 INFO src.train.trainer: Epoch 8
2026-05-21 18:48:17,742 INFO src.train.trainer: Last model at epoch 8 saved to /root/autodl-tmp/em_eqf/experiments/clf_pre_v2/clf_pre_SCEDC_v2/runs/tf_30_mf_4p5_seed_3/last_model_1.pth
2026-05-21 18:48:17,742 INFO src.train.trainer: Epoch 9
2026-05-21 18:48:21,134 INFO src.train.trainer: Last model at epoch 9 saved to /root/autodl-tmp/em_eqf/experiments/clf_pre_v2/clf_pre_SCEDC_v2/runs/tf_30_mf_4p5_seed_3/last_model_1.pth
2026-05-21 18:48:21,134 INFO src.train.trainer: Epoch 10
2026-05-21 18:48:24,360 INFO src.train.trainer: New best validation loss: 0.0755, saved to /root/autodl-tmp/em_eqf/experiments/clf_pre_v2/clf_pre_SCEDC_v2/runs/tf_30_mf_4p5_seed_3/best_model_1.pth
2026-05-21 18:48:24,367 INFO src.train.trainer: Last model at epoch 10 saved to /root/autodl-tmp/em_eqf/experiments/clf_pre_v2/clf_pre_SCEDC_v2/runs/tf_30_mf_4p5_seed_3/last_model_1.pth
2026-05-21 18:48:24,367 INFO src.train.trainer: Epoch 11
2026-05-21 18:48:27,772 INFO src.train.trainer: Last model at epoch 11 saved to /root/autodl-tmp/em_eqf/experiments/clf_pre_v2/clf_pre_SCEDC_v2/runs/tf_30_mf_4p5_seed_3/last_model_1.pth
2026-05-21 18:48:27,772 INFO src.train.trainer: Epoch 12
2026-05-21 18:48:31,279 INFO src.train.trainer: Last model at epoch 12 saved to /root/autodl-tmp/em_eqf/experiments/clf_pre_v2/clf_pre_SCEDC_v2/runs/tf_30_mf_4p5_seed_3/last_model_1.pth
2026-05-21 18:48:31,279 INFO src.train.trainer: Epoch 13
2026-05-21 18:48:34,903 INFO src.train.trainer: Last model at epoch 13 saved to /root/autodl-tmp/em_eqf/experiments/clf_pre_v2/clf_pre_SCEDC_v2/runs/tf_30_mf_4p5_seed_3/last_model_1.pth
2026-05-21 18:48:34,903 INFO src.train.trainer: Epoch 14
2026-05-21 18:48:38,760 INFO src.train.trainer: Last model at epoch 14 saved to /root/autodl-tmp/em_eqf/experiments/clf_pre_v2/clf_pre_SCEDC_v2/runs/tf_30_mf_4p5_seed_3/last_model_1.pth
2026-05-21 18:48:38,760 INFO src.train.trainer: Epoch 15
2026-05-21 18:48:42,408 INFO src.train.trainer: Last model at epoch 15 saved to /root/autodl-tmp/em_eqf/experiments/clf_pre_v2/clf_pre_SCEDC_v2/runs/tf_30_mf_4p5_seed_3/last_model_1.pth
2026-05-21 18:48:42,409 INFO src.train.trainer: Epoch 16
2026-05-21 18:48:45,793 INFO src.train.trainer: New best validation loss: 0.0731, saved to /root/autodl-tmp/em_eqf/experiments/clf_pre_v2/clf_pre_SCEDC_v2/runs/tf_30_mf_4p5_seed_3/best_model_1.pth
2026-05-21 18:48:45,800 INFO src.train.trainer: Last model at epoch 16 saved to /root/autodl-tmp/em_eqf/experiments/clf_pre_v2/clf_pre_SCEDC_v2/runs/tf_30_mf_4p5_seed_3/last_model_1.pth
2026-05-21 18:48:45,800 INFO src.train.trainer: Epoch 17
2026-05-21 18:48:49,060 INFO src.train.trainer: Last model at epoch 17 saved to /root/autodl-tmp/em_eqf/experiments/clf_pre_v2/clf_pre_SCEDC_v2/runs/tf_30_mf_4p5_seed_3/last_model_1.pth
2026-05-21 18:48:49,060 INFO src.train.trainer: Epoch 18
2026-05-21 18:48:52,457 INFO src.train.trainer: Last model at epoch 18 saved to /root/autodl-tmp/em_eqf/experiments/clf_pre_v2/clf_pre_SCEDC_v2/runs/tf_30_mf_4p5_seed_3/last_model_1.pth
2026-05-21 18:48:52,458 INFO src.train.trainer: Epoch 19
2026-05-21 18:48:56,084 INFO src.train.trainer: Last model at epoch 19 saved to /root/autodl-tmp/em_eqf/experiments/clf_pre_v2/clf_pre_SCEDC_v2/runs/tf_30_mf_4p5_seed_3/last_model_1.pth
2026-05-21 18:48:56,084 INFO src.train.trainer: Epoch 20
2026-05-21 18:48:59,764 INFO src.train.trainer: Last model at epoch 20 saved to /root/autodl-tmp/em_eqf/experiments/clf_pre_v2/clf_pre_SCEDC_v2/runs/tf_30_mf_4p5_seed_3/last_model_1.pth
2026-05-21 18:48:59,765 INFO src.train.trainer: Epoch 21
2026-05-21 18:49:03,373 INFO src.train.trainer: New best validation loss: 0.0729, saved to /root/autodl-tmp/em_eqf/experiments/clf_pre_v2/clf_pre_SCEDC_v2/runs/tf_30_mf_4p5_seed_3/best_model_1.pth
2026-05-21 18:49:03,382 INFO src.train.trainer: Last model at epoch 21 saved to /root/autodl-tmp/em_eqf/experiments/clf_pre_v2/clf_pre_SCEDC_v2/runs/tf_30_mf_4p5_seed_3/last_model_1.pth
2026-05-21 18:49:03,382 INFO src.train.trainer: Epoch 22
2026-05-21 18:49:06,668 INFO src.train.trainer: New best validation loss: 0.0687, saved to /root/autodl-tmp/em_eqf/experiments/clf_pre_v2/clf_pre_SCEDC_v2/runs/tf_30_mf_4p5_seed_3/best_model_1.pth
2026-05-21 18:49:06,707 INFO src.train.trainer: Last model at epoch 22 saved to /root/autodl-tmp/em_eqf/experiments/clf_pre_v2/clf_pre_SCEDC_v2/runs/tf_30_mf_4p5_seed_3/last_model_1.pth
2026-05-21 18:49:06,707 INFO src.train.trainer: Epoch 23
2026-05-21 18:49:09,827 INFO src.train.trainer: New best validation loss: 0.0673, saved to /root/autodl-tmp/em_eqf/experiments/clf_pre_v2/clf_pre_SCEDC_v2/runs/tf_30_mf_4p5_seed_3/best_model_1.pth
2026-05-21 18:49:09,835 INFO src.train.trainer: Last model at epoch 23 saved to /root/autodl-tmp/em_eqf/experiments/clf_pre_v2/clf_pre_SCEDC_v2/runs/tf_30_mf_4p5_seed_3/last_model_1.pth
2026-05-21 18:49:09,835 INFO src.train.trainer: Epoch 24
2026-05-21 18:49:13,371 INFO src.train.trainer: Last model at epoch 24 saved to /root/autodl-tmp/em_eqf/experiments/clf_pre_v2/clf_pre_SCEDC_v2/runs/tf_30_mf_4p5_seed_3/last_model_1.pth
2026-05-21 18:49:13,371 INFO src.train.trainer: Epoch 25
2026-05-21 18:49:16,880 INFO src.train.trainer: Last model at epoch 25 saved to /root/autodl-tmp/em_eqf/experiments/clf_pre_v2/clf_pre_SCEDC_v2/runs/tf_30_mf_4p5_seed_3/last_model_1.pth
2026-05-21 18:49:16,880 INFO src.train.trainer: Epoch 26
2026-05-21 18:49:20,336 INFO src.train.trainer: Last model at epoch 26 saved to /root/autodl-tmp/em_eqf/experiments/clf_pre_v2/clf_pre_SCEDC_v2/runs/tf_30_mf_4p5_seed_3/last_model_1.pth
2026-05-21 18:49:20,336 INFO src.train.trainer: Epoch 27
2026-05-21 18:49:23,883 INFO src.train.trainer: Last model at epoch 27 saved to /root/autodl-tmp/em_eqf/experiments/clf_pre_v2/clf_pre_SCEDC_v2/runs/tf_30_mf_4p5_seed_3/last_model_1.pth
2026-05-21 18:49:23,884 INFO src.train.trainer: Epoch 28
2026-05-21 18:49:27,511 INFO src.train.trainer: Last model at epoch 28 saved to /root/autodl-tmp/em_eqf/experiments/clf_pre_v2/clf_pre_SCEDC_v2/runs/tf_30_mf_4p5_seed_3/last_model_1.pth
2026-05-21 18:49:27,512 INFO src.train.trainer: Epoch 29
2026-05-21 18:49:31,022 INFO src.train.trainer: Last model at epoch 29 saved to /root/autodl-tmp/em_eqf/experiments/clf_pre_v2/clf_pre_SCEDC_v2/runs/tf_30_mf_4p5_seed_3/last_model_1.pth
2026-05-21 18:49:31,022 INFO src.train.trainer: Epoch 30
2026-05-21 18:49:34,238 INFO src.train.trainer: Last model at epoch 30 saved to /root/autodl-tmp/em_eqf/experiments/clf_pre_v2/clf_pre_SCEDC_v2/runs/tf_30_mf_4p5_seed_3/last_model_1.pth
2026-05-21 18:49:34,238 INFO src.train.trainer: Epoch 31
2026-05-21 18:49:37,637 INFO src.train.trainer: Last model at epoch 31 saved to /root/autodl-tmp/em_eqf/experiments/clf_pre_v2/clf_pre_SCEDC_v2/runs/tf_30_mf_4p5_seed_3/last_model_1.pth
2026-05-21 18:49:37,637 INFO src.train.trainer: Epoch 32
2026-05-21 18:49:40,947 INFO src.train.trainer: Last model at epoch 32 saved to /root/autodl-tmp/em_eqf/experiments/clf_pre_v2/clf_pre_SCEDC_v2/runs/tf_30_mf_4p5_seed_3/last_model_1.pth
2026-05-21 18:49:40,947 INFO src.train.trainer: Epoch 33
2026-05-21 18:49:44,354 INFO src.train.trainer: Last model at epoch 33 saved to /root/autodl-tmp/em_eqf/experiments/clf_pre_v2/clf_pre_SCEDC_v2/runs/tf_30_mf_4p5_seed_3/last_model_1.pth
2026-05-21 18:49:44,354 INFO src.train.trainer: Early stopping triggered at epoch 33 (best epoch: 23, best val loss: 0.067339)
2026-05-21 18:49:52,733 INFO src.data.preprocessing: CSV files found: ['chuandian_2021.csv']
2026-05-21 18:49:53,519 INFO src.utils.file_utils: Loading cached data from: data/ChuanDian/classifier/classifier_Mc_3_Mf_4.5_Tfore_30_Twindow_180_context_len_1_dt_10.pkl
2026-05-21 18:49:53,840 INFO src.data.preprocessing: Catalog statistics: {'tau_unfiltered': 0.15339908988298961, 'tau_q025': 0.08114294020924717, 'tau_q05': 0.5134664350189269, 'tau_mean': 1.3070542199341526, 'tau_max': 25.18216435192153, 'tau_min': 0.0, 'time_max': 18770.72654999979, 'time_mean': 10030.9430649837, 'mag_completeness': 3.0, 'mag_mean': 3.456916005014626, 'mag_max': 8.0, 'mag_min': 3.0, 'b_value': 0.856738547623331, 'b_std': 0.0071499224812533796, 'b_n': 14358}
2026-05-21 18:49:53,862 INFO src.data.event_loader: lengths of samples: min=32, max=981, avg=135.26
2026-05-21 18:49:53,862 INFO src.data.event_loader: Number of positive samples: 836
2026-05-21 18:49:53,862 INFO src.data.event_loader: Number of negative samples: 594
2026-05-21 18:49:53,863 INFO src.data.event_loader: Positive samples: 706, Negative samples: 438
2026-05-21 18:49:53,863 INFO src.data.event_loader: Total samples: 1144, Positive ratio: 0.62, Negative ratio: 0.38
2026-05-21 18:49:53,864 INFO src.data.event_loader: Positive samples: 83, Negative samples: 60
2026-05-21 18:49:53,864 INFO src.data.event_loader: Total samples: 143, Positive ratio: 0.58, Negative ratio: 0.42
2026-05-21 18:49:53,864 INFO src.data.event_loader: Positive samples: 47, Negative samples: 96
2026-05-21 18:49:53,864 INFO src.data.event_loader: Total samples: 143, Positive ratio: 0.33, Negative ratio: 0.67
2026-05-21 18:49:54,218 INFO src.models.adapters.mixer_task: using time scale base 1.3070542199341526 (key: tau_mean)
2026-05-21 18:49:54,218 INFO src.models.adapters.mixer_task: tau mean: tensor(1.3071)
2026-05-21 18:49:54,228 INFO src.train.config_setup: Restoring model from checkpoint.
2026-05-21 18:49:54,228 INFO src.train.config_setup: Loading model weights: load_specific_parts=None
2026-05-21 18:49:54,230 INFO src.train.config_setup: Checkpoint loaded: <All keys matched successfully>
2026-05-21 18:49:54,230 INFO src.train.config_setup: Full load summary: loaded=56, missing=0, unexpected=0
2026-05-21 18:49:54,231 INFO src.train.config_setup: Checkpoint hyperparameters loaded.
2026-05-21 18:49:54,231 INFO src.train.config_setup: Checkpoint train metrics available.
2026-05-21 18:49:54,231 INFO src.train.config_setup: Checkpoint val metrics available.
2026-05-21 18:49:54,231 INFO src.train.config_setup: Freeze skipped (checkpoint_restore): freeze_parts is empty.
2026-05-21 18:49:54,231 INFO src.train.config_setup: Using classification criterion: focal
2026-05-21 18:49:54,231 INFO src.train.config_setup: Criterion config: {'alpha': 0.5, 'gamma': 2.0}
2026-05-21 18:49:54,232 INFO src.train.config_setup: Not resuming optimizer/scheduler state; reset training state to start_epoch=0, best_val_loss=inf.
2026-05-21 18:49:54,232 INFO src.cli.common: Using threshold 0.48341551423072815 from checkpoint val_metrics for testing.
2026-05-21 18:49:58,971 INFO src.utils.metrics: ROC curve saved to /root/autodl-tmp/em_eqf/experiments/clf_pre_v2/clf_pre_SCEDC_v2/runs/tf_30_mf_4p5_seed_3/roc_curve.png
2026-05-21 18:49:59,096 INFO src.utils.metrics: PR curve saved to /root/autodl-tmp/em_eqf/experiments/clf_pre_v2/clf_pre_SCEDC_v2/runs/tf_30_mf_4p5_seed_3/pr_curve.png
2026-05-21 18:49:59,160 INFO src.utils.metrics: Confusion matrix saved to /root/autodl-tmp/em_eqf/experiments/clf_pre_v2/clf_pre_SCEDC_v2/runs/tf_30_mf_4p5_seed_3/confusion_matrix.png
2026-05-21 18:49:59,161 INFO src.cli.workflows: Test loss: 0.07176573276519775
2026-05-21 18:50:00,702 INFO src.train.classifier_train_step: Prediction distribution plot has been saved to: /root/autodl-tmp/em_eqf/experiments/clf_pre_v2/clf_pre_SCEDC_v2/runs/tf_30_mf_4p5_seed_3/train_pred_distribution.png
2026-05-21 18:50:01,108 INFO src.train.classifier_train_step: Prediction distribution plot has been saved to: /root/autodl-tmp/em_eqf/experiments/clf_pre_v2/clf_pre_SCEDC_v2/runs/tf_30_mf_4p5_seed_3/val_pred_distribution.png
2026-05-21 18:50:01,564 INFO src.train.classifier_train_step: Prediction distribution plot has been saved to: /root/autodl-tmp/em_eqf/experiments/clf_pre_v2/clf_pre_SCEDC_v2/runs/tf_30_mf_4p5_seed_3/test_pred_distribution.png
2026-05-21 18:50:01,565 INFO src.cli.common: Saved test metrics to /root/autodl-tmp/em_eqf/experiments/clf_pre_v2/clf_pre_SCEDC_v2/runs/tf_30_mf_4p5_seed_3/metrics_test_best_1.json
2026-05-21 18:50:01,565 INFO src.cli.common: Metrics: {'precision': 0.3888888888888889, 'recall': 0.8936170212765957, 'f1': 0.5419354838709678, 'auc': 0.8195921985815603, 'pr_auc': 0.7923895728907228, 'fpr': 0.6875, 'tpr': 0.8936170212765957, 'R': 0.2061170212765957, 'conf': 1.5541647356220394e-06, 'threshold': 0.48341551423072815}
