2026-05-09 12:43:46,853 INFO src.data.preprocessing: CSV files found: ['chuandian_2021.csv']
2026-05-09 12:43:47,759 INFO src.utils.file_utils: Loading cached data from: data/ChuanDian/classifier/classifier_Mc_3_Mf_4.5_Tfore_30_Twindow_180_context_len_1_dt_10.pkl
2026-05-09 12:43:48,100 INFO src.data.preprocessing: Catalog statistics: {'tau_unfiltered': 0.15339908988298961, 'tau_q025': 0.08114294020924717, 'tau_q05': 0.5134664350189269, 'tau_mean': 1.3070542199341526, 'tau_max': 25.18216435192153, 'tau_min': 0.0, 'time_max': 18770.72654999979, 'time_mean': 10030.9430649837, 'mag_completeness': 3.0, 'mag_mean': 3.456916005014626, 'mag_max': 8.0, 'mag_min': 3.0, 'b_value': 0.856738547623331, 'b_std': 0.0071499224812533796, 'b_n': 14358}
2026-05-09 12:43:48,118 INFO src.data.event_loader: lengths of samples: min=32, max=981, avg=135.26
2026-05-09 12:43:48,119 INFO src.data.event_loader: Number of positive samples: 836
2026-05-09 12:43:48,119 INFO src.data.event_loader: Number of negative samples: 594
2026-05-09 12:43:48,120 INFO src.data.event_loader: Positive samples: 706, Negative samples: 438
2026-05-09 12:43:48,120 INFO src.data.event_loader: Total samples: 1144, Positive ratio: 0.62, Negative ratio: 0.38
2026-05-09 12:43:48,120 INFO src.data.event_loader: Positive samples: 83, Negative samples: 60
2026-05-09 12:43:48,120 INFO src.data.event_loader: Total samples: 143, Positive ratio: 0.58, Negative ratio: 0.42
2026-05-09 12:43:48,120 INFO src.data.event_loader: Positive samples: 47, Negative samples: 96
2026-05-09 12:43:48,121 INFO src.data.event_loader: Total samples: 143, Positive ratio: 0.33, Negative ratio: 0.67
2026-05-09 12:43:48,290 INFO __main__: Loading checkpoint from: ./checkpoints/mixer_tpp_20260508-182744/last_model_1.pth
2026-05-09 12:43:49,143 INFO src.models.adapters.mixer_task: using time scale base 1.3070542199341526 (key: tau_mean)
2026-05-09 12:43:49,144 INFO src.models.adapters.mixer_task: tau mean: tensor(1.3071)
2026-05-09 12:43:49,149 INFO src.train.config_setup: Restoring model from checkpoint.
2026-05-09 12:43:49,149 INFO src.train.config_setup: Loading model weights: load_specific_parts=['encoder']
2026-05-09 12:43:49,150 INFO src.train.config_setup: Selective load summary: requested_parts=['encoder'], target_in_model=30, matched_in_checkpoint=30, loaded=30, missing_after_load=0, shape_mismatch=0, missing_in_model=0, out_of_scope_loaded=0
2026-05-09 12:43:49,150 INFO src.train.config_setup: Selective load coverage [encoder]: target=30, hit=30, missing=0, complete=True
2026-05-09 12:43:49,150 INFO src.train.config_setup: Loaded parameter preview: ['base_model.encoder.layers.1.norm.weight', 'base_model.encoder.input_proj.0.bias', 'base_model.encoder.layers.0.mixer.dt_bias', 'base_model.encoder.layers.1.norm2.bias', 'base_model.encoder.layers.1.mixer.D', 'base_model.encoder.layers.1.mlp.fc1.weight', 'base_model.encoder.layers.0.mlp.fc1.weight', 'base_model.encoder.layers.1.norm.bias', 'base_model.encoder.layers.0.norm.bias', 'base_model.encoder.layers.1.norm2.weight'] ... (+20 more)
2026-05-09 12:43:49,151 INFO src.train.config_setup: Checkpoint hyperparameters loaded.
2026-05-09 12:43:49,151 INFO src.train.config_setup: Checkpoint train metrics available.
2026-05-09 12:43:49,151 INFO src.train.config_setup: Checkpoint val metrics available.
2026-05-09 12:43:49,151 INFO src.train.config_setup: Freeze skipped (checkpoint_restore): freeze_parts is empty.
2026-05-09 12:43:49,151 INFO src.train.config_setup: Using classification criterion: bce
2026-05-09 12:43:49,151 INFO src.train.config_setup: Criterion config: {}
2026-05-09 12:43:49,154 INFO src.train.config_setup: Not resuming optimizer/scheduler state; reset training state to start_epoch=0, best_val_loss=inf.
2026-05-09 12:43:49,155 INFO src.train.trainer: Epoch 1
2026-05-09 12:44:01,657 INFO src.train.trainer: New best validation loss: 0.6846, saved to checkpoints/clf_mixer_attnpl_t_20260509-124346/best_model_1.pth
2026-05-09 12:44:01,662 INFO src.train.trainer: Last model at epoch 1 saved to checkpoints/clf_mixer_attnpl_t_20260509-124346/last_model_1.pth
2026-05-09 12:44:01,662 INFO src.train.trainer: Epoch 2
2026-05-09 12:44:03,239 INFO src.train.trainer: New best validation loss: 0.6794, saved to checkpoints/clf_mixer_attnpl_t_20260509-124346/best_model_1.pth
2026-05-09 12:44:03,246 INFO src.train.trainer: Last model at epoch 2 saved to checkpoints/clf_mixer_attnpl_t_20260509-124346/last_model_1.pth
2026-05-09 12:44:03,246 INFO src.train.trainer: Epoch 3
2026-05-09 12:44:04,751 INFO src.train.trainer: New best validation loss: 0.6662, saved to checkpoints/clf_mixer_attnpl_t_20260509-124346/best_model_1.pth
2026-05-09 12:44:04,758 INFO src.train.trainer: Last model at epoch 3 saved to checkpoints/clf_mixer_attnpl_t_20260509-124346/last_model_1.pth
2026-05-09 12:44:04,758 INFO src.train.trainer: Epoch 4
2026-05-09 12:44:06,337 INFO src.train.trainer: New best validation loss: 0.6478, saved to checkpoints/clf_mixer_attnpl_t_20260509-124346/best_model_1.pth
2026-05-09 12:44:06,343 INFO src.train.trainer: Last model at epoch 4 saved to checkpoints/clf_mixer_attnpl_t_20260509-124346/last_model_1.pth
2026-05-09 12:44:06,343 INFO src.train.trainer: Epoch 5
2026-05-09 12:44:07,838 INFO src.train.trainer: New best validation loss: 0.6392, saved to checkpoints/clf_mixer_attnpl_t_20260509-124346/best_model_1.pth
2026-05-09 12:44:07,844 INFO src.train.trainer: Last model at epoch 5 saved to checkpoints/clf_mixer_attnpl_t_20260509-124346/last_model_1.pth
2026-05-09 12:44:07,844 INFO src.train.trainer: Epoch 6
2026-05-09 12:44:09,419 INFO src.train.trainer: New best validation loss: 0.6107, saved to checkpoints/clf_mixer_attnpl_t_20260509-124346/best_model_1.pth
2026-05-09 12:44:09,425 INFO src.train.trainer: Last model at epoch 6 saved to checkpoints/clf_mixer_attnpl_t_20260509-124346/last_model_1.pth
2026-05-09 12:44:09,425 INFO src.train.trainer: Epoch 7
2026-05-09 12:44:11,088 INFO src.train.trainer: Last model at epoch 7 saved to checkpoints/clf_mixer_attnpl_t_20260509-124346/last_model_1.pth
2026-05-09 12:44:11,088 INFO src.train.trainer: Epoch 8
2026-05-09 12:44:12,784 INFO src.train.trainer: Last model at epoch 8 saved to checkpoints/clf_mixer_attnpl_t_20260509-124346/last_model_1.pth
2026-05-09 12:44:12,784 INFO src.train.trainer: Epoch 9
2026-05-09 12:44:14,475 INFO src.train.trainer: New best validation loss: 0.6100, saved to checkpoints/clf_mixer_attnpl_t_20260509-124346/best_model_1.pth
2026-05-09 12:44:14,481 INFO src.train.trainer: Last model at epoch 9 saved to checkpoints/clf_mixer_attnpl_t_20260509-124346/last_model_1.pth
2026-05-09 12:44:14,481 INFO src.train.trainer: Epoch 10
2026-05-09 12:44:16,169 INFO src.train.trainer: Last model at epoch 10 saved to checkpoints/clf_mixer_attnpl_t_20260509-124346/last_model_1.pth
2026-05-09 12:44:16,169 INFO src.train.trainer: Epoch 11
2026-05-09 12:44:17,878 INFO src.train.trainer: New best validation loss: 0.5961, saved to checkpoints/clf_mixer_attnpl_t_20260509-124346/best_model_1.pth
2026-05-09 12:44:17,884 INFO src.train.trainer: Last model at epoch 11 saved to checkpoints/clf_mixer_attnpl_t_20260509-124346/last_model_1.pth
2026-05-09 12:44:17,884 INFO src.train.trainer: Epoch 12
2026-05-09 12:44:19,571 INFO src.train.trainer: Last model at epoch 12 saved to checkpoints/clf_mixer_attnpl_t_20260509-124346/last_model_1.pth
2026-05-09 12:44:19,571 INFO src.train.trainer: Epoch 13
2026-05-09 12:44:21,204 INFO src.train.trainer: New best validation loss: 0.5848, saved to checkpoints/clf_mixer_attnpl_t_20260509-124346/best_model_1.pth
2026-05-09 12:44:21,212 INFO src.train.trainer: Last model at epoch 13 saved to checkpoints/clf_mixer_attnpl_t_20260509-124346/last_model_1.pth
2026-05-09 12:44:21,212 INFO src.train.trainer: Epoch 14
2026-05-09 12:44:22,859 INFO src.train.trainer: New best validation loss: 0.5820, saved to checkpoints/clf_mixer_attnpl_t_20260509-124346/best_model_1.pth
2026-05-09 12:44:22,866 INFO src.train.trainer: Last model at epoch 14 saved to checkpoints/clf_mixer_attnpl_t_20260509-124346/last_model_1.pth
2026-05-09 12:44:22,866 INFO src.train.trainer: Epoch 15
2026-05-09 12:44:24,506 INFO src.train.trainer: Last model at epoch 15 saved to checkpoints/clf_mixer_attnpl_t_20260509-124346/last_model_1.pth
2026-05-09 12:44:24,506 INFO src.train.trainer: Epoch 16
2026-05-09 12:44:26,100 INFO src.train.trainer: New best validation loss: 0.5798, saved to checkpoints/clf_mixer_attnpl_t_20260509-124346/best_model_1.pth
2026-05-09 12:44:26,107 INFO src.train.trainer: Last model at epoch 16 saved to checkpoints/clf_mixer_attnpl_t_20260509-124346/last_model_1.pth
2026-05-09 12:44:26,107 INFO src.train.trainer: Epoch 17
2026-05-09 12:44:27,771 INFO src.train.trainer: Last model at epoch 17 saved to checkpoints/clf_mixer_attnpl_t_20260509-124346/last_model_1.pth
2026-05-09 12:44:27,772 INFO src.train.trainer: Epoch 18
2026-05-09 12:44:29,358 INFO src.train.trainer: Last model at epoch 18 saved to checkpoints/clf_mixer_attnpl_t_20260509-124346/last_model_1.pth
2026-05-09 12:44:29,358 INFO src.train.trainer: Epoch 19
2026-05-09 12:44:30,941 INFO src.train.trainer: New best validation loss: 0.5652, saved to checkpoints/clf_mixer_attnpl_t_20260509-124346/best_model_1.pth
2026-05-09 12:44:30,947 INFO src.train.trainer: Last model at epoch 19 saved to checkpoints/clf_mixer_attnpl_t_20260509-124346/last_model_1.pth
2026-05-09 12:44:30,948 INFO src.train.trainer: Epoch 20
2026-05-09 12:44:32,451 INFO src.train.trainer: Last model at epoch 20 saved to checkpoints/clf_mixer_attnpl_t_20260509-124346/last_model_1.pth
2026-05-09 12:44:32,451 INFO src.train.trainer: Epoch 21
2026-05-09 12:44:33,904 INFO src.train.trainer: New best validation loss: 0.5498, saved to checkpoints/clf_mixer_attnpl_t_20260509-124346/best_model_1.pth
2026-05-09 12:44:33,910 INFO src.train.trainer: Last model at epoch 21 saved to checkpoints/clf_mixer_attnpl_t_20260509-124346/last_model_1.pth
2026-05-09 12:44:33,910 INFO src.train.trainer: Epoch 22
2026-05-09 12:44:35,483 INFO src.train.trainer: Last model at epoch 22 saved to checkpoints/clf_mixer_attnpl_t_20260509-124346/last_model_1.pth
2026-05-09 12:44:35,484 INFO src.train.trainer: Epoch 23
2026-05-09 12:44:37,041 INFO src.train.trainer: Last model at epoch 23 saved to checkpoints/clf_mixer_attnpl_t_20260509-124346/last_model_1.pth
2026-05-09 12:44:37,042 INFO src.train.trainer: Epoch 24
2026-05-09 12:44:38,645 INFO src.train.trainer: Last model at epoch 24 saved to checkpoints/clf_mixer_attnpl_t_20260509-124346/last_model_1.pth
2026-05-09 12:44:38,645 INFO src.train.trainer: Epoch 25
2026-05-09 12:44:40,217 INFO src.train.trainer: Last model at epoch 25 saved to checkpoints/clf_mixer_attnpl_t_20260509-124346/last_model_1.pth
2026-05-09 12:44:40,217 INFO src.train.trainer: Epoch 26
2026-05-09 12:44:41,790 INFO src.train.trainer: Last model at epoch 26 saved to checkpoints/clf_mixer_attnpl_t_20260509-124346/last_model_1.pth
2026-05-09 12:44:41,791 INFO src.train.trainer: Epoch 27
2026-05-09 12:44:43,418 INFO src.train.trainer: Last model at epoch 27 saved to checkpoints/clf_mixer_attnpl_t_20260509-124346/last_model_1.pth
2026-05-09 12:44:43,418 INFO src.train.trainer: Epoch 28
2026-05-09 12:44:44,953 INFO src.train.trainer: Last model at epoch 28 saved to checkpoints/clf_mixer_attnpl_t_20260509-124346/last_model_1.pth
2026-05-09 12:44:44,953 INFO src.train.trainer: Epoch 29
2026-05-09 12:44:46,516 INFO src.train.trainer: Last model at epoch 29 saved to checkpoints/clf_mixer_attnpl_t_20260509-124346/last_model_1.pth
2026-05-09 12:44:46,516 INFO src.train.trainer: Epoch 30
2026-05-09 12:44:48,085 INFO src.train.trainer: Last model at epoch 30 saved to checkpoints/clf_mixer_attnpl_t_20260509-124346/last_model_1.pth
2026-05-09 12:44:48,086 INFO src.train.trainer: Epoch 31
2026-05-09 12:44:49,631 INFO src.train.trainer: Last model at epoch 31 saved to checkpoints/clf_mixer_attnpl_t_20260509-124346/last_model_1.pth
2026-05-09 12:44:49,632 INFO src.train.trainer: Early stopping triggered at epoch 31 (best epoch: 21, best val loss: 0.549827)
2026-05-09 12:45:03,652 INFO src.data.preprocessing: CSV files found: ['chuandian_2021.csv']
2026-05-09 12:45:04,591 INFO src.utils.file_utils: Loading cached data from: data/ChuanDian/classifier/classifier_Mc_3_Mf_4.5_Tfore_30_Twindow_180_context_len_1_dt_10.pkl
2026-05-09 12:45:04,990 INFO src.data.preprocessing: Catalog statistics: {'tau_unfiltered': 0.15339908988298961, 'tau_q025': 0.08114294020924717, 'tau_q05': 0.5134664350189269, 'tau_mean': 1.3070542199341526, 'tau_max': 25.18216435192153, 'tau_min': 0.0, 'time_max': 18770.72654999979, 'time_mean': 10030.9430649837, 'mag_completeness': 3.0, 'mag_mean': 3.456916005014626, 'mag_max': 8.0, 'mag_min': 3.0, 'b_value': 0.856738547623331, 'b_std': 0.0071499224812533796, 'b_n': 14358}
2026-05-09 12:45:05,010 INFO src.data.event_loader: lengths of samples: min=32, max=981, avg=135.26
2026-05-09 12:45:05,010 INFO src.data.event_loader: Number of positive samples: 836
2026-05-09 12:45:05,011 INFO src.data.event_loader: Number of negative samples: 594
2026-05-09 12:45:05,012 INFO src.data.event_loader: Positive samples: 706, Negative samples: 438
2026-05-09 12:45:05,012 INFO src.data.event_loader: Total samples: 1144, Positive ratio: 0.62, Negative ratio: 0.38
2026-05-09 12:45:05,012 INFO src.data.event_loader: Positive samples: 83, Negative samples: 60
2026-05-09 12:45:05,012 INFO src.data.event_loader: Total samples: 143, Positive ratio: 0.58, Negative ratio: 0.42
2026-05-09 12:45:05,012 INFO src.data.event_loader: Positive samples: 47, Negative samples: 96
2026-05-09 12:45:05,012 INFO src.data.event_loader: Total samples: 143, Positive ratio: 0.33, Negative ratio: 0.67
2026-05-09 12:45:05,535 INFO src.models.adapters.mixer_task: using time scale base 1.3070542199341526 (key: tau_mean)
2026-05-09 12:45:05,535 INFO src.models.adapters.mixer_task: tau mean: tensor(1.3071)
2026-05-09 12:45:05,541 INFO src.train.config_setup: Restoring model from checkpoint.
2026-05-09 12:45:05,541 INFO src.train.config_setup: Loading model weights: load_specific_parts=None
2026-05-09 12:45:05,543 INFO src.train.config_setup: Checkpoint loaded: <All keys matched successfully>
2026-05-09 12:45:05,545 INFO src.train.config_setup: Full load summary: loaded=42, missing=0, unexpected=0
2026-05-09 12:45:05,546 INFO src.train.config_setup: Checkpoint hyperparameters loaded.
2026-05-09 12:45:05,546 INFO src.train.config_setup: Checkpoint train metrics available.
2026-05-09 12:45:05,546 INFO src.train.config_setup: Checkpoint val metrics available.
2026-05-09 12:45:05,546 INFO src.train.config_setup: Freeze skipped (checkpoint_restore): freeze_parts is empty.
2026-05-09 12:45:05,546 INFO src.train.config_setup: Using classification criterion: bce
2026-05-09 12:45:05,547 INFO src.train.config_setup: Criterion config: {}
2026-05-09 12:45:05,547 INFO src.train.config_setup: Not resuming optimizer/scheduler state; reset training state to start_epoch=0, best_val_loss=inf.
2026-05-09 12:45:05,548 INFO __main__: Using threshold 0.4000401198863983 from checkpoint val_metrics for testing.
2026-05-09 12:45:10,176 INFO src.utils.metrics: ROC curve saved to checkpoints/clf_mixer_attnpl_t_20260509-124346/roc_curve.png
2026-05-09 12:45:10,298 INFO src.utils.metrics: PR curve saved to checkpoints/clf_mixer_attnpl_t_20260509-124346/pr_curve.png
2026-05-09 12:45:10,362 INFO src.utils.metrics: Confusion matrix saved to checkpoints/clf_mixer_attnpl_t_20260509-124346/confusion_matrix.png
2026-05-09 12:45:10,362 INFO __main__: Test loss: 0.6178101499875387
2026-05-09 12:45:10,876 INFO src.train.classifier_train_step: Prediction distribution plot has been saved to: checkpoints/clf_mixer_attnpl_t_20260509-124346/train_pred_distribution.png
2026-05-09 12:45:11,165 INFO src.train.classifier_train_step: Prediction distribution plot has been saved to: checkpoints/clf_mixer_attnpl_t_20260509-124346/val_pred_distribution.png
2026-05-09 12:45:11,399 INFO src.train.classifier_train_step: Prediction distribution plot has been saved to: checkpoints/clf_mixer_attnpl_t_20260509-124346/test_pred_distribution.png
2026-05-09 12:45:11,400 INFO __main__: Saved test metrics to checkpoints/clf_mixer_attnpl_t_20260509-124346/metrics_test_best_1.json
2026-05-09 12:45:11,400 INFO __main__: Metrics: {'precision': 0.3533834586466165, 'recall': 1.0, 'f1': 0.5222222222222223, 'auc': 0.8164893617021276, 'pr_auc': 0.7555875490593976, 'fpr': 0.8958333333333334, 'tpr': 1.0, 'R': 0.10416666666666663, 'conf': 2.0450245886976175e-48, 'threshold': 0.4000401198863983}
