2026-05-21 18:45:40,885 INFO src.data.preprocessing: CSV files found: ['chuandian_2021.csv']
2026-05-21 18:45:41,403 INFO src.utils.file_utils: Loading cached data from: data/ChuanDian/classifier/classifier_Mc_3_Mf_4.5_Tfore_20_Twindow_180_context_len_1_dt_10.pkl
2026-05-21 18:45:42,106 INFO src.data.preprocessing: Catalog statistics: {'tau_unfiltered': 0.15339908988298961, 'tau_q025': 0.08114294020924717, 'tau_q05': 0.5134664350189269, 'tau_mean': 1.3070542199341526, 'tau_max': 25.18216435192153, 'tau_min': 0.0, 'time_max': 18770.72654999979, 'time_mean': 10030.9430649837, 'mag_completeness': 3.0, 'mag_mean': 3.456916005014626, 'mag_max': 8.0, 'mag_min': 3.0, 'b_value': 0.856738547623331, 'b_std': 0.0071499224812533796, 'b_n': 14358}
2026-05-21 18:45:42,121 INFO src.data.event_loader: lengths of samples: min=32, max=981, avg=133.42
2026-05-21 18:45:42,121 INFO src.data.event_loader: Number of positive samples: 623
2026-05-21 18:45:42,121 INFO src.data.event_loader: Number of negative samples: 845
2026-05-21 18:45:42,122 INFO src.data.event_loader: Positive samples: 528, Negative samples: 646
2026-05-21 18:45:42,122 INFO src.data.event_loader: Total samples: 1174, Positive ratio: 0.45, Negative ratio: 0.55
2026-05-21 18:45:42,122 INFO src.data.event_loader: Positive samples: 60, Negative samples: 86
2026-05-21 18:45:42,122 INFO src.data.event_loader: Total samples: 146, Positive ratio: 0.41, Negative ratio: 0.59
2026-05-21 18:45:42,122 INFO src.data.event_loader: Positive samples: 35, Negative samples: 113
2026-05-21 18:45:42,122 INFO src.data.event_loader: Total samples: 148, Positive ratio: 0.24, Negative ratio: 0.76
2026-05-21 18:45:42,182 INFO src.cli.workflows: Loading checkpoint from: ./checkpoints/mixer_tpp_20260514-211059/last_model_1.pth
2026-05-21 18:45:42,976 INFO src.models.adapters.mixer_task: using time scale base 1.3070542199341526 (key: tau_mean)
2026-05-21 18:45:42,976 INFO src.models.adapters.mixer_task: tau mean: tensor(1.3071)
2026-05-21 18:45:43,046 INFO src.train.config_setup: Restoring model from checkpoint.
2026-05-21 18:45:43,047 INFO src.train.config_setup: Loading model weights: load_specific_parts=['encoder']
2026-05-21 18:45:43,048 INFO src.train.config_setup: Selective load summary: requested_parts=['encoder'], target_in_model=40, matched_in_checkpoint=30, loaded=30, missing_after_load=10, shape_mismatch=0, missing_in_model=0, out_of_scope_loaded=0
2026-05-21 18:45:43,048 INFO src.train.config_setup: Selective load coverage [encoder]: target=40, hit=30, missing=10, complete=False
2026-05-21 18:45:43,048 WARNING src.train.config_setup: Selective load coverage missing preview [encoder]: ['base_model.encoder.layers.2.mixer.in_proj.bias', 'base_model.encoder.layers.2.mixer.in_proj.weight', 'base_model.encoder.layers.2.mixer.out_proj.bias', 'base_model.encoder.layers.2.mixer.out_proj.weight', 'base_model.encoder.layers.2.mlp.fc1.weight', 'base_model.encoder.layers.2.mlp.fc2.weight', 'base_model.encoder.layers.2.norm.bias', 'base_model.encoder.layers.2.norm.weight'] ... (+2 more)
2026-05-21 18:45:43,048 WARNING src.train.config_setup: Checkpoint missing target parameter preview: ['base_model.encoder.layers.2.mixer.in_proj.bias', 'base_model.encoder.layers.2.mixer.in_proj.weight', 'base_model.encoder.layers.2.mixer.out_proj.bias', 'base_model.encoder.layers.2.mixer.out_proj.weight', 'base_model.encoder.layers.2.mlp.fc1.weight', 'base_model.encoder.layers.2.mlp.fc2.weight', 'base_model.encoder.layers.2.norm.bias', 'base_model.encoder.layers.2.norm.weight', 'base_model.encoder.layers.2.norm2.bias', 'base_model.encoder.layers.2.norm2.weight']
2026-05-21 18:45:43,048 WARNING src.train.config_setup: Target not-loaded parameter preview: ['base_model.encoder.layers.2.mixer.in_proj.bias', 'base_model.encoder.layers.2.mixer.in_proj.weight', 'base_model.encoder.layers.2.mixer.out_proj.bias', 'base_model.encoder.layers.2.mixer.out_proj.weight', 'base_model.encoder.layers.2.mlp.fc1.weight', 'base_model.encoder.layers.2.mlp.fc2.weight', 'base_model.encoder.layers.2.norm.bias', 'base_model.encoder.layers.2.norm.weight', 'base_model.encoder.layers.2.norm2.bias', 'base_model.encoder.layers.2.norm2.weight']
2026-05-21 18:45:43,048 INFO src.train.config_setup: Loaded parameter preview: ['base_model.encoder.layers.0.mlp.fc1.weight', 'base_model.encoder.layers.0.norm2.bias', 'base_model.encoder.layers.1.mixer.in_proj.weight', 'base_model.encoder.layers.0.norm2.weight', 'base_model.encoder.layers.0.mixer.A_log', 'base_model.encoder.layers.0.norm.bias', 'base_model.encoder.layers.1.norm2.bias', 'base_model.encoder.layers.1.norm.weight', 'base_model.encoder.input_proj.3.weight', 'base_model.encoder.input_proj.0.bias'] ... (+20 more)
2026-05-21 18:45:43,049 INFO src.train.config_setup: Checkpoint hyperparameters loaded.
2026-05-21 18:45:43,049 INFO src.train.config_setup: Checkpoint train metrics available.
2026-05-21 18:45:43,049 INFO src.train.config_setup: Checkpoint val metrics available.
2026-05-21 18:45:43,049 INFO src.train.config_setup: Freeze skipped (checkpoint_restore): freeze_parts is empty.
2026-05-21 18:45:43,049 INFO src.train.config_setup: Using classification criterion: focal
2026-05-21 18:45:43,049 INFO src.train.config_setup: Criterion config: {'alpha': 0.5, 'gamma': 2.0}
2026-05-21 18:45:43,050 INFO src.train.config_setup: Not resuming optimizer/scheduler state; reset training state to start_epoch=0, best_val_loss=inf.
2026-05-21 18:45:43,051 INFO src.train.trainer: Epoch 1
2026-05-21 18:46:00,040 INFO src.train.trainer: New best validation loss: 0.0887, saved to /root/autodl-tmp/em_eqf/experiments/clf_pre_v2/clf_pre_SCEDC_v2/runs/tf_20_mf_4p5_seed_4/best_model_1.pth
2026-05-21 18:46:00,045 INFO src.train.trainer: Last model at epoch 1 saved to /root/autodl-tmp/em_eqf/experiments/clf_pre_v2/clf_pre_SCEDC_v2/runs/tf_20_mf_4p5_seed_4/last_model_1.pth
2026-05-21 18:46:00,045 INFO src.train.trainer: Epoch 2
2026-05-21 18:46:04,234 INFO src.train.trainer: New best validation loss: 0.0887, saved to /root/autodl-tmp/em_eqf/experiments/clf_pre_v2/clf_pre_SCEDC_v2/runs/tf_20_mf_4p5_seed_4/best_model_1.pth
2026-05-21 18:46:04,241 INFO src.train.trainer: Last model at epoch 2 saved to /root/autodl-tmp/em_eqf/experiments/clf_pre_v2/clf_pre_SCEDC_v2/runs/tf_20_mf_4p5_seed_4/last_model_1.pth
2026-05-21 18:46:04,242 INFO src.train.trainer: Epoch 3
2026-05-21 18:46:07,960 INFO src.train.trainer: New best validation loss: 0.0870, saved to /root/autodl-tmp/em_eqf/experiments/clf_pre_v2/clf_pre_SCEDC_v2/runs/tf_20_mf_4p5_seed_4/best_model_1.pth
2026-05-21 18:46:07,968 INFO src.train.trainer: Last model at epoch 3 saved to /root/autodl-tmp/em_eqf/experiments/clf_pre_v2/clf_pre_SCEDC_v2/runs/tf_20_mf_4p5_seed_4/last_model_1.pth
2026-05-21 18:46:07,968 INFO src.train.trainer: Epoch 4
2026-05-21 18:46:11,717 INFO src.train.trainer: New best validation loss: 0.0868, saved to /root/autodl-tmp/em_eqf/experiments/clf_pre_v2/clf_pre_SCEDC_v2/runs/tf_20_mf_4p5_seed_4/best_model_1.pth
2026-05-21 18:46:11,723 INFO src.train.trainer: Last model at epoch 4 saved to /root/autodl-tmp/em_eqf/experiments/clf_pre_v2/clf_pre_SCEDC_v2/runs/tf_20_mf_4p5_seed_4/last_model_1.pth
2026-05-21 18:46:11,723 INFO src.train.trainer: Epoch 5
2026-05-21 18:46:15,317 INFO src.train.trainer: Last model at epoch 5 saved to /root/autodl-tmp/em_eqf/experiments/clf_pre_v2/clf_pre_SCEDC_v2/runs/tf_20_mf_4p5_seed_4/last_model_1.pth
2026-05-21 18:46:15,317 INFO src.train.trainer: Epoch 6
2026-05-21 18:46:19,100 INFO src.train.trainer: Last model at epoch 6 saved to /root/autodl-tmp/em_eqf/experiments/clf_pre_v2/clf_pre_SCEDC_v2/runs/tf_20_mf_4p5_seed_4/last_model_1.pth
2026-05-21 18:46:19,100 INFO src.train.trainer: Epoch 7
2026-05-21 18:46:23,015 INFO src.train.trainer: Last model at epoch 7 saved to /root/autodl-tmp/em_eqf/experiments/clf_pre_v2/clf_pre_SCEDC_v2/runs/tf_20_mf_4p5_seed_4/last_model_1.pth
2026-05-21 18:46:23,016 INFO src.train.trainer: Epoch 8
2026-05-21 18:46:26,570 INFO src.train.trainer: New best validation loss: 0.0864, saved to /root/autodl-tmp/em_eqf/experiments/clf_pre_v2/clf_pre_SCEDC_v2/runs/tf_20_mf_4p5_seed_4/best_model_1.pth
2026-05-21 18:46:26,577 INFO src.train.trainer: Last model at epoch 8 saved to /root/autodl-tmp/em_eqf/experiments/clf_pre_v2/clf_pre_SCEDC_v2/runs/tf_20_mf_4p5_seed_4/last_model_1.pth
2026-05-21 18:46:26,577 INFO src.train.trainer: Epoch 9
2026-05-21 18:46:30,174 INFO src.train.trainer: New best validation loss: 0.0859, saved to /root/autodl-tmp/em_eqf/experiments/clf_pre_v2/clf_pre_SCEDC_v2/runs/tf_20_mf_4p5_seed_4/best_model_1.pth
2026-05-21 18:46:30,180 INFO src.train.trainer: Last model at epoch 9 saved to /root/autodl-tmp/em_eqf/experiments/clf_pre_v2/clf_pre_SCEDC_v2/runs/tf_20_mf_4p5_seed_4/last_model_1.pth
2026-05-21 18:46:30,180 INFO src.train.trainer: Epoch 10
2026-05-21 18:46:33,740 INFO src.train.trainer: New best validation loss: 0.0849, saved to /root/autodl-tmp/em_eqf/experiments/clf_pre_v2/clf_pre_SCEDC_v2/runs/tf_20_mf_4p5_seed_4/best_model_1.pth
2026-05-21 18:46:33,746 INFO src.train.trainer: Last model at epoch 10 saved to /root/autodl-tmp/em_eqf/experiments/clf_pre_v2/clf_pre_SCEDC_v2/runs/tf_20_mf_4p5_seed_4/last_model_1.pth
2026-05-21 18:46:33,746 INFO src.train.trainer: Epoch 11
2026-05-21 18:46:37,743 INFO src.train.trainer: New best validation loss: 0.0846, saved to /root/autodl-tmp/em_eqf/experiments/clf_pre_v2/clf_pre_SCEDC_v2/runs/tf_20_mf_4p5_seed_4/best_model_1.pth
2026-05-21 18:46:37,749 INFO src.train.trainer: Last model at epoch 11 saved to /root/autodl-tmp/em_eqf/experiments/clf_pre_v2/clf_pre_SCEDC_v2/runs/tf_20_mf_4p5_seed_4/last_model_1.pth
2026-05-21 18:46:37,749 INFO src.train.trainer: Epoch 12
2026-05-21 18:46:41,835 INFO src.train.trainer: New best validation loss: 0.0845, saved to /root/autodl-tmp/em_eqf/experiments/clf_pre_v2/clf_pre_SCEDC_v2/runs/tf_20_mf_4p5_seed_4/best_model_1.pth
2026-05-21 18:46:41,842 INFO src.train.trainer: Last model at epoch 12 saved to /root/autodl-tmp/em_eqf/experiments/clf_pre_v2/clf_pre_SCEDC_v2/runs/tf_20_mf_4p5_seed_4/last_model_1.pth
2026-05-21 18:46:41,842 INFO src.train.trainer: Epoch 13
2026-05-21 18:46:45,745 INFO src.train.trainer: Last model at epoch 13 saved to /root/autodl-tmp/em_eqf/experiments/clf_pre_v2/clf_pre_SCEDC_v2/runs/tf_20_mf_4p5_seed_4/last_model_1.pth
2026-05-21 18:46:45,745 INFO src.train.trainer: Epoch 14
2026-05-21 18:46:49,445 INFO src.train.trainer: Last model at epoch 14 saved to /root/autodl-tmp/em_eqf/experiments/clf_pre_v2/clf_pre_SCEDC_v2/runs/tf_20_mf_4p5_seed_4/last_model_1.pth
2026-05-21 18:46:49,445 INFO src.train.trainer: Epoch 15
2026-05-21 18:46:52,942 INFO src.train.trainer: Last model at epoch 15 saved to /root/autodl-tmp/em_eqf/experiments/clf_pre_v2/clf_pre_SCEDC_v2/runs/tf_20_mf_4p5_seed_4/last_model_1.pth
2026-05-21 18:46:52,943 INFO src.train.trainer: Epoch 16
2026-05-21 18:46:56,340 INFO src.train.trainer: Last model at epoch 16 saved to /root/autodl-tmp/em_eqf/experiments/clf_pre_v2/clf_pre_SCEDC_v2/runs/tf_20_mf_4p5_seed_4/last_model_1.pth
2026-05-21 18:46:56,340 INFO src.train.trainer: Epoch 17
2026-05-21 18:46:59,697 INFO src.train.trainer: Last model at epoch 17 saved to /root/autodl-tmp/em_eqf/experiments/clf_pre_v2/clf_pre_SCEDC_v2/runs/tf_20_mf_4p5_seed_4/last_model_1.pth
2026-05-21 18:46:59,698 INFO src.train.trainer: Epoch 18
2026-05-21 18:47:03,574 INFO src.train.trainer: Last model at epoch 18 saved to /root/autodl-tmp/em_eqf/experiments/clf_pre_v2/clf_pre_SCEDC_v2/runs/tf_20_mf_4p5_seed_4/last_model_1.pth
2026-05-21 18:47:03,574 INFO src.train.trainer: Epoch 19
2026-05-21 18:47:07,198 INFO src.train.trainer: Last model at epoch 19 saved to /root/autodl-tmp/em_eqf/experiments/clf_pre_v2/clf_pre_SCEDC_v2/runs/tf_20_mf_4p5_seed_4/last_model_1.pth
2026-05-21 18:47:07,199 INFO src.train.trainer: Epoch 20
2026-05-21 18:47:10,545 INFO src.train.trainer: Last model at epoch 20 saved to /root/autodl-tmp/em_eqf/experiments/clf_pre_v2/clf_pre_SCEDC_v2/runs/tf_20_mf_4p5_seed_4/last_model_1.pth
2026-05-21 18:47:10,545 INFO src.train.trainer: Epoch 21
2026-05-21 18:47:13,860 INFO src.train.trainer: Last model at epoch 21 saved to /root/autodl-tmp/em_eqf/experiments/clf_pre_v2/clf_pre_SCEDC_v2/runs/tf_20_mf_4p5_seed_4/last_model_1.pth
2026-05-21 18:47:13,860 INFO src.train.trainer: Epoch 22
2026-05-21 18:47:17,378 INFO src.train.trainer: Last model at epoch 22 saved to /root/autodl-tmp/em_eqf/experiments/clf_pre_v2/clf_pre_SCEDC_v2/runs/tf_20_mf_4p5_seed_4/last_model_1.pth
2026-05-21 18:47:17,378 INFO src.train.trainer: Early stopping triggered at epoch 22 (best epoch: 12, best val loss: 0.084495)
2026-05-21 18:47:26,004 INFO src.data.preprocessing: CSV files found: ['chuandian_2021.csv']
2026-05-21 18:47:26,651 INFO src.utils.file_utils: Loading cached data from: data/ChuanDian/classifier/classifier_Mc_3_Mf_4.5_Tfore_20_Twindow_180_context_len_1_dt_10.pkl
2026-05-21 18:47:27,355 INFO src.data.preprocessing: Catalog statistics: {'tau_unfiltered': 0.15339908988298961, 'tau_q025': 0.08114294020924717, 'tau_q05': 0.5134664350189269, 'tau_mean': 1.3070542199341526, 'tau_max': 25.18216435192153, 'tau_min': 0.0, 'time_max': 18770.72654999979, 'time_mean': 10030.9430649837, 'mag_completeness': 3.0, 'mag_mean': 3.456916005014626, 'mag_max': 8.0, 'mag_min': 3.0, 'b_value': 0.856738547623331, 'b_std': 0.0071499224812533796, 'b_n': 14358}
2026-05-21 18:47:27,372 INFO src.data.event_loader: lengths of samples: min=32, max=981, avg=133.42
2026-05-21 18:47:27,373 INFO src.data.event_loader: Number of positive samples: 623
2026-05-21 18:47:27,373 INFO src.data.event_loader: Number of negative samples: 845
2026-05-21 18:47:27,374 INFO src.data.event_loader: Positive samples: 528, Negative samples: 646
2026-05-21 18:47:27,374 INFO src.data.event_loader: Total samples: 1174, Positive ratio: 0.45, Negative ratio: 0.55
2026-05-21 18:47:27,374 INFO src.data.event_loader: Positive samples: 60, Negative samples: 86
2026-05-21 18:47:27,374 INFO src.data.event_loader: Total samples: 146, Positive ratio: 0.41, Negative ratio: 0.59
2026-05-21 18:47:27,374 INFO src.data.event_loader: Positive samples: 35, Negative samples: 113
2026-05-21 18:47:27,375 INFO src.data.event_loader: Total samples: 148, Positive ratio: 0.24, Negative ratio: 0.76
2026-05-21 18:47:27,747 INFO src.models.adapters.mixer_task: using time scale base 1.3070542199341526 (key: tau_mean)
2026-05-21 18:47:27,748 INFO src.models.adapters.mixer_task: tau mean: tensor(1.3071)
2026-05-21 18:47:27,755 INFO src.train.config_setup: Restoring model from checkpoint.
2026-05-21 18:47:27,755 INFO src.train.config_setup: Loading model weights: load_specific_parts=None
2026-05-21 18:47:27,756 INFO src.train.config_setup: Checkpoint loaded: <All keys matched successfully>
2026-05-21 18:47:27,757 INFO src.train.config_setup: Full load summary: loaded=56, missing=0, unexpected=0
2026-05-21 18:47:27,757 INFO src.train.config_setup: Checkpoint hyperparameters loaded.
2026-05-21 18:47:27,758 INFO src.train.config_setup: Checkpoint train metrics available.
2026-05-21 18:47:27,758 INFO src.train.config_setup: Checkpoint val metrics available.
2026-05-21 18:47:27,758 INFO src.train.config_setup: Freeze skipped (checkpoint_restore): freeze_parts is empty.
2026-05-21 18:47:27,758 INFO src.train.config_setup: Using classification criterion: focal
2026-05-21 18:47:27,758 INFO src.train.config_setup: Criterion config: {'alpha': 0.5, 'gamma': 2.0}
2026-05-21 18:47:27,759 INFO src.train.config_setup: Not resuming optimizer/scheduler state; reset training state to start_epoch=0, best_val_loss=inf.
2026-05-21 18:47:27,759 INFO src.cli.common: Using threshold 0.4727647006511688 from checkpoint val_metrics for testing.
2026-05-21 18:47:32,711 INFO src.utils.metrics: ROC curve saved to /root/autodl-tmp/em_eqf/experiments/clf_pre_v2/clf_pre_SCEDC_v2/runs/tf_20_mf_4p5_seed_4/roc_curve.png
2026-05-21 18:47:32,853 INFO src.utils.metrics: PR curve saved to /root/autodl-tmp/em_eqf/experiments/clf_pre_v2/clf_pre_SCEDC_v2/runs/tf_20_mf_4p5_seed_4/pr_curve.png
2026-05-21 18:47:32,957 INFO src.utils.metrics: Confusion matrix saved to /root/autodl-tmp/em_eqf/experiments/clf_pre_v2/clf_pre_SCEDC_v2/runs/tf_20_mf_4p5_seed_4/confusion_matrix.png
2026-05-21 18:47:32,957 INFO src.cli.workflows: Test loss: 0.07857468873262405
2026-05-21 18:47:34,250 INFO src.train.classifier_train_step: Prediction distribution plot has been saved to: /root/autodl-tmp/em_eqf/experiments/clf_pre_v2/clf_pre_SCEDC_v2/runs/tf_20_mf_4p5_seed_4/train_pred_distribution.png
2026-05-21 18:47:34,586 INFO src.train.classifier_train_step: Prediction distribution plot has been saved to: /root/autodl-tmp/em_eqf/experiments/clf_pre_v2/clf_pre_SCEDC_v2/runs/tf_20_mf_4p5_seed_4/val_pred_distribution.png
2026-05-21 18:47:34,898 INFO src.train.classifier_train_step: Prediction distribution plot has been saved to: /root/autodl-tmp/em_eqf/experiments/clf_pre_v2/clf_pre_SCEDC_v2/runs/tf_20_mf_4p5_seed_4/test_pred_distribution.png
2026-05-21 18:47:34,899 INFO src.cli.common: Saved test metrics to /root/autodl-tmp/em_eqf/experiments/clf_pre_v2/clf_pre_SCEDC_v2/runs/tf_20_mf_4p5_seed_4/metrics_test_best_1.json
2026-05-21 18:47:34,899 INFO src.cli.common: Metrics: {'precision': 0.26851851851851855, 'recall': 0.8285714285714286, 'f1': 0.40559440559440557, 'auc': 0.7446270543615675, 'pr_auc': 0.6268118811388889, 'fpr': 0.6991150442477876, 'tpr': 0.8285714285714286, 'R': 0.12945638432364104, 'conf': 1.5372286863114761e-12, 'threshold': 0.4727647006511688}
