2026-05-20 11:09:55,690 INFO src.data.preprocessing: CSV files found: ['chuandian_2021.csv']
2026-05-20 11:09:56,759 INFO src.utils.file_utils: Loading cached data from: data/ChuanDian/classifier/classifier_Mc_3_Mf_4.5_Tfore_20_Twindow_180_context_len_1_dt_10.pkl
2026-05-20 11:09:58,030 INFO src.data.preprocessing: Catalog statistics: {'tau_unfiltered': 0.15339908988298961, 'tau_q025': 0.08114294020924717, 'tau_q05': 0.5134664350189269, 'tau_mean': 1.3070542199341526, 'tau_max': 25.18216435192153, 'tau_min': 0.0, 'time_max': 18770.72654999979, 'time_mean': 10030.9430649837, 'mag_completeness': 3.0, 'mag_mean': 3.456916005014626, 'mag_max': 8.0, 'mag_min': 3.0, 'b_value': 0.856738547623331, 'b_std': 0.0071499224812533796, 'b_n': 14358}
2026-05-20 11:09:58,055 INFO src.data.event_loader: lengths of samples: min=32, max=981, avg=133.42
2026-05-20 11:09:58,056 INFO src.data.event_loader: Number of positive samples: 623
2026-05-20 11:09:58,056 INFO src.data.event_loader: Number of negative samples: 845
2026-05-20 11:09:58,057 INFO src.data.event_loader: Positive samples: 528, Negative samples: 646
2026-05-20 11:09:58,057 INFO src.data.event_loader: Total samples: 1174, Positive ratio: 0.45, Negative ratio: 0.55
2026-05-20 11:09:58,058 INFO src.data.event_loader: Positive samples: 60, Negative samples: 86
2026-05-20 11:09:58,058 INFO src.data.event_loader: Total samples: 146, Positive ratio: 0.41, Negative ratio: 0.59
2026-05-20 11:09:58,058 INFO src.data.event_loader: Positive samples: 35, Negative samples: 113
2026-05-20 11:09:58,058 INFO src.data.event_loader: Total samples: 148, Positive ratio: 0.24, Negative ratio: 0.76
2026-05-20 11:09:58,251 INFO src.cli.workflows: Loading checkpoint from: ./checkpoints/mixer_tpp_20260508-182744/last_model_1.pth
2026-05-20 11:09:58,868 INFO src.models.adapters.mixer_task: using time scale base 1.3070542199341526 (key: tau_mean)
2026-05-20 11:09:58,868 INFO src.models.adapters.mixer_task: tau mean: tensor(1.3071)
2026-05-20 11:09:58,878 INFO src.train.config_setup: Restoring model from checkpoint.
2026-05-20 11:09:58,878 INFO src.train.config_setup: Loading model weights: load_specific_parts=['encoder']
2026-05-20 11:09:58,879 INFO src.train.config_setup: Selective load summary: requested_parts=['encoder'], target_in_model=40, matched_in_checkpoint=30, loaded=30, missing_after_load=10, shape_mismatch=0, missing_in_model=0, out_of_scope_loaded=0
2026-05-20 11:09:58,879 INFO src.train.config_setup: Selective load coverage [encoder]: target=40, hit=30, missing=10, complete=False
2026-05-20 11:09:58,879 WARNING src.train.config_setup: Selective load coverage missing preview [encoder]: ['base_model.encoder.layers.2.mixer.in_proj.bias', 'base_model.encoder.layers.2.mixer.in_proj.weight', 'base_model.encoder.layers.2.mixer.out_proj.bias', 'base_model.encoder.layers.2.mixer.out_proj.weight', 'base_model.encoder.layers.2.mlp.fc1.weight', 'base_model.encoder.layers.2.mlp.fc2.weight', 'base_model.encoder.layers.2.norm.bias', 'base_model.encoder.layers.2.norm.weight'] ... (+2 more)
2026-05-20 11:09:58,879 WARNING src.train.config_setup: Checkpoint missing target parameter preview: ['base_model.encoder.layers.2.mixer.in_proj.bias', 'base_model.encoder.layers.2.mixer.in_proj.weight', 'base_model.encoder.layers.2.mixer.out_proj.bias', 'base_model.encoder.layers.2.mixer.out_proj.weight', 'base_model.encoder.layers.2.mlp.fc1.weight', 'base_model.encoder.layers.2.mlp.fc2.weight', 'base_model.encoder.layers.2.norm.bias', 'base_model.encoder.layers.2.norm.weight', 'base_model.encoder.layers.2.norm2.bias', 'base_model.encoder.layers.2.norm2.weight']
2026-05-20 11:09:58,879 WARNING src.train.config_setup: Target not-loaded parameter preview: ['base_model.encoder.layers.2.mixer.in_proj.bias', 'base_model.encoder.layers.2.mixer.in_proj.weight', 'base_model.encoder.layers.2.mixer.out_proj.bias', 'base_model.encoder.layers.2.mixer.out_proj.weight', 'base_model.encoder.layers.2.mlp.fc1.weight', 'base_model.encoder.layers.2.mlp.fc2.weight', 'base_model.encoder.layers.2.norm.bias', 'base_model.encoder.layers.2.norm.weight', 'base_model.encoder.layers.2.norm2.bias', 'base_model.encoder.layers.2.norm2.weight']
2026-05-20 11:09:58,879 INFO src.train.config_setup: Loaded parameter preview: ['base_model.encoder.layers.0.mixer.norm.weight', 'base_model.encoder.input_proj.3.bias', 'base_model.encoder.layers.0.norm.weight', 'base_model.encoder.layers.1.mixer.dt_bias', 'base_model.encoder.layers.0.mixer.in_proj.weight', 'base_model.encoder.input_proj.0.bias', 'base_model.encoder.layers.0.mlp.fc1.weight', 'base_model.encoder.layers.1.norm.bias', 'base_model.encoder.layers.1.norm2.weight', 'base_model.encoder.layers.0.norm2.weight'] ... (+20 more)
2026-05-20 11:09:58,881 INFO src.train.config_setup: Checkpoint hyperparameters loaded.
2026-05-20 11:09:58,881 INFO src.train.config_setup: Checkpoint train metrics available.
2026-05-20 11:09:58,881 INFO src.train.config_setup: Checkpoint val metrics available.
2026-05-20 11:09:58,881 INFO src.train.config_setup: Freeze skipped (checkpoint_restore): freeze_parts is empty.
2026-05-20 11:09:58,881 INFO src.train.config_setup: Using classification criterion: focal
2026-05-20 11:09:58,881 INFO src.train.config_setup: Criterion config: {'alpha': 0.5, 'gamma': 2.0}
2026-05-20 11:09:58,882 INFO src.train.config_setup: Not resuming optimizer/scheduler state; reset training state to start_epoch=0, best_val_loss=inf.
2026-05-20 11:09:58,883 INFO src.train.trainer: Epoch 1
2026-05-20 11:10:17,072 INFO src.train.trainer: New best validation loss: 0.0855, saved to /root/autodl-tmp/em_eqf/experiments/clf_grid_AZDX/runs/tf_20_mf_4p5_seed_6/best_model_1.pth
2026-05-20 11:10:17,081 INFO src.train.trainer: Last model at epoch 1 saved to /root/autodl-tmp/em_eqf/experiments/clf_grid_AZDX/runs/tf_20_mf_4p5_seed_6/last_model_1.pth
2026-05-20 11:10:17,081 INFO src.train.trainer: Epoch 2
2026-05-20 11:10:20,922 INFO src.train.trainer: New best validation loss: 0.0832, saved to /root/autodl-tmp/em_eqf/experiments/clf_grid_AZDX/runs/tf_20_mf_4p5_seed_6/best_model_1.pth
2026-05-20 11:10:20,932 INFO src.train.trainer: Last model at epoch 2 saved to /root/autodl-tmp/em_eqf/experiments/clf_grid_AZDX/runs/tf_20_mf_4p5_seed_6/last_model_1.pth
2026-05-20 11:10:20,932 INFO src.train.trainer: Epoch 3
2026-05-20 11:10:24,706 INFO src.train.trainer: New best validation loss: 0.0817, saved to /root/autodl-tmp/em_eqf/experiments/clf_grid_AZDX/runs/tf_20_mf_4p5_seed_6/best_model_1.pth
2026-05-20 11:10:24,715 INFO src.train.trainer: Last model at epoch 3 saved to /root/autodl-tmp/em_eqf/experiments/clf_grid_AZDX/runs/tf_20_mf_4p5_seed_6/last_model_1.pth
2026-05-20 11:10:24,716 INFO src.train.trainer: Epoch 4
2026-05-20 11:10:28,404 INFO src.train.trainer: Last model at epoch 4 saved to /root/autodl-tmp/em_eqf/experiments/clf_grid_AZDX/runs/tf_20_mf_4p5_seed_6/last_model_1.pth
2026-05-20 11:10:28,404 INFO src.train.trainer: Epoch 5
2026-05-20 11:10:31,970 INFO src.train.trainer: Last model at epoch 5 saved to /root/autodl-tmp/em_eqf/experiments/clf_grid_AZDX/runs/tf_20_mf_4p5_seed_6/last_model_1.pth
2026-05-20 11:10:31,970 INFO src.train.trainer: Epoch 6
2026-05-20 11:10:35,601 INFO src.train.trainer: Last model at epoch 6 saved to /root/autodl-tmp/em_eqf/experiments/clf_grid_AZDX/runs/tf_20_mf_4p5_seed_6/last_model_1.pth
2026-05-20 11:10:35,602 INFO src.train.trainer: Epoch 7
2026-05-20 11:10:39,234 INFO src.train.trainer: Last model at epoch 7 saved to /root/autodl-tmp/em_eqf/experiments/clf_grid_AZDX/runs/tf_20_mf_4p5_seed_6/last_model_1.pth
2026-05-20 11:10:39,234 INFO src.train.trainer: Epoch 8
2026-05-20 11:10:42,873 INFO src.train.trainer: Last model at epoch 8 saved to /root/autodl-tmp/em_eqf/experiments/clf_grid_AZDX/runs/tf_20_mf_4p5_seed_6/last_model_1.pth
2026-05-20 11:10:42,873 INFO src.train.trainer: Epoch 9
2026-05-20 11:10:46,742 INFO src.train.trainer: New best validation loss: 0.0807, saved to /root/autodl-tmp/em_eqf/experiments/clf_grid_AZDX/runs/tf_20_mf_4p5_seed_6/best_model_1.pth
2026-05-20 11:10:46,751 INFO src.train.trainer: Last model at epoch 9 saved to /root/autodl-tmp/em_eqf/experiments/clf_grid_AZDX/runs/tf_20_mf_4p5_seed_6/last_model_1.pth
2026-05-20 11:10:46,751 INFO src.train.trainer: Epoch 10
2026-05-20 11:10:50,508 INFO src.train.trainer: Last model at epoch 10 saved to /root/autodl-tmp/em_eqf/experiments/clf_grid_AZDX/runs/tf_20_mf_4p5_seed_6/last_model_1.pth
2026-05-20 11:10:50,509 INFO src.train.trainer: Epoch 11
2026-05-20 11:10:54,229 INFO src.train.trainer: Last model at epoch 11 saved to /root/autodl-tmp/em_eqf/experiments/clf_grid_AZDX/runs/tf_20_mf_4p5_seed_6/last_model_1.pth
2026-05-20 11:10:54,229 INFO src.train.trainer: Epoch 12
2026-05-20 11:10:57,668 INFO src.train.trainer: Last model at epoch 12 saved to /root/autodl-tmp/em_eqf/experiments/clf_grid_AZDX/runs/tf_20_mf_4p5_seed_6/last_model_1.pth
2026-05-20 11:10:57,668 INFO src.train.trainer: Epoch 13
2026-05-20 11:11:01,025 INFO src.train.trainer: Last model at epoch 13 saved to /root/autodl-tmp/em_eqf/experiments/clf_grid_AZDX/runs/tf_20_mf_4p5_seed_6/last_model_1.pth
2026-05-20 11:11:01,026 INFO src.train.trainer: Epoch 14
2026-05-20 11:11:04,348 INFO src.train.trainer: Last model at epoch 14 saved to /root/autodl-tmp/em_eqf/experiments/clf_grid_AZDX/runs/tf_20_mf_4p5_seed_6/last_model_1.pth
2026-05-20 11:11:04,348 INFO src.train.trainer: Epoch 15
2026-05-20 11:11:07,572 INFO src.train.trainer: Last model at epoch 15 saved to /root/autodl-tmp/em_eqf/experiments/clf_grid_AZDX/runs/tf_20_mf_4p5_seed_6/last_model_1.pth
2026-05-20 11:11:07,572 INFO src.train.trainer: Epoch 16
2026-05-20 11:11:11,035 INFO src.train.trainer: Last model at epoch 16 saved to /root/autodl-tmp/em_eqf/experiments/clf_grid_AZDX/runs/tf_20_mf_4p5_seed_6/last_model_1.pth
2026-05-20 11:11:11,035 INFO src.train.trainer: Epoch 17
2026-05-20 11:11:14,731 INFO src.train.trainer: Last model at epoch 17 saved to /root/autodl-tmp/em_eqf/experiments/clf_grid_AZDX/runs/tf_20_mf_4p5_seed_6/last_model_1.pth
2026-05-20 11:11:14,731 INFO src.train.trainer: Epoch 18
2026-05-20 11:11:18,158 INFO src.train.trainer: New best validation loss: 0.0794, saved to /root/autodl-tmp/em_eqf/experiments/clf_grid_AZDX/runs/tf_20_mf_4p5_seed_6/best_model_1.pth
2026-05-20 11:11:18,166 INFO src.train.trainer: Last model at epoch 18 saved to /root/autodl-tmp/em_eqf/experiments/clf_grid_AZDX/runs/tf_20_mf_4p5_seed_6/last_model_1.pth
2026-05-20 11:11:18,167 INFO src.train.trainer: Epoch 19
2026-05-20 11:11:21,512 INFO src.train.trainer: Last model at epoch 19 saved to /root/autodl-tmp/em_eqf/experiments/clf_grid_AZDX/runs/tf_20_mf_4p5_seed_6/last_model_1.pth
2026-05-20 11:11:21,512 INFO src.train.trainer: Epoch 20
2026-05-20 11:11:24,633 INFO src.train.trainer: New best validation loss: 0.0785, saved to /root/autodl-tmp/em_eqf/experiments/clf_grid_AZDX/runs/tf_20_mf_4p5_seed_6/best_model_1.pth
2026-05-20 11:11:24,641 INFO src.train.trainer: Last model at epoch 20 saved to /root/autodl-tmp/em_eqf/experiments/clf_grid_AZDX/runs/tf_20_mf_4p5_seed_6/last_model_1.pth
2026-05-20 11:11:24,641 INFO src.train.trainer: Epoch 21
2026-05-20 11:11:28,121 INFO src.train.trainer: Last model at epoch 21 saved to /root/autodl-tmp/em_eqf/experiments/clf_grid_AZDX/runs/tf_20_mf_4p5_seed_6/last_model_1.pth
2026-05-20 11:11:28,121 INFO src.train.trainer: Epoch 22
2026-05-20 11:11:31,688 INFO src.train.trainer: Last model at epoch 22 saved to /root/autodl-tmp/em_eqf/experiments/clf_grid_AZDX/runs/tf_20_mf_4p5_seed_6/last_model_1.pth
2026-05-20 11:11:31,689 INFO src.train.trainer: Epoch 23
2026-05-20 11:11:35,871 INFO src.train.trainer: Last model at epoch 23 saved to /root/autodl-tmp/em_eqf/experiments/clf_grid_AZDX/runs/tf_20_mf_4p5_seed_6/last_model_1.pth
2026-05-20 11:11:35,871 INFO src.train.trainer: Epoch 24
2026-05-20 11:11:39,527 INFO src.train.trainer: New best validation loss: 0.0779, saved to /root/autodl-tmp/em_eqf/experiments/clf_grid_AZDX/runs/tf_20_mf_4p5_seed_6/best_model_1.pth
2026-05-20 11:11:39,538 INFO src.train.trainer: Last model at epoch 24 saved to /root/autodl-tmp/em_eqf/experiments/clf_grid_AZDX/runs/tf_20_mf_4p5_seed_6/last_model_1.pth
2026-05-20 11:11:39,538 INFO src.train.trainer: Epoch 25
2026-05-20 11:11:42,963 INFO src.train.trainer: New best validation loss: 0.0765, saved to /root/autodl-tmp/em_eqf/experiments/clf_grid_AZDX/runs/tf_20_mf_4p5_seed_6/best_model_1.pth
2026-05-20 11:11:42,973 INFO src.train.trainer: Last model at epoch 25 saved to /root/autodl-tmp/em_eqf/experiments/clf_grid_AZDX/runs/tf_20_mf_4p5_seed_6/last_model_1.pth
2026-05-20 11:11:42,973 INFO src.train.trainer: Epoch 26
2026-05-20 11:11:46,688 INFO src.train.trainer: Last model at epoch 26 saved to /root/autodl-tmp/em_eqf/experiments/clf_grid_AZDX/runs/tf_20_mf_4p5_seed_6/last_model_1.pth
2026-05-20 11:11:46,688 INFO src.train.trainer: Epoch 27
2026-05-20 11:11:50,394 INFO src.train.trainer: Last model at epoch 27 saved to /root/autodl-tmp/em_eqf/experiments/clf_grid_AZDX/runs/tf_20_mf_4p5_seed_6/last_model_1.pth
2026-05-20 11:11:50,394 INFO src.train.trainer: Epoch 28
2026-05-20 11:11:54,068 INFO src.train.trainer: Last model at epoch 28 saved to /root/autodl-tmp/em_eqf/experiments/clf_grid_AZDX/runs/tf_20_mf_4p5_seed_6/last_model_1.pth
2026-05-20 11:11:54,068 INFO src.train.trainer: Epoch 29
2026-05-20 11:11:57,510 INFO src.train.trainer: New best validation loss: 0.0760, saved to /root/autodl-tmp/em_eqf/experiments/clf_grid_AZDX/runs/tf_20_mf_4p5_seed_6/best_model_1.pth
2026-05-20 11:11:57,519 INFO src.train.trainer: Last model at epoch 29 saved to /root/autodl-tmp/em_eqf/experiments/clf_grid_AZDX/runs/tf_20_mf_4p5_seed_6/last_model_1.pth
2026-05-20 11:11:57,519 INFO src.train.trainer: Epoch 30
2026-05-20 11:12:01,110 INFO src.train.trainer: New best validation loss: 0.0757, saved to /root/autodl-tmp/em_eqf/experiments/clf_grid_AZDX/runs/tf_20_mf_4p5_seed_6/best_model_1.pth
2026-05-20 11:12:01,119 INFO src.train.trainer: Last model at epoch 30 saved to /root/autodl-tmp/em_eqf/experiments/clf_grid_AZDX/runs/tf_20_mf_4p5_seed_6/last_model_1.pth
2026-05-20 11:12:01,119 INFO src.train.trainer: Epoch 31
2026-05-20 11:12:04,547 INFO src.train.trainer: New best validation loss: 0.0746, saved to /root/autodl-tmp/em_eqf/experiments/clf_grid_AZDX/runs/tf_20_mf_4p5_seed_6/best_model_1.pth
2026-05-20 11:12:04,557 INFO src.train.trainer: Last model at epoch 31 saved to /root/autodl-tmp/em_eqf/experiments/clf_grid_AZDX/runs/tf_20_mf_4p5_seed_6/last_model_1.pth
2026-05-20 11:12:04,557 INFO src.train.trainer: Epoch 32
2026-05-20 11:12:07,803 INFO src.train.trainer: Last model at epoch 32 saved to /root/autodl-tmp/em_eqf/experiments/clf_grid_AZDX/runs/tf_20_mf_4p5_seed_6/last_model_1.pth
2026-05-20 11:12:07,804 INFO src.train.trainer: Epoch 33
2026-05-20 11:12:11,218 INFO src.train.trainer: Last model at epoch 33 saved to /root/autodl-tmp/em_eqf/experiments/clf_grid_AZDX/runs/tf_20_mf_4p5_seed_6/last_model_1.pth
2026-05-20 11:12:11,218 INFO src.train.trainer: Epoch 34
2026-05-20 11:12:15,518 INFO src.train.trainer: Last model at epoch 34 saved to /root/autodl-tmp/em_eqf/experiments/clf_grid_AZDX/runs/tf_20_mf_4p5_seed_6/last_model_1.pth
2026-05-20 11:12:15,518 INFO src.train.trainer: Epoch 35
2026-05-20 11:12:18,883 INFO src.train.trainer: Last model at epoch 35 saved to /root/autodl-tmp/em_eqf/experiments/clf_grid_AZDX/runs/tf_20_mf_4p5_seed_6/last_model_1.pth
2026-05-20 11:12:18,883 INFO src.train.trainer: Epoch 36
2026-05-20 11:12:22,755 INFO src.train.trainer: Last model at epoch 36 saved to /root/autodl-tmp/em_eqf/experiments/clf_grid_AZDX/runs/tf_20_mf_4p5_seed_6/last_model_1.pth
2026-05-20 11:12:22,755 INFO src.train.trainer: Epoch 37
2026-05-20 11:12:26,209 INFO src.train.trainer: Last model at epoch 37 saved to /root/autodl-tmp/em_eqf/experiments/clf_grid_AZDX/runs/tf_20_mf_4p5_seed_6/last_model_1.pth
2026-05-20 11:12:26,209 INFO src.train.trainer: Epoch 38
2026-05-20 11:12:29,398 INFO src.train.trainer: Last model at epoch 38 saved to /root/autodl-tmp/em_eqf/experiments/clf_grid_AZDX/runs/tf_20_mf_4p5_seed_6/last_model_1.pth
2026-05-20 11:12:29,398 INFO src.train.trainer: Epoch 39
2026-05-20 11:12:32,831 INFO src.train.trainer: Last model at epoch 39 saved to /root/autodl-tmp/em_eqf/experiments/clf_grid_AZDX/runs/tf_20_mf_4p5_seed_6/last_model_1.pth
2026-05-20 11:12:32,831 INFO src.train.trainer: Epoch 40
2026-05-20 11:12:36,402 INFO src.train.trainer: Last model at epoch 40 saved to /root/autodl-tmp/em_eqf/experiments/clf_grid_AZDX/runs/tf_20_mf_4p5_seed_6/last_model_1.pth
2026-05-20 11:12:36,402 INFO src.train.trainer: Epoch 41
2026-05-20 11:12:40,183 INFO src.train.trainer: Last model at epoch 41 saved to /root/autodl-tmp/em_eqf/experiments/clf_grid_AZDX/runs/tf_20_mf_4p5_seed_6/last_model_1.pth
2026-05-20 11:12:40,183 INFO src.train.trainer: Early stopping triggered at epoch 41 (best epoch: 31, best val loss: 0.074577)
2026-05-20 11:12:51,355 INFO src.data.preprocessing: CSV files found: ['chuandian_2021.csv']
2026-05-20 11:12:52,378 INFO src.utils.file_utils: Loading cached data from: data/ChuanDian/classifier/classifier_Mc_3_Mf_4.5_Tfore_20_Twindow_180_context_len_1_dt_10.pkl
2026-05-20 11:12:53,530 INFO src.data.preprocessing: Catalog statistics: {'tau_unfiltered': 0.15339908988298961, 'tau_q025': 0.08114294020924717, 'tau_q05': 0.5134664350189269, 'tau_mean': 1.3070542199341526, 'tau_max': 25.18216435192153, 'tau_min': 0.0, 'time_max': 18770.72654999979, 'time_mean': 10030.9430649837, 'mag_completeness': 3.0, 'mag_mean': 3.456916005014626, 'mag_max': 8.0, 'mag_min': 3.0, 'b_value': 0.856738547623331, 'b_std': 0.0071499224812533796, 'b_n': 14358}
2026-05-20 11:12:53,552 INFO src.data.event_loader: lengths of samples: min=32, max=981, avg=133.42
2026-05-20 11:12:53,552 INFO src.data.event_loader: Number of positive samples: 623
2026-05-20 11:12:53,553 INFO src.data.event_loader: Number of negative samples: 845
2026-05-20 11:12:53,554 INFO src.data.event_loader: Positive samples: 528, Negative samples: 646
2026-05-20 11:12:53,554 INFO src.data.event_loader: Total samples: 1174, Positive ratio: 0.45, Negative ratio: 0.55
2026-05-20 11:12:53,554 INFO src.data.event_loader: Positive samples: 60, Negative samples: 86
2026-05-20 11:12:53,554 INFO src.data.event_loader: Total samples: 146, Positive ratio: 0.41, Negative ratio: 0.59
2026-05-20 11:12:53,554 INFO src.data.event_loader: Positive samples: 35, Negative samples: 113
2026-05-20 11:12:53,554 INFO src.data.event_loader: Total samples: 148, Positive ratio: 0.24, Negative ratio: 0.76
2026-05-20 11:12:54,072 INFO src.models.adapters.mixer_task: using time scale base 1.3070542199341526 (key: tau_mean)
2026-05-20 11:12:54,072 INFO src.models.adapters.mixer_task: tau mean: tensor(1.3071)
2026-05-20 11:12:54,080 INFO src.train.config_setup: Restoring model from checkpoint.
2026-05-20 11:12:54,081 INFO src.train.config_setup: Loading model weights: load_specific_parts=None
2026-05-20 11:12:54,083 INFO src.train.config_setup: Checkpoint loaded: <All keys matched successfully>
2026-05-20 11:12:54,083 INFO src.train.config_setup: Full load summary: loaded=56, missing=0, unexpected=0
2026-05-20 11:12:54,084 INFO src.train.config_setup: Checkpoint hyperparameters loaded.
2026-05-20 11:12:54,084 INFO src.train.config_setup: Checkpoint train metrics available.
2026-05-20 11:12:54,084 INFO src.train.config_setup: Checkpoint val metrics available.
2026-05-20 11:12:54,084 INFO src.train.config_setup: Freeze skipped (checkpoint_restore): freeze_parts is empty.
2026-05-20 11:12:54,084 INFO src.train.config_setup: Using classification criterion: focal
2026-05-20 11:12:54,084 INFO src.train.config_setup: Criterion config: {'alpha': 0.5, 'gamma': 2.0}
2026-05-20 11:12:54,085 INFO src.train.config_setup: Not resuming optimizer/scheduler state; reset training state to start_epoch=0, best_val_loss=inf.
2026-05-20 11:12:54,085 INFO src.cli.common: Using threshold 0.4401809573173523 from checkpoint val_metrics for testing.
2026-05-20 11:12:59,172 INFO src.utils.metrics: ROC curve saved to /root/autodl-tmp/em_eqf/experiments/clf_grid_AZDX/runs/tf_20_mf_4p5_seed_6/roc_curve.png
2026-05-20 11:12:59,314 INFO src.utils.metrics: PR curve saved to /root/autodl-tmp/em_eqf/experiments/clf_grid_AZDX/runs/tf_20_mf_4p5_seed_6/pr_curve.png
2026-05-20 11:12:59,389 INFO src.utils.metrics: Confusion matrix saved to /root/autodl-tmp/em_eqf/experiments/clf_grid_AZDX/runs/tf_20_mf_4p5_seed_6/confusion_matrix.png
2026-05-20 11:12:59,390 INFO src.cli.workflows: Test loss: 0.05743801891803742
2026-05-20 11:13:00,916 INFO src.train.classifier_train_step: Prediction distribution plot has been saved to: /root/autodl-tmp/em_eqf/experiments/clf_grid_AZDX/runs/tf_20_mf_4p5_seed_6/train_pred_distribution.png
2026-05-20 11:13:01,339 INFO src.train.classifier_train_step: Prediction distribution plot has been saved to: /root/autodl-tmp/em_eqf/experiments/clf_grid_AZDX/runs/tf_20_mf_4p5_seed_6/val_pred_distribution.png
2026-05-20 11:13:01,746 INFO src.train.classifier_train_step: Prediction distribution plot has been saved to: /root/autodl-tmp/em_eqf/experiments/clf_grid_AZDX/runs/tf_20_mf_4p5_seed_6/test_pred_distribution.png
2026-05-20 11:13:01,746 INFO src.cli.common: Saved test metrics to /root/autodl-tmp/em_eqf/experiments/clf_grid_AZDX/runs/tf_20_mf_4p5_seed_6/metrics_test_best_1.json
2026-05-20 11:13:01,746 INFO src.cli.common: Metrics: {'precision': 0.5526315789473685, 'recall': 0.6, 'f1': 0.5753424657534246, 'auc': 0.8025284450063211, 'pr_auc': 0.6830798346656796, 'fpr': 0.1504424778761062, 'tpr': 0.6, 'R': 0.44955752212389377, 'conf': 1.0, 'threshold': 0.4401809573173523}
