2026-05-21 18:26:27,435 INFO src.data.preprocessing: CSV files found: ['chuandian_2021.csv']
2026-05-21 18:26:27,953 INFO src.utils.file_utils: Loading cached data from: data/ChuanDian/classifier/classifier_Mc_3_Mf_4.5_Tfore_20_Twindow_180_context_len_1_dt_10.pkl
2026-05-21 18:26:28,672 INFO src.data.preprocessing: Catalog statistics: {'tau_unfiltered': 0.15339908988298961, 'tau_q025': 0.08114294020924717, 'tau_q05': 0.5134664350189269, 'tau_mean': 1.3070542199341526, 'tau_max': 25.18216435192153, 'tau_min': 0.0, 'time_max': 18770.72654999979, 'time_mean': 10030.9430649837, 'mag_completeness': 3.0, 'mag_mean': 3.456916005014626, 'mag_max': 8.0, 'mag_min': 3.0, 'b_value': 0.856738547623331, 'b_std': 0.0071499224812533796, 'b_n': 14358}
2026-05-21 18:26:28,687 INFO src.data.event_loader: lengths of samples: min=32, max=981, avg=133.42
2026-05-21 18:26:28,687 INFO src.data.event_loader: Number of positive samples: 623
2026-05-21 18:26:28,688 INFO src.data.event_loader: Number of negative samples: 845
2026-05-21 18:26:28,688 INFO src.data.event_loader: Positive samples: 528, Negative samples: 646
2026-05-21 18:26:28,688 INFO src.data.event_loader: Total samples: 1174, Positive ratio: 0.45, Negative ratio: 0.55
2026-05-21 18:26:28,689 INFO src.data.event_loader: Positive samples: 60, Negative samples: 86
2026-05-21 18:26:28,689 INFO src.data.event_loader: Total samples: 146, Positive ratio: 0.41, Negative ratio: 0.59
2026-05-21 18:26:28,689 INFO src.data.event_loader: Positive samples: 35, Negative samples: 113
2026-05-21 18:26:28,689 INFO src.data.event_loader: Total samples: 148, Positive ratio: 0.24, Negative ratio: 0.76
2026-05-21 18:26:28,739 INFO src.cli.workflows: Loading checkpoint from: ./checkpoints/mixer_tpp_20260508-182744/last_model_1.pth
2026-05-21 18:26:29,530 INFO src.models.adapters.mixer_task: using time scale base 1.3070542199341526 (key: tau_mean)
2026-05-21 18:26:29,530 INFO src.models.adapters.mixer_task: tau mean: tensor(1.3071)
2026-05-21 18:26:29,555 INFO src.train.config_setup: Restoring model from checkpoint.
2026-05-21 18:26:29,555 INFO src.train.config_setup: Loading model weights: load_specific_parts=['encoder']
2026-05-21 18:26:29,556 INFO src.train.config_setup: Selective load summary: requested_parts=['encoder'], target_in_model=40, matched_in_checkpoint=30, loaded=30, missing_after_load=10, shape_mismatch=0, missing_in_model=0, out_of_scope_loaded=0
2026-05-21 18:26:29,556 INFO src.train.config_setup: Selective load coverage [encoder]: target=40, hit=30, missing=10, complete=False
2026-05-21 18:26:29,556 WARNING src.train.config_setup: Selective load coverage missing preview [encoder]: ['base_model.encoder.layers.2.mixer.in_proj.bias', 'base_model.encoder.layers.2.mixer.in_proj.weight', 'base_model.encoder.layers.2.mixer.out_proj.bias', 'base_model.encoder.layers.2.mixer.out_proj.weight', 'base_model.encoder.layers.2.mlp.fc1.weight', 'base_model.encoder.layers.2.mlp.fc2.weight', 'base_model.encoder.layers.2.norm.bias', 'base_model.encoder.layers.2.norm.weight'] ... (+2 more)
2026-05-21 18:26:29,556 WARNING src.train.config_setup: Checkpoint missing target parameter preview: ['base_model.encoder.layers.2.mixer.in_proj.bias', 'base_model.encoder.layers.2.mixer.in_proj.weight', 'base_model.encoder.layers.2.mixer.out_proj.bias', 'base_model.encoder.layers.2.mixer.out_proj.weight', 'base_model.encoder.layers.2.mlp.fc1.weight', 'base_model.encoder.layers.2.mlp.fc2.weight', 'base_model.encoder.layers.2.norm.bias', 'base_model.encoder.layers.2.norm.weight', 'base_model.encoder.layers.2.norm2.bias', 'base_model.encoder.layers.2.norm2.weight']
2026-05-21 18:26:29,556 WARNING src.train.config_setup: Target not-loaded parameter preview: ['base_model.encoder.layers.2.mixer.in_proj.bias', 'base_model.encoder.layers.2.mixer.in_proj.weight', 'base_model.encoder.layers.2.mixer.out_proj.bias', 'base_model.encoder.layers.2.mixer.out_proj.weight', 'base_model.encoder.layers.2.mlp.fc1.weight', 'base_model.encoder.layers.2.mlp.fc2.weight', 'base_model.encoder.layers.2.norm.bias', 'base_model.encoder.layers.2.norm.weight', 'base_model.encoder.layers.2.norm2.bias', 'base_model.encoder.layers.2.norm2.weight']
2026-05-21 18:26:29,557 INFO src.train.config_setup: Loaded parameter preview: ['base_model.encoder.layers.0.mlp.fc2.weight', 'base_model.encoder.layers.0.mixer.norm.weight', 'base_model.encoder.layers.1.norm.bias', 'base_model.encoder.layers.0.mixer.dt_bias', 'base_model.encoder.norm_f.weight', 'base_model.encoder.layers.0.norm2.weight', 'base_model.encoder.layers.0.norm2.bias', 'base_model.encoder.layers.1.mixer.D', 'base_model.encoder.layers.1.mixer.out_proj.weight', 'base_model.encoder.layers.1.mixer.A_log'] ... (+20 more)
2026-05-21 18:26:29,558 INFO src.train.config_setup: Checkpoint hyperparameters loaded.
2026-05-21 18:26:29,558 INFO src.train.config_setup: Checkpoint train metrics available.
2026-05-21 18:26:29,558 INFO src.train.config_setup: Checkpoint val metrics available.
2026-05-21 18:26:29,558 INFO src.train.config_setup: Freeze skipped (checkpoint_restore): freeze_parts is empty.
2026-05-21 18:26:29,558 INFO src.train.config_setup: Using classification criterion: focal
2026-05-21 18:26:29,558 INFO src.train.config_setup: Criterion config: {'alpha': 0.5, 'gamma': 2.0}
2026-05-21 18:26:29,559 INFO src.train.config_setup: Not resuming optimizer/scheduler state; reset training state to start_epoch=0, best_val_loss=inf.
2026-05-21 18:26:29,559 INFO src.train.trainer: Epoch 1
2026-05-21 18:26:45,576 INFO src.train.trainer: New best validation loss: 0.0849, saved to /root/autodl-tmp/em_eqf/experiments/clf_pre_v2/clf_pre_AZDX_v2/runs/tf_20_mf_4p5_seed_7/best_model_1.pth
2026-05-21 18:26:45,582 INFO src.train.trainer: Last model at epoch 1 saved to /root/autodl-tmp/em_eqf/experiments/clf_pre_v2/clf_pre_AZDX_v2/runs/tf_20_mf_4p5_seed_7/last_model_1.pth
2026-05-21 18:26:45,582 INFO src.train.trainer: Epoch 2
2026-05-21 18:26:49,393 INFO src.train.trainer: Last model at epoch 2 saved to /root/autodl-tmp/em_eqf/experiments/clf_pre_v2/clf_pre_AZDX_v2/runs/tf_20_mf_4p5_seed_7/last_model_1.pth
2026-05-21 18:26:49,393 INFO src.train.trainer: Epoch 3
2026-05-21 18:26:53,247 INFO src.train.trainer: Last model at epoch 3 saved to /root/autodl-tmp/em_eqf/experiments/clf_pre_v2/clf_pre_AZDX_v2/runs/tf_20_mf_4p5_seed_7/last_model_1.pth
2026-05-21 18:26:53,248 INFO src.train.trainer: Epoch 4
2026-05-21 18:26:56,919 INFO src.train.trainer: New best validation loss: 0.0837, saved to /root/autodl-tmp/em_eqf/experiments/clf_pre_v2/clf_pre_AZDX_v2/runs/tf_20_mf_4p5_seed_7/best_model_1.pth
2026-05-21 18:26:56,927 INFO src.train.trainer: Last model at epoch 4 saved to /root/autodl-tmp/em_eqf/experiments/clf_pre_v2/clf_pre_AZDX_v2/runs/tf_20_mf_4p5_seed_7/last_model_1.pth
2026-05-21 18:26:56,927 INFO src.train.trainer: Epoch 5
2026-05-21 18:27:00,283 INFO src.train.trainer: Last model at epoch 5 saved to /root/autodl-tmp/em_eqf/experiments/clf_pre_v2/clf_pre_AZDX_v2/runs/tf_20_mf_4p5_seed_7/last_model_1.pth
2026-05-21 18:27:00,284 INFO src.train.trainer: Epoch 6
2026-05-21 18:27:03,692 INFO src.train.trainer: Last model at epoch 6 saved to /root/autodl-tmp/em_eqf/experiments/clf_pre_v2/clf_pre_AZDX_v2/runs/tf_20_mf_4p5_seed_7/last_model_1.pth
2026-05-21 18:27:03,693 INFO src.train.trainer: Epoch 7
2026-05-21 18:27:07,015 INFO src.train.trainer: Last model at epoch 7 saved to /root/autodl-tmp/em_eqf/experiments/clf_pre_v2/clf_pre_AZDX_v2/runs/tf_20_mf_4p5_seed_7/last_model_1.pth
2026-05-21 18:27:07,015 INFO src.train.trainer: Epoch 8
2026-05-21 18:27:10,772 INFO src.train.trainer: Last model at epoch 8 saved to /root/autodl-tmp/em_eqf/experiments/clf_pre_v2/clf_pre_AZDX_v2/runs/tf_20_mf_4p5_seed_7/last_model_1.pth
2026-05-21 18:27:10,773 INFO src.train.trainer: Epoch 9
2026-05-21 18:27:14,776 INFO src.train.trainer: Last model at epoch 9 saved to /root/autodl-tmp/em_eqf/experiments/clf_pre_v2/clf_pre_AZDX_v2/runs/tf_20_mf_4p5_seed_7/last_model_1.pth
2026-05-21 18:27:14,777 INFO src.train.trainer: Epoch 10
2026-05-21 18:27:18,320 INFO src.train.trainer: Last model at epoch 10 saved to /root/autodl-tmp/em_eqf/experiments/clf_pre_v2/clf_pre_AZDX_v2/runs/tf_20_mf_4p5_seed_7/last_model_1.pth
2026-05-21 18:27:18,320 INFO src.train.trainer: Epoch 11
2026-05-21 18:27:22,621 INFO src.train.trainer: Last model at epoch 11 saved to /root/autodl-tmp/em_eqf/experiments/clf_pre_v2/clf_pre_AZDX_v2/runs/tf_20_mf_4p5_seed_7/last_model_1.pth
2026-05-21 18:27:22,621 INFO src.train.trainer: Epoch 12
2026-05-21 18:27:26,132 INFO src.train.trainer: Last model at epoch 12 saved to /root/autodl-tmp/em_eqf/experiments/clf_pre_v2/clf_pre_AZDX_v2/runs/tf_20_mf_4p5_seed_7/last_model_1.pth
2026-05-21 18:27:26,132 INFO src.train.trainer: Epoch 13
2026-05-21 18:27:30,162 INFO src.train.trainer: Last model at epoch 13 saved to /root/autodl-tmp/em_eqf/experiments/clf_pre_v2/clf_pre_AZDX_v2/runs/tf_20_mf_4p5_seed_7/last_model_1.pth
2026-05-21 18:27:30,162 INFO src.train.trainer: Epoch 14
2026-05-21 18:27:34,147 INFO src.train.trainer: Last model at epoch 14 saved to /root/autodl-tmp/em_eqf/experiments/clf_pre_v2/clf_pre_AZDX_v2/runs/tf_20_mf_4p5_seed_7/last_model_1.pth
2026-05-21 18:27:34,147 INFO src.train.trainer: Early stopping triggered at epoch 14 (best epoch: 4, best val loss: 0.083674)
2026-05-21 18:27:41,984 INFO src.data.preprocessing: CSV files found: ['chuandian_2021.csv']
2026-05-21 18:27:42,618 INFO src.utils.file_utils: Loading cached data from: data/ChuanDian/classifier/classifier_Mc_3_Mf_4.5_Tfore_20_Twindow_180_context_len_1_dt_10.pkl
2026-05-21 18:27:43,424 INFO src.data.preprocessing: Catalog statistics: {'tau_unfiltered': 0.15339908988298961, 'tau_q025': 0.08114294020924717, 'tau_q05': 0.5134664350189269, 'tau_mean': 1.3070542199341526, 'tau_max': 25.18216435192153, 'tau_min': 0.0, 'time_max': 18770.72654999979, 'time_mean': 10030.9430649837, 'mag_completeness': 3.0, 'mag_mean': 3.456916005014626, 'mag_max': 8.0, 'mag_min': 3.0, 'b_value': 0.856738547623331, 'b_std': 0.0071499224812533796, 'b_n': 14358}
2026-05-21 18:27:43,441 INFO src.data.event_loader: lengths of samples: min=32, max=981, avg=133.42
2026-05-21 18:27:43,441 INFO src.data.event_loader: Number of positive samples: 623
2026-05-21 18:27:43,442 INFO src.data.event_loader: Number of negative samples: 845
2026-05-21 18:27:43,443 INFO src.data.event_loader: Positive samples: 528, Negative samples: 646
2026-05-21 18:27:43,443 INFO src.data.event_loader: Total samples: 1174, Positive ratio: 0.45, Negative ratio: 0.55
2026-05-21 18:27:43,443 INFO src.data.event_loader: Positive samples: 60, Negative samples: 86
2026-05-21 18:27:43,443 INFO src.data.event_loader: Total samples: 146, Positive ratio: 0.41, Negative ratio: 0.59
2026-05-21 18:27:43,443 INFO src.data.event_loader: Positive samples: 35, Negative samples: 113
2026-05-21 18:27:43,443 INFO src.data.event_loader: Total samples: 148, Positive ratio: 0.24, Negative ratio: 0.76
2026-05-21 18:27:43,850 INFO src.models.adapters.mixer_task: using time scale base 1.3070542199341526 (key: tau_mean)
2026-05-21 18:27:43,850 INFO src.models.adapters.mixer_task: tau mean: tensor(1.3071)
2026-05-21 18:27:43,933 INFO src.train.config_setup: Restoring model from checkpoint.
2026-05-21 18:27:43,934 INFO src.train.config_setup: Loading model weights: load_specific_parts=None
2026-05-21 18:27:43,936 INFO src.train.config_setup: Checkpoint loaded: <All keys matched successfully>
2026-05-21 18:27:43,936 INFO src.train.config_setup: Full load summary: loaded=56, missing=0, unexpected=0
2026-05-21 18:27:43,937 INFO src.train.config_setup: Checkpoint hyperparameters loaded.
2026-05-21 18:27:43,937 INFO src.train.config_setup: Checkpoint train metrics available.
2026-05-21 18:27:43,937 INFO src.train.config_setup: Checkpoint val metrics available.
2026-05-21 18:27:43,937 INFO src.train.config_setup: Freeze skipped (checkpoint_restore): freeze_parts is empty.
2026-05-21 18:27:43,937 INFO src.train.config_setup: Using classification criterion: focal
2026-05-21 18:27:43,937 INFO src.train.config_setup: Criterion config: {'alpha': 0.5, 'gamma': 2.0}
2026-05-21 18:27:43,938 INFO src.train.config_setup: Not resuming optimizer/scheduler state; reset training state to start_epoch=0, best_val_loss=inf.
2026-05-21 18:27:43,938 INFO src.cli.common: Using threshold 0.5039675235748291 from checkpoint val_metrics for testing.
2026-05-21 18:27:48,345 INFO src.utils.metrics: ROC curve saved to /root/autodl-tmp/em_eqf/experiments/clf_pre_v2/clf_pre_AZDX_v2/runs/tf_20_mf_4p5_seed_7/roc_curve.png
2026-05-21 18:27:48,468 INFO src.utils.metrics: PR curve saved to /root/autodl-tmp/em_eqf/experiments/clf_pre_v2/clf_pre_AZDX_v2/runs/tf_20_mf_4p5_seed_7/pr_curve.png
2026-05-21 18:27:48,532 INFO src.utils.metrics: Confusion matrix saved to /root/autodl-tmp/em_eqf/experiments/clf_pre_v2/clf_pre_AZDX_v2/runs/tf_20_mf_4p5_seed_7/confusion_matrix.png
2026-05-21 18:27:48,533 INFO src.cli.workflows: Test loss: 0.0769694685935974
2026-05-21 18:27:49,610 INFO src.train.classifier_train_step: Prediction distribution plot has been saved to: /root/autodl-tmp/em_eqf/experiments/clf_pre_v2/clf_pre_AZDX_v2/runs/tf_20_mf_4p5_seed_7/train_pred_distribution.png
2026-05-21 18:27:49,970 INFO src.train.classifier_train_step: Prediction distribution plot has been saved to: /root/autodl-tmp/em_eqf/experiments/clf_pre_v2/clf_pre_AZDX_v2/runs/tf_20_mf_4p5_seed_7/val_pred_distribution.png
2026-05-21 18:27:50,389 INFO src.train.classifier_train_step: Prediction distribution plot has been saved to: /root/autodl-tmp/em_eqf/experiments/clf_pre_v2/clf_pre_AZDX_v2/runs/tf_20_mf_4p5_seed_7/test_pred_distribution.png
2026-05-21 18:27:50,389 INFO src.cli.common: Saved test metrics to /root/autodl-tmp/em_eqf/experiments/clf_pre_v2/clf_pre_AZDX_v2/runs/tf_20_mf_4p5_seed_7/metrics_test_best_1.json
2026-05-21 18:27:50,389 INFO src.cli.common: Metrics: {'precision': 0.5517241379310345, 'recall': 0.45714285714285713, 'f1': 0.5, 'auc': 0.7726927939317321, 'pr_auc': 0.550842561100711, 'fpr': 0.11504424778761062, 'tpr': 0.45714285714285713, 'R': 0.3420986093552465, 'conf': 1.0, 'threshold': 0.5039675235748291}
