2026-05-21 18:50:54,184 INFO src.data.preprocessing: CSV files found: ['chuandian_2021.csv']
2026-05-21 18:50:54,878 INFO src.utils.file_utils: Loading cached data from: data/ChuanDian/classifier/classifier_Mc_3_Mf_5.5_Tfore_90_Twindow_180_context_len_1_dt_10.pkl
2026-05-21 18:50:55,740 INFO src.data.preprocessing: Catalog statistics: {'tau_unfiltered': 0.15339908988298961, 'tau_q025': 0.08114294020924717, 'tau_q05': 0.5134664350189269, 'tau_mean': 1.3070542199341526, 'tau_max': 25.18216435192153, 'tau_min': 0.0, 'time_max': 18770.72654999979, 'time_mean': 10030.9430649837, 'mag_completeness': 3.0, 'mag_mean': 3.456916005014626, 'mag_max': 8.0, 'mag_min': 3.0, 'b_value': 0.856738547623331, 'b_std': 0.0071499224812533796, 'b_n': 14358}
2026-05-21 18:50:55,758 INFO src.data.event_loader: lengths of samples: min=32, max=749, avg=124.26
2026-05-21 18:50:55,758 INFO src.data.event_loader: Number of positive samples: 471
2026-05-21 18:50:55,759 INFO src.data.event_loader: Number of negative samples: 1055
2026-05-21 18:50:55,763 INFO src.data.event_loader: Positive samples: 390, Negative samples: 830
2026-05-21 18:50:55,763 INFO src.data.event_loader: Total samples: 1220, Positive ratio: 0.32, Negative ratio: 0.68
2026-05-21 18:50:55,763 INFO src.data.event_loader: Positive samples: 62, Negative samples: 90
2026-05-21 18:50:55,763 INFO src.data.event_loader: Total samples: 152, Positive ratio: 0.41, Negative ratio: 0.59
2026-05-21 18:50:55,763 INFO src.data.event_loader: Positive samples: 19, Negative samples: 135
2026-05-21 18:50:55,763 INFO src.data.event_loader: Total samples: 154, Positive ratio: 0.12, Negative ratio: 0.88
2026-05-21 18:50:55,879 INFO src.cli.workflows: Loading checkpoint from: ./checkpoints/mixer_tpp_20260514-211059/last_model_1.pth
2026-05-21 18:50:56,650 INFO src.models.adapters.mixer_task: using time scale base 1.3070542199341526 (key: tau_mean)
2026-05-21 18:50:56,651 INFO src.models.adapters.mixer_task: tau mean: tensor(1.3071)
2026-05-21 18:50:56,708 INFO src.train.config_setup: Restoring model from checkpoint.
2026-05-21 18:50:56,709 INFO src.train.config_setup: Loading model weights: load_specific_parts=['encoder']
2026-05-21 18:50:56,710 INFO src.train.config_setup: Selective load summary: requested_parts=['encoder'], target_in_model=40, matched_in_checkpoint=30, loaded=30, missing_after_load=10, shape_mismatch=0, missing_in_model=0, out_of_scope_loaded=0
2026-05-21 18:50:56,710 INFO src.train.config_setup: Selective load coverage [encoder]: target=40, hit=30, missing=10, complete=False
2026-05-21 18:50:56,710 WARNING src.train.config_setup: Selective load coverage missing preview [encoder]: ['base_model.encoder.layers.2.mixer.in_proj.bias', 'base_model.encoder.layers.2.mixer.in_proj.weight', 'base_model.encoder.layers.2.mixer.out_proj.bias', 'base_model.encoder.layers.2.mixer.out_proj.weight', 'base_model.encoder.layers.2.mlp.fc1.weight', 'base_model.encoder.layers.2.mlp.fc2.weight', 'base_model.encoder.layers.2.norm.bias', 'base_model.encoder.layers.2.norm.weight'] ... (+2 more)
2026-05-21 18:50:56,710 WARNING src.train.config_setup: Checkpoint missing target parameter preview: ['base_model.encoder.layers.2.mixer.in_proj.bias', 'base_model.encoder.layers.2.mixer.in_proj.weight', 'base_model.encoder.layers.2.mixer.out_proj.bias', 'base_model.encoder.layers.2.mixer.out_proj.weight', 'base_model.encoder.layers.2.mlp.fc1.weight', 'base_model.encoder.layers.2.mlp.fc2.weight', 'base_model.encoder.layers.2.norm.bias', 'base_model.encoder.layers.2.norm.weight', 'base_model.encoder.layers.2.norm2.bias', 'base_model.encoder.layers.2.norm2.weight']
2026-05-21 18:50:56,710 WARNING src.train.config_setup: Target not-loaded parameter preview: ['base_model.encoder.layers.2.mixer.in_proj.bias', 'base_model.encoder.layers.2.mixer.in_proj.weight', 'base_model.encoder.layers.2.mixer.out_proj.bias', 'base_model.encoder.layers.2.mixer.out_proj.weight', 'base_model.encoder.layers.2.mlp.fc1.weight', 'base_model.encoder.layers.2.mlp.fc2.weight', 'base_model.encoder.layers.2.norm.bias', 'base_model.encoder.layers.2.norm.weight', 'base_model.encoder.layers.2.norm2.bias', 'base_model.encoder.layers.2.norm2.weight']
2026-05-21 18:50:56,710 INFO src.train.config_setup: Loaded parameter preview: ['base_model.encoder.layers.1.mixer.dt_bias', 'base_model.encoder.layers.1.norm.bias', 'base_model.encoder.layers.1.mixer.in_proj.weight', 'base_model.encoder.layers.0.mixer.D', 'base_model.encoder.layers.1.mixer.A_log', 'base_model.encoder.norm_f.weight', 'base_model.encoder.layers.0.norm2.bias', 'base_model.encoder.layers.1.norm2.weight', 'base_model.encoder.layers.0.mixer.in_proj.weight', 'base_model.encoder.layers.0.norm2.weight'] ... (+20 more)
2026-05-21 18:50:56,711 INFO src.train.config_setup: Checkpoint hyperparameters loaded.
2026-05-21 18:50:56,711 INFO src.train.config_setup: Checkpoint train metrics available.
2026-05-21 18:50:56,711 INFO src.train.config_setup: Checkpoint val metrics available.
2026-05-21 18:50:56,711 INFO src.train.config_setup: Freeze skipped (checkpoint_restore): freeze_parts is empty.
2026-05-21 18:50:56,711 INFO src.train.config_setup: Using classification criterion: focal
2026-05-21 18:50:56,711 INFO src.train.config_setup: Criterion config: {'alpha': 0.75, 'gamma': 2.0}
2026-05-21 18:50:56,712 INFO src.train.config_setup: Not resuming optimizer/scheduler state; reset training state to start_epoch=0, best_val_loss=inf.
2026-05-21 18:50:56,713 INFO src.train.trainer: Epoch 1
2026-05-21 18:51:12,855 INFO src.train.trainer: New best validation loss: 0.0976, saved to /root/autodl-tmp/em_eqf/experiments/clf_pre_v2/clf_pre_SCEDC_v2/runs/tf_90_mf_5p5_seed_3/best_model_1.pth
2026-05-21 18:51:12,861 INFO src.train.trainer: Last model at epoch 1 saved to /root/autodl-tmp/em_eqf/experiments/clf_pre_v2/clf_pre_SCEDC_v2/runs/tf_90_mf_5p5_seed_3/last_model_1.pth
2026-05-21 18:51:12,861 INFO src.train.trainer: Epoch 2
2026-05-21 18:51:15,809 INFO src.train.trainer: New best validation loss: 0.0680, saved to /root/autodl-tmp/em_eqf/experiments/clf_pre_v2/clf_pre_SCEDC_v2/runs/tf_90_mf_5p5_seed_3/best_model_1.pth
2026-05-21 18:51:15,817 INFO src.train.trainer: Last model at epoch 2 saved to /root/autodl-tmp/em_eqf/experiments/clf_pre_v2/clf_pre_SCEDC_v2/runs/tf_90_mf_5p5_seed_3/last_model_1.pth
2026-05-21 18:51:15,818 INFO src.train.trainer: Epoch 3
2026-05-21 18:51:18,439 INFO src.train.trainer: New best validation loss: 0.0639, saved to /root/autodl-tmp/em_eqf/experiments/clf_pre_v2/clf_pre_SCEDC_v2/runs/tf_90_mf_5p5_seed_3/best_model_1.pth
2026-05-21 18:51:18,447 INFO src.train.trainer: Last model at epoch 3 saved to /root/autodl-tmp/em_eqf/experiments/clf_pre_v2/clf_pre_SCEDC_v2/runs/tf_90_mf_5p5_seed_3/last_model_1.pth
2026-05-21 18:51:18,447 INFO src.train.trainer: Epoch 4
2026-05-21 18:51:21,008 INFO src.train.trainer: Last model at epoch 4 saved to /root/autodl-tmp/em_eqf/experiments/clf_pre_v2/clf_pre_SCEDC_v2/runs/tf_90_mf_5p5_seed_3/last_model_1.pth
2026-05-21 18:51:21,009 INFO src.train.trainer: Epoch 5
2026-05-21 18:51:23,728 INFO src.train.trainer: Last model at epoch 5 saved to /root/autodl-tmp/em_eqf/experiments/clf_pre_v2/clf_pre_SCEDC_v2/runs/tf_90_mf_5p5_seed_3/last_model_1.pth
2026-05-21 18:51:23,728 INFO src.train.trainer: Epoch 6
2026-05-21 18:51:26,263 INFO src.train.trainer: Last model at epoch 6 saved to /root/autodl-tmp/em_eqf/experiments/clf_pre_v2/clf_pre_SCEDC_v2/runs/tf_90_mf_5p5_seed_3/last_model_1.pth
2026-05-21 18:51:26,263 INFO src.train.trainer: Epoch 7
2026-05-21 18:51:29,406 INFO src.train.trainer: New best validation loss: 0.0582, saved to /root/autodl-tmp/em_eqf/experiments/clf_pre_v2/clf_pre_SCEDC_v2/runs/tf_90_mf_5p5_seed_3/best_model_1.pth
2026-05-21 18:51:29,414 INFO src.train.trainer: Last model at epoch 7 saved to /root/autodl-tmp/em_eqf/experiments/clf_pre_v2/clf_pre_SCEDC_v2/runs/tf_90_mf_5p5_seed_3/last_model_1.pth
2026-05-21 18:51:29,414 INFO src.train.trainer: Epoch 8
2026-05-21 18:51:32,442 INFO src.train.trainer: Last model at epoch 8 saved to /root/autodl-tmp/em_eqf/experiments/clf_pre_v2/clf_pre_SCEDC_v2/runs/tf_90_mf_5p5_seed_3/last_model_1.pth
2026-05-21 18:51:32,442 INFO src.train.trainer: Epoch 9
2026-05-21 18:51:35,594 INFO src.train.trainer: Last model at epoch 9 saved to /root/autodl-tmp/em_eqf/experiments/clf_pre_v2/clf_pre_SCEDC_v2/runs/tf_90_mf_5p5_seed_3/last_model_1.pth
2026-05-21 18:51:35,594 INFO src.train.trainer: Epoch 10
2026-05-21 18:51:38,644 INFO src.train.trainer: Last model at epoch 10 saved to /root/autodl-tmp/em_eqf/experiments/clf_pre_v2/clf_pre_SCEDC_v2/runs/tf_90_mf_5p5_seed_3/last_model_1.pth
2026-05-21 18:51:38,645 INFO src.train.trainer: Epoch 11
2026-05-21 18:51:41,282 INFO src.train.trainer: Last model at epoch 11 saved to /root/autodl-tmp/em_eqf/experiments/clf_pre_v2/clf_pre_SCEDC_v2/runs/tf_90_mf_5p5_seed_3/last_model_1.pth
2026-05-21 18:51:41,282 INFO src.train.trainer: Epoch 12
2026-05-21 18:51:44,253 INFO src.train.trainer: Last model at epoch 12 saved to /root/autodl-tmp/em_eqf/experiments/clf_pre_v2/clf_pre_SCEDC_v2/runs/tf_90_mf_5p5_seed_3/last_model_1.pth
2026-05-21 18:51:44,254 INFO src.train.trainer: Epoch 13
2026-05-21 18:51:47,058 INFO src.train.trainer: Last model at epoch 13 saved to /root/autodl-tmp/em_eqf/experiments/clf_pre_v2/clf_pre_SCEDC_v2/runs/tf_90_mf_5p5_seed_3/last_model_1.pth
2026-05-21 18:51:47,058 INFO src.train.trainer: Epoch 14
2026-05-21 18:51:50,266 INFO src.train.trainer: Last model at epoch 14 saved to /root/autodl-tmp/em_eqf/experiments/clf_pre_v2/clf_pre_SCEDC_v2/runs/tf_90_mf_5p5_seed_3/last_model_1.pth
2026-05-21 18:51:50,266 INFO src.train.trainer: Epoch 15
2026-05-21 18:51:53,554 INFO src.train.trainer: Last model at epoch 15 saved to /root/autodl-tmp/em_eqf/experiments/clf_pre_v2/clf_pre_SCEDC_v2/runs/tf_90_mf_5p5_seed_3/last_model_1.pth
2026-05-21 18:51:53,555 INFO src.train.trainer: Epoch 16
2026-05-21 18:51:56,616 INFO src.train.trainer: Last model at epoch 16 saved to /root/autodl-tmp/em_eqf/experiments/clf_pre_v2/clf_pre_SCEDC_v2/runs/tf_90_mf_5p5_seed_3/last_model_1.pth
2026-05-21 18:51:56,616 INFO src.train.trainer: Epoch 17
2026-05-21 18:51:59,822 INFO src.train.trainer: Last model at epoch 17 saved to /root/autodl-tmp/em_eqf/experiments/clf_pre_v2/clf_pre_SCEDC_v2/runs/tf_90_mf_5p5_seed_3/last_model_1.pth
2026-05-21 18:51:59,822 INFO src.train.trainer: Early stopping triggered at epoch 17 (best epoch: 7, best val loss: 0.058237)
2026-05-21 18:52:10,805 INFO src.data.preprocessing: CSV files found: ['chuandian_2021.csv']
2026-05-21 18:52:11,424 INFO src.utils.file_utils: Loading cached data from: data/ChuanDian/classifier/classifier_Mc_3_Mf_5.5_Tfore_90_Twindow_180_context_len_1_dt_10.pkl
2026-05-21 18:52:12,389 INFO src.data.preprocessing: Catalog statistics: {'tau_unfiltered': 0.15339908988298961, 'tau_q025': 0.08114294020924717, 'tau_q05': 0.5134664350189269, 'tau_mean': 1.3070542199341526, 'tau_max': 25.18216435192153, 'tau_min': 0.0, 'time_max': 18770.72654999979, 'time_mean': 10030.9430649837, 'mag_completeness': 3.0, 'mag_mean': 3.456916005014626, 'mag_max': 8.0, 'mag_min': 3.0, 'b_value': 0.856738547623331, 'b_std': 0.0071499224812533796, 'b_n': 14358}
2026-05-21 18:52:12,425 INFO src.data.event_loader: lengths of samples: min=32, max=749, avg=124.26
2026-05-21 18:52:12,426 INFO src.data.event_loader: Number of positive samples: 471
2026-05-21 18:52:12,426 INFO src.data.event_loader: Number of negative samples: 1055
2026-05-21 18:52:12,427 INFO src.data.event_loader: Positive samples: 390, Negative samples: 830
2026-05-21 18:52:12,427 INFO src.data.event_loader: Total samples: 1220, Positive ratio: 0.32, Negative ratio: 0.68
2026-05-21 18:52:12,428 INFO src.data.event_loader: Positive samples: 62, Negative samples: 90
2026-05-21 18:52:12,428 INFO src.data.event_loader: Total samples: 152, Positive ratio: 0.41, Negative ratio: 0.59
2026-05-21 18:52:12,428 INFO src.data.event_loader: Positive samples: 19, Negative samples: 135
2026-05-21 18:52:12,428 INFO src.data.event_loader: Total samples: 154, Positive ratio: 0.12, Negative ratio: 0.88
2026-05-21 18:52:12,948 INFO src.models.adapters.mixer_task: using time scale base 1.3070542199341526 (key: tau_mean)
2026-05-21 18:52:12,948 INFO src.models.adapters.mixer_task: tau mean: tensor(1.3071)
2026-05-21 18:52:13,031 INFO src.train.config_setup: Restoring model from checkpoint.
2026-05-21 18:52:13,032 INFO src.train.config_setup: Loading model weights: load_specific_parts=None
2026-05-21 18:52:13,033 INFO src.train.config_setup: Checkpoint loaded: <All keys matched successfully>
2026-05-21 18:52:13,034 INFO src.train.config_setup: Full load summary: loaded=56, missing=0, unexpected=0
2026-05-21 18:52:13,035 INFO src.train.config_setup: Checkpoint hyperparameters loaded.
2026-05-21 18:52:13,035 INFO src.train.config_setup: Checkpoint train metrics available.
2026-05-21 18:52:13,035 INFO src.train.config_setup: Checkpoint val metrics available.
2026-05-21 18:52:13,035 INFO src.train.config_setup: Freeze skipped (checkpoint_restore): freeze_parts is empty.
2026-05-21 18:52:13,035 INFO src.train.config_setup: Using classification criterion: focal
2026-05-21 18:52:13,035 INFO src.train.config_setup: Criterion config: {'alpha': 0.75, 'gamma': 2.0}
2026-05-21 18:52:13,036 INFO src.train.config_setup: Not resuming optimizer/scheduler state; reset training state to start_epoch=0, best_val_loss=inf.
2026-05-21 18:52:13,036 INFO src.cli.common: Using threshold 0.5607539415359497 from checkpoint val_metrics for testing.
2026-05-21 18:52:18,005 INFO src.utils.metrics: ROC curve saved to /root/autodl-tmp/em_eqf/experiments/clf_pre_v2/clf_pre_SCEDC_v2/runs/tf_90_mf_5p5_seed_3/roc_curve.png
2026-05-21 18:52:18,129 INFO src.utils.metrics: PR curve saved to /root/autodl-tmp/em_eqf/experiments/clf_pre_v2/clf_pre_SCEDC_v2/runs/tf_90_mf_5p5_seed_3/pr_curve.png
2026-05-21 18:52:18,201 INFO src.utils.metrics: Confusion matrix saved to /root/autodl-tmp/em_eqf/experiments/clf_pre_v2/clf_pre_SCEDC_v2/runs/tf_90_mf_5p5_seed_3/confusion_matrix.png
2026-05-21 18:52:18,201 INFO src.cli.workflows: Test loss: 0.061211541295051575
2026-05-21 18:52:19,303 INFO src.train.classifier_train_step: Prediction distribution plot has been saved to: /root/autodl-tmp/em_eqf/experiments/clf_pre_v2/clf_pre_SCEDC_v2/runs/tf_90_mf_5p5_seed_3/train_pred_distribution.png
2026-05-21 18:52:19,732 INFO src.train.classifier_train_step: Prediction distribution plot has been saved to: /root/autodl-tmp/em_eqf/experiments/clf_pre_v2/clf_pre_SCEDC_v2/runs/tf_90_mf_5p5_seed_3/val_pred_distribution.png
2026-05-21 18:52:20,150 INFO src.train.classifier_train_step: Prediction distribution plot has been saved to: /root/autodl-tmp/em_eqf/experiments/clf_pre_v2/clf_pre_SCEDC_v2/runs/tf_90_mf_5p5_seed_3/test_pred_distribution.png
2026-05-21 18:52:20,151 INFO src.cli.common: Saved test metrics to /root/autodl-tmp/em_eqf/experiments/clf_pre_v2/clf_pre_SCEDC_v2/runs/tf_90_mf_5p5_seed_3/metrics_test_best_1.json
2026-05-21 18:52:20,151 INFO src.cli.common: Metrics: {'precision': 0.21428571428571427, 'recall': 0.15789473684210525, 'f1': 0.18181818181818182, 'auc': 0.7021442495126705, 'pr_auc': 0.26673676242603733, 'fpr': 0.08148148148148149, 'tpr': 0.15789473684210525, 'R': 0.07641325536062377, 'conf': 1.0, 'threshold': 0.5607539415359497}
