2026-05-10 15:28:56,266 INFO src.data.preprocessing: CSV files found: ['chuandian_2021.csv']
2026-05-10 15:28:57,044 INFO src.utils.file_utils: Loading cached data from: data/ChuanDian/classifier/classifier_Mc_3_Mf_5.0_Tfore_60_Twindow_180_context_len_1_dt_10.pkl
2026-05-10 15:28:57,429 INFO src.data.preprocessing: Catalog statistics: {'tau_unfiltered': 0.15339908988298961, 'tau_q025': 0.08114294020924717, 'tau_q05': 0.5134664350189269, 'tau_mean': 1.3070542199341526, 'tau_max': 25.18216435192153, 'tau_min': 0.0, 'time_max': 18770.72654999979, 'time_mean': 10030.9430649837, 'mag_completeness': 3.0, 'mag_mean': 3.456916005014626, 'mag_max': 8.0, 'mag_min': 3.0, 'b_value': 0.856738547623331, 'b_std': 0.0071499224812533796, 'b_n': 14358}
2026-05-10 15:28:57,447 INFO src.data.event_loader: lengths of samples: min=32, max=981, avg=129.55
2026-05-10 15:28:57,447 INFO src.data.event_loader: Number of positive samples: 808
2026-05-10 15:28:57,448 INFO src.data.event_loader: Number of negative samples: 651
2026-05-10 15:28:57,448 INFO src.data.event_loader: Positive samples: 673, Negative samples: 494
2026-05-10 15:28:57,448 INFO src.data.event_loader: Total samples: 1167, Positive ratio: 0.58, Negative ratio: 0.42
2026-05-10 15:28:57,449 INFO src.data.event_loader: Positive samples: 87, Negative samples: 58
2026-05-10 15:28:57,449 INFO src.data.event_loader: Total samples: 145, Positive ratio: 0.60, Negative ratio: 0.40
2026-05-10 15:28:57,449 INFO src.data.event_loader: Positive samples: 48, Negative samples: 99
2026-05-10 15:28:57,449 INFO src.data.event_loader: Total samples: 147, Positive ratio: 0.33, Negative ratio: 0.67
2026-05-10 15:28:57,634 INFO src.cli.workflows: Loading checkpoint from: ./checkpoints/mixer_tpp_20260508-182744/last_model_1.pth
2026-05-10 15:28:58,127 INFO src.models.adapters.mixer_task: using time scale base 1.3070542199341526 (key: tau_mean)
2026-05-10 15:28:58,127 INFO src.models.adapters.mixer_task: tau mean: tensor(1.3071)
2026-05-10 15:28:58,132 INFO src.train.config_setup: Restoring model from checkpoint.
2026-05-10 15:28:58,133 INFO src.train.config_setup: Loading model weights: load_specific_parts=['base_model.encoder.layers.0', 'base_model.encoder.input_proj']
2026-05-10 15:28:58,134 INFO src.train.config_setup: Selective load summary: requested_parts=['base_model.encoder.layers.0', 'base_model.encoder.input_proj'], target_in_model=16, matched_in_checkpoint=16, loaded=16, missing_after_load=0, shape_mismatch=0, missing_in_model=0, out_of_scope_loaded=0
2026-05-10 15:28:58,134 INFO src.train.config_setup: Selective load coverage [base_model.encoder.layers.0]: target=12, hit=12, missing=0, complete=True
2026-05-10 15:28:58,134 INFO src.train.config_setup: Selective load coverage [base_model.encoder.input_proj]: target=4, hit=4, missing=0, complete=True
2026-05-10 15:28:58,134 INFO src.train.config_setup: Loaded parameter preview: ['base_model.encoder.layers.0.mixer.D', 'base_model.encoder.layers.0.norm2.bias', 'base_model.encoder.input_proj.0.bias', 'base_model.encoder.layers.0.mixer.out_proj.weight', 'base_model.encoder.input_proj.3.weight', 'base_model.encoder.input_proj.3.bias', 'base_model.encoder.layers.0.mixer.dt_bias', 'base_model.encoder.layers.0.mixer.in_proj.weight', 'base_model.encoder.layers.0.mixer.A_log', 'base_model.encoder.layers.0.norm2.weight'] ... (+6 more)
2026-05-10 15:28:58,135 INFO src.train.config_setup: Checkpoint hyperparameters loaded.
2026-05-10 15:28:58,135 INFO src.train.config_setup: Checkpoint train metrics available.
2026-05-10 15:28:58,135 INFO src.train.config_setup: Checkpoint val metrics available.
2026-05-10 15:28:58,135 INFO src.train.config_setup: Freeze skipped (checkpoint_restore): freeze_parts is empty.
2026-05-10 15:28:58,136 INFO src.train.config_setup: Using classification criterion: focal
2026-05-10 15:28:58,136 INFO src.train.config_setup: Criterion config: {'alpha': 0.5, 'gamma': 2.0}
2026-05-10 15:28:58,137 INFO src.train.config_setup: Not resuming optimizer/scheduler state; reset training state to start_epoch=0, best_val_loss=inf.
2026-05-10 15:28:58,137 INFO src.train.trainer: Epoch 1
2026-05-10 15:29:13,743 INFO src.train.trainer: New best validation loss: 0.0871, saved to /root/autodl-tmp/em_eqf/experiments/clf_grid_6/runs/tf_60_mf_5p0_seed_1/best_model_1.pth
2026-05-10 15:29:13,748 INFO src.train.trainer: Last model at epoch 1 saved to /root/autodl-tmp/em_eqf/experiments/clf_grid_6/runs/tf_60_mf_5p0_seed_1/last_model_1.pth
2026-05-10 15:29:13,749 INFO src.train.trainer: Epoch 2
2026-05-10 15:29:15,801 INFO src.train.trainer: Last model at epoch 2 saved to /root/autodl-tmp/em_eqf/experiments/clf_grid_6/runs/tf_60_mf_5p0_seed_1/last_model_1.pth
2026-05-10 15:29:15,801 INFO src.train.trainer: Epoch 3
2026-05-10 15:29:17,860 INFO src.train.trainer: Last model at epoch 3 saved to /root/autodl-tmp/em_eqf/experiments/clf_grid_6/runs/tf_60_mf_5p0_seed_1/last_model_1.pth
2026-05-10 15:29:17,860 INFO src.train.trainer: Epoch 4
2026-05-10 15:29:19,959 INFO src.train.trainer: Last model at epoch 4 saved to /root/autodl-tmp/em_eqf/experiments/clf_grid_6/runs/tf_60_mf_5p0_seed_1/last_model_1.pth
2026-05-10 15:29:19,959 INFO src.train.trainer: Epoch 5
2026-05-10 15:29:21,988 INFO src.train.trainer: Last model at epoch 5 saved to /root/autodl-tmp/em_eqf/experiments/clf_grid_6/runs/tf_60_mf_5p0_seed_1/last_model_1.pth
2026-05-10 15:29:21,988 INFO src.train.trainer: Epoch 6
2026-05-10 15:29:24,014 INFO src.train.trainer: Last model at epoch 6 saved to /root/autodl-tmp/em_eqf/experiments/clf_grid_6/runs/tf_60_mf_5p0_seed_1/last_model_1.pth
2026-05-10 15:29:24,015 INFO src.train.trainer: Epoch 7
2026-05-10 15:29:25,976 INFO src.train.trainer: New best validation loss: 0.0861, saved to /root/autodl-tmp/em_eqf/experiments/clf_grid_6/runs/tf_60_mf_5p0_seed_1/best_model_1.pth
2026-05-10 15:29:25,986 INFO src.train.trainer: Last model at epoch 7 saved to /root/autodl-tmp/em_eqf/experiments/clf_grid_6/runs/tf_60_mf_5p0_seed_1/last_model_1.pth
2026-05-10 15:29:25,986 INFO src.train.trainer: Epoch 8
2026-05-10 15:29:27,928 INFO src.train.trainer: New best validation loss: 0.0842, saved to /root/autodl-tmp/em_eqf/experiments/clf_grid_6/runs/tf_60_mf_5p0_seed_1/best_model_1.pth
2026-05-10 15:29:27,935 INFO src.train.trainer: Last model at epoch 8 saved to /root/autodl-tmp/em_eqf/experiments/clf_grid_6/runs/tf_60_mf_5p0_seed_1/last_model_1.pth
2026-05-10 15:29:27,935 INFO src.train.trainer: Epoch 9
2026-05-10 15:29:29,816 INFO src.train.trainer: New best validation loss: 0.0832, saved to /root/autodl-tmp/em_eqf/experiments/clf_grid_6/runs/tf_60_mf_5p0_seed_1/best_model_1.pth
2026-05-10 15:29:29,824 INFO src.train.trainer: Last model at epoch 9 saved to /root/autodl-tmp/em_eqf/experiments/clf_grid_6/runs/tf_60_mf_5p0_seed_1/last_model_1.pth
2026-05-10 15:29:29,824 INFO src.train.trainer: Epoch 10
2026-05-10 15:29:31,736 INFO src.train.trainer: Last model at epoch 10 saved to /root/autodl-tmp/em_eqf/experiments/clf_grid_6/runs/tf_60_mf_5p0_seed_1/last_model_1.pth
2026-05-10 15:29:31,736 INFO src.train.trainer: Epoch 11
2026-05-10 15:29:33,619 INFO src.train.trainer: New best validation loss: 0.0830, saved to /root/autodl-tmp/em_eqf/experiments/clf_grid_6/runs/tf_60_mf_5p0_seed_1/best_model_1.pth
2026-05-10 15:29:33,626 INFO src.train.trainer: Last model at epoch 11 saved to /root/autodl-tmp/em_eqf/experiments/clf_grid_6/runs/tf_60_mf_5p0_seed_1/last_model_1.pth
2026-05-10 15:29:33,626 INFO src.train.trainer: Epoch 12
2026-05-10 15:29:35,489 INFO src.train.trainer: New best validation loss: 0.0807, saved to /root/autodl-tmp/em_eqf/experiments/clf_grid_6/runs/tf_60_mf_5p0_seed_1/best_model_1.pth
2026-05-10 15:29:35,498 INFO src.train.trainer: Last model at epoch 12 saved to /root/autodl-tmp/em_eqf/experiments/clf_grid_6/runs/tf_60_mf_5p0_seed_1/last_model_1.pth
2026-05-10 15:29:35,498 INFO src.train.trainer: Epoch 13
2026-05-10 15:29:37,201 INFO src.train.trainer: Last model at epoch 13 saved to /root/autodl-tmp/em_eqf/experiments/clf_grid_6/runs/tf_60_mf_5p0_seed_1/last_model_1.pth
2026-05-10 15:29:37,201 INFO src.train.trainer: Epoch 14
2026-05-10 15:29:39,017 INFO src.train.trainer: New best validation loss: 0.0801, saved to /root/autodl-tmp/em_eqf/experiments/clf_grid_6/runs/tf_60_mf_5p0_seed_1/best_model_1.pth
2026-05-10 15:29:39,025 INFO src.train.trainer: Last model at epoch 14 saved to /root/autodl-tmp/em_eqf/experiments/clf_grid_6/runs/tf_60_mf_5p0_seed_1/last_model_1.pth
2026-05-10 15:29:39,025 INFO src.train.trainer: Epoch 15
2026-05-10 15:29:40,887 INFO src.train.trainer: Last model at epoch 15 saved to /root/autodl-tmp/em_eqf/experiments/clf_grid_6/runs/tf_60_mf_5p0_seed_1/last_model_1.pth
2026-05-10 15:29:40,887 INFO src.train.trainer: Epoch 16
2026-05-10 15:29:42,757 INFO src.train.trainer: Last model at epoch 16 saved to /root/autodl-tmp/em_eqf/experiments/clf_grid_6/runs/tf_60_mf_5p0_seed_1/last_model_1.pth
2026-05-10 15:29:42,757 INFO src.train.trainer: Epoch 17
2026-05-10 15:29:44,571 INFO src.train.trainer: New best validation loss: 0.0735, saved to /root/autodl-tmp/em_eqf/experiments/clf_grid_6/runs/tf_60_mf_5p0_seed_1/best_model_1.pth
2026-05-10 15:29:44,579 INFO src.train.trainer: Last model at epoch 17 saved to /root/autodl-tmp/em_eqf/experiments/clf_grid_6/runs/tf_60_mf_5p0_seed_1/last_model_1.pth
2026-05-10 15:29:44,579 INFO src.train.trainer: Epoch 18
2026-05-10 15:29:46,334 INFO src.train.trainer: Last model at epoch 18 saved to /root/autodl-tmp/em_eqf/experiments/clf_grid_6/runs/tf_60_mf_5p0_seed_1/last_model_1.pth
2026-05-10 15:29:46,334 INFO src.train.trainer: Epoch 19
2026-05-10 15:29:48,109 INFO src.train.trainer: Last model at epoch 19 saved to /root/autodl-tmp/em_eqf/experiments/clf_grid_6/runs/tf_60_mf_5p0_seed_1/last_model_1.pth
2026-05-10 15:29:48,109 INFO src.train.trainer: Epoch 20
2026-05-10 15:29:49,925 INFO src.train.trainer: Last model at epoch 20 saved to /root/autodl-tmp/em_eqf/experiments/clf_grid_6/runs/tf_60_mf_5p0_seed_1/last_model_1.pth
2026-05-10 15:29:49,925 INFO src.train.trainer: Epoch 21
2026-05-10 15:29:51,618 INFO src.train.trainer: Last model at epoch 21 saved to /root/autodl-tmp/em_eqf/experiments/clf_grid_6/runs/tf_60_mf_5p0_seed_1/last_model_1.pth
2026-05-10 15:29:51,618 INFO src.train.trainer: Epoch 22
2026-05-10 15:29:53,273 INFO src.train.trainer: Last model at epoch 22 saved to /root/autodl-tmp/em_eqf/experiments/clf_grid_6/runs/tf_60_mf_5p0_seed_1/last_model_1.pth
2026-05-10 15:29:53,274 INFO src.train.trainer: Epoch 23
2026-05-10 15:29:54,966 INFO src.train.trainer: Last model at epoch 23 saved to /root/autodl-tmp/em_eqf/experiments/clf_grid_6/runs/tf_60_mf_5p0_seed_1/last_model_1.pth
2026-05-10 15:29:54,966 INFO src.train.trainer: Epoch 24
2026-05-10 15:29:56,605 INFO src.train.trainer: Last model at epoch 24 saved to /root/autodl-tmp/em_eqf/experiments/clf_grid_6/runs/tf_60_mf_5p0_seed_1/last_model_1.pth
2026-05-10 15:29:56,605 INFO src.train.trainer: Epoch 25
2026-05-10 15:29:58,224 INFO src.train.trainer: Last model at epoch 25 saved to /root/autodl-tmp/em_eqf/experiments/clf_grid_6/runs/tf_60_mf_5p0_seed_1/last_model_1.pth
2026-05-10 15:29:58,224 INFO src.train.trainer: Epoch 26
2026-05-10 15:29:59,842 INFO src.train.trainer: Last model at epoch 26 saved to /root/autodl-tmp/em_eqf/experiments/clf_grid_6/runs/tf_60_mf_5p0_seed_1/last_model_1.pth
2026-05-10 15:29:59,842 INFO src.train.trainer: Epoch 27
2026-05-10 15:30:01,428 INFO src.train.trainer: Last model at epoch 27 saved to /root/autodl-tmp/em_eqf/experiments/clf_grid_6/runs/tf_60_mf_5p0_seed_1/last_model_1.pth
2026-05-10 15:30:01,428 INFO src.train.trainer: Early stopping triggered at epoch 27 (best epoch: 17, best val loss: 0.073492)
2026-05-10 15:30:10,914 INFO src.data.preprocessing: CSV files found: ['chuandian_2021.csv']
2026-05-10 15:30:11,873 INFO src.utils.file_utils: Loading cached data from: data/ChuanDian/classifier/classifier_Mc_3_Mf_5.0_Tfore_60_Twindow_180_context_len_1_dt_10.pkl
2026-05-10 15:30:12,341 INFO src.data.preprocessing: Catalog statistics: {'tau_unfiltered': 0.15339908988298961, 'tau_q025': 0.08114294020924717, 'tau_q05': 0.5134664350189269, 'tau_mean': 1.3070542199341526, 'tau_max': 25.18216435192153, 'tau_min': 0.0, 'time_max': 18770.72654999979, 'time_mean': 10030.9430649837, 'mag_completeness': 3.0, 'mag_mean': 3.456916005014626, 'mag_max': 8.0, 'mag_min': 3.0, 'b_value': 0.856738547623331, 'b_std': 0.0071499224812533796, 'b_n': 14358}
2026-05-10 15:30:12,361 INFO src.data.event_loader: lengths of samples: min=32, max=981, avg=129.55
2026-05-10 15:30:12,361 INFO src.data.event_loader: Number of positive samples: 808
2026-05-10 15:30:12,362 INFO src.data.event_loader: Number of negative samples: 651
2026-05-10 15:30:12,363 INFO src.data.event_loader: Positive samples: 673, Negative samples: 494
2026-05-10 15:30:12,363 INFO src.data.event_loader: Total samples: 1167, Positive ratio: 0.58, Negative ratio: 0.42
2026-05-10 15:30:12,363 INFO src.data.event_loader: Positive samples: 87, Negative samples: 58
2026-05-10 15:30:12,363 INFO src.data.event_loader: Total samples: 145, Positive ratio: 0.60, Negative ratio: 0.40
2026-05-10 15:30:12,364 INFO src.data.event_loader: Positive samples: 48, Negative samples: 99
2026-05-10 15:30:12,364 INFO src.data.event_loader: Total samples: 147, Positive ratio: 0.33, Negative ratio: 0.67
2026-05-10 15:30:12,906 INFO src.models.adapters.mixer_task: using time scale base 1.3070542199341526 (key: tau_mean)
2026-05-10 15:30:12,906 INFO src.models.adapters.mixer_task: tau mean: tensor(1.3071)
2026-05-10 15:30:12,912 INFO src.train.config_setup: Restoring model from checkpoint.
2026-05-10 15:30:12,912 INFO src.train.config_setup: Loading model weights: load_specific_parts=None
2026-05-10 15:30:12,914 INFO src.train.config_setup: Checkpoint loaded: <All keys matched successfully>
2026-05-10 15:30:12,914 INFO src.train.config_setup: Full load summary: loaded=56, missing=0, unexpected=0
2026-05-10 15:30:12,915 INFO src.train.config_setup: Checkpoint hyperparameters loaded.
2026-05-10 15:30:12,915 INFO src.train.config_setup: Checkpoint train metrics available.
2026-05-10 15:30:12,915 INFO src.train.config_setup: Checkpoint val metrics available.
2026-05-10 15:30:12,915 INFO src.train.config_setup: Freeze skipped (checkpoint_restore): freeze_parts is empty.
2026-05-10 15:30:12,915 INFO src.train.config_setup: Using classification criterion: focal
2026-05-10 15:30:12,915 INFO src.train.config_setup: Criterion config: {'alpha': 0.5, 'gamma': 2.0}
2026-05-10 15:30:12,916 INFO src.train.config_setup: Not resuming optimizer/scheduler state; reset training state to start_epoch=0, best_val_loss=inf.
2026-05-10 15:30:12,917 INFO src.cli.common: Using threshold 0.43640825152397156 from checkpoint val_metrics for testing.
2026-05-10 15:30:17,550 INFO src.utils.metrics: ROC curve saved to /root/autodl-tmp/em_eqf/experiments/clf_grid_6/runs/tf_60_mf_5p0_seed_1/roc_curve.png
2026-05-10 15:30:17,671 INFO src.utils.metrics: PR curve saved to /root/autodl-tmp/em_eqf/experiments/clf_grid_6/runs/tf_60_mf_5p0_seed_1/pr_curve.png
2026-05-10 15:30:17,737 INFO src.utils.metrics: Confusion matrix saved to /root/autodl-tmp/em_eqf/experiments/clf_grid_6/runs/tf_60_mf_5p0_seed_1/confusion_matrix.png
2026-05-10 15:30:17,737 INFO src.cli.workflows: Test loss: 0.07300474494695663
2026-05-10 15:30:18,286 INFO src.train.classifier_train_step: Prediction distribution plot has been saved to: /root/autodl-tmp/em_eqf/experiments/clf_grid_6/runs/tf_60_mf_5p0_seed_1/train_pred_distribution.png
2026-05-10 15:30:18,538 INFO src.train.classifier_train_step: Prediction distribution plot has been saved to: /root/autodl-tmp/em_eqf/experiments/clf_grid_6/runs/tf_60_mf_5p0_seed_1/val_pred_distribution.png
2026-05-10 15:30:18,797 INFO src.train.classifier_train_step: Prediction distribution plot has been saved to: /root/autodl-tmp/em_eqf/experiments/clf_grid_6/runs/tf_60_mf_5p0_seed_1/test_pred_distribution.png
2026-05-10 15:30:18,797 INFO src.cli.common: Saved test metrics to /root/autodl-tmp/em_eqf/experiments/clf_grid_6/runs/tf_60_mf_5p0_seed_1/metrics_test_best_1.json
2026-05-10 15:30:18,797 INFO src.cli.common: Metrics: {'precision': 0.35135135135135137, 'recall': 0.8125, 'f1': 0.49056603773584906, 'auc': 0.6950757575757576, 'pr_auc': 0.6986268340087769, 'fpr': 0.7272727272727273, 'tpr': 0.8125, 'R': 0.08522727272727271, 'conf': 3.412774101980158e-13, 'threshold': 0.43640825152397156}
