2026-05-20 11:20:07,812 INFO src.data.preprocessing: CSV files found: ['chuandian_2021.csv']
2026-05-20 11:20:08,630 INFO src.utils.file_utils: Loading cached data from: data/ChuanDian/classifier/classifier_Mc_3_Mf_5.0_Tfore_60_Twindow_180_context_len_1_dt_10.pkl
2026-05-20 11:20:09,036 INFO src.data.preprocessing: Catalog statistics: {'tau_unfiltered': 0.15339908988298961, 'tau_q025': 0.08114294020924717, 'tau_q05': 0.5134664350189269, 'tau_mean': 1.3070542199341526, 'tau_max': 25.18216435192153, 'tau_min': 0.0, 'time_max': 18770.72654999979, 'time_mean': 10030.9430649837, 'mag_completeness': 3.0, 'mag_mean': 3.456916005014626, 'mag_max': 8.0, 'mag_min': 3.0, 'b_value': 0.856738547623331, 'b_std': 0.0071499224812533796, 'b_n': 14358}
2026-05-20 11:20:09,054 INFO src.data.event_loader: lengths of samples: min=32, max=981, avg=129.55
2026-05-20 11:20:09,054 INFO src.data.event_loader: Number of positive samples: 808
2026-05-20 11:20:09,054 INFO src.data.event_loader: Number of negative samples: 651
2026-05-20 11:20:09,055 INFO src.data.event_loader: Positive samples: 673, Negative samples: 494
2026-05-20 11:20:09,055 INFO src.data.event_loader: Total samples: 1167, Positive ratio: 0.58, Negative ratio: 0.42
2026-05-20 11:20:09,055 INFO src.data.event_loader: Positive samples: 87, Negative samples: 58
2026-05-20 11:20:09,056 INFO src.data.event_loader: Total samples: 145, Positive ratio: 0.60, Negative ratio: 0.40
2026-05-20 11:20:09,056 INFO src.data.event_loader: Positive samples: 48, Negative samples: 99
2026-05-20 11:20:09,056 INFO src.data.event_loader: Total samples: 147, Positive ratio: 0.33, Negative ratio: 0.67
2026-05-20 11:20:09,301 INFO src.cli.workflows: Loading checkpoint from: ./checkpoints/mixer_tpp_20260508-182744/last_model_1.pth
2026-05-20 11:20:09,906 INFO src.models.adapters.mixer_task: using time scale base 1.3070542199341526 (key: tau_mean)
2026-05-20 11:20:09,907 INFO src.models.adapters.mixer_task: tau mean: tensor(1.3071)
2026-05-20 11:20:09,916 INFO src.train.config_setup: Restoring model from checkpoint.
2026-05-20 11:20:09,916 INFO src.train.config_setup: Loading model weights: load_specific_parts=['encoder']
2026-05-20 11:20:09,918 INFO src.train.config_setup: Selective load summary: requested_parts=['encoder'], target_in_model=40, matched_in_checkpoint=30, loaded=30, missing_after_load=10, shape_mismatch=0, missing_in_model=0, out_of_scope_loaded=0
2026-05-20 11:20:09,918 INFO src.train.config_setup: Selective load coverage [encoder]: target=40, hit=30, missing=10, complete=False
2026-05-20 11:20:09,918 WARNING src.train.config_setup: Selective load coverage missing preview [encoder]: ['base_model.encoder.layers.2.mixer.in_proj.bias', 'base_model.encoder.layers.2.mixer.in_proj.weight', 'base_model.encoder.layers.2.mixer.out_proj.bias', 'base_model.encoder.layers.2.mixer.out_proj.weight', 'base_model.encoder.layers.2.mlp.fc1.weight', 'base_model.encoder.layers.2.mlp.fc2.weight', 'base_model.encoder.layers.2.norm.bias', 'base_model.encoder.layers.2.norm.weight'] ... (+2 more)
2026-05-20 11:20:09,918 WARNING src.train.config_setup: Checkpoint missing target parameter preview: ['base_model.encoder.layers.2.mixer.in_proj.bias', 'base_model.encoder.layers.2.mixer.in_proj.weight', 'base_model.encoder.layers.2.mixer.out_proj.bias', 'base_model.encoder.layers.2.mixer.out_proj.weight', 'base_model.encoder.layers.2.mlp.fc1.weight', 'base_model.encoder.layers.2.mlp.fc2.weight', 'base_model.encoder.layers.2.norm.bias', 'base_model.encoder.layers.2.norm.weight', 'base_model.encoder.layers.2.norm2.bias', 'base_model.encoder.layers.2.norm2.weight']
2026-05-20 11:20:09,918 WARNING src.train.config_setup: Target not-loaded parameter preview: ['base_model.encoder.layers.2.mixer.in_proj.bias', 'base_model.encoder.layers.2.mixer.in_proj.weight', 'base_model.encoder.layers.2.mixer.out_proj.bias', 'base_model.encoder.layers.2.mixer.out_proj.weight', 'base_model.encoder.layers.2.mlp.fc1.weight', 'base_model.encoder.layers.2.mlp.fc2.weight', 'base_model.encoder.layers.2.norm.bias', 'base_model.encoder.layers.2.norm.weight', 'base_model.encoder.layers.2.norm2.bias', 'base_model.encoder.layers.2.norm2.weight']
2026-05-20 11:20:09,918 INFO src.train.config_setup: Loaded parameter preview: ['base_model.encoder.layers.0.norm.weight', 'base_model.encoder.layers.0.mixer.dt_bias', 'base_model.encoder.layers.0.norm2.weight', 'base_model.encoder.layers.1.mixer.D', 'base_model.encoder.layers.1.mlp.fc2.weight', 'base_model.encoder.layers.0.mixer.A_log', 'base_model.encoder.layers.1.mixer.norm.weight', 'base_model.encoder.layers.1.mlp.fc1.weight', 'base_model.encoder.layers.1.mixer.out_proj.weight', 'base_model.encoder.input_proj.3.weight'] ... (+20 more)
2026-05-20 11:20:09,919 INFO src.train.config_setup: Checkpoint hyperparameters loaded.
2026-05-20 11:20:09,919 INFO src.train.config_setup: Checkpoint train metrics available.
2026-05-20 11:20:09,919 INFO src.train.config_setup: Checkpoint val metrics available.
2026-05-20 11:20:09,919 INFO src.train.config_setup: Freeze skipped (checkpoint_restore): freeze_parts is empty.
2026-05-20 11:20:09,919 INFO src.train.config_setup: Using classification criterion: focal
2026-05-20 11:20:09,919 INFO src.train.config_setup: Criterion config: {'alpha': 0.5, 'gamma': 2.0}
2026-05-20 11:20:09,920 INFO src.train.config_setup: Not resuming optimizer/scheduler state; reset training state to start_epoch=0, best_val_loss=inf.
2026-05-20 11:20:09,920 INFO src.train.trainer: Epoch 1
2026-05-20 11:20:23,677 INFO src.train.trainer: New best validation loss: 0.0846, saved to /root/autodl-tmp/em_eqf/experiments/clf_grid_AZDX/runs/tf_60_mf_5p0_seed_7/best_model_1.pth
2026-05-20 11:20:23,683 INFO src.train.trainer: Last model at epoch 1 saved to /root/autodl-tmp/em_eqf/experiments/clf_grid_AZDX/runs/tf_60_mf_5p0_seed_7/last_model_1.pth
2026-05-20 11:20:23,684 INFO src.train.trainer: Epoch 2
2026-05-20 11:20:27,273 INFO src.train.trainer: Last model at epoch 2 saved to /root/autodl-tmp/em_eqf/experiments/clf_grid_AZDX/runs/tf_60_mf_5p0_seed_7/last_model_1.pth
2026-05-20 11:20:27,273 INFO src.train.trainer: Epoch 3
2026-05-20 11:20:31,318 INFO src.train.trainer: Last model at epoch 3 saved to /root/autodl-tmp/em_eqf/experiments/clf_grid_AZDX/runs/tf_60_mf_5p0_seed_7/last_model_1.pth
2026-05-20 11:20:31,319 INFO src.train.trainer: Epoch 4
2026-05-20 11:20:35,048 INFO src.train.trainer: New best validation loss: 0.0777, saved to /root/autodl-tmp/em_eqf/experiments/clf_grid_AZDX/runs/tf_60_mf_5p0_seed_7/best_model_1.pth
2026-05-20 11:20:35,059 INFO src.train.trainer: Last model at epoch 4 saved to /root/autodl-tmp/em_eqf/experiments/clf_grid_AZDX/runs/tf_60_mf_5p0_seed_7/last_model_1.pth
2026-05-20 11:20:35,059 INFO src.train.trainer: Epoch 5
2026-05-20 11:20:38,511 INFO src.train.trainer: Last model at epoch 5 saved to /root/autodl-tmp/em_eqf/experiments/clf_grid_AZDX/runs/tf_60_mf_5p0_seed_7/last_model_1.pth
2026-05-20 11:20:38,511 INFO src.train.trainer: Epoch 6
2026-05-20 11:20:41,597 INFO src.train.trainer: New best validation loss: 0.0751, saved to /root/autodl-tmp/em_eqf/experiments/clf_grid_AZDX/runs/tf_60_mf_5p0_seed_7/best_model_1.pth
2026-05-20 11:20:41,607 INFO src.train.trainer: Last model at epoch 6 saved to /root/autodl-tmp/em_eqf/experiments/clf_grid_AZDX/runs/tf_60_mf_5p0_seed_7/last_model_1.pth
2026-05-20 11:20:41,607 INFO src.train.trainer: Epoch 7
2026-05-20 11:20:44,742 INFO src.train.trainer: Last model at epoch 7 saved to /root/autodl-tmp/em_eqf/experiments/clf_grid_AZDX/runs/tf_60_mf_5p0_seed_7/last_model_1.pth
2026-05-20 11:20:44,742 INFO src.train.trainer: Epoch 8
2026-05-20 11:20:48,048 INFO src.train.trainer: Last model at epoch 8 saved to /root/autodl-tmp/em_eqf/experiments/clf_grid_AZDX/runs/tf_60_mf_5p0_seed_7/last_model_1.pth
2026-05-20 11:20:48,048 INFO src.train.trainer: Epoch 9
2026-05-20 11:20:51,449 INFO src.train.trainer: Last model at epoch 9 saved to /root/autodl-tmp/em_eqf/experiments/clf_grid_AZDX/runs/tf_60_mf_5p0_seed_7/last_model_1.pth
2026-05-20 11:20:51,450 INFO src.train.trainer: Epoch 10
2026-05-20 11:20:54,962 INFO src.train.trainer: New best validation loss: 0.0743, saved to /root/autodl-tmp/em_eqf/experiments/clf_grid_AZDX/runs/tf_60_mf_5p0_seed_7/best_model_1.pth
2026-05-20 11:20:54,972 INFO src.train.trainer: Last model at epoch 10 saved to /root/autodl-tmp/em_eqf/experiments/clf_grid_AZDX/runs/tf_60_mf_5p0_seed_7/last_model_1.pth
2026-05-20 11:20:54,972 INFO src.train.trainer: Epoch 11
2026-05-20 11:20:58,628 INFO src.train.trainer: Last model at epoch 11 saved to /root/autodl-tmp/em_eqf/experiments/clf_grid_AZDX/runs/tf_60_mf_5p0_seed_7/last_model_1.pth
2026-05-20 11:20:58,628 INFO src.train.trainer: Epoch 12
2026-05-20 11:21:02,288 INFO src.train.trainer: Last model at epoch 12 saved to /root/autodl-tmp/em_eqf/experiments/clf_grid_AZDX/runs/tf_60_mf_5p0_seed_7/last_model_1.pth
2026-05-20 11:21:02,288 INFO src.train.trainer: Epoch 13
2026-05-20 11:21:05,690 INFO src.train.trainer: New best validation loss: 0.0723, saved to /root/autodl-tmp/em_eqf/experiments/clf_grid_AZDX/runs/tf_60_mf_5p0_seed_7/best_model_1.pth
2026-05-20 11:21:05,699 INFO src.train.trainer: Last model at epoch 13 saved to /root/autodl-tmp/em_eqf/experiments/clf_grid_AZDX/runs/tf_60_mf_5p0_seed_7/last_model_1.pth
2026-05-20 11:21:05,699 INFO src.train.trainer: Epoch 14
2026-05-20 11:21:08,835 INFO src.train.trainer: Last model at epoch 14 saved to /root/autodl-tmp/em_eqf/experiments/clf_grid_AZDX/runs/tf_60_mf_5p0_seed_7/last_model_1.pth
2026-05-20 11:21:08,835 INFO src.train.trainer: Epoch 15
2026-05-20 11:21:12,005 INFO src.train.trainer: New best validation loss: 0.0700, saved to /root/autodl-tmp/em_eqf/experiments/clf_grid_AZDX/runs/tf_60_mf_5p0_seed_7/best_model_1.pth
2026-05-20 11:21:12,016 INFO src.train.trainer: Last model at epoch 15 saved to /root/autodl-tmp/em_eqf/experiments/clf_grid_AZDX/runs/tf_60_mf_5p0_seed_7/last_model_1.pth
2026-05-20 11:21:12,016 INFO src.train.trainer: Epoch 16
2026-05-20 11:21:15,367 INFO src.train.trainer: Last model at epoch 16 saved to /root/autodl-tmp/em_eqf/experiments/clf_grid_AZDX/runs/tf_60_mf_5p0_seed_7/last_model_1.pth
2026-05-20 11:21:15,367 INFO src.train.trainer: Epoch 17
2026-05-20 11:21:18,963 INFO src.train.trainer: Last model at epoch 17 saved to /root/autodl-tmp/em_eqf/experiments/clf_grid_AZDX/runs/tf_60_mf_5p0_seed_7/last_model_1.pth
2026-05-20 11:21:18,963 INFO src.train.trainer: Epoch 18
2026-05-20 11:21:22,591 INFO src.train.trainer: Last model at epoch 18 saved to /root/autodl-tmp/em_eqf/experiments/clf_grid_AZDX/runs/tf_60_mf_5p0_seed_7/last_model_1.pth
2026-05-20 11:21:22,591 INFO src.train.trainer: Epoch 19
2026-05-20 11:21:26,027 INFO src.train.trainer: Last model at epoch 19 saved to /root/autodl-tmp/em_eqf/experiments/clf_grid_AZDX/runs/tf_60_mf_5p0_seed_7/last_model_1.pth
2026-05-20 11:21:26,027 INFO src.train.trainer: Epoch 20
2026-05-20 11:21:29,418 INFO src.train.trainer: Last model at epoch 20 saved to /root/autodl-tmp/em_eqf/experiments/clf_grid_AZDX/runs/tf_60_mf_5p0_seed_7/last_model_1.pth
2026-05-20 11:21:29,418 INFO src.train.trainer: Epoch 21
2026-05-20 11:21:32,839 INFO src.train.trainer: Last model at epoch 21 saved to /root/autodl-tmp/em_eqf/experiments/clf_grid_AZDX/runs/tf_60_mf_5p0_seed_7/last_model_1.pth
2026-05-20 11:21:32,839 INFO src.train.trainer: Epoch 22
2026-05-20 11:21:36,204 INFO src.train.trainer: New best validation loss: 0.0687, saved to /root/autodl-tmp/em_eqf/experiments/clf_grid_AZDX/runs/tf_60_mf_5p0_seed_7/best_model_1.pth
2026-05-20 11:21:36,216 INFO src.train.trainer: Last model at epoch 22 saved to /root/autodl-tmp/em_eqf/experiments/clf_grid_AZDX/runs/tf_60_mf_5p0_seed_7/last_model_1.pth
2026-05-20 11:21:36,216 INFO src.train.trainer: Epoch 23
2026-05-20 11:21:39,316 INFO src.train.trainer: Last model at epoch 23 saved to /root/autodl-tmp/em_eqf/experiments/clf_grid_AZDX/runs/tf_60_mf_5p0_seed_7/last_model_1.pth
2026-05-20 11:21:39,317 INFO src.train.trainer: Epoch 24
2026-05-20 11:21:42,605 INFO src.train.trainer: Last model at epoch 24 saved to /root/autodl-tmp/em_eqf/experiments/clf_grid_AZDX/runs/tf_60_mf_5p0_seed_7/last_model_1.pth
2026-05-20 11:21:42,605 INFO src.train.trainer: Epoch 25
2026-05-20 11:21:46,332 INFO src.train.trainer: Last model at epoch 25 saved to /root/autodl-tmp/em_eqf/experiments/clf_grid_AZDX/runs/tf_60_mf_5p0_seed_7/last_model_1.pth
2026-05-20 11:21:46,332 INFO src.train.trainer: Epoch 26
2026-05-20 11:21:49,912 INFO src.train.trainer: Last model at epoch 26 saved to /root/autodl-tmp/em_eqf/experiments/clf_grid_AZDX/runs/tf_60_mf_5p0_seed_7/last_model_1.pth
2026-05-20 11:21:49,912 INFO src.train.trainer: Epoch 27
2026-05-20 11:21:53,225 INFO src.train.trainer: Last model at epoch 27 saved to /root/autodl-tmp/em_eqf/experiments/clf_grid_AZDX/runs/tf_60_mf_5p0_seed_7/last_model_1.pth
2026-05-20 11:21:53,225 INFO src.train.trainer: Epoch 28
2026-05-20 11:21:56,469 INFO src.train.trainer: Last model at epoch 28 saved to /root/autodl-tmp/em_eqf/experiments/clf_grid_AZDX/runs/tf_60_mf_5p0_seed_7/last_model_1.pth
2026-05-20 11:21:56,469 INFO src.train.trainer: Epoch 29
2026-05-20 11:21:59,612 INFO src.train.trainer: Last model at epoch 29 saved to /root/autodl-tmp/em_eqf/experiments/clf_grid_AZDX/runs/tf_60_mf_5p0_seed_7/last_model_1.pth
2026-05-20 11:21:59,612 INFO src.train.trainer: Epoch 30
2026-05-20 11:22:02,720 INFO src.train.trainer: New best validation loss: 0.0672, saved to /root/autodl-tmp/em_eqf/experiments/clf_grid_AZDX/runs/tf_60_mf_5p0_seed_7/best_model_1.pth
2026-05-20 11:22:02,727 INFO src.train.trainer: Last model at epoch 30 saved to /root/autodl-tmp/em_eqf/experiments/clf_grid_AZDX/runs/tf_60_mf_5p0_seed_7/last_model_1.pth
2026-05-20 11:22:02,727 INFO src.train.trainer: Epoch 31
2026-05-20 11:22:05,928 INFO src.train.trainer: Last model at epoch 31 saved to /root/autodl-tmp/em_eqf/experiments/clf_grid_AZDX/runs/tf_60_mf_5p0_seed_7/last_model_1.pth
2026-05-20 11:22:05,928 INFO src.train.trainer: Epoch 32
2026-05-20 11:22:09,341 INFO src.train.trainer: Last model at epoch 32 saved to /root/autodl-tmp/em_eqf/experiments/clf_grid_AZDX/runs/tf_60_mf_5p0_seed_7/last_model_1.pth
2026-05-20 11:22:09,341 INFO src.train.trainer: Epoch 33
2026-05-20 11:22:12,738 INFO src.train.trainer: Last model at epoch 33 saved to /root/autodl-tmp/em_eqf/experiments/clf_grid_AZDX/runs/tf_60_mf_5p0_seed_7/last_model_1.pth
2026-05-20 11:22:12,739 INFO src.train.trainer: Epoch 34
2026-05-20 11:22:16,242 INFO src.train.trainer: Last model at epoch 34 saved to /root/autodl-tmp/em_eqf/experiments/clf_grid_AZDX/runs/tf_60_mf_5p0_seed_7/last_model_1.pth
2026-05-20 11:22:16,242 INFO src.train.trainer: Epoch 35
2026-05-20 11:22:20,233 INFO src.train.trainer: Last model at epoch 35 saved to /root/autodl-tmp/em_eqf/experiments/clf_grid_AZDX/runs/tf_60_mf_5p0_seed_7/last_model_1.pth
2026-05-20 11:22:20,234 INFO src.train.trainer: Epoch 36
2026-05-20 11:22:23,141 INFO src.train.trainer: Last model at epoch 36 saved to /root/autodl-tmp/em_eqf/experiments/clf_grid_AZDX/runs/tf_60_mf_5p0_seed_7/last_model_1.pth
2026-05-20 11:22:23,141 INFO src.train.trainer: Epoch 37
2026-05-20 11:22:26,553 INFO src.train.trainer: Last model at epoch 37 saved to /root/autodl-tmp/em_eqf/experiments/clf_grid_AZDX/runs/tf_60_mf_5p0_seed_7/last_model_1.pth
2026-05-20 11:22:26,553 INFO src.train.trainer: Epoch 38
2026-05-20 11:22:29,593 INFO src.train.trainer: Last model at epoch 38 saved to /root/autodl-tmp/em_eqf/experiments/clf_grid_AZDX/runs/tf_60_mf_5p0_seed_7/last_model_1.pth
2026-05-20 11:22:29,593 INFO src.train.trainer: Epoch 39
2026-05-20 11:22:32,649 INFO src.train.trainer: Last model at epoch 39 saved to /root/autodl-tmp/em_eqf/experiments/clf_grid_AZDX/runs/tf_60_mf_5p0_seed_7/last_model_1.pth
2026-05-20 11:22:32,649 INFO src.train.trainer: Epoch 40
2026-05-20 11:22:35,776 INFO src.train.trainer: Last model at epoch 40 saved to /root/autodl-tmp/em_eqf/experiments/clf_grid_AZDX/runs/tf_60_mf_5p0_seed_7/last_model_1.pth
2026-05-20 11:22:35,776 INFO src.train.trainer: Early stopping triggered at epoch 40 (best epoch: 30, best val loss: 0.067246)
2026-05-20 11:22:46,849 INFO src.data.preprocessing: CSV files found: ['chuandian_2021.csv']
2026-05-20 11:22:47,765 INFO src.utils.file_utils: Loading cached data from: data/ChuanDian/classifier/classifier_Mc_3_Mf_5.0_Tfore_60_Twindow_180_context_len_1_dt_10.pkl
2026-05-20 11:22:48,221 INFO src.data.preprocessing: Catalog statistics: {'tau_unfiltered': 0.15339908988298961, 'tau_q025': 0.08114294020924717, 'tau_q05': 0.5134664350189269, 'tau_mean': 1.3070542199341526, 'tau_max': 25.18216435192153, 'tau_min': 0.0, 'time_max': 18770.72654999979, 'time_mean': 10030.9430649837, 'mag_completeness': 3.0, 'mag_mean': 3.456916005014626, 'mag_max': 8.0, 'mag_min': 3.0, 'b_value': 0.856738547623331, 'b_std': 0.0071499224812533796, 'b_n': 14358}
2026-05-20 11:22:48,241 INFO src.data.event_loader: lengths of samples: min=32, max=981, avg=129.55
2026-05-20 11:22:48,241 INFO src.data.event_loader: Number of positive samples: 808
2026-05-20 11:22:48,241 INFO src.data.event_loader: Number of negative samples: 651
2026-05-20 11:22:48,242 INFO src.data.event_loader: Positive samples: 673, Negative samples: 494
2026-05-20 11:22:48,242 INFO src.data.event_loader: Total samples: 1167, Positive ratio: 0.58, Negative ratio: 0.42
2026-05-20 11:22:48,243 INFO src.data.event_loader: Positive samples: 87, Negative samples: 58
2026-05-20 11:22:48,243 INFO src.data.event_loader: Total samples: 145, Positive ratio: 0.60, Negative ratio: 0.40
2026-05-20 11:22:48,243 INFO src.data.event_loader: Positive samples: 48, Negative samples: 99
2026-05-20 11:22:48,243 INFO src.data.event_loader: Total samples: 147, Positive ratio: 0.33, Negative ratio: 0.67
2026-05-20 11:22:48,844 INFO src.models.adapters.mixer_task: using time scale base 1.3070542199341526 (key: tau_mean)
2026-05-20 11:22:48,845 INFO src.models.adapters.mixer_task: tau mean: tensor(1.3071)
2026-05-20 11:22:48,918 INFO src.train.config_setup: Restoring model from checkpoint.
2026-05-20 11:22:48,919 INFO src.train.config_setup: Loading model weights: load_specific_parts=None
2026-05-20 11:22:48,921 INFO src.train.config_setup: Checkpoint loaded: <All keys matched successfully>
2026-05-20 11:22:48,921 INFO src.train.config_setup: Full load summary: loaded=56, missing=0, unexpected=0
2026-05-20 11:22:48,922 INFO src.train.config_setup: Checkpoint hyperparameters loaded.
2026-05-20 11:22:48,922 INFO src.train.config_setup: Checkpoint train metrics available.
2026-05-20 11:22:48,922 INFO src.train.config_setup: Checkpoint val metrics available.
2026-05-20 11:22:48,922 INFO src.train.config_setup: Freeze skipped (checkpoint_restore): freeze_parts is empty.
2026-05-20 11:22:48,922 INFO src.train.config_setup: Using classification criterion: focal
2026-05-20 11:22:48,922 INFO src.train.config_setup: Criterion config: {'alpha': 0.5, 'gamma': 2.0}
2026-05-20 11:22:48,924 INFO src.train.config_setup: Not resuming optimizer/scheduler state; reset training state to start_epoch=0, best_val_loss=inf.
2026-05-20 11:22:48,924 INFO src.cli.common: Using threshold 0.44882142543792725 from checkpoint val_metrics for testing.
2026-05-20 11:22:54,322 INFO src.utils.metrics: ROC curve saved to /root/autodl-tmp/em_eqf/experiments/clf_grid_AZDX/runs/tf_60_mf_5p0_seed_7/roc_curve.png
2026-05-20 11:22:54,440 INFO src.utils.metrics: PR curve saved to /root/autodl-tmp/em_eqf/experiments/clf_grid_AZDX/runs/tf_60_mf_5p0_seed_7/pr_curve.png
2026-05-20 11:22:54,503 INFO src.utils.metrics: Confusion matrix saved to /root/autodl-tmp/em_eqf/experiments/clf_grid_AZDX/runs/tf_60_mf_5p0_seed_7/confusion_matrix.png
2026-05-20 11:22:54,503 INFO src.cli.workflows: Test loss: 0.06705922335386276
2026-05-20 11:22:56,051 INFO src.train.classifier_train_step: Prediction distribution plot has been saved to: /root/autodl-tmp/em_eqf/experiments/clf_grid_AZDX/runs/tf_60_mf_5p0_seed_7/train_pred_distribution.png
2026-05-20 11:22:56,624 INFO src.train.classifier_train_step: Prediction distribution plot has been saved to: /root/autodl-tmp/em_eqf/experiments/clf_grid_AZDX/runs/tf_60_mf_5p0_seed_7/val_pred_distribution.png
2026-05-20 11:22:57,204 INFO src.train.classifier_train_step: Prediction distribution plot has been saved to: /root/autodl-tmp/em_eqf/experiments/clf_grid_AZDX/runs/tf_60_mf_5p0_seed_7/test_pred_distribution.png
2026-05-20 11:22:57,205 INFO src.cli.common: Saved test metrics to /root/autodl-tmp/em_eqf/experiments/clf_grid_AZDX/runs/tf_60_mf_5p0_seed_7/metrics_test_best_1.json
2026-05-20 11:22:57,205 INFO src.cli.common: Metrics: {'precision': 0.41284403669724773, 'recall': 0.9375, 'f1': 0.5732484076433121, 'auc': 0.8341750841750842, 'pr_auc': 0.8149000171407557, 'fpr': 0.6464646464646465, 'tpr': 0.9375, 'R': 0.2910353535353535, 'conf': 0.004162489702631062, 'threshold': 0.44882142543792725}
