2026-05-10 15:45:27,579 INFO src.data.preprocessing: CSV files found: ['chuandian_2021.csv']
2026-05-10 15:45:28,616 INFO src.utils.file_utils: Loading cached data from: data/ChuanDian/classifier/classifier_Mc_3_Mf_5.5_Tfore_90_Twindow_180_context_len_1_dt_10.pkl
2026-05-10 15:45:29,741 INFO src.data.preprocessing: Catalog statistics: {'tau_unfiltered': 0.15339908988298961, 'tau_q025': 0.08114294020924717, 'tau_q05': 0.5134664350189269, 'tau_mean': 1.3070542199341526, 'tau_max': 25.18216435192153, 'tau_min': 0.0, 'time_max': 18770.72654999979, 'time_mean': 10030.9430649837, 'mag_completeness': 3.0, 'mag_mean': 3.456916005014626, 'mag_max': 8.0, 'mag_min': 3.0, 'b_value': 0.856738547623331, 'b_std': 0.0071499224812533796, 'b_n': 14358}
2026-05-10 15:45:29,762 INFO src.data.event_loader: lengths of samples: min=32, max=749, avg=124.26
2026-05-10 15:45:29,763 INFO src.data.event_loader: Number of positive samples: 471
2026-05-10 15:45:29,763 INFO src.data.event_loader: Number of negative samples: 1055
2026-05-10 15:45:29,784 INFO src.data.event_loader: Positive samples: 390, Negative samples: 830
2026-05-10 15:45:29,784 INFO src.data.event_loader: Total samples: 1220, Positive ratio: 0.32, Negative ratio: 0.68
2026-05-10 15:45:29,785 INFO src.data.event_loader: Positive samples: 62, Negative samples: 90
2026-05-10 15:45:29,785 INFO src.data.event_loader: Total samples: 152, Positive ratio: 0.41, Negative ratio: 0.59
2026-05-10 15:45:29,785 INFO src.data.event_loader: Positive samples: 19, Negative samples: 135
2026-05-10 15:45:29,785 INFO src.data.event_loader: Total samples: 154, Positive ratio: 0.12, Negative ratio: 0.88
2026-05-10 15:45:30,011 INFO src.cli.workflows: Loading checkpoint from: ./checkpoints/mixer_tpp_20260508-182744/last_model_1.pth
2026-05-10 15:45:30,527 INFO src.models.adapters.mixer_task: using time scale base 1.3070542199341526 (key: tau_mean)
2026-05-10 15:45:30,527 INFO src.models.adapters.mixer_task: tau mean: tensor(1.3071)
2026-05-10 15:45:30,533 INFO src.train.config_setup: Restoring model from checkpoint.
2026-05-10 15:45:30,534 INFO src.train.config_setup: Loading model weights: load_specific_parts=['base_model.encoder.layers.0', 'base_model.encoder.input_proj']
2026-05-10 15:45:30,535 INFO src.train.config_setup: Selective load summary: requested_parts=['base_model.encoder.layers.0', 'base_model.encoder.input_proj'], target_in_model=16, matched_in_checkpoint=16, loaded=16, missing_after_load=0, shape_mismatch=0, missing_in_model=0, out_of_scope_loaded=0
2026-05-10 15:45:30,535 INFO src.train.config_setup: Selective load coverage [base_model.encoder.layers.0]: target=12, hit=12, missing=0, complete=True
2026-05-10 15:45:30,535 INFO src.train.config_setup: Selective load coverage [base_model.encoder.input_proj]: target=4, hit=4, missing=0, complete=True
2026-05-10 15:45:30,535 INFO src.train.config_setup: Loaded parameter preview: ['base_model.encoder.layers.0.norm2.weight', 'base_model.encoder.input_proj.0.weight', 'base_model.encoder.input_proj.0.bias', 'base_model.encoder.layers.0.norm.weight', 'base_model.encoder.layers.0.mixer.norm.weight', 'base_model.encoder.input_proj.3.weight', 'base_model.encoder.input_proj.3.bias', 'base_model.encoder.layers.0.norm.bias', 'base_model.encoder.layers.0.mixer.A_log', 'base_model.encoder.layers.0.mixer.in_proj.weight'] ... (+6 more)
2026-05-10 15:45:30,536 INFO src.train.config_setup: Checkpoint hyperparameters loaded.
2026-05-10 15:45:30,536 INFO src.train.config_setup: Checkpoint train metrics available.
2026-05-10 15:45:30,537 INFO src.train.config_setup: Checkpoint val metrics available.
2026-05-10 15:45:30,537 INFO src.train.config_setup: Freeze skipped (checkpoint_restore): freeze_parts is empty.
2026-05-10 15:45:30,537 INFO src.train.config_setup: Using classification criterion: focal
2026-05-10 15:45:30,537 INFO src.train.config_setup: Criterion config: {'alpha': 0.25, 'gamma': 2.0}
2026-05-10 15:45:30,538 INFO src.train.config_setup: Not resuming optimizer/scheduler state; reset training state to start_epoch=0, best_val_loss=inf.
2026-05-10 15:45:30,538 INFO src.train.trainer: Epoch 1
2026-05-10 15:45:45,971 INFO src.train.trainer: New best validation loss: 0.0613, saved to /root/autodl-tmp/em_eqf/experiments/clf_grid_7/runs/tf_90_mf_5p5_seed_2/best_model_1.pth
2026-05-10 15:45:45,976 INFO src.train.trainer: Last model at epoch 1 saved to /root/autodl-tmp/em_eqf/experiments/clf_grid_7/runs/tf_90_mf_5p5_seed_2/last_model_1.pth
2026-05-10 15:45:45,977 INFO src.train.trainer: Epoch 2
2026-05-10 15:45:47,874 INFO src.train.trainer: New best validation loss: 0.0603, saved to /root/autodl-tmp/em_eqf/experiments/clf_grid_7/runs/tf_90_mf_5p5_seed_2/best_model_1.pth
2026-05-10 15:45:47,884 INFO src.train.trainer: Last model at epoch 2 saved to /root/autodl-tmp/em_eqf/experiments/clf_grid_7/runs/tf_90_mf_5p5_seed_2/last_model_1.pth
2026-05-10 15:45:47,884 INFO src.train.trainer: Epoch 3
2026-05-10 15:45:49,916 INFO src.train.trainer: Last model at epoch 3 saved to /root/autodl-tmp/em_eqf/experiments/clf_grid_7/runs/tf_90_mf_5p5_seed_2/last_model_1.pth
2026-05-10 15:45:49,916 INFO src.train.trainer: Epoch 4
2026-05-10 15:45:51,854 INFO src.train.trainer: New best validation loss: 0.0590, saved to /root/autodl-tmp/em_eqf/experiments/clf_grid_7/runs/tf_90_mf_5p5_seed_2/best_model_1.pth
2026-05-10 15:45:51,863 INFO src.train.trainer: Last model at epoch 4 saved to /root/autodl-tmp/em_eqf/experiments/clf_grid_7/runs/tf_90_mf_5p5_seed_2/last_model_1.pth
2026-05-10 15:45:51,863 INFO src.train.trainer: Epoch 5
2026-05-10 15:45:53,870 INFO src.train.trainer: New best validation loss: 0.0554, saved to /root/autodl-tmp/em_eqf/experiments/clf_grid_7/runs/tf_90_mf_5p5_seed_2/best_model_1.pth
2026-05-10 15:45:53,880 INFO src.train.trainer: Last model at epoch 5 saved to /root/autodl-tmp/em_eqf/experiments/clf_grid_7/runs/tf_90_mf_5p5_seed_2/last_model_1.pth
2026-05-10 15:45:53,880 INFO src.train.trainer: Epoch 6
2026-05-10 15:45:55,913 INFO src.train.trainer: Last model at epoch 6 saved to /root/autodl-tmp/em_eqf/experiments/clf_grid_7/runs/tf_90_mf_5p5_seed_2/last_model_1.pth
2026-05-10 15:45:55,913 INFO src.train.trainer: Epoch 7
2026-05-10 15:45:57,990 INFO src.train.trainer: Last model at epoch 7 saved to /root/autodl-tmp/em_eqf/experiments/clf_grid_7/runs/tf_90_mf_5p5_seed_2/last_model_1.pth
2026-05-10 15:45:57,990 INFO src.train.trainer: Epoch 8
2026-05-10 15:46:00,104 INFO src.train.trainer: Last model at epoch 8 saved to /root/autodl-tmp/em_eqf/experiments/clf_grid_7/runs/tf_90_mf_5p5_seed_2/last_model_1.pth
2026-05-10 15:46:00,104 INFO src.train.trainer: Epoch 9
2026-05-10 15:46:02,064 INFO src.train.trainer: Last model at epoch 9 saved to /root/autodl-tmp/em_eqf/experiments/clf_grid_7/runs/tf_90_mf_5p5_seed_2/last_model_1.pth
2026-05-10 15:46:02,064 INFO src.train.trainer: Epoch 10
2026-05-10 15:46:03,995 INFO src.train.trainer: New best validation loss: 0.0538, saved to /root/autodl-tmp/em_eqf/experiments/clf_grid_7/runs/tf_90_mf_5p5_seed_2/best_model_1.pth
2026-05-10 15:46:04,003 INFO src.train.trainer: Last model at epoch 10 saved to /root/autodl-tmp/em_eqf/experiments/clf_grid_7/runs/tf_90_mf_5p5_seed_2/last_model_1.pth
2026-05-10 15:46:04,003 INFO src.train.trainer: Epoch 11
2026-05-10 15:46:06,018 INFO src.train.trainer: Last model at epoch 11 saved to /root/autodl-tmp/em_eqf/experiments/clf_grid_7/runs/tf_90_mf_5p5_seed_2/last_model_1.pth
2026-05-10 15:46:06,018 INFO src.train.trainer: Epoch 12
2026-05-10 15:46:07,866 INFO src.train.trainer: Last model at epoch 12 saved to /root/autodl-tmp/em_eqf/experiments/clf_grid_7/runs/tf_90_mf_5p5_seed_2/last_model_1.pth
2026-05-10 15:46:07,866 INFO src.train.trainer: Epoch 13
2026-05-10 15:46:09,736 INFO src.train.trainer: Last model at epoch 13 saved to /root/autodl-tmp/em_eqf/experiments/clf_grid_7/runs/tf_90_mf_5p5_seed_2/last_model_1.pth
2026-05-10 15:46:09,737 INFO src.train.trainer: Epoch 14
2026-05-10 15:46:11,542 INFO src.train.trainer: New best validation loss: 0.0495, saved to /root/autodl-tmp/em_eqf/experiments/clf_grid_7/runs/tf_90_mf_5p5_seed_2/best_model_1.pth
2026-05-10 15:46:11,551 INFO src.train.trainer: Last model at epoch 14 saved to /root/autodl-tmp/em_eqf/experiments/clf_grid_7/runs/tf_90_mf_5p5_seed_2/last_model_1.pth
2026-05-10 15:46:11,551 INFO src.train.trainer: Epoch 15
2026-05-10 15:46:13,409 INFO src.train.trainer: New best validation loss: 0.0493, saved to /root/autodl-tmp/em_eqf/experiments/clf_grid_7/runs/tf_90_mf_5p5_seed_2/best_model_1.pth
2026-05-10 15:46:13,418 INFO src.train.trainer: Last model at epoch 15 saved to /root/autodl-tmp/em_eqf/experiments/clf_grid_7/runs/tf_90_mf_5p5_seed_2/last_model_1.pth
2026-05-10 15:46:13,418 INFO src.train.trainer: Epoch 16
2026-05-10 15:46:15,153 INFO src.train.trainer: Last model at epoch 16 saved to /root/autodl-tmp/em_eqf/experiments/clf_grid_7/runs/tf_90_mf_5p5_seed_2/last_model_1.pth
2026-05-10 15:46:15,153 INFO src.train.trainer: Epoch 17
2026-05-10 15:46:16,817 INFO src.train.trainer: Last model at epoch 17 saved to /root/autodl-tmp/em_eqf/experiments/clf_grid_7/runs/tf_90_mf_5p5_seed_2/last_model_1.pth
2026-05-10 15:46:16,817 INFO src.train.trainer: Epoch 18
2026-05-10 15:46:18,520 INFO src.train.trainer: Last model at epoch 18 saved to /root/autodl-tmp/em_eqf/experiments/clf_grid_7/runs/tf_90_mf_5p5_seed_2/last_model_1.pth
2026-05-10 15:46:18,521 INFO src.train.trainer: Epoch 19
2026-05-10 15:46:20,204 INFO src.train.trainer: Last model at epoch 19 saved to /root/autodl-tmp/em_eqf/experiments/clf_grid_7/runs/tf_90_mf_5p5_seed_2/last_model_1.pth
2026-05-10 15:46:20,204 INFO src.train.trainer: Epoch 20
2026-05-10 15:46:21,783 INFO src.train.trainer: Last model at epoch 20 saved to /root/autodl-tmp/em_eqf/experiments/clf_grid_7/runs/tf_90_mf_5p5_seed_2/last_model_1.pth
2026-05-10 15:46:21,783 INFO src.train.trainer: Epoch 21
2026-05-10 15:46:23,475 INFO src.train.trainer: Last model at epoch 21 saved to /root/autodl-tmp/em_eqf/experiments/clf_grid_7/runs/tf_90_mf_5p5_seed_2/last_model_1.pth
2026-05-10 15:46:23,476 INFO src.train.trainer: Epoch 22
2026-05-10 15:46:25,085 INFO src.train.trainer: Last model at epoch 22 saved to /root/autodl-tmp/em_eqf/experiments/clf_grid_7/runs/tf_90_mf_5p5_seed_2/last_model_1.pth
2026-05-10 15:46:25,085 INFO src.train.trainer: Epoch 23
2026-05-10 15:46:26,698 INFO src.train.trainer: Last model at epoch 23 saved to /root/autodl-tmp/em_eqf/experiments/clf_grid_7/runs/tf_90_mf_5p5_seed_2/last_model_1.pth
2026-05-10 15:46:26,698 INFO src.train.trainer: Epoch 24
2026-05-10 15:46:28,320 INFO src.train.trainer: Last model at epoch 24 saved to /root/autodl-tmp/em_eqf/experiments/clf_grid_7/runs/tf_90_mf_5p5_seed_2/last_model_1.pth
2026-05-10 15:46:28,321 INFO src.train.trainer: Epoch 25
2026-05-10 15:46:29,905 INFO src.train.trainer: Last model at epoch 25 saved to /root/autodl-tmp/em_eqf/experiments/clf_grid_7/runs/tf_90_mf_5p5_seed_2/last_model_1.pth
2026-05-10 15:46:29,905 INFO src.train.trainer: Early stopping triggered at epoch 25 (best epoch: 15, best val loss: 0.049333)
2026-05-10 15:46:38,748 INFO src.data.preprocessing: CSV files found: ['chuandian_2021.csv']
2026-05-10 15:46:39,472 INFO src.utils.file_utils: Loading cached data from: data/ChuanDian/classifier/classifier_Mc_3_Mf_5.5_Tfore_90_Twindow_180_context_len_1_dt_10.pkl
2026-05-10 15:46:40,583 INFO src.data.preprocessing: Catalog statistics: {'tau_unfiltered': 0.15339908988298961, 'tau_q025': 0.08114294020924717, 'tau_q05': 0.5134664350189269, 'tau_mean': 1.3070542199341526, 'tau_max': 25.18216435192153, 'tau_min': 0.0, 'time_max': 18770.72654999979, 'time_mean': 10030.9430649837, 'mag_completeness': 3.0, 'mag_mean': 3.456916005014626, 'mag_max': 8.0, 'mag_min': 3.0, 'b_value': 0.856738547623331, 'b_std': 0.0071499224812533796, 'b_n': 14358}
2026-05-10 15:46:40,604 INFO src.data.event_loader: lengths of samples: min=32, max=749, avg=124.26
2026-05-10 15:46:40,604 INFO src.data.event_loader: Number of positive samples: 471
2026-05-10 15:46:40,604 INFO src.data.event_loader: Number of negative samples: 1055
2026-05-10 15:46:40,605 INFO src.data.event_loader: Positive samples: 390, Negative samples: 830
2026-05-10 15:46:40,605 INFO src.data.event_loader: Total samples: 1220, Positive ratio: 0.32, Negative ratio: 0.68
2026-05-10 15:46:40,606 INFO src.data.event_loader: Positive samples: 62, Negative samples: 90
2026-05-10 15:46:40,606 INFO src.data.event_loader: Total samples: 152, Positive ratio: 0.41, Negative ratio: 0.59
2026-05-10 15:46:40,606 INFO src.data.event_loader: Positive samples: 19, Negative samples: 135
2026-05-10 15:46:40,606 INFO src.data.event_loader: Total samples: 154, Positive ratio: 0.12, Negative ratio: 0.88
2026-05-10 15:46:41,148 INFO src.models.adapters.mixer_task: using time scale base 1.3070542199341526 (key: tau_mean)
2026-05-10 15:46:41,149 INFO src.models.adapters.mixer_task: tau mean: tensor(1.3071)
2026-05-10 15:46:41,154 INFO src.train.config_setup: Restoring model from checkpoint.
2026-05-10 15:46:41,154 INFO src.train.config_setup: Loading model weights: load_specific_parts=None
2026-05-10 15:46:41,155 INFO src.train.config_setup: Checkpoint loaded: <All keys matched successfully>
2026-05-10 15:46:41,156 INFO src.train.config_setup: Full load summary: loaded=56, missing=0, unexpected=0
2026-05-10 15:46:41,156 INFO src.train.config_setup: Checkpoint hyperparameters loaded.
2026-05-10 15:46:41,156 INFO src.train.config_setup: Checkpoint train metrics available.
2026-05-10 15:46:41,156 INFO src.train.config_setup: Checkpoint val metrics available.
2026-05-10 15:46:41,156 INFO src.train.config_setup: Freeze skipped (checkpoint_restore): freeze_parts is empty.
2026-05-10 15:46:41,157 INFO src.train.config_setup: Using classification criterion: focal
2026-05-10 15:46:41,157 INFO src.train.config_setup: Criterion config: {'alpha': 0.25, 'gamma': 2.0}
2026-05-10 15:46:41,158 INFO src.train.config_setup: Not resuming optimizer/scheduler state; reset training state to start_epoch=0, best_val_loss=inf.
2026-05-10 15:46:41,158 INFO src.cli.common: Using threshold 0.3287443518638611 from checkpoint val_metrics for testing.
2026-05-10 15:46:45,727 INFO src.utils.metrics: ROC curve saved to /root/autodl-tmp/em_eqf/experiments/clf_grid_7/runs/tf_90_mf_5p5_seed_2/roc_curve.png
2026-05-10 15:46:45,837 INFO src.utils.metrics: PR curve saved to /root/autodl-tmp/em_eqf/experiments/clf_grid_7/runs/tf_90_mf_5p5_seed_2/pr_curve.png
2026-05-10 15:46:45,899 INFO src.utils.metrics: Confusion matrix saved to /root/autodl-tmp/em_eqf/experiments/clf_grid_7/runs/tf_90_mf_5p5_seed_2/confusion_matrix.png
2026-05-10 15:46:45,900 INFO src.cli.workflows: Test loss: 0.08237825334072113
2026-05-10 15:46:46,426 INFO src.train.classifier_train_step: Prediction distribution plot has been saved to: /root/autodl-tmp/em_eqf/experiments/clf_grid_7/runs/tf_90_mf_5p5_seed_2/train_pred_distribution.png
2026-05-10 15:46:46,669 INFO src.train.classifier_train_step: Prediction distribution plot has been saved to: /root/autodl-tmp/em_eqf/experiments/clf_grid_7/runs/tf_90_mf_5p5_seed_2/val_pred_distribution.png
2026-05-10 15:46:46,909 INFO src.train.classifier_train_step: Prediction distribution plot has been saved to: /root/autodl-tmp/em_eqf/experiments/clf_grid_7/runs/tf_90_mf_5p5_seed_2/test_pred_distribution.png
2026-05-10 15:46:46,910 INFO src.cli.common: Saved test metrics to /root/autodl-tmp/em_eqf/experiments/clf_grid_7/runs/tf_90_mf_5p5_seed_2/metrics_test_best_1.json
2026-05-10 15:46:46,910 INFO src.cli.common: Metrics: {'precision': 0.16666666666666666, 'recall': 0.7368421052631579, 'f1': 0.27184466019417475, 'auc': 0.6382066276803118, 'pr_auc': 0.18030546576972223, 'fpr': 0.5185185185185185, 'tpr': 0.7368421052631579, 'R': 0.21832358674463936, 'conf': 0.41338042544109566, 'threshold': 0.3287443518638611}
