2026-05-10 13:11:08,156 INFO src.data.preprocessing: CSV files found: ['chuandian_2021.csv']
2026-05-10 13:11:09,307 INFO src.utils.file_utils: Loading cached data from: data/ChuanDian/classifier/classifier_Mc_3_Mf_5.0_Tfore_60_Twindow_180_context_len_1_dt_10.pkl
2026-05-10 13:11:09,718 INFO src.data.preprocessing: Catalog statistics: {'tau_unfiltered': 0.15339908988298961, 'tau_q025': 0.08114294020924717, 'tau_q05': 0.5134664350189269, 'tau_mean': 1.3070542199341526, 'tau_max': 25.18216435192153, 'tau_min': 0.0, 'time_max': 18770.72654999979, 'time_mean': 10030.9430649837, 'mag_completeness': 3.0, 'mag_mean': 3.456916005014626, 'mag_max': 8.0, 'mag_min': 3.0, 'b_value': 0.856738547623331, 'b_std': 0.0071499224812533796, 'b_n': 14358}
2026-05-10 13:11:09,739 INFO src.data.event_loader: lengths of samples: min=32, max=981, avg=129.55
2026-05-10 13:11:09,739 INFO src.data.event_loader: Number of positive samples: 808
2026-05-10 13:11:09,740 INFO src.data.event_loader: Number of negative samples: 651
2026-05-10 13:11:09,740 INFO src.data.event_loader: Positive samples: 673, Negative samples: 494
2026-05-10 13:11:09,740 INFO src.data.event_loader: Total samples: 1167, Positive ratio: 0.58, Negative ratio: 0.42
2026-05-10 13:11:09,741 INFO src.data.event_loader: Positive samples: 87, Negative samples: 58
2026-05-10 13:11:09,741 INFO src.data.event_loader: Total samples: 145, Positive ratio: 0.60, Negative ratio: 0.40
2026-05-10 13:11:09,741 INFO src.data.event_loader: Positive samples: 48, Negative samples: 99
2026-05-10 13:11:09,741 INFO src.data.event_loader: Total samples: 147, Positive ratio: 0.33, Negative ratio: 0.67
2026-05-10 13:11:09,945 INFO src.cli.workflows: Loading checkpoint from: ./checkpoints/mixer_tpp_20260508-182744/last_model_1.pth
2026-05-10 13:11:10,793 INFO src.models.adapters.mixer_task: using time scale base 1.3070542199341526 (key: tau_mean)
2026-05-10 13:11:10,793 INFO src.models.adapters.mixer_task: tau mean: tensor(1.3071)
2026-05-10 13:11:10,843 INFO src.train.config_setup: Restoring model from checkpoint.
2026-05-10 13:11:10,844 INFO src.train.config_setup: Loading model weights: load_specific_parts=['encoder']
2026-05-10 13:11:10,845 INFO src.train.config_setup: Selective load summary: requested_parts=['encoder'], target_in_model=40, matched_in_checkpoint=30, loaded=30, missing_after_load=10, shape_mismatch=0, missing_in_model=0, out_of_scope_loaded=0
2026-05-10 13:11:10,845 INFO src.train.config_setup: Selective load coverage [encoder]: target=40, hit=30, missing=10, complete=False
2026-05-10 13:11:10,845 WARNING src.train.config_setup: Selective load coverage missing preview [encoder]: ['base_model.encoder.layers.2.mixer.in_proj.bias', 'base_model.encoder.layers.2.mixer.in_proj.weight', 'base_model.encoder.layers.2.mixer.out_proj.bias', 'base_model.encoder.layers.2.mixer.out_proj.weight', 'base_model.encoder.layers.2.mlp.fc1.weight', 'base_model.encoder.layers.2.mlp.fc2.weight', 'base_model.encoder.layers.2.norm.bias', 'base_model.encoder.layers.2.norm.weight'] ... (+2 more)
2026-05-10 13:11:10,845 WARNING src.train.config_setup: Checkpoint missing target parameter preview: ['base_model.encoder.layers.2.mixer.in_proj.bias', 'base_model.encoder.layers.2.mixer.in_proj.weight', 'base_model.encoder.layers.2.mixer.out_proj.bias', 'base_model.encoder.layers.2.mixer.out_proj.weight', 'base_model.encoder.layers.2.mlp.fc1.weight', 'base_model.encoder.layers.2.mlp.fc2.weight', 'base_model.encoder.layers.2.norm.bias', 'base_model.encoder.layers.2.norm.weight', 'base_model.encoder.layers.2.norm2.bias', 'base_model.encoder.layers.2.norm2.weight']
2026-05-10 13:11:10,845 WARNING src.train.config_setup: Target not-loaded parameter preview: ['base_model.encoder.layers.2.mixer.in_proj.bias', 'base_model.encoder.layers.2.mixer.in_proj.weight', 'base_model.encoder.layers.2.mixer.out_proj.bias', 'base_model.encoder.layers.2.mixer.out_proj.weight', 'base_model.encoder.layers.2.mlp.fc1.weight', 'base_model.encoder.layers.2.mlp.fc2.weight', 'base_model.encoder.layers.2.norm.bias', 'base_model.encoder.layers.2.norm.weight', 'base_model.encoder.layers.2.norm2.bias', 'base_model.encoder.layers.2.norm2.weight']
2026-05-10 13:11:10,845 INFO src.train.config_setup: Loaded parameter preview: ['base_model.encoder.layers.1.mixer.norm.weight', 'base_model.encoder.layers.0.mixer.A_log', 'base_model.encoder.layers.0.mixer.D', 'base_model.encoder.layers.0.norm2.bias', 'base_model.encoder.norm_f.weight', 'base_model.encoder.input_proj.3.weight', 'base_model.encoder.layers.0.mixer.in_proj.weight', 'base_model.encoder.layers.1.mlp.fc1.weight', 'base_model.encoder.input_proj.3.bias', 'base_model.encoder.layers.0.mixer.dt_bias'] ... (+20 more)
2026-05-10 13:11:10,846 INFO src.train.config_setup: Checkpoint hyperparameters loaded.
2026-05-10 13:11:10,846 INFO src.train.config_setup: Checkpoint train metrics available.
2026-05-10 13:11:10,846 INFO src.train.config_setup: Checkpoint val metrics available.
2026-05-10 13:11:10,846 INFO src.train.config_setup: Freeze skipped (checkpoint_restore): freeze_parts is empty.
2026-05-10 13:11:10,846 INFO src.train.config_setup: Using classification criterion: focal
2026-05-10 13:11:10,846 INFO src.train.config_setup: Criterion config: {'alpha': 0.5, 'gamma': 2.0}
2026-05-10 13:11:10,847 INFO src.train.config_setup: Not resuming optimizer/scheduler state; reset training state to start_epoch=0, best_val_loss=inf.
2026-05-10 13:11:10,848 INFO src.train.trainer: Epoch 1
2026-05-10 13:11:25,074 INFO src.train.trainer: New best validation loss: 0.0867, saved to /root/autodl-tmp/em_eqf/experiments/clf_grid_3/runs/tf_60_mf_5p0_seed_0/best_model_1.pth
2026-05-10 13:11:25,081 INFO src.train.trainer: Last model at epoch 1 saved to /root/autodl-tmp/em_eqf/experiments/clf_grid_3/runs/tf_60_mf_5p0_seed_0/last_model_1.pth
2026-05-10 13:11:25,081 INFO src.train.trainer: Epoch 2
2026-05-10 13:11:27,811 INFO src.train.trainer: Last model at epoch 2 saved to /root/autodl-tmp/em_eqf/experiments/clf_grid_3/runs/tf_60_mf_5p0_seed_0/last_model_1.pth
2026-05-10 13:11:27,811 INFO src.train.trainer: Epoch 3
2026-05-10 13:11:30,745 INFO src.train.trainer: Last model at epoch 3 saved to /root/autodl-tmp/em_eqf/experiments/clf_grid_3/runs/tf_60_mf_5p0_seed_0/last_model_1.pth
2026-05-10 13:11:30,745 INFO src.train.trainer: Epoch 4
2026-05-10 13:11:33,607 INFO src.train.trainer: Last model at epoch 4 saved to /root/autodl-tmp/em_eqf/experiments/clf_grid_3/runs/tf_60_mf_5p0_seed_0/last_model_1.pth
2026-05-10 13:11:33,607 INFO src.train.trainer: Epoch 5
2026-05-10 13:11:36,283 INFO src.train.trainer: New best validation loss: 0.0847, saved to /root/autodl-tmp/em_eqf/experiments/clf_grid_3/runs/tf_60_mf_5p0_seed_0/best_model_1.pth
2026-05-10 13:11:36,292 INFO src.train.trainer: Last model at epoch 5 saved to /root/autodl-tmp/em_eqf/experiments/clf_grid_3/runs/tf_60_mf_5p0_seed_0/last_model_1.pth
2026-05-10 13:11:36,292 INFO src.train.trainer: Epoch 6
2026-05-10 13:11:38,835 INFO src.train.trainer: New best validation loss: 0.0826, saved to /root/autodl-tmp/em_eqf/experiments/clf_grid_3/runs/tf_60_mf_5p0_seed_0/best_model_1.pth
2026-05-10 13:11:38,843 INFO src.train.trainer: Last model at epoch 6 saved to /root/autodl-tmp/em_eqf/experiments/clf_grid_3/runs/tf_60_mf_5p0_seed_0/last_model_1.pth
2026-05-10 13:11:38,843 INFO src.train.trainer: Epoch 7
2026-05-10 13:11:41,441 INFO src.train.trainer: New best validation loss: 0.0777, saved to /root/autodl-tmp/em_eqf/experiments/clf_grid_3/runs/tf_60_mf_5p0_seed_0/best_model_1.pth
2026-05-10 13:11:41,449 INFO src.train.trainer: Last model at epoch 7 saved to /root/autodl-tmp/em_eqf/experiments/clf_grid_3/runs/tf_60_mf_5p0_seed_0/last_model_1.pth
2026-05-10 13:11:41,450 INFO src.train.trainer: Epoch 8
2026-05-10 13:11:44,042 INFO src.train.trainer: New best validation loss: 0.0767, saved to /root/autodl-tmp/em_eqf/experiments/clf_grid_3/runs/tf_60_mf_5p0_seed_0/best_model_1.pth
2026-05-10 13:11:44,051 INFO src.train.trainer: Last model at epoch 8 saved to /root/autodl-tmp/em_eqf/experiments/clf_grid_3/runs/tf_60_mf_5p0_seed_0/last_model_1.pth
2026-05-10 13:11:44,051 INFO src.train.trainer: Epoch 9
2026-05-10 13:11:46,511 INFO src.train.trainer: Last model at epoch 9 saved to /root/autodl-tmp/em_eqf/experiments/clf_grid_3/runs/tf_60_mf_5p0_seed_0/last_model_1.pth
2026-05-10 13:11:46,511 INFO src.train.trainer: Epoch 10
2026-05-10 13:11:49,148 INFO src.train.trainer: New best validation loss: 0.0766, saved to /root/autodl-tmp/em_eqf/experiments/clf_grid_3/runs/tf_60_mf_5p0_seed_0/best_model_1.pth
2026-05-10 13:11:49,156 INFO src.train.trainer: Last model at epoch 10 saved to /root/autodl-tmp/em_eqf/experiments/clf_grid_3/runs/tf_60_mf_5p0_seed_0/last_model_1.pth
2026-05-10 13:11:49,156 INFO src.train.trainer: Epoch 11
2026-05-10 13:11:52,162 INFO src.train.trainer: Last model at epoch 11 saved to /root/autodl-tmp/em_eqf/experiments/clf_grid_3/runs/tf_60_mf_5p0_seed_0/last_model_1.pth
2026-05-10 13:11:52,162 INFO src.train.trainer: Epoch 12
2026-05-10 13:11:54,902 INFO src.train.trainer: Last model at epoch 12 saved to /root/autodl-tmp/em_eqf/experiments/clf_grid_3/runs/tf_60_mf_5p0_seed_0/last_model_1.pth
2026-05-10 13:11:54,903 INFO src.train.trainer: Epoch 13
2026-05-10 13:11:57,488 INFO src.train.trainer: Last model at epoch 13 saved to /root/autodl-tmp/em_eqf/experiments/clf_grid_3/runs/tf_60_mf_5p0_seed_0/last_model_1.pth
2026-05-10 13:11:57,489 INFO src.train.trainer: Epoch 14
2026-05-10 13:12:00,159 INFO src.train.trainer: Last model at epoch 14 saved to /root/autodl-tmp/em_eqf/experiments/clf_grid_3/runs/tf_60_mf_5p0_seed_0/last_model_1.pth
2026-05-10 13:12:00,159 INFO src.train.trainer: Epoch 15
2026-05-10 13:12:02,670 INFO src.train.trainer: New best validation loss: 0.0757, saved to /root/autodl-tmp/em_eqf/experiments/clf_grid_3/runs/tf_60_mf_5p0_seed_0/best_model_1.pth
2026-05-10 13:12:02,679 INFO src.train.trainer: Last model at epoch 15 saved to /root/autodl-tmp/em_eqf/experiments/clf_grid_3/runs/tf_60_mf_5p0_seed_0/last_model_1.pth
2026-05-10 13:12:02,679 INFO src.train.trainer: Epoch 16
2026-05-10 13:12:05,159 INFO src.train.trainer: Last model at epoch 16 saved to /root/autodl-tmp/em_eqf/experiments/clf_grid_3/runs/tf_60_mf_5p0_seed_0/last_model_1.pth
2026-05-10 13:12:05,159 INFO src.train.trainer: Epoch 17
2026-05-10 13:12:07,851 INFO src.train.trainer: Last model at epoch 17 saved to /root/autodl-tmp/em_eqf/experiments/clf_grid_3/runs/tf_60_mf_5p0_seed_0/last_model_1.pth
2026-05-10 13:12:07,851 INFO src.train.trainer: Epoch 18
2026-05-10 13:12:10,418 INFO src.train.trainer: Last model at epoch 18 saved to /root/autodl-tmp/em_eqf/experiments/clf_grid_3/runs/tf_60_mf_5p0_seed_0/last_model_1.pth
2026-05-10 13:12:10,419 INFO src.train.trainer: Epoch 19
2026-05-10 13:12:12,773 INFO src.train.trainer: Last model at epoch 19 saved to /root/autodl-tmp/em_eqf/experiments/clf_grid_3/runs/tf_60_mf_5p0_seed_0/last_model_1.pth
2026-05-10 13:12:12,773 INFO src.train.trainer: Epoch 20
2026-05-10 13:12:15,230 INFO src.train.trainer: Last model at epoch 20 saved to /root/autodl-tmp/em_eqf/experiments/clf_grid_3/runs/tf_60_mf_5p0_seed_0/last_model_1.pth
2026-05-10 13:12:15,230 INFO src.train.trainer: Epoch 21
2026-05-10 13:12:17,673 INFO src.train.trainer: Last model at epoch 21 saved to /root/autodl-tmp/em_eqf/experiments/clf_grid_3/runs/tf_60_mf_5p0_seed_0/last_model_1.pth
2026-05-10 13:12:17,673 INFO src.train.trainer: Epoch 22
2026-05-10 13:12:20,161 INFO src.train.trainer: New best validation loss: 0.0745, saved to /root/autodl-tmp/em_eqf/experiments/clf_grid_3/runs/tf_60_mf_5p0_seed_0/best_model_1.pth
2026-05-10 13:12:20,171 INFO src.train.trainer: Last model at epoch 22 saved to /root/autodl-tmp/em_eqf/experiments/clf_grid_3/runs/tf_60_mf_5p0_seed_0/last_model_1.pth
2026-05-10 13:12:20,171 INFO src.train.trainer: Epoch 23
2026-05-10 13:12:22,494 INFO src.train.trainer: New best validation loss: 0.0726, saved to /root/autodl-tmp/em_eqf/experiments/clf_grid_3/runs/tf_60_mf_5p0_seed_0/best_model_1.pth
2026-05-10 13:12:22,504 INFO src.train.trainer: Last model at epoch 23 saved to /root/autodl-tmp/em_eqf/experiments/clf_grid_3/runs/tf_60_mf_5p0_seed_0/last_model_1.pth
2026-05-10 13:12:22,504 INFO src.train.trainer: Epoch 24
2026-05-10 13:12:24,193 INFO src.train.trainer: Last model at epoch 24 saved to /root/autodl-tmp/em_eqf/experiments/clf_grid_3/runs/tf_60_mf_5p0_seed_0/last_model_1.pth
2026-05-10 13:12:24,193 INFO src.train.trainer: Epoch 25
2026-05-10 13:12:26,304 INFO src.train.trainer: Last model at epoch 25 saved to /root/autodl-tmp/em_eqf/experiments/clf_grid_3/runs/tf_60_mf_5p0_seed_0/last_model_1.pth
2026-05-10 13:12:26,304 INFO src.train.trainer: Epoch 26
2026-05-10 13:12:28,727 INFO src.train.trainer: Last model at epoch 26 saved to /root/autodl-tmp/em_eqf/experiments/clf_grid_3/runs/tf_60_mf_5p0_seed_0/last_model_1.pth
2026-05-10 13:12:28,728 INFO src.train.trainer: Epoch 27
2026-05-10 13:12:31,185 INFO src.train.trainer: New best validation loss: 0.0721, saved to /root/autodl-tmp/em_eqf/experiments/clf_grid_3/runs/tf_60_mf_5p0_seed_0/best_model_1.pth
2026-05-10 13:12:31,193 INFO src.train.trainer: Last model at epoch 27 saved to /root/autodl-tmp/em_eqf/experiments/clf_grid_3/runs/tf_60_mf_5p0_seed_0/last_model_1.pth
2026-05-10 13:12:31,193 INFO src.train.trainer: Epoch 28
2026-05-10 13:12:33,083 INFO src.train.trainer: Last model at epoch 28 saved to /root/autodl-tmp/em_eqf/experiments/clf_grid_3/runs/tf_60_mf_5p0_seed_0/last_model_1.pth
2026-05-10 13:12:33,084 INFO src.train.trainer: Epoch 29
2026-05-10 13:12:35,130 INFO src.train.trainer: Last model at epoch 29 saved to /root/autodl-tmp/em_eqf/experiments/clf_grid_3/runs/tf_60_mf_5p0_seed_0/last_model_1.pth
2026-05-10 13:12:35,130 INFO src.train.trainer: Epoch 30
2026-05-10 13:12:37,247 INFO src.train.trainer: Last model at epoch 30 saved to /root/autodl-tmp/em_eqf/experiments/clf_grid_3/runs/tf_60_mf_5p0_seed_0/last_model_1.pth
2026-05-10 13:12:37,247 INFO src.train.trainer: Epoch 31
2026-05-10 13:12:39,778 INFO src.train.trainer: Last model at epoch 31 saved to /root/autodl-tmp/em_eqf/experiments/clf_grid_3/runs/tf_60_mf_5p0_seed_0/last_model_1.pth
2026-05-10 13:12:39,779 INFO src.train.trainer: Epoch 32
2026-05-10 13:12:42,518 INFO src.train.trainer: Last model at epoch 32 saved to /root/autodl-tmp/em_eqf/experiments/clf_grid_3/runs/tf_60_mf_5p0_seed_0/last_model_1.pth
2026-05-10 13:12:42,518 INFO src.train.trainer: Epoch 33
2026-05-10 13:12:44,486 INFO src.train.trainer: Last model at epoch 33 saved to /root/autodl-tmp/em_eqf/experiments/clf_grid_3/runs/tf_60_mf_5p0_seed_0/last_model_1.pth
2026-05-10 13:12:44,486 INFO src.train.trainer: Epoch 34
2026-05-10 13:12:46,260 INFO src.train.trainer: Last model at epoch 34 saved to /root/autodl-tmp/em_eqf/experiments/clf_grid_3/runs/tf_60_mf_5p0_seed_0/last_model_1.pth
2026-05-10 13:12:46,260 INFO src.train.trainer: Epoch 35
2026-05-10 13:12:48,348 INFO src.train.trainer: Last model at epoch 35 saved to /root/autodl-tmp/em_eqf/experiments/clf_grid_3/runs/tf_60_mf_5p0_seed_0/last_model_1.pth
2026-05-10 13:12:48,348 INFO src.train.trainer: Epoch 36
2026-05-10 13:12:50,281 INFO src.train.trainer: Last model at epoch 36 saved to /root/autodl-tmp/em_eqf/experiments/clf_grid_3/runs/tf_60_mf_5p0_seed_0/last_model_1.pth
2026-05-10 13:12:50,281 INFO src.train.trainer: Epoch 37
2026-05-10 13:12:52,121 INFO src.train.trainer: Last model at epoch 37 saved to /root/autodl-tmp/em_eqf/experiments/clf_grid_3/runs/tf_60_mf_5p0_seed_0/last_model_1.pth
2026-05-10 13:12:52,121 INFO src.train.trainer: Early stopping triggered at epoch 37 (best epoch: 27, best val loss: 0.072130)
2026-05-10 13:13:02,073 INFO src.data.preprocessing: CSV files found: ['chuandian_2021.csv']
2026-05-10 13:13:03,060 INFO src.utils.file_utils: Loading cached data from: data/ChuanDian/classifier/classifier_Mc_3_Mf_5.0_Tfore_60_Twindow_180_context_len_1_dt_10.pkl
2026-05-10 13:13:03,459 INFO src.data.preprocessing: Catalog statistics: {'tau_unfiltered': 0.15339908988298961, 'tau_q025': 0.08114294020924717, 'tau_q05': 0.5134664350189269, 'tau_mean': 1.3070542199341526, 'tau_max': 25.18216435192153, 'tau_min': 0.0, 'time_max': 18770.72654999979, 'time_mean': 10030.9430649837, 'mag_completeness': 3.0, 'mag_mean': 3.456916005014626, 'mag_max': 8.0, 'mag_min': 3.0, 'b_value': 0.856738547623331, 'b_std': 0.0071499224812533796, 'b_n': 14358}
2026-05-10 13:13:03,479 INFO src.data.event_loader: lengths of samples: min=32, max=981, avg=129.55
2026-05-10 13:13:03,479 INFO src.data.event_loader: Number of positive samples: 808
2026-05-10 13:13:03,479 INFO src.data.event_loader: Number of negative samples: 651
2026-05-10 13:13:03,480 INFO src.data.event_loader: Positive samples: 673, Negative samples: 494
2026-05-10 13:13:03,480 INFO src.data.event_loader: Total samples: 1167, Positive ratio: 0.58, Negative ratio: 0.42
2026-05-10 13:13:03,481 INFO src.data.event_loader: Positive samples: 87, Negative samples: 58
2026-05-10 13:13:03,481 INFO src.data.event_loader: Total samples: 145, Positive ratio: 0.60, Negative ratio: 0.40
2026-05-10 13:13:03,481 INFO src.data.event_loader: Positive samples: 48, Negative samples: 99
2026-05-10 13:13:03,481 INFO src.data.event_loader: Total samples: 147, Positive ratio: 0.33, Negative ratio: 0.67
2026-05-10 13:13:04,024 INFO src.models.adapters.mixer_task: using time scale base 1.3070542199341526 (key: tau_mean)
2026-05-10 13:13:04,024 INFO src.models.adapters.mixer_task: tau mean: tensor(1.3071)
2026-05-10 13:13:04,038 INFO src.train.config_setup: Restoring model from checkpoint.
2026-05-10 13:13:04,038 INFO src.train.config_setup: Loading model weights: load_specific_parts=None
2026-05-10 13:13:04,039 INFO src.train.config_setup: Checkpoint loaded: <All keys matched successfully>
2026-05-10 13:13:04,040 INFO src.train.config_setup: Full load summary: loaded=56, missing=0, unexpected=0
2026-05-10 13:13:04,040 INFO src.train.config_setup: Checkpoint hyperparameters loaded.
2026-05-10 13:13:04,040 INFO src.train.config_setup: Checkpoint train metrics available.
2026-05-10 13:13:04,040 INFO src.train.config_setup: Checkpoint val metrics available.
2026-05-10 13:13:04,041 INFO src.train.config_setup: Freeze skipped (checkpoint_restore): freeze_parts is empty.
2026-05-10 13:13:04,041 INFO src.train.config_setup: Using classification criterion: focal
2026-05-10 13:13:04,041 INFO src.train.config_setup: Criterion config: {'alpha': 0.5, 'gamma': 2.0}
2026-05-10 13:13:04,042 INFO src.train.config_setup: Not resuming optimizer/scheduler state; reset training state to start_epoch=0, best_val_loss=inf.
2026-05-10 13:13:04,042 INFO src.cli.common: Using threshold 0.38725608587265015 from checkpoint val_metrics for testing.
2026-05-10 13:13:08,684 INFO src.utils.metrics: ROC curve saved to /root/autodl-tmp/em_eqf/experiments/clf_grid_3/runs/tf_60_mf_5p0_seed_0/roc_curve.png
2026-05-10 13:13:08,807 INFO src.utils.metrics: PR curve saved to /root/autodl-tmp/em_eqf/experiments/clf_grid_3/runs/tf_60_mf_5p0_seed_0/pr_curve.png
2026-05-10 13:13:08,875 INFO src.utils.metrics: Confusion matrix saved to /root/autodl-tmp/em_eqf/experiments/clf_grid_3/runs/tf_60_mf_5p0_seed_0/confusion_matrix.png
2026-05-10 13:13:08,875 INFO src.cli.workflows: Test loss: 0.060169449696938195
2026-05-10 13:13:09,734 INFO src.train.classifier_train_step: Prediction distribution plot has been saved to: /root/autodl-tmp/em_eqf/experiments/clf_grid_3/runs/tf_60_mf_5p0_seed_0/train_pred_distribution.png
2026-05-10 13:13:10,161 INFO src.train.classifier_train_step: Prediction distribution plot has been saved to: /root/autodl-tmp/em_eqf/experiments/clf_grid_3/runs/tf_60_mf_5p0_seed_0/val_pred_distribution.png
2026-05-10 13:13:10,535 INFO src.train.classifier_train_step: Prediction distribution plot has been saved to: /root/autodl-tmp/em_eqf/experiments/clf_grid_3/runs/tf_60_mf_5p0_seed_0/test_pred_distribution.png
2026-05-10 13:13:10,535 INFO src.cli.common: Saved test metrics to /root/autodl-tmp/em_eqf/experiments/clf_grid_3/runs/tf_60_mf_5p0_seed_0/metrics_test_best_1.json
2026-05-10 13:13:10,536 INFO src.cli.common: Metrics: {'precision': 0.3364485981308411, 'recall': 0.75, 'f1': 0.4645161290322581, 'auc': 0.6426767676767676, 'pr_auc': 0.677457738503626, 'fpr': 0.7171717171717171, 'tpr': 0.75, 'R': 0.03282828282828287, 'conf': 2.5125572976187117e-13, 'threshold': 0.38725608587265015}
