2026-05-21 16:31:35,839 INFO src.data.preprocessing: CSV files found: ['chuandian_2021.csv']
2026-05-21 16:31:36,467 INFO src.utils.file_utils: Loading cached data from: data/ChuanDian/classifier/classifier_Mc_3_Mf_4.0_Tfore_10_Twindow_180_context_len_1_dt_10.pkl
2026-05-21 16:31:36,776 INFO src.data.preprocessing: Catalog statistics: {'tau_unfiltered': 0.15339908988298961, 'tau_q025': 0.08114294020924717, 'tau_q05': 0.5134664350189269, 'tau_mean': 1.3070542199341526, 'tau_max': 25.18216435192153, 'tau_min': 0.0, 'time_max': 18770.72654999979, 'time_mean': 10030.9430649837, 'mag_completeness': 3.0, 'mag_mean': 3.456916005014626, 'mag_max': 8.0, 'mag_min': 3.0, 'b_value': 0.856738547623331, 'b_std': 0.0071499224812533796, 'b_n': 14358}
2026-05-21 16:31:36,794 INFO src.data.event_loader: lengths of samples: min=32, max=981, avg=135.51
2026-05-21 16:31:36,795 INFO src.data.event_loader: Number of positive samples: 780
2026-05-21 16:31:36,795 INFO src.data.event_loader: Number of negative samples: 683
2026-05-21 16:31:36,826 INFO src.data.event_loader: Positive samples: 594, Negative samples: 576
2026-05-21 16:31:36,826 INFO src.data.event_loader: Total samples: 1170, Positive ratio: 0.51, Negative ratio: 0.49
2026-05-21 16:31:36,826 INFO src.data.event_loader: Positive samples: 107, Negative samples: 39
2026-05-21 16:31:36,826 INFO src.data.event_loader: Total samples: 146, Positive ratio: 0.73, Negative ratio: 0.27
2026-05-21 16:31:36,826 INFO src.data.event_loader: Positive samples: 79, Negative samples: 68
2026-05-21 16:31:36,826 INFO src.data.event_loader: Total samples: 147, Positive ratio: 0.54, Negative ratio: 0.46
2026-05-21 16:31:36,882 INFO src.cli.workflows: Loading checkpoint from: ./checkpoints/mixer_tpp_20260514-211059/last_model_1.pth
2026-05-21 16:31:37,421 INFO src.models.adapters.mixer_task: using time scale base 1.3070542199341526 (key: tau_mean)
2026-05-21 16:31:37,421 INFO src.models.adapters.mixer_task: tau mean: tensor(1.3071)
2026-05-21 16:31:37,427 INFO src.train.config_setup: Restoring model from checkpoint.
2026-05-21 16:31:37,427 INFO src.train.config_setup: Loading model weights: load_specific_parts=['encoder']
2026-05-21 16:31:37,428 INFO src.train.config_setup: Selective load summary: requested_parts=['encoder'], target_in_model=40, matched_in_checkpoint=30, loaded=30, missing_after_load=10, shape_mismatch=0, missing_in_model=0, out_of_scope_loaded=0
2026-05-21 16:31:37,428 INFO src.train.config_setup: Selective load coverage [encoder]: target=40, hit=30, missing=10, complete=False
2026-05-21 16:31:37,428 WARNING src.train.config_setup: Selective load coverage missing preview [encoder]: ['base_model.encoder.layers.2.mixer.in_proj.bias', 'base_model.encoder.layers.2.mixer.in_proj.weight', 'base_model.encoder.layers.2.mixer.out_proj.bias', 'base_model.encoder.layers.2.mixer.out_proj.weight', 'base_model.encoder.layers.2.mlp.fc1.weight', 'base_model.encoder.layers.2.mlp.fc2.weight', 'base_model.encoder.layers.2.norm.bias', 'base_model.encoder.layers.2.norm.weight'] ... (+2 more)
2026-05-21 16:31:37,429 WARNING src.train.config_setup: Checkpoint missing target parameter preview: ['base_model.encoder.layers.2.mixer.in_proj.bias', 'base_model.encoder.layers.2.mixer.in_proj.weight', 'base_model.encoder.layers.2.mixer.out_proj.bias', 'base_model.encoder.layers.2.mixer.out_proj.weight', 'base_model.encoder.layers.2.mlp.fc1.weight', 'base_model.encoder.layers.2.mlp.fc2.weight', 'base_model.encoder.layers.2.norm.bias', 'base_model.encoder.layers.2.norm.weight', 'base_model.encoder.layers.2.norm2.bias', 'base_model.encoder.layers.2.norm2.weight']
2026-05-21 16:31:37,429 WARNING src.train.config_setup: Target not-loaded parameter preview: ['base_model.encoder.layers.2.mixer.in_proj.bias', 'base_model.encoder.layers.2.mixer.in_proj.weight', 'base_model.encoder.layers.2.mixer.out_proj.bias', 'base_model.encoder.layers.2.mixer.out_proj.weight', 'base_model.encoder.layers.2.mlp.fc1.weight', 'base_model.encoder.layers.2.mlp.fc2.weight', 'base_model.encoder.layers.2.norm.bias', 'base_model.encoder.layers.2.norm.weight', 'base_model.encoder.layers.2.norm2.bias', 'base_model.encoder.layers.2.norm2.weight']
2026-05-21 16:31:37,429 INFO src.train.config_setup: Loaded parameter preview: ['base_model.encoder.layers.1.mixer.D', 'base_model.encoder.layers.0.norm2.weight', 'base_model.encoder.layers.1.mlp.fc2.weight', 'base_model.encoder.layers.1.mixer.out_proj.weight', 'base_model.encoder.layers.0.mixer.norm.weight', 'base_model.encoder.layers.0.norm.weight', 'base_model.encoder.norm_f.bias', 'base_model.encoder.input_proj.0.weight', 'base_model.encoder.layers.1.mlp.fc1.weight', 'base_model.encoder.layers.1.norm2.bias'] ... (+20 more)
2026-05-21 16:31:37,430 INFO src.train.config_setup: Checkpoint hyperparameters loaded.
2026-05-21 16:31:37,430 INFO src.train.config_setup: Checkpoint train metrics available.
2026-05-21 16:31:37,430 INFO src.train.config_setup: Checkpoint val metrics available.
2026-05-21 16:31:37,430 INFO src.train.config_setup: Freeze skipped (checkpoint_restore): freeze_parts is empty.
2026-05-21 16:31:37,430 INFO src.train.config_setup: Using classification criterion: focal
2026-05-21 16:31:37,430 INFO src.train.config_setup: Criterion config: {'alpha': 0.5, 'gamma': 2.0}
2026-05-21 16:31:37,431 INFO src.train.config_setup: Not resuming optimizer/scheduler state; reset training state to start_epoch=0, best_val_loss=inf.
2026-05-21 16:31:37,432 INFO src.train.trainer: Epoch 1
2026-05-21 16:31:57,798 INFO src.train.trainer: New best validation loss: 0.0948, saved to /root/autodl-tmp/em_eqf/experiments/clf_pre_v1/clf_pre_SCEDC_v1/runs/tf_10_mf_4p0_seed_3/best_model_1.pth
2026-05-21 16:31:57,803 INFO src.train.trainer: Last model at epoch 1 saved to /root/autodl-tmp/em_eqf/experiments/clf_pre_v1/clf_pre_SCEDC_v1/runs/tf_10_mf_4p0_seed_3/last_model_1.pth
2026-05-21 16:31:57,803 INFO src.train.trainer: Epoch 2
2026-05-21 16:32:01,505 INFO src.train.trainer: New best validation loss: 0.0792, saved to /root/autodl-tmp/em_eqf/experiments/clf_pre_v1/clf_pre_SCEDC_v1/runs/tf_10_mf_4p0_seed_3/best_model_1.pth
2026-05-21 16:32:01,513 INFO src.train.trainer: Last model at epoch 2 saved to /root/autodl-tmp/em_eqf/experiments/clf_pre_v1/clf_pre_SCEDC_v1/runs/tf_10_mf_4p0_seed_3/last_model_1.pth
2026-05-21 16:32:01,513 INFO src.train.trainer: Epoch 3
2026-05-21 16:32:04,924 INFO src.train.trainer: Last model at epoch 3 saved to /root/autodl-tmp/em_eqf/experiments/clf_pre_v1/clf_pre_SCEDC_v1/runs/tf_10_mf_4p0_seed_3/last_model_1.pth
2026-05-21 16:32:04,924 INFO src.train.trainer: Epoch 4
2026-05-21 16:32:08,201 INFO src.train.trainer: Last model at epoch 4 saved to /root/autodl-tmp/em_eqf/experiments/clf_pre_v1/clf_pre_SCEDC_v1/runs/tf_10_mf_4p0_seed_3/last_model_1.pth
2026-05-21 16:32:08,201 INFO src.train.trainer: Epoch 5
2026-05-21 16:32:11,816 INFO src.train.trainer: New best validation loss: 0.0741, saved to /root/autodl-tmp/em_eqf/experiments/clf_pre_v1/clf_pre_SCEDC_v1/runs/tf_10_mf_4p0_seed_3/best_model_1.pth
2026-05-21 16:32:11,823 INFO src.train.trainer: Last model at epoch 5 saved to /root/autodl-tmp/em_eqf/experiments/clf_pre_v1/clf_pre_SCEDC_v1/runs/tf_10_mf_4p0_seed_3/last_model_1.pth
2026-05-21 16:32:11,823 INFO src.train.trainer: Epoch 6
2026-05-21 16:32:15,042 INFO src.train.trainer: Last model at epoch 6 saved to /root/autodl-tmp/em_eqf/experiments/clf_pre_v1/clf_pre_SCEDC_v1/runs/tf_10_mf_4p0_seed_3/last_model_1.pth
2026-05-21 16:32:15,042 INFO src.train.trainer: Epoch 7
2026-05-21 16:32:18,544 INFO src.train.trainer: Last model at epoch 7 saved to /root/autodl-tmp/em_eqf/experiments/clf_pre_v1/clf_pre_SCEDC_v1/runs/tf_10_mf_4p0_seed_3/last_model_1.pth
2026-05-21 16:32:18,544 INFO src.train.trainer: Epoch 8
2026-05-21 16:32:22,051 INFO src.train.trainer: New best validation loss: 0.0730, saved to /root/autodl-tmp/em_eqf/experiments/clf_pre_v1/clf_pre_SCEDC_v1/runs/tf_10_mf_4p0_seed_3/best_model_1.pth
2026-05-21 16:32:22,057 INFO src.train.trainer: Last model at epoch 8 saved to /root/autodl-tmp/em_eqf/experiments/clf_pre_v1/clf_pre_SCEDC_v1/runs/tf_10_mf_4p0_seed_3/last_model_1.pth
2026-05-21 16:32:22,057 INFO src.train.trainer: Epoch 9
2026-05-21 16:32:25,571 INFO src.train.trainer: Last model at epoch 9 saved to /root/autodl-tmp/em_eqf/experiments/clf_pre_v1/clf_pre_SCEDC_v1/runs/tf_10_mf_4p0_seed_3/last_model_1.pth
2026-05-21 16:32:25,571 INFO src.train.trainer: Epoch 10
2026-05-21 16:32:29,022 INFO src.train.trainer: New best validation loss: 0.0685, saved to /root/autodl-tmp/em_eqf/experiments/clf_pre_v1/clf_pre_SCEDC_v1/runs/tf_10_mf_4p0_seed_3/best_model_1.pth
2026-05-21 16:32:29,028 INFO src.train.trainer: Last model at epoch 10 saved to /root/autodl-tmp/em_eqf/experiments/clf_pre_v1/clf_pre_SCEDC_v1/runs/tf_10_mf_4p0_seed_3/last_model_1.pth
2026-05-21 16:32:29,028 INFO src.train.trainer: Epoch 11
2026-05-21 16:32:32,154 INFO src.train.trainer: Last model at epoch 11 saved to /root/autodl-tmp/em_eqf/experiments/clf_pre_v1/clf_pre_SCEDC_v1/runs/tf_10_mf_4p0_seed_3/last_model_1.pth
2026-05-21 16:32:32,155 INFO src.train.trainer: Epoch 12
2026-05-21 16:32:35,052 INFO src.train.trainer: Last model at epoch 12 saved to /root/autodl-tmp/em_eqf/experiments/clf_pre_v1/clf_pre_SCEDC_v1/runs/tf_10_mf_4p0_seed_3/last_model_1.pth
2026-05-21 16:32:35,052 INFO src.train.trainer: Epoch 13
2026-05-21 16:32:37,823 INFO src.train.trainer: New best validation loss: 0.0651, saved to /root/autodl-tmp/em_eqf/experiments/clf_pre_v1/clf_pre_SCEDC_v1/runs/tf_10_mf_4p0_seed_3/best_model_1.pth
2026-05-21 16:32:37,831 INFO src.train.trainer: Last model at epoch 13 saved to /root/autodl-tmp/em_eqf/experiments/clf_pre_v1/clf_pre_SCEDC_v1/runs/tf_10_mf_4p0_seed_3/last_model_1.pth
2026-05-21 16:32:37,831 INFO src.train.trainer: Epoch 14
2026-05-21 16:32:40,371 INFO src.train.trainer: Last model at epoch 14 saved to /root/autodl-tmp/em_eqf/experiments/clf_pre_v1/clf_pre_SCEDC_v1/runs/tf_10_mf_4p0_seed_3/last_model_1.pth
2026-05-21 16:32:40,371 INFO src.train.trainer: Epoch 15
2026-05-21 16:32:43,311 INFO src.train.trainer: Last model at epoch 15 saved to /root/autodl-tmp/em_eqf/experiments/clf_pre_v1/clf_pre_SCEDC_v1/runs/tf_10_mf_4p0_seed_3/last_model_1.pth
2026-05-21 16:32:43,311 INFO src.train.trainer: Epoch 16
2026-05-21 16:32:46,559 INFO src.train.trainer: New best validation loss: 0.0582, saved to /root/autodl-tmp/em_eqf/experiments/clf_pre_v1/clf_pre_SCEDC_v1/runs/tf_10_mf_4p0_seed_3/best_model_1.pth
2026-05-21 16:32:46,567 INFO src.train.trainer: Last model at epoch 16 saved to /root/autodl-tmp/em_eqf/experiments/clf_pre_v1/clf_pre_SCEDC_v1/runs/tf_10_mf_4p0_seed_3/last_model_1.pth
2026-05-21 16:32:46,567 INFO src.train.trainer: Epoch 17
2026-05-21 16:32:49,991 INFO src.train.trainer: Last model at epoch 17 saved to /root/autodl-tmp/em_eqf/experiments/clf_pre_v1/clf_pre_SCEDC_v1/runs/tf_10_mf_4p0_seed_3/last_model_1.pth
2026-05-21 16:32:49,991 INFO src.train.trainer: Epoch 18
2026-05-21 16:32:52,760 INFO src.train.trainer: Last model at epoch 18 saved to /root/autodl-tmp/em_eqf/experiments/clf_pre_v1/clf_pre_SCEDC_v1/runs/tf_10_mf_4p0_seed_3/last_model_1.pth
2026-05-21 16:32:52,761 INFO src.train.trainer: Epoch 19
2026-05-21 16:32:55,179 INFO src.train.trainer: Last model at epoch 19 saved to /root/autodl-tmp/em_eqf/experiments/clf_pre_v1/clf_pre_SCEDC_v1/runs/tf_10_mf_4p0_seed_3/last_model_1.pth
2026-05-21 16:32:55,180 INFO src.train.trainer: Epoch 20
2026-05-21 16:32:57,473 INFO src.train.trainer: Last model at epoch 20 saved to /root/autodl-tmp/em_eqf/experiments/clf_pre_v1/clf_pre_SCEDC_v1/runs/tf_10_mf_4p0_seed_3/last_model_1.pth
2026-05-21 16:32:57,474 INFO src.train.trainer: Epoch 21
2026-05-21 16:32:59,699 INFO src.train.trainer: Last model at epoch 21 saved to /root/autodl-tmp/em_eqf/experiments/clf_pre_v1/clf_pre_SCEDC_v1/runs/tf_10_mf_4p0_seed_3/last_model_1.pth
2026-05-21 16:32:59,700 INFO src.train.trainer: Epoch 22
2026-05-21 16:33:02,021 INFO src.train.trainer: Last model at epoch 22 saved to /root/autodl-tmp/em_eqf/experiments/clf_pre_v1/clf_pre_SCEDC_v1/runs/tf_10_mf_4p0_seed_3/last_model_1.pth
2026-05-21 16:33:02,022 INFO src.train.trainer: Epoch 23
2026-05-21 16:33:05,701 INFO src.train.trainer: Last model at epoch 23 saved to /root/autodl-tmp/em_eqf/experiments/clf_pre_v1/clf_pre_SCEDC_v1/runs/tf_10_mf_4p0_seed_3/last_model_1.pth
2026-05-21 16:33:05,701 INFO src.train.trainer: Epoch 24
2026-05-21 16:33:09,155 INFO src.train.trainer: New best validation loss: 0.0545, saved to /root/autodl-tmp/em_eqf/experiments/clf_pre_v1/clf_pre_SCEDC_v1/runs/tf_10_mf_4p0_seed_3/best_model_1.pth
2026-05-21 16:33:09,163 INFO src.train.trainer: Last model at epoch 24 saved to /root/autodl-tmp/em_eqf/experiments/clf_pre_v1/clf_pre_SCEDC_v1/runs/tf_10_mf_4p0_seed_3/last_model_1.pth
2026-05-21 16:33:09,163 INFO src.train.trainer: Epoch 25
2026-05-21 16:33:12,342 INFO src.train.trainer: Last model at epoch 25 saved to /root/autodl-tmp/em_eqf/experiments/clf_pre_v1/clf_pre_SCEDC_v1/runs/tf_10_mf_4p0_seed_3/last_model_1.pth
2026-05-21 16:33:12,343 INFO src.train.trainer: Epoch 26
2026-05-21 16:33:15,159 INFO src.train.trainer: Last model at epoch 26 saved to /root/autodl-tmp/em_eqf/experiments/clf_pre_v1/clf_pre_SCEDC_v1/runs/tf_10_mf_4p0_seed_3/last_model_1.pth
2026-05-21 16:33:15,160 INFO src.train.trainer: Epoch 27
2026-05-21 16:33:17,998 INFO src.train.trainer: Last model at epoch 27 saved to /root/autodl-tmp/em_eqf/experiments/clf_pre_v1/clf_pre_SCEDC_v1/runs/tf_10_mf_4p0_seed_3/last_model_1.pth
2026-05-21 16:33:17,998 INFO src.train.trainer: Epoch 28
2026-05-21 16:33:21,432 INFO src.train.trainer: Last model at epoch 28 saved to /root/autodl-tmp/em_eqf/experiments/clf_pre_v1/clf_pre_SCEDC_v1/runs/tf_10_mf_4p0_seed_3/last_model_1.pth
2026-05-21 16:33:21,432 INFO src.train.trainer: Epoch 29
2026-05-21 16:33:24,421 INFO src.train.trainer: New best validation loss: 0.0541, saved to /root/autodl-tmp/em_eqf/experiments/clf_pre_v1/clf_pre_SCEDC_v1/runs/tf_10_mf_4p0_seed_3/best_model_1.pth
2026-05-21 16:33:24,426 INFO src.train.trainer: Last model at epoch 29 saved to /root/autodl-tmp/em_eqf/experiments/clf_pre_v1/clf_pre_SCEDC_v1/runs/tf_10_mf_4p0_seed_3/last_model_1.pth
2026-05-21 16:33:24,426 INFO src.train.trainer: Epoch 30
2026-05-21 16:33:28,214 INFO src.train.trainer: Last model at epoch 30 saved to /root/autodl-tmp/em_eqf/experiments/clf_pre_v1/clf_pre_SCEDC_v1/runs/tf_10_mf_4p0_seed_3/last_model_1.pth
2026-05-21 16:33:28,214 INFO src.train.trainer: Epoch 31
2026-05-21 16:33:31,892 INFO src.train.trainer: Last model at epoch 31 saved to /root/autodl-tmp/em_eqf/experiments/clf_pre_v1/clf_pre_SCEDC_v1/runs/tf_10_mf_4p0_seed_3/last_model_1.pth
2026-05-21 16:33:31,893 INFO src.train.trainer: Epoch 32
2026-05-21 16:33:35,510 INFO src.train.trainer: New best validation loss: 0.0493, saved to /root/autodl-tmp/em_eqf/experiments/clf_pre_v1/clf_pre_SCEDC_v1/runs/tf_10_mf_4p0_seed_3/best_model_1.pth
2026-05-21 16:33:35,518 INFO src.train.trainer: Last model at epoch 32 saved to /root/autodl-tmp/em_eqf/experiments/clf_pre_v1/clf_pre_SCEDC_v1/runs/tf_10_mf_4p0_seed_3/last_model_1.pth
2026-05-21 16:33:35,518 INFO src.train.trainer: Epoch 33
2026-05-21 16:33:39,008 INFO src.train.trainer: Last model at epoch 33 saved to /root/autodl-tmp/em_eqf/experiments/clf_pre_v1/clf_pre_SCEDC_v1/runs/tf_10_mf_4p0_seed_3/last_model_1.pth
2026-05-21 16:33:39,009 INFO src.train.trainer: Epoch 34
2026-05-21 16:33:42,024 INFO src.train.trainer: Last model at epoch 34 saved to /root/autodl-tmp/em_eqf/experiments/clf_pre_v1/clf_pre_SCEDC_v1/runs/tf_10_mf_4p0_seed_3/last_model_1.pth
2026-05-21 16:33:42,024 INFO src.train.trainer: Epoch 35
2026-05-21 16:33:45,465 INFO src.train.trainer: Last model at epoch 35 saved to /root/autodl-tmp/em_eqf/experiments/clf_pre_v1/clf_pre_SCEDC_v1/runs/tf_10_mf_4p0_seed_3/last_model_1.pth
2026-05-21 16:33:45,465 INFO src.train.trainer: Epoch 36
2026-05-21 16:33:48,611 INFO src.train.trainer: Last model at epoch 36 saved to /root/autodl-tmp/em_eqf/experiments/clf_pre_v1/clf_pre_SCEDC_v1/runs/tf_10_mf_4p0_seed_3/last_model_1.pth
2026-05-21 16:33:48,611 INFO src.train.trainer: Epoch 37
2026-05-21 16:33:51,619 INFO src.train.trainer: Last model at epoch 37 saved to /root/autodl-tmp/em_eqf/experiments/clf_pre_v1/clf_pre_SCEDC_v1/runs/tf_10_mf_4p0_seed_3/last_model_1.pth
2026-05-21 16:33:51,620 INFO src.train.trainer: Epoch 38
2026-05-21 16:33:54,735 INFO src.train.trainer: Last model at epoch 38 saved to /root/autodl-tmp/em_eqf/experiments/clf_pre_v1/clf_pre_SCEDC_v1/runs/tf_10_mf_4p0_seed_3/last_model_1.pth
2026-05-21 16:33:54,735 INFO src.train.trainer: Epoch 39
2026-05-21 16:33:57,878 INFO src.train.trainer: Last model at epoch 39 saved to /root/autodl-tmp/em_eqf/experiments/clf_pre_v1/clf_pre_SCEDC_v1/runs/tf_10_mf_4p0_seed_3/last_model_1.pth
2026-05-21 16:33:57,878 INFO src.train.trainer: Epoch 40
2026-05-21 16:34:00,680 INFO src.train.trainer: Last model at epoch 40 saved to /root/autodl-tmp/em_eqf/experiments/clf_pre_v1/clf_pre_SCEDC_v1/runs/tf_10_mf_4p0_seed_3/last_model_1.pth
2026-05-21 16:34:00,680 INFO src.train.trainer: Epoch 41
2026-05-21 16:34:03,090 INFO src.train.trainer: Last model at epoch 41 saved to /root/autodl-tmp/em_eqf/experiments/clf_pre_v1/clf_pre_SCEDC_v1/runs/tf_10_mf_4p0_seed_3/last_model_1.pth
2026-05-21 16:34:03,090 INFO src.train.trainer: Epoch 42
2026-05-21 16:34:05,544 INFO src.train.trainer: Last model at epoch 42 saved to /root/autodl-tmp/em_eqf/experiments/clf_pre_v1/clf_pre_SCEDC_v1/runs/tf_10_mf_4p0_seed_3/last_model_1.pth
2026-05-21 16:34:05,544 INFO src.train.trainer: Early stopping triggered at epoch 42 (best epoch: 32, best val loss: 0.049300)
2026-05-21 16:34:14,958 INFO src.data.preprocessing: CSV files found: ['chuandian_2021.csv']
2026-05-21 16:34:15,487 INFO src.utils.file_utils: Loading cached data from: data/ChuanDian/classifier/classifier_Mc_3_Mf_4.0_Tfore_10_Twindow_180_context_len_1_dt_10.pkl
2026-05-21 16:34:15,810 INFO src.data.preprocessing: Catalog statistics: {'tau_unfiltered': 0.15339908988298961, 'tau_q025': 0.08114294020924717, 'tau_q05': 0.5134664350189269, 'tau_mean': 1.3070542199341526, 'tau_max': 25.18216435192153, 'tau_min': 0.0, 'time_max': 18770.72654999979, 'time_mean': 10030.9430649837, 'mag_completeness': 3.0, 'mag_mean': 3.456916005014626, 'mag_max': 8.0, 'mag_min': 3.0, 'b_value': 0.856738547623331, 'b_std': 0.0071499224812533796, 'b_n': 14358}
2026-05-21 16:34:15,824 INFO src.data.event_loader: lengths of samples: min=32, max=981, avg=135.51
2026-05-21 16:34:15,825 INFO src.data.event_loader: Number of positive samples: 780
2026-05-21 16:34:15,825 INFO src.data.event_loader: Number of negative samples: 683
2026-05-21 16:34:15,826 INFO src.data.event_loader: Positive samples: 594, Negative samples: 576
2026-05-21 16:34:15,826 INFO src.data.event_loader: Total samples: 1170, Positive ratio: 0.51, Negative ratio: 0.49
2026-05-21 16:34:15,826 INFO src.data.event_loader: Positive samples: 107, Negative samples: 39
2026-05-21 16:34:15,826 INFO src.data.event_loader: Total samples: 146, Positive ratio: 0.73, Negative ratio: 0.27
2026-05-21 16:34:15,826 INFO src.data.event_loader: Positive samples: 79, Negative samples: 68
2026-05-21 16:34:15,826 INFO src.data.event_loader: Total samples: 147, Positive ratio: 0.54, Negative ratio: 0.46
2026-05-21 16:34:16,212 INFO src.models.adapters.mixer_task: using time scale base 1.3070542199341526 (key: tau_mean)
2026-05-21 16:34:16,213 INFO src.models.adapters.mixer_task: tau mean: tensor(1.3071)
2026-05-21 16:34:16,302 INFO src.train.config_setup: Restoring model from checkpoint.
2026-05-21 16:34:16,302 INFO src.train.config_setup: Loading model weights: load_specific_parts=None
2026-05-21 16:34:16,304 INFO src.train.config_setup: Checkpoint loaded: <All keys matched successfully>
2026-05-21 16:34:16,304 INFO src.train.config_setup: Full load summary: loaded=56, missing=0, unexpected=0
2026-05-21 16:34:16,305 INFO src.train.config_setup: Checkpoint hyperparameters loaded.
2026-05-21 16:34:16,305 INFO src.train.config_setup: Checkpoint train metrics available.
2026-05-21 16:34:16,305 INFO src.train.config_setup: Checkpoint val metrics available.
2026-05-21 16:34:16,305 INFO src.train.config_setup: Freeze skipped (checkpoint_restore): freeze_parts is empty.
2026-05-21 16:34:16,305 INFO src.train.config_setup: Using classification criterion: focal
2026-05-21 16:34:16,305 INFO src.train.config_setup: Criterion config: {'alpha': 0.5, 'gamma': 2.0}
2026-05-21 16:34:16,306 INFO src.train.config_setup: Not resuming optimizer/scheduler state; reset training state to start_epoch=0, best_val_loss=inf.
2026-05-21 16:34:16,306 INFO src.cli.common: Using threshold 0.41516807675361633 from checkpoint val_metrics for testing.
2026-05-21 16:34:21,435 INFO src.utils.metrics: ROC curve saved to /root/autodl-tmp/em_eqf/experiments/clf_pre_v1/clf_pre_SCEDC_v1/runs/tf_10_mf_4p0_seed_3/roc_curve.png
2026-05-21 16:34:21,546 INFO src.utils.metrics: PR curve saved to /root/autodl-tmp/em_eqf/experiments/clf_pre_v1/clf_pre_SCEDC_v1/runs/tf_10_mf_4p0_seed_3/pr_curve.png
2026-05-21 16:34:21,613 INFO src.utils.metrics: Confusion matrix saved to /root/autodl-tmp/em_eqf/experiments/clf_pre_v1/clf_pre_SCEDC_v1/runs/tf_10_mf_4p0_seed_3/confusion_matrix.png
2026-05-21 16:34:21,613 INFO src.cli.workflows: Test loss: 0.06156096483270327
2026-05-21 16:34:23,032 INFO src.train.classifier_train_step: Prediction distribution plot has been saved to: /root/autodl-tmp/em_eqf/experiments/clf_pre_v1/clf_pre_SCEDC_v1/runs/tf_10_mf_4p0_seed_3/train_pred_distribution.png
2026-05-21 16:34:23,453 INFO src.train.classifier_train_step: Prediction distribution plot has been saved to: /root/autodl-tmp/em_eqf/experiments/clf_pre_v1/clf_pre_SCEDC_v1/runs/tf_10_mf_4p0_seed_3/val_pred_distribution.png
2026-05-21 16:34:23,835 INFO src.train.classifier_train_step: Prediction distribution plot has been saved to: /root/autodl-tmp/em_eqf/experiments/clf_pre_v1/clf_pre_SCEDC_v1/runs/tf_10_mf_4p0_seed_3/test_pred_distribution.png
2026-05-21 16:34:23,835 INFO src.cli.common: Saved test metrics to /root/autodl-tmp/em_eqf/experiments/clf_pre_v1/clf_pre_SCEDC_v1/runs/tf_10_mf_4p0_seed_3/metrics_test_best_1.json
2026-05-21 16:34:23,835 INFO src.cli.common: Metrics: {'precision': 0.5416666666666666, 'recall': 0.9873417721518988, 'f1': 0.6995515695067265, 'auc': 0.8104988830975428, 'pr_auc': 0.8745759857419981, 'fpr': 0.9705882352941176, 'tpr': 0.9873417721518988, 'R': 0.016753536857781137, 'conf': 5.517970130121963e-63, 'threshold': 0.41516807675361633}
