2026-05-21 18:58:11,795 INFO src.data.preprocessing: CSV files found: ['chuandian_2021.csv']
2026-05-21 18:58:12,494 INFO src.utils.file_utils: Loading cached data from: data/ChuanDian/classifier/classifier_Mc_3_Mf_5.0_Tfore_60_Twindow_180_context_len_1_dt_10.pkl
2026-05-21 18:58:12,934 INFO src.data.preprocessing: Catalog statistics: {'tau_unfiltered': 0.15339908988298961, 'tau_q025': 0.08114294020924717, 'tau_q05': 0.5134664350189269, 'tau_mean': 1.3070542199341526, 'tau_max': 25.18216435192153, 'tau_min': 0.0, 'time_max': 18770.72654999979, 'time_mean': 10030.9430649837, 'mag_completeness': 3.0, 'mag_mean': 3.456916005014626, 'mag_max': 8.0, 'mag_min': 3.0, 'b_value': 0.856738547623331, 'b_std': 0.0071499224812533796, 'b_n': 14358}
2026-05-21 18:58:12,952 INFO src.data.event_loader: lengths of samples: min=32, max=981, avg=129.55
2026-05-21 18:58:13,001 INFO src.data.event_loader: Number of positive samples: 808
2026-05-21 18:58:13,001 INFO src.data.event_loader: Number of negative samples: 651
2026-05-21 18:58:13,002 INFO src.data.event_loader: Positive samples: 673, Negative samples: 494
2026-05-21 18:58:13,002 INFO src.data.event_loader: Total samples: 1167, Positive ratio: 0.58, Negative ratio: 0.42
2026-05-21 18:58:13,003 INFO src.data.event_loader: Positive samples: 87, Negative samples: 58
2026-05-21 18:58:13,003 INFO src.data.event_loader: Total samples: 145, Positive ratio: 0.60, Negative ratio: 0.40
2026-05-21 18:58:13,003 INFO src.data.event_loader: Positive samples: 48, Negative samples: 99
2026-05-21 18:58:13,003 INFO src.data.event_loader: Total samples: 147, Positive ratio: 0.33, Negative ratio: 0.67
2026-05-21 18:58:13,069 INFO src.cli.workflows: Loading checkpoint from: ./checkpoints/mixer_tpp_20260514-211318/last_model_1.pth
2026-05-21 18:58:13,860 INFO src.models.adapters.mixer_task: using time scale base 1.3070542199341526 (key: tau_mean)
2026-05-21 18:58:13,860 INFO src.models.adapters.mixer_task: tau mean: tensor(1.3071)
2026-05-21 18:58:13,867 INFO src.train.config_setup: Restoring model from checkpoint.
2026-05-21 18:58:13,868 INFO src.train.config_setup: Loading model weights: load_specific_parts=['encoder']
2026-05-21 18:58:13,869 INFO src.train.config_setup: Selective load summary: requested_parts=['encoder'], target_in_model=40, matched_in_checkpoint=30, loaded=30, missing_after_load=10, shape_mismatch=0, missing_in_model=0, out_of_scope_loaded=0
2026-05-21 18:58:13,869 INFO src.train.config_setup: Selective load coverage [encoder]: target=40, hit=30, missing=10, complete=False
2026-05-21 18:58:13,869 WARNING src.train.config_setup: Selective load coverage missing preview [encoder]: ['base_model.encoder.layers.2.mixer.in_proj.bias', 'base_model.encoder.layers.2.mixer.in_proj.weight', 'base_model.encoder.layers.2.mixer.out_proj.bias', 'base_model.encoder.layers.2.mixer.out_proj.weight', 'base_model.encoder.layers.2.mlp.fc1.weight', 'base_model.encoder.layers.2.mlp.fc2.weight', 'base_model.encoder.layers.2.norm.bias', 'base_model.encoder.layers.2.norm.weight'] ... (+2 more)
2026-05-21 18:58:13,869 WARNING src.train.config_setup: Checkpoint missing target parameter preview: ['base_model.encoder.layers.2.mixer.in_proj.bias', 'base_model.encoder.layers.2.mixer.in_proj.weight', 'base_model.encoder.layers.2.mixer.out_proj.bias', 'base_model.encoder.layers.2.mixer.out_proj.weight', 'base_model.encoder.layers.2.mlp.fc1.weight', 'base_model.encoder.layers.2.mlp.fc2.weight', 'base_model.encoder.layers.2.norm.bias', 'base_model.encoder.layers.2.norm.weight', 'base_model.encoder.layers.2.norm2.bias', 'base_model.encoder.layers.2.norm2.weight']
2026-05-21 18:58:13,869 WARNING src.train.config_setup: Target not-loaded parameter preview: ['base_model.encoder.layers.2.mixer.in_proj.bias', 'base_model.encoder.layers.2.mixer.in_proj.weight', 'base_model.encoder.layers.2.mixer.out_proj.bias', 'base_model.encoder.layers.2.mixer.out_proj.weight', 'base_model.encoder.layers.2.mlp.fc1.weight', 'base_model.encoder.layers.2.mlp.fc2.weight', 'base_model.encoder.layers.2.norm.bias', 'base_model.encoder.layers.2.norm.weight', 'base_model.encoder.layers.2.norm2.bias', 'base_model.encoder.layers.2.norm2.weight']
2026-05-21 18:58:13,869 INFO src.train.config_setup: Loaded parameter preview: ['base_model.encoder.layers.1.mixer.D', 'base_model.encoder.layers.0.norm2.weight', 'base_model.encoder.layers.0.mixer.D', 'base_model.encoder.layers.0.mixer.out_proj.weight', 'base_model.encoder.layers.1.mlp.fc2.weight', 'base_model.encoder.input_proj.3.weight', 'base_model.encoder.layers.0.norm2.bias', 'base_model.encoder.layers.1.norm.bias', 'base_model.encoder.layers.1.mixer.norm.weight', 'base_model.encoder.layers.1.mixer.out_proj.weight'] ... (+20 more)
2026-05-21 18:58:13,871 INFO src.train.config_setup: Checkpoint hyperparameters loaded.
2026-05-21 18:58:13,871 INFO src.train.config_setup: Checkpoint train metrics available.
2026-05-21 18:58:13,871 INFO src.train.config_setup: Checkpoint val metrics available.
2026-05-21 18:58:13,871 INFO src.train.config_setup: Freeze skipped (checkpoint_restore): freeze_parts is empty.
2026-05-21 18:58:13,871 INFO src.train.config_setup: Using classification criterion: focal
2026-05-21 18:58:13,871 INFO src.train.config_setup: Criterion config: {'alpha': 0.5, 'gamma': 2.0}
2026-05-21 18:58:13,872 INFO src.train.config_setup: Not resuming optimizer/scheduler state; reset training state to start_epoch=0, best_val_loss=inf.
2026-05-21 18:58:13,873 INFO src.train.trainer: Epoch 1
2026-05-21 18:58:29,327 INFO src.train.trainer: New best validation loss: 0.0866, saved to /root/autodl-tmp/em_eqf/experiments/clf_pre_v2/clf_pre_SCEDC_minus_b_v2/runs/tf_60_mf_5p0_seed_2/best_model_1.pth
2026-05-21 18:58:29,333 INFO src.train.trainer: Last model at epoch 1 saved to /root/autodl-tmp/em_eqf/experiments/clf_pre_v2/clf_pre_SCEDC_minus_b_v2/runs/tf_60_mf_5p0_seed_2/last_model_1.pth
2026-05-21 18:58:29,333 INFO src.train.trainer: Epoch 2
2026-05-21 18:58:33,188 INFO src.train.trainer: New best validation loss: 0.0828, saved to /root/autodl-tmp/em_eqf/experiments/clf_pre_v2/clf_pre_SCEDC_minus_b_v2/runs/tf_60_mf_5p0_seed_2/best_model_1.pth
2026-05-21 18:58:33,208 INFO src.train.trainer: Last model at epoch 2 saved to /root/autodl-tmp/em_eqf/experiments/clf_pre_v2/clf_pre_SCEDC_minus_b_v2/runs/tf_60_mf_5p0_seed_2/last_model_1.pth
2026-05-21 18:58:33,208 INFO src.train.trainer: Epoch 3
2026-05-21 18:58:36,988 INFO src.train.trainer: New best validation loss: 0.0778, saved to /root/autodl-tmp/em_eqf/experiments/clf_pre_v2/clf_pre_SCEDC_minus_b_v2/runs/tf_60_mf_5p0_seed_2/best_model_1.pth
2026-05-21 18:58:36,995 INFO src.train.trainer: Last model at epoch 3 saved to /root/autodl-tmp/em_eqf/experiments/clf_pre_v2/clf_pre_SCEDC_minus_b_v2/runs/tf_60_mf_5p0_seed_2/last_model_1.pth
2026-05-21 18:58:36,995 INFO src.train.trainer: Epoch 4
2026-05-21 18:58:40,289 INFO src.train.trainer: Last model at epoch 4 saved to /root/autodl-tmp/em_eqf/experiments/clf_pre_v2/clf_pre_SCEDC_minus_b_v2/runs/tf_60_mf_5p0_seed_2/last_model_1.pth
2026-05-21 18:58:40,290 INFO src.train.trainer: Epoch 5
2026-05-21 18:58:43,880 INFO src.train.trainer: Last model at epoch 5 saved to /root/autodl-tmp/em_eqf/experiments/clf_pre_v2/clf_pre_SCEDC_minus_b_v2/runs/tf_60_mf_5p0_seed_2/last_model_1.pth
2026-05-21 18:58:43,880 INFO src.train.trainer: Epoch 6
2026-05-21 18:58:47,408 INFO src.train.trainer: Last model at epoch 6 saved to /root/autodl-tmp/em_eqf/experiments/clf_pre_v2/clf_pre_SCEDC_minus_b_v2/runs/tf_60_mf_5p0_seed_2/last_model_1.pth
2026-05-21 18:58:47,408 INFO src.train.trainer: Epoch 7
2026-05-21 18:58:50,963 INFO src.train.trainer: Last model at epoch 7 saved to /root/autodl-tmp/em_eqf/experiments/clf_pre_v2/clf_pre_SCEDC_minus_b_v2/runs/tf_60_mf_5p0_seed_2/last_model_1.pth
2026-05-21 18:58:50,963 INFO src.train.trainer: Epoch 8
2026-05-21 18:58:54,543 INFO src.train.trainer: Last model at epoch 8 saved to /root/autodl-tmp/em_eqf/experiments/clf_pre_v2/clf_pre_SCEDC_minus_b_v2/runs/tf_60_mf_5p0_seed_2/last_model_1.pth
2026-05-21 18:58:54,543 INFO src.train.trainer: Epoch 9
2026-05-21 18:58:57,993 INFO src.train.trainer: New best validation loss: 0.0729, saved to /root/autodl-tmp/em_eqf/experiments/clf_pre_v2/clf_pre_SCEDC_minus_b_v2/runs/tf_60_mf_5p0_seed_2/best_model_1.pth
2026-05-21 18:58:57,999 INFO src.train.trainer: Last model at epoch 9 saved to /root/autodl-tmp/em_eqf/experiments/clf_pre_v2/clf_pre_SCEDC_minus_b_v2/runs/tf_60_mf_5p0_seed_2/last_model_1.pth
2026-05-21 18:58:57,999 INFO src.train.trainer: Epoch 10
2026-05-21 18:59:01,326 INFO src.train.trainer: New best validation loss: 0.0703, saved to /root/autodl-tmp/em_eqf/experiments/clf_pre_v2/clf_pre_SCEDC_minus_b_v2/runs/tf_60_mf_5p0_seed_2/best_model_1.pth
2026-05-21 18:59:01,332 INFO src.train.trainer: Last model at epoch 10 saved to /root/autodl-tmp/em_eqf/experiments/clf_pre_v2/clf_pre_SCEDC_minus_b_v2/runs/tf_60_mf_5p0_seed_2/last_model_1.pth
2026-05-21 18:59:01,332 INFO src.train.trainer: Epoch 11
2026-05-21 18:59:04,727 INFO src.train.trainer: Last model at epoch 11 saved to /root/autodl-tmp/em_eqf/experiments/clf_pre_v2/clf_pre_SCEDC_minus_b_v2/runs/tf_60_mf_5p0_seed_2/last_model_1.pth
2026-05-21 18:59:04,727 INFO src.train.trainer: Epoch 12
2026-05-21 18:59:08,004 INFO src.train.trainer: Last model at epoch 12 saved to /root/autodl-tmp/em_eqf/experiments/clf_pre_v2/clf_pre_SCEDC_minus_b_v2/runs/tf_60_mf_5p0_seed_2/last_model_1.pth
2026-05-21 18:59:08,004 INFO src.train.trainer: Epoch 13
2026-05-21 18:59:11,423 INFO src.train.trainer: Last model at epoch 13 saved to /root/autodl-tmp/em_eqf/experiments/clf_pre_v2/clf_pre_SCEDC_minus_b_v2/runs/tf_60_mf_5p0_seed_2/last_model_1.pth
2026-05-21 18:59:11,424 INFO src.train.trainer: Epoch 14
2026-05-21 18:59:14,896 INFO src.train.trainer: Last model at epoch 14 saved to /root/autodl-tmp/em_eqf/experiments/clf_pre_v2/clf_pre_SCEDC_minus_b_v2/runs/tf_60_mf_5p0_seed_2/last_model_1.pth
2026-05-21 18:59:14,896 INFO src.train.trainer: Epoch 15
2026-05-21 18:59:18,337 INFO src.train.trainer: Last model at epoch 15 saved to /root/autodl-tmp/em_eqf/experiments/clf_pre_v2/clf_pre_SCEDC_minus_b_v2/runs/tf_60_mf_5p0_seed_2/last_model_1.pth
2026-05-21 18:59:18,337 INFO src.train.trainer: Epoch 16
2026-05-21 18:59:21,684 INFO src.train.trainer: Last model at epoch 16 saved to /root/autodl-tmp/em_eqf/experiments/clf_pre_v2/clf_pre_SCEDC_minus_b_v2/runs/tf_60_mf_5p0_seed_2/last_model_1.pth
2026-05-21 18:59:21,684 INFO src.train.trainer: Epoch 17
2026-05-21 18:59:25,058 INFO src.train.trainer: New best validation loss: 0.0702, saved to /root/autodl-tmp/em_eqf/experiments/clf_pre_v2/clf_pre_SCEDC_minus_b_v2/runs/tf_60_mf_5p0_seed_2/best_model_1.pth
2026-05-21 18:59:25,064 INFO src.train.trainer: Last model at epoch 17 saved to /root/autodl-tmp/em_eqf/experiments/clf_pre_v2/clf_pre_SCEDC_minus_b_v2/runs/tf_60_mf_5p0_seed_2/last_model_1.pth
2026-05-21 18:59:25,065 INFO src.train.trainer: Epoch 18
2026-05-21 18:59:28,330 INFO src.train.trainer: Last model at epoch 18 saved to /root/autodl-tmp/em_eqf/experiments/clf_pre_v2/clf_pre_SCEDC_minus_b_v2/runs/tf_60_mf_5p0_seed_2/last_model_1.pth
2026-05-21 18:59:28,331 INFO src.train.trainer: Epoch 19
2026-05-21 18:59:31,523 INFO src.train.trainer: Last model at epoch 19 saved to /root/autodl-tmp/em_eqf/experiments/clf_pre_v2/clf_pre_SCEDC_minus_b_v2/runs/tf_60_mf_5p0_seed_2/last_model_1.pth
2026-05-21 18:59:31,523 INFO src.train.trainer: Epoch 20
2026-05-21 18:59:34,756 INFO src.train.trainer: Last model at epoch 20 saved to /root/autodl-tmp/em_eqf/experiments/clf_pre_v2/clf_pre_SCEDC_minus_b_v2/runs/tf_60_mf_5p0_seed_2/last_model_1.pth
2026-05-21 18:59:34,757 INFO src.train.trainer: Epoch 21
2026-05-21 18:59:38,146 INFO src.train.trainer: New best validation loss: 0.0690, saved to /root/autodl-tmp/em_eqf/experiments/clf_pre_v2/clf_pre_SCEDC_minus_b_v2/runs/tf_60_mf_5p0_seed_2/best_model_1.pth
2026-05-21 18:59:38,153 INFO src.train.trainer: Last model at epoch 21 saved to /root/autodl-tmp/em_eqf/experiments/clf_pre_v2/clf_pre_SCEDC_minus_b_v2/runs/tf_60_mf_5p0_seed_2/last_model_1.pth
2026-05-21 18:59:38,153 INFO src.train.trainer: Epoch 22
2026-05-21 18:59:41,911 INFO src.train.trainer: Last model at epoch 22 saved to /root/autodl-tmp/em_eqf/experiments/clf_pre_v2/clf_pre_SCEDC_minus_b_v2/runs/tf_60_mf_5p0_seed_2/last_model_1.pth
2026-05-21 18:59:41,912 INFO src.train.trainer: Epoch 23
2026-05-21 18:59:45,549 INFO src.train.trainer: Last model at epoch 23 saved to /root/autodl-tmp/em_eqf/experiments/clf_pre_v2/clf_pre_SCEDC_minus_b_v2/runs/tf_60_mf_5p0_seed_2/last_model_1.pth
2026-05-21 18:59:45,550 INFO src.train.trainer: Epoch 24
2026-05-21 18:59:48,863 INFO src.train.trainer: Last model at epoch 24 saved to /root/autodl-tmp/em_eqf/experiments/clf_pre_v2/clf_pre_SCEDC_minus_b_v2/runs/tf_60_mf_5p0_seed_2/last_model_1.pth
2026-05-21 18:59:48,863 INFO src.train.trainer: Epoch 25
2026-05-21 18:59:51,916 INFO src.train.trainer: Last model at epoch 25 saved to /root/autodl-tmp/em_eqf/experiments/clf_pre_v2/clf_pre_SCEDC_minus_b_v2/runs/tf_60_mf_5p0_seed_2/last_model_1.pth
2026-05-21 18:59:51,917 INFO src.train.trainer: Epoch 26
2026-05-21 18:59:55,209 INFO src.train.trainer: Last model at epoch 26 saved to /root/autodl-tmp/em_eqf/experiments/clf_pre_v2/clf_pre_SCEDC_minus_b_v2/runs/tf_60_mf_5p0_seed_2/last_model_1.pth
2026-05-21 18:59:55,209 INFO src.train.trainer: Epoch 27
2026-05-21 18:59:58,552 INFO src.train.trainer: Last model at epoch 27 saved to /root/autodl-tmp/em_eqf/experiments/clf_pre_v2/clf_pre_SCEDC_minus_b_v2/runs/tf_60_mf_5p0_seed_2/last_model_1.pth
2026-05-21 18:59:58,552 INFO src.train.trainer: Epoch 28
2026-05-21 19:00:02,486 INFO src.train.trainer: New best validation loss: 0.0682, saved to /root/autodl-tmp/em_eqf/experiments/clf_pre_v2/clf_pre_SCEDC_minus_b_v2/runs/tf_60_mf_5p0_seed_2/best_model_1.pth
2026-05-21 19:00:02,493 INFO src.train.trainer: Last model at epoch 28 saved to /root/autodl-tmp/em_eqf/experiments/clf_pre_v2/clf_pre_SCEDC_minus_b_v2/runs/tf_60_mf_5p0_seed_2/last_model_1.pth
2026-05-21 19:00:02,493 INFO src.train.trainer: Epoch 29
2026-05-21 19:00:05,679 INFO src.train.trainer: Last model at epoch 29 saved to /root/autodl-tmp/em_eqf/experiments/clf_pre_v2/clf_pre_SCEDC_minus_b_v2/runs/tf_60_mf_5p0_seed_2/last_model_1.pth
2026-05-21 19:00:05,679 INFO src.train.trainer: Epoch 30
2026-05-21 19:00:09,140 INFO src.train.trainer: New best validation loss: 0.0675, saved to /root/autodl-tmp/em_eqf/experiments/clf_pre_v2/clf_pre_SCEDC_minus_b_v2/runs/tf_60_mf_5p0_seed_2/best_model_1.pth
2026-05-21 19:00:09,147 INFO src.train.trainer: Last model at epoch 30 saved to /root/autodl-tmp/em_eqf/experiments/clf_pre_v2/clf_pre_SCEDC_minus_b_v2/runs/tf_60_mf_5p0_seed_2/last_model_1.pth
2026-05-21 19:00:09,147 INFO src.train.trainer: Epoch 31
2026-05-21 19:00:12,617 INFO src.train.trainer: Last model at epoch 31 saved to /root/autodl-tmp/em_eqf/experiments/clf_pre_v2/clf_pre_SCEDC_minus_b_v2/runs/tf_60_mf_5p0_seed_2/last_model_1.pth
2026-05-21 19:00:12,617 INFO src.train.trainer: Epoch 32
2026-05-21 19:00:15,611 INFO src.train.trainer: Last model at epoch 32 saved to /root/autodl-tmp/em_eqf/experiments/clf_pre_v2/clf_pre_SCEDC_minus_b_v2/runs/tf_60_mf_5p0_seed_2/last_model_1.pth
2026-05-21 19:00:15,611 INFO src.train.trainer: Epoch 33
2026-05-21 19:00:18,756 INFO src.train.trainer: New best validation loss: 0.0675, saved to /root/autodl-tmp/em_eqf/experiments/clf_pre_v2/clf_pre_SCEDC_minus_b_v2/runs/tf_60_mf_5p0_seed_2/best_model_1.pth
2026-05-21 19:00:18,762 INFO src.train.trainer: Last model at epoch 33 saved to /root/autodl-tmp/em_eqf/experiments/clf_pre_v2/clf_pre_SCEDC_minus_b_v2/runs/tf_60_mf_5p0_seed_2/last_model_1.pth
2026-05-21 19:00:18,762 INFO src.train.trainer: Epoch 34
2026-05-21 19:00:22,084 INFO src.train.trainer: Last model at epoch 34 saved to /root/autodl-tmp/em_eqf/experiments/clf_pre_v2/clf_pre_SCEDC_minus_b_v2/runs/tf_60_mf_5p0_seed_2/last_model_1.pth
2026-05-21 19:00:22,085 INFO src.train.trainer: Epoch 35
2026-05-21 19:00:26,156 INFO src.train.trainer: Last model at epoch 35 saved to /root/autodl-tmp/em_eqf/experiments/clf_pre_v2/clf_pre_SCEDC_minus_b_v2/runs/tf_60_mf_5p0_seed_2/last_model_1.pth
2026-05-21 19:00:26,156 INFO src.train.trainer: Epoch 36
2026-05-21 19:00:30,458 INFO src.train.trainer: Last model at epoch 36 saved to /root/autodl-tmp/em_eqf/experiments/clf_pre_v2/clf_pre_SCEDC_minus_b_v2/runs/tf_60_mf_5p0_seed_2/last_model_1.pth
2026-05-21 19:00:30,458 INFO src.train.trainer: Epoch 37
2026-05-21 19:00:34,662 INFO src.train.trainer: Last model at epoch 37 saved to /root/autodl-tmp/em_eqf/experiments/clf_pre_v2/clf_pre_SCEDC_minus_b_v2/runs/tf_60_mf_5p0_seed_2/last_model_1.pth
2026-05-21 19:00:34,662 INFO src.train.trainer: Epoch 38
2026-05-21 19:00:38,474 INFO src.train.trainer: Last model at epoch 38 saved to /root/autodl-tmp/em_eqf/experiments/clf_pre_v2/clf_pre_SCEDC_minus_b_v2/runs/tf_60_mf_5p0_seed_2/last_model_1.pth
2026-05-21 19:00:38,475 INFO src.train.trainer: Epoch 39
2026-05-21 19:00:41,909 INFO src.train.trainer: Last model at epoch 39 saved to /root/autodl-tmp/em_eqf/experiments/clf_pre_v2/clf_pre_SCEDC_minus_b_v2/runs/tf_60_mf_5p0_seed_2/last_model_1.pth
2026-05-21 19:00:41,909 INFO src.train.trainer: Epoch 40
2026-05-21 19:00:45,571 INFO src.train.trainer: Last model at epoch 40 saved to /root/autodl-tmp/em_eqf/experiments/clf_pre_v2/clf_pre_SCEDC_minus_b_v2/runs/tf_60_mf_5p0_seed_2/last_model_1.pth
2026-05-21 19:00:45,571 INFO src.train.trainer: Epoch 41
2026-05-21 19:00:49,445 INFO src.train.trainer: Last model at epoch 41 saved to /root/autodl-tmp/em_eqf/experiments/clf_pre_v2/clf_pre_SCEDC_minus_b_v2/runs/tf_60_mf_5p0_seed_2/last_model_1.pth
2026-05-21 19:00:49,445 INFO src.train.trainer: Epoch 42
2026-05-21 19:00:53,613 INFO src.train.trainer: Last model at epoch 42 saved to /root/autodl-tmp/em_eqf/experiments/clf_pre_v2/clf_pre_SCEDC_minus_b_v2/runs/tf_60_mf_5p0_seed_2/last_model_1.pth
2026-05-21 19:00:53,613 INFO src.train.trainer: Epoch 43
2026-05-21 19:00:57,030 INFO src.train.trainer: Last model at epoch 43 saved to /root/autodl-tmp/em_eqf/experiments/clf_pre_v2/clf_pre_SCEDC_minus_b_v2/runs/tf_60_mf_5p0_seed_2/last_model_1.pth
2026-05-21 19:00:57,030 INFO src.train.trainer: Early stopping triggered at epoch 43 (best epoch: 33, best val loss: 0.067490)
2026-05-21 19:01:06,602 INFO src.data.preprocessing: CSV files found: ['chuandian_2021.csv']
2026-05-21 19:01:07,138 INFO src.utils.file_utils: Loading cached data from: data/ChuanDian/classifier/classifier_Mc_3_Mf_5.0_Tfore_60_Twindow_180_context_len_1_dt_10.pkl
2026-05-21 19:01:07,458 INFO src.data.preprocessing: Catalog statistics: {'tau_unfiltered': 0.15339908988298961, 'tau_q025': 0.08114294020924717, 'tau_q05': 0.5134664350189269, 'tau_mean': 1.3070542199341526, 'tau_max': 25.18216435192153, 'tau_min': 0.0, 'time_max': 18770.72654999979, 'time_mean': 10030.9430649837, 'mag_completeness': 3.0, 'mag_mean': 3.456916005014626, 'mag_max': 8.0, 'mag_min': 3.0, 'b_value': 0.856738547623331, 'b_std': 0.0071499224812533796, 'b_n': 14358}
2026-05-21 19:01:07,478 INFO src.data.event_loader: lengths of samples: min=32, max=981, avg=129.55
2026-05-21 19:01:07,478 INFO src.data.event_loader: Number of positive samples: 808
2026-05-21 19:01:07,479 INFO src.data.event_loader: Number of negative samples: 651
2026-05-21 19:01:07,479 INFO src.data.event_loader: Positive samples: 673, Negative samples: 494
2026-05-21 19:01:07,480 INFO src.data.event_loader: Total samples: 1167, Positive ratio: 0.58, Negative ratio: 0.42
2026-05-21 19:01:07,480 INFO src.data.event_loader: Positive samples: 87, Negative samples: 58
2026-05-21 19:01:07,480 INFO src.data.event_loader: Total samples: 145, Positive ratio: 0.60, Negative ratio: 0.40
2026-05-21 19:01:07,480 INFO src.data.event_loader: Positive samples: 48, Negative samples: 99
2026-05-21 19:01:07,480 INFO src.data.event_loader: Total samples: 147, Positive ratio: 0.33, Negative ratio: 0.67
2026-05-21 19:01:07,872 INFO src.models.adapters.mixer_task: using time scale base 1.3070542199341526 (key: tau_mean)
2026-05-21 19:01:07,872 INFO src.models.adapters.mixer_task: tau mean: tensor(1.3071)
2026-05-21 19:01:07,946 INFO src.train.config_setup: Restoring model from checkpoint.
2026-05-21 19:01:07,947 INFO src.train.config_setup: Loading model weights: load_specific_parts=None
2026-05-21 19:01:07,948 INFO src.train.config_setup: Checkpoint loaded: <All keys matched successfully>
2026-05-21 19:01:07,948 INFO src.train.config_setup: Full load summary: loaded=56, missing=0, unexpected=0
2026-05-21 19:01:07,949 INFO src.train.config_setup: Checkpoint hyperparameters loaded.
2026-05-21 19:01:07,949 INFO src.train.config_setup: Checkpoint train metrics available.
2026-05-21 19:01:07,949 INFO src.train.config_setup: Checkpoint val metrics available.
2026-05-21 19:01:07,949 INFO src.train.config_setup: Freeze skipped (checkpoint_restore): freeze_parts is empty.
2026-05-21 19:01:07,949 INFO src.train.config_setup: Using classification criterion: focal
2026-05-21 19:01:07,949 INFO src.train.config_setup: Criterion config: {'alpha': 0.5, 'gamma': 2.0}
2026-05-21 19:01:07,950 INFO src.train.config_setup: Not resuming optimizer/scheduler state; reset training state to start_epoch=0, best_val_loss=inf.
2026-05-21 19:01:07,950 INFO src.cli.common: Using threshold 0.46704426407814026 from checkpoint val_metrics for testing.
2026-05-21 19:01:13,067 INFO src.utils.metrics: ROC curve saved to /root/autodl-tmp/em_eqf/experiments/clf_pre_v2/clf_pre_SCEDC_minus_b_v2/runs/tf_60_mf_5p0_seed_2/roc_curve.png
2026-05-21 19:01:13,208 INFO src.utils.metrics: PR curve saved to /root/autodl-tmp/em_eqf/experiments/clf_pre_v2/clf_pre_SCEDC_minus_b_v2/runs/tf_60_mf_5p0_seed_2/pr_curve.png
2026-05-21 19:01:13,269 INFO src.utils.metrics: Confusion matrix saved to /root/autodl-tmp/em_eqf/experiments/clf_pre_v2/clf_pre_SCEDC_minus_b_v2/runs/tf_60_mf_5p0_seed_2/confusion_matrix.png
2026-05-21 19:01:13,269 INFO src.cli.workflows: Test loss: 0.07290567308664322
2026-05-21 19:01:15,089 INFO src.train.classifier_train_step: Prediction distribution plot has been saved to: /root/autodl-tmp/em_eqf/experiments/clf_pre_v2/clf_pre_SCEDC_minus_b_v2/runs/tf_60_mf_5p0_seed_2/train_pred_distribution.png
2026-05-21 19:01:15,631 INFO src.train.classifier_train_step: Prediction distribution plot has been saved to: /root/autodl-tmp/em_eqf/experiments/clf_pre_v2/clf_pre_SCEDC_minus_b_v2/runs/tf_60_mf_5p0_seed_2/val_pred_distribution.png
2026-05-21 19:01:16,152 INFO src.train.classifier_train_step: Prediction distribution plot has been saved to: /root/autodl-tmp/em_eqf/experiments/clf_pre_v2/clf_pre_SCEDC_minus_b_v2/runs/tf_60_mf_5p0_seed_2/test_pred_distribution.png
2026-05-21 19:01:16,152 INFO src.cli.common: Saved test metrics to /root/autodl-tmp/em_eqf/experiments/clf_pre_v2/clf_pre_SCEDC_minus_b_v2/runs/tf_60_mf_5p0_seed_2/metrics_test_best_1.json
2026-05-21 19:01:16,152 INFO src.cli.common: Metrics: {'precision': 0.32608695652173914, 'recall': 0.9375, 'f1': 0.4838709677419355, 'auc': 0.7908249158249158, 'pr_auc': 0.7655424441431953, 'fpr': 0.9393939393939394, 'tpr': 0.9375, 'R': -0.0018939393939394478, 'conf': 2.1483399119453263e-80, 'threshold': 0.46704426407814026}
