2026-05-10 11:53:53,014 INFO src.data.preprocessing: CSV files found: ['chuandian_2021.csv']
2026-05-10 11:53:54,153 INFO src.utils.file_utils: Loading cached data from: data/ChuanDian/classifier/classifier_Mc_3_Mf_4.5_Tfore_30_Twindow_180_context_len_1_dt_10.pkl
2026-05-10 11:53:54,492 INFO src.data.preprocessing: Catalog statistics: {'tau_unfiltered': 0.15339908988298961, 'tau_q025': 0.08114294020924717, 'tau_q05': 0.5134664350189269, 'tau_mean': 1.3070542199341526, 'tau_max': 25.18216435192153, 'tau_min': 0.0, 'time_max': 18770.72654999979, 'time_mean': 10030.9430649837, 'mag_completeness': 3.0, 'mag_mean': 3.456916005014626, 'mag_max': 8.0, 'mag_min': 3.0, 'b_value': 0.856738547623331, 'b_std': 0.0071499224812533796, 'b_n': 14358}
2026-05-10 11:53:54,512 INFO src.data.event_loader: lengths of samples: min=32, max=981, avg=135.26
2026-05-10 11:53:54,512 INFO src.data.event_loader: Number of positive samples: 836
2026-05-10 11:53:54,512 INFO src.data.event_loader: Number of negative samples: 594
2026-05-10 11:53:54,537 INFO src.data.event_loader: Positive samples: 706, Negative samples: 438
2026-05-10 11:53:54,537 INFO src.data.event_loader: Total samples: 1144, Positive ratio: 0.62, Negative ratio: 0.38
2026-05-10 11:53:54,538 INFO src.data.event_loader: Positive samples: 83, Negative samples: 60
2026-05-10 11:53:54,538 INFO src.data.event_loader: Total samples: 143, Positive ratio: 0.58, Negative ratio: 0.42
2026-05-10 11:53:54,538 INFO src.data.event_loader: Positive samples: 47, Negative samples: 96
2026-05-10 11:53:54,538 INFO src.data.event_loader: Total samples: 143, Positive ratio: 0.33, Negative ratio: 0.67
2026-05-10 11:53:54,706 INFO src.cli.workflows: Loading checkpoint from: ./checkpoints/mixer_tpp_20260508-182744/last_model_1.pth
2026-05-10 11:53:55,204 INFO src.models.adapters.mixer_task: using time scale base 1.3070542199341526 (key: tau_mean)
2026-05-10 11:53:55,204 INFO src.models.adapters.mixer_task: tau mean: tensor(1.3071)
2026-05-10 11:53:55,210 INFO src.train.config_setup: Restoring model from checkpoint.
2026-05-10 11:53:55,210 INFO src.train.config_setup: Loading model weights: load_specific_parts=['encoder']
2026-05-10 11:53:55,211 INFO src.train.config_setup: Selective load summary: requested_parts=['encoder'], target_in_model=30, matched_in_checkpoint=30, loaded=30, missing_after_load=0, shape_mismatch=0, missing_in_model=0, out_of_scope_loaded=0
2026-05-10 11:53:55,211 INFO src.train.config_setup: Selective load coverage [encoder]: target=30, hit=30, missing=0, complete=True
2026-05-10 11:53:55,211 INFO src.train.config_setup: Loaded parameter preview: ['base_model.encoder.layers.0.mixer.norm.weight', 'base_model.encoder.layers.1.mixer.in_proj.weight', 'base_model.encoder.input_proj.0.weight', 'base_model.encoder.layers.1.mixer.dt_bias', 'base_model.encoder.layers.1.norm.weight', 'base_model.encoder.norm_f.bias', 'base_model.encoder.layers.0.mixer.D', 'base_model.encoder.layers.1.mlp.fc1.weight', 'base_model.encoder.layers.1.mixer.D', 'base_model.encoder.input_proj.3.bias'] ... (+20 more)
2026-05-10 11:53:55,212 INFO src.train.config_setup: Checkpoint hyperparameters loaded.
2026-05-10 11:53:55,212 INFO src.train.config_setup: Checkpoint train metrics available.
2026-05-10 11:53:55,212 INFO src.train.config_setup: Checkpoint val metrics available.
2026-05-10 11:53:55,212 INFO src.train.config_setup: Freeze skipped (checkpoint_restore): freeze_parts is empty.
2026-05-10 11:53:55,213 INFO src.train.config_setup: Using classification criterion: bce
2026-05-10 11:53:55,213 INFO src.train.config_setup: Criterion config: {}
2026-05-10 11:53:55,214 INFO src.train.config_setup: Not resuming optimizer/scheduler state; reset training state to start_epoch=0, best_val_loss=inf.
2026-05-10 11:53:55,214 INFO src.train.trainer: Epoch 1
2026-05-10 11:54:07,749 INFO src.train.trainer: New best validation loss: 0.6983, saved to /root/autodl-tmp/em_eqf/experiments/clf_grid_from_yaml_example/runs/tf_30_mf_4p5_seed_1/best_model_1.pth
2026-05-10 11:54:07,755 INFO src.train.trainer: Last model at epoch 1 saved to /root/autodl-tmp/em_eqf/experiments/clf_grid_from_yaml_example/runs/tf_30_mf_4p5_seed_1/last_model_1.pth
2026-05-10 11:54:07,755 INFO src.train.trainer: Epoch 2
2026-05-10 11:54:09,575 INFO src.train.trainer: New best validation loss: 0.6728, saved to /root/autodl-tmp/em_eqf/experiments/clf_grid_from_yaml_example/runs/tf_30_mf_4p5_seed_1/best_model_1.pth
2026-05-10 11:54:09,584 INFO src.train.trainer: Last model at epoch 2 saved to /root/autodl-tmp/em_eqf/experiments/clf_grid_from_yaml_example/runs/tf_30_mf_4p5_seed_1/last_model_1.pth
2026-05-10 11:54:09,585 INFO src.train.trainer: Epoch 3
2026-05-10 11:54:11,475 INFO src.train.trainer: New best validation loss: 0.6645, saved to /root/autodl-tmp/em_eqf/experiments/clf_grid_from_yaml_example/runs/tf_30_mf_4p5_seed_1/best_model_1.pth
2026-05-10 11:54:11,483 INFO src.train.trainer: Last model at epoch 3 saved to /root/autodl-tmp/em_eqf/experiments/clf_grid_from_yaml_example/runs/tf_30_mf_4p5_seed_1/last_model_1.pth
2026-05-10 11:54:11,483 INFO src.train.trainer: Epoch 4
2026-05-10 11:54:13,322 INFO src.train.trainer: Last model at epoch 4 saved to /root/autodl-tmp/em_eqf/experiments/clf_grid_from_yaml_example/runs/tf_30_mf_4p5_seed_1/last_model_1.pth
2026-05-10 11:54:13,323 INFO src.train.trainer: Epoch 5
2026-05-10 11:54:15,078 INFO src.train.trainer: New best validation loss: 0.6606, saved to /root/autodl-tmp/em_eqf/experiments/clf_grid_from_yaml_example/runs/tf_30_mf_4p5_seed_1/best_model_1.pth
2026-05-10 11:54:15,084 INFO src.train.trainer: Last model at epoch 5 saved to /root/autodl-tmp/em_eqf/experiments/clf_grid_from_yaml_example/runs/tf_30_mf_4p5_seed_1/last_model_1.pth
2026-05-10 11:54:15,085 INFO src.train.trainer: Epoch 6
2026-05-10 11:54:16,763 INFO src.train.trainer: Last model at epoch 6 saved to /root/autodl-tmp/em_eqf/experiments/clf_grid_from_yaml_example/runs/tf_30_mf_4p5_seed_1/last_model_1.pth
2026-05-10 11:54:16,763 INFO src.train.trainer: Epoch 7
2026-05-10 11:54:18,510 INFO src.train.trainer: Last model at epoch 7 saved to /root/autodl-tmp/em_eqf/experiments/clf_grid_from_yaml_example/runs/tf_30_mf_4p5_seed_1/last_model_1.pth
2026-05-10 11:54:18,510 INFO src.train.trainer: Epoch 8
2026-05-10 11:54:20,231 INFO src.train.trainer: Last model at epoch 8 saved to /root/autodl-tmp/em_eqf/experiments/clf_grid_from_yaml_example/runs/tf_30_mf_4p5_seed_1/last_model_1.pth
2026-05-10 11:54:20,231 INFO src.train.trainer: Epoch 9
2026-05-10 11:54:21,906 INFO src.train.trainer: Last model at epoch 9 saved to /root/autodl-tmp/em_eqf/experiments/clf_grid_from_yaml_example/runs/tf_30_mf_4p5_seed_1/last_model_1.pth
2026-05-10 11:54:21,907 INFO src.train.trainer: Epoch 10
2026-05-10 11:54:23,660 INFO src.train.trainer: Last model at epoch 10 saved to /root/autodl-tmp/em_eqf/experiments/clf_grid_from_yaml_example/runs/tf_30_mf_4p5_seed_1/last_model_1.pth
2026-05-10 11:54:23,660 INFO src.train.trainer: Epoch 11
2026-05-10 11:54:25,397 INFO src.train.trainer: Last model at epoch 11 saved to /root/autodl-tmp/em_eqf/experiments/clf_grid_from_yaml_example/runs/tf_30_mf_4p5_seed_1/last_model_1.pth
2026-05-10 11:54:25,397 INFO src.train.trainer: Epoch 12
2026-05-10 11:54:27,031 INFO src.train.trainer: Last model at epoch 12 saved to /root/autodl-tmp/em_eqf/experiments/clf_grid_from_yaml_example/runs/tf_30_mf_4p5_seed_1/last_model_1.pth
2026-05-10 11:54:27,031 INFO src.train.trainer: Epoch 13
2026-05-10 11:54:28,670 INFO src.train.trainer: Last model at epoch 13 saved to /root/autodl-tmp/em_eqf/experiments/clf_grid_from_yaml_example/runs/tf_30_mf_4p5_seed_1/last_model_1.pth
2026-05-10 11:54:28,670 INFO src.train.trainer: Epoch 14
2026-05-10 11:54:30,329 INFO src.train.trainer: Last model at epoch 14 saved to /root/autodl-tmp/em_eqf/experiments/clf_grid_from_yaml_example/runs/tf_30_mf_4p5_seed_1/last_model_1.pth
2026-05-10 11:54:30,329 INFO src.train.trainer: Epoch 15
2026-05-10 11:54:31,855 INFO src.train.trainer: New best validation loss: 0.6603, saved to /root/autodl-tmp/em_eqf/experiments/clf_grid_from_yaml_example/runs/tf_30_mf_4p5_seed_1/best_model_1.pth
2026-05-10 11:54:31,863 INFO src.train.trainer: Last model at epoch 15 saved to /root/autodl-tmp/em_eqf/experiments/clf_grid_from_yaml_example/runs/tf_30_mf_4p5_seed_1/last_model_1.pth
2026-05-10 11:54:31,863 INFO src.train.trainer: Epoch 16
2026-05-10 11:54:33,506 INFO src.train.trainer: New best validation loss: 0.6530, saved to /root/autodl-tmp/em_eqf/experiments/clf_grid_from_yaml_example/runs/tf_30_mf_4p5_seed_1/best_model_1.pth
2026-05-10 11:54:33,513 INFO src.train.trainer: Last model at epoch 16 saved to /root/autodl-tmp/em_eqf/experiments/clf_grid_from_yaml_example/runs/tf_30_mf_4p5_seed_1/last_model_1.pth
2026-05-10 11:54:33,513 INFO src.train.trainer: Epoch 17
2026-05-10 11:54:35,109 INFO src.train.trainer: Last model at epoch 17 saved to /root/autodl-tmp/em_eqf/experiments/clf_grid_from_yaml_example/runs/tf_30_mf_4p5_seed_1/last_model_1.pth
2026-05-10 11:54:35,109 INFO src.train.trainer: Epoch 18
2026-05-10 11:54:36,662 INFO src.train.trainer: Last model at epoch 18 saved to /root/autodl-tmp/em_eqf/experiments/clf_grid_from_yaml_example/runs/tf_30_mf_4p5_seed_1/last_model_1.pth
2026-05-10 11:54:36,663 INFO src.train.trainer: Epoch 19
2026-05-10 11:54:38,219 INFO src.train.trainer: Last model at epoch 19 saved to /root/autodl-tmp/em_eqf/experiments/clf_grid_from_yaml_example/runs/tf_30_mf_4p5_seed_1/last_model_1.pth
2026-05-10 11:54:38,219 INFO src.train.trainer: Epoch 20
2026-05-10 11:54:39,788 INFO src.train.trainer: Last model at epoch 20 saved to /root/autodl-tmp/em_eqf/experiments/clf_grid_from_yaml_example/runs/tf_30_mf_4p5_seed_1/last_model_1.pth
2026-05-10 11:54:39,788 INFO src.train.trainer: Epoch 21
2026-05-10 11:54:41,386 INFO src.train.trainer: Last model at epoch 21 saved to /root/autodl-tmp/em_eqf/experiments/clf_grid_from_yaml_example/runs/tf_30_mf_4p5_seed_1/last_model_1.pth
2026-05-10 11:54:41,386 INFO src.train.trainer: Epoch 22
2026-05-10 11:54:42,984 INFO src.train.trainer: Last model at epoch 22 saved to /root/autodl-tmp/em_eqf/experiments/clf_grid_from_yaml_example/runs/tf_30_mf_4p5_seed_1/last_model_1.pth
2026-05-10 11:54:42,984 INFO src.train.trainer: Epoch 23
2026-05-10 11:54:44,576 INFO src.train.trainer: Last model at epoch 23 saved to /root/autodl-tmp/em_eqf/experiments/clf_grid_from_yaml_example/runs/tf_30_mf_4p5_seed_1/last_model_1.pth
2026-05-10 11:54:44,576 INFO src.train.trainer: Epoch 24
2026-05-10 11:54:46,100 INFO src.train.trainer: Last model at epoch 24 saved to /root/autodl-tmp/em_eqf/experiments/clf_grid_from_yaml_example/runs/tf_30_mf_4p5_seed_1/last_model_1.pth
2026-05-10 11:54:46,100 INFO src.train.trainer: Epoch 25
2026-05-10 11:54:47,592 INFO src.train.trainer: Last model at epoch 25 saved to /root/autodl-tmp/em_eqf/experiments/clf_grid_from_yaml_example/runs/tf_30_mf_4p5_seed_1/last_model_1.pth
2026-05-10 11:54:47,592 INFO src.train.trainer: Epoch 26
2026-05-10 11:54:49,078 INFO src.train.trainer: Last model at epoch 26 saved to /root/autodl-tmp/em_eqf/experiments/clf_grid_from_yaml_example/runs/tf_30_mf_4p5_seed_1/last_model_1.pth
2026-05-10 11:54:49,079 INFO src.train.trainer: Early stopping triggered at epoch 26 (best epoch: 16, best val loss: 0.652979)
2026-05-10 11:54:58,362 INFO src.data.preprocessing: CSV files found: ['chuandian_2021.csv']
2026-05-10 11:54:59,058 INFO src.utils.file_utils: Loading cached data from: data/ChuanDian/classifier/classifier_Mc_3_Mf_4.5_Tfore_30_Twindow_180_context_len_1_dt_10.pkl
2026-05-10 11:54:59,375 INFO src.data.preprocessing: Catalog statistics: {'tau_unfiltered': 0.15339908988298961, 'tau_q025': 0.08114294020924717, 'tau_q05': 0.5134664350189269, 'tau_mean': 1.3070542199341526, 'tau_max': 25.18216435192153, 'tau_min': 0.0, 'time_max': 18770.72654999979, 'time_mean': 10030.9430649837, 'mag_completeness': 3.0, 'mag_mean': 3.456916005014626, 'mag_max': 8.0, 'mag_min': 3.0, 'b_value': 0.856738547623331, 'b_std': 0.0071499224812533796, 'b_n': 14358}
2026-05-10 11:54:59,399 INFO src.data.event_loader: lengths of samples: min=32, max=981, avg=135.26
2026-05-10 11:54:59,399 INFO src.data.event_loader: Number of positive samples: 836
2026-05-10 11:54:59,400 INFO src.data.event_loader: Number of negative samples: 594
2026-05-10 11:54:59,401 INFO src.data.event_loader: Positive samples: 706, Negative samples: 438
2026-05-10 11:54:59,401 INFO src.data.event_loader: Total samples: 1144, Positive ratio: 0.62, Negative ratio: 0.38
2026-05-10 11:54:59,401 INFO src.data.event_loader: Positive samples: 83, Negative samples: 60
2026-05-10 11:54:59,401 INFO src.data.event_loader: Total samples: 143, Positive ratio: 0.58, Negative ratio: 0.42
2026-05-10 11:54:59,401 INFO src.data.event_loader: Positive samples: 47, Negative samples: 96
2026-05-10 11:54:59,401 INFO src.data.event_loader: Total samples: 143, Positive ratio: 0.33, Negative ratio: 0.67
2026-05-10 11:54:59,812 INFO src.models.adapters.mixer_task: using time scale base 1.3070542199341526 (key: tau_mean)
2026-05-10 11:54:59,813 INFO src.models.adapters.mixer_task: tau mean: tensor(1.3071)
2026-05-10 11:54:59,817 INFO src.train.config_setup: Restoring model from checkpoint.
2026-05-10 11:54:59,818 INFO src.train.config_setup: Loading model weights: load_specific_parts=None
2026-05-10 11:54:59,819 INFO src.train.config_setup: Checkpoint loaded: <All keys matched successfully>
2026-05-10 11:54:59,819 INFO src.train.config_setup: Full load summary: loaded=46, missing=0, unexpected=0
2026-05-10 11:54:59,820 INFO src.train.config_setup: Checkpoint hyperparameters loaded.
2026-05-10 11:54:59,820 INFO src.train.config_setup: Checkpoint train metrics available.
2026-05-10 11:54:59,820 INFO src.train.config_setup: Checkpoint val metrics available.
2026-05-10 11:54:59,820 INFO src.train.config_setup: Freeze skipped (checkpoint_restore): freeze_parts is empty.
2026-05-10 11:54:59,820 INFO src.train.config_setup: Using classification criterion: bce
2026-05-10 11:54:59,820 INFO src.train.config_setup: Criterion config: {}
2026-05-10 11:54:59,821 INFO src.train.config_setup: Not resuming optimizer/scheduler state; reset training state to start_epoch=0, best_val_loss=inf.
2026-05-10 11:54:59,821 INFO src.cli.common: Using threshold 0.21269921958446503 from checkpoint val_metrics for testing.
2026-05-10 11:55:04,343 INFO src.utils.metrics: ROC curve saved to /root/autodl-tmp/em_eqf/experiments/clf_grid_from_yaml_example/runs/tf_30_mf_4p5_seed_1/roc_curve.png
2026-05-10 11:55:04,460 INFO src.utils.metrics: PR curve saved to /root/autodl-tmp/em_eqf/experiments/clf_grid_from_yaml_example/runs/tf_30_mf_4p5_seed_1/pr_curve.png
2026-05-10 11:55:04,522 INFO src.utils.metrics: Confusion matrix saved to /root/autodl-tmp/em_eqf/experiments/clf_grid_from_yaml_example/runs/tf_30_mf_4p5_seed_1/confusion_matrix.png
2026-05-10 11:55:04,522 INFO src.cli.workflows: Test loss: 0.7003695766131083
2026-05-10 11:55:04,985 INFO src.train.classifier_train_step: Prediction distribution plot has been saved to: /root/autodl-tmp/em_eqf/experiments/clf_grid_from_yaml_example/runs/tf_30_mf_4p5_seed_1/train_pred_distribution.png
2026-05-10 11:55:05,231 INFO src.train.classifier_train_step: Prediction distribution plot has been saved to: /root/autodl-tmp/em_eqf/experiments/clf_grid_from_yaml_example/runs/tf_30_mf_4p5_seed_1/val_pred_distribution.png
2026-05-10 11:55:05,473 INFO src.train.classifier_train_step: Prediction distribution plot has been saved to: /root/autodl-tmp/em_eqf/experiments/clf_grid_from_yaml_example/runs/tf_30_mf_4p5_seed_1/test_pred_distribution.png
2026-05-10 11:55:05,474 INFO src.cli.common: Saved test metrics to /root/autodl-tmp/em_eqf/experiments/clf_grid_from_yaml_example/runs/tf_30_mf_4p5_seed_1/metrics_test_best_1.json
2026-05-10 11:55:05,474 INFO src.cli.common: Metrics: {'precision': 0.34375, 'recall': 0.9361702127659575, 'f1': 0.5028571428571429, 'auc': 0.6276595744680851, 'pr_auc': 0.5518310379635158, 'fpr': 0.875, 'tpr': 0.9361702127659575, 'R': 0.061170212765957466, 'conf': 3.9130535278279065e-43, 'threshold': 0.21269921958446503}
