2026-05-18 17:22:36,664 INFO src.data.preprocessing: CSV files found: ['chuandian_2021.csv']
2026-05-18 17:22:37,503 INFO src.utils.file_utils: Loading cached data from: data/ChuanDian/regressor/regressor_Mc_3_Mf_3_Tfore_180_Twindow_360_context_len_1_dt_10.pkl
2026-05-18 17:22:39,872 INFO src.data.preprocessing: Catalog statistics: {'tau_unfiltered': 0.15339908988298961, 'tau_q025': 0.08114294020924717, 'tau_q05': 0.5134664350189269, 'tau_mean': 1.3070542199341526, 'tau_max': 25.18216435192153, 'tau_min': 0.0, 'time_max': 18770.72654999979, 'time_mean': 10030.9430649837, 'mag_completeness': 3.0, 'mag_mean': 3.456916005014626, 'mag_max': 8.0, 'mag_min': 3.0, 'b_value': 0.856738547623331, 'b_std': 0.0071499224812533796, 'b_n': 14358}
2026-05-18 17:22:39,914 INFO src.data.event_loader: lengths of samples: min=96, max=1340, avg=265.71
2026-05-18 17:22:39,915 INFO src.cli.workflows: Loading checkpoint from: ./checkpoints/mixer_tpp_20260508-182744/last_model_1.pth
2026-05-18 17:22:40,989 INFO src.models.adapters.mixer_task: using time scale base 1.3070542199341526 (key: tau_mean)
2026-05-18 17:22:40,989 INFO src.models.adapters.mixer_task: tau mean: tensor(1.3071)
2026-05-18 17:22:40,996 INFO src.train.config_setup: Restoring model from checkpoint.
2026-05-18 17:22:40,996 INFO src.train.config_setup: Loading model weights: load_specific_parts=['base_model.encoder.input_proj', 'base_model.encoder.layers.0']
2026-05-18 17:22:40,997 INFO src.train.config_setup: Selective load summary: requested_parts=['base_model.encoder.input_proj', 'base_model.encoder.layers.0'], target_in_model=18, matched_in_checkpoint=16, loaded=16, missing_after_load=2, shape_mismatch=0, missing_in_model=0, out_of_scope_loaded=0
2026-05-18 17:22:40,997 INFO src.train.config_setup: Selective load coverage [base_model.encoder.input_proj]: target=4, hit=4, missing=0, complete=True
2026-05-18 17:22:40,997 INFO src.train.config_setup: Selective load coverage [base_model.encoder.layers.0]: target=14, hit=12, missing=2, complete=False
2026-05-18 17:22:40,997 WARNING src.train.config_setup: Selective load coverage missing preview [base_model.encoder.layers.0]: ['base_model.encoder.layers.0.mixer.conv1d.bias', 'base_model.encoder.layers.0.mixer.conv1d.weight']
2026-05-18 17:22:40,997 WARNING src.train.config_setup: Checkpoint missing target parameter preview: ['base_model.encoder.layers.0.mixer.conv1d.bias', 'base_model.encoder.layers.0.mixer.conv1d.weight']
2026-05-18 17:22:40,998 WARNING src.train.config_setup: Target not-loaded parameter preview: ['base_model.encoder.layers.0.mixer.conv1d.bias', 'base_model.encoder.layers.0.mixer.conv1d.weight']
2026-05-18 17:22:40,998 INFO src.train.config_setup: Loaded parameter preview: ['base_model.encoder.layers.0.mixer.in_proj.weight', 'base_model.encoder.layers.0.mixer.dt_bias', 'base_model.encoder.layers.0.norm2.bias', 'base_model.encoder.input_proj.0.weight', 'base_model.encoder.layers.0.mlp.fc1.weight', 'base_model.encoder.layers.0.norm2.weight', 'base_model.encoder.layers.0.mixer.norm.weight', 'base_model.encoder.layers.0.norm.weight', 'base_model.encoder.layers.0.mixer.D', 'base_model.encoder.layers.0.mixer.out_proj.weight'] ... (+6 more)
2026-05-18 17:22:40,998 INFO src.train.config_setup: Checkpoint hyperparameters loaded.
2026-05-18 17:22:40,998 INFO src.train.config_setup: Checkpoint train metrics available.
2026-05-18 17:22:40,998 INFO src.train.config_setup: Checkpoint val metrics available.
2026-05-18 17:22:40,998 INFO src.train.config_setup: Freeze skipped (checkpoint_restore): freeze_parts is empty.
2026-05-18 17:22:40,999 INFO src.train.config_setup: Using regression criterion: smooth_l1
2026-05-18 17:22:40,999 INFO src.train.config_setup: Criterion config: {'beta': 0.3}
2026-05-18 17:22:40,999 INFO src.train.config_setup: encoder_param_keywords: ['base_model.encoder.input_proj', 'base_model.encoder.layers.0']
2026-05-18 17:22:40,999 INFO src.train.config_setup: encoder_lr grouping summary: lr=0.00024, matched=18
2026-05-18 17:22:40,999 INFO src.train.config_setup: Encoder LR coverage [base_model.encoder.input_proj]: target=4, hit=4, missing=0, complete=True
2026-05-18 17:22:40,999 INFO src.train.config_setup: Encoder LR coverage [base_model.encoder.layers.0]: target=14, hit=14, missing=0, complete=True
2026-05-18 17:22:40,999 INFO src.train.config_setup: encoder_lr matched preview: ['base_model.encoder.input_proj.0.weight', 'base_model.encoder.input_proj.0.bias', 'base_model.encoder.input_proj.3.weight', 'base_model.encoder.input_proj.3.bias', 'base_model.encoder.layers.0.norm.weight', 'base_model.encoder.layers.0.norm.bias', 'base_model.encoder.layers.0.mixer.dt_bias', 'base_model.encoder.layers.0.mixer.A_log', 'base_model.encoder.layers.0.mixer.D', 'base_model.encoder.layers.0.mixer.in_proj.weight'] ... (+8 more)
2026-05-18 17:22:41,000 INFO src.train.config_setup: Not resuming optimizer/scheduler state; reset training state to start_epoch=0, best_val_loss=inf.
2026-05-18 17:22:41,005 INFO src.train.trainer: Using EMA with decay 0.95
2026-05-18 17:22:41,005 INFO src.train.trainer: Epoch 1
2026-05-18 17:22:55,716 INFO src.train.trainer: New best validation loss: 0.0889, saved to /root/autodl-tmp/em_eqf/experiments/reg_mixer_layer_1_grid_bs_128/runs/regmx_ema_seed_4/best_model_1.pth
2026-05-18 17:22:55,722 INFO src.train.trainer: Last model at epoch 1 saved to /root/autodl-tmp/em_eqf/experiments/reg_mixer_layer_1_grid_bs_128/runs/regmx_ema_seed_4/last_model_1.pth
2026-05-18 17:22:55,722 INFO src.train.trainer: Epoch 2
2026-05-18 17:22:57,838 INFO src.train.trainer: New best validation loss: 0.0422, saved to /root/autodl-tmp/em_eqf/experiments/reg_mixer_layer_1_grid_bs_128/runs/regmx_ema_seed_4/best_model_1.pth
2026-05-18 17:22:57,848 INFO src.train.trainer: Last model at epoch 2 saved to /root/autodl-tmp/em_eqf/experiments/reg_mixer_layer_1_grid_bs_128/runs/regmx_ema_seed_4/last_model_1.pth
2026-05-18 17:22:57,848 INFO src.train.trainer: Epoch 3
2026-05-18 17:22:59,898 INFO src.train.trainer: New best validation loss: 0.0307, saved to /root/autodl-tmp/em_eqf/experiments/reg_mixer_layer_1_grid_bs_128/runs/regmx_ema_seed_4/best_model_1.pth
2026-05-18 17:22:59,905 INFO src.train.trainer: Last model at epoch 3 saved to /root/autodl-tmp/em_eqf/experiments/reg_mixer_layer_1_grid_bs_128/runs/regmx_ema_seed_4/last_model_1.pth
2026-05-18 17:22:59,905 INFO src.train.trainer: Epoch 4
2026-05-18 17:23:02,049 INFO src.train.trainer: New best validation loss: 0.0283, saved to /root/autodl-tmp/em_eqf/experiments/reg_mixer_layer_1_grid_bs_128/runs/regmx_ema_seed_4/best_model_1.pth
2026-05-18 17:23:02,059 INFO src.train.trainer: Last model at epoch 4 saved to /root/autodl-tmp/em_eqf/experiments/reg_mixer_layer_1_grid_bs_128/runs/regmx_ema_seed_4/last_model_1.pth
2026-05-18 17:23:02,059 INFO src.train.trainer: Epoch 5
2026-05-18 17:23:04,049 INFO src.train.trainer: New best validation loss: 0.0278, saved to /root/autodl-tmp/em_eqf/experiments/reg_mixer_layer_1_grid_bs_128/runs/regmx_ema_seed_4/best_model_1.pth
2026-05-18 17:23:04,056 INFO src.train.trainer: Last model at epoch 5 saved to /root/autodl-tmp/em_eqf/experiments/reg_mixer_layer_1_grid_bs_128/runs/regmx_ema_seed_4/last_model_1.pth
2026-05-18 17:23:04,056 INFO src.train.trainer: Epoch 6
2026-05-18 17:23:06,266 INFO src.train.trainer: New best validation loss: 0.0278, saved to /root/autodl-tmp/em_eqf/experiments/reg_mixer_layer_1_grid_bs_128/runs/regmx_ema_seed_4/best_model_1.pth
2026-05-18 17:23:06,273 INFO src.train.trainer: Last model at epoch 6 saved to /root/autodl-tmp/em_eqf/experiments/reg_mixer_layer_1_grid_bs_128/runs/regmx_ema_seed_4/last_model_1.pth
2026-05-18 17:23:06,273 INFO src.train.trainer: Epoch 7
2026-05-18 17:23:08,441 INFO src.train.trainer: Last model at epoch 7 saved to /root/autodl-tmp/em_eqf/experiments/reg_mixer_layer_1_grid_bs_128/runs/regmx_ema_seed_4/last_model_1.pth
2026-05-18 17:23:08,441 INFO src.train.trainer: Epoch 8
2026-05-18 17:23:10,746 INFO src.train.trainer: Last model at epoch 8 saved to /root/autodl-tmp/em_eqf/experiments/reg_mixer_layer_1_grid_bs_128/runs/regmx_ema_seed_4/last_model_1.pth
2026-05-18 17:23:10,746 INFO src.train.trainer: Epoch 9
2026-05-18 17:23:12,955 INFO src.train.trainer: Last model at epoch 9 saved to /root/autodl-tmp/em_eqf/experiments/reg_mixer_layer_1_grid_bs_128/runs/regmx_ema_seed_4/last_model_1.pth
2026-05-18 17:23:12,955 INFO src.train.trainer: Epoch 10
2026-05-18 17:23:15,431 INFO src.train.trainer: Last model at epoch 10 saved to /root/autodl-tmp/em_eqf/experiments/reg_mixer_layer_1_grid_bs_128/runs/regmx_ema_seed_4/last_model_1.pth
2026-05-18 17:23:15,431 INFO src.train.trainer: Epoch 11
2026-05-18 17:23:18,075 INFO src.train.trainer: Last model at epoch 11 saved to /root/autodl-tmp/em_eqf/experiments/reg_mixer_layer_1_grid_bs_128/runs/regmx_ema_seed_4/last_model_1.pth
2026-05-18 17:23:18,075 INFO src.train.trainer: Epoch 12
2026-05-18 17:23:20,595 INFO src.train.trainer: Last model at epoch 12 saved to /root/autodl-tmp/em_eqf/experiments/reg_mixer_layer_1_grid_bs_128/runs/regmx_ema_seed_4/last_model_1.pth
2026-05-18 17:23:20,595 INFO src.train.trainer: Epoch 13
2026-05-18 17:23:22,937 INFO src.train.trainer: Last model at epoch 13 saved to /root/autodl-tmp/em_eqf/experiments/reg_mixer_layer_1_grid_bs_128/runs/regmx_ema_seed_4/last_model_1.pth
2026-05-18 17:23:22,937 INFO src.train.trainer: Epoch 14
2026-05-18 17:23:24,949 INFO src.train.trainer: Last model at epoch 14 saved to /root/autodl-tmp/em_eqf/experiments/reg_mixer_layer_1_grid_bs_128/runs/regmx_ema_seed_4/last_model_1.pth
2026-05-18 17:23:24,949 INFO src.train.trainer: Epoch 15
2026-05-18 17:23:26,788 INFO src.train.trainer: Last model at epoch 15 saved to /root/autodl-tmp/em_eqf/experiments/reg_mixer_layer_1_grid_bs_128/runs/regmx_ema_seed_4/last_model_1.pth
2026-05-18 17:23:26,789 INFO src.train.trainer: Epoch 16
2026-05-18 17:23:28,904 INFO src.train.trainer: Last model at epoch 16 saved to /root/autodl-tmp/em_eqf/experiments/reg_mixer_layer_1_grid_bs_128/runs/regmx_ema_seed_4/last_model_1.pth
2026-05-18 17:23:28,904 INFO src.train.trainer: Epoch 17
2026-05-18 17:23:31,066 INFO src.train.trainer: Last model at epoch 17 saved to /root/autodl-tmp/em_eqf/experiments/reg_mixer_layer_1_grid_bs_128/runs/regmx_ema_seed_4/last_model_1.pth
2026-05-18 17:23:31,067 INFO src.train.trainer: Epoch 18
2026-05-18 17:23:33,031 INFO src.train.trainer: Last model at epoch 18 saved to /root/autodl-tmp/em_eqf/experiments/reg_mixer_layer_1_grid_bs_128/runs/regmx_ema_seed_4/last_model_1.pth
2026-05-18 17:23:33,031 INFO src.train.trainer: Epoch 19
2026-05-18 17:23:35,168 INFO src.train.trainer: Last model at epoch 19 saved to /root/autodl-tmp/em_eqf/experiments/reg_mixer_layer_1_grid_bs_128/runs/regmx_ema_seed_4/last_model_1.pth
2026-05-18 17:23:35,168 INFO src.train.trainer: Epoch 20
2026-05-18 17:23:37,433 INFO src.train.trainer: Last model at epoch 20 saved to /root/autodl-tmp/em_eqf/experiments/reg_mixer_layer_1_grid_bs_128/runs/regmx_ema_seed_4/last_model_1.pth
2026-05-18 17:23:37,433 INFO src.train.trainer: Epoch 21
2026-05-18 17:23:39,474 INFO src.train.trainer: Last model at epoch 21 saved to /root/autodl-tmp/em_eqf/experiments/reg_mixer_layer_1_grid_bs_128/runs/regmx_ema_seed_4/last_model_1.pth
2026-05-18 17:23:39,474 INFO src.train.trainer: Epoch 22
2026-05-18 17:23:41,500 INFO src.train.trainer: Last model at epoch 22 saved to /root/autodl-tmp/em_eqf/experiments/reg_mixer_layer_1_grid_bs_128/runs/regmx_ema_seed_4/last_model_1.pth
2026-05-18 17:23:41,501 INFO src.train.trainer: Epoch 23
2026-05-18 17:23:43,455 INFO src.train.trainer: Last model at epoch 23 saved to /root/autodl-tmp/em_eqf/experiments/reg_mixer_layer_1_grid_bs_128/runs/regmx_ema_seed_4/last_model_1.pth
2026-05-18 17:23:43,455 INFO src.train.trainer: Epoch 24
2026-05-18 17:23:45,853 INFO src.train.trainer: Last model at epoch 24 saved to /root/autodl-tmp/em_eqf/experiments/reg_mixer_layer_1_grid_bs_128/runs/regmx_ema_seed_4/last_model_1.pth
2026-05-18 17:23:45,854 INFO src.train.trainer: Epoch 25
2026-05-18 17:23:47,977 INFO src.train.trainer: Last model at epoch 25 saved to /root/autodl-tmp/em_eqf/experiments/reg_mixer_layer_1_grid_bs_128/runs/regmx_ema_seed_4/last_model_1.pth
2026-05-18 17:23:47,977 INFO src.train.trainer: Epoch 26
2026-05-18 17:23:50,175 INFO src.train.trainer: New best validation loss: 0.0277, saved to /root/autodl-tmp/em_eqf/experiments/reg_mixer_layer_1_grid_bs_128/runs/regmx_ema_seed_4/best_model_1.pth
2026-05-18 17:23:50,184 INFO src.train.trainer: Last model at epoch 26 saved to /root/autodl-tmp/em_eqf/experiments/reg_mixer_layer_1_grid_bs_128/runs/regmx_ema_seed_4/last_model_1.pth
2026-05-18 17:23:50,184 INFO src.train.trainer: Epoch 27
2026-05-18 17:23:52,218 INFO src.train.trainer: New best validation loss: 0.0273, saved to /root/autodl-tmp/em_eqf/experiments/reg_mixer_layer_1_grid_bs_128/runs/regmx_ema_seed_4/best_model_1.pth
2026-05-18 17:23:52,230 INFO src.train.trainer: Last model at epoch 27 saved to /root/autodl-tmp/em_eqf/experiments/reg_mixer_layer_1_grid_bs_128/runs/regmx_ema_seed_4/last_model_1.pth
2026-05-18 17:23:52,230 INFO src.train.trainer: Epoch 28
2026-05-18 17:23:54,415 INFO src.train.trainer: New best validation loss: 0.0271, saved to /root/autodl-tmp/em_eqf/experiments/reg_mixer_layer_1_grid_bs_128/runs/regmx_ema_seed_4/best_model_1.pth
2026-05-18 17:23:54,428 INFO src.train.trainer: Last model at epoch 28 saved to /root/autodl-tmp/em_eqf/experiments/reg_mixer_layer_1_grid_bs_128/runs/regmx_ema_seed_4/last_model_1.pth
2026-05-18 17:23:54,428 INFO src.train.trainer: Epoch 29
2026-05-18 17:23:56,562 INFO src.train.trainer: New best validation loss: 0.0266, saved to /root/autodl-tmp/em_eqf/experiments/reg_mixer_layer_1_grid_bs_128/runs/regmx_ema_seed_4/best_model_1.pth
2026-05-18 17:23:56,573 INFO src.train.trainer: Last model at epoch 29 saved to /root/autodl-tmp/em_eqf/experiments/reg_mixer_layer_1_grid_bs_128/runs/regmx_ema_seed_4/last_model_1.pth
2026-05-18 17:23:56,573 INFO src.train.trainer: Epoch 30
2026-05-18 17:23:58,847 INFO src.train.trainer: New best validation loss: 0.0260, saved to /root/autodl-tmp/em_eqf/experiments/reg_mixer_layer_1_grid_bs_128/runs/regmx_ema_seed_4/best_model_1.pth
2026-05-18 17:23:58,855 INFO src.train.trainer: Last model at epoch 30 saved to /root/autodl-tmp/em_eqf/experiments/reg_mixer_layer_1_grid_bs_128/runs/regmx_ema_seed_4/last_model_1.pth
2026-05-18 17:23:58,855 INFO src.train.trainer: Epoch 31
2026-05-18 17:24:01,434 INFO src.train.trainer: New best validation loss: 0.0257, saved to /root/autodl-tmp/em_eqf/experiments/reg_mixer_layer_1_grid_bs_128/runs/regmx_ema_seed_4/best_model_1.pth
2026-05-18 17:24:01,453 INFO src.train.trainer: Last model at epoch 31 saved to /root/autodl-tmp/em_eqf/experiments/reg_mixer_layer_1_grid_bs_128/runs/regmx_ema_seed_4/last_model_1.pth
2026-05-18 17:24:01,453 INFO src.train.trainer: Epoch 32
2026-05-18 17:24:04,297 INFO src.train.trainer: New best validation loss: 0.0254, saved to /root/autodl-tmp/em_eqf/experiments/reg_mixer_layer_1_grid_bs_128/runs/regmx_ema_seed_4/best_model_1.pth
2026-05-18 17:24:04,305 INFO src.train.trainer: Last model at epoch 32 saved to /root/autodl-tmp/em_eqf/experiments/reg_mixer_layer_1_grid_bs_128/runs/regmx_ema_seed_4/last_model_1.pth
2026-05-18 17:24:04,305 INFO src.train.trainer: Epoch 33
2026-05-18 17:24:06,565 INFO src.train.trainer: Last model at epoch 33 saved to /root/autodl-tmp/em_eqf/experiments/reg_mixer_layer_1_grid_bs_128/runs/regmx_ema_seed_4/last_model_1.pth
2026-05-18 17:24:06,566 INFO src.train.trainer: Epoch 34
2026-05-18 17:24:08,821 INFO src.train.trainer: Last model at epoch 34 saved to /root/autodl-tmp/em_eqf/experiments/reg_mixer_layer_1_grid_bs_128/runs/regmx_ema_seed_4/last_model_1.pth
2026-05-18 17:24:08,822 INFO src.train.trainer: Epoch 35
2026-05-18 17:24:11,077 INFO src.train.trainer: Last model at epoch 35 saved to /root/autodl-tmp/em_eqf/experiments/reg_mixer_layer_1_grid_bs_128/runs/regmx_ema_seed_4/last_model_1.pth
2026-05-18 17:24:11,077 INFO src.train.trainer: Epoch 36
2026-05-18 17:24:13,217 INFO src.train.trainer: Last model at epoch 36 saved to /root/autodl-tmp/em_eqf/experiments/reg_mixer_layer_1_grid_bs_128/runs/regmx_ema_seed_4/last_model_1.pth
2026-05-18 17:24:13,218 INFO src.train.trainer: Epoch 37
2026-05-18 17:24:15,369 INFO src.train.trainer: Last model at epoch 37 saved to /root/autodl-tmp/em_eqf/experiments/reg_mixer_layer_1_grid_bs_128/runs/regmx_ema_seed_4/last_model_1.pth
2026-05-18 17:24:15,369 INFO src.train.trainer: Epoch 38
2026-05-18 17:24:17,803 INFO src.train.trainer: Last model at epoch 38 saved to /root/autodl-tmp/em_eqf/experiments/reg_mixer_layer_1_grid_bs_128/runs/regmx_ema_seed_4/last_model_1.pth
2026-05-18 17:24:17,804 INFO src.train.trainer: Epoch 39
2026-05-18 17:24:19,992 INFO src.train.trainer: Last model at epoch 39 saved to /root/autodl-tmp/em_eqf/experiments/reg_mixer_layer_1_grid_bs_128/runs/regmx_ema_seed_4/last_model_1.pth
2026-05-18 17:24:19,992 INFO src.train.trainer: Epoch 40
2026-05-18 17:24:22,204 INFO src.train.trainer: Last model at epoch 40 saved to /root/autodl-tmp/em_eqf/experiments/reg_mixer_layer_1_grid_bs_128/runs/regmx_ema_seed_4/last_model_1.pth
2026-05-18 17:24:22,204 INFO src.train.trainer: Epoch 41
2026-05-18 17:24:24,631 INFO src.train.trainer: Last model at epoch 41 saved to /root/autodl-tmp/em_eqf/experiments/reg_mixer_layer_1_grid_bs_128/runs/regmx_ema_seed_4/last_model_1.pth
2026-05-18 17:24:24,631 INFO src.train.trainer: Epoch 42
2026-05-18 17:24:26,889 INFO src.train.trainer: Last model at epoch 42 saved to /root/autodl-tmp/em_eqf/experiments/reg_mixer_layer_1_grid_bs_128/runs/regmx_ema_seed_4/last_model_1.pth
2026-05-18 17:24:26,889 INFO src.train.trainer: Epoch 43
2026-05-18 17:24:28,990 INFO src.train.trainer: Last model at epoch 43 saved to /root/autodl-tmp/em_eqf/experiments/reg_mixer_layer_1_grid_bs_128/runs/regmx_ema_seed_4/last_model_1.pth
2026-05-18 17:24:28,990 INFO src.train.trainer: Epoch 44
2026-05-18 17:24:31,247 INFO src.train.trainer: Last model at epoch 44 saved to /root/autodl-tmp/em_eqf/experiments/reg_mixer_layer_1_grid_bs_128/runs/regmx_ema_seed_4/last_model_1.pth
2026-05-18 17:24:31,247 INFO src.train.trainer: Epoch 45
2026-05-18 17:24:33,549 INFO src.train.trainer: Last model at epoch 45 saved to /root/autodl-tmp/em_eqf/experiments/reg_mixer_layer_1_grid_bs_128/runs/regmx_ema_seed_4/last_model_1.pth
2026-05-18 17:24:33,549 INFO src.train.trainer: Epoch 46
2026-05-18 17:24:35,739 INFO src.train.trainer: Last model at epoch 46 saved to /root/autodl-tmp/em_eqf/experiments/reg_mixer_layer_1_grid_bs_128/runs/regmx_ema_seed_4/last_model_1.pth
2026-05-18 17:24:35,739 INFO src.train.trainer: Epoch 47
2026-05-18 17:24:37,925 INFO src.train.trainer: Last model at epoch 47 saved to /root/autodl-tmp/em_eqf/experiments/reg_mixer_layer_1_grid_bs_128/runs/regmx_ema_seed_4/last_model_1.pth
2026-05-18 17:24:37,926 INFO src.train.trainer: Epoch 48
2026-05-18 17:24:39,983 INFO src.train.trainer: Last model at epoch 48 saved to /root/autodl-tmp/em_eqf/experiments/reg_mixer_layer_1_grid_bs_128/runs/regmx_ema_seed_4/last_model_1.pth
2026-05-18 17:24:39,984 INFO src.train.trainer: Epoch 49
2026-05-18 17:24:42,325 INFO src.train.trainer: Last model at epoch 49 saved to /root/autodl-tmp/em_eqf/experiments/reg_mixer_layer_1_grid_bs_128/runs/regmx_ema_seed_4/last_model_1.pth
2026-05-18 17:24:42,325 INFO src.train.trainer: Epoch 50
2026-05-18 17:24:44,521 INFO src.train.trainer: New best validation loss: 0.0244, saved to /root/autodl-tmp/em_eqf/experiments/reg_mixer_layer_1_grid_bs_128/runs/regmx_ema_seed_4/best_model_1.pth
2026-05-18 17:24:44,538 INFO src.train.trainer: Last model at epoch 50 saved to /root/autodl-tmp/em_eqf/experiments/reg_mixer_layer_1_grid_bs_128/runs/regmx_ema_seed_4/last_model_1.pth
2026-05-18 17:24:44,538 INFO src.train.trainer: Epoch 51
2026-05-18 17:24:46,849 INFO src.train.trainer: New best validation loss: 0.0237, saved to /root/autodl-tmp/em_eqf/experiments/reg_mixer_layer_1_grid_bs_128/runs/regmx_ema_seed_4/best_model_1.pth
2026-05-18 17:24:46,859 INFO src.train.trainer: Last model at epoch 51 saved to /root/autodl-tmp/em_eqf/experiments/reg_mixer_layer_1_grid_bs_128/runs/regmx_ema_seed_4/last_model_1.pth
2026-05-18 17:24:46,860 INFO src.train.trainer: Epoch 52
2026-05-18 17:24:49,053 INFO src.train.trainer: New best validation loss: 0.0232, saved to /root/autodl-tmp/em_eqf/experiments/reg_mixer_layer_1_grid_bs_128/runs/regmx_ema_seed_4/best_model_1.pth
2026-05-18 17:24:49,069 INFO src.train.trainer: Last model at epoch 52 saved to /root/autodl-tmp/em_eqf/experiments/reg_mixer_layer_1_grid_bs_128/runs/regmx_ema_seed_4/last_model_1.pth
2026-05-18 17:24:49,069 INFO src.train.trainer: Epoch 53
2026-05-18 17:24:51,329 INFO src.train.trainer: Last model at epoch 53 saved to /root/autodl-tmp/em_eqf/experiments/reg_mixer_layer_1_grid_bs_128/runs/regmx_ema_seed_4/last_model_1.pth
2026-05-18 17:24:51,329 INFO src.train.trainer: Epoch 54
2026-05-18 17:24:53,460 INFO src.train.trainer: New best validation loss: 0.0231, saved to /root/autodl-tmp/em_eqf/experiments/reg_mixer_layer_1_grid_bs_128/runs/regmx_ema_seed_4/best_model_1.pth
2026-05-18 17:24:53,466 INFO src.train.trainer: Last model at epoch 54 saved to /root/autodl-tmp/em_eqf/experiments/reg_mixer_layer_1_grid_bs_128/runs/regmx_ema_seed_4/last_model_1.pth
2026-05-18 17:24:53,466 INFO src.train.trainer: Epoch 55
2026-05-18 17:24:55,972 INFO src.train.trainer: Last model at epoch 55 saved to /root/autodl-tmp/em_eqf/experiments/reg_mixer_layer_1_grid_bs_128/runs/regmx_ema_seed_4/last_model_1.pth
2026-05-18 17:24:55,973 INFO src.train.trainer: Epoch 56
2026-05-18 17:24:58,265 INFO src.train.trainer: Last model at epoch 56 saved to /root/autodl-tmp/em_eqf/experiments/reg_mixer_layer_1_grid_bs_128/runs/regmx_ema_seed_4/last_model_1.pth
2026-05-18 17:24:58,266 INFO src.train.trainer: Epoch 57
2026-05-18 17:25:00,503 INFO src.train.trainer: Last model at epoch 57 saved to /root/autodl-tmp/em_eqf/experiments/reg_mixer_layer_1_grid_bs_128/runs/regmx_ema_seed_4/last_model_1.pth
2026-05-18 17:25:00,504 INFO src.train.trainer: Epoch 58
2026-05-18 17:25:02,682 INFO src.train.trainer: Last model at epoch 58 saved to /root/autodl-tmp/em_eqf/experiments/reg_mixer_layer_1_grid_bs_128/runs/regmx_ema_seed_4/last_model_1.pth
2026-05-18 17:25:02,682 INFO src.train.trainer: Epoch 59
2026-05-18 17:25:05,167 INFO src.train.trainer: Last model at epoch 59 saved to /root/autodl-tmp/em_eqf/experiments/reg_mixer_layer_1_grid_bs_128/runs/regmx_ema_seed_4/last_model_1.pth
2026-05-18 17:25:05,167 INFO src.train.trainer: Epoch 60
2026-05-18 17:25:07,653 INFO src.train.trainer: Last model at epoch 60 saved to /root/autodl-tmp/em_eqf/experiments/reg_mixer_layer_1_grid_bs_128/runs/regmx_ema_seed_4/last_model_1.pth
2026-05-18 17:25:07,663 INFO src.train.trainer: Saved epoch 60 snapshot to /root/autodl-tmp/em_eqf/experiments/reg_mixer_layer_1_grid_bs_128/runs/regmx_ema_seed_4/epoch_60_model_1.pth
2026-05-18 17:25:07,664 INFO src.train.trainer: Epoch 61
2026-05-18 17:25:09,768 INFO src.train.trainer: Last model at epoch 61 saved to /root/autodl-tmp/em_eqf/experiments/reg_mixer_layer_1_grid_bs_128/runs/regmx_ema_seed_4/last_model_1.pth
2026-05-18 17:25:09,769 INFO src.train.trainer: Epoch 62
2026-05-18 17:25:12,033 INFO src.train.trainer: Last model at epoch 62 saved to /root/autodl-tmp/em_eqf/experiments/reg_mixer_layer_1_grid_bs_128/runs/regmx_ema_seed_4/last_model_1.pth
2026-05-18 17:25:12,033 INFO src.train.trainer: Epoch 63
2026-05-18 17:25:14,466 INFO src.train.trainer: Last model at epoch 63 saved to /root/autodl-tmp/em_eqf/experiments/reg_mixer_layer_1_grid_bs_128/runs/regmx_ema_seed_4/last_model_1.pth
2026-05-18 17:25:14,466 INFO src.train.trainer: Epoch 64
2026-05-18 17:25:16,638 INFO src.train.trainer: Last model at epoch 64 saved to /root/autodl-tmp/em_eqf/experiments/reg_mixer_layer_1_grid_bs_128/runs/regmx_ema_seed_4/last_model_1.pth
2026-05-18 17:25:16,639 INFO src.train.trainer: Epoch 65
2026-05-18 17:25:18,847 INFO src.train.trainer: Last model at epoch 65 saved to /root/autodl-tmp/em_eqf/experiments/reg_mixer_layer_1_grid_bs_128/runs/regmx_ema_seed_4/last_model_1.pth
2026-05-18 17:25:18,847 INFO src.train.trainer: Epoch 66
2026-05-18 17:25:20,840 INFO src.train.trainer: Last model at epoch 66 saved to /root/autodl-tmp/em_eqf/experiments/reg_mixer_layer_1_grid_bs_128/runs/regmx_ema_seed_4/last_model_1.pth
2026-05-18 17:25:20,840 INFO src.train.trainer: Epoch 67
2026-05-18 17:25:23,033 INFO src.train.trainer: Last model at epoch 67 saved to /root/autodl-tmp/em_eqf/experiments/reg_mixer_layer_1_grid_bs_128/runs/regmx_ema_seed_4/last_model_1.pth
2026-05-18 17:25:23,034 INFO src.train.trainer: Epoch 68
2026-05-18 17:25:25,478 INFO src.train.trainer: Last model at epoch 68 saved to /root/autodl-tmp/em_eqf/experiments/reg_mixer_layer_1_grid_bs_128/runs/regmx_ema_seed_4/last_model_1.pth
2026-05-18 17:25:25,478 INFO src.train.trainer: Epoch 69
2026-05-18 17:25:27,551 INFO src.train.trainer: Last model at epoch 69 saved to /root/autodl-tmp/em_eqf/experiments/reg_mixer_layer_1_grid_bs_128/runs/regmx_ema_seed_4/last_model_1.pth
2026-05-18 17:25:27,551 INFO src.train.trainer: Epoch 70
2026-05-18 17:25:29,617 INFO src.train.trainer: Last model at epoch 70 saved to /root/autodl-tmp/em_eqf/experiments/reg_mixer_layer_1_grid_bs_128/runs/regmx_ema_seed_4/last_model_1.pth
2026-05-18 17:25:29,618 INFO src.train.trainer: Epoch 71
2026-05-18 17:25:31,893 INFO src.train.trainer: Last model at epoch 71 saved to /root/autodl-tmp/em_eqf/experiments/reg_mixer_layer_1_grid_bs_128/runs/regmx_ema_seed_4/last_model_1.pth
2026-05-18 17:25:31,894 INFO src.train.trainer: Epoch 72
2026-05-18 17:25:34,069 INFO src.train.trainer: Last model at epoch 72 saved to /root/autodl-tmp/em_eqf/experiments/reg_mixer_layer_1_grid_bs_128/runs/regmx_ema_seed_4/last_model_1.pth
2026-05-18 17:25:34,069 INFO src.train.trainer: Epoch 73
2026-05-18 17:25:36,303 INFO src.train.trainer: Last model at epoch 73 saved to /root/autodl-tmp/em_eqf/experiments/reg_mixer_layer_1_grid_bs_128/runs/regmx_ema_seed_4/last_model_1.pth
2026-05-18 17:25:36,303 INFO src.train.trainer: Epoch 74
2026-05-18 17:25:38,553 INFO src.train.trainer: Last model at epoch 74 saved to /root/autodl-tmp/em_eqf/experiments/reg_mixer_layer_1_grid_bs_128/runs/regmx_ema_seed_4/last_model_1.pth
2026-05-18 17:25:38,553 INFO src.train.trainer: Epoch 75
2026-05-18 17:25:40,672 INFO src.train.trainer: Last model at epoch 75 saved to /root/autodl-tmp/em_eqf/experiments/reg_mixer_layer_1_grid_bs_128/runs/regmx_ema_seed_4/last_model_1.pth
2026-05-18 17:25:40,673 INFO src.train.trainer: Epoch 76
2026-05-18 17:25:42,853 INFO src.train.trainer: Last model at epoch 76 saved to /root/autodl-tmp/em_eqf/experiments/reg_mixer_layer_1_grid_bs_128/runs/regmx_ema_seed_4/last_model_1.pth
2026-05-18 17:25:42,853 INFO src.train.trainer: Epoch 77
2026-05-18 17:25:44,956 INFO src.train.trainer: Last model at epoch 77 saved to /root/autodl-tmp/em_eqf/experiments/reg_mixer_layer_1_grid_bs_128/runs/regmx_ema_seed_4/last_model_1.pth
2026-05-18 17:25:44,956 INFO src.train.trainer: Epoch 78
2026-05-18 17:25:47,383 INFO src.train.trainer: Last model at epoch 78 saved to /root/autodl-tmp/em_eqf/experiments/reg_mixer_layer_1_grid_bs_128/runs/regmx_ema_seed_4/last_model_1.pth
2026-05-18 17:25:47,383 INFO src.train.trainer: Epoch 79
2026-05-18 17:25:49,642 INFO src.train.trainer: Last model at epoch 79 saved to /root/autodl-tmp/em_eqf/experiments/reg_mixer_layer_1_grid_bs_128/runs/regmx_ema_seed_4/last_model_1.pth
2026-05-18 17:25:49,642 INFO src.train.trainer: Epoch 80
2026-05-18 17:25:51,599 INFO src.train.trainer: Last model at epoch 80 saved to /root/autodl-tmp/em_eqf/experiments/reg_mixer_layer_1_grid_bs_128/runs/regmx_ema_seed_4/last_model_1.pth
2026-05-18 17:25:51,607 INFO src.train.trainer: Saved epoch 80 snapshot to /root/autodl-tmp/em_eqf/experiments/reg_mixer_layer_1_grid_bs_128/runs/regmx_ema_seed_4/epoch_80_model_1.pth
2026-05-18 17:25:51,607 INFO src.train.trainer: Epoch 81
2026-05-18 17:25:53,901 INFO src.train.trainer: Last model at epoch 81 saved to /root/autodl-tmp/em_eqf/experiments/reg_mixer_layer_1_grid_bs_128/runs/regmx_ema_seed_4/last_model_1.pth
2026-05-18 17:25:53,901 INFO src.train.trainer: Epoch 82
2026-05-18 17:25:55,961 INFO src.train.trainer: Last model at epoch 82 saved to /root/autodl-tmp/em_eqf/experiments/reg_mixer_layer_1_grid_bs_128/runs/regmx_ema_seed_4/last_model_1.pth
2026-05-18 17:25:55,962 INFO src.train.trainer: Epoch 83
2026-05-18 17:25:58,230 INFO src.train.trainer: Last model at epoch 83 saved to /root/autodl-tmp/em_eqf/experiments/reg_mixer_layer_1_grid_bs_128/runs/regmx_ema_seed_4/last_model_1.pth
2026-05-18 17:25:58,231 INFO src.train.trainer: Epoch 84
2026-05-18 17:26:00,409 INFO src.train.trainer: Last model at epoch 84 saved to /root/autodl-tmp/em_eqf/experiments/reg_mixer_layer_1_grid_bs_128/runs/regmx_ema_seed_4/last_model_1.pth
2026-05-18 17:26:00,410 INFO src.train.trainer: Epoch 85
2026-05-18 17:26:02,282 INFO src.train.trainer: Last model at epoch 85 saved to /root/autodl-tmp/em_eqf/experiments/reg_mixer_layer_1_grid_bs_128/runs/regmx_ema_seed_4/last_model_1.pth
2026-05-18 17:26:02,282 INFO src.train.trainer: Epoch 86
2026-05-18 17:26:04,505 INFO src.train.trainer: Last model at epoch 86 saved to /root/autodl-tmp/em_eqf/experiments/reg_mixer_layer_1_grid_bs_128/runs/regmx_ema_seed_4/last_model_1.pth
2026-05-18 17:26:04,506 INFO src.train.trainer: Epoch 87
2026-05-18 17:26:06,580 INFO src.train.trainer: Last model at epoch 87 saved to /root/autodl-tmp/em_eqf/experiments/reg_mixer_layer_1_grid_bs_128/runs/regmx_ema_seed_4/last_model_1.pth
2026-05-18 17:26:06,580 INFO src.train.trainer: Epoch 88
2026-05-18 17:26:08,753 INFO src.train.trainer: Last model at epoch 88 saved to /root/autodl-tmp/em_eqf/experiments/reg_mixer_layer_1_grid_bs_128/runs/regmx_ema_seed_4/last_model_1.pth
2026-05-18 17:26:08,753 INFO src.train.trainer: Epoch 89
2026-05-18 17:26:10,698 INFO src.train.trainer: Last model at epoch 89 saved to /root/autodl-tmp/em_eqf/experiments/reg_mixer_layer_1_grid_bs_128/runs/regmx_ema_seed_4/last_model_1.pth
2026-05-18 17:26:10,698 INFO src.train.trainer: Epoch 90
2026-05-18 17:26:12,947 INFO src.train.trainer: Last model at epoch 90 saved to /root/autodl-tmp/em_eqf/experiments/reg_mixer_layer_1_grid_bs_128/runs/regmx_ema_seed_4/last_model_1.pth
2026-05-18 17:26:12,947 INFO src.train.trainer: Epoch 91
2026-05-18 17:26:15,189 INFO src.train.trainer: Last model at epoch 91 saved to /root/autodl-tmp/em_eqf/experiments/reg_mixer_layer_1_grid_bs_128/runs/regmx_ema_seed_4/last_model_1.pth
2026-05-18 17:26:15,190 INFO src.train.trainer: Epoch 92
2026-05-18 17:26:17,481 INFO src.train.trainer: Last model at epoch 92 saved to /root/autodl-tmp/em_eqf/experiments/reg_mixer_layer_1_grid_bs_128/runs/regmx_ema_seed_4/last_model_1.pth
2026-05-18 17:26:17,482 INFO src.train.trainer: Epoch 93
2026-05-18 17:26:19,608 INFO src.train.trainer: Last model at epoch 93 saved to /root/autodl-tmp/em_eqf/experiments/reg_mixer_layer_1_grid_bs_128/runs/regmx_ema_seed_4/last_model_1.pth
2026-05-18 17:26:19,608 INFO src.train.trainer: Epoch 94
2026-05-18 17:26:21,868 INFO src.train.trainer: Last model at epoch 94 saved to /root/autodl-tmp/em_eqf/experiments/reg_mixer_layer_1_grid_bs_128/runs/regmx_ema_seed_4/last_model_1.pth
2026-05-18 17:26:21,868 INFO src.train.trainer: Epoch 95
2026-05-18 17:26:24,148 INFO src.train.trainer: Last model at epoch 95 saved to /root/autodl-tmp/em_eqf/experiments/reg_mixer_layer_1_grid_bs_128/runs/regmx_ema_seed_4/last_model_1.pth
2026-05-18 17:26:24,149 INFO src.train.trainer: Epoch 96
2026-05-18 17:26:26,364 INFO src.train.trainer: Last model at epoch 96 saved to /root/autodl-tmp/em_eqf/experiments/reg_mixer_layer_1_grid_bs_128/runs/regmx_ema_seed_4/last_model_1.pth
2026-05-18 17:26:26,364 INFO src.train.trainer: Epoch 97
2026-05-18 17:26:28,596 INFO src.train.trainer: Last model at epoch 97 saved to /root/autodl-tmp/em_eqf/experiments/reg_mixer_layer_1_grid_bs_128/runs/regmx_ema_seed_4/last_model_1.pth
2026-05-18 17:26:28,597 INFO src.train.trainer: Epoch 98
2026-05-18 17:26:30,633 INFO src.train.trainer: Last model at epoch 98 saved to /root/autodl-tmp/em_eqf/experiments/reg_mixer_layer_1_grid_bs_128/runs/regmx_ema_seed_4/last_model_1.pth
2026-05-18 17:26:30,634 INFO src.train.trainer: Epoch 99
2026-05-18 17:26:32,653 INFO src.train.trainer: Last model at epoch 99 saved to /root/autodl-tmp/em_eqf/experiments/reg_mixer_layer_1_grid_bs_128/runs/regmx_ema_seed_4/last_model_1.pth
2026-05-18 17:26:32,654 INFO src.train.trainer: Epoch 100
2026-05-18 17:26:34,941 INFO src.train.trainer: Last model at epoch 100 saved to /root/autodl-tmp/em_eqf/experiments/reg_mixer_layer_1_grid_bs_128/runs/regmx_ema_seed_4/last_model_1.pth
2026-05-18 17:26:34,946 INFO src.train.trainer: Saved epoch 100 snapshot to /root/autodl-tmp/em_eqf/experiments/reg_mixer_layer_1_grid_bs_128/runs/regmx_ema_seed_4/epoch_100_model_1.pth
2026-05-18 17:26:34,946 INFO src.train.trainer: Epoch 101
2026-05-18 17:26:36,878 INFO src.train.trainer: Last model at epoch 101 saved to /root/autodl-tmp/em_eqf/experiments/reg_mixer_layer_1_grid_bs_128/runs/regmx_ema_seed_4/last_model_1.pth
2026-05-18 17:26:36,878 INFO src.train.trainer: Epoch 102
2026-05-18 17:26:38,740 INFO src.train.trainer: Last model at epoch 102 saved to /root/autodl-tmp/em_eqf/experiments/reg_mixer_layer_1_grid_bs_128/runs/regmx_ema_seed_4/last_model_1.pth
2026-05-18 17:26:38,740 INFO src.train.trainer: Epoch 103
2026-05-18 17:26:40,834 INFO src.train.trainer: Last model at epoch 103 saved to /root/autodl-tmp/em_eqf/experiments/reg_mixer_layer_1_grid_bs_128/runs/regmx_ema_seed_4/last_model_1.pth
2026-05-18 17:26:40,835 INFO src.train.trainer: Epoch 104
2026-05-18 17:26:42,855 INFO src.train.trainer: Last model at epoch 104 saved to /root/autodl-tmp/em_eqf/experiments/reg_mixer_layer_1_grid_bs_128/runs/regmx_ema_seed_4/last_model_1.pth
2026-05-18 17:26:42,855 INFO src.train.trainer: Epoch 105
2026-05-18 17:26:44,957 INFO src.train.trainer: Last model at epoch 105 saved to /root/autodl-tmp/em_eqf/experiments/reg_mixer_layer_1_grid_bs_128/runs/regmx_ema_seed_4/last_model_1.pth
2026-05-18 17:26:44,957 INFO src.train.trainer: Epoch 106
2026-05-18 17:26:47,043 INFO src.train.trainer: Last model at epoch 106 saved to /root/autodl-tmp/em_eqf/experiments/reg_mixer_layer_1_grid_bs_128/runs/regmx_ema_seed_4/last_model_1.pth
2026-05-18 17:26:47,043 INFO src.train.trainer: Epoch 107
2026-05-18 17:26:49,195 INFO src.train.trainer: Last model at epoch 107 saved to /root/autodl-tmp/em_eqf/experiments/reg_mixer_layer_1_grid_bs_128/runs/regmx_ema_seed_4/last_model_1.pth
2026-05-18 17:26:49,196 INFO src.train.trainer: Epoch 108
2026-05-18 17:26:51,427 INFO src.train.trainer: Last model at epoch 108 saved to /root/autodl-tmp/em_eqf/experiments/reg_mixer_layer_1_grid_bs_128/runs/regmx_ema_seed_4/last_model_1.pth
2026-05-18 17:26:51,428 INFO src.train.trainer: Epoch 109
2026-05-18 17:26:53,641 INFO src.train.trainer: Last model at epoch 109 saved to /root/autodl-tmp/em_eqf/experiments/reg_mixer_layer_1_grid_bs_128/runs/regmx_ema_seed_4/last_model_1.pth
2026-05-18 17:26:53,641 INFO src.train.trainer: Epoch 110
2026-05-18 17:26:55,798 INFO src.train.trainer: Last model at epoch 110 saved to /root/autodl-tmp/em_eqf/experiments/reg_mixer_layer_1_grid_bs_128/runs/regmx_ema_seed_4/last_model_1.pth
2026-05-18 17:26:55,799 INFO src.train.trainer: Epoch 111
2026-05-18 17:26:58,060 INFO src.train.trainer: Last model at epoch 111 saved to /root/autodl-tmp/em_eqf/experiments/reg_mixer_layer_1_grid_bs_128/runs/regmx_ema_seed_4/last_model_1.pth
2026-05-18 17:26:58,060 INFO src.train.trainer: Epoch 112
2026-05-18 17:27:00,423 INFO src.train.trainer: Last model at epoch 112 saved to /root/autodl-tmp/em_eqf/experiments/reg_mixer_layer_1_grid_bs_128/runs/regmx_ema_seed_4/last_model_1.pth
2026-05-18 17:27:00,424 INFO src.train.trainer: Epoch 113
2026-05-18 17:27:02,592 INFO src.train.trainer: Last model at epoch 113 saved to /root/autodl-tmp/em_eqf/experiments/reg_mixer_layer_1_grid_bs_128/runs/regmx_ema_seed_4/last_model_1.pth
2026-05-18 17:27:02,592 INFO src.train.trainer: Epoch 114
2026-05-18 17:27:04,965 INFO src.train.trainer: Last model at epoch 114 saved to /root/autodl-tmp/em_eqf/experiments/reg_mixer_layer_1_grid_bs_128/runs/regmx_ema_seed_4/last_model_1.pth
2026-05-18 17:27:04,966 INFO src.train.trainer: Epoch 115
2026-05-18 17:27:07,195 INFO src.train.trainer: Last model at epoch 115 saved to /root/autodl-tmp/em_eqf/experiments/reg_mixer_layer_1_grid_bs_128/runs/regmx_ema_seed_4/last_model_1.pth
2026-05-18 17:27:07,195 INFO src.train.trainer: Epoch 116
2026-05-18 17:27:09,406 INFO src.train.trainer: Last model at epoch 116 saved to /root/autodl-tmp/em_eqf/experiments/reg_mixer_layer_1_grid_bs_128/runs/regmx_ema_seed_4/last_model_1.pth
2026-05-18 17:27:09,406 INFO src.train.trainer: Epoch 117
2026-05-18 17:27:11,533 INFO src.train.trainer: Last model at epoch 117 saved to /root/autodl-tmp/em_eqf/experiments/reg_mixer_layer_1_grid_bs_128/runs/regmx_ema_seed_4/last_model_1.pth
2026-05-18 17:27:11,534 INFO src.train.trainer: Epoch 118
2026-05-18 17:27:13,742 INFO src.train.trainer: Last model at epoch 118 saved to /root/autodl-tmp/em_eqf/experiments/reg_mixer_layer_1_grid_bs_128/runs/regmx_ema_seed_4/last_model_1.pth
2026-05-18 17:27:13,742 INFO src.train.trainer: Epoch 119
2026-05-18 17:27:16,040 INFO src.train.trainer: Last model at epoch 119 saved to /root/autodl-tmp/em_eqf/experiments/reg_mixer_layer_1_grid_bs_128/runs/regmx_ema_seed_4/last_model_1.pth
2026-05-18 17:27:16,041 INFO src.train.trainer: Epoch 120
2026-05-18 17:27:18,189 INFO src.train.trainer: Last model at epoch 120 saved to /root/autodl-tmp/em_eqf/experiments/reg_mixer_layer_1_grid_bs_128/runs/regmx_ema_seed_4/last_model_1.pth
2026-05-18 17:27:18,197 INFO src.train.trainer: Saved epoch 120 snapshot to /root/autodl-tmp/em_eqf/experiments/reg_mixer_layer_1_grid_bs_128/runs/regmx_ema_seed_4/epoch_120_model_1.pth
2026-05-18 17:27:18,197 INFO src.train.trainer: Epoch 121
2026-05-18 17:27:20,327 INFO src.train.trainer: Last model at epoch 121 saved to /root/autodl-tmp/em_eqf/experiments/reg_mixer_layer_1_grid_bs_128/runs/regmx_ema_seed_4/last_model_1.pth
2026-05-18 17:27:20,327 INFO src.train.trainer: Epoch 122
2026-05-18 17:27:22,556 INFO src.train.trainer: Last model at epoch 122 saved to /root/autodl-tmp/em_eqf/experiments/reg_mixer_layer_1_grid_bs_128/runs/regmx_ema_seed_4/last_model_1.pth
2026-05-18 17:27:22,556 INFO src.train.trainer: Epoch 123
2026-05-18 17:27:24,780 INFO src.train.trainer: Last model at epoch 123 saved to /root/autodl-tmp/em_eqf/experiments/reg_mixer_layer_1_grid_bs_128/runs/regmx_ema_seed_4/last_model_1.pth
2026-05-18 17:27:24,781 INFO src.train.trainer: Epoch 124
2026-05-18 17:27:27,070 INFO src.train.trainer: Last model at epoch 124 saved to /root/autodl-tmp/em_eqf/experiments/reg_mixer_layer_1_grid_bs_128/runs/regmx_ema_seed_4/last_model_1.pth
2026-05-18 17:27:27,071 INFO src.train.trainer: Epoch 125
2026-05-18 17:27:29,266 INFO src.train.trainer: Last model at epoch 125 saved to /root/autodl-tmp/em_eqf/experiments/reg_mixer_layer_1_grid_bs_128/runs/regmx_ema_seed_4/last_model_1.pth
2026-05-18 17:27:29,267 INFO src.train.trainer: Epoch 126
2026-05-18 17:27:31,348 INFO src.train.trainer: Last model at epoch 126 saved to /root/autodl-tmp/em_eqf/experiments/reg_mixer_layer_1_grid_bs_128/runs/regmx_ema_seed_4/last_model_1.pth
2026-05-18 17:27:31,349 INFO src.train.trainer: Epoch 127
2026-05-18 17:27:33,750 INFO src.train.trainer: Last model at epoch 127 saved to /root/autodl-tmp/em_eqf/experiments/reg_mixer_layer_1_grid_bs_128/runs/regmx_ema_seed_4/last_model_1.pth
2026-05-18 17:27:33,751 INFO src.train.trainer: Epoch 128
2026-05-18 17:27:36,200 INFO src.train.trainer: Last model at epoch 128 saved to /root/autodl-tmp/em_eqf/experiments/reg_mixer_layer_1_grid_bs_128/runs/regmx_ema_seed_4/last_model_1.pth
2026-05-18 17:27:36,200 INFO src.train.trainer: Epoch 129
2026-05-18 17:27:38,438 INFO src.train.trainer: Last model at epoch 129 saved to /root/autodl-tmp/em_eqf/experiments/reg_mixer_layer_1_grid_bs_128/runs/regmx_ema_seed_4/last_model_1.pth
2026-05-18 17:27:38,438 INFO src.train.trainer: Epoch 130
2026-05-18 17:27:40,659 INFO src.train.trainer: Last model at epoch 130 saved to /root/autodl-tmp/em_eqf/experiments/reg_mixer_layer_1_grid_bs_128/runs/regmx_ema_seed_4/last_model_1.pth
2026-05-18 17:27:40,660 INFO src.train.trainer: Epoch 131
2026-05-18 17:27:42,785 INFO src.train.trainer: Last model at epoch 131 saved to /root/autodl-tmp/em_eqf/experiments/reg_mixer_layer_1_grid_bs_128/runs/regmx_ema_seed_4/last_model_1.pth
2026-05-18 17:27:42,786 INFO src.train.trainer: Epoch 132
2026-05-18 17:27:44,927 INFO src.train.trainer: Last model at epoch 132 saved to /root/autodl-tmp/em_eqf/experiments/reg_mixer_layer_1_grid_bs_128/runs/regmx_ema_seed_4/last_model_1.pth
2026-05-18 17:27:44,928 INFO src.train.trainer: Epoch 133
2026-05-18 17:27:47,112 INFO src.train.trainer: Last model at epoch 133 saved to /root/autodl-tmp/em_eqf/experiments/reg_mixer_layer_1_grid_bs_128/runs/regmx_ema_seed_4/last_model_1.pth
2026-05-18 17:27:47,112 INFO src.train.trainer: Epoch 134
2026-05-18 17:27:49,339 INFO src.train.trainer: Last model at epoch 134 saved to /root/autodl-tmp/em_eqf/experiments/reg_mixer_layer_1_grid_bs_128/runs/regmx_ema_seed_4/last_model_1.pth
2026-05-18 17:27:49,340 INFO src.train.trainer: Epoch 135
2026-05-18 17:27:51,592 INFO src.train.trainer: Last model at epoch 135 saved to /root/autodl-tmp/em_eqf/experiments/reg_mixer_layer_1_grid_bs_128/runs/regmx_ema_seed_4/last_model_1.pth
2026-05-18 17:27:51,592 INFO src.train.trainer: Epoch 136
2026-05-18 17:27:53,604 INFO src.train.trainer: Last model at epoch 136 saved to /root/autodl-tmp/em_eqf/experiments/reg_mixer_layer_1_grid_bs_128/runs/regmx_ema_seed_4/last_model_1.pth
2026-05-18 17:27:53,604 INFO src.train.trainer: Epoch 137
2026-05-18 17:27:55,873 INFO src.train.trainer: Last model at epoch 137 saved to /root/autodl-tmp/em_eqf/experiments/reg_mixer_layer_1_grid_bs_128/runs/regmx_ema_seed_4/last_model_1.pth
2026-05-18 17:27:55,874 INFO src.train.trainer: Epoch 138
2026-05-18 17:27:58,175 INFO src.train.trainer: Last model at epoch 138 saved to /root/autodl-tmp/em_eqf/experiments/reg_mixer_layer_1_grid_bs_128/runs/regmx_ema_seed_4/last_model_1.pth
2026-05-18 17:27:58,175 INFO src.train.trainer: Epoch 139
2026-05-18 17:28:00,342 INFO src.train.trainer: Last model at epoch 139 saved to /root/autodl-tmp/em_eqf/experiments/reg_mixer_layer_1_grid_bs_128/runs/regmx_ema_seed_4/last_model_1.pth
2026-05-18 17:28:00,342 INFO src.train.trainer: Epoch 140
2026-05-18 17:28:02,618 INFO src.train.trainer: Last model at epoch 140 saved to /root/autodl-tmp/em_eqf/experiments/reg_mixer_layer_1_grid_bs_128/runs/regmx_ema_seed_4/last_model_1.pth
2026-05-18 17:28:02,624 INFO src.train.trainer: Saved epoch 140 snapshot to /root/autodl-tmp/em_eqf/experiments/reg_mixer_layer_1_grid_bs_128/runs/regmx_ema_seed_4/epoch_140_model_1.pth
2026-05-18 17:28:02,624 INFO src.train.trainer: Epoch 141
2026-05-18 17:28:04,745 INFO src.train.trainer: Last model at epoch 141 saved to /root/autodl-tmp/em_eqf/experiments/reg_mixer_layer_1_grid_bs_128/runs/regmx_ema_seed_4/last_model_1.pth
2026-05-18 17:28:04,746 INFO src.train.trainer: Epoch 142
2026-05-18 17:28:06,741 INFO src.train.trainer: Last model at epoch 142 saved to /root/autodl-tmp/em_eqf/experiments/reg_mixer_layer_1_grid_bs_128/runs/regmx_ema_seed_4/last_model_1.pth
2026-05-18 17:28:06,741 INFO src.train.trainer: Epoch 143
2026-05-18 17:28:09,009 INFO src.train.trainer: Last model at epoch 143 saved to /root/autodl-tmp/em_eqf/experiments/reg_mixer_layer_1_grid_bs_128/runs/regmx_ema_seed_4/last_model_1.pth
2026-05-18 17:28:09,009 INFO src.train.trainer: Epoch 144
2026-05-18 17:28:11,023 INFO src.train.trainer: Last model at epoch 144 saved to /root/autodl-tmp/em_eqf/experiments/reg_mixer_layer_1_grid_bs_128/runs/regmx_ema_seed_4/last_model_1.pth
2026-05-18 17:28:11,024 INFO src.train.trainer: Epoch 145
2026-05-18 17:28:12,909 INFO src.train.trainer: Last model at epoch 145 saved to /root/autodl-tmp/em_eqf/experiments/reg_mixer_layer_1_grid_bs_128/runs/regmx_ema_seed_4/last_model_1.pth
2026-05-18 17:28:12,909 INFO src.train.trainer: Epoch 146
2026-05-18 17:28:14,804 INFO src.train.trainer: Last model at epoch 146 saved to /root/autodl-tmp/em_eqf/experiments/reg_mixer_layer_1_grid_bs_128/runs/regmx_ema_seed_4/last_model_1.pth
2026-05-18 17:28:14,804 INFO src.train.trainer: Epoch 147
2026-05-18 17:28:16,919 INFO src.train.trainer: Last model at epoch 147 saved to /root/autodl-tmp/em_eqf/experiments/reg_mixer_layer_1_grid_bs_128/runs/regmx_ema_seed_4/last_model_1.pth
2026-05-18 17:28:16,920 INFO src.train.trainer: Epoch 148
2026-05-18 17:28:19,080 INFO src.train.trainer: Last model at epoch 148 saved to /root/autodl-tmp/em_eqf/experiments/reg_mixer_layer_1_grid_bs_128/runs/regmx_ema_seed_4/last_model_1.pth
2026-05-18 17:28:19,080 INFO src.train.trainer: Epoch 149
2026-05-18 17:28:21,264 INFO src.train.trainer: Last model at epoch 149 saved to /root/autodl-tmp/em_eqf/experiments/reg_mixer_layer_1_grid_bs_128/runs/regmx_ema_seed_4/last_model_1.pth
2026-05-18 17:28:21,264 INFO src.train.trainer: Epoch 150
2026-05-18 17:28:23,322 INFO src.train.trainer: Last model at epoch 150 saved to /root/autodl-tmp/em_eqf/experiments/reg_mixer_layer_1_grid_bs_128/runs/regmx_ema_seed_4/last_model_1.pth
2026-05-18 17:28:33,008 INFO src.data.preprocessing: CSV files found: ['chuandian_2021.csv']
2026-05-18 17:28:33,834 INFO src.utils.file_utils: Loading cached data from: data/ChuanDian/regressor/regressor_Mc_3_Mf_3_Tfore_180_Twindow_360_context_len_1_dt_10.pkl
2026-05-18 17:28:36,079 INFO src.data.preprocessing: Catalog statistics: {'tau_unfiltered': 0.15339908988298961, 'tau_q025': 0.08114294020924717, 'tau_q05': 0.5134664350189269, 'tau_mean': 1.3070542199341526, 'tau_max': 25.18216435192153, 'tau_min': 0.0, 'time_max': 18770.72654999979, 'time_mean': 10030.9430649837, 'mag_completeness': 3.0, 'mag_mean': 3.456916005014626, 'mag_max': 8.0, 'mag_min': 3.0, 'b_value': 0.856738547623331, 'b_std': 0.0071499224812533796, 'b_n': 14358}
2026-05-18 17:28:36,118 INFO src.data.event_loader: lengths of samples: min=96, max=1340, avg=265.71
2026-05-18 17:28:36,929 INFO src.models.adapters.mixer_task: using time scale base 1.3070542199341526 (key: tau_mean)
2026-05-18 17:28:36,929 INFO src.models.adapters.mixer_task: tau mean: tensor(1.3071)
2026-05-18 17:28:36,935 INFO src.train.config_setup: Restoring model from checkpoint.
2026-05-18 17:28:36,935 INFO src.train.config_setup: Loading model weights: load_specific_parts=None
2026-05-18 17:28:36,936 INFO src.train.config_setup: Checkpoint loaded: <All keys matched successfully>
2026-05-18 17:28:36,936 INFO src.train.config_setup: Full load summary: loaded=44, missing=0, unexpected=0
2026-05-18 17:28:36,937 INFO src.train.config_setup: Checkpoint hyperparameters loaded.
2026-05-18 17:28:36,937 INFO src.train.config_setup: Checkpoint train metrics available.
2026-05-18 17:28:36,937 INFO src.train.config_setup: Checkpoint val metrics available.
2026-05-18 17:28:36,937 INFO src.train.config_setup: Freeze skipped (checkpoint_restore): freeze_parts is empty.
2026-05-18 17:28:36,937 INFO src.train.config_setup: Using regression criterion: smooth_l1
2026-05-18 17:28:36,937 INFO src.train.config_setup: Criterion config: {'beta': 0.3}
2026-05-18 17:28:36,938 INFO src.train.config_setup: encoder_param_keywords: ['base_model.encoder.input_proj', 'base_model.encoder.layers.0']
2026-05-18 17:28:36,938 INFO src.train.config_setup: encoder_lr grouping summary: lr=0.00024, matched=18
2026-05-18 17:28:36,938 INFO src.train.config_setup: Encoder LR coverage [base_model.encoder.input_proj]: target=4, hit=4, missing=0, complete=True
2026-05-18 17:28:36,938 INFO src.train.config_setup: Encoder LR coverage [base_model.encoder.layers.0]: target=14, hit=14, missing=0, complete=True
2026-05-18 17:28:36,938 INFO src.train.config_setup: encoder_lr matched preview: ['base_model.encoder.input_proj.0.weight', 'base_model.encoder.input_proj.0.bias', 'base_model.encoder.input_proj.3.weight', 'base_model.encoder.input_proj.3.bias', 'base_model.encoder.layers.0.norm.weight', 'base_model.encoder.layers.0.norm.bias', 'base_model.encoder.layers.0.mixer.dt_bias', 'base_model.encoder.layers.0.mixer.A_log', 'base_model.encoder.layers.0.mixer.D', 'base_model.encoder.layers.0.mixer.in_proj.weight'] ... (+8 more)
2026-05-18 17:28:36,939 INFO src.train.config_setup: Not resuming optimizer/scheduler state; reset training state to start_epoch=0, best_val_loss=inf.
2026-05-18 17:28:42,204 INFO src.cli.workflows: Test loss: 0.026552561049660046
2026-05-18 17:28:44,492 INFO src.cli.common: Saved test metrics to /root/autodl-tmp/em_eqf/experiments/reg_mixer_layer_1_grid_bs_128/runs/regmx_ema_seed_4/metrics_test_best_1.json
2026-05-18 17:28:44,492 INFO src.cli.common: Metrics: {'RMSE': 0.7630978446847663, 'MAE': 0.6198929142756541, 'MSE': 0.5823183205625357, 'MAPE': 13.332502870085627, 'R2': -0.7401615123337548, 'PearsonR': -0.03043074505847739, 'PearsonR_diff': 0.12897606375400927, 'DA': 0.04395604395604396, 'SpearmanR': -0.02773709851306238, 'SpearmanR_diff': 0.04637217500101177, 'DTW': 77.83397725224495, 'DTW_normalized': 0.4253222800669123}
2026-05-18 18:04:05,851 INFO src.data.preprocessing: CSV files found: ['chuandian_2021.csv']
2026-05-18 18:04:06,595 INFO src.utils.file_utils: Loading cached data from: data/ChuanDian/regressor/regressor_Mc_3_Mf_3_Tfore_180_Twindow_360_context_len_1_dt_10.pkl
2026-05-18 18:04:08,821 INFO src.data.preprocessing: Catalog statistics: {'tau_unfiltered': 0.15339908988298961, 'tau_q025': 0.08114294020924717, 'tau_q05': 0.5134664350189269, 'tau_mean': 1.3070542199341526, 'tau_max': 25.18216435192153, 'tau_min': 0.0, 'time_max': 18770.72654999979, 'time_mean': 10030.9430649837, 'mag_completeness': 3.0, 'mag_mean': 3.456916005014626, 'mag_max': 8.0, 'mag_min': 3.0, 'b_value': 0.856738547623331, 'b_std': 0.0071499224812533796, 'b_n': 14358}
2026-05-18 18:04:08,860 INFO src.data.event_loader: lengths of samples: min=96, max=1340, avg=265.71
2026-05-18 18:04:09,673 INFO src.models.adapters.mixer_task: using time scale base 1.3070542199341526 (key: tau_mean)
2026-05-18 18:04:09,673 INFO src.models.adapters.mixer_task: tau mean: tensor(1.3071)
2026-05-18 18:04:09,678 INFO src.train.config_setup: Restoring model from checkpoint.
2026-05-18 18:04:09,679 INFO src.train.config_setup: Loading model weights: load_specific_parts=None
2026-05-18 18:04:09,680 INFO src.train.config_setup: Checkpoint loaded: <All keys matched successfully>
2026-05-18 18:04:09,680 INFO src.train.config_setup: Full load summary: loaded=44, missing=0, unexpected=0
2026-05-18 18:04:09,681 INFO src.train.config_setup: Checkpoint hyperparameters loaded.
2026-05-18 18:04:09,681 INFO src.train.config_setup: Checkpoint train metrics available.
2026-05-18 18:04:09,681 INFO src.train.config_setup: Checkpoint val metrics available.
2026-05-18 18:04:09,681 INFO src.train.config_setup: Freeze skipped (checkpoint_restore): freeze_parts is empty.
2026-05-18 18:04:09,681 INFO src.train.config_setup: Using regression criterion: smooth_l1
2026-05-18 18:04:09,681 INFO src.train.config_setup: Criterion config: {'beta': 0.3}
2026-05-18 18:04:09,682 INFO src.train.config_setup: encoder_param_keywords: ['base_model.encoder.input_proj', 'base_model.encoder.layers.0']
2026-05-18 18:04:09,682 INFO src.train.config_setup: encoder_lr grouping summary: lr=0.00024, matched=18
2026-05-18 18:04:09,682 INFO src.train.config_setup: Encoder LR coverage [base_model.encoder.input_proj]: target=4, hit=4, missing=0, complete=True
2026-05-18 18:04:09,682 INFO src.train.config_setup: Encoder LR coverage [base_model.encoder.layers.0]: target=14, hit=14, missing=0, complete=True
2026-05-18 18:04:09,682 INFO src.train.config_setup: encoder_lr matched preview: ['base_model.encoder.input_proj.0.weight', 'base_model.encoder.input_proj.0.bias', 'base_model.encoder.input_proj.3.weight', 'base_model.encoder.input_proj.3.bias', 'base_model.encoder.layers.0.norm.weight', 'base_model.encoder.layers.0.norm.bias', 'base_model.encoder.layers.0.mixer.dt_bias', 'base_model.encoder.layers.0.mixer.A_log', 'base_model.encoder.layers.0.mixer.D', 'base_model.encoder.layers.0.mixer.in_proj.weight'] ... (+8 more)
2026-05-18 18:04:09,683 INFO src.train.config_setup: Not resuming optimizer/scheduler state; reset training state to start_epoch=0, best_val_loss=inf.
2026-05-18 18:04:14,610 INFO src.cli.workflows: Test loss: 0.02603749434153239
2026-05-18 18:04:16,340 INFO src.cli.common: Saved test metrics to /root/autodl-tmp/em_eqf/experiments/reg_mixer_layer_1_grid_bs_128/runs/regmx_ema_seed_4/metrics_test_last_1.json
2026-05-18 18:04:16,340 INFO src.cli.common: Metrics: {'RMSE': 0.7545916465010905, 'MAE': 0.6073402063768418, 'MSE': 0.5694085529692267, 'MAPE': 12.965614232860567, 'R2': -0.7015828176477483, 'PearsonR': 0.01092809922155417, 'PearsonR_diff': 0.10603302914729426, 'DA': 0.04395604395604396, 'SpearmanR': 0.06005774782958537, 'SpearmanR_diff': 0.03690689664635603, 'DTW': 87.19561341404915, 'DTW_normalized': 0.47647876182540516}
