2026-05-21 16:08:13,991 INFO src.data.preprocessing: CSV files found: ['chuandian_2021.csv']
2026-05-21 16:08:14,614 INFO src.utils.file_utils: Loading cached data from: data/ChuanDian/classifier/classifier_Mc_3_Mf_5.0_Tfore_60_Twindow_180_context_len_1_dt_10.pkl
2026-05-21 16:08:15,051 INFO src.data.preprocessing: Catalog statistics: {'tau_unfiltered': 0.15339908988298961, 'tau_q025': 0.08114294020924717, 'tau_q05': 0.5134664350189269, 'tau_mean': 1.3070542199341526, 'tau_max': 25.18216435192153, 'tau_min': 0.0, 'time_max': 18770.72654999979, 'time_mean': 10030.9430649837, 'mag_completeness': 3.0, 'mag_mean': 3.456916005014626, 'mag_max': 8.0, 'mag_min': 3.0, 'b_value': 0.856738547623331, 'b_std': 0.0071499224812533796, 'b_n': 14358}
2026-05-21 16:08:15,068 INFO src.data.event_loader: lengths of samples: min=32, max=981, avg=129.55
2026-05-21 16:08:15,068 INFO src.data.event_loader: Number of positive samples: 808
2026-05-21 16:08:15,068 INFO src.data.event_loader: Number of negative samples: 651
2026-05-21 16:08:15,069 INFO src.data.event_loader: Positive samples: 673, Negative samples: 494
2026-05-21 16:08:15,069 INFO src.data.event_loader: Total samples: 1167, Positive ratio: 0.58, Negative ratio: 0.42
2026-05-21 16:08:15,070 INFO src.data.event_loader: Positive samples: 87, Negative samples: 58
2026-05-21 16:08:15,070 INFO src.data.event_loader: Total samples: 145, Positive ratio: 0.60, Negative ratio: 0.40
2026-05-21 16:08:15,070 INFO src.data.event_loader: Positive samples: 48, Negative samples: 99
2026-05-21 16:08:15,070 INFO src.data.event_loader: Total samples: 147, Positive ratio: 0.33, Negative ratio: 0.67
2026-05-21 16:08:15,127 INFO src.cli.workflows: Loading checkpoint from: ./checkpoints/mixer_tpp_20260508-182744/last_model_1.pth
2026-05-21 16:08:15,714 INFO src.models.adapters.mixer_task: using time scale base 1.3070542199341526 (key: tau_mean)
2026-05-21 16:08:15,714 INFO src.models.adapters.mixer_task: tau mean: tensor(1.3071)
2026-05-21 16:08:15,721 INFO src.train.config_setup: Restoring model from checkpoint.
2026-05-21 16:08:15,722 INFO src.train.config_setup: Loading model weights: load_specific_parts=['encoder']
2026-05-21 16:08:15,723 INFO src.train.config_setup: Selective load summary: requested_parts=['encoder'], target_in_model=40, matched_in_checkpoint=30, loaded=30, missing_after_load=10, shape_mismatch=0, missing_in_model=0, out_of_scope_loaded=0
2026-05-21 16:08:15,723 INFO src.train.config_setup: Selective load coverage [encoder]: target=40, hit=30, missing=10, complete=False
2026-05-21 16:08:15,723 WARNING src.train.config_setup: Selective load coverage missing preview [encoder]: ['base_model.encoder.layers.2.mixer.in_proj.bias', 'base_model.encoder.layers.2.mixer.in_proj.weight', 'base_model.encoder.layers.2.mixer.out_proj.bias', 'base_model.encoder.layers.2.mixer.out_proj.weight', 'base_model.encoder.layers.2.mlp.fc1.weight', 'base_model.encoder.layers.2.mlp.fc2.weight', 'base_model.encoder.layers.2.norm.bias', 'base_model.encoder.layers.2.norm.weight'] ... (+2 more)
2026-05-21 16:08:15,723 WARNING src.train.config_setup: Checkpoint missing target parameter preview: ['base_model.encoder.layers.2.mixer.in_proj.bias', 'base_model.encoder.layers.2.mixer.in_proj.weight', 'base_model.encoder.layers.2.mixer.out_proj.bias', 'base_model.encoder.layers.2.mixer.out_proj.weight', 'base_model.encoder.layers.2.mlp.fc1.weight', 'base_model.encoder.layers.2.mlp.fc2.weight', 'base_model.encoder.layers.2.norm.bias', 'base_model.encoder.layers.2.norm.weight', 'base_model.encoder.layers.2.norm2.bias', 'base_model.encoder.layers.2.norm2.weight']
2026-05-21 16:08:15,723 WARNING src.train.config_setup: Target not-loaded parameter preview: ['base_model.encoder.layers.2.mixer.in_proj.bias', 'base_model.encoder.layers.2.mixer.in_proj.weight', 'base_model.encoder.layers.2.mixer.out_proj.bias', 'base_model.encoder.layers.2.mixer.out_proj.weight', 'base_model.encoder.layers.2.mlp.fc1.weight', 'base_model.encoder.layers.2.mlp.fc2.weight', 'base_model.encoder.layers.2.norm.bias', 'base_model.encoder.layers.2.norm.weight', 'base_model.encoder.layers.2.norm2.bias', 'base_model.encoder.layers.2.norm2.weight']
2026-05-21 16:08:15,723 INFO src.train.config_setup: Loaded parameter preview: ['base_model.encoder.layers.1.mixer.dt_bias', 'base_model.encoder.input_proj.0.weight', 'base_model.encoder.layers.1.mixer.norm.weight', 'base_model.encoder.layers.0.norm2.weight', 'base_model.encoder.layers.0.mixer.D', 'base_model.encoder.layers.0.mixer.out_proj.weight', 'base_model.encoder.layers.1.mixer.D', 'base_model.encoder.layers.0.mixer.dt_bias', 'base_model.encoder.input_proj.0.bias', 'base_model.encoder.input_proj.3.bias'] ... (+20 more)
2026-05-21 16:08:15,724 INFO src.train.config_setup: Checkpoint hyperparameters loaded.
2026-05-21 16:08:15,724 INFO src.train.config_setup: Checkpoint train metrics available.
2026-05-21 16:08:15,725 INFO src.train.config_setup: Checkpoint val metrics available.
2026-05-21 16:08:15,725 INFO src.train.config_setup: Freeze skipped (checkpoint_restore): freeze_parts is empty.
2026-05-21 16:08:15,725 INFO src.train.config_setup: Using classification criterion: focal
2026-05-21 16:08:15,725 INFO src.train.config_setup: Criterion config: {'alpha': 0.5, 'gamma': 2.0}
2026-05-21 16:08:15,726 INFO src.train.config_setup: Not resuming optimizer/scheduler state; reset training state to start_epoch=0, best_val_loss=inf.
2026-05-21 16:08:15,726 INFO src.train.trainer: Epoch 1
2026-05-21 16:08:31,506 INFO src.train.trainer: New best validation loss: 0.1106, saved to /root/autodl-tmp/em_eqf/experiments/clf_pre_v1/clf_pre_AZDX_v1/runs/tf_60_mf_5p0_seed_1/best_model_1.pth
2026-05-21 16:08:31,512 INFO src.train.trainer: Last model at epoch 1 saved to /root/autodl-tmp/em_eqf/experiments/clf_pre_v1/clf_pre_AZDX_v1/runs/tf_60_mf_5p0_seed_1/last_model_1.pth
2026-05-21 16:08:31,512 INFO src.train.trainer: Epoch 2
2026-05-21 16:08:34,848 INFO src.train.trainer: New best validation loss: 0.0865, saved to /root/autodl-tmp/em_eqf/experiments/clf_pre_v1/clf_pre_AZDX_v1/runs/tf_60_mf_5p0_seed_1/best_model_1.pth
2026-05-21 16:08:34,857 INFO src.train.trainer: Last model at epoch 2 saved to /root/autodl-tmp/em_eqf/experiments/clf_pre_v1/clf_pre_AZDX_v1/runs/tf_60_mf_5p0_seed_1/last_model_1.pth
2026-05-21 16:08:34,857 INFO src.train.trainer: Epoch 3
2026-05-21 16:08:38,312 INFO src.train.trainer: New best validation loss: 0.0846, saved to /root/autodl-tmp/em_eqf/experiments/clf_pre_v1/clf_pre_AZDX_v1/runs/tf_60_mf_5p0_seed_1/best_model_1.pth
2026-05-21 16:08:38,321 INFO src.train.trainer: Last model at epoch 3 saved to /root/autodl-tmp/em_eqf/experiments/clf_pre_v1/clf_pre_AZDX_v1/runs/tf_60_mf_5p0_seed_1/last_model_1.pth
2026-05-21 16:08:38,321 INFO src.train.trainer: Epoch 4
2026-05-21 16:08:41,748 INFO src.train.trainer: Last model at epoch 4 saved to /root/autodl-tmp/em_eqf/experiments/clf_pre_v1/clf_pre_AZDX_v1/runs/tf_60_mf_5p0_seed_1/last_model_1.pth
2026-05-21 16:08:41,749 INFO src.train.trainer: Epoch 5
2026-05-21 16:08:45,463 INFO src.train.trainer: Last model at epoch 5 saved to /root/autodl-tmp/em_eqf/experiments/clf_pre_v1/clf_pre_AZDX_v1/runs/tf_60_mf_5p0_seed_1/last_model_1.pth
2026-05-21 16:08:45,463 INFO src.train.trainer: Epoch 6
2026-05-21 16:08:49,031 INFO src.train.trainer: New best validation loss: 0.0799, saved to /root/autodl-tmp/em_eqf/experiments/clf_pre_v1/clf_pre_AZDX_v1/runs/tf_60_mf_5p0_seed_1/best_model_1.pth
2026-05-21 16:08:49,037 INFO src.train.trainer: Last model at epoch 6 saved to /root/autodl-tmp/em_eqf/experiments/clf_pre_v1/clf_pre_AZDX_v1/runs/tf_60_mf_5p0_seed_1/last_model_1.pth
2026-05-21 16:08:49,037 INFO src.train.trainer: Epoch 7
2026-05-21 16:08:52,618 INFO src.train.trainer: Last model at epoch 7 saved to /root/autodl-tmp/em_eqf/experiments/clf_pre_v1/clf_pre_AZDX_v1/runs/tf_60_mf_5p0_seed_1/last_model_1.pth
2026-05-21 16:08:52,618 INFO src.train.trainer: Epoch 8
2026-05-21 16:08:56,193 INFO src.train.trainer: New best validation loss: 0.0776, saved to /root/autodl-tmp/em_eqf/experiments/clf_pre_v1/clf_pre_AZDX_v1/runs/tf_60_mf_5p0_seed_1/best_model_1.pth
2026-05-21 16:08:56,199 INFO src.train.trainer: Last model at epoch 8 saved to /root/autodl-tmp/em_eqf/experiments/clf_pre_v1/clf_pre_AZDX_v1/runs/tf_60_mf_5p0_seed_1/last_model_1.pth
2026-05-21 16:08:56,199 INFO src.train.trainer: Epoch 9
2026-05-21 16:08:59,533 INFO src.train.trainer: Last model at epoch 9 saved to /root/autodl-tmp/em_eqf/experiments/clf_pre_v1/clf_pre_AZDX_v1/runs/tf_60_mf_5p0_seed_1/last_model_1.pth
2026-05-21 16:08:59,533 INFO src.train.trainer: Epoch 10
2026-05-21 16:09:03,226 INFO src.train.trainer: Last model at epoch 10 saved to /root/autodl-tmp/em_eqf/experiments/clf_pre_v1/clf_pre_AZDX_v1/runs/tf_60_mf_5p0_seed_1/last_model_1.pth
2026-05-21 16:09:03,226 INFO src.train.trainer: Epoch 11
2026-05-21 16:09:06,247 INFO src.train.trainer: New best validation loss: 0.0716, saved to /root/autodl-tmp/em_eqf/experiments/clf_pre_v1/clf_pre_AZDX_v1/runs/tf_60_mf_5p0_seed_1/best_model_1.pth
2026-05-21 16:09:06,254 INFO src.train.trainer: Last model at epoch 11 saved to /root/autodl-tmp/em_eqf/experiments/clf_pre_v1/clf_pre_AZDX_v1/runs/tf_60_mf_5p0_seed_1/last_model_1.pth
2026-05-21 16:09:06,254 INFO src.train.trainer: Epoch 12
2026-05-21 16:09:09,684 INFO src.train.trainer: Last model at epoch 12 saved to /root/autodl-tmp/em_eqf/experiments/clf_pre_v1/clf_pre_AZDX_v1/runs/tf_60_mf_5p0_seed_1/last_model_1.pth
2026-05-21 16:09:09,684 INFO src.train.trainer: Epoch 13
2026-05-21 16:09:13,198 INFO src.train.trainer: Last model at epoch 13 saved to /root/autodl-tmp/em_eqf/experiments/clf_pre_v1/clf_pre_AZDX_v1/runs/tf_60_mf_5p0_seed_1/last_model_1.pth
2026-05-21 16:09:13,198 INFO src.train.trainer: Epoch 14
2026-05-21 16:09:17,471 INFO src.train.trainer: Last model at epoch 14 saved to /root/autodl-tmp/em_eqf/experiments/clf_pre_v1/clf_pre_AZDX_v1/runs/tf_60_mf_5p0_seed_1/last_model_1.pth
2026-05-21 16:09:17,471 INFO src.train.trainer: Epoch 15
2026-05-21 16:09:21,317 INFO src.train.trainer: New best validation loss: 0.0711, saved to /root/autodl-tmp/em_eqf/experiments/clf_pre_v1/clf_pre_AZDX_v1/runs/tf_60_mf_5p0_seed_1/best_model_1.pth
2026-05-21 16:09:21,324 INFO src.train.trainer: Last model at epoch 15 saved to /root/autodl-tmp/em_eqf/experiments/clf_pre_v1/clf_pre_AZDX_v1/runs/tf_60_mf_5p0_seed_1/last_model_1.pth
2026-05-21 16:09:21,324 INFO src.train.trainer: Epoch 16
2026-05-21 16:09:24,714 INFO src.train.trainer: Last model at epoch 16 saved to /root/autodl-tmp/em_eqf/experiments/clf_pre_v1/clf_pre_AZDX_v1/runs/tf_60_mf_5p0_seed_1/last_model_1.pth
2026-05-21 16:09:24,714 INFO src.train.trainer: Epoch 17
2026-05-21 16:09:28,107 INFO src.train.trainer: New best validation loss: 0.0694, saved to /root/autodl-tmp/em_eqf/experiments/clf_pre_v1/clf_pre_AZDX_v1/runs/tf_60_mf_5p0_seed_1/best_model_1.pth
2026-05-21 16:09:28,113 INFO src.train.trainer: Last model at epoch 17 saved to /root/autodl-tmp/em_eqf/experiments/clf_pre_v1/clf_pre_AZDX_v1/runs/tf_60_mf_5p0_seed_1/last_model_1.pth
2026-05-21 16:09:28,113 INFO src.train.trainer: Epoch 18
2026-05-21 16:09:31,506 INFO src.train.trainer: Last model at epoch 18 saved to /root/autodl-tmp/em_eqf/experiments/clf_pre_v1/clf_pre_AZDX_v1/runs/tf_60_mf_5p0_seed_1/last_model_1.pth
2026-05-21 16:09:31,506 INFO src.train.trainer: Epoch 19
2026-05-21 16:09:34,838 INFO src.train.trainer: Last model at epoch 19 saved to /root/autodl-tmp/em_eqf/experiments/clf_pre_v1/clf_pre_AZDX_v1/runs/tf_60_mf_5p0_seed_1/last_model_1.pth
2026-05-21 16:09:34,838 INFO src.train.trainer: Epoch 20
2026-05-21 16:09:38,408 INFO src.train.trainer: Last model at epoch 20 saved to /root/autodl-tmp/em_eqf/experiments/clf_pre_v1/clf_pre_AZDX_v1/runs/tf_60_mf_5p0_seed_1/last_model_1.pth
2026-05-21 16:09:38,408 INFO src.train.trainer: Epoch 21
2026-05-21 16:09:42,183 INFO src.train.trainer: Last model at epoch 21 saved to /root/autodl-tmp/em_eqf/experiments/clf_pre_v1/clf_pre_AZDX_v1/runs/tf_60_mf_5p0_seed_1/last_model_1.pth
2026-05-21 16:09:42,183 INFO src.train.trainer: Epoch 22
2026-05-21 16:09:45,703 INFO src.train.trainer: Last model at epoch 22 saved to /root/autodl-tmp/em_eqf/experiments/clf_pre_v1/clf_pre_AZDX_v1/runs/tf_60_mf_5p0_seed_1/last_model_1.pth
2026-05-21 16:09:45,703 INFO src.train.trainer: Epoch 23
2026-05-21 16:09:49,245 INFO src.train.trainer: Last model at epoch 23 saved to /root/autodl-tmp/em_eqf/experiments/clf_pre_v1/clf_pre_AZDX_v1/runs/tf_60_mf_5p0_seed_1/last_model_1.pth
2026-05-21 16:09:49,245 INFO src.train.trainer: Epoch 24
2026-05-21 16:09:52,505 INFO src.train.trainer: Last model at epoch 24 saved to /root/autodl-tmp/em_eqf/experiments/clf_pre_v1/clf_pre_AZDX_v1/runs/tf_60_mf_5p0_seed_1/last_model_1.pth
2026-05-21 16:09:52,506 INFO src.train.trainer: Epoch 25
2026-05-21 16:09:55,957 INFO src.train.trainer: Last model at epoch 25 saved to /root/autodl-tmp/em_eqf/experiments/clf_pre_v1/clf_pre_AZDX_v1/runs/tf_60_mf_5p0_seed_1/last_model_1.pth
2026-05-21 16:09:55,957 INFO src.train.trainer: Epoch 26
2026-05-21 16:09:59,345 INFO src.train.trainer: Last model at epoch 26 saved to /root/autodl-tmp/em_eqf/experiments/clf_pre_v1/clf_pre_AZDX_v1/runs/tf_60_mf_5p0_seed_1/last_model_1.pth
2026-05-21 16:09:59,346 INFO src.train.trainer: Epoch 27
2026-05-21 16:10:02,513 INFO src.train.trainer: New best validation loss: 0.0690, saved to /root/autodl-tmp/em_eqf/experiments/clf_pre_v1/clf_pre_AZDX_v1/runs/tf_60_mf_5p0_seed_1/best_model_1.pth
2026-05-21 16:10:02,520 INFO src.train.trainer: Last model at epoch 27 saved to /root/autodl-tmp/em_eqf/experiments/clf_pre_v1/clf_pre_AZDX_v1/runs/tf_60_mf_5p0_seed_1/last_model_1.pth
2026-05-21 16:10:02,520 INFO src.train.trainer: Epoch 28
2026-05-21 16:10:06,204 INFO src.train.trainer: New best validation loss: 0.0679, saved to /root/autodl-tmp/em_eqf/experiments/clf_pre_v1/clf_pre_AZDX_v1/runs/tf_60_mf_5p0_seed_1/best_model_1.pth
2026-05-21 16:10:06,211 INFO src.train.trainer: Last model at epoch 28 saved to /root/autodl-tmp/em_eqf/experiments/clf_pre_v1/clf_pre_AZDX_v1/runs/tf_60_mf_5p0_seed_1/last_model_1.pth
2026-05-21 16:10:06,211 INFO src.train.trainer: Epoch 29
2026-05-21 16:10:09,762 INFO src.train.trainer: Last model at epoch 29 saved to /root/autodl-tmp/em_eqf/experiments/clf_pre_v1/clf_pre_AZDX_v1/runs/tf_60_mf_5p0_seed_1/last_model_1.pth
2026-05-21 16:10:09,762 INFO src.train.trainer: Epoch 30
2026-05-21 16:10:13,109 INFO src.train.trainer: New best validation loss: 0.0678, saved to /root/autodl-tmp/em_eqf/experiments/clf_pre_v1/clf_pre_AZDX_v1/runs/tf_60_mf_5p0_seed_1/best_model_1.pth
2026-05-21 16:10:13,116 INFO src.train.trainer: Last model at epoch 30 saved to /root/autodl-tmp/em_eqf/experiments/clf_pre_v1/clf_pre_AZDX_v1/runs/tf_60_mf_5p0_seed_1/last_model_1.pth
2026-05-21 16:10:13,116 INFO src.train.trainer: Epoch 31
2026-05-21 16:10:16,121 INFO src.train.trainer: Last model at epoch 31 saved to /root/autodl-tmp/em_eqf/experiments/clf_pre_v1/clf_pre_AZDX_v1/runs/tf_60_mf_5p0_seed_1/last_model_1.pth
2026-05-21 16:10:16,121 INFO src.train.trainer: Epoch 32
2026-05-21 16:10:19,205 INFO src.train.trainer: Last model at epoch 32 saved to /root/autodl-tmp/em_eqf/experiments/clf_pre_v1/clf_pre_AZDX_v1/runs/tf_60_mf_5p0_seed_1/last_model_1.pth
2026-05-21 16:10:19,205 INFO src.train.trainer: Epoch 33
2026-05-21 16:10:22,730 INFO src.train.trainer: Last model at epoch 33 saved to /root/autodl-tmp/em_eqf/experiments/clf_pre_v1/clf_pre_AZDX_v1/runs/tf_60_mf_5p0_seed_1/last_model_1.pth
2026-05-21 16:10:22,730 INFO src.train.trainer: Epoch 34
2026-05-21 16:10:26,376 INFO src.train.trainer: Last model at epoch 34 saved to /root/autodl-tmp/em_eqf/experiments/clf_pre_v1/clf_pre_AZDX_v1/runs/tf_60_mf_5p0_seed_1/last_model_1.pth
2026-05-21 16:10:26,377 INFO src.train.trainer: Epoch 35
2026-05-21 16:10:30,373 INFO src.train.trainer: New best validation loss: 0.0676, saved to /root/autodl-tmp/em_eqf/experiments/clf_pre_v1/clf_pre_AZDX_v1/runs/tf_60_mf_5p0_seed_1/best_model_1.pth
2026-05-21 16:10:30,380 INFO src.train.trainer: Last model at epoch 35 saved to /root/autodl-tmp/em_eqf/experiments/clf_pre_v1/clf_pre_AZDX_v1/runs/tf_60_mf_5p0_seed_1/last_model_1.pth
2026-05-21 16:10:30,380 INFO src.train.trainer: Epoch 36
2026-05-21 16:10:33,845 INFO src.train.trainer: New best validation loss: 0.0670, saved to /root/autodl-tmp/em_eqf/experiments/clf_pre_v1/clf_pre_AZDX_v1/runs/tf_60_mf_5p0_seed_1/best_model_1.pth
2026-05-21 16:10:33,851 INFO src.train.trainer: Last model at epoch 36 saved to /root/autodl-tmp/em_eqf/experiments/clf_pre_v1/clf_pre_AZDX_v1/runs/tf_60_mf_5p0_seed_1/last_model_1.pth
2026-05-21 16:10:33,851 INFO src.train.trainer: Epoch 37
2026-05-21 16:10:37,022 INFO src.train.trainer: Last model at epoch 37 saved to /root/autodl-tmp/em_eqf/experiments/clf_pre_v1/clf_pre_AZDX_v1/runs/tf_60_mf_5p0_seed_1/last_model_1.pth
2026-05-21 16:10:37,022 INFO src.train.trainer: Epoch 38
2026-05-21 16:10:40,229 INFO src.train.trainer: Last model at epoch 38 saved to /root/autodl-tmp/em_eqf/experiments/clf_pre_v1/clf_pre_AZDX_v1/runs/tf_60_mf_5p0_seed_1/last_model_1.pth
2026-05-21 16:10:40,229 INFO src.train.trainer: Epoch 39
2026-05-21 16:10:43,550 INFO src.train.trainer: New best validation loss: 0.0668, saved to /root/autodl-tmp/em_eqf/experiments/clf_pre_v1/clf_pre_AZDX_v1/runs/tf_60_mf_5p0_seed_1/best_model_1.pth
2026-05-21 16:10:43,605 INFO src.train.trainer: Last model at epoch 39 saved to /root/autodl-tmp/em_eqf/experiments/clf_pre_v1/clf_pre_AZDX_v1/runs/tf_60_mf_5p0_seed_1/last_model_1.pth
2026-05-21 16:10:43,605 INFO src.train.trainer: Epoch 40
2026-05-21 16:10:47,132 INFO src.train.trainer: Last model at epoch 40 saved to /root/autodl-tmp/em_eqf/experiments/clf_pre_v1/clf_pre_AZDX_v1/runs/tf_60_mf_5p0_seed_1/last_model_1.pth
2026-05-21 16:10:47,133 INFO src.train.trainer: Epoch 41
2026-05-21 16:10:50,773 INFO src.train.trainer: Last model at epoch 41 saved to /root/autodl-tmp/em_eqf/experiments/clf_pre_v1/clf_pre_AZDX_v1/runs/tf_60_mf_5p0_seed_1/last_model_1.pth
2026-05-21 16:10:50,773 INFO src.train.trainer: Epoch 42
2026-05-21 16:10:54,448 INFO src.train.trainer: Last model at epoch 42 saved to /root/autodl-tmp/em_eqf/experiments/clf_pre_v1/clf_pre_AZDX_v1/runs/tf_60_mf_5p0_seed_1/last_model_1.pth
2026-05-21 16:10:54,448 INFO src.train.trainer: Epoch 43
2026-05-21 16:10:58,345 INFO src.train.trainer: Last model at epoch 43 saved to /root/autodl-tmp/em_eqf/experiments/clf_pre_v1/clf_pre_AZDX_v1/runs/tf_60_mf_5p0_seed_1/last_model_1.pth
2026-05-21 16:10:58,345 INFO src.train.trainer: Epoch 44
2026-05-21 16:11:01,782 INFO src.train.trainer: Last model at epoch 44 saved to /root/autodl-tmp/em_eqf/experiments/clf_pre_v1/clf_pre_AZDX_v1/runs/tf_60_mf_5p0_seed_1/last_model_1.pth
2026-05-21 16:11:01,783 INFO src.train.trainer: Epoch 45
2026-05-21 16:11:05,104 INFO src.train.trainer: Last model at epoch 45 saved to /root/autodl-tmp/em_eqf/experiments/clf_pre_v1/clf_pre_AZDX_v1/runs/tf_60_mf_5p0_seed_1/last_model_1.pth
2026-05-21 16:11:05,104 INFO src.train.trainer: Epoch 46
2026-05-21 16:11:08,231 INFO src.train.trainer: Last model at epoch 46 saved to /root/autodl-tmp/em_eqf/experiments/clf_pre_v1/clf_pre_AZDX_v1/runs/tf_60_mf_5p0_seed_1/last_model_1.pth
2026-05-21 16:11:08,231 INFO src.train.trainer: Epoch 47
2026-05-21 16:11:11,462 INFO src.train.trainer: Last model at epoch 47 saved to /root/autodl-tmp/em_eqf/experiments/clf_pre_v1/clf_pre_AZDX_v1/runs/tf_60_mf_5p0_seed_1/last_model_1.pth
2026-05-21 16:11:11,462 INFO src.train.trainer: Epoch 48
2026-05-21 16:11:15,021 INFO src.train.trainer: Last model at epoch 48 saved to /root/autodl-tmp/em_eqf/experiments/clf_pre_v1/clf_pre_AZDX_v1/runs/tf_60_mf_5p0_seed_1/last_model_1.pth
2026-05-21 16:11:15,021 INFO src.train.trainer: Epoch 49
2026-05-21 16:11:18,693 INFO src.train.trainer: Last model at epoch 49 saved to /root/autodl-tmp/em_eqf/experiments/clf_pre_v1/clf_pre_AZDX_v1/runs/tf_60_mf_5p0_seed_1/last_model_1.pth
2026-05-21 16:11:18,693 INFO src.train.trainer: Early stopping triggered at epoch 49 (best epoch: 39, best val loss: 0.066806)
2026-05-21 16:11:28,317 INFO src.data.preprocessing: CSV files found: ['chuandian_2021.csv']
2026-05-21 16:11:28,982 INFO src.utils.file_utils: Loading cached data from: data/ChuanDian/classifier/classifier_Mc_3_Mf_5.0_Tfore_60_Twindow_180_context_len_1_dt_10.pkl
2026-05-21 16:11:29,348 INFO src.data.preprocessing: Catalog statistics: {'tau_unfiltered': 0.15339908988298961, 'tau_q025': 0.08114294020924717, 'tau_q05': 0.5134664350189269, 'tau_mean': 1.3070542199341526, 'tau_max': 25.18216435192153, 'tau_min': 0.0, 'time_max': 18770.72654999979, 'time_mean': 10030.9430649837, 'mag_completeness': 3.0, 'mag_mean': 3.456916005014626, 'mag_max': 8.0, 'mag_min': 3.0, 'b_value': 0.856738547623331, 'b_std': 0.0071499224812533796, 'b_n': 14358}
2026-05-21 16:11:29,371 INFO src.data.event_loader: lengths of samples: min=32, max=981, avg=129.55
2026-05-21 16:11:29,371 INFO src.data.event_loader: Number of positive samples: 808
2026-05-21 16:11:29,371 INFO src.data.event_loader: Number of negative samples: 651
2026-05-21 16:11:29,372 INFO src.data.event_loader: Positive samples: 673, Negative samples: 494
2026-05-21 16:11:29,372 INFO src.data.event_loader: Total samples: 1167, Positive ratio: 0.58, Negative ratio: 0.42
2026-05-21 16:11:29,373 INFO src.data.event_loader: Positive samples: 87, Negative samples: 58
2026-05-21 16:11:29,373 INFO src.data.event_loader: Total samples: 145, Positive ratio: 0.60, Negative ratio: 0.40
2026-05-21 16:11:29,373 INFO src.data.event_loader: Positive samples: 48, Negative samples: 99
2026-05-21 16:11:29,373 INFO src.data.event_loader: Total samples: 147, Positive ratio: 0.33, Negative ratio: 0.67
2026-05-21 16:11:29,754 INFO src.models.adapters.mixer_task: using time scale base 1.3070542199341526 (key: tau_mean)
2026-05-21 16:11:29,754 INFO src.models.adapters.mixer_task: tau mean: tensor(1.3071)
2026-05-21 16:11:29,760 INFO src.train.config_setup: Restoring model from checkpoint.
2026-05-21 16:11:29,761 INFO src.train.config_setup: Loading model weights: load_specific_parts=None
2026-05-21 16:11:29,762 INFO src.train.config_setup: Checkpoint loaded: <All keys matched successfully>
2026-05-21 16:11:29,762 INFO src.train.config_setup: Full load summary: loaded=56, missing=0, unexpected=0
2026-05-21 16:11:29,763 INFO src.train.config_setup: Checkpoint hyperparameters loaded.
2026-05-21 16:11:29,763 INFO src.train.config_setup: Checkpoint train metrics available.
2026-05-21 16:11:29,763 INFO src.train.config_setup: Checkpoint val metrics available.
2026-05-21 16:11:29,763 INFO src.train.config_setup: Freeze skipped (checkpoint_restore): freeze_parts is empty.
2026-05-21 16:11:29,764 INFO src.train.config_setup: Using classification criterion: focal
2026-05-21 16:11:29,764 INFO src.train.config_setup: Criterion config: {'alpha': 0.5, 'gamma': 2.0}
2026-05-21 16:11:29,765 INFO src.train.config_setup: Not resuming optimizer/scheduler state; reset training state to start_epoch=0, best_val_loss=inf.
2026-05-21 16:11:29,765 INFO src.cli.common: Using threshold 0.4428551197052002 from checkpoint val_metrics for testing.
2026-05-21 16:11:34,584 INFO src.utils.metrics: ROC curve saved to /root/autodl-tmp/em_eqf/experiments/clf_pre_v1/clf_pre_AZDX_v1/runs/tf_60_mf_5p0_seed_1/roc_curve.png
2026-05-21 16:11:34,702 INFO src.utils.metrics: PR curve saved to /root/autodl-tmp/em_eqf/experiments/clf_pre_v1/clf_pre_AZDX_v1/runs/tf_60_mf_5p0_seed_1/pr_curve.png
2026-05-21 16:11:34,764 INFO src.utils.metrics: Confusion matrix saved to /root/autodl-tmp/em_eqf/experiments/clf_pre_v1/clf_pre_AZDX_v1/runs/tf_60_mf_5p0_seed_1/confusion_matrix.png
2026-05-21 16:11:34,765 INFO src.cli.workflows: Test loss: 0.06056693866848946
2026-05-21 16:11:35,602 INFO src.train.classifier_train_step: Prediction distribution plot has been saved to: /root/autodl-tmp/em_eqf/experiments/clf_pre_v1/clf_pre_AZDX_v1/runs/tf_60_mf_5p0_seed_1/train_pred_distribution.png
2026-05-21 16:11:36,043 INFO src.train.classifier_train_step: Prediction distribution plot has been saved to: /root/autodl-tmp/em_eqf/experiments/clf_pre_v1/clf_pre_AZDX_v1/runs/tf_60_mf_5p0_seed_1/val_pred_distribution.png
2026-05-21 16:11:36,463 INFO src.train.classifier_train_step: Prediction distribution plot has been saved to: /root/autodl-tmp/em_eqf/experiments/clf_pre_v1/clf_pre_AZDX_v1/runs/tf_60_mf_5p0_seed_1/test_pred_distribution.png
2026-05-21 16:11:36,463 INFO src.cli.common: Saved test metrics to /root/autodl-tmp/em_eqf/experiments/clf_pre_v1/clf_pre_AZDX_v1/runs/tf_60_mf_5p0_seed_1/metrics_test_best_1.json
2026-05-21 16:11:36,463 INFO src.cli.common: Metrics: {'precision': 0.35294117647058826, 'recall': 1.0, 'f1': 0.5217391304347826, 'auc': 0.8941498316498316, 'pr_auc': 0.8556977680527429, 'fpr': 0.8888888888888888, 'tpr': 1.0, 'R': 0.11111111111111116, 'conf': 6.172219459189916e-47, 'threshold': 0.4428551197052002}
