2026-05-21 17:06:58,094 INFO src.data.preprocessing: CSV files found: ['chuandian_2021.csv']
2026-05-21 17:06:58,631 INFO src.utils.file_utils: Loading cached data from: data/ChuanDian/classifier/classifier_Mc_3_Mf_5.0_Tfore_60_Twindow_180_context_len_1_dt_10.pkl
2026-05-21 17:06:58,955 INFO src.data.preprocessing: Catalog statistics: {'tau_unfiltered': 0.15339908988298961, 'tau_q025': 0.08114294020924717, 'tau_q05': 0.5134664350189269, 'tau_mean': 1.3070542199341526, 'tau_max': 25.18216435192153, 'tau_min': 0.0, 'time_max': 18770.72654999979, 'time_mean': 10030.9430649837, 'mag_completeness': 3.0, 'mag_mean': 3.456916005014626, 'mag_max': 8.0, 'mag_min': 3.0, 'b_value': 0.856738547623331, 'b_std': 0.0071499224812533796, 'b_n': 14358}
2026-05-21 17:06:58,970 INFO src.data.event_loader: lengths of samples: min=32, max=981, avg=129.55
2026-05-21 17:06:58,970 INFO src.data.event_loader: Number of positive samples: 808
2026-05-21 17:06:58,970 INFO src.data.event_loader: Number of negative samples: 651
2026-05-21 17:06:58,971 INFO src.data.event_loader: Positive samples: 673, Negative samples: 494
2026-05-21 17:06:58,971 INFO src.data.event_loader: Total samples: 1167, Positive ratio: 0.58, Negative ratio: 0.42
2026-05-21 17:06:58,971 INFO src.data.event_loader: Positive samples: 87, Negative samples: 58
2026-05-21 17:06:58,971 INFO src.data.event_loader: Total samples: 145, Positive ratio: 0.60, Negative ratio: 0.40
2026-05-21 17:06:58,972 INFO src.data.event_loader: Positive samples: 48, Negative samples: 99
2026-05-21 17:06:58,972 INFO src.data.event_loader: Total samples: 147, Positive ratio: 0.33, Negative ratio: 0.67
2026-05-21 17:06:59,025 INFO src.cli.workflows: Loading checkpoint from: ./checkpoints/mixer_tpp_20260514-211318/last_model_1.pth
2026-05-21 17:06:59,838 INFO src.models.adapters.mixer_task: using time scale base 1.3070542199341526 (key: tau_mean)
2026-05-21 17:06:59,838 INFO src.models.adapters.mixer_task: tau mean: tensor(1.3071)
2026-05-21 17:06:59,878 INFO src.train.config_setup: Restoring model from checkpoint.
2026-05-21 17:06:59,879 INFO src.train.config_setup: Loading model weights: load_specific_parts=['encoder']
2026-05-21 17:06:59,880 INFO src.train.config_setup: Selective load summary: requested_parts=['encoder'], target_in_model=40, matched_in_checkpoint=30, loaded=30, missing_after_load=10, shape_mismatch=0, missing_in_model=0, out_of_scope_loaded=0
2026-05-21 17:06:59,880 INFO src.train.config_setup: Selective load coverage [encoder]: target=40, hit=30, missing=10, complete=False
2026-05-21 17:06:59,880 WARNING src.train.config_setup: Selective load coverage missing preview [encoder]: ['base_model.encoder.layers.2.mixer.in_proj.bias', 'base_model.encoder.layers.2.mixer.in_proj.weight', 'base_model.encoder.layers.2.mixer.out_proj.bias', 'base_model.encoder.layers.2.mixer.out_proj.weight', 'base_model.encoder.layers.2.mlp.fc1.weight', 'base_model.encoder.layers.2.mlp.fc2.weight', 'base_model.encoder.layers.2.norm.bias', 'base_model.encoder.layers.2.norm.weight'] ... (+2 more)
2026-05-21 17:06:59,880 WARNING src.train.config_setup: Checkpoint missing target parameter preview: ['base_model.encoder.layers.2.mixer.in_proj.bias', 'base_model.encoder.layers.2.mixer.in_proj.weight', 'base_model.encoder.layers.2.mixer.out_proj.bias', 'base_model.encoder.layers.2.mixer.out_proj.weight', 'base_model.encoder.layers.2.mlp.fc1.weight', 'base_model.encoder.layers.2.mlp.fc2.weight', 'base_model.encoder.layers.2.norm.bias', 'base_model.encoder.layers.2.norm.weight', 'base_model.encoder.layers.2.norm2.bias', 'base_model.encoder.layers.2.norm2.weight']
2026-05-21 17:06:59,880 WARNING src.train.config_setup: Target not-loaded parameter preview: ['base_model.encoder.layers.2.mixer.in_proj.bias', 'base_model.encoder.layers.2.mixer.in_proj.weight', 'base_model.encoder.layers.2.mixer.out_proj.bias', 'base_model.encoder.layers.2.mixer.out_proj.weight', 'base_model.encoder.layers.2.mlp.fc1.weight', 'base_model.encoder.layers.2.mlp.fc2.weight', 'base_model.encoder.layers.2.norm.bias', 'base_model.encoder.layers.2.norm.weight', 'base_model.encoder.layers.2.norm2.bias', 'base_model.encoder.layers.2.norm2.weight']
2026-05-21 17:06:59,880 INFO src.train.config_setup: Loaded parameter preview: ['base_model.encoder.layers.1.mixer.A_log', 'base_model.encoder.norm_f.weight', 'base_model.encoder.layers.0.mixer.dt_bias', 'base_model.encoder.input_proj.3.bias', 'base_model.encoder.layers.1.mixer.norm.weight', 'base_model.encoder.layers.0.norm2.bias', 'base_model.encoder.layers.1.mixer.out_proj.weight', 'base_model.encoder.layers.1.mlp.fc1.weight', 'base_model.encoder.layers.0.norm.bias', 'base_model.encoder.layers.1.norm2.bias'] ... (+20 more)
2026-05-21 17:06:59,881 INFO src.train.config_setup: Checkpoint hyperparameters loaded.
2026-05-21 17:06:59,881 INFO src.train.config_setup: Checkpoint train metrics available.
2026-05-21 17:06:59,881 INFO src.train.config_setup: Checkpoint val metrics available.
2026-05-21 17:06:59,881 INFO src.train.config_setup: Freeze skipped (checkpoint_restore): freeze_parts is empty.
2026-05-21 17:06:59,882 INFO src.train.config_setup: Using classification criterion: focal
2026-05-21 17:06:59,882 INFO src.train.config_setup: Criterion config: {'alpha': 0.5, 'gamma': 2.0}
2026-05-21 17:06:59,882 INFO src.train.config_setup: Not resuming optimizer/scheduler state; reset training state to start_epoch=0, best_val_loss=inf.
2026-05-21 17:06:59,883 INFO src.train.trainer: Epoch 1
2026-05-21 17:07:14,270 INFO src.train.trainer: New best validation loss: 0.1023, saved to /root/autodl-tmp/em_eqf/experiments/clf_pre_v1/clf_pre_SCEDC_minus_b_v1/runs/tf_60_mf_5p0_seed_1/best_model_1.pth
2026-05-21 17:07:14,303 INFO src.train.trainer: Last model at epoch 1 saved to /root/autodl-tmp/em_eqf/experiments/clf_pre_v1/clf_pre_SCEDC_minus_b_v1/runs/tf_60_mf_5p0_seed_1/last_model_1.pth
2026-05-21 17:07:14,303 INFO src.train.trainer: Epoch 2
2026-05-21 17:07:17,977 INFO src.train.trainer: New best validation loss: 0.0884, saved to /root/autodl-tmp/em_eqf/experiments/clf_pre_v1/clf_pre_SCEDC_minus_b_v1/runs/tf_60_mf_5p0_seed_1/best_model_1.pth
2026-05-21 17:07:17,986 INFO src.train.trainer: Last model at epoch 2 saved to /root/autodl-tmp/em_eqf/experiments/clf_pre_v1/clf_pre_SCEDC_minus_b_v1/runs/tf_60_mf_5p0_seed_1/last_model_1.pth
2026-05-21 17:07:17,986 INFO src.train.trainer: Epoch 3
2026-05-21 17:07:21,675 INFO src.train.trainer: New best validation loss: 0.0866, saved to /root/autodl-tmp/em_eqf/experiments/clf_pre_v1/clf_pre_SCEDC_minus_b_v1/runs/tf_60_mf_5p0_seed_1/best_model_1.pth
2026-05-21 17:07:21,684 INFO src.train.trainer: Last model at epoch 3 saved to /root/autodl-tmp/em_eqf/experiments/clf_pre_v1/clf_pre_SCEDC_minus_b_v1/runs/tf_60_mf_5p0_seed_1/last_model_1.pth
2026-05-21 17:07:21,684 INFO src.train.trainer: Epoch 4
2026-05-21 17:07:25,239 INFO src.train.trainer: New best validation loss: 0.0828, saved to /root/autodl-tmp/em_eqf/experiments/clf_pre_v1/clf_pre_SCEDC_minus_b_v1/runs/tf_60_mf_5p0_seed_1/best_model_1.pth
2026-05-21 17:07:25,245 INFO src.train.trainer: Last model at epoch 4 saved to /root/autodl-tmp/em_eqf/experiments/clf_pre_v1/clf_pre_SCEDC_minus_b_v1/runs/tf_60_mf_5p0_seed_1/last_model_1.pth
2026-05-21 17:07:25,245 INFO src.train.trainer: Epoch 5
2026-05-21 17:07:28,521 INFO src.train.trainer: New best validation loss: 0.0797, saved to /root/autodl-tmp/em_eqf/experiments/clf_pre_v1/clf_pre_SCEDC_minus_b_v1/runs/tf_60_mf_5p0_seed_1/best_model_1.pth
2026-05-21 17:07:28,527 INFO src.train.trainer: Last model at epoch 5 saved to /root/autodl-tmp/em_eqf/experiments/clf_pre_v1/clf_pre_SCEDC_minus_b_v1/runs/tf_60_mf_5p0_seed_1/last_model_1.pth
2026-05-21 17:07:28,527 INFO src.train.trainer: Epoch 6
2026-05-21 17:07:31,796 INFO src.train.trainer: Last model at epoch 6 saved to /root/autodl-tmp/em_eqf/experiments/clf_pre_v1/clf_pre_SCEDC_minus_b_v1/runs/tf_60_mf_5p0_seed_1/last_model_1.pth
2026-05-21 17:07:31,797 INFO src.train.trainer: Epoch 7
2026-05-21 17:07:34,978 INFO src.train.trainer: Last model at epoch 7 saved to /root/autodl-tmp/em_eqf/experiments/clf_pre_v1/clf_pre_SCEDC_minus_b_v1/runs/tf_60_mf_5p0_seed_1/last_model_1.pth
2026-05-21 17:07:34,978 INFO src.train.trainer: Epoch 8
2026-05-21 17:07:38,310 INFO src.train.trainer: Last model at epoch 8 saved to /root/autodl-tmp/em_eqf/experiments/clf_pre_v1/clf_pre_SCEDC_minus_b_v1/runs/tf_60_mf_5p0_seed_1/last_model_1.pth
2026-05-21 17:07:38,310 INFO src.train.trainer: Epoch 9
2026-05-21 17:07:41,715 INFO src.train.trainer: Last model at epoch 9 saved to /root/autodl-tmp/em_eqf/experiments/clf_pre_v1/clf_pre_SCEDC_minus_b_v1/runs/tf_60_mf_5p0_seed_1/last_model_1.pth
2026-05-21 17:07:41,715 INFO src.train.trainer: Epoch 10
2026-05-21 17:07:45,657 INFO src.train.trainer: Last model at epoch 10 saved to /root/autodl-tmp/em_eqf/experiments/clf_pre_v1/clf_pre_SCEDC_minus_b_v1/runs/tf_60_mf_5p0_seed_1/last_model_1.pth
2026-05-21 17:07:45,658 INFO src.train.trainer: Epoch 11
2026-05-21 17:07:49,614 INFO src.train.trainer: Last model at epoch 11 saved to /root/autodl-tmp/em_eqf/experiments/clf_pre_v1/clf_pre_SCEDC_minus_b_v1/runs/tf_60_mf_5p0_seed_1/last_model_1.pth
2026-05-21 17:07:49,615 INFO src.train.trainer: Epoch 12
2026-05-21 17:07:52,836 INFO src.train.trainer: Last model at epoch 12 saved to /root/autodl-tmp/em_eqf/experiments/clf_pre_v1/clf_pre_SCEDC_minus_b_v1/runs/tf_60_mf_5p0_seed_1/last_model_1.pth
2026-05-21 17:07:52,836 INFO src.train.trainer: Epoch 13
2026-05-21 17:07:56,338 INFO src.train.trainer: Last model at epoch 13 saved to /root/autodl-tmp/em_eqf/experiments/clf_pre_v1/clf_pre_SCEDC_minus_b_v1/runs/tf_60_mf_5p0_seed_1/last_model_1.pth
2026-05-21 17:07:56,338 INFO src.train.trainer: Epoch 14
2026-05-21 17:08:00,097 INFO src.train.trainer: New best validation loss: 0.0785, saved to /root/autodl-tmp/em_eqf/experiments/clf_pre_v1/clf_pre_SCEDC_minus_b_v1/runs/tf_60_mf_5p0_seed_1/best_model_1.pth
2026-05-21 17:08:00,105 INFO src.train.trainer: Last model at epoch 14 saved to /root/autodl-tmp/em_eqf/experiments/clf_pre_v1/clf_pre_SCEDC_minus_b_v1/runs/tf_60_mf_5p0_seed_1/last_model_1.pth
2026-05-21 17:08:00,105 INFO src.train.trainer: Epoch 15
2026-05-21 17:08:04,468 INFO src.train.trainer: Last model at epoch 15 saved to /root/autodl-tmp/em_eqf/experiments/clf_pre_v1/clf_pre_SCEDC_minus_b_v1/runs/tf_60_mf_5p0_seed_1/last_model_1.pth
2026-05-21 17:08:04,468 INFO src.train.trainer: Epoch 16
2026-05-21 17:08:08,709 INFO src.train.trainer: Last model at epoch 16 saved to /root/autodl-tmp/em_eqf/experiments/clf_pre_v1/clf_pre_SCEDC_minus_b_v1/runs/tf_60_mf_5p0_seed_1/last_model_1.pth
2026-05-21 17:08:08,709 INFO src.train.trainer: Epoch 17
2026-05-21 17:08:12,705 INFO src.train.trainer: Last model at epoch 17 saved to /root/autodl-tmp/em_eqf/experiments/clf_pre_v1/clf_pre_SCEDC_minus_b_v1/runs/tf_60_mf_5p0_seed_1/last_model_1.pth
2026-05-21 17:08:12,705 INFO src.train.trainer: Epoch 18
2026-05-21 17:08:16,232 INFO src.train.trainer: Last model at epoch 18 saved to /root/autodl-tmp/em_eqf/experiments/clf_pre_v1/clf_pre_SCEDC_minus_b_v1/runs/tf_60_mf_5p0_seed_1/last_model_1.pth
2026-05-21 17:08:16,233 INFO src.train.trainer: Epoch 19
2026-05-21 17:08:19,561 INFO src.train.trainer: Last model at epoch 19 saved to /root/autodl-tmp/em_eqf/experiments/clf_pre_v1/clf_pre_SCEDC_minus_b_v1/runs/tf_60_mf_5p0_seed_1/last_model_1.pth
2026-05-21 17:08:19,561 INFO src.train.trainer: Epoch 20
2026-05-21 17:08:23,147 INFO src.train.trainer: New best validation loss: 0.0769, saved to /root/autodl-tmp/em_eqf/experiments/clf_pre_v1/clf_pre_SCEDC_minus_b_v1/runs/tf_60_mf_5p0_seed_1/best_model_1.pth
2026-05-21 17:08:23,154 INFO src.train.trainer: Last model at epoch 20 saved to /root/autodl-tmp/em_eqf/experiments/clf_pre_v1/clf_pre_SCEDC_minus_b_v1/runs/tf_60_mf_5p0_seed_1/last_model_1.pth
2026-05-21 17:08:23,154 INFO src.train.trainer: Epoch 21
2026-05-21 17:08:26,615 INFO src.train.trainer: New best validation loss: 0.0739, saved to /root/autodl-tmp/em_eqf/experiments/clf_pre_v1/clf_pre_SCEDC_minus_b_v1/runs/tf_60_mf_5p0_seed_1/best_model_1.pth
2026-05-21 17:08:26,624 INFO src.train.trainer: Last model at epoch 21 saved to /root/autodl-tmp/em_eqf/experiments/clf_pre_v1/clf_pre_SCEDC_minus_b_v1/runs/tf_60_mf_5p0_seed_1/last_model_1.pth
2026-05-21 17:08:26,624 INFO src.train.trainer: Epoch 22
2026-05-21 17:08:30,155 INFO src.train.trainer: Last model at epoch 22 saved to /root/autodl-tmp/em_eqf/experiments/clf_pre_v1/clf_pre_SCEDC_minus_b_v1/runs/tf_60_mf_5p0_seed_1/last_model_1.pth
2026-05-21 17:08:30,155 INFO src.train.trainer: Epoch 23
2026-05-21 17:08:33,687 INFO src.train.trainer: New best validation loss: 0.0733, saved to /root/autodl-tmp/em_eqf/experiments/clf_pre_v1/clf_pre_SCEDC_minus_b_v1/runs/tf_60_mf_5p0_seed_1/best_model_1.pth
2026-05-21 17:08:33,694 INFO src.train.trainer: Last model at epoch 23 saved to /root/autodl-tmp/em_eqf/experiments/clf_pre_v1/clf_pre_SCEDC_minus_b_v1/runs/tf_60_mf_5p0_seed_1/last_model_1.pth
2026-05-21 17:08:33,694 INFO src.train.trainer: Epoch 24
2026-05-21 17:08:37,173 INFO src.train.trainer: New best validation loss: 0.0709, saved to /root/autodl-tmp/em_eqf/experiments/clf_pre_v1/clf_pre_SCEDC_minus_b_v1/runs/tf_60_mf_5p0_seed_1/best_model_1.pth
2026-05-21 17:08:37,179 INFO src.train.trainer: Last model at epoch 24 saved to /root/autodl-tmp/em_eqf/experiments/clf_pre_v1/clf_pre_SCEDC_minus_b_v1/runs/tf_60_mf_5p0_seed_1/last_model_1.pth
2026-05-21 17:08:37,180 INFO src.train.trainer: Epoch 25
2026-05-21 17:08:40,834 INFO src.train.trainer: New best validation loss: 0.0687, saved to /root/autodl-tmp/em_eqf/experiments/clf_pre_v1/clf_pre_SCEDC_minus_b_v1/runs/tf_60_mf_5p0_seed_1/best_model_1.pth
2026-05-21 17:08:40,843 INFO src.train.trainer: Last model at epoch 25 saved to /root/autodl-tmp/em_eqf/experiments/clf_pre_v1/clf_pre_SCEDC_minus_b_v1/runs/tf_60_mf_5p0_seed_1/last_model_1.pth
2026-05-21 17:08:40,843 INFO src.train.trainer: Epoch 26
2026-05-21 17:08:44,537 INFO src.train.trainer: Last model at epoch 26 saved to /root/autodl-tmp/em_eqf/experiments/clf_pre_v1/clf_pre_SCEDC_minus_b_v1/runs/tf_60_mf_5p0_seed_1/last_model_1.pth
2026-05-21 17:08:44,538 INFO src.train.trainer: Epoch 27
2026-05-21 17:08:48,182 INFO src.train.trainer: Last model at epoch 27 saved to /root/autodl-tmp/em_eqf/experiments/clf_pre_v1/clf_pre_SCEDC_minus_b_v1/runs/tf_60_mf_5p0_seed_1/last_model_1.pth
2026-05-21 17:08:48,183 INFO src.train.trainer: Epoch 28
2026-05-21 17:08:51,630 INFO src.train.trainer: Last model at epoch 28 saved to /root/autodl-tmp/em_eqf/experiments/clf_pre_v1/clf_pre_SCEDC_minus_b_v1/runs/tf_60_mf_5p0_seed_1/last_model_1.pth
2026-05-21 17:08:51,631 INFO src.train.trainer: Epoch 29
2026-05-21 17:08:55,021 INFO src.train.trainer: Last model at epoch 29 saved to /root/autodl-tmp/em_eqf/experiments/clf_pre_v1/clf_pre_SCEDC_minus_b_v1/runs/tf_60_mf_5p0_seed_1/last_model_1.pth
2026-05-21 17:08:55,021 INFO src.train.trainer: Epoch 30
2026-05-21 17:08:58,514 INFO src.train.trainer: Last model at epoch 30 saved to /root/autodl-tmp/em_eqf/experiments/clf_pre_v1/clf_pre_SCEDC_minus_b_v1/runs/tf_60_mf_5p0_seed_1/last_model_1.pth
2026-05-21 17:08:58,514 INFO src.train.trainer: Epoch 31
2026-05-21 17:09:01,897 INFO src.train.trainer: New best validation loss: 0.0674, saved to /root/autodl-tmp/em_eqf/experiments/clf_pre_v1/clf_pre_SCEDC_minus_b_v1/runs/tf_60_mf_5p0_seed_1/best_model_1.pth
2026-05-21 17:09:01,903 INFO src.train.trainer: Last model at epoch 31 saved to /root/autodl-tmp/em_eqf/experiments/clf_pre_v1/clf_pre_SCEDC_minus_b_v1/runs/tf_60_mf_5p0_seed_1/last_model_1.pth
2026-05-21 17:09:01,903 INFO src.train.trainer: Epoch 32
2026-05-21 17:09:05,504 INFO src.train.trainer: Last model at epoch 32 saved to /root/autodl-tmp/em_eqf/experiments/clf_pre_v1/clf_pre_SCEDC_minus_b_v1/runs/tf_60_mf_5p0_seed_1/last_model_1.pth
2026-05-21 17:09:05,505 INFO src.train.trainer: Epoch 33
2026-05-21 17:09:08,985 INFO src.train.trainer: Last model at epoch 33 saved to /root/autodl-tmp/em_eqf/experiments/clf_pre_v1/clf_pre_SCEDC_minus_b_v1/runs/tf_60_mf_5p0_seed_1/last_model_1.pth
2026-05-21 17:09:08,985 INFO src.train.trainer: Epoch 34
2026-05-21 17:09:12,490 INFO src.train.trainer: Last model at epoch 34 saved to /root/autodl-tmp/em_eqf/experiments/clf_pre_v1/clf_pre_SCEDC_minus_b_v1/runs/tf_60_mf_5p0_seed_1/last_model_1.pth
2026-05-21 17:09:12,490 INFO src.train.trainer: Epoch 35
2026-05-21 17:09:16,041 INFO src.train.trainer: Last model at epoch 35 saved to /root/autodl-tmp/em_eqf/experiments/clf_pre_v1/clf_pre_SCEDC_minus_b_v1/runs/tf_60_mf_5p0_seed_1/last_model_1.pth
2026-05-21 17:09:16,041 INFO src.train.trainer: Epoch 36
2026-05-21 17:09:19,434 INFO src.train.trainer: Last model at epoch 36 saved to /root/autodl-tmp/em_eqf/experiments/clf_pre_v1/clf_pre_SCEDC_minus_b_v1/runs/tf_60_mf_5p0_seed_1/last_model_1.pth
2026-05-21 17:09:19,434 INFO src.train.trainer: Epoch 37
2026-05-21 17:09:22,774 INFO src.train.trainer: Last model at epoch 37 saved to /root/autodl-tmp/em_eqf/experiments/clf_pre_v1/clf_pre_SCEDC_minus_b_v1/runs/tf_60_mf_5p0_seed_1/last_model_1.pth
2026-05-21 17:09:22,774 INFO src.train.trainer: Epoch 38
2026-05-21 17:09:26,129 INFO src.train.trainer: Last model at epoch 38 saved to /root/autodl-tmp/em_eqf/experiments/clf_pre_v1/clf_pre_SCEDC_minus_b_v1/runs/tf_60_mf_5p0_seed_1/last_model_1.pth
2026-05-21 17:09:26,129 INFO src.train.trainer: Epoch 39
2026-05-21 17:09:29,077 INFO src.train.trainer: Last model at epoch 39 saved to /root/autodl-tmp/em_eqf/experiments/clf_pre_v1/clf_pre_SCEDC_minus_b_v1/runs/tf_60_mf_5p0_seed_1/last_model_1.pth
2026-05-21 17:09:29,077 INFO src.train.trainer: Epoch 40
2026-05-21 17:09:31,989 INFO src.train.trainer: Last model at epoch 40 saved to /root/autodl-tmp/em_eqf/experiments/clf_pre_v1/clf_pre_SCEDC_minus_b_v1/runs/tf_60_mf_5p0_seed_1/last_model_1.pth
2026-05-21 17:09:31,990 INFO src.train.trainer: Epoch 41
2026-05-21 17:09:34,928 INFO src.train.trainer: Last model at epoch 41 saved to /root/autodl-tmp/em_eqf/experiments/clf_pre_v1/clf_pre_SCEDC_minus_b_v1/runs/tf_60_mf_5p0_seed_1/last_model_1.pth
2026-05-21 17:09:34,928 INFO src.train.trainer: Early stopping triggered at epoch 41 (best epoch: 31, best val loss: 0.067384)
2026-05-21 17:09:44,521 INFO src.data.preprocessing: CSV files found: ['chuandian_2021.csv']
2026-05-21 17:09:45,256 INFO src.utils.file_utils: Loading cached data from: data/ChuanDian/classifier/classifier_Mc_3_Mf_5.0_Tfore_60_Twindow_180_context_len_1_dt_10.pkl
2026-05-21 17:09:45,635 INFO src.data.preprocessing: Catalog statistics: {'tau_unfiltered': 0.15339908988298961, 'tau_q025': 0.08114294020924717, 'tau_q05': 0.5134664350189269, 'tau_mean': 1.3070542199341526, 'tau_max': 25.18216435192153, 'tau_min': 0.0, 'time_max': 18770.72654999979, 'time_mean': 10030.9430649837, 'mag_completeness': 3.0, 'mag_mean': 3.456916005014626, 'mag_max': 8.0, 'mag_min': 3.0, 'b_value': 0.856738547623331, 'b_std': 0.0071499224812533796, 'b_n': 14358}
2026-05-21 17:09:45,652 INFO src.data.event_loader: lengths of samples: min=32, max=981, avg=129.55
2026-05-21 17:09:45,652 INFO src.data.event_loader: Number of positive samples: 808
2026-05-21 17:09:45,653 INFO src.data.event_loader: Number of negative samples: 651
2026-05-21 17:09:45,653 INFO src.data.event_loader: Positive samples: 673, Negative samples: 494
2026-05-21 17:09:45,654 INFO src.data.event_loader: Total samples: 1167, Positive ratio: 0.58, Negative ratio: 0.42
2026-05-21 17:09:45,654 INFO src.data.event_loader: Positive samples: 87, Negative samples: 58
2026-05-21 17:09:45,654 INFO src.data.event_loader: Total samples: 145, Positive ratio: 0.60, Negative ratio: 0.40
2026-05-21 17:09:45,654 INFO src.data.event_loader: Positive samples: 48, Negative samples: 99
2026-05-21 17:09:45,654 INFO src.data.event_loader: Total samples: 147, Positive ratio: 0.33, Negative ratio: 0.67
2026-05-21 17:09:46,034 INFO src.models.adapters.mixer_task: using time scale base 1.3070542199341526 (key: tau_mean)
2026-05-21 17:09:46,034 INFO src.models.adapters.mixer_task: tau mean: tensor(1.3071)
2026-05-21 17:09:46,043 INFO src.train.config_setup: Restoring model from checkpoint.
2026-05-21 17:09:46,044 INFO src.train.config_setup: Loading model weights: load_specific_parts=None
2026-05-21 17:09:46,045 INFO src.train.config_setup: Checkpoint loaded: <All keys matched successfully>
2026-05-21 17:09:46,045 INFO src.train.config_setup: Full load summary: loaded=56, missing=0, unexpected=0
2026-05-21 17:09:46,046 INFO src.train.config_setup: Checkpoint hyperparameters loaded.
2026-05-21 17:09:46,046 INFO src.train.config_setup: Checkpoint train metrics available.
2026-05-21 17:09:46,046 INFO src.train.config_setup: Checkpoint val metrics available.
2026-05-21 17:09:46,047 INFO src.train.config_setup: Freeze skipped (checkpoint_restore): freeze_parts is empty.
2026-05-21 17:09:46,047 INFO src.train.config_setup: Using classification criterion: focal
2026-05-21 17:09:46,047 INFO src.train.config_setup: Criterion config: {'alpha': 0.5, 'gamma': 2.0}
2026-05-21 17:09:46,048 INFO src.train.config_setup: Not resuming optimizer/scheduler state; reset training state to start_epoch=0, best_val_loss=inf.
2026-05-21 17:09:46,048 INFO src.cli.common: Using threshold 0.43845194578170776 from checkpoint val_metrics for testing.
2026-05-21 17:09:50,571 INFO src.utils.metrics: ROC curve saved to /root/autodl-tmp/em_eqf/experiments/clf_pre_v1/clf_pre_SCEDC_minus_b_v1/runs/tf_60_mf_5p0_seed_1/roc_curve.png
2026-05-21 17:09:50,687 INFO src.utils.metrics: PR curve saved to /root/autodl-tmp/em_eqf/experiments/clf_pre_v1/clf_pre_SCEDC_minus_b_v1/runs/tf_60_mf_5p0_seed_1/pr_curve.png
2026-05-21 17:09:50,750 INFO src.utils.metrics: Confusion matrix saved to /root/autodl-tmp/em_eqf/experiments/clf_pre_v1/clf_pre_SCEDC_minus_b_v1/runs/tf_60_mf_5p0_seed_1/confusion_matrix.png
2026-05-21 17:09:50,750 INFO src.cli.workflows: Test loss: 0.05872127935290337
2026-05-21 17:09:51,656 INFO src.train.classifier_train_step: Prediction distribution plot has been saved to: /root/autodl-tmp/em_eqf/experiments/clf_pre_v1/clf_pre_SCEDC_minus_b_v1/runs/tf_60_mf_5p0_seed_1/train_pred_distribution.png
2026-05-21 17:09:52,138 INFO src.train.classifier_train_step: Prediction distribution plot has been saved to: /root/autodl-tmp/em_eqf/experiments/clf_pre_v1/clf_pre_SCEDC_minus_b_v1/runs/tf_60_mf_5p0_seed_1/val_pred_distribution.png
2026-05-21 17:09:52,500 INFO src.train.classifier_train_step: Prediction distribution plot has been saved to: /root/autodl-tmp/em_eqf/experiments/clf_pre_v1/clf_pre_SCEDC_minus_b_v1/runs/tf_60_mf_5p0_seed_1/test_pred_distribution.png
2026-05-21 17:09:52,500 INFO src.cli.common: Saved test metrics to /root/autodl-tmp/em_eqf/experiments/clf_pre_v1/clf_pre_SCEDC_minus_b_v1/runs/tf_60_mf_5p0_seed_1/metrics_test_best_1.json
2026-05-21 17:09:52,500 INFO src.cli.common: Metrics: {'precision': 0.5, 'recall': 0.8958333333333334, 'f1': 0.6417910447761194, 'auc': 0.878787878787879, 'pr_auc': 0.854164988661559, 'fpr': 0.43434343434343436, 'tpr': 0.8958333333333334, 'R': 0.461489898989899, 'conf': 0.9999999956656795, 'threshold': 0.43845194578170776}
