2026-05-08 18:12:01,887 INFO src.data.preprocessing: CSV files found: ['chuandian_2021.csv']
2026-05-08 18:12:02,687 INFO src.utils.file_utils: Loading cached data from: data/ChuanDian/regressor/regressor_Mc_3_Mf_3_Tfore_180_Twindow_360_context_len_0_dt_10.pkl
2026-05-08 18:12:04,378 INFO src.data.lstm_loader: Original number of samples: 1819, number of samples after cleaning: 1819
2026-05-08 18:12:04,378 INFO src.data.lstm_loader: Replaced NaN values in X with 0.0
2026-05-08 18:12:04,414 INFO __main__: No resume path provided. Training will start from scratch.
2026-05-08 18:12:04,958 INFO src.train.config_setup: Using regression criterion: smooth_l1
2026-05-08 18:12:04,959 INFO src.train.config_setup: Criterion config: {'beta': 0.1}
2026-05-08 18:12:04,960 INFO src.train.trainer: Epoch 1
2026-05-08 18:12:05,455 INFO src.train.trainer: New best validation loss: 0.3841, saved to checkpoints/lstm_20260508-181201/best_model_1.pth
2026-05-08 18:12:05,472 INFO src.train.trainer: Last model at epoch 1 saved to checkpoints/lstm_20260508-181201/last_model_1.pth
2026-05-08 18:12:05,472 INFO src.train.trainer: Epoch 2
2026-05-08 18:12:05,642 INFO src.train.trainer: New best validation loss: 0.2716, saved to checkpoints/lstm_20260508-181201/best_model_1.pth
2026-05-08 18:12:05,683 INFO src.train.trainer: Last model at epoch 2 saved to checkpoints/lstm_20260508-181201/last_model_1.pth
2026-05-08 18:12:05,683 INFO src.train.trainer: Epoch 3
2026-05-08 18:12:05,891 INFO src.train.trainer: New best validation loss: 0.0799, saved to checkpoints/lstm_20260508-181201/best_model_1.pth
2026-05-08 18:12:05,919 INFO src.train.trainer: Last model at epoch 3 saved to checkpoints/lstm_20260508-181201/last_model_1.pth
2026-05-08 18:12:05,919 INFO src.train.trainer: Epoch 4
2026-05-08 18:12:06,150 INFO src.train.trainer: New best validation loss: 0.0703, saved to checkpoints/lstm_20260508-181201/best_model_1.pth
2026-05-08 18:12:06,180 INFO src.train.trainer: Last model at epoch 4 saved to checkpoints/lstm_20260508-181201/last_model_1.pth
2026-05-08 18:12:06,180 INFO src.train.trainer: Epoch 5
2026-05-08 18:12:06,437 INFO src.train.trainer: Last model at epoch 5 saved to checkpoints/lstm_20260508-181201/last_model_1.pth
2026-05-08 18:12:06,437 INFO src.train.trainer: Epoch 6
2026-05-08 18:12:06,679 INFO src.train.trainer: Last model at epoch 6 saved to checkpoints/lstm_20260508-181201/last_model_1.pth
2026-05-08 18:12:06,679 INFO src.train.trainer: Epoch 7
2026-05-08 18:12:06,960 INFO src.train.trainer: New best validation loss: 0.0703, saved to checkpoints/lstm_20260508-181201/best_model_1.pth
2026-05-08 18:12:07,014 INFO src.train.trainer: Last model at epoch 7 saved to checkpoints/lstm_20260508-181201/last_model_1.pth
2026-05-08 18:12:07,014 INFO src.train.trainer: Epoch 8
2026-05-08 18:12:07,247 INFO src.train.trainer: New best validation loss: 0.0690, saved to checkpoints/lstm_20260508-181201/best_model_1.pth
2026-05-08 18:12:07,282 INFO src.train.trainer: Last model at epoch 8 saved to checkpoints/lstm_20260508-181201/last_model_1.pth
2026-05-08 18:12:07,282 INFO src.train.trainer: Epoch 9
2026-05-08 18:12:07,552 INFO src.train.trainer: New best validation loss: 0.0682, saved to checkpoints/lstm_20260508-181201/best_model_1.pth
2026-05-08 18:12:07,584 INFO src.train.trainer: Last model at epoch 9 saved to checkpoints/lstm_20260508-181201/last_model_1.pth
2026-05-08 18:12:07,584 INFO src.train.trainer: Epoch 10
2026-05-08 18:12:07,860 INFO src.train.trainer: New best validation loss: 0.0672, saved to checkpoints/lstm_20260508-181201/best_model_1.pth
2026-05-08 18:12:07,918 INFO src.train.trainer: Last model at epoch 10 saved to checkpoints/lstm_20260508-181201/last_model_1.pth
2026-05-08 18:12:07,918 INFO src.train.trainer: Epoch 11
2026-05-08 18:12:08,146 INFO src.train.trainer: New best validation loss: 0.0669, saved to checkpoints/lstm_20260508-181201/best_model_1.pth
2026-05-08 18:12:08,180 INFO src.train.trainer: Last model at epoch 11 saved to checkpoints/lstm_20260508-181201/last_model_1.pth
2026-05-08 18:12:08,180 INFO src.train.trainer: Epoch 12
2026-05-08 18:12:08,393 INFO src.train.trainer: Last model at epoch 12 saved to checkpoints/lstm_20260508-181201/last_model_1.pth
2026-05-08 18:12:08,393 INFO src.train.trainer: Epoch 13
2026-05-08 18:12:08,654 INFO src.train.trainer: New best validation loss: 0.0665, saved to checkpoints/lstm_20260508-181201/best_model_1.pth
2026-05-08 18:12:08,690 INFO src.train.trainer: Last model at epoch 13 saved to checkpoints/lstm_20260508-181201/last_model_1.pth
2026-05-08 18:12:08,690 INFO src.train.trainer: Epoch 14
2026-05-08 18:12:08,985 INFO src.train.trainer: Last model at epoch 14 saved to checkpoints/lstm_20260508-181201/last_model_1.pth
2026-05-08 18:12:08,986 INFO src.train.trainer: Epoch 15
2026-05-08 18:12:09,231 INFO src.train.trainer: Last model at epoch 15 saved to checkpoints/lstm_20260508-181201/last_model_1.pth
2026-05-08 18:12:09,231 INFO src.train.trainer: Epoch 16
2026-05-08 18:12:09,468 INFO src.train.trainer: Last model at epoch 16 saved to checkpoints/lstm_20260508-181201/last_model_1.pth
2026-05-08 18:12:09,468 INFO src.train.trainer: Epoch 17
2026-05-08 18:12:09,691 INFO src.train.trainer: New best validation loss: 0.0665, saved to checkpoints/lstm_20260508-181201/best_model_1.pth
2026-05-08 18:12:09,732 INFO src.train.trainer: Last model at epoch 17 saved to checkpoints/lstm_20260508-181201/last_model_1.pth
2026-05-08 18:12:09,732 INFO src.train.trainer: Epoch 18
2026-05-08 18:12:09,978 INFO src.train.trainer: Last model at epoch 18 saved to checkpoints/lstm_20260508-181201/last_model_1.pth
2026-05-08 18:12:09,978 INFO src.train.trainer: Epoch 19
2026-05-08 18:12:10,240 INFO src.train.trainer: Last model at epoch 19 saved to checkpoints/lstm_20260508-181201/last_model_1.pth
2026-05-08 18:12:10,240 INFO src.train.trainer: Epoch 20
2026-05-08 18:12:10,438 INFO src.train.trainer: Last model at epoch 20 saved to checkpoints/lstm_20260508-181201/last_model_1.pth
2026-05-08 18:12:10,438 INFO src.train.trainer: Epoch 21
2026-05-08 18:12:10,638 INFO src.train.trainer: New best validation loss: 0.0664, saved to checkpoints/lstm_20260508-181201/best_model_1.pth
2026-05-08 18:12:10,674 INFO src.train.trainer: Last model at epoch 21 saved to checkpoints/lstm_20260508-181201/last_model_1.pth
2026-05-08 18:12:10,674 INFO src.train.trainer: Epoch 22
2026-05-08 18:12:10,965 INFO src.train.trainer: Last model at epoch 22 saved to checkpoints/lstm_20260508-181201/last_model_1.pth
2026-05-08 18:12:10,966 INFO src.train.trainer: Epoch 23
2026-05-08 18:12:11,212 INFO src.train.trainer: Last model at epoch 23 saved to checkpoints/lstm_20260508-181201/last_model_1.pth
2026-05-08 18:12:11,212 INFO src.train.trainer: Epoch 24
2026-05-08 18:12:11,427 INFO src.train.trainer: Last model at epoch 24 saved to checkpoints/lstm_20260508-181201/last_model_1.pth
2026-05-08 18:12:11,427 INFO src.train.trainer: Epoch 25
2026-05-08 18:12:11,654 INFO src.train.trainer: Last model at epoch 25 saved to checkpoints/lstm_20260508-181201/last_model_1.pth
2026-05-08 18:12:11,654 INFO src.train.trainer: Epoch 26
2026-05-08 18:12:11,922 INFO src.train.trainer: Last model at epoch 26 saved to checkpoints/lstm_20260508-181201/last_model_1.pth
2026-05-08 18:12:11,922 INFO src.train.trainer: Epoch 27
2026-05-08 18:12:12,195 INFO src.train.trainer: Last model at epoch 27 saved to checkpoints/lstm_20260508-181201/last_model_1.pth
2026-05-08 18:12:12,195 INFO src.train.trainer: Epoch 28
2026-05-08 18:12:12,523 INFO src.train.trainer: Last model at epoch 28 saved to checkpoints/lstm_20260508-181201/last_model_1.pth
2026-05-08 18:12:12,523 INFO src.train.trainer: Epoch 29
2026-05-08 18:12:12,764 INFO src.train.trainer: Last model at epoch 29 saved to checkpoints/lstm_20260508-181201/last_model_1.pth
2026-05-08 18:12:12,764 INFO src.train.trainer: Epoch 30
2026-05-08 18:12:12,987 INFO src.train.trainer: Last model at epoch 30 saved to checkpoints/lstm_20260508-181201/last_model_1.pth
2026-05-08 18:12:12,987 INFO src.train.trainer: Epoch 31
2026-05-08 18:12:13,259 INFO src.train.trainer: Last model at epoch 31 saved to checkpoints/lstm_20260508-181201/last_model_1.pth
2026-05-08 18:12:13,259 INFO src.train.trainer: Epoch 32
2026-05-08 18:12:13,526 INFO src.train.trainer: Last model at epoch 32 saved to checkpoints/lstm_20260508-181201/last_model_1.pth
2026-05-08 18:12:13,526 INFO src.train.trainer: Epoch 33
2026-05-08 18:12:13,736 INFO src.train.trainer: Last model at epoch 33 saved to checkpoints/lstm_20260508-181201/last_model_1.pth
2026-05-08 18:12:13,737 INFO src.train.trainer: Epoch 34
2026-05-08 18:12:13,991 INFO src.train.trainer: Last model at epoch 34 saved to checkpoints/lstm_20260508-181201/last_model_1.pth
2026-05-08 18:12:13,991 INFO src.train.trainer: Epoch 35
2026-05-08 18:12:14,230 INFO src.train.trainer: Last model at epoch 35 saved to checkpoints/lstm_20260508-181201/last_model_1.pth
2026-05-08 18:12:14,231 INFO src.train.trainer: Epoch 36
2026-05-08 18:12:14,444 INFO src.train.trainer: Last model at epoch 36 saved to checkpoints/lstm_20260508-181201/last_model_1.pth
2026-05-08 18:12:14,444 INFO src.train.trainer: Epoch 37
2026-05-08 18:12:14,694 INFO src.train.trainer: Last model at epoch 37 saved to checkpoints/lstm_20260508-181201/last_model_1.pth
2026-05-08 18:12:14,695 INFO src.train.trainer: Epoch 38
2026-05-08 18:12:14,944 INFO src.train.trainer: Last model at epoch 38 saved to checkpoints/lstm_20260508-181201/last_model_1.pth
2026-05-08 18:12:14,944 INFO src.train.trainer: Epoch 39
2026-05-08 18:12:15,192 INFO src.train.trainer: Last model at epoch 39 saved to checkpoints/lstm_20260508-181201/last_model_1.pth
2026-05-08 18:12:15,192 INFO src.train.trainer: Epoch 40
2026-05-08 18:12:15,401 INFO src.train.trainer: Last model at epoch 40 saved to checkpoints/lstm_20260508-181201/last_model_1.pth
2026-05-08 18:12:15,401 INFO src.train.trainer: Epoch 41
2026-05-08 18:12:15,617 INFO src.train.trainer: Last model at epoch 41 saved to checkpoints/lstm_20260508-181201/last_model_1.pth
2026-05-08 18:12:15,617 INFO src.train.trainer: Epoch 42
2026-05-08 18:12:15,834 INFO src.train.trainer: Last model at epoch 42 saved to checkpoints/lstm_20260508-181201/last_model_1.pth
2026-05-08 18:12:15,835 INFO src.train.trainer: Epoch 43
2026-05-08 18:12:16,052 INFO src.train.trainer: Last model at epoch 43 saved to checkpoints/lstm_20260508-181201/last_model_1.pth
2026-05-08 18:12:16,052 INFO src.train.trainer: Epoch 44
2026-05-08 18:12:16,281 INFO src.train.trainer: Last model at epoch 44 saved to checkpoints/lstm_20260508-181201/last_model_1.pth
2026-05-08 18:12:16,282 INFO src.train.trainer: Epoch 45
2026-05-08 18:12:16,546 INFO src.train.trainer: Last model at epoch 45 saved to checkpoints/lstm_20260508-181201/last_model_1.pth
2026-05-08 18:12:16,546 INFO src.train.trainer: Epoch 46
2026-05-08 18:12:16,808 INFO src.train.trainer: Last model at epoch 46 saved to checkpoints/lstm_20260508-181201/last_model_1.pth
2026-05-08 18:12:16,809 INFO src.train.trainer: Epoch 47
2026-05-08 18:12:17,053 INFO src.train.trainer: Last model at epoch 47 saved to checkpoints/lstm_20260508-181201/last_model_1.pth
2026-05-08 18:12:17,054 INFO src.train.trainer: Epoch 48
2026-05-08 18:12:17,286 INFO src.train.trainer: Last model at epoch 48 saved to checkpoints/lstm_20260508-181201/last_model_1.pth
2026-05-08 18:12:17,286 INFO src.train.trainer: Epoch 49
2026-05-08 18:12:17,502 INFO src.train.trainer: Last model at epoch 49 saved to checkpoints/lstm_20260508-181201/last_model_1.pth
2026-05-08 18:12:17,502 INFO src.train.trainer: Epoch 50
2026-05-08 18:12:17,743 INFO src.train.trainer: Last model at epoch 50 saved to checkpoints/lstm_20260508-181201/last_model_1.pth
2026-05-08 18:12:17,743 INFO src.train.trainer: Epoch 51
2026-05-08 18:12:17,960 INFO src.train.trainer: Last model at epoch 51 saved to checkpoints/lstm_20260508-181201/last_model_1.pth
2026-05-08 18:12:17,960 INFO src.train.trainer: Epoch 52
2026-05-08 18:12:18,203 INFO src.train.trainer: Last model at epoch 52 saved to checkpoints/lstm_20260508-181201/last_model_1.pth
2026-05-08 18:12:18,203 INFO src.train.trainer: Epoch 53
2026-05-08 18:12:18,443 INFO src.train.trainer: Last model at epoch 53 saved to checkpoints/lstm_20260508-181201/last_model_1.pth
2026-05-08 18:12:18,443 INFO src.train.trainer: Epoch 54
2026-05-08 18:12:18,674 INFO src.train.trainer: Last model at epoch 54 saved to checkpoints/lstm_20260508-181201/last_model_1.pth
2026-05-08 18:12:18,674 INFO src.train.trainer: Epoch 55
2026-05-08 18:12:18,952 INFO src.train.trainer: Last model at epoch 55 saved to checkpoints/lstm_20260508-181201/last_model_1.pth
2026-05-08 18:12:18,953 INFO src.train.trainer: Epoch 56
2026-05-08 18:12:19,243 INFO src.train.trainer: Last model at epoch 56 saved to checkpoints/lstm_20260508-181201/last_model_1.pth
2026-05-08 18:12:19,244 INFO src.train.trainer: Epoch 57
2026-05-08 18:12:19,519 INFO src.train.trainer: New best validation loss: 0.0654, saved to checkpoints/lstm_20260508-181201/best_model_1.pth
2026-05-08 18:12:19,559 INFO src.train.trainer: Last model at epoch 57 saved to checkpoints/lstm_20260508-181201/last_model_1.pth
2026-05-08 18:12:19,559 INFO src.train.trainer: Epoch 58
2026-05-08 18:12:19,820 INFO src.train.trainer: Last model at epoch 58 saved to checkpoints/lstm_20260508-181201/last_model_1.pth
2026-05-08 18:12:19,820 INFO src.train.trainer: Epoch 59
2026-05-08 18:12:20,086 INFO src.train.trainer: Last model at epoch 59 saved to checkpoints/lstm_20260508-181201/last_model_1.pth
2026-05-08 18:12:20,087 INFO src.train.trainer: Epoch 60
2026-05-08 18:12:20,343 INFO src.train.trainer: Last model at epoch 60 saved to checkpoints/lstm_20260508-181201/last_model_1.pth
2026-05-08 18:12:20,344 INFO src.train.trainer: Epoch 61
2026-05-08 18:12:20,535 INFO src.train.trainer: Last model at epoch 61 saved to checkpoints/lstm_20260508-181201/last_model_1.pth
2026-05-08 18:12:20,535 INFO src.train.trainer: Epoch 62
2026-05-08 18:12:20,759 INFO src.train.trainer: Last model at epoch 62 saved to checkpoints/lstm_20260508-181201/last_model_1.pth
2026-05-08 18:12:20,759 INFO src.train.trainer: Epoch 63
2026-05-08 18:12:21,001 INFO src.train.trainer: Last model at epoch 63 saved to checkpoints/lstm_20260508-181201/last_model_1.pth
2026-05-08 18:12:21,001 INFO src.train.trainer: Epoch 64
2026-05-08 18:12:21,224 INFO src.train.trainer: Last model at epoch 64 saved to checkpoints/lstm_20260508-181201/last_model_1.pth
2026-05-08 18:12:21,224 INFO src.train.trainer: Epoch 65
2026-05-08 18:12:21,463 INFO src.train.trainer: Last model at epoch 65 saved to checkpoints/lstm_20260508-181201/last_model_1.pth
2026-05-08 18:12:21,464 INFO src.train.trainer: Epoch 66
2026-05-08 18:12:21,769 INFO src.train.trainer: Last model at epoch 66 saved to checkpoints/lstm_20260508-181201/last_model_1.pth
2026-05-08 18:12:21,770 INFO src.train.trainer: Epoch 67
2026-05-08 18:12:22,020 INFO src.train.trainer: Last model at epoch 67 saved to checkpoints/lstm_20260508-181201/last_model_1.pth
2026-05-08 18:12:22,020 INFO src.train.trainer: Epoch 68
2026-05-08 18:12:22,315 INFO src.train.trainer: Last model at epoch 68 saved to checkpoints/lstm_20260508-181201/last_model_1.pth
2026-05-08 18:12:22,316 INFO src.train.trainer: Epoch 69
2026-05-08 18:12:22,573 INFO src.train.trainer: Last model at epoch 69 saved to checkpoints/lstm_20260508-181201/last_model_1.pth
2026-05-08 18:12:22,574 INFO src.train.trainer: Epoch 70
2026-05-08 18:12:22,849 INFO src.train.trainer: Last model at epoch 70 saved to checkpoints/lstm_20260508-181201/last_model_1.pth
2026-05-08 18:12:22,849 INFO src.train.trainer: Epoch 71
2026-05-08 18:12:23,114 INFO src.train.trainer: Last model at epoch 71 saved to checkpoints/lstm_20260508-181201/last_model_1.pth
2026-05-08 18:12:23,114 INFO src.train.trainer: Epoch 72
2026-05-08 18:12:23,401 INFO src.train.trainer: Last model at epoch 72 saved to checkpoints/lstm_20260508-181201/last_model_1.pth
2026-05-08 18:12:23,402 INFO src.train.trainer: Epoch 73
2026-05-08 18:12:23,641 INFO src.train.trainer: Last model at epoch 73 saved to checkpoints/lstm_20260508-181201/last_model_1.pth
2026-05-08 18:12:23,642 INFO src.train.trainer: Epoch 74
2026-05-08 18:12:23,875 INFO src.train.trainer: Last model at epoch 74 saved to checkpoints/lstm_20260508-181201/last_model_1.pth
2026-05-08 18:12:23,875 INFO src.train.trainer: Epoch 75
2026-05-08 18:12:24,129 INFO src.train.trainer: Last model at epoch 75 saved to checkpoints/lstm_20260508-181201/last_model_1.pth
2026-05-08 18:12:24,130 INFO src.train.trainer: Epoch 76
2026-05-08 18:12:24,355 INFO src.train.trainer: Last model at epoch 76 saved to checkpoints/lstm_20260508-181201/last_model_1.pth
2026-05-08 18:12:24,356 INFO src.train.trainer: Epoch 77
2026-05-08 18:12:24,610 INFO src.train.trainer: Last model at epoch 77 saved to checkpoints/lstm_20260508-181201/last_model_1.pth
2026-05-08 18:12:24,610 INFO src.train.trainer: Epoch 78
2026-05-08 18:12:24,855 INFO src.train.trainer: New best validation loss: 0.0624, saved to checkpoints/lstm_20260508-181201/best_model_1.pth
2026-05-08 18:12:24,895 INFO src.train.trainer: Last model at epoch 78 saved to checkpoints/lstm_20260508-181201/last_model_1.pth
2026-05-08 18:12:24,895 INFO src.train.trainer: Epoch 79
2026-05-08 18:12:25,100 INFO src.train.trainer: Last model at epoch 79 saved to checkpoints/lstm_20260508-181201/last_model_1.pth
2026-05-08 18:12:25,100 INFO src.train.trainer: Epoch 80
2026-05-08 18:12:25,304 INFO src.train.trainer: Last model at epoch 80 saved to checkpoints/lstm_20260508-181201/last_model_1.pth
2026-05-08 18:12:25,304 INFO src.train.trainer: Epoch 81
2026-05-08 18:12:25,569 INFO src.train.trainer: Last model at epoch 81 saved to checkpoints/lstm_20260508-181201/last_model_1.pth
2026-05-08 18:12:25,570 INFO src.train.trainer: Epoch 82
2026-05-08 18:12:25,814 INFO src.train.trainer: Last model at epoch 82 saved to checkpoints/lstm_20260508-181201/last_model_1.pth
2026-05-08 18:12:25,814 INFO src.train.trainer: Epoch 83
2026-05-08 18:12:26,054 INFO src.train.trainer: Last model at epoch 83 saved to checkpoints/lstm_20260508-181201/last_model_1.pth
2026-05-08 18:12:26,054 INFO src.train.trainer: Epoch 84
2026-05-08 18:12:26,302 INFO src.train.trainer: Last model at epoch 84 saved to checkpoints/lstm_20260508-181201/last_model_1.pth
2026-05-08 18:12:26,303 INFO src.train.trainer: Epoch 85
2026-05-08 18:12:26,534 INFO src.train.trainer: Last model at epoch 85 saved to checkpoints/lstm_20260508-181201/last_model_1.pth
2026-05-08 18:12:26,534 INFO src.train.trainer: Epoch 86
2026-05-08 18:12:26,785 INFO src.train.trainer: Last model at epoch 86 saved to checkpoints/lstm_20260508-181201/last_model_1.pth
2026-05-08 18:12:26,785 INFO src.train.trainer: Epoch 87
2026-05-08 18:12:27,047 INFO src.train.trainer: Last model at epoch 87 saved to checkpoints/lstm_20260508-181201/last_model_1.pth
2026-05-08 18:12:27,047 INFO src.train.trainer: Epoch 88
2026-05-08 18:12:27,325 INFO src.train.trainer: Last model at epoch 88 saved to checkpoints/lstm_20260508-181201/last_model_1.pth
2026-05-08 18:12:27,325 INFO src.train.trainer: Epoch 89
2026-05-08 18:12:27,574 INFO src.train.trainer: Last model at epoch 89 saved to checkpoints/lstm_20260508-181201/last_model_1.pth
2026-05-08 18:12:27,575 INFO src.train.trainer: Epoch 90
2026-05-08 18:12:27,861 INFO src.train.trainer: Last model at epoch 90 saved to checkpoints/lstm_20260508-181201/last_model_1.pth
2026-05-08 18:12:27,861 INFO src.train.trainer: Epoch 91
2026-05-08 18:12:28,119 INFO src.train.trainer: Last model at epoch 91 saved to checkpoints/lstm_20260508-181201/last_model_1.pth
2026-05-08 18:12:28,119 INFO src.train.trainer: Epoch 92
2026-05-08 18:12:28,393 INFO src.train.trainer: Last model at epoch 92 saved to checkpoints/lstm_20260508-181201/last_model_1.pth
2026-05-08 18:12:28,393 INFO src.train.trainer: Epoch 93
2026-05-08 18:12:28,669 INFO src.train.trainer: Last model at epoch 93 saved to checkpoints/lstm_20260508-181201/last_model_1.pth
2026-05-08 18:12:28,669 INFO src.train.trainer: Epoch 94
2026-05-08 18:12:28,974 INFO src.train.trainer: Last model at epoch 94 saved to checkpoints/lstm_20260508-181201/last_model_1.pth
2026-05-08 18:12:28,974 INFO src.train.trainer: Epoch 95
2026-05-08 18:12:29,243 INFO src.train.trainer: Last model at epoch 95 saved to checkpoints/lstm_20260508-181201/last_model_1.pth
2026-05-08 18:12:29,243 INFO src.train.trainer: Epoch 96
2026-05-08 18:12:29,479 INFO src.train.trainer: Last model at epoch 96 saved to checkpoints/lstm_20260508-181201/last_model_1.pth
2026-05-08 18:12:29,479 INFO src.train.trainer: Epoch 97
2026-05-08 18:12:29,699 INFO src.train.trainer: Last model at epoch 97 saved to checkpoints/lstm_20260508-181201/last_model_1.pth
2026-05-08 18:12:29,699 INFO src.train.trainer: Epoch 98
2026-05-08 18:12:29,969 INFO src.train.trainer: Last model at epoch 98 saved to checkpoints/lstm_20260508-181201/last_model_1.pth
2026-05-08 18:12:29,970 INFO src.train.trainer: Epoch 99
2026-05-08 18:12:30,201 INFO src.train.trainer: Last model at epoch 99 saved to checkpoints/lstm_20260508-181201/last_model_1.pth
2026-05-08 18:12:30,201 INFO src.train.trainer: Epoch 100
2026-05-08 18:12:30,407 INFO src.train.trainer: Last model at epoch 100 saved to checkpoints/lstm_20260508-181201/last_model_1.pth
2026-05-08 18:12:30,407 INFO src.train.trainer: Epoch 101
2026-05-08 18:12:30,671 INFO src.train.trainer: Last model at epoch 101 saved to checkpoints/lstm_20260508-181201/last_model_1.pth
2026-05-08 18:12:30,671 INFO src.train.trainer: Epoch 102
2026-05-08 18:12:30,934 INFO src.train.trainer: Last model at epoch 102 saved to checkpoints/lstm_20260508-181201/last_model_1.pth
2026-05-08 18:12:30,934 INFO src.train.trainer: Epoch 103
2026-05-08 18:12:31,138 INFO src.train.trainer: Last model at epoch 103 saved to checkpoints/lstm_20260508-181201/last_model_1.pth
2026-05-08 18:12:31,138 INFO src.train.trainer: Epoch 104
2026-05-08 18:12:31,391 INFO src.train.trainer: Last model at epoch 104 saved to checkpoints/lstm_20260508-181201/last_model_1.pth
2026-05-08 18:12:31,391 INFO src.train.trainer: Epoch 105
2026-05-08 18:12:31,647 INFO src.train.trainer: Last model at epoch 105 saved to checkpoints/lstm_20260508-181201/last_model_1.pth
2026-05-08 18:12:31,647 INFO src.train.trainer: Epoch 106
2026-05-08 18:12:31,953 INFO src.train.trainer: Last model at epoch 106 saved to checkpoints/lstm_20260508-181201/last_model_1.pth
2026-05-08 18:12:31,953 INFO src.train.trainer: Epoch 107
2026-05-08 18:12:32,215 INFO src.train.trainer: Last model at epoch 107 saved to checkpoints/lstm_20260508-181201/last_model_1.pth
2026-05-08 18:12:32,215 INFO src.train.trainer: Epoch 108
2026-05-08 18:12:32,452 INFO src.train.trainer: Last model at epoch 108 saved to checkpoints/lstm_20260508-181201/last_model_1.pth
2026-05-08 18:12:32,453 INFO src.train.trainer: Epoch 109
2026-05-08 18:12:32,685 INFO src.train.trainer: Last model at epoch 109 saved to checkpoints/lstm_20260508-181201/last_model_1.pth
2026-05-08 18:12:32,685 INFO src.train.trainer: Epoch 110
2026-05-08 18:12:32,963 INFO src.train.trainer: Last model at epoch 110 saved to checkpoints/lstm_20260508-181201/last_model_1.pth
2026-05-08 18:12:32,963 INFO src.train.trainer: Epoch 111
2026-05-08 18:12:33,225 INFO src.train.trainer: Last model at epoch 111 saved to checkpoints/lstm_20260508-181201/last_model_1.pth
2026-05-08 18:12:33,226 INFO src.train.trainer: Epoch 112
2026-05-08 18:12:33,461 INFO src.train.trainer: Last model at epoch 112 saved to checkpoints/lstm_20260508-181201/last_model_1.pth
2026-05-08 18:12:33,461 INFO src.train.trainer: Epoch 113
2026-05-08 18:12:33,733 INFO src.train.trainer: Last model at epoch 113 saved to checkpoints/lstm_20260508-181201/last_model_1.pth
2026-05-08 18:12:33,733 INFO src.train.trainer: Epoch 114
2026-05-08 18:12:34,030 INFO src.train.trainer: Last model at epoch 114 saved to checkpoints/lstm_20260508-181201/last_model_1.pth
2026-05-08 18:12:34,030 INFO src.train.trainer: Epoch 115
2026-05-08 18:12:34,307 INFO src.train.trainer: Last model at epoch 115 saved to checkpoints/lstm_20260508-181201/last_model_1.pth
2026-05-08 18:12:34,308 INFO src.train.trainer: Epoch 116
2026-05-08 18:12:34,530 INFO src.train.trainer: Last model at epoch 116 saved to checkpoints/lstm_20260508-181201/last_model_1.pth
2026-05-08 18:12:34,530 INFO src.train.trainer: Epoch 117
2026-05-08 18:12:34,813 INFO src.train.trainer: Last model at epoch 117 saved to checkpoints/lstm_20260508-181201/last_model_1.pth
2026-05-08 18:12:34,813 INFO src.train.trainer: Epoch 118
2026-05-08 18:12:35,056 INFO src.train.trainer: Last model at epoch 118 saved to checkpoints/lstm_20260508-181201/last_model_1.pth
2026-05-08 18:12:35,056 INFO src.train.trainer: Epoch 119
2026-05-08 18:12:35,273 INFO src.train.trainer: Last model at epoch 119 saved to checkpoints/lstm_20260508-181201/last_model_1.pth
2026-05-08 18:12:35,273 INFO src.train.trainer: Epoch 120
2026-05-08 18:12:35,483 INFO src.train.trainer: Last model at epoch 120 saved to checkpoints/lstm_20260508-181201/last_model_1.pth
2026-05-08 18:12:35,483 INFO src.train.trainer: Epoch 121
2026-05-08 18:12:35,692 INFO src.train.trainer: Last model at epoch 121 saved to checkpoints/lstm_20260508-181201/last_model_1.pth
2026-05-08 18:12:35,692 INFO src.train.trainer: Epoch 122
2026-05-08 18:12:35,974 INFO src.train.trainer: Last model at epoch 122 saved to checkpoints/lstm_20260508-181201/last_model_1.pth
2026-05-08 18:12:35,975 INFO src.train.trainer: Epoch 123
2026-05-08 18:12:36,185 INFO src.train.trainer: Last model at epoch 123 saved to checkpoints/lstm_20260508-181201/last_model_1.pth
2026-05-08 18:12:36,185 INFO src.train.trainer: Epoch 124
2026-05-08 18:12:36,450 INFO src.train.trainer: Last model at epoch 124 saved to checkpoints/lstm_20260508-181201/last_model_1.pth
2026-05-08 18:12:36,450 INFO src.train.trainer: Epoch 125
2026-05-08 18:12:36,659 INFO src.train.trainer: Last model at epoch 125 saved to checkpoints/lstm_20260508-181201/last_model_1.pth
2026-05-08 18:12:36,659 INFO src.train.trainer: Epoch 126
2026-05-08 18:12:36,930 INFO src.train.trainer: Last model at epoch 126 saved to checkpoints/lstm_20260508-181201/last_model_1.pth
2026-05-08 18:12:36,931 INFO src.train.trainer: Epoch 127
2026-05-08 18:12:37,149 INFO src.train.trainer: Last model at epoch 127 saved to checkpoints/lstm_20260508-181201/last_model_1.pth
2026-05-08 18:12:37,149 INFO src.train.trainer: Epoch 128
2026-05-08 18:12:37,364 INFO src.train.trainer: Last model at epoch 128 saved to checkpoints/lstm_20260508-181201/last_model_1.pth
2026-05-08 18:12:37,364 INFO src.train.trainer: Epoch 129
2026-05-08 18:12:37,615 INFO src.train.trainer: Last model at epoch 129 saved to checkpoints/lstm_20260508-181201/last_model_1.pth
2026-05-08 18:12:37,615 INFO src.train.trainer: Epoch 130
2026-05-08 18:12:37,816 INFO src.train.trainer: Last model at epoch 130 saved to checkpoints/lstm_20260508-181201/last_model_1.pth
2026-05-08 18:12:37,816 INFO src.train.trainer: Epoch 131
2026-05-08 18:12:38,050 INFO src.train.trainer: Last model at epoch 131 saved to checkpoints/lstm_20260508-181201/last_model_1.pth
2026-05-08 18:12:38,050 INFO src.train.trainer: Epoch 132
2026-05-08 18:12:38,294 INFO src.train.trainer: Last model at epoch 132 saved to checkpoints/lstm_20260508-181201/last_model_1.pth
2026-05-08 18:12:38,294 INFO src.train.trainer: Epoch 133
2026-05-08 18:12:38,559 INFO src.train.trainer: Last model at epoch 133 saved to checkpoints/lstm_20260508-181201/last_model_1.pth
2026-05-08 18:12:38,559 INFO src.train.trainer: Epoch 134
2026-05-08 18:12:38,794 INFO src.train.trainer: Last model at epoch 134 saved to checkpoints/lstm_20260508-181201/last_model_1.pth
2026-05-08 18:12:38,794 INFO src.train.trainer: Epoch 135
2026-05-08 18:12:39,083 INFO src.train.trainer: Last model at epoch 135 saved to checkpoints/lstm_20260508-181201/last_model_1.pth
2026-05-08 18:12:39,084 INFO src.train.trainer: Epoch 136
2026-05-08 18:12:39,292 INFO src.train.trainer: Last model at epoch 136 saved to checkpoints/lstm_20260508-181201/last_model_1.pth
2026-05-08 18:12:39,292 INFO src.train.trainer: Epoch 137
2026-05-08 18:12:39,572 INFO src.train.trainer: Last model at epoch 137 saved to checkpoints/lstm_20260508-181201/last_model_1.pth
2026-05-08 18:12:39,572 INFO src.train.trainer: Epoch 138
2026-05-08 18:12:39,840 INFO src.train.trainer: Last model at epoch 138 saved to checkpoints/lstm_20260508-181201/last_model_1.pth
2026-05-08 18:12:39,840 INFO src.train.trainer: Epoch 139
2026-05-08 18:12:40,127 INFO src.train.trainer: Last model at epoch 139 saved to checkpoints/lstm_20260508-181201/last_model_1.pth
2026-05-08 18:12:40,127 INFO src.train.trainer: Epoch 140
2026-05-08 18:12:40,362 INFO src.train.trainer: Last model at epoch 140 saved to checkpoints/lstm_20260508-181201/last_model_1.pth
2026-05-08 18:12:40,362 INFO src.train.trainer: Epoch 141
2026-05-08 18:12:40,567 INFO src.train.trainer: Last model at epoch 141 saved to checkpoints/lstm_20260508-181201/last_model_1.pth
2026-05-08 18:12:40,567 INFO src.train.trainer: Epoch 142
2026-05-08 18:12:40,856 INFO src.train.trainer: Last model at epoch 142 saved to checkpoints/lstm_20260508-181201/last_model_1.pth
2026-05-08 18:12:40,856 INFO src.train.trainer: Epoch 143
2026-05-08 18:12:41,092 INFO src.train.trainer: Last model at epoch 143 saved to checkpoints/lstm_20260508-181201/last_model_1.pth
2026-05-08 18:12:41,092 INFO src.train.trainer: Epoch 144
2026-05-08 18:12:41,384 INFO src.train.trainer: Last model at epoch 144 saved to checkpoints/lstm_20260508-181201/last_model_1.pth
2026-05-08 18:12:41,384 INFO src.train.trainer: Epoch 145
2026-05-08 18:12:41,686 INFO src.train.trainer: Last model at epoch 145 saved to checkpoints/lstm_20260508-181201/last_model_1.pth
2026-05-08 18:12:41,687 INFO src.train.trainer: Epoch 146
2026-05-08 18:12:41,940 INFO src.train.trainer: Last model at epoch 146 saved to checkpoints/lstm_20260508-181201/last_model_1.pth
2026-05-08 18:12:41,940 INFO src.train.trainer: Epoch 147
2026-05-08 18:12:42,231 INFO src.train.trainer: Last model at epoch 147 saved to checkpoints/lstm_20260508-181201/last_model_1.pth
2026-05-08 18:12:42,231 INFO src.train.trainer: Epoch 148
2026-05-08 18:12:42,525 INFO src.train.trainer: Last model at epoch 148 saved to checkpoints/lstm_20260508-181201/last_model_1.pth
2026-05-08 18:12:42,525 INFO src.train.trainer: Epoch 149
2026-05-08 18:12:42,761 INFO src.train.trainer: Last model at epoch 149 saved to checkpoints/lstm_20260508-181201/last_model_1.pth
2026-05-08 18:12:42,762 INFO src.train.trainer: Epoch 150
2026-05-08 18:12:42,995 INFO src.train.trainer: Last model at epoch 150 saved to checkpoints/lstm_20260508-181201/last_model_1.pth
2026-05-08 18:12:42,995 INFO src.train.trainer: Epoch 151
2026-05-08 18:12:43,292 INFO src.train.trainer: Last model at epoch 151 saved to checkpoints/lstm_20260508-181201/last_model_1.pth
2026-05-08 18:12:43,292 INFO src.train.trainer: Epoch 152
2026-05-08 18:12:43,563 INFO src.train.trainer: Last model at epoch 152 saved to checkpoints/lstm_20260508-181201/last_model_1.pth
2026-05-08 18:12:43,563 INFO src.train.trainer: Epoch 153
2026-05-08 18:12:43,815 INFO src.train.trainer: Last model at epoch 153 saved to checkpoints/lstm_20260508-181201/last_model_1.pth
2026-05-08 18:12:43,816 INFO src.train.trainer: Epoch 154
2026-05-08 18:12:44,035 INFO src.train.trainer: Last model at epoch 154 saved to checkpoints/lstm_20260508-181201/last_model_1.pth
2026-05-08 18:12:44,035 INFO src.train.trainer: Epoch 155
2026-05-08 18:12:44,281 INFO src.train.trainer: Last model at epoch 155 saved to checkpoints/lstm_20260508-181201/last_model_1.pth
2026-05-08 18:12:44,281 INFO src.train.trainer: Epoch 156
2026-05-08 18:12:44,542 INFO src.train.trainer: Last model at epoch 156 saved to checkpoints/lstm_20260508-181201/last_model_1.pth
2026-05-08 18:12:44,542 INFO src.train.trainer: Epoch 157
2026-05-08 18:12:44,790 INFO src.train.trainer: Last model at epoch 157 saved to checkpoints/lstm_20260508-181201/last_model_1.pth
2026-05-08 18:12:44,790 INFO src.train.trainer: Epoch 158
2026-05-08 18:12:45,135 INFO src.train.trainer: Last model at epoch 158 saved to checkpoints/lstm_20260508-181201/last_model_1.pth
2026-05-08 18:12:45,135 INFO src.train.trainer: Epoch 159
2026-05-08 18:12:45,351 INFO src.train.trainer: Last model at epoch 159 saved to checkpoints/lstm_20260508-181201/last_model_1.pth
2026-05-08 18:12:45,351 INFO src.train.trainer: Epoch 160
2026-05-08 18:12:45,600 INFO src.train.trainer: Last model at epoch 160 saved to checkpoints/lstm_20260508-181201/last_model_1.pth
2026-05-08 18:12:45,601 INFO src.train.trainer: Epoch 161
2026-05-08 18:12:45,873 INFO src.train.trainer: Last model at epoch 161 saved to checkpoints/lstm_20260508-181201/last_model_1.pth
2026-05-08 18:12:45,873 INFO src.train.trainer: Epoch 162
2026-05-08 18:12:46,165 INFO src.train.trainer: Last model at epoch 162 saved to checkpoints/lstm_20260508-181201/last_model_1.pth
2026-05-08 18:12:46,165 INFO src.train.trainer: Epoch 163
2026-05-08 18:12:46,441 INFO src.train.trainer: Last model at epoch 163 saved to checkpoints/lstm_20260508-181201/last_model_1.pth
2026-05-08 18:12:46,442 INFO src.train.trainer: Epoch 164
2026-05-08 18:12:46,669 INFO src.train.trainer: Last model at epoch 164 saved to checkpoints/lstm_20260508-181201/last_model_1.pth
2026-05-08 18:12:46,669 INFO src.train.trainer: Epoch 165
2026-05-08 18:12:46,900 INFO src.train.trainer: Last model at epoch 165 saved to checkpoints/lstm_20260508-181201/last_model_1.pth
2026-05-08 18:12:46,901 INFO src.train.trainer: Epoch 166
2026-05-08 18:12:47,134 INFO src.train.trainer: Last model at epoch 166 saved to checkpoints/lstm_20260508-181201/last_model_1.pth
2026-05-08 18:12:47,134 INFO src.train.trainer: Epoch 167
2026-05-08 18:12:47,375 INFO src.train.trainer: Last model at epoch 167 saved to checkpoints/lstm_20260508-181201/last_model_1.pth
2026-05-08 18:12:47,375 INFO src.train.trainer: Epoch 168
2026-05-08 18:12:47,627 INFO src.train.trainer: Last model at epoch 168 saved to checkpoints/lstm_20260508-181201/last_model_1.pth
2026-05-08 18:12:47,627 INFO src.train.trainer: Epoch 169
2026-05-08 18:12:47,878 INFO src.train.trainer: Last model at epoch 169 saved to checkpoints/lstm_20260508-181201/last_model_1.pth
2026-05-08 18:12:47,878 INFO src.train.trainer: Epoch 170
2026-05-08 18:12:48,147 INFO src.train.trainer: Last model at epoch 170 saved to checkpoints/lstm_20260508-181201/last_model_1.pth
2026-05-08 18:12:48,147 INFO src.train.trainer: Epoch 171
2026-05-08 18:12:48,380 INFO src.train.trainer: Last model at epoch 171 saved to checkpoints/lstm_20260508-181201/last_model_1.pth
2026-05-08 18:12:48,380 INFO src.train.trainer: Epoch 172
2026-05-08 18:12:48,620 INFO src.train.trainer: Last model at epoch 172 saved to checkpoints/lstm_20260508-181201/last_model_1.pth
2026-05-08 18:12:48,621 INFO src.train.trainer: Epoch 173
2026-05-08 18:12:48,874 INFO src.train.trainer: Last model at epoch 173 saved to checkpoints/lstm_20260508-181201/last_model_1.pth
2026-05-08 18:12:48,874 INFO src.train.trainer: Epoch 174
2026-05-08 18:12:49,136 INFO src.train.trainer: Last model at epoch 174 saved to checkpoints/lstm_20260508-181201/last_model_1.pth
2026-05-08 18:12:49,136 INFO src.train.trainer: Epoch 175
2026-05-08 18:12:49,399 INFO src.train.trainer: Last model at epoch 175 saved to checkpoints/lstm_20260508-181201/last_model_1.pth
2026-05-08 18:12:49,400 INFO src.train.trainer: Epoch 176
2026-05-08 18:12:49,613 INFO src.train.trainer: Last model at epoch 176 saved to checkpoints/lstm_20260508-181201/last_model_1.pth
2026-05-08 18:12:49,613 INFO src.train.trainer: Epoch 177
2026-05-08 18:12:49,902 INFO src.train.trainer: Last model at epoch 177 saved to checkpoints/lstm_20260508-181201/last_model_1.pth
2026-05-08 18:12:49,903 INFO src.train.trainer: Epoch 178
2026-05-08 18:12:50,135 INFO src.train.trainer: Last model at epoch 178 saved to checkpoints/lstm_20260508-181201/last_model_1.pth
2026-05-08 18:12:50,136 INFO src.train.trainer: Epoch 179
2026-05-08 18:12:50,335 INFO src.train.trainer: Last model at epoch 179 saved to checkpoints/lstm_20260508-181201/last_model_1.pth
2026-05-08 18:12:50,335 INFO src.train.trainer: Epoch 180
2026-05-08 18:12:50,544 INFO src.train.trainer: Last model at epoch 180 saved to checkpoints/lstm_20260508-181201/last_model_1.pth
2026-05-08 18:12:50,544 INFO src.train.trainer: Epoch 181
2026-05-08 18:12:50,764 INFO src.train.trainer: Last model at epoch 181 saved to checkpoints/lstm_20260508-181201/last_model_1.pth
2026-05-08 18:12:50,764 INFO src.train.trainer: Epoch 182
2026-05-08 18:12:51,059 INFO src.train.trainer: Last model at epoch 182 saved to checkpoints/lstm_20260508-181201/last_model_1.pth
2026-05-08 18:12:51,059 INFO src.train.trainer: Epoch 183
2026-05-08 18:12:51,349 INFO src.train.trainer: Last model at epoch 183 saved to checkpoints/lstm_20260508-181201/last_model_1.pth
2026-05-08 18:12:51,349 INFO src.train.trainer: Epoch 184
2026-05-08 18:12:51,595 INFO src.train.trainer: Last model at epoch 184 saved to checkpoints/lstm_20260508-181201/last_model_1.pth
2026-05-08 18:12:51,595 INFO src.train.trainer: Epoch 185
2026-05-08 18:12:51,872 INFO src.train.trainer: Last model at epoch 185 saved to checkpoints/lstm_20260508-181201/last_model_1.pth
2026-05-08 18:12:51,873 INFO src.train.trainer: Epoch 186
2026-05-08 18:12:52,102 INFO src.train.trainer: Last model at epoch 186 saved to checkpoints/lstm_20260508-181201/last_model_1.pth
2026-05-08 18:12:52,102 INFO src.train.trainer: Epoch 187
2026-05-08 18:12:52,355 INFO src.train.trainer: Last model at epoch 187 saved to checkpoints/lstm_20260508-181201/last_model_1.pth
2026-05-08 18:12:52,355 INFO src.train.trainer: Epoch 188
2026-05-08 18:12:52,606 INFO src.train.trainer: Last model at epoch 188 saved to checkpoints/lstm_20260508-181201/last_model_1.pth
2026-05-08 18:12:52,606 INFO src.train.trainer: Epoch 189
2026-05-08 18:12:52,880 INFO src.train.trainer: Last model at epoch 189 saved to checkpoints/lstm_20260508-181201/last_model_1.pth
2026-05-08 18:12:52,880 INFO src.train.trainer: Epoch 190
2026-05-08 18:12:53,145 INFO src.train.trainer: Last model at epoch 190 saved to checkpoints/lstm_20260508-181201/last_model_1.pth
2026-05-08 18:12:53,146 INFO src.train.trainer: Epoch 191
2026-05-08 18:12:53,350 INFO src.train.trainer: Last model at epoch 191 saved to checkpoints/lstm_20260508-181201/last_model_1.pth
2026-05-08 18:12:53,350 INFO src.train.trainer: Epoch 192
2026-05-08 18:12:53,610 INFO src.train.trainer: Last model at epoch 192 saved to checkpoints/lstm_20260508-181201/last_model_1.pth
2026-05-08 18:12:53,610 INFO src.train.trainer: Epoch 193
2026-05-08 18:12:53,845 INFO src.train.trainer: Last model at epoch 193 saved to checkpoints/lstm_20260508-181201/last_model_1.pth
2026-05-08 18:12:53,845 INFO src.train.trainer: Epoch 194
2026-05-08 18:12:54,077 INFO src.train.trainer: Last model at epoch 194 saved to checkpoints/lstm_20260508-181201/last_model_1.pth
2026-05-08 18:12:54,077 INFO src.train.trainer: Epoch 195
2026-05-08 18:12:54,318 INFO src.train.trainer: Last model at epoch 195 saved to checkpoints/lstm_20260508-181201/last_model_1.pth
2026-05-08 18:12:54,318 INFO src.train.trainer: Epoch 196
2026-05-08 18:12:54,533 INFO src.train.trainer: Last model at epoch 196 saved to checkpoints/lstm_20260508-181201/last_model_1.pth
2026-05-08 18:12:54,533 INFO src.train.trainer: Epoch 197
2026-05-08 18:12:54,779 INFO src.train.trainer: Last model at epoch 197 saved to checkpoints/lstm_20260508-181201/last_model_1.pth
2026-05-08 18:12:54,779 INFO src.train.trainer: Epoch 198
2026-05-08 18:12:55,050 INFO src.train.trainer: Last model at epoch 198 saved to checkpoints/lstm_20260508-181201/last_model_1.pth
2026-05-08 18:12:55,050 INFO src.train.trainer: Epoch 199
2026-05-08 18:12:55,272 INFO src.train.trainer: Last model at epoch 199 saved to checkpoints/lstm_20260508-181201/last_model_1.pth
2026-05-08 18:12:55,272 INFO src.train.trainer: Epoch 200
2026-05-08 18:12:55,494 INFO src.train.trainer: Last model at epoch 200 saved to checkpoints/lstm_20260508-181201/last_model_1.pth
2026-05-08 18:12:55,495 INFO src.train.trainer: Epoch 201
2026-05-08 18:12:55,762 INFO src.train.trainer: Last model at epoch 201 saved to checkpoints/lstm_20260508-181201/last_model_1.pth
2026-05-08 18:12:55,762 INFO src.train.trainer: Epoch 202
2026-05-08 18:12:55,986 INFO src.train.trainer: Last model at epoch 202 saved to checkpoints/lstm_20260508-181201/last_model_1.pth
2026-05-08 18:12:55,986 INFO src.train.trainer: Epoch 203
2026-05-08 18:12:56,265 INFO src.train.trainer: Last model at epoch 203 saved to checkpoints/lstm_20260508-181201/last_model_1.pth
2026-05-08 18:12:56,266 INFO src.train.trainer: Epoch 204
2026-05-08 18:12:56,531 INFO src.train.trainer: Last model at epoch 204 saved to checkpoints/lstm_20260508-181201/last_model_1.pth
2026-05-08 18:12:56,531 INFO src.train.trainer: Epoch 205
2026-05-08 18:12:56,791 INFO src.train.trainer: Last model at epoch 205 saved to checkpoints/lstm_20260508-181201/last_model_1.pth
2026-05-08 18:12:56,791 INFO src.train.trainer: Epoch 206
2026-05-08 18:12:57,021 INFO src.train.trainer: Last model at epoch 206 saved to checkpoints/lstm_20260508-181201/last_model_1.pth
2026-05-08 18:12:57,022 INFO src.train.trainer: Epoch 207
2026-05-08 18:12:57,261 INFO src.train.trainer: Last model at epoch 207 saved to checkpoints/lstm_20260508-181201/last_model_1.pth
2026-05-08 18:12:57,261 INFO src.train.trainer: Epoch 208
2026-05-08 18:12:57,584 INFO src.train.trainer: Last model at epoch 208 saved to checkpoints/lstm_20260508-181201/last_model_1.pth
2026-05-08 18:12:57,584 INFO src.train.trainer: Epoch 209
2026-05-08 18:12:57,870 INFO src.train.trainer: Last model at epoch 209 saved to checkpoints/lstm_20260508-181201/last_model_1.pth
2026-05-08 18:12:57,870 INFO src.train.trainer: Epoch 210
2026-05-08 18:12:58,199 INFO src.train.trainer: Last model at epoch 210 saved to checkpoints/lstm_20260508-181201/last_model_1.pth
2026-05-08 18:12:58,199 INFO src.train.trainer: Epoch 211
2026-05-08 18:12:58,543 INFO src.train.trainer: Last model at epoch 211 saved to checkpoints/lstm_20260508-181201/last_model_1.pth
2026-05-08 18:12:58,543 INFO src.train.trainer: Epoch 212
2026-05-08 18:12:58,873 INFO src.train.trainer: Last model at epoch 212 saved to checkpoints/lstm_20260508-181201/last_model_1.pth
2026-05-08 18:12:58,873 INFO src.train.trainer: Epoch 213
2026-05-08 18:12:59,203 INFO src.train.trainer: Last model at epoch 213 saved to checkpoints/lstm_20260508-181201/last_model_1.pth
2026-05-08 18:12:59,203 INFO src.train.trainer: Epoch 214
2026-05-08 18:12:59,457 INFO src.train.trainer: Last model at epoch 214 saved to checkpoints/lstm_20260508-181201/last_model_1.pth
2026-05-08 18:12:59,457 INFO src.train.trainer: Epoch 215
2026-05-08 18:12:59,723 INFO src.train.trainer: Last model at epoch 215 saved to checkpoints/lstm_20260508-181201/last_model_1.pth
2026-05-08 18:12:59,723 INFO src.train.trainer: Epoch 216
2026-05-08 18:12:59,949 INFO src.train.trainer: Last model at epoch 216 saved to checkpoints/lstm_20260508-181201/last_model_1.pth
2026-05-08 18:12:59,949 INFO src.train.trainer: Epoch 217
2026-05-08 18:13:00,198 INFO src.train.trainer: Last model at epoch 217 saved to checkpoints/lstm_20260508-181201/last_model_1.pth
2026-05-08 18:13:00,198 INFO src.train.trainer: Epoch 218
2026-05-08 18:13:00,404 INFO src.train.trainer: Last model at epoch 218 saved to checkpoints/lstm_20260508-181201/last_model_1.pth
2026-05-08 18:13:00,405 INFO src.train.trainer: Epoch 219
2026-05-08 18:13:00,620 INFO src.train.trainer: Last model at epoch 219 saved to checkpoints/lstm_20260508-181201/last_model_1.pth
2026-05-08 18:13:00,620 INFO src.train.trainer: Epoch 220
2026-05-08 18:13:00,860 INFO src.train.trainer: Last model at epoch 220 saved to checkpoints/lstm_20260508-181201/last_model_1.pth
2026-05-08 18:13:00,860 INFO src.train.trainer: Epoch 221
2026-05-08 18:13:01,176 INFO src.train.trainer: Last model at epoch 221 saved to checkpoints/lstm_20260508-181201/last_model_1.pth
2026-05-08 18:13:01,176 INFO src.train.trainer: Epoch 222
2026-05-08 18:13:01,458 INFO src.train.trainer: Last model at epoch 222 saved to checkpoints/lstm_20260508-181201/last_model_1.pth
2026-05-08 18:13:01,458 INFO src.train.trainer: Epoch 223
2026-05-08 18:13:01,704 INFO src.train.trainer: Last model at epoch 223 saved to checkpoints/lstm_20260508-181201/last_model_1.pth
2026-05-08 18:13:01,704 INFO src.train.trainer: Epoch 224
2026-05-08 18:13:01,996 INFO src.train.trainer: Last model at epoch 224 saved to checkpoints/lstm_20260508-181201/last_model_1.pth
2026-05-08 18:13:01,997 INFO src.train.trainer: Epoch 225
2026-05-08 18:13:02,249 INFO src.train.trainer: Last model at epoch 225 saved to checkpoints/lstm_20260508-181201/last_model_1.pth
2026-05-08 18:13:02,249 INFO src.train.trainer: Epoch 226
2026-05-08 18:13:02,520 INFO src.train.trainer: Last model at epoch 226 saved to checkpoints/lstm_20260508-181201/last_model_1.pth
2026-05-08 18:13:02,521 INFO src.train.trainer: Epoch 227
2026-05-08 18:13:02,749 INFO src.train.trainer: Last model at epoch 227 saved to checkpoints/lstm_20260508-181201/last_model_1.pth
2026-05-08 18:13:02,749 INFO src.train.trainer: Epoch 228
2026-05-08 18:13:03,063 INFO src.train.trainer: Last model at epoch 228 saved to checkpoints/lstm_20260508-181201/last_model_1.pth
2026-05-08 18:13:03,064 INFO src.train.trainer: Epoch 229
2026-05-08 18:13:03,336 INFO src.train.trainer: Last model at epoch 229 saved to checkpoints/lstm_20260508-181201/last_model_1.pth
2026-05-08 18:13:03,336 INFO src.train.trainer: Epoch 230
2026-05-08 18:13:03,571 INFO src.train.trainer: Last model at epoch 230 saved to checkpoints/lstm_20260508-181201/last_model_1.pth
2026-05-08 18:13:03,571 INFO src.train.trainer: Epoch 231
2026-05-08 18:13:03,801 INFO src.train.trainer: Last model at epoch 231 saved to checkpoints/lstm_20260508-181201/last_model_1.pth
2026-05-08 18:13:03,801 INFO src.train.trainer: Epoch 232
2026-05-08 18:13:04,080 INFO src.train.trainer: Last model at epoch 232 saved to checkpoints/lstm_20260508-181201/last_model_1.pth
2026-05-08 18:13:04,080 INFO src.train.trainer: Epoch 233
2026-05-08 18:13:04,368 INFO src.train.trainer: Last model at epoch 233 saved to checkpoints/lstm_20260508-181201/last_model_1.pth
2026-05-08 18:13:04,368 INFO src.train.trainer: Epoch 234
2026-05-08 18:13:04,601 INFO src.train.trainer: Last model at epoch 234 saved to checkpoints/lstm_20260508-181201/last_model_1.pth
2026-05-08 18:13:04,601 INFO src.train.trainer: Epoch 235
2026-05-08 18:13:04,877 INFO src.train.trainer: Last model at epoch 235 saved to checkpoints/lstm_20260508-181201/last_model_1.pth
2026-05-08 18:13:04,878 INFO src.train.trainer: Epoch 236
2026-05-08 18:13:05,135 INFO src.train.trainer: Last model at epoch 236 saved to checkpoints/lstm_20260508-181201/last_model_1.pth
2026-05-08 18:13:05,135 INFO src.train.trainer: Epoch 237
2026-05-08 18:13:05,330 INFO src.train.trainer: Last model at epoch 237 saved to checkpoints/lstm_20260508-181201/last_model_1.pth
2026-05-08 18:13:05,331 INFO src.train.trainer: Epoch 238
2026-05-08 18:13:05,640 INFO src.train.trainer: Last model at epoch 238 saved to checkpoints/lstm_20260508-181201/last_model_1.pth
2026-05-08 18:13:05,640 INFO src.train.trainer: Epoch 239
2026-05-08 18:13:05,882 INFO src.train.trainer: Last model at epoch 239 saved to checkpoints/lstm_20260508-181201/last_model_1.pth
2026-05-08 18:13:05,882 INFO src.train.trainer: Epoch 240
2026-05-08 18:13:06,114 INFO src.train.trainer: Last model at epoch 240 saved to checkpoints/lstm_20260508-181201/last_model_1.pth
2026-05-08 18:13:06,114 INFO src.train.trainer: Epoch 241
2026-05-08 18:13:06,370 INFO src.train.trainer: Last model at epoch 241 saved to checkpoints/lstm_20260508-181201/last_model_1.pth
2026-05-08 18:13:06,370 INFO src.train.trainer: Epoch 242
2026-05-08 18:13:06,642 INFO src.train.trainer: Last model at epoch 242 saved to checkpoints/lstm_20260508-181201/last_model_1.pth
2026-05-08 18:13:06,642 INFO src.train.trainer: Epoch 243
2026-05-08 18:13:06,900 INFO src.train.trainer: Last model at epoch 243 saved to checkpoints/lstm_20260508-181201/last_model_1.pth
2026-05-08 18:13:06,900 INFO src.train.trainer: Epoch 244
2026-05-08 18:13:07,159 INFO src.train.trainer: Last model at epoch 244 saved to checkpoints/lstm_20260508-181201/last_model_1.pth
2026-05-08 18:13:07,159 INFO src.train.trainer: Epoch 245
2026-05-08 18:13:07,394 INFO src.train.trainer: Last model at epoch 245 saved to checkpoints/lstm_20260508-181201/last_model_1.pth
2026-05-08 18:13:07,394 INFO src.train.trainer: Epoch 246
2026-05-08 18:13:07,648 INFO src.train.trainer: Last model at epoch 246 saved to checkpoints/lstm_20260508-181201/last_model_1.pth
2026-05-08 18:13:07,649 INFO src.train.trainer: Epoch 247
2026-05-08 18:13:07,908 INFO src.train.trainer: Last model at epoch 247 saved to checkpoints/lstm_20260508-181201/last_model_1.pth
2026-05-08 18:13:07,909 INFO src.train.trainer: Epoch 248
2026-05-08 18:13:08,190 INFO src.train.trainer: Last model at epoch 248 saved to checkpoints/lstm_20260508-181201/last_model_1.pth
2026-05-08 18:13:08,190 INFO src.train.trainer: Epoch 249
2026-05-08 18:13:08,479 INFO src.train.trainer: Last model at epoch 249 saved to checkpoints/lstm_20260508-181201/last_model_1.pth
2026-05-08 18:13:08,479 INFO src.train.trainer: Epoch 250
2026-05-08 18:13:08,732 INFO src.train.trainer: Last model at epoch 250 saved to checkpoints/lstm_20260508-181201/last_model_1.pth
2026-05-08 18:13:08,732 INFO src.train.trainer: Epoch 251
2026-05-08 18:13:08,989 INFO src.train.trainer: Last model at epoch 251 saved to checkpoints/lstm_20260508-181201/last_model_1.pth
2026-05-08 18:13:08,989 INFO src.train.trainer: Epoch 252
2026-05-08 18:13:09,252 INFO src.train.trainer: Last model at epoch 252 saved to checkpoints/lstm_20260508-181201/last_model_1.pth
2026-05-08 18:13:09,252 INFO src.train.trainer: Epoch 253
2026-05-08 18:13:09,499 INFO src.train.trainer: Last model at epoch 253 saved to checkpoints/lstm_20260508-181201/last_model_1.pth
2026-05-08 18:13:09,499 INFO src.train.trainer: Epoch 254
2026-05-08 18:13:09,748 INFO src.train.trainer: Last model at epoch 254 saved to checkpoints/lstm_20260508-181201/last_model_1.pth
2026-05-08 18:13:09,748 INFO src.train.trainer: Epoch 255
2026-05-08 18:13:09,950 INFO src.train.trainer: Last model at epoch 255 saved to checkpoints/lstm_20260508-181201/last_model_1.pth
2026-05-08 18:13:09,950 INFO src.train.trainer: Epoch 256
2026-05-08 18:13:10,184 INFO src.train.trainer: Last model at epoch 256 saved to checkpoints/lstm_20260508-181201/last_model_1.pth
2026-05-08 18:13:10,184 INFO src.train.trainer: Epoch 257
2026-05-08 18:13:10,400 INFO src.train.trainer: Last model at epoch 257 saved to checkpoints/lstm_20260508-181201/last_model_1.pth
2026-05-08 18:13:10,400 INFO src.train.trainer: Epoch 258
2026-05-08 18:13:10,641 INFO src.train.trainer: Last model at epoch 258 saved to checkpoints/lstm_20260508-181201/last_model_1.pth
2026-05-08 18:13:10,641 INFO src.train.trainer: Epoch 259
2026-05-08 18:13:10,862 INFO src.train.trainer: Last model at epoch 259 saved to checkpoints/lstm_20260508-181201/last_model_1.pth
2026-05-08 18:13:10,862 INFO src.train.trainer: Epoch 260
2026-05-08 18:13:11,126 INFO src.train.trainer: Last model at epoch 260 saved to checkpoints/lstm_20260508-181201/last_model_1.pth
2026-05-08 18:13:11,127 INFO src.train.trainer: Epoch 261
2026-05-08 18:13:11,389 INFO src.train.trainer: Last model at epoch 261 saved to checkpoints/lstm_20260508-181201/last_model_1.pth
2026-05-08 18:13:11,390 INFO src.train.trainer: Epoch 262
2026-05-08 18:13:11,677 INFO src.train.trainer: Last model at epoch 262 saved to checkpoints/lstm_20260508-181201/last_model_1.pth
2026-05-08 18:13:11,677 INFO src.train.trainer: Epoch 263
2026-05-08 18:13:11,911 INFO src.train.trainer: Last model at epoch 263 saved to checkpoints/lstm_20260508-181201/last_model_1.pth
2026-05-08 18:13:11,912 INFO src.train.trainer: Epoch 264
2026-05-08 18:13:12,144 INFO src.train.trainer: Last model at epoch 264 saved to checkpoints/lstm_20260508-181201/last_model_1.pth
2026-05-08 18:13:12,145 INFO src.train.trainer: Epoch 265
2026-05-08 18:13:12,398 INFO src.train.trainer: Last model at epoch 265 saved to checkpoints/lstm_20260508-181201/last_model_1.pth
2026-05-08 18:13:12,398 INFO src.train.trainer: Epoch 266
2026-05-08 18:13:12,681 INFO src.train.trainer: Last model at epoch 266 saved to checkpoints/lstm_20260508-181201/last_model_1.pth
2026-05-08 18:13:12,681 INFO src.train.trainer: Epoch 267
2026-05-08 18:13:12,974 INFO src.train.trainer: Last model at epoch 267 saved to checkpoints/lstm_20260508-181201/last_model_1.pth
2026-05-08 18:13:12,974 INFO src.train.trainer: Epoch 268
2026-05-08 18:13:13,234 INFO src.train.trainer: Last model at epoch 268 saved to checkpoints/lstm_20260508-181201/last_model_1.pth
2026-05-08 18:13:13,234 INFO src.train.trainer: Epoch 269
2026-05-08 18:13:13,488 INFO src.train.trainer: Last model at epoch 269 saved to checkpoints/lstm_20260508-181201/last_model_1.pth
2026-05-08 18:13:13,489 INFO src.train.trainer: Epoch 270
2026-05-08 18:13:13,746 INFO src.train.trainer: Last model at epoch 270 saved to checkpoints/lstm_20260508-181201/last_model_1.pth
2026-05-08 18:13:13,746 INFO src.train.trainer: Epoch 271
2026-05-08 18:13:14,047 INFO src.train.trainer: Last model at epoch 271 saved to checkpoints/lstm_20260508-181201/last_model_1.pth
2026-05-08 18:13:14,047 INFO src.train.trainer: Epoch 272
2026-05-08 18:13:14,288 INFO src.train.trainer: Last model at epoch 272 saved to checkpoints/lstm_20260508-181201/last_model_1.pth
2026-05-08 18:13:14,289 INFO src.train.trainer: Epoch 273
2026-05-08 18:13:14,589 INFO src.train.trainer: Last model at epoch 273 saved to checkpoints/lstm_20260508-181201/last_model_1.pth
2026-05-08 18:13:14,589 INFO src.train.trainer: Epoch 274
2026-05-08 18:13:14,867 INFO src.train.trainer: Last model at epoch 274 saved to checkpoints/lstm_20260508-181201/last_model_1.pth
2026-05-08 18:13:14,868 INFO src.train.trainer: Epoch 275
2026-05-08 18:13:15,121 INFO src.train.trainer: Last model at epoch 275 saved to checkpoints/lstm_20260508-181201/last_model_1.pth
2026-05-08 18:13:15,121 INFO src.train.trainer: Epoch 276
2026-05-08 18:13:15,345 INFO src.train.trainer: Last model at epoch 276 saved to checkpoints/lstm_20260508-181201/last_model_1.pth
2026-05-08 18:13:15,345 INFO src.train.trainer: Epoch 277
2026-05-08 18:13:15,551 INFO src.train.trainer: Last model at epoch 277 saved to checkpoints/lstm_20260508-181201/last_model_1.pth
2026-05-08 18:13:15,552 INFO src.train.trainer: Epoch 278
2026-05-08 18:13:15,788 INFO src.train.trainer: Last model at epoch 278 saved to checkpoints/lstm_20260508-181201/last_model_1.pth
2026-05-08 18:13:15,788 INFO src.train.trainer: Epoch 279
2026-05-08 18:13:16,047 INFO src.train.trainer: Last model at epoch 279 saved to checkpoints/lstm_20260508-181201/last_model_1.pth
2026-05-08 18:13:16,048 INFO src.train.trainer: Epoch 280
2026-05-08 18:13:16,294 INFO src.train.trainer: Last model at epoch 280 saved to checkpoints/lstm_20260508-181201/last_model_1.pth
2026-05-08 18:13:16,294 INFO src.train.trainer: Epoch 281
2026-05-08 18:13:16,588 INFO src.train.trainer: Last model at epoch 281 saved to checkpoints/lstm_20260508-181201/last_model_1.pth
2026-05-08 18:13:16,588 INFO src.train.trainer: Epoch 282
2026-05-08 18:13:16,823 INFO src.train.trainer: Last model at epoch 282 saved to checkpoints/lstm_20260508-181201/last_model_1.pth
2026-05-08 18:13:16,823 INFO src.train.trainer: Epoch 283
2026-05-08 18:13:17,063 INFO src.train.trainer: Last model at epoch 283 saved to checkpoints/lstm_20260508-181201/last_model_1.pth
2026-05-08 18:13:17,063 INFO src.train.trainer: Epoch 284
2026-05-08 18:13:17,326 INFO src.train.trainer: Last model at epoch 284 saved to checkpoints/lstm_20260508-181201/last_model_1.pth
2026-05-08 18:13:17,326 INFO src.train.trainer: Epoch 285
2026-05-08 18:13:17,560 INFO src.train.trainer: Last model at epoch 285 saved to checkpoints/lstm_20260508-181201/last_model_1.pth
2026-05-08 18:13:17,560 INFO src.train.trainer: Epoch 286
2026-05-08 18:13:17,857 INFO src.train.trainer: Last model at epoch 286 saved to checkpoints/lstm_20260508-181201/last_model_1.pth
2026-05-08 18:13:17,857 INFO src.train.trainer: Epoch 287
2026-05-08 18:13:18,136 INFO src.train.trainer: Last model at epoch 287 saved to checkpoints/lstm_20260508-181201/last_model_1.pth
2026-05-08 18:13:18,136 INFO src.train.trainer: Epoch 288
2026-05-08 18:13:18,402 INFO src.train.trainer: Last model at epoch 288 saved to checkpoints/lstm_20260508-181201/last_model_1.pth
2026-05-08 18:13:18,402 INFO src.train.trainer: Epoch 289
2026-05-08 18:13:18,645 INFO src.train.trainer: Last model at epoch 289 saved to checkpoints/lstm_20260508-181201/last_model_1.pth
2026-05-08 18:13:18,645 INFO src.train.trainer: Epoch 290
2026-05-08 18:13:18,885 INFO src.train.trainer: Last model at epoch 290 saved to checkpoints/lstm_20260508-181201/last_model_1.pth
2026-05-08 18:13:18,885 INFO src.train.trainer: Epoch 291
2026-05-08 18:13:19,226 INFO src.train.trainer: Last model at epoch 291 saved to checkpoints/lstm_20260508-181201/last_model_1.pth
2026-05-08 18:13:19,226 INFO src.train.trainer: Epoch 292
2026-05-08 18:13:19,623 INFO src.train.trainer: Last model at epoch 292 saved to checkpoints/lstm_20260508-181201/last_model_1.pth
2026-05-08 18:13:19,624 INFO src.train.trainer: Epoch 293
2026-05-08 18:13:20,039 INFO src.train.trainer: Last model at epoch 293 saved to checkpoints/lstm_20260508-181201/last_model_1.pth
2026-05-08 18:13:20,039 INFO src.train.trainer: Epoch 294
2026-05-08 18:13:20,396 INFO src.train.trainer: Last model at epoch 294 saved to checkpoints/lstm_20260508-181201/last_model_1.pth
2026-05-08 18:13:20,396 INFO src.train.trainer: Epoch 295
2026-05-08 18:13:20,789 INFO src.train.trainer: Last model at epoch 295 saved to checkpoints/lstm_20260508-181201/last_model_1.pth
2026-05-08 18:13:20,789 INFO src.train.trainer: Epoch 296
2026-05-08 18:13:21,204 INFO src.train.trainer: Last model at epoch 296 saved to checkpoints/lstm_20260508-181201/last_model_1.pth
2026-05-08 18:13:21,204 INFO src.train.trainer: Epoch 297
2026-05-08 18:13:21,614 INFO src.train.trainer: Last model at epoch 297 saved to checkpoints/lstm_20260508-181201/last_model_1.pth
2026-05-08 18:13:21,614 INFO src.train.trainer: Epoch 298
2026-05-08 18:13:22,019 INFO src.train.trainer: Last model at epoch 298 saved to checkpoints/lstm_20260508-181201/last_model_1.pth
2026-05-08 18:13:22,020 INFO src.train.trainer: Epoch 299
2026-05-08 18:13:22,426 INFO src.train.trainer: Last model at epoch 299 saved to checkpoints/lstm_20260508-181201/last_model_1.pth
2026-05-08 18:13:22,427 INFO src.train.trainer: Epoch 300
2026-05-08 18:13:22,834 INFO src.train.trainer: Last model at epoch 300 saved to checkpoints/lstm_20260508-181201/last_model_1.pth
2026-05-08 18:13:37,580 INFO src.data.preprocessing: CSV files found: ['chuandian_2021.csv']
2026-05-08 18:13:38,322 INFO src.utils.file_utils: Loading cached data from: data/ChuanDian/regressor/regressor_Mc_3_Mf_3_Tfore_180_Twindow_360_context_len_0_dt_10.pkl
2026-05-08 18:13:39,976 INFO src.data.lstm_loader: Original number of samples: 1819, number of samples after cleaning: 1819
2026-05-08 18:13:39,976 INFO src.data.lstm_loader: Replaced NaN values in X with 0.0
2026-05-08 18:13:40,053 INFO src.train.config_setup: load_specific_parts: None
2026-05-08 18:13:40,417 INFO src.train.config_setup: Checkpoint loaded: <All keys matched successfully>
2026-05-08 18:13:40,417 INFO src.train.config_setup: hyperparameters: {'model': 'lstm', 'task_type': 'regression', 'use_ema': False, 'batch_size': 64, 'accumulation_steps': 1, 'warmup_ratio': 0.1, 'learning_rate': 0.001, 'weight_decay': 0.01, 'scheduler_factor': None, 'scheduler_patience': None, 'scheduler_threshold': None, 'scheduler_min_lr': 1e-06, 'scheduler_type': 'step_warmup', 'step_lr_step_size_ratio': 0.2, 'step_lr_gamma': 0.5, 'lstm_hidden_size': 256, 'lstm_num_layers': 4, 'lstm_dropout': 0.3, 'output_activation': None, 'epochs': 300, 'save_dir': 'checkpoints/lstm_20260508-181201', 'cuda_id': '0', 'dataset': 'ChuanDian', 'criterion_name': 'smooth_l1', 'criterion_cfg': {'beta': 0.1}, 'seed': 0, 'Mc': 3, 'Mf': 3, 'mag_min': 3.0, 'mag_max': 9.0, 'Mag_elaps': [5.5, 6, 6.5, 7], 't_elaps_mode': 'global', 'Twindow': 360, 'Tfore': 180, 'dt': 10, 'context_len': 0, 'dMag': 0.1, 'split_by_time': True, 'lstm_feature_mode': 'external_sliding', 'time_step': 5, 'feature_cols': ['Num', 'Mag_max', 'Mag_mean', 'b_lsq', 'a_lsq', 'b_std_lsq', 'std_gr_lsq', 'b_mlk', 'a_mlk', 'b_std_mlk', 'std_gr_mlk', 'dM_lsq', 'dM_mlk', 'Energy_sqrt', 'prob_x7_lsq', 'prob_x7_mlk', 'beta', 'zvalue', 'T_elaps5.5', 'T_elaps6', 'T_elaps6.5', 'T_elaps7'], 'time_order': ['train', 'val', 'test'], 'cuda': True, 'start_epoch': 0, 'best_val_loss': inf}
2026-05-08 18:13:40,418 INFO src.train.config_setup: train_metrics: {'RMSE': 0.1294339552340366, 'MAE': 0.09360389636401625, 'MSE': 0.016753148767526593, 'MAPE': 23.47734557703022, 'R2': 0.007404421048576415, 'PearsonR': 0.23010322709382786, 'PearsonR_diff': 0.015503883948454521, 'DA': 0.05092911218169305}
2026-05-08 18:13:40,418 INFO src.train.config_setup: val_metrics: {'RMSE': 0.1303119879400911, 'MAE': 0.0996508830851251, 'MSE': 0.01698121420089845, 'MAPE': 22.98292249003147, 'R2': -0.022637231419594173, 'PearsonR': 0.24564230760111866, 'PearsonR_diff': -0.034621080156665776, 'DA': 0.027624309392265192}
2026-05-08 18:13:40,418 INFO src.train.config_setup: Using regression criterion: smooth_l1
2026-05-08 18:13:40,418 INFO src.train.config_setup: Criterion config: {'beta': 0.1}
2026-05-08 18:13:40,581 INFO __main__: Test loss: 0.06846845646699269
2026-05-08 18:13:41,424 INFO __main__: Saved test metrics to checkpoints/lstm_20260508-181201/metrics_test_best_1.json
2026-05-08 18:13:41,424 INFO __main__: Metrics: {'RMSE': 0.8127767355841512, 'MAE': 0.6545328312232847, 'MSE': 0.6606060219068293, 'MAPE': 14.416288627049854, 'R2': -0.9741116796418654, 'PearsonR': 0.1907938614032813, 'PearsonR_diff': 0.17231761459233538, 'DA': 0.06593406593406594, 'SpearmanR': 0.22280912066077724, 'SpearmanR_diff': 0.14893234528160113, 'DTW': 97.69542264938354, 'DTW_normalized': 0.5338547685758663}
2026-05-08 18:14:03,443 INFO src.data.preprocessing: CSV files found: ['chuandian_2021.csv']
2026-05-08 18:14:04,595 INFO src.utils.file_utils: Loading cached data from: data/ChuanDian/regressor/regressor_Mc_3_Mf_3_Tfore_180_Twindow_360_context_len_0_dt_10.pkl
2026-05-08 18:14:06,236 INFO src.data.lstm_loader: Original number of samples: 1819, number of samples after cleaning: 1819
2026-05-08 18:14:06,236 INFO src.data.lstm_loader: Replaced NaN values in X with 0.0
2026-05-08 18:14:06,308 INFO src.train.config_setup: load_specific_parts: None
2026-05-08 18:14:06,649 INFO src.train.config_setup: Checkpoint loaded: <All keys matched successfully>
2026-05-08 18:14:06,649 INFO src.train.config_setup: hyperparameters: {'model': 'lstm', 'task_type': 'regression', 'use_ema': False, 'batch_size': 64, 'accumulation_steps': 1, 'warmup_ratio': 0.1, 'learning_rate': 0.001, 'weight_decay': 0.01, 'scheduler_factor': None, 'scheduler_patience': None, 'scheduler_threshold': None, 'scheduler_min_lr': 1e-06, 'scheduler_type': 'step_warmup', 'step_lr_step_size_ratio': 0.2, 'step_lr_gamma': 0.5, 'lstm_hidden_size': 256, 'lstm_num_layers': 4, 'lstm_dropout': 0.3, 'output_activation': None, 'epochs': 300, 'save_dir': 'checkpoints/lstm_20260508-181201', 'cuda_id': '0', 'dataset': 'ChuanDian', 'criterion_name': 'smooth_l1', 'criterion_cfg': {'beta': 0.1}, 'seed': 0, 'Mc': 3, 'Mf': 3, 'mag_min': 3.0, 'mag_max': 9.0, 'Mag_elaps': [5.5, 6, 6.5, 7], 't_elaps_mode': 'global', 'Twindow': 360, 'Tfore': 180, 'dt': 10, 'context_len': 0, 'dMag': 0.1, 'split_by_time': True, 'lstm_feature_mode': 'external_sliding', 'time_step': 5, 'feature_cols': ['Num', 'Mag_max', 'Mag_mean', 'b_lsq', 'a_lsq', 'b_std_lsq', 'std_gr_lsq', 'b_mlk', 'a_mlk', 'b_std_mlk', 'std_gr_mlk', 'dM_lsq', 'dM_mlk', 'Energy_sqrt', 'prob_x7_lsq', 'prob_x7_mlk', 'beta', 'zvalue', 'T_elaps5.5', 'T_elaps6', 'T_elaps6.5', 'T_elaps7'], 'time_order': ['train', 'val', 'test'], 'cuda': True, 'start_epoch': 0, 'best_val_loss': inf}
2026-05-08 18:14:06,650 INFO src.train.config_setup: train_metrics: {'RMSE': 0.0683513807771899, 'MAE': 0.04655133507008238, 'MSE': 0.004671911254148405, 'MAPE': 12.088865750220208, 'R2': 0.7231972018830372, 'PearsonR': 0.850730844540536, 'PearsonR_diff': 0.2242584329681822, 'DA': 0.05918788713007571}
2026-05-08 18:14:06,650 INFO src.train.config_setup: val_metrics: {'RMSE': 0.1626153342695168, 'MAE': 0.13479025923943783, 'MSE': 0.026443746939586683, 'MAPE': 29.968912412998133, 'R2': -0.5924868409720976, 'PearsonR': 0.400159157369584, 'PearsonR_diff': -0.01095621923440056, 'DA': 0.049723756906077346}
2026-05-08 18:14:06,650 INFO src.train.config_setup: Using regression criterion: smooth_l1
2026-05-08 18:14:06,650 INFO src.train.config_setup: Criterion config: {'beta': 0.1}
2026-05-08 18:14:07,165 INFO __main__: Test loss: 0.1051828848818938
2026-05-08 18:14:07,676 INFO __main__: Saved test metrics to checkpoints/lstm_20260508-181201/metrics_test_last_1.json
2026-05-08 18:14:07,676 INFO __main__: Metrics: {'RMSE': 1.1172525296961564, 'MAE': 0.904680814899382, 'MSE': 1.248253215112461, 'MAPE': 18.682345155811085, 'R2': -2.73019798395293, 'PearsonR': 0.15300766972941515, 'PearsonR_diff': 0.10820957075535048, 'DA': 0.06043956043956044, 'SpearmanR': 0.1830355998294456, 'SpearmanR_diff': 0.07182719219150387, 'DTW': 102.23705434799194, 'DTW_normalized': 0.5586724281311035}
2026-05-09 15:09:45,718 INFO src.data.preprocessing: CSV files found: ['chuandian_2021.csv']
2026-05-09 15:09:46,473 INFO src.utils.file_utils: Loading cached data from: data/ChuanDian/lstm_regressor/lstm_regressor_Mag_elaps_5.5-6-6.5-7_Mc_3_Mf_3_Tfore_180_Twindow_360_context_len_0_dt_10_feature_step_none_feature_window_none_lstm_feature_mode_external_sliding_time_step_5.pkl
2026-05-09 15:09:48,029 INFO src.data.lstm_loader: Original number of samples: 1819, number of samples after cleaning: 1819
2026-05-09 15:09:48,029 INFO src.data.lstm_loader: Replaced NaN values in X with 0.0
2026-05-09 15:09:48,096 INFO src.train.config_setup: Restoring model from checkpoint.
2026-05-09 15:09:48,096 INFO src.train.config_setup: Loading model weights: load_specific_parts=None
2026-05-09 15:09:48,432 INFO src.train.config_setup: Checkpoint loaded: <All keys matched successfully>
2026-05-09 15:09:48,432 INFO src.train.config_setup: Full load summary: loaded=18, missing=0, unexpected=0
2026-05-09 15:09:48,432 INFO src.train.config_setup: Checkpoint hyperparameters loaded.
2026-05-09 15:09:48,432 INFO src.train.config_setup: Checkpoint train metrics available.
2026-05-09 15:09:48,432 INFO src.train.config_setup: Checkpoint val metrics available.
2026-05-09 15:09:48,432 INFO src.train.config_setup: Freeze skipped (checkpoint_restore): freeze_parts is empty.
2026-05-09 15:09:48,432 INFO src.train.config_setup: Using regression criterion: smooth_l1
2026-05-09 15:09:48,433 INFO src.train.config_setup: Criterion config: {'beta': 0.1}
2026-05-09 15:09:48,433 INFO src.train.config_setup: Not resuming optimizer/scheduler state; reset training state to start_epoch=0, best_val_loss=inf.
2026-05-09 15:09:48,593 INFO __main__: Test loss: 0.06846845646699269
2026-05-09 15:09:49,402 INFO __main__: Saved test metrics to checkpoints/lstm_20260508-181201/metrics_test_best_1.json
2026-05-09 15:09:49,402 INFO __main__: Metrics: {'RMSE': 0.8127767355841512, 'MAE': 0.6545328312232847, 'MSE': 0.6606060219068293, 'MAPE': 14.416288627049854, 'R2': -0.9741116796418654, 'PearsonR': 0.1907938614032813, 'PearsonR_diff': 0.17231761459233538, 'DA': 0.06593406593406594, 'SpearmanR': 0.22280912066077724, 'SpearmanR_diff': 0.14893234528160113, 'DTW': 97.69542264938354, 'DTW_normalized': 0.5338547685758663}
