2026-05-21 18:51:22,736 INFO src.data.preprocessing: CSV files found: ['chuandian_2021.csv']
2026-05-21 18:51:23,259 INFO src.utils.file_utils: Loading cached data from: data/ChuanDian/classifier/classifier_Mc_3_Mf_5.5_Tfore_90_Twindow_180_context_len_1_dt_10.pkl
2026-05-21 18:51:24,171 INFO src.data.preprocessing: Catalog statistics: {'tau_unfiltered': 0.15339908988298961, 'tau_q025': 0.08114294020924717, 'tau_q05': 0.5134664350189269, 'tau_mean': 1.3070542199341526, 'tau_max': 25.18216435192153, 'tau_min': 0.0, 'time_max': 18770.72654999979, 'time_mean': 10030.9430649837, 'mag_completeness': 3.0, 'mag_mean': 3.456916005014626, 'mag_max': 8.0, 'mag_min': 3.0, 'b_value': 0.856738547623331, 'b_std': 0.0071499224812533796, 'b_n': 14358}
2026-05-21 18:51:24,187 INFO src.data.event_loader: lengths of samples: min=32, max=749, avg=124.26
2026-05-21 18:51:24,188 INFO src.data.event_loader: Number of positive samples: 471
2026-05-21 18:51:24,188 INFO src.data.event_loader: Number of negative samples: 1055
2026-05-21 18:51:24,215 INFO src.data.event_loader: Positive samples: 390, Negative samples: 830
2026-05-21 18:51:24,215 INFO src.data.event_loader: Total samples: 1220, Positive ratio: 0.32, Negative ratio: 0.68
2026-05-21 18:51:24,216 INFO src.data.event_loader: Positive samples: 62, Negative samples: 90
2026-05-21 18:51:24,216 INFO src.data.event_loader: Total samples: 152, Positive ratio: 0.41, Negative ratio: 0.59
2026-05-21 18:51:24,216 INFO src.data.event_loader: Positive samples: 19, Negative samples: 135
2026-05-21 18:51:24,216 INFO src.data.event_loader: Total samples: 154, Positive ratio: 0.12, Negative ratio: 0.88
2026-05-21 18:51:24,302 INFO src.cli.workflows: Loading checkpoint from: ./checkpoints/mixer_tpp_20260514-211059/last_model_1.pth
2026-05-21 18:51:24,957 INFO src.models.adapters.mixer_task: using time scale base 1.3070542199341526 (key: tau_mean)
2026-05-21 18:51:24,957 INFO src.models.adapters.mixer_task: tau mean: tensor(1.3071)
2026-05-21 18:51:24,974 INFO src.train.config_setup: Restoring model from checkpoint.
2026-05-21 18:51:24,974 INFO src.train.config_setup: Loading model weights: load_specific_parts=['encoder']
2026-05-21 18:51:24,975 INFO src.train.config_setup: Selective load summary: requested_parts=['encoder'], target_in_model=40, matched_in_checkpoint=30, loaded=30, missing_after_load=10, shape_mismatch=0, missing_in_model=0, out_of_scope_loaded=0
2026-05-21 18:51:24,975 INFO src.train.config_setup: Selective load coverage [encoder]: target=40, hit=30, missing=10, complete=False
2026-05-21 18:51:24,975 WARNING src.train.config_setup: Selective load coverage missing preview [encoder]: ['base_model.encoder.layers.2.mixer.in_proj.bias', 'base_model.encoder.layers.2.mixer.in_proj.weight', 'base_model.encoder.layers.2.mixer.out_proj.bias', 'base_model.encoder.layers.2.mixer.out_proj.weight', 'base_model.encoder.layers.2.mlp.fc1.weight', 'base_model.encoder.layers.2.mlp.fc2.weight', 'base_model.encoder.layers.2.norm.bias', 'base_model.encoder.layers.2.norm.weight'] ... (+2 more)
2026-05-21 18:51:24,976 WARNING src.train.config_setup: Checkpoint missing target parameter preview: ['base_model.encoder.layers.2.mixer.in_proj.bias', 'base_model.encoder.layers.2.mixer.in_proj.weight', 'base_model.encoder.layers.2.mixer.out_proj.bias', 'base_model.encoder.layers.2.mixer.out_proj.weight', 'base_model.encoder.layers.2.mlp.fc1.weight', 'base_model.encoder.layers.2.mlp.fc2.weight', 'base_model.encoder.layers.2.norm.bias', 'base_model.encoder.layers.2.norm.weight', 'base_model.encoder.layers.2.norm2.bias', 'base_model.encoder.layers.2.norm2.weight']
2026-05-21 18:51:24,976 WARNING src.train.config_setup: Target not-loaded parameter preview: ['base_model.encoder.layers.2.mixer.in_proj.bias', 'base_model.encoder.layers.2.mixer.in_proj.weight', 'base_model.encoder.layers.2.mixer.out_proj.bias', 'base_model.encoder.layers.2.mixer.out_proj.weight', 'base_model.encoder.layers.2.mlp.fc1.weight', 'base_model.encoder.layers.2.mlp.fc2.weight', 'base_model.encoder.layers.2.norm.bias', 'base_model.encoder.layers.2.norm.weight', 'base_model.encoder.layers.2.norm2.bias', 'base_model.encoder.layers.2.norm2.weight']
2026-05-21 18:51:24,976 INFO src.train.config_setup: Loaded parameter preview: ['base_model.encoder.layers.1.norm.bias', 'base_model.encoder.layers.1.norm2.bias', 'base_model.encoder.layers.1.mixer.dt_bias', 'base_model.encoder.layers.0.mixer.norm.weight', 'base_model.encoder.input_proj.0.weight', 'base_model.encoder.layers.1.norm.weight', 'base_model.encoder.layers.0.norm.weight', 'base_model.encoder.layers.0.mlp.fc1.weight', 'base_model.encoder.layers.1.mixer.out_proj.weight', 'base_model.encoder.input_proj.3.bias'] ... (+20 more)
2026-05-21 18:51:24,977 INFO src.train.config_setup: Checkpoint hyperparameters loaded.
2026-05-21 18:51:24,977 INFO src.train.config_setup: Checkpoint train metrics available.
2026-05-21 18:51:24,977 INFO src.train.config_setup: Checkpoint val metrics available.
2026-05-21 18:51:24,977 INFO src.train.config_setup: Freeze skipped (checkpoint_restore): freeze_parts is empty.
2026-05-21 18:51:24,977 INFO src.train.config_setup: Using classification criterion: focal
2026-05-21 18:51:24,977 INFO src.train.config_setup: Criterion config: {'alpha': 0.75, 'gamma': 2.0}
2026-05-21 18:51:24,978 INFO src.train.config_setup: Not resuming optimizer/scheduler state; reset training state to start_epoch=0, best_val_loss=inf.
2026-05-21 18:51:24,978 INFO src.train.trainer: Epoch 1
2026-05-21 18:51:40,932 INFO src.train.trainer: New best validation loss: 0.0689, saved to /root/autodl-tmp/em_eqf/experiments/clf_pre_v2/clf_pre_SCEDC_v2/runs/tf_90_mf_5p5_seed_4/best_model_1.pth
2026-05-21 18:51:40,937 INFO src.train.trainer: Last model at epoch 1 saved to /root/autodl-tmp/em_eqf/experiments/clf_pre_v2/clf_pre_SCEDC_v2/runs/tf_90_mf_5p5_seed_4/last_model_1.pth
2026-05-21 18:51:40,937 INFO src.train.trainer: Epoch 2
2026-05-21 18:51:43,774 INFO src.train.trainer: Last model at epoch 2 saved to /root/autodl-tmp/em_eqf/experiments/clf_pre_v2/clf_pre_SCEDC_v2/runs/tf_90_mf_5p5_seed_4/last_model_1.pth
2026-05-21 18:51:43,774 INFO src.train.trainer: Epoch 3
2026-05-21 18:51:46,550 INFO src.train.trainer: Last model at epoch 3 saved to /root/autodl-tmp/em_eqf/experiments/clf_pre_v2/clf_pre_SCEDC_v2/runs/tf_90_mf_5p5_seed_4/last_model_1.pth
2026-05-21 18:51:46,550 INFO src.train.trainer: Epoch 4
2026-05-21 18:51:49,466 INFO src.train.trainer: Last model at epoch 4 saved to /root/autodl-tmp/em_eqf/experiments/clf_pre_v2/clf_pre_SCEDC_v2/runs/tf_90_mf_5p5_seed_4/last_model_1.pth
2026-05-21 18:51:49,467 INFO src.train.trainer: Epoch 5
2026-05-21 18:51:52,340 INFO src.train.trainer: Last model at epoch 5 saved to /root/autodl-tmp/em_eqf/experiments/clf_pre_v2/clf_pre_SCEDC_v2/runs/tf_90_mf_5p5_seed_4/last_model_1.pth
2026-05-21 18:51:52,340 INFO src.train.trainer: Epoch 6
2026-05-21 18:51:55,202 INFO src.train.trainer: New best validation loss: 0.0599, saved to /root/autodl-tmp/em_eqf/experiments/clf_pre_v2/clf_pre_SCEDC_v2/runs/tf_90_mf_5p5_seed_4/best_model_1.pth
2026-05-21 18:51:55,208 INFO src.train.trainer: Last model at epoch 6 saved to /root/autodl-tmp/em_eqf/experiments/clf_pre_v2/clf_pre_SCEDC_v2/runs/tf_90_mf_5p5_seed_4/last_model_1.pth
2026-05-21 18:51:55,208 INFO src.train.trainer: Epoch 7
2026-05-21 18:51:57,927 INFO src.train.trainer: Last model at epoch 7 saved to /root/autodl-tmp/em_eqf/experiments/clf_pre_v2/clf_pre_SCEDC_v2/runs/tf_90_mf_5p5_seed_4/last_model_1.pth
2026-05-21 18:51:57,927 INFO src.train.trainer: Epoch 8
2026-05-21 18:52:00,638 INFO src.train.trainer: Last model at epoch 8 saved to /root/autodl-tmp/em_eqf/experiments/clf_pre_v2/clf_pre_SCEDC_v2/runs/tf_90_mf_5p5_seed_4/last_model_1.pth
2026-05-21 18:52:00,638 INFO src.train.trainer: Epoch 9
2026-05-21 18:52:03,236 INFO src.train.trainer: Last model at epoch 9 saved to /root/autodl-tmp/em_eqf/experiments/clf_pre_v2/clf_pre_SCEDC_v2/runs/tf_90_mf_5p5_seed_4/last_model_1.pth
2026-05-21 18:52:03,237 INFO src.train.trainer: Epoch 10
2026-05-21 18:52:05,836 INFO src.train.trainer: New best validation loss: 0.0560, saved to /root/autodl-tmp/em_eqf/experiments/clf_pre_v2/clf_pre_SCEDC_v2/runs/tf_90_mf_5p5_seed_4/best_model_1.pth
2026-05-21 18:52:05,842 INFO src.train.trainer: Last model at epoch 10 saved to /root/autodl-tmp/em_eqf/experiments/clf_pre_v2/clf_pre_SCEDC_v2/runs/tf_90_mf_5p5_seed_4/last_model_1.pth
2026-05-21 18:52:05,842 INFO src.train.trainer: Epoch 11
2026-05-21 18:52:08,304 INFO src.train.trainer: Last model at epoch 11 saved to /root/autodl-tmp/em_eqf/experiments/clf_pre_v2/clf_pre_SCEDC_v2/runs/tf_90_mf_5p5_seed_4/last_model_1.pth
2026-05-21 18:52:08,305 INFO src.train.trainer: Epoch 12
2026-05-21 18:52:10,847 INFO src.train.trainer: Last model at epoch 12 saved to /root/autodl-tmp/em_eqf/experiments/clf_pre_v2/clf_pre_SCEDC_v2/runs/tf_90_mf_5p5_seed_4/last_model_1.pth
2026-05-21 18:52:10,848 INFO src.train.trainer: Epoch 13
2026-05-21 18:52:13,784 INFO src.train.trainer: Last model at epoch 13 saved to /root/autodl-tmp/em_eqf/experiments/clf_pre_v2/clf_pre_SCEDC_v2/runs/tf_90_mf_5p5_seed_4/last_model_1.pth
2026-05-21 18:52:13,784 INFO src.train.trainer: Epoch 14
2026-05-21 18:52:16,557 INFO src.train.trainer: Last model at epoch 14 saved to /root/autodl-tmp/em_eqf/experiments/clf_pre_v2/clf_pre_SCEDC_v2/runs/tf_90_mf_5p5_seed_4/last_model_1.pth
2026-05-21 18:52:16,557 INFO src.train.trainer: Epoch 15
2026-05-21 18:52:19,625 INFO src.train.trainer: Last model at epoch 15 saved to /root/autodl-tmp/em_eqf/experiments/clf_pre_v2/clf_pre_SCEDC_v2/runs/tf_90_mf_5p5_seed_4/last_model_1.pth
2026-05-21 18:52:19,625 INFO src.train.trainer: Epoch 16
2026-05-21 18:52:21,892 INFO src.train.trainer: Last model at epoch 16 saved to /root/autodl-tmp/em_eqf/experiments/clf_pre_v2/clf_pre_SCEDC_v2/runs/tf_90_mf_5p5_seed_4/last_model_1.pth
2026-05-21 18:52:21,892 INFO src.train.trainer: Epoch 17
2026-05-21 18:52:24,009 INFO src.train.trainer: Last model at epoch 17 saved to /root/autodl-tmp/em_eqf/experiments/clf_pre_v2/clf_pre_SCEDC_v2/runs/tf_90_mf_5p5_seed_4/last_model_1.pth
2026-05-21 18:52:24,009 INFO src.train.trainer: Epoch 18
2026-05-21 18:52:26,209 INFO src.train.trainer: Last model at epoch 18 saved to /root/autodl-tmp/em_eqf/experiments/clf_pre_v2/clf_pre_SCEDC_v2/runs/tf_90_mf_5p5_seed_4/last_model_1.pth
2026-05-21 18:52:26,210 INFO src.train.trainer: Epoch 19
2026-05-21 18:52:28,853 INFO src.train.trainer: Last model at epoch 19 saved to /root/autodl-tmp/em_eqf/experiments/clf_pre_v2/clf_pre_SCEDC_v2/runs/tf_90_mf_5p5_seed_4/last_model_1.pth
2026-05-21 18:52:28,853 INFO src.train.trainer: Epoch 20
2026-05-21 18:52:31,332 INFO src.train.trainer: Last model at epoch 20 saved to /root/autodl-tmp/em_eqf/experiments/clf_pre_v2/clf_pre_SCEDC_v2/runs/tf_90_mf_5p5_seed_4/last_model_1.pth
2026-05-21 18:52:31,332 INFO src.train.trainer: Early stopping triggered at epoch 20 (best epoch: 10, best val loss: 0.055951)
2026-05-21 18:52:38,942 INFO src.data.preprocessing: CSV files found: ['chuandian_2021.csv']
2026-05-21 18:52:39,473 INFO src.utils.file_utils: Loading cached data from: data/ChuanDian/classifier/classifier_Mc_3_Mf_5.5_Tfore_90_Twindow_180_context_len_1_dt_10.pkl
2026-05-21 18:52:40,259 INFO src.data.preprocessing: Catalog statistics: {'tau_unfiltered': 0.15339908988298961, 'tau_q025': 0.08114294020924717, 'tau_q05': 0.5134664350189269, 'tau_mean': 1.3070542199341526, 'tau_max': 25.18216435192153, 'tau_min': 0.0, 'time_max': 18770.72654999979, 'time_mean': 10030.9430649837, 'mag_completeness': 3.0, 'mag_mean': 3.456916005014626, 'mag_max': 8.0, 'mag_min': 3.0, 'b_value': 0.856738547623331, 'b_std': 0.0071499224812533796, 'b_n': 14358}
2026-05-21 18:52:40,276 INFO src.data.event_loader: lengths of samples: min=32, max=749, avg=124.26
2026-05-21 18:52:40,276 INFO src.data.event_loader: Number of positive samples: 471
2026-05-21 18:52:40,276 INFO src.data.event_loader: Number of negative samples: 1055
2026-05-21 18:52:40,277 INFO src.data.event_loader: Positive samples: 390, Negative samples: 830
2026-05-21 18:52:40,277 INFO src.data.event_loader: Total samples: 1220, Positive ratio: 0.32, Negative ratio: 0.68
2026-05-21 18:52:40,277 INFO src.data.event_loader: Positive samples: 62, Negative samples: 90
2026-05-21 18:52:40,277 INFO src.data.event_loader: Total samples: 152, Positive ratio: 0.41, Negative ratio: 0.59
2026-05-21 18:52:40,278 INFO src.data.event_loader: Positive samples: 19, Negative samples: 135
2026-05-21 18:52:40,278 INFO src.data.event_loader: Total samples: 154, Positive ratio: 0.12, Negative ratio: 0.88
2026-05-21 18:52:40,659 INFO src.models.adapters.mixer_task: using time scale base 1.3070542199341526 (key: tau_mean)
2026-05-21 18:52:40,659 INFO src.models.adapters.mixer_task: tau mean: tensor(1.3071)
2026-05-21 18:52:40,703 INFO src.train.config_setup: Restoring model from checkpoint.
2026-05-21 18:52:40,703 INFO src.train.config_setup: Loading model weights: load_specific_parts=None
2026-05-21 18:52:40,705 INFO src.train.config_setup: Checkpoint loaded: <All keys matched successfully>
2026-05-21 18:52:40,705 INFO src.train.config_setup: Full load summary: loaded=56, missing=0, unexpected=0
2026-05-21 18:52:40,706 INFO src.train.config_setup: Checkpoint hyperparameters loaded.
2026-05-21 18:52:40,706 INFO src.train.config_setup: Checkpoint train metrics available.
2026-05-21 18:52:40,706 INFO src.train.config_setup: Checkpoint val metrics available.
2026-05-21 18:52:40,706 INFO src.train.config_setup: Freeze skipped (checkpoint_restore): freeze_parts is empty.
2026-05-21 18:52:40,706 INFO src.train.config_setup: Using classification criterion: focal
2026-05-21 18:52:40,706 INFO src.train.config_setup: Criterion config: {'alpha': 0.75, 'gamma': 2.0}
2026-05-21 18:52:40,707 INFO src.train.config_setup: Not resuming optimizer/scheduler state; reset training state to start_epoch=0, best_val_loss=inf.
2026-05-21 18:52:40,707 INFO src.cli.common: Using threshold 0.6181600689888 from checkpoint val_metrics for testing.
2026-05-21 18:52:45,557 INFO src.utils.metrics: ROC curve saved to /root/autodl-tmp/em_eqf/experiments/clf_pre_v2/clf_pre_SCEDC_v2/runs/tf_90_mf_5p5_seed_4/roc_curve.png
2026-05-21 18:52:45,663 INFO src.utils.metrics: PR curve saved to /root/autodl-tmp/em_eqf/experiments/clf_pre_v2/clf_pre_SCEDC_v2/runs/tf_90_mf_5p5_seed_4/pr_curve.png
2026-05-21 18:52:45,753 INFO src.utils.metrics: Confusion matrix saved to /root/autodl-tmp/em_eqf/experiments/clf_pre_v2/clf_pre_SCEDC_v2/runs/tf_90_mf_5p5_seed_4/confusion_matrix.png
2026-05-21 18:52:45,753 INFO src.cli.workflows: Test loss: 0.06045828883846601
2026-05-21 18:52:46,420 INFO src.train.classifier_train_step: Prediction distribution plot has been saved to: /root/autodl-tmp/em_eqf/experiments/clf_pre_v2/clf_pre_SCEDC_v2/runs/tf_90_mf_5p5_seed_4/train_pred_distribution.png
2026-05-21 18:52:46,709 INFO src.train.classifier_train_step: Prediction distribution plot has been saved to: /root/autodl-tmp/em_eqf/experiments/clf_pre_v2/clf_pre_SCEDC_v2/runs/tf_90_mf_5p5_seed_4/val_pred_distribution.png
2026-05-21 18:52:46,944 INFO src.train.classifier_train_step: Prediction distribution plot has been saved to: /root/autodl-tmp/em_eqf/experiments/clf_pre_v2/clf_pre_SCEDC_v2/runs/tf_90_mf_5p5_seed_4/test_pred_distribution.png
2026-05-21 18:52:46,945 INFO src.cli.common: Saved test metrics to /root/autodl-tmp/em_eqf/experiments/clf_pre_v2/clf_pre_SCEDC_v2/runs/tf_90_mf_5p5_seed_4/metrics_test_best_1.json
2026-05-21 18:52:46,945 INFO src.cli.common: Metrics: {'precision': 0.2, 'recall': 0.05263157894736842, 'f1': 0.08333333333333333, 'auc': 0.45925925925925926, 'pr_auc': 0.1671513128496034, 'fpr': 0.02962962962962963, 'tpr': 0.05263157894736842, 'R': 0.023001949317738787, 'conf': 1.0, 'threshold': 0.6181600689888}
