2026-05-18 17:16:22,185 INFO src.data.preprocessing: CSV files found: ['chuandian_2021.csv']
2026-05-18 17:16:22,944 INFO src.utils.file_utils: Loading cached data from: data/ChuanDian/regressor/regressor_Mc_3_Mf_3_Tfore_180_Twindow_360_context_len_1_dt_10.pkl
2026-05-18 17:16:25,234 INFO src.data.preprocessing: Catalog statistics: {'tau_unfiltered': 0.15339908988298961, 'tau_q025': 0.08114294020924717, 'tau_q05': 0.5134664350189269, 'tau_mean': 1.3070542199341526, 'tau_max': 25.18216435192153, 'tau_min': 0.0, 'time_max': 18770.72654999979, 'time_mean': 10030.9430649837, 'mag_completeness': 3.0, 'mag_mean': 3.456916005014626, 'mag_max': 8.0, 'mag_min': 3.0, 'b_value': 0.856738547623331, 'b_std': 0.0071499224812533796, 'b_n': 14358}
2026-05-18 17:16:25,273 INFO src.data.event_loader: lengths of samples: min=96, max=1340, avg=265.71
2026-05-18 17:16:25,274 INFO src.cli.workflows: Loading checkpoint from: ./checkpoints/mixer_tpp_20260508-182744/last_model_1.pth
2026-05-18 17:16:26,389 INFO src.models.adapters.mixer_task: using time scale base 1.3070542199341526 (key: tau_mean)
2026-05-18 17:16:26,389 INFO src.models.adapters.mixer_task: tau mean: tensor(1.3071)
2026-05-18 17:16:26,396 INFO src.train.config_setup: Restoring model from checkpoint.
2026-05-18 17:16:26,396 INFO src.train.config_setup: Loading model weights: load_specific_parts=['base_model.encoder.input_proj', 'base_model.encoder.layers.0']
2026-05-18 17:16:26,397 INFO src.train.config_setup: Selective load summary: requested_parts=['base_model.encoder.input_proj', 'base_model.encoder.layers.0'], target_in_model=18, matched_in_checkpoint=16, loaded=16, missing_after_load=2, shape_mismatch=0, missing_in_model=0, out_of_scope_loaded=0
2026-05-18 17:16:26,398 INFO src.train.config_setup: Selective load coverage [base_model.encoder.input_proj]: target=4, hit=4, missing=0, complete=True
2026-05-18 17:16:26,398 INFO src.train.config_setup: Selective load coverage [base_model.encoder.layers.0]: target=14, hit=12, missing=2, complete=False
2026-05-18 17:16:26,398 WARNING src.train.config_setup: Selective load coverage missing preview [base_model.encoder.layers.0]: ['base_model.encoder.layers.0.mixer.conv1d.bias', 'base_model.encoder.layers.0.mixer.conv1d.weight']
2026-05-18 17:16:26,398 WARNING src.train.config_setup: Checkpoint missing target parameter preview: ['base_model.encoder.layers.0.mixer.conv1d.bias', 'base_model.encoder.layers.0.mixer.conv1d.weight']
2026-05-18 17:16:26,398 WARNING src.train.config_setup: Target not-loaded parameter preview: ['base_model.encoder.layers.0.mixer.conv1d.bias', 'base_model.encoder.layers.0.mixer.conv1d.weight']
2026-05-18 17:16:26,398 INFO src.train.config_setup: Loaded parameter preview: ['base_model.encoder.layers.0.mixer.D', 'base_model.encoder.input_proj.0.bias', 'base_model.encoder.input_proj.3.bias', 'base_model.encoder.layers.0.norm.weight', 'base_model.encoder.layers.0.norm2.bias', 'base_model.encoder.layers.0.norm.bias', 'base_model.encoder.layers.0.mixer.out_proj.weight', 'base_model.encoder.layers.0.norm2.weight', 'base_model.encoder.layers.0.mixer.in_proj.weight', 'base_model.encoder.input_proj.0.weight'] ... (+6 more)
2026-05-18 17:16:26,399 INFO src.train.config_setup: Checkpoint hyperparameters loaded.
2026-05-18 17:16:26,399 INFO src.train.config_setup: Checkpoint train metrics available.
2026-05-18 17:16:26,399 INFO src.train.config_setup: Checkpoint val metrics available.
2026-05-18 17:16:26,399 INFO src.train.config_setup: Freeze skipped (checkpoint_restore): freeze_parts is empty.
2026-05-18 17:16:26,399 INFO src.train.config_setup: Using regression criterion: smooth_l1
2026-05-18 17:16:26,399 INFO src.train.config_setup: Criterion config: {'beta': 0.3}
2026-05-18 17:16:26,400 INFO src.train.config_setup: encoder_param_keywords: ['base_model.encoder.input_proj', 'base_model.encoder.layers.0']
2026-05-18 17:16:26,400 INFO src.train.config_setup: encoder_lr grouping summary: lr=0.00024, matched=18
2026-05-18 17:16:26,400 INFO src.train.config_setup: Encoder LR coverage [base_model.encoder.input_proj]: target=4, hit=4, missing=0, complete=True
2026-05-18 17:16:26,400 INFO src.train.config_setup: Encoder LR coverage [base_model.encoder.layers.0]: target=14, hit=14, missing=0, complete=True
2026-05-18 17:16:26,400 INFO src.train.config_setup: encoder_lr matched preview: ['base_model.encoder.input_proj.0.weight', 'base_model.encoder.input_proj.0.bias', 'base_model.encoder.input_proj.3.weight', 'base_model.encoder.input_proj.3.bias', 'base_model.encoder.layers.0.norm.weight', 'base_model.encoder.layers.0.norm.bias', 'base_model.encoder.layers.0.mixer.dt_bias', 'base_model.encoder.layers.0.mixer.A_log', 'base_model.encoder.layers.0.mixer.D', 'base_model.encoder.layers.0.mixer.in_proj.weight'] ... (+8 more)
2026-05-18 17:16:26,400 INFO src.train.config_setup: Not resuming optimizer/scheduler state; reset training state to start_epoch=0, best_val_loss=inf.
2026-05-18 17:16:26,405 INFO src.train.trainer: Using EMA with decay 0.95
2026-05-18 17:16:26,406 INFO src.train.trainer: Epoch 1
2026-05-18 17:16:42,025 INFO src.train.trainer: New best validation loss: 0.0599, saved to /root/autodl-tmp/em_eqf/experiments/reg_mixer_layer_1_grid_bs_128/runs/regmx_ema_seed_2/best_model_1.pth
2026-05-18 17:16:42,032 INFO src.train.trainer: Last model at epoch 1 saved to /root/autodl-tmp/em_eqf/experiments/reg_mixer_layer_1_grid_bs_128/runs/regmx_ema_seed_2/last_model_1.pth
2026-05-18 17:16:42,032 INFO src.train.trainer: Epoch 2
2026-05-18 17:16:44,292 INFO src.train.trainer: New best validation loss: 0.0464, saved to /root/autodl-tmp/em_eqf/experiments/reg_mixer_layer_1_grid_bs_128/runs/regmx_ema_seed_2/best_model_1.pth
2026-05-18 17:16:44,300 INFO src.train.trainer: Last model at epoch 2 saved to /root/autodl-tmp/em_eqf/experiments/reg_mixer_layer_1_grid_bs_128/runs/regmx_ema_seed_2/last_model_1.pth
2026-05-18 17:16:44,300 INFO src.train.trainer: Epoch 3
2026-05-18 17:16:46,432 INFO src.train.trainer: New best validation loss: 0.0373, saved to /root/autodl-tmp/em_eqf/experiments/reg_mixer_layer_1_grid_bs_128/runs/regmx_ema_seed_2/best_model_1.pth
2026-05-18 17:16:46,438 INFO src.train.trainer: Last model at epoch 3 saved to /root/autodl-tmp/em_eqf/experiments/reg_mixer_layer_1_grid_bs_128/runs/regmx_ema_seed_2/last_model_1.pth
2026-05-18 17:16:46,438 INFO src.train.trainer: Epoch 4
2026-05-18 17:16:48,339 INFO src.train.trainer: New best validation loss: 0.0310, saved to /root/autodl-tmp/em_eqf/experiments/reg_mixer_layer_1_grid_bs_128/runs/regmx_ema_seed_2/best_model_1.pth
2026-05-18 17:16:48,347 INFO src.train.trainer: Last model at epoch 4 saved to /root/autodl-tmp/em_eqf/experiments/reg_mixer_layer_1_grid_bs_128/runs/regmx_ema_seed_2/last_model_1.pth
2026-05-18 17:16:48,347 INFO src.train.trainer: Epoch 5
2026-05-18 17:16:50,586 INFO src.train.trainer: New best validation loss: 0.0292, saved to /root/autodl-tmp/em_eqf/experiments/reg_mixer_layer_1_grid_bs_128/runs/regmx_ema_seed_2/best_model_1.pth
2026-05-18 17:16:50,601 INFO src.train.trainer: Last model at epoch 5 saved to /root/autodl-tmp/em_eqf/experiments/reg_mixer_layer_1_grid_bs_128/runs/regmx_ema_seed_2/last_model_1.pth
2026-05-18 17:16:50,601 INFO src.train.trainer: Epoch 6
2026-05-18 17:16:52,939 INFO src.train.trainer: New best validation loss: 0.0289, saved to /root/autodl-tmp/em_eqf/experiments/reg_mixer_layer_1_grid_bs_128/runs/regmx_ema_seed_2/best_model_1.pth
2026-05-18 17:16:52,945 INFO src.train.trainer: Last model at epoch 6 saved to /root/autodl-tmp/em_eqf/experiments/reg_mixer_layer_1_grid_bs_128/runs/regmx_ema_seed_2/last_model_1.pth
2026-05-18 17:16:52,945 INFO src.train.trainer: Epoch 7
2026-05-18 17:16:55,049 INFO src.train.trainer: Last model at epoch 7 saved to /root/autodl-tmp/em_eqf/experiments/reg_mixer_layer_1_grid_bs_128/runs/regmx_ema_seed_2/last_model_1.pth
2026-05-18 17:16:55,049 INFO src.train.trainer: Epoch 8
2026-05-18 17:16:57,775 INFO src.train.trainer: Last model at epoch 8 saved to /root/autodl-tmp/em_eqf/experiments/reg_mixer_layer_1_grid_bs_128/runs/regmx_ema_seed_2/last_model_1.pth
2026-05-18 17:16:57,775 INFO src.train.trainer: Epoch 9
2026-05-18 17:17:00,386 INFO src.train.trainer: Last model at epoch 9 saved to /root/autodl-tmp/em_eqf/experiments/reg_mixer_layer_1_grid_bs_128/runs/regmx_ema_seed_2/last_model_1.pth
2026-05-18 17:17:00,386 INFO src.train.trainer: Epoch 10
2026-05-18 17:17:02,558 INFO src.train.trainer: Last model at epoch 10 saved to /root/autodl-tmp/em_eqf/experiments/reg_mixer_layer_1_grid_bs_128/runs/regmx_ema_seed_2/last_model_1.pth
2026-05-18 17:17:02,558 INFO src.train.trainer: Epoch 11
2026-05-18 17:17:05,077 INFO src.train.trainer: Last model at epoch 11 saved to /root/autodl-tmp/em_eqf/experiments/reg_mixer_layer_1_grid_bs_128/runs/regmx_ema_seed_2/last_model_1.pth
2026-05-18 17:17:05,077 INFO src.train.trainer: Epoch 12
2026-05-18 17:17:07,657 INFO src.train.trainer: Last model at epoch 12 saved to /root/autodl-tmp/em_eqf/experiments/reg_mixer_layer_1_grid_bs_128/runs/regmx_ema_seed_2/last_model_1.pth
2026-05-18 17:17:07,658 INFO src.train.trainer: Epoch 13
2026-05-18 17:17:09,908 INFO src.train.trainer: Last model at epoch 13 saved to /root/autodl-tmp/em_eqf/experiments/reg_mixer_layer_1_grid_bs_128/runs/regmx_ema_seed_2/last_model_1.pth
2026-05-18 17:17:09,908 INFO src.train.trainer: Epoch 14
2026-05-18 17:17:12,070 INFO src.train.trainer: Last model at epoch 14 saved to /root/autodl-tmp/em_eqf/experiments/reg_mixer_layer_1_grid_bs_128/runs/regmx_ema_seed_2/last_model_1.pth
2026-05-18 17:17:12,071 INFO src.train.trainer: Epoch 15
2026-05-18 17:17:14,323 INFO src.train.trainer: Last model at epoch 15 saved to /root/autodl-tmp/em_eqf/experiments/reg_mixer_layer_1_grid_bs_128/runs/regmx_ema_seed_2/last_model_1.pth
2026-05-18 17:17:14,324 INFO src.train.trainer: Epoch 16
2026-05-18 17:17:16,463 INFO src.train.trainer: Last model at epoch 16 saved to /root/autodl-tmp/em_eqf/experiments/reg_mixer_layer_1_grid_bs_128/runs/regmx_ema_seed_2/last_model_1.pth
2026-05-18 17:17:16,463 INFO src.train.trainer: Epoch 17
2026-05-18 17:17:18,714 INFO src.train.trainer: Last model at epoch 17 saved to /root/autodl-tmp/em_eqf/experiments/reg_mixer_layer_1_grid_bs_128/runs/regmx_ema_seed_2/last_model_1.pth
2026-05-18 17:17:18,715 INFO src.train.trainer: Epoch 18
2026-05-18 17:17:20,752 INFO src.train.trainer: Last model at epoch 18 saved to /root/autodl-tmp/em_eqf/experiments/reg_mixer_layer_1_grid_bs_128/runs/regmx_ema_seed_2/last_model_1.pth
2026-05-18 17:17:20,752 INFO src.train.trainer: Epoch 19
2026-05-18 17:17:22,736 INFO src.train.trainer: Last model at epoch 19 saved to /root/autodl-tmp/em_eqf/experiments/reg_mixer_layer_1_grid_bs_128/runs/regmx_ema_seed_2/last_model_1.pth
2026-05-18 17:17:22,737 INFO src.train.trainer: Epoch 20
2026-05-18 17:17:24,843 INFO src.train.trainer: Last model at epoch 20 saved to /root/autodl-tmp/em_eqf/experiments/reg_mixer_layer_1_grid_bs_128/runs/regmx_ema_seed_2/last_model_1.pth
2026-05-18 17:17:24,844 INFO src.train.trainer: Epoch 21
2026-05-18 17:17:26,710 INFO src.train.trainer: Last model at epoch 21 saved to /root/autodl-tmp/em_eqf/experiments/reg_mixer_layer_1_grid_bs_128/runs/regmx_ema_seed_2/last_model_1.pth
2026-05-18 17:17:26,710 INFO src.train.trainer: Epoch 22
2026-05-18 17:17:29,184 INFO src.train.trainer: Last model at epoch 22 saved to /root/autodl-tmp/em_eqf/experiments/reg_mixer_layer_1_grid_bs_128/runs/regmx_ema_seed_2/last_model_1.pth
2026-05-18 17:17:29,185 INFO src.train.trainer: Epoch 23
2026-05-18 17:17:31,253 INFO src.train.trainer: Last model at epoch 23 saved to /root/autodl-tmp/em_eqf/experiments/reg_mixer_layer_1_grid_bs_128/runs/regmx_ema_seed_2/last_model_1.pth
2026-05-18 17:17:31,254 INFO src.train.trainer: Epoch 24
2026-05-18 17:17:33,258 INFO src.train.trainer: Last model at epoch 24 saved to /root/autodl-tmp/em_eqf/experiments/reg_mixer_layer_1_grid_bs_128/runs/regmx_ema_seed_2/last_model_1.pth
2026-05-18 17:17:33,258 INFO src.train.trainer: Epoch 25
2026-05-18 17:17:35,738 INFO src.train.trainer: Last model at epoch 25 saved to /root/autodl-tmp/em_eqf/experiments/reg_mixer_layer_1_grid_bs_128/runs/regmx_ema_seed_2/last_model_1.pth
2026-05-18 17:17:35,739 INFO src.train.trainer: Epoch 26
2026-05-18 17:17:37,893 INFO src.train.trainer: Last model at epoch 26 saved to /root/autodl-tmp/em_eqf/experiments/reg_mixer_layer_1_grid_bs_128/runs/regmx_ema_seed_2/last_model_1.pth
2026-05-18 17:17:37,893 INFO src.train.trainer: Epoch 27
2026-05-18 17:17:40,191 INFO src.train.trainer: Last model at epoch 27 saved to /root/autodl-tmp/em_eqf/experiments/reg_mixer_layer_1_grid_bs_128/runs/regmx_ema_seed_2/last_model_1.pth
2026-05-18 17:17:40,191 INFO src.train.trainer: Epoch 28
2026-05-18 17:17:42,105 INFO src.train.trainer: Last model at epoch 28 saved to /root/autodl-tmp/em_eqf/experiments/reg_mixer_layer_1_grid_bs_128/runs/regmx_ema_seed_2/last_model_1.pth
2026-05-18 17:17:42,105 INFO src.train.trainer: Epoch 29
2026-05-18 17:17:44,295 INFO src.train.trainer: Last model at epoch 29 saved to /root/autodl-tmp/em_eqf/experiments/reg_mixer_layer_1_grid_bs_128/runs/regmx_ema_seed_2/last_model_1.pth
2026-05-18 17:17:44,295 INFO src.train.trainer: Epoch 30
2026-05-18 17:17:46,600 INFO src.train.trainer: Last model at epoch 30 saved to /root/autodl-tmp/em_eqf/experiments/reg_mixer_layer_1_grid_bs_128/runs/regmx_ema_seed_2/last_model_1.pth
2026-05-18 17:17:46,600 INFO src.train.trainer: Epoch 31
2026-05-18 17:17:48,889 INFO src.train.trainer: Last model at epoch 31 saved to /root/autodl-tmp/em_eqf/experiments/reg_mixer_layer_1_grid_bs_128/runs/regmx_ema_seed_2/last_model_1.pth
2026-05-18 17:17:48,889 INFO src.train.trainer: Epoch 32
2026-05-18 17:17:50,876 INFO src.train.trainer: Last model at epoch 32 saved to /root/autodl-tmp/em_eqf/experiments/reg_mixer_layer_1_grid_bs_128/runs/regmx_ema_seed_2/last_model_1.pth
2026-05-18 17:17:50,876 INFO src.train.trainer: Epoch 33
2026-05-18 17:17:53,078 INFO src.train.trainer: Last model at epoch 33 saved to /root/autodl-tmp/em_eqf/experiments/reg_mixer_layer_1_grid_bs_128/runs/regmx_ema_seed_2/last_model_1.pth
2026-05-18 17:17:53,079 INFO src.train.trainer: Epoch 34
2026-05-18 17:17:55,529 INFO src.train.trainer: Last model at epoch 34 saved to /root/autodl-tmp/em_eqf/experiments/reg_mixer_layer_1_grid_bs_128/runs/regmx_ema_seed_2/last_model_1.pth
2026-05-18 17:17:55,530 INFO src.train.trainer: Epoch 35
2026-05-18 17:17:57,528 INFO src.train.trainer: Last model at epoch 35 saved to /root/autodl-tmp/em_eqf/experiments/reg_mixer_layer_1_grid_bs_128/runs/regmx_ema_seed_2/last_model_1.pth
2026-05-18 17:17:57,528 INFO src.train.trainer: Epoch 36
2026-05-18 17:17:59,859 INFO src.train.trainer: Last model at epoch 36 saved to /root/autodl-tmp/em_eqf/experiments/reg_mixer_layer_1_grid_bs_128/runs/regmx_ema_seed_2/last_model_1.pth
2026-05-18 17:17:59,860 INFO src.train.trainer: Epoch 37
2026-05-18 17:18:02,074 INFO src.train.trainer: Last model at epoch 37 saved to /root/autodl-tmp/em_eqf/experiments/reg_mixer_layer_1_grid_bs_128/runs/regmx_ema_seed_2/last_model_1.pth
2026-05-18 17:18:02,075 INFO src.train.trainer: Epoch 38
2026-05-18 17:18:04,289 INFO src.train.trainer: Last model at epoch 38 saved to /root/autodl-tmp/em_eqf/experiments/reg_mixer_layer_1_grid_bs_128/runs/regmx_ema_seed_2/last_model_1.pth
2026-05-18 17:18:04,289 INFO src.train.trainer: Epoch 39
2026-05-18 17:18:06,278 INFO src.train.trainer: Last model at epoch 39 saved to /root/autodl-tmp/em_eqf/experiments/reg_mixer_layer_1_grid_bs_128/runs/regmx_ema_seed_2/last_model_1.pth
2026-05-18 17:18:06,278 INFO src.train.trainer: Epoch 40
2026-05-18 17:18:08,498 INFO src.train.trainer: Last model at epoch 40 saved to /root/autodl-tmp/em_eqf/experiments/reg_mixer_layer_1_grid_bs_128/runs/regmx_ema_seed_2/last_model_1.pth
2026-05-18 17:18:08,498 INFO src.train.trainer: Epoch 41
2026-05-18 17:18:10,617 INFO src.train.trainer: Last model at epoch 41 saved to /root/autodl-tmp/em_eqf/experiments/reg_mixer_layer_1_grid_bs_128/runs/regmx_ema_seed_2/last_model_1.pth
2026-05-18 17:18:10,617 INFO src.train.trainer: Epoch 42
2026-05-18 17:18:12,747 INFO src.train.trainer: Last model at epoch 42 saved to /root/autodl-tmp/em_eqf/experiments/reg_mixer_layer_1_grid_bs_128/runs/regmx_ema_seed_2/last_model_1.pth
2026-05-18 17:18:12,748 INFO src.train.trainer: Epoch 43
2026-05-18 17:18:14,832 INFO src.train.trainer: Last model at epoch 43 saved to /root/autodl-tmp/em_eqf/experiments/reg_mixer_layer_1_grid_bs_128/runs/regmx_ema_seed_2/last_model_1.pth
2026-05-18 17:18:14,832 INFO src.train.trainer: Epoch 44
2026-05-18 17:18:17,012 INFO src.train.trainer: Last model at epoch 44 saved to /root/autodl-tmp/em_eqf/experiments/reg_mixer_layer_1_grid_bs_128/runs/regmx_ema_seed_2/last_model_1.pth
2026-05-18 17:18:17,012 INFO src.train.trainer: Epoch 45
2026-05-18 17:18:19,051 INFO src.train.trainer: Last model at epoch 45 saved to /root/autodl-tmp/em_eqf/experiments/reg_mixer_layer_1_grid_bs_128/runs/regmx_ema_seed_2/last_model_1.pth
2026-05-18 17:18:19,051 INFO src.train.trainer: Epoch 46
2026-05-18 17:18:21,216 INFO src.train.trainer: Last model at epoch 46 saved to /root/autodl-tmp/em_eqf/experiments/reg_mixer_layer_1_grid_bs_128/runs/regmx_ema_seed_2/last_model_1.pth
2026-05-18 17:18:21,217 INFO src.train.trainer: Epoch 47
2026-05-18 17:18:23,611 INFO src.train.trainer: Last model at epoch 47 saved to /root/autodl-tmp/em_eqf/experiments/reg_mixer_layer_1_grid_bs_128/runs/regmx_ema_seed_2/last_model_1.pth
2026-05-18 17:18:23,611 INFO src.train.trainer: Epoch 48
2026-05-18 17:18:25,703 INFO src.train.trainer: Last model at epoch 48 saved to /root/autodl-tmp/em_eqf/experiments/reg_mixer_layer_1_grid_bs_128/runs/regmx_ema_seed_2/last_model_1.pth
2026-05-18 17:18:25,703 INFO src.train.trainer: Epoch 49
2026-05-18 17:18:27,951 INFO src.train.trainer: Last model at epoch 49 saved to /root/autodl-tmp/em_eqf/experiments/reg_mixer_layer_1_grid_bs_128/runs/regmx_ema_seed_2/last_model_1.pth
2026-05-18 17:18:27,951 INFO src.train.trainer: Epoch 50
2026-05-18 17:18:30,100 INFO src.train.trainer: Last model at epoch 50 saved to /root/autodl-tmp/em_eqf/experiments/reg_mixer_layer_1_grid_bs_128/runs/regmx_ema_seed_2/last_model_1.pth
2026-05-18 17:18:30,100 INFO src.train.trainer: Epoch 51
2026-05-18 17:18:32,112 INFO src.train.trainer: Last model at epoch 51 saved to /root/autodl-tmp/em_eqf/experiments/reg_mixer_layer_1_grid_bs_128/runs/regmx_ema_seed_2/last_model_1.pth
2026-05-18 17:18:32,112 INFO src.train.trainer: Epoch 52
2026-05-18 17:18:34,437 INFO src.train.trainer: Last model at epoch 52 saved to /root/autodl-tmp/em_eqf/experiments/reg_mixer_layer_1_grid_bs_128/runs/regmx_ema_seed_2/last_model_1.pth
2026-05-18 17:18:34,437 INFO src.train.trainer: Epoch 53
2026-05-18 17:18:36,674 INFO src.train.trainer: Last model at epoch 53 saved to /root/autodl-tmp/em_eqf/experiments/reg_mixer_layer_1_grid_bs_128/runs/regmx_ema_seed_2/last_model_1.pth
2026-05-18 17:18:36,674 INFO src.train.trainer: Epoch 54
2026-05-18 17:18:38,805 INFO src.train.trainer: Last model at epoch 54 saved to /root/autodl-tmp/em_eqf/experiments/reg_mixer_layer_1_grid_bs_128/runs/regmx_ema_seed_2/last_model_1.pth
2026-05-18 17:18:38,805 INFO src.train.trainer: Epoch 55
2026-05-18 17:18:41,084 INFO src.train.trainer: Last model at epoch 55 saved to /root/autodl-tmp/em_eqf/experiments/reg_mixer_layer_1_grid_bs_128/runs/regmx_ema_seed_2/last_model_1.pth
2026-05-18 17:18:41,084 INFO src.train.trainer: Epoch 56
2026-05-18 17:18:43,552 INFO src.train.trainer: Last model at epoch 56 saved to /root/autodl-tmp/em_eqf/experiments/reg_mixer_layer_1_grid_bs_128/runs/regmx_ema_seed_2/last_model_1.pth
2026-05-18 17:18:43,553 INFO src.train.trainer: Epoch 57
2026-05-18 17:18:45,479 INFO src.train.trainer: Last model at epoch 57 saved to /root/autodl-tmp/em_eqf/experiments/reg_mixer_layer_1_grid_bs_128/runs/regmx_ema_seed_2/last_model_1.pth
2026-05-18 17:18:45,480 INFO src.train.trainer: Epoch 58
2026-05-18 17:18:47,556 INFO src.train.trainer: Last model at epoch 58 saved to /root/autodl-tmp/em_eqf/experiments/reg_mixer_layer_1_grid_bs_128/runs/regmx_ema_seed_2/last_model_1.pth
2026-05-18 17:18:47,556 INFO src.train.trainer: Epoch 59
2026-05-18 17:18:49,809 INFO src.train.trainer: Last model at epoch 59 saved to /root/autodl-tmp/em_eqf/experiments/reg_mixer_layer_1_grid_bs_128/runs/regmx_ema_seed_2/last_model_1.pth
2026-05-18 17:18:49,809 INFO src.train.trainer: Epoch 60
2026-05-18 17:18:51,988 INFO src.train.trainer: Last model at epoch 60 saved to /root/autodl-tmp/em_eqf/experiments/reg_mixer_layer_1_grid_bs_128/runs/regmx_ema_seed_2/last_model_1.pth
2026-05-18 17:18:52,000 INFO src.train.trainer: Saved epoch 60 snapshot to /root/autodl-tmp/em_eqf/experiments/reg_mixer_layer_1_grid_bs_128/runs/regmx_ema_seed_2/epoch_60_model_1.pth
2026-05-18 17:18:52,000 INFO src.train.trainer: Epoch 61
2026-05-18 17:18:54,259 INFO src.train.trainer: Last model at epoch 61 saved to /root/autodl-tmp/em_eqf/experiments/reg_mixer_layer_1_grid_bs_128/runs/regmx_ema_seed_2/last_model_1.pth
2026-05-18 17:18:54,260 INFO src.train.trainer: Epoch 62
2026-05-18 17:18:56,481 INFO src.train.trainer: Last model at epoch 62 saved to /root/autodl-tmp/em_eqf/experiments/reg_mixer_layer_1_grid_bs_128/runs/regmx_ema_seed_2/last_model_1.pth
2026-05-18 17:18:56,482 INFO src.train.trainer: Epoch 63
2026-05-18 17:18:58,935 INFO src.train.trainer: Last model at epoch 63 saved to /root/autodl-tmp/em_eqf/experiments/reg_mixer_layer_1_grid_bs_128/runs/regmx_ema_seed_2/last_model_1.pth
2026-05-18 17:18:58,936 INFO src.train.trainer: Epoch 64
2026-05-18 17:19:01,183 INFO src.train.trainer: Last model at epoch 64 saved to /root/autodl-tmp/em_eqf/experiments/reg_mixer_layer_1_grid_bs_128/runs/regmx_ema_seed_2/last_model_1.pth
2026-05-18 17:19:01,184 INFO src.train.trainer: Epoch 65
2026-05-18 17:19:03,372 INFO src.train.trainer: Last model at epoch 65 saved to /root/autodl-tmp/em_eqf/experiments/reg_mixer_layer_1_grid_bs_128/runs/regmx_ema_seed_2/last_model_1.pth
2026-05-18 17:19:03,373 INFO src.train.trainer: Epoch 66
2026-05-18 17:19:05,682 INFO src.train.trainer: Last model at epoch 66 saved to /root/autodl-tmp/em_eqf/experiments/reg_mixer_layer_1_grid_bs_128/runs/regmx_ema_seed_2/last_model_1.pth
2026-05-18 17:19:05,683 INFO src.train.trainer: Epoch 67
2026-05-18 17:19:07,890 INFO src.train.trainer: Last model at epoch 67 saved to /root/autodl-tmp/em_eqf/experiments/reg_mixer_layer_1_grid_bs_128/runs/regmx_ema_seed_2/last_model_1.pth
2026-05-18 17:19:07,890 INFO src.train.trainer: Epoch 68
2026-05-18 17:19:09,976 INFO src.train.trainer: Last model at epoch 68 saved to /root/autodl-tmp/em_eqf/experiments/reg_mixer_layer_1_grid_bs_128/runs/regmx_ema_seed_2/last_model_1.pth
2026-05-18 17:19:09,977 INFO src.train.trainer: Epoch 69
2026-05-18 17:19:12,134 INFO src.train.trainer: Last model at epoch 69 saved to /root/autodl-tmp/em_eqf/experiments/reg_mixer_layer_1_grid_bs_128/runs/regmx_ema_seed_2/last_model_1.pth
2026-05-18 17:19:12,135 INFO src.train.trainer: Epoch 70
2026-05-18 17:19:14,241 INFO src.train.trainer: Last model at epoch 70 saved to /root/autodl-tmp/em_eqf/experiments/reg_mixer_layer_1_grid_bs_128/runs/regmx_ema_seed_2/last_model_1.pth
2026-05-18 17:19:14,241 INFO src.train.trainer: Epoch 71
2026-05-18 17:19:16,200 INFO src.train.trainer: Last model at epoch 71 saved to /root/autodl-tmp/em_eqf/experiments/reg_mixer_layer_1_grid_bs_128/runs/regmx_ema_seed_2/last_model_1.pth
2026-05-18 17:19:16,201 INFO src.train.trainer: Epoch 72
2026-05-18 17:19:18,380 INFO src.train.trainer: Last model at epoch 72 saved to /root/autodl-tmp/em_eqf/experiments/reg_mixer_layer_1_grid_bs_128/runs/regmx_ema_seed_2/last_model_1.pth
2026-05-18 17:19:18,380 INFO src.train.trainer: Epoch 73
2026-05-18 17:19:20,727 INFO src.train.trainer: Last model at epoch 73 saved to /root/autodl-tmp/em_eqf/experiments/reg_mixer_layer_1_grid_bs_128/runs/regmx_ema_seed_2/last_model_1.pth
2026-05-18 17:19:20,728 INFO src.train.trainer: Epoch 74
2026-05-18 17:19:22,882 INFO src.train.trainer: Last model at epoch 74 saved to /root/autodl-tmp/em_eqf/experiments/reg_mixer_layer_1_grid_bs_128/runs/regmx_ema_seed_2/last_model_1.pth
2026-05-18 17:19:22,882 INFO src.train.trainer: Epoch 75
2026-05-18 17:19:24,900 INFO src.train.trainer: Last model at epoch 75 saved to /root/autodl-tmp/em_eqf/experiments/reg_mixer_layer_1_grid_bs_128/runs/regmx_ema_seed_2/last_model_1.pth
2026-05-18 17:19:24,900 INFO src.train.trainer: Epoch 76
2026-05-18 17:19:27,093 INFO src.train.trainer: Last model at epoch 76 saved to /root/autodl-tmp/em_eqf/experiments/reg_mixer_layer_1_grid_bs_128/runs/regmx_ema_seed_2/last_model_1.pth
2026-05-18 17:19:27,093 INFO src.train.trainer: Epoch 77
2026-05-18 17:19:29,321 INFO src.train.trainer: Last model at epoch 77 saved to /root/autodl-tmp/em_eqf/experiments/reg_mixer_layer_1_grid_bs_128/runs/regmx_ema_seed_2/last_model_1.pth
2026-05-18 17:19:29,322 INFO src.train.trainer: Epoch 78
2026-05-18 17:19:31,476 INFO src.train.trainer: Last model at epoch 78 saved to /root/autodl-tmp/em_eqf/experiments/reg_mixer_layer_1_grid_bs_128/runs/regmx_ema_seed_2/last_model_1.pth
2026-05-18 17:19:31,477 INFO src.train.trainer: Epoch 79
2026-05-18 17:19:33,673 INFO src.train.trainer: Last model at epoch 79 saved to /root/autodl-tmp/em_eqf/experiments/reg_mixer_layer_1_grid_bs_128/runs/regmx_ema_seed_2/last_model_1.pth
2026-05-18 17:19:33,673 INFO src.train.trainer: Epoch 80
2026-05-18 17:19:35,878 INFO src.train.trainer: Last model at epoch 80 saved to /root/autodl-tmp/em_eqf/experiments/reg_mixer_layer_1_grid_bs_128/runs/regmx_ema_seed_2/last_model_1.pth
2026-05-18 17:19:35,904 INFO src.train.trainer: Saved epoch 80 snapshot to /root/autodl-tmp/em_eqf/experiments/reg_mixer_layer_1_grid_bs_128/runs/regmx_ema_seed_2/epoch_80_model_1.pth
2026-05-18 17:19:35,904 INFO src.train.trainer: Epoch 81
2026-05-18 17:19:38,123 INFO src.train.trainer: Last model at epoch 81 saved to /root/autodl-tmp/em_eqf/experiments/reg_mixer_layer_1_grid_bs_128/runs/regmx_ema_seed_2/last_model_1.pth
2026-05-18 17:19:38,123 INFO src.train.trainer: Epoch 82
2026-05-18 17:19:40,348 INFO src.train.trainer: Last model at epoch 82 saved to /root/autodl-tmp/em_eqf/experiments/reg_mixer_layer_1_grid_bs_128/runs/regmx_ema_seed_2/last_model_1.pth
2026-05-18 17:19:40,348 INFO src.train.trainer: Epoch 83
2026-05-18 17:19:42,562 INFO src.train.trainer: Last model at epoch 83 saved to /root/autodl-tmp/em_eqf/experiments/reg_mixer_layer_1_grid_bs_128/runs/regmx_ema_seed_2/last_model_1.pth
2026-05-18 17:19:42,562 INFO src.train.trainer: Epoch 84
2026-05-18 17:19:44,486 INFO src.train.trainer: Last model at epoch 84 saved to /root/autodl-tmp/em_eqf/experiments/reg_mixer_layer_1_grid_bs_128/runs/regmx_ema_seed_2/last_model_1.pth
2026-05-18 17:19:44,486 INFO src.train.trainer: Epoch 85
2026-05-18 17:19:46,610 INFO src.train.trainer: Last model at epoch 85 saved to /root/autodl-tmp/em_eqf/experiments/reg_mixer_layer_1_grid_bs_128/runs/regmx_ema_seed_2/last_model_1.pth
2026-05-18 17:19:46,610 INFO src.train.trainer: Epoch 86
2026-05-18 17:19:48,973 INFO src.train.trainer: Last model at epoch 86 saved to /root/autodl-tmp/em_eqf/experiments/reg_mixer_layer_1_grid_bs_128/runs/regmx_ema_seed_2/last_model_1.pth
2026-05-18 17:19:48,973 INFO src.train.trainer: Epoch 87
2026-05-18 17:19:51,454 INFO src.train.trainer: Last model at epoch 87 saved to /root/autodl-tmp/em_eqf/experiments/reg_mixer_layer_1_grid_bs_128/runs/regmx_ema_seed_2/last_model_1.pth
2026-05-18 17:19:51,455 INFO src.train.trainer: Epoch 88
2026-05-18 17:19:53,545 INFO src.train.trainer: Last model at epoch 88 saved to /root/autodl-tmp/em_eqf/experiments/reg_mixer_layer_1_grid_bs_128/runs/regmx_ema_seed_2/last_model_1.pth
2026-05-18 17:19:53,545 INFO src.train.trainer: Epoch 89
2026-05-18 17:19:55,837 INFO src.train.trainer: Last model at epoch 89 saved to /root/autodl-tmp/em_eqf/experiments/reg_mixer_layer_1_grid_bs_128/runs/regmx_ema_seed_2/last_model_1.pth
2026-05-18 17:19:55,838 INFO src.train.trainer: Epoch 90
2026-05-18 17:19:58,277 INFO src.train.trainer: Last model at epoch 90 saved to /root/autodl-tmp/em_eqf/experiments/reg_mixer_layer_1_grid_bs_128/runs/regmx_ema_seed_2/last_model_1.pth
2026-05-18 17:19:58,277 INFO src.train.trainer: Epoch 91
2026-05-18 17:20:00,615 INFO src.train.trainer: Last model at epoch 91 saved to /root/autodl-tmp/em_eqf/experiments/reg_mixer_layer_1_grid_bs_128/runs/regmx_ema_seed_2/last_model_1.pth
2026-05-18 17:20:00,615 INFO src.train.trainer: Epoch 92
2026-05-18 17:20:02,841 INFO src.train.trainer: Last model at epoch 92 saved to /root/autodl-tmp/em_eqf/experiments/reg_mixer_layer_1_grid_bs_128/runs/regmx_ema_seed_2/last_model_1.pth
2026-05-18 17:20:02,841 INFO src.train.trainer: Epoch 93
2026-05-18 17:20:05,184 INFO src.train.trainer: Last model at epoch 93 saved to /root/autodl-tmp/em_eqf/experiments/reg_mixer_layer_1_grid_bs_128/runs/regmx_ema_seed_2/last_model_1.pth
2026-05-18 17:20:05,184 INFO src.train.trainer: Epoch 94
2026-05-18 17:20:07,548 INFO src.train.trainer: Last model at epoch 94 saved to /root/autodl-tmp/em_eqf/experiments/reg_mixer_layer_1_grid_bs_128/runs/regmx_ema_seed_2/last_model_1.pth
2026-05-18 17:20:07,549 INFO src.train.trainer: Epoch 95
2026-05-18 17:20:09,772 INFO src.train.trainer: Last model at epoch 95 saved to /root/autodl-tmp/em_eqf/experiments/reg_mixer_layer_1_grid_bs_128/runs/regmx_ema_seed_2/last_model_1.pth
2026-05-18 17:20:09,772 INFO src.train.trainer: Epoch 96
2026-05-18 17:20:11,937 INFO src.train.trainer: Last model at epoch 96 saved to /root/autodl-tmp/em_eqf/experiments/reg_mixer_layer_1_grid_bs_128/runs/regmx_ema_seed_2/last_model_1.pth
2026-05-18 17:20:11,937 INFO src.train.trainer: Epoch 97
2026-05-18 17:20:14,020 INFO src.train.trainer: Last model at epoch 97 saved to /root/autodl-tmp/em_eqf/experiments/reg_mixer_layer_1_grid_bs_128/runs/regmx_ema_seed_2/last_model_1.pth
2026-05-18 17:20:14,020 INFO src.train.trainer: Epoch 98
2026-05-18 17:20:16,215 INFO src.train.trainer: Last model at epoch 98 saved to /root/autodl-tmp/em_eqf/experiments/reg_mixer_layer_1_grid_bs_128/runs/regmx_ema_seed_2/last_model_1.pth
2026-05-18 17:20:16,216 INFO src.train.trainer: Epoch 99
2026-05-18 17:20:18,645 INFO src.train.trainer: Last model at epoch 99 saved to /root/autodl-tmp/em_eqf/experiments/reg_mixer_layer_1_grid_bs_128/runs/regmx_ema_seed_2/last_model_1.pth
2026-05-18 17:20:18,646 INFO src.train.trainer: Epoch 100
2026-05-18 17:20:20,766 INFO src.train.trainer: Last model at epoch 100 saved to /root/autodl-tmp/em_eqf/experiments/reg_mixer_layer_1_grid_bs_128/runs/regmx_ema_seed_2/last_model_1.pth
2026-05-18 17:20:20,772 INFO src.train.trainer: Saved epoch 100 snapshot to /root/autodl-tmp/em_eqf/experiments/reg_mixer_layer_1_grid_bs_128/runs/regmx_ema_seed_2/epoch_100_model_1.pth
2026-05-18 17:20:20,772 INFO src.train.trainer: Epoch 101
2026-05-18 17:20:22,919 INFO src.train.trainer: Last model at epoch 101 saved to /root/autodl-tmp/em_eqf/experiments/reg_mixer_layer_1_grid_bs_128/runs/regmx_ema_seed_2/last_model_1.pth
2026-05-18 17:20:22,919 INFO src.train.trainer: Epoch 102
2026-05-18 17:20:25,287 INFO src.train.trainer: Last model at epoch 102 saved to /root/autodl-tmp/em_eqf/experiments/reg_mixer_layer_1_grid_bs_128/runs/regmx_ema_seed_2/last_model_1.pth
2026-05-18 17:20:25,288 INFO src.train.trainer: Epoch 103
2026-05-18 17:20:27,329 INFO src.train.trainer: Last model at epoch 103 saved to /root/autodl-tmp/em_eqf/experiments/reg_mixer_layer_1_grid_bs_128/runs/regmx_ema_seed_2/last_model_1.pth
2026-05-18 17:20:27,329 INFO src.train.trainer: Epoch 104
2026-05-18 17:20:29,360 INFO src.train.trainer: Last model at epoch 104 saved to /root/autodl-tmp/em_eqf/experiments/reg_mixer_layer_1_grid_bs_128/runs/regmx_ema_seed_2/last_model_1.pth
2026-05-18 17:20:29,360 INFO src.train.trainer: Epoch 105
2026-05-18 17:20:31,594 INFO src.train.trainer: Last model at epoch 105 saved to /root/autodl-tmp/em_eqf/experiments/reg_mixer_layer_1_grid_bs_128/runs/regmx_ema_seed_2/last_model_1.pth
2026-05-18 17:20:31,595 INFO src.train.trainer: Epoch 106
2026-05-18 17:20:34,005 INFO src.train.trainer: Last model at epoch 106 saved to /root/autodl-tmp/em_eqf/experiments/reg_mixer_layer_1_grid_bs_128/runs/regmx_ema_seed_2/last_model_1.pth
2026-05-18 17:20:34,006 INFO src.train.trainer: Epoch 107
2026-05-18 17:20:36,226 INFO src.train.trainer: Last model at epoch 107 saved to /root/autodl-tmp/em_eqf/experiments/reg_mixer_layer_1_grid_bs_128/runs/regmx_ema_seed_2/last_model_1.pth
2026-05-18 17:20:36,227 INFO src.train.trainer: Epoch 108
2026-05-18 17:20:38,503 INFO src.train.trainer: Last model at epoch 108 saved to /root/autodl-tmp/em_eqf/experiments/reg_mixer_layer_1_grid_bs_128/runs/regmx_ema_seed_2/last_model_1.pth
2026-05-18 17:20:38,504 INFO src.train.trainer: Epoch 109
2026-05-18 17:20:40,761 INFO src.train.trainer: Last model at epoch 109 saved to /root/autodl-tmp/em_eqf/experiments/reg_mixer_layer_1_grid_bs_128/runs/regmx_ema_seed_2/last_model_1.pth
2026-05-18 17:20:40,761 INFO src.train.trainer: Epoch 110
2026-05-18 17:20:42,980 INFO src.train.trainer: Last model at epoch 110 saved to /root/autodl-tmp/em_eqf/experiments/reg_mixer_layer_1_grid_bs_128/runs/regmx_ema_seed_2/last_model_1.pth
2026-05-18 17:20:42,981 INFO src.train.trainer: Epoch 111
2026-05-18 17:20:44,719 INFO src.train.trainer: Last model at epoch 111 saved to /root/autodl-tmp/em_eqf/experiments/reg_mixer_layer_1_grid_bs_128/runs/regmx_ema_seed_2/last_model_1.pth
2026-05-18 17:20:44,719 INFO src.train.trainer: Epoch 112
2026-05-18 17:20:46,392 INFO src.train.trainer: Last model at epoch 112 saved to /root/autodl-tmp/em_eqf/experiments/reg_mixer_layer_1_grid_bs_128/runs/regmx_ema_seed_2/last_model_1.pth
2026-05-18 17:20:46,392 INFO src.train.trainer: Epoch 113
2026-05-18 17:20:48,566 INFO src.train.trainer: Last model at epoch 113 saved to /root/autodl-tmp/em_eqf/experiments/reg_mixer_layer_1_grid_bs_128/runs/regmx_ema_seed_2/last_model_1.pth
2026-05-18 17:20:48,566 INFO src.train.trainer: Epoch 114
2026-05-18 17:20:50,913 INFO src.train.trainer: Last model at epoch 114 saved to /root/autodl-tmp/em_eqf/experiments/reg_mixer_layer_1_grid_bs_128/runs/regmx_ema_seed_2/last_model_1.pth
2026-05-18 17:20:50,914 INFO src.train.trainer: Epoch 115
2026-05-18 17:20:53,390 INFO src.train.trainer: Last model at epoch 115 saved to /root/autodl-tmp/em_eqf/experiments/reg_mixer_layer_1_grid_bs_128/runs/regmx_ema_seed_2/last_model_1.pth
2026-05-18 17:20:53,390 INFO src.train.trainer: Epoch 116
2026-05-18 17:20:55,660 INFO src.train.trainer: Last model at epoch 116 saved to /root/autodl-tmp/em_eqf/experiments/reg_mixer_layer_1_grid_bs_128/runs/regmx_ema_seed_2/last_model_1.pth
2026-05-18 17:20:55,660 INFO src.train.trainer: Epoch 117
2026-05-18 17:20:57,715 INFO src.train.trainer: Last model at epoch 117 saved to /root/autodl-tmp/em_eqf/experiments/reg_mixer_layer_1_grid_bs_128/runs/regmx_ema_seed_2/last_model_1.pth
2026-05-18 17:20:57,715 INFO src.train.trainer: Epoch 118
2026-05-18 17:20:59,884 INFO src.train.trainer: Last model at epoch 118 saved to /root/autodl-tmp/em_eqf/experiments/reg_mixer_layer_1_grid_bs_128/runs/regmx_ema_seed_2/last_model_1.pth
2026-05-18 17:20:59,884 INFO src.train.trainer: Epoch 119
2026-05-18 17:21:01,979 INFO src.train.trainer: Last model at epoch 119 saved to /root/autodl-tmp/em_eqf/experiments/reg_mixer_layer_1_grid_bs_128/runs/regmx_ema_seed_2/last_model_1.pth
2026-05-18 17:21:01,979 INFO src.train.trainer: Epoch 120
2026-05-18 17:21:03,961 INFO src.train.trainer: Last model at epoch 120 saved to /root/autodl-tmp/em_eqf/experiments/reg_mixer_layer_1_grid_bs_128/runs/regmx_ema_seed_2/last_model_1.pth
2026-05-18 17:21:03,965 INFO src.train.trainer: Saved epoch 120 snapshot to /root/autodl-tmp/em_eqf/experiments/reg_mixer_layer_1_grid_bs_128/runs/regmx_ema_seed_2/epoch_120_model_1.pth
2026-05-18 17:21:03,965 INFO src.train.trainer: Epoch 121
2026-05-18 17:21:05,889 INFO src.train.trainer: Last model at epoch 121 saved to /root/autodl-tmp/em_eqf/experiments/reg_mixer_layer_1_grid_bs_128/runs/regmx_ema_seed_2/last_model_1.pth
2026-05-18 17:21:05,890 INFO src.train.trainer: Epoch 122
2026-05-18 17:21:08,160 INFO src.train.trainer: Last model at epoch 122 saved to /root/autodl-tmp/em_eqf/experiments/reg_mixer_layer_1_grid_bs_128/runs/regmx_ema_seed_2/last_model_1.pth
2026-05-18 17:21:08,160 INFO src.train.trainer: Epoch 123
2026-05-18 17:21:10,546 INFO src.train.trainer: Last model at epoch 123 saved to /root/autodl-tmp/em_eqf/experiments/reg_mixer_layer_1_grid_bs_128/runs/regmx_ema_seed_2/last_model_1.pth
2026-05-18 17:21:10,547 INFO src.train.trainer: Epoch 124
2026-05-18 17:21:12,755 INFO src.train.trainer: Last model at epoch 124 saved to /root/autodl-tmp/em_eqf/experiments/reg_mixer_layer_1_grid_bs_128/runs/regmx_ema_seed_2/last_model_1.pth
2026-05-18 17:21:12,756 INFO src.train.trainer: Epoch 125
2026-05-18 17:21:15,019 INFO src.train.trainer: Last model at epoch 125 saved to /root/autodl-tmp/em_eqf/experiments/reg_mixer_layer_1_grid_bs_128/runs/regmx_ema_seed_2/last_model_1.pth
2026-05-18 17:21:15,020 INFO src.train.trainer: Epoch 126
2026-05-18 17:21:17,113 INFO src.train.trainer: Last model at epoch 126 saved to /root/autodl-tmp/em_eqf/experiments/reg_mixer_layer_1_grid_bs_128/runs/regmx_ema_seed_2/last_model_1.pth
2026-05-18 17:21:17,113 INFO src.train.trainer: Epoch 127
2026-05-18 17:21:19,152 INFO src.train.trainer: Last model at epoch 127 saved to /root/autodl-tmp/em_eqf/experiments/reg_mixer_layer_1_grid_bs_128/runs/regmx_ema_seed_2/last_model_1.pth
2026-05-18 17:21:19,153 INFO src.train.trainer: Epoch 128
2026-05-18 17:21:21,140 INFO src.train.trainer: Last model at epoch 128 saved to /root/autodl-tmp/em_eqf/experiments/reg_mixer_layer_1_grid_bs_128/runs/regmx_ema_seed_2/last_model_1.pth
2026-05-18 17:21:21,141 INFO src.train.trainer: Epoch 129
2026-05-18 17:21:23,280 INFO src.train.trainer: Last model at epoch 129 saved to /root/autodl-tmp/em_eqf/experiments/reg_mixer_layer_1_grid_bs_128/runs/regmx_ema_seed_2/last_model_1.pth
2026-05-18 17:21:23,281 INFO src.train.trainer: Epoch 130
2026-05-18 17:21:25,287 INFO src.train.trainer: Last model at epoch 130 saved to /root/autodl-tmp/em_eqf/experiments/reg_mixer_layer_1_grid_bs_128/runs/regmx_ema_seed_2/last_model_1.pth
2026-05-18 17:21:25,287 INFO src.train.trainer: Epoch 131
2026-05-18 17:21:27,399 INFO src.train.trainer: Last model at epoch 131 saved to /root/autodl-tmp/em_eqf/experiments/reg_mixer_layer_1_grid_bs_128/runs/regmx_ema_seed_2/last_model_1.pth
2026-05-18 17:21:27,399 INFO src.train.trainer: Epoch 132
2026-05-18 17:21:29,414 INFO src.train.trainer: Last model at epoch 132 saved to /root/autodl-tmp/em_eqf/experiments/reg_mixer_layer_1_grid_bs_128/runs/regmx_ema_seed_2/last_model_1.pth
2026-05-18 17:21:29,414 INFO src.train.trainer: Epoch 133
2026-05-18 17:21:31,421 INFO src.train.trainer: Last model at epoch 133 saved to /root/autodl-tmp/em_eqf/experiments/reg_mixer_layer_1_grid_bs_128/runs/regmx_ema_seed_2/last_model_1.pth
2026-05-18 17:21:31,422 INFO src.train.trainer: Epoch 134
2026-05-18 17:21:33,559 INFO src.train.trainer: Last model at epoch 134 saved to /root/autodl-tmp/em_eqf/experiments/reg_mixer_layer_1_grid_bs_128/runs/regmx_ema_seed_2/last_model_1.pth
2026-05-18 17:21:33,560 INFO src.train.trainer: Epoch 135
2026-05-18 17:21:35,604 INFO src.train.trainer: Last model at epoch 135 saved to /root/autodl-tmp/em_eqf/experiments/reg_mixer_layer_1_grid_bs_128/runs/regmx_ema_seed_2/last_model_1.pth
2026-05-18 17:21:35,605 INFO src.train.trainer: Epoch 136
2026-05-18 17:21:37,799 INFO src.train.trainer: Last model at epoch 136 saved to /root/autodl-tmp/em_eqf/experiments/reg_mixer_layer_1_grid_bs_128/runs/regmx_ema_seed_2/last_model_1.pth
2026-05-18 17:21:37,800 INFO src.train.trainer: Epoch 137
2026-05-18 17:21:39,761 INFO src.train.trainer: Last model at epoch 137 saved to /root/autodl-tmp/em_eqf/experiments/reg_mixer_layer_1_grid_bs_128/runs/regmx_ema_seed_2/last_model_1.pth
2026-05-18 17:21:39,761 INFO src.train.trainer: Epoch 138
2026-05-18 17:21:41,806 INFO src.train.trainer: Last model at epoch 138 saved to /root/autodl-tmp/em_eqf/experiments/reg_mixer_layer_1_grid_bs_128/runs/regmx_ema_seed_2/last_model_1.pth
2026-05-18 17:21:41,807 INFO src.train.trainer: Epoch 139
2026-05-18 17:21:43,965 INFO src.train.trainer: Last model at epoch 139 saved to /root/autodl-tmp/em_eqf/experiments/reg_mixer_layer_1_grid_bs_128/runs/regmx_ema_seed_2/last_model_1.pth
2026-05-18 17:21:43,966 INFO src.train.trainer: Epoch 140
2026-05-18 17:21:45,990 INFO src.train.trainer: Last model at epoch 140 saved to /root/autodl-tmp/em_eqf/experiments/reg_mixer_layer_1_grid_bs_128/runs/regmx_ema_seed_2/last_model_1.pth
2026-05-18 17:21:45,995 INFO src.train.trainer: Saved epoch 140 snapshot to /root/autodl-tmp/em_eqf/experiments/reg_mixer_layer_1_grid_bs_128/runs/regmx_ema_seed_2/epoch_140_model_1.pth
2026-05-18 17:21:45,995 INFO src.train.trainer: Epoch 141
2026-05-18 17:21:48,235 INFO src.train.trainer: Last model at epoch 141 saved to /root/autodl-tmp/em_eqf/experiments/reg_mixer_layer_1_grid_bs_128/runs/regmx_ema_seed_2/last_model_1.pth
2026-05-18 17:21:48,235 INFO src.train.trainer: Epoch 142
2026-05-18 17:21:50,575 INFO src.train.trainer: Last model at epoch 142 saved to /root/autodl-tmp/em_eqf/experiments/reg_mixer_layer_1_grid_bs_128/runs/regmx_ema_seed_2/last_model_1.pth
2026-05-18 17:21:50,576 INFO src.train.trainer: Epoch 143
2026-05-18 17:21:52,691 INFO src.train.trainer: Last model at epoch 143 saved to /root/autodl-tmp/em_eqf/experiments/reg_mixer_layer_1_grid_bs_128/runs/regmx_ema_seed_2/last_model_1.pth
2026-05-18 17:21:52,691 INFO src.train.trainer: Epoch 144
2026-05-18 17:21:54,789 INFO src.train.trainer: Last model at epoch 144 saved to /root/autodl-tmp/em_eqf/experiments/reg_mixer_layer_1_grid_bs_128/runs/regmx_ema_seed_2/last_model_1.pth
2026-05-18 17:21:54,789 INFO src.train.trainer: Epoch 145
2026-05-18 17:21:56,933 INFO src.train.trainer: Last model at epoch 145 saved to /root/autodl-tmp/em_eqf/experiments/reg_mixer_layer_1_grid_bs_128/runs/regmx_ema_seed_2/last_model_1.pth
2026-05-18 17:21:56,934 INFO src.train.trainer: Epoch 146
2026-05-18 17:21:59,053 INFO src.train.trainer: Last model at epoch 146 saved to /root/autodl-tmp/em_eqf/experiments/reg_mixer_layer_1_grid_bs_128/runs/regmx_ema_seed_2/last_model_1.pth
2026-05-18 17:21:59,053 INFO src.train.trainer: Epoch 147
2026-05-18 17:22:01,182 INFO src.train.trainer: Last model at epoch 147 saved to /root/autodl-tmp/em_eqf/experiments/reg_mixer_layer_1_grid_bs_128/runs/regmx_ema_seed_2/last_model_1.pth
2026-05-18 17:22:01,182 INFO src.train.trainer: Epoch 148
2026-05-18 17:22:03,008 INFO src.train.trainer: Last model at epoch 148 saved to /root/autodl-tmp/em_eqf/experiments/reg_mixer_layer_1_grid_bs_128/runs/regmx_ema_seed_2/last_model_1.pth
2026-05-18 17:22:03,008 INFO src.train.trainer: Epoch 149
2026-05-18 17:22:04,673 INFO src.train.trainer: Last model at epoch 149 saved to /root/autodl-tmp/em_eqf/experiments/reg_mixer_layer_1_grid_bs_128/runs/regmx_ema_seed_2/last_model_1.pth
2026-05-18 17:22:04,673 INFO src.train.trainer: Epoch 150
2026-05-18 17:22:06,604 INFO src.train.trainer: Last model at epoch 150 saved to /root/autodl-tmp/em_eqf/experiments/reg_mixer_layer_1_grid_bs_128/runs/regmx_ema_seed_2/last_model_1.pth
2026-05-18 17:22:16,389 INFO src.data.preprocessing: CSV files found: ['chuandian_2021.csv']
2026-05-18 17:22:17,169 INFO src.utils.file_utils: Loading cached data from: data/ChuanDian/regressor/regressor_Mc_3_Mf_3_Tfore_180_Twindow_360_context_len_1_dt_10.pkl
2026-05-18 17:22:19,419 INFO src.data.preprocessing: Catalog statistics: {'tau_unfiltered': 0.15339908988298961, 'tau_q025': 0.08114294020924717, 'tau_q05': 0.5134664350189269, 'tau_mean': 1.3070542199341526, 'tau_max': 25.18216435192153, 'tau_min': 0.0, 'time_max': 18770.72654999979, 'time_mean': 10030.9430649837, 'mag_completeness': 3.0, 'mag_mean': 3.456916005014626, 'mag_max': 8.0, 'mag_min': 3.0, 'b_value': 0.856738547623331, 'b_std': 0.0071499224812533796, 'b_n': 14358}
2026-05-18 17:22:19,497 INFO src.data.event_loader: lengths of samples: min=96, max=1340, avg=265.71
2026-05-18 17:22:20,329 INFO src.models.adapters.mixer_task: using time scale base 1.3070542199341526 (key: tau_mean)
2026-05-18 17:22:20,329 INFO src.models.adapters.mixer_task: tau mean: tensor(1.3071)
2026-05-18 17:22:20,334 INFO src.train.config_setup: Restoring model from checkpoint.
2026-05-18 17:22:20,335 INFO src.train.config_setup: Loading model weights: load_specific_parts=None
2026-05-18 17:22:20,336 INFO src.train.config_setup: Checkpoint loaded: <All keys matched successfully>
2026-05-18 17:22:20,336 INFO src.train.config_setup: Full load summary: loaded=44, missing=0, unexpected=0
2026-05-18 17:22:20,337 INFO src.train.config_setup: Checkpoint hyperparameters loaded.
2026-05-18 17:22:20,337 INFO src.train.config_setup: Checkpoint train metrics available.
2026-05-18 17:22:20,337 INFO src.train.config_setup: Checkpoint val metrics available.
2026-05-18 17:22:20,337 INFO src.train.config_setup: Freeze skipped (checkpoint_restore): freeze_parts is empty.
2026-05-18 17:22:20,337 INFO src.train.config_setup: Using regression criterion: smooth_l1
2026-05-18 17:22:20,337 INFO src.train.config_setup: Criterion config: {'beta': 0.3}
2026-05-18 17:22:20,338 INFO src.train.config_setup: encoder_param_keywords: ['base_model.encoder.input_proj', 'base_model.encoder.layers.0']
2026-05-18 17:22:20,338 INFO src.train.config_setup: encoder_lr grouping summary: lr=0.00024, matched=18
2026-05-18 17:22:20,338 INFO src.train.config_setup: Encoder LR coverage [base_model.encoder.input_proj]: target=4, hit=4, missing=0, complete=True
2026-05-18 17:22:20,338 INFO src.train.config_setup: Encoder LR coverage [base_model.encoder.layers.0]: target=14, hit=14, missing=0, complete=True
2026-05-18 17:22:20,338 INFO src.train.config_setup: encoder_lr matched preview: ['base_model.encoder.input_proj.0.weight', 'base_model.encoder.input_proj.0.bias', 'base_model.encoder.input_proj.3.weight', 'base_model.encoder.input_proj.3.bias', 'base_model.encoder.layers.0.norm.weight', 'base_model.encoder.layers.0.norm.bias', 'base_model.encoder.layers.0.mixer.dt_bias', 'base_model.encoder.layers.0.mixer.A_log', 'base_model.encoder.layers.0.mixer.D', 'base_model.encoder.layers.0.mixer.in_proj.weight'] ... (+8 more)
2026-05-18 17:22:20,339 INFO src.train.config_setup: Not resuming optimizer/scheduler state; reset training state to start_epoch=0, best_val_loss=inf.
2026-05-18 17:22:25,717 INFO src.cli.workflows: Test loss: 0.03420101727048556
2026-05-18 17:22:27,669 INFO src.cli.common: Saved test metrics to /root/autodl-tmp/em_eqf/experiments/reg_mixer_layer_1_grid_bs_128/runs/regmx_ema_seed_2/metrics_test_best_1.json
2026-05-18 17:22:27,669 INFO src.cli.common: Metrics: {'RMSE': 0.8603853904815832, 'MAE': 0.755253115149795, 'MSE': 0.7402630201541465, 'MAPE': 16.414786209570817, 'R2': -1.2121529946572474, 'PearsonR': -0.18440007995409224, 'PearsonR_diff': 0.16979420561119452, 'DA': 0.04945054945054945, 'SpearmanR': -0.19128837905990048, 'SpearmanR_diff': 0.003523110272811871, 'DTW': 131.4111023247242, 'DTW_normalized': 0.7180934553263617}
2026-05-18 18:03:25,475 INFO src.data.preprocessing: CSV files found: ['chuandian_2021.csv']
2026-05-18 18:03:26,275 INFO src.utils.file_utils: Loading cached data from: data/ChuanDian/regressor/regressor_Mc_3_Mf_3_Tfore_180_Twindow_360_context_len_1_dt_10.pkl
2026-05-18 18:03:28,512 INFO src.data.preprocessing: Catalog statistics: {'tau_unfiltered': 0.15339908988298961, 'tau_q025': 0.08114294020924717, 'tau_q05': 0.5134664350189269, 'tau_mean': 1.3070542199341526, 'tau_max': 25.18216435192153, 'tau_min': 0.0, 'time_max': 18770.72654999979, 'time_mean': 10030.9430649837, 'mag_completeness': 3.0, 'mag_mean': 3.456916005014626, 'mag_max': 8.0, 'mag_min': 3.0, 'b_value': 0.856738547623331, 'b_std': 0.0071499224812533796, 'b_n': 14358}
2026-05-18 18:03:28,552 INFO src.data.event_loader: lengths of samples: min=96, max=1340, avg=265.71
2026-05-18 18:03:29,385 INFO src.models.adapters.mixer_task: using time scale base 1.3070542199341526 (key: tau_mean)
2026-05-18 18:03:29,385 INFO src.models.adapters.mixer_task: tau mean: tensor(1.3071)
2026-05-18 18:03:29,390 INFO src.train.config_setup: Restoring model from checkpoint.
2026-05-18 18:03:29,390 INFO src.train.config_setup: Loading model weights: load_specific_parts=None
2026-05-18 18:03:29,392 INFO src.train.config_setup: Checkpoint loaded: <All keys matched successfully>
2026-05-18 18:03:29,392 INFO src.train.config_setup: Full load summary: loaded=44, missing=0, unexpected=0
2026-05-18 18:03:29,392 INFO src.train.config_setup: Checkpoint hyperparameters loaded.
2026-05-18 18:03:29,392 INFO src.train.config_setup: Checkpoint train metrics available.
2026-05-18 18:03:29,392 INFO src.train.config_setup: Checkpoint val metrics available.
2026-05-18 18:03:29,392 INFO src.train.config_setup: Freeze skipped (checkpoint_restore): freeze_parts is empty.
2026-05-18 18:03:29,393 INFO src.train.config_setup: Using regression criterion: smooth_l1
2026-05-18 18:03:29,393 INFO src.train.config_setup: Criterion config: {'beta': 0.3}
2026-05-18 18:03:29,393 INFO src.train.config_setup: encoder_param_keywords: ['base_model.encoder.input_proj', 'base_model.encoder.layers.0']
2026-05-18 18:03:29,393 INFO src.train.config_setup: encoder_lr grouping summary: lr=0.00024, matched=18
2026-05-18 18:03:29,393 INFO src.train.config_setup: Encoder LR coverage [base_model.encoder.input_proj]: target=4, hit=4, missing=0, complete=True
2026-05-18 18:03:29,394 INFO src.train.config_setup: Encoder LR coverage [base_model.encoder.layers.0]: target=14, hit=14, missing=0, complete=True
2026-05-18 18:03:29,394 INFO src.train.config_setup: encoder_lr matched preview: ['base_model.encoder.input_proj.0.weight', 'base_model.encoder.input_proj.0.bias', 'base_model.encoder.input_proj.3.weight', 'base_model.encoder.input_proj.3.bias', 'base_model.encoder.layers.0.norm.weight', 'base_model.encoder.layers.0.norm.bias', 'base_model.encoder.layers.0.mixer.dt_bias', 'base_model.encoder.layers.0.mixer.A_log', 'base_model.encoder.layers.0.mixer.D', 'base_model.encoder.layers.0.mixer.in_proj.weight'] ... (+8 more)
2026-05-18 18:03:29,394 INFO src.train.config_setup: Not resuming optimizer/scheduler state; reset training state to start_epoch=0, best_val_loss=inf.
2026-05-18 18:03:34,574 INFO src.cli.workflows: Test loss: 0.028376266360282898
2026-05-18 18:03:36,402 INFO src.cli.common: Saved test metrics to /root/autodl-tmp/em_eqf/experiments/reg_mixer_layer_1_grid_bs_128/runs/regmx_ema_seed_2/metrics_test_last_1.json
2026-05-18 18:03:36,402 INFO src.cli.common: Metrics: {'RMSE': 0.7846067876069412, 'MAE': 0.6865478431592222, 'MSE': 0.6156078111588837, 'MAPE': 14.61285398814075, 'R2': -0.83964162184671, 'PearsonR': 0.36319801975388927, 'PearsonR_diff': 0.22549905273475027, 'DA': 0.04395604395604396, 'SpearmanR': 0.3199660709887873, 'SpearmanR_diff': 0.030460018866784223, 'DTW': 48.10488483309746, 'DTW_normalized': 0.2628682231316801}
