2026-05-20 10:02:59,653 INFO src.data.preprocessing: CSV files found: ['chuandian_2021.csv']
2026-05-20 10:03:00,515 INFO src.utils.file_utils: Loading cached data from: data/ChuanDian/lstm_regressor/lstm_regressor_Mag_elaps_5.5-6-6.5-7_Mc_3_Mf_3.0_Tfore_180_Twindow_360_context_len_0_dt_10_feature_step_none_feature_window_none_lstm_feature_mode_external_sliding_time_step_5.pkl
2026-05-20 10:03:02,096 INFO src.data.lstm_loader: Original number of samples: 1819, number of samples after cleaning: 1819
2026-05-20 10:03:02,096 INFO src.data.lstm_loader: Replaced NaN values in X with 0.0
2026-05-20 10:03:02,136 INFO src.cli.workflows: No resume path provided. Training will start from scratch.
2026-05-20 10:03:02,711 INFO src.train.config_setup: No checkpoint restore requested; initializing model from scratch.
2026-05-20 10:03:02,711 INFO src.train.config_setup: Freeze skipped (fresh_init): freeze_parts is empty.
2026-05-20 10:03:02,712 INFO src.train.config_setup: Using regression criterion: smooth_l1
2026-05-20 10:03:02,712 INFO src.train.config_setup: Criterion config: {'beta': 0.6}
2026-05-20 10:03:02,713 INFO src.train.trainer: Epoch 1
2026-05-20 10:03:03,108 INFO src.train.trainer: New best validation loss: 0.1120, saved to /root/autodl-tmp/em_eqf/experiments/lstm_5_seeds_v6/runs/lstm__top_h64_l2_bs128_seed_8/best_model_1.pth
2026-05-20 10:03:03,110 INFO src.train.trainer: Last model at epoch 1 saved to /root/autodl-tmp/em_eqf/experiments/lstm_5_seeds_v6/runs/lstm__top_h64_l2_bs128_seed_8/last_model_1.pth
2026-05-20 10:03:03,111 INFO src.train.trainer: Epoch 2
2026-05-20 10:03:03,208 INFO src.train.trainer: New best validation loss: 0.1036, saved to /root/autodl-tmp/em_eqf/experiments/lstm_5_seeds_v6/runs/lstm__top_h64_l2_bs128_seed_8/best_model_1.pth
2026-05-20 10:03:03,213 INFO src.train.trainer: Last model at epoch 2 saved to /root/autodl-tmp/em_eqf/experiments/lstm_5_seeds_v6/runs/lstm__top_h64_l2_bs128_seed_8/last_model_1.pth
2026-05-20 10:03:03,213 INFO src.train.trainer: Epoch 3
2026-05-20 10:03:03,334 INFO src.train.trainer: New best validation loss: 0.0910, saved to /root/autodl-tmp/em_eqf/experiments/lstm_5_seeds_v6/runs/lstm__top_h64_l2_bs128_seed_8/best_model_1.pth
2026-05-20 10:03:03,339 INFO src.train.trainer: Last model at epoch 3 saved to /root/autodl-tmp/em_eqf/experiments/lstm_5_seeds_v6/runs/lstm__top_h64_l2_bs128_seed_8/last_model_1.pth
2026-05-20 10:03:03,339 INFO src.train.trainer: Epoch 4
2026-05-20 10:03:03,487 INFO src.train.trainer: New best validation loss: 0.0746, saved to /root/autodl-tmp/em_eqf/experiments/lstm_5_seeds_v6/runs/lstm__top_h64_l2_bs128_seed_8/best_model_1.pth
2026-05-20 10:03:03,491 INFO src.train.trainer: Last model at epoch 4 saved to /root/autodl-tmp/em_eqf/experiments/lstm_5_seeds_v6/runs/lstm__top_h64_l2_bs128_seed_8/last_model_1.pth
2026-05-20 10:03:03,492 INFO src.train.trainer: Epoch 5
2026-05-20 10:03:03,651 INFO src.train.trainer: New best validation loss: 0.0551, saved to /root/autodl-tmp/em_eqf/experiments/lstm_5_seeds_v6/runs/lstm__top_h64_l2_bs128_seed_8/best_model_1.pth
2026-05-20 10:03:03,657 INFO src.train.trainer: Last model at epoch 5 saved to /root/autodl-tmp/em_eqf/experiments/lstm_5_seeds_v6/runs/lstm__top_h64_l2_bs128_seed_8/last_model_1.pth
2026-05-20 10:03:03,657 INFO src.train.trainer: Epoch 6
2026-05-20 10:03:03,821 INFO src.train.trainer: New best validation loss: 0.0366, saved to /root/autodl-tmp/em_eqf/experiments/lstm_5_seeds_v6/runs/lstm__top_h64_l2_bs128_seed_8/best_model_1.pth
2026-05-20 10:03:03,828 INFO src.train.trainer: Last model at epoch 6 saved to /root/autodl-tmp/em_eqf/experiments/lstm_5_seeds_v6/runs/lstm__top_h64_l2_bs128_seed_8/last_model_1.pth
2026-05-20 10:03:03,828 INFO src.train.trainer: Epoch 7
2026-05-20 10:03:03,997 INFO src.train.trainer: New best validation loss: 0.0300, saved to /root/autodl-tmp/em_eqf/experiments/lstm_5_seeds_v6/runs/lstm__top_h64_l2_bs128_seed_8/best_model_1.pth
2026-05-20 10:03:04,004 INFO src.train.trainer: Last model at epoch 7 saved to /root/autodl-tmp/em_eqf/experiments/lstm_5_seeds_v6/runs/lstm__top_h64_l2_bs128_seed_8/last_model_1.pth
2026-05-20 10:03:04,004 INFO src.train.trainer: Epoch 8
2026-05-20 10:03:04,173 INFO src.train.trainer: Last model at epoch 8 saved to /root/autodl-tmp/em_eqf/experiments/lstm_5_seeds_v6/runs/lstm__top_h64_l2_bs128_seed_8/last_model_1.pth
2026-05-20 10:03:04,173 INFO src.train.trainer: Epoch 9
2026-05-20 10:03:04,345 INFO src.train.trainer: Last model at epoch 9 saved to /root/autodl-tmp/em_eqf/experiments/lstm_5_seeds_v6/runs/lstm__top_h64_l2_bs128_seed_8/last_model_1.pth
2026-05-20 10:03:04,345 INFO src.train.trainer: Epoch 10
2026-05-20 10:03:04,506 INFO src.train.trainer: Last model at epoch 10 saved to /root/autodl-tmp/em_eqf/experiments/lstm_5_seeds_v6/runs/lstm__top_h64_l2_bs128_seed_8/last_model_1.pth
2026-05-20 10:03:04,506 INFO src.train.trainer: Epoch 11
2026-05-20 10:03:04,667 INFO src.train.trainer: New best validation loss: 0.0298, saved to /root/autodl-tmp/em_eqf/experiments/lstm_5_seeds_v6/runs/lstm__top_h64_l2_bs128_seed_8/best_model_1.pth
2026-05-20 10:03:04,673 INFO src.train.trainer: Last model at epoch 11 saved to /root/autodl-tmp/em_eqf/experiments/lstm_5_seeds_v6/runs/lstm__top_h64_l2_bs128_seed_8/last_model_1.pth
2026-05-20 10:03:04,673 INFO src.train.trainer: Epoch 12
2026-05-20 10:03:04,836 INFO src.train.trainer: New best validation loss: 0.0297, saved to /root/autodl-tmp/em_eqf/experiments/lstm_5_seeds_v6/runs/lstm__top_h64_l2_bs128_seed_8/best_model_1.pth
2026-05-20 10:03:04,844 INFO src.train.trainer: Last model at epoch 12 saved to /root/autodl-tmp/em_eqf/experiments/lstm_5_seeds_v6/runs/lstm__top_h64_l2_bs128_seed_8/last_model_1.pth
2026-05-20 10:03:04,844 INFO src.train.trainer: Epoch 13
2026-05-20 10:03:04,999 INFO src.train.trainer: Last model at epoch 13 saved to /root/autodl-tmp/em_eqf/experiments/lstm_5_seeds_v6/runs/lstm__top_h64_l2_bs128_seed_8/last_model_1.pth
2026-05-20 10:03:04,999 INFO src.train.trainer: Epoch 14
2026-05-20 10:03:05,155 INFO src.train.trainer: New best validation loss: 0.0297, saved to /root/autodl-tmp/em_eqf/experiments/lstm_5_seeds_v6/runs/lstm__top_h64_l2_bs128_seed_8/best_model_1.pth
2026-05-20 10:03:05,161 INFO src.train.trainer: Last model at epoch 14 saved to /root/autodl-tmp/em_eqf/experiments/lstm_5_seeds_v6/runs/lstm__top_h64_l2_bs128_seed_8/last_model_1.pth
2026-05-20 10:03:05,161 INFO src.train.trainer: Epoch 15
2026-05-20 10:03:05,308 INFO src.train.trainer: New best validation loss: 0.0296, saved to /root/autodl-tmp/em_eqf/experiments/lstm_5_seeds_v6/runs/lstm__top_h64_l2_bs128_seed_8/best_model_1.pth
2026-05-20 10:03:05,314 INFO src.train.trainer: Last model at epoch 15 saved to /root/autodl-tmp/em_eqf/experiments/lstm_5_seeds_v6/runs/lstm__top_h64_l2_bs128_seed_8/last_model_1.pth
2026-05-20 10:03:05,314 INFO src.train.trainer: Epoch 16
2026-05-20 10:03:05,466 INFO src.train.trainer: New best validation loss: 0.0295, saved to /root/autodl-tmp/em_eqf/experiments/lstm_5_seeds_v6/runs/lstm__top_h64_l2_bs128_seed_8/best_model_1.pth
2026-05-20 10:03:05,473 INFO src.train.trainer: Last model at epoch 16 saved to /root/autodl-tmp/em_eqf/experiments/lstm_5_seeds_v6/runs/lstm__top_h64_l2_bs128_seed_8/last_model_1.pth
2026-05-20 10:03:05,473 INFO src.train.trainer: Epoch 17
2026-05-20 10:03:05,629 INFO src.train.trainer: New best validation loss: 0.0295, saved to /root/autodl-tmp/em_eqf/experiments/lstm_5_seeds_v6/runs/lstm__top_h64_l2_bs128_seed_8/best_model_1.pth
2026-05-20 10:03:05,635 INFO src.train.trainer: Last model at epoch 17 saved to /root/autodl-tmp/em_eqf/experiments/lstm_5_seeds_v6/runs/lstm__top_h64_l2_bs128_seed_8/last_model_1.pth
2026-05-20 10:03:05,635 INFO src.train.trainer: Epoch 18
2026-05-20 10:03:05,796 INFO src.train.trainer: New best validation loss: 0.0293, saved to /root/autodl-tmp/em_eqf/experiments/lstm_5_seeds_v6/runs/lstm__top_h64_l2_bs128_seed_8/best_model_1.pth
2026-05-20 10:03:05,802 INFO src.train.trainer: Last model at epoch 18 saved to /root/autodl-tmp/em_eqf/experiments/lstm_5_seeds_v6/runs/lstm__top_h64_l2_bs128_seed_8/last_model_1.pth
2026-05-20 10:03:05,803 INFO src.train.trainer: Epoch 19
2026-05-20 10:03:05,961 INFO src.train.trainer: Last model at epoch 19 saved to /root/autodl-tmp/em_eqf/experiments/lstm_5_seeds_v6/runs/lstm__top_h64_l2_bs128_seed_8/last_model_1.pth
2026-05-20 10:03:05,961 INFO src.train.trainer: Epoch 20
2026-05-20 10:03:06,133 INFO src.train.trainer: New best validation loss: 0.0292, saved to /root/autodl-tmp/em_eqf/experiments/lstm_5_seeds_v6/runs/lstm__top_h64_l2_bs128_seed_8/best_model_1.pth
2026-05-20 10:03:06,140 INFO src.train.trainer: Last model at epoch 20 saved to /root/autodl-tmp/em_eqf/experiments/lstm_5_seeds_v6/runs/lstm__top_h64_l2_bs128_seed_8/last_model_1.pth
2026-05-20 10:03:06,140 INFO src.train.trainer: Epoch 21
2026-05-20 10:03:06,303 INFO src.train.trainer: Last model at epoch 21 saved to /root/autodl-tmp/em_eqf/experiments/lstm_5_seeds_v6/runs/lstm__top_h64_l2_bs128_seed_8/last_model_1.pth
2026-05-20 10:03:06,303 INFO src.train.trainer: Epoch 22
2026-05-20 10:03:06,468 INFO src.train.trainer: New best validation loss: 0.0291, saved to /root/autodl-tmp/em_eqf/experiments/lstm_5_seeds_v6/runs/lstm__top_h64_l2_bs128_seed_8/best_model_1.pth
2026-05-20 10:03:06,474 INFO src.train.trainer: Last model at epoch 22 saved to /root/autodl-tmp/em_eqf/experiments/lstm_5_seeds_v6/runs/lstm__top_h64_l2_bs128_seed_8/last_model_1.pth
2026-05-20 10:03:06,474 INFO src.train.trainer: Epoch 23
2026-05-20 10:03:06,635 INFO src.train.trainer: Last model at epoch 23 saved to /root/autodl-tmp/em_eqf/experiments/lstm_5_seeds_v6/runs/lstm__top_h64_l2_bs128_seed_8/last_model_1.pth
2026-05-20 10:03:06,636 INFO src.train.trainer: Epoch 24
2026-05-20 10:03:06,801 INFO src.train.trainer: Last model at epoch 24 saved to /root/autodl-tmp/em_eqf/experiments/lstm_5_seeds_v6/runs/lstm__top_h64_l2_bs128_seed_8/last_model_1.pth
2026-05-20 10:03:06,801 INFO src.train.trainer: Epoch 25
2026-05-20 10:03:06,964 INFO src.train.trainer: Last model at epoch 25 saved to /root/autodl-tmp/em_eqf/experiments/lstm_5_seeds_v6/runs/lstm__top_h64_l2_bs128_seed_8/last_model_1.pth
2026-05-20 10:03:06,964 INFO src.train.trainer: Epoch 26
2026-05-20 10:03:07,128 INFO src.train.trainer: Last model at epoch 26 saved to /root/autodl-tmp/em_eqf/experiments/lstm_5_seeds_v6/runs/lstm__top_h64_l2_bs128_seed_8/last_model_1.pth
2026-05-20 10:03:07,128 INFO src.train.trainer: Epoch 27
2026-05-20 10:03:07,289 INFO src.train.trainer: Last model at epoch 27 saved to /root/autodl-tmp/em_eqf/experiments/lstm_5_seeds_v6/runs/lstm__top_h64_l2_bs128_seed_8/last_model_1.pth
2026-05-20 10:03:07,289 INFO src.train.trainer: Epoch 28
2026-05-20 10:03:07,455 INFO src.train.trainer: Last model at epoch 28 saved to /root/autodl-tmp/em_eqf/experiments/lstm_5_seeds_v6/runs/lstm__top_h64_l2_bs128_seed_8/last_model_1.pth
2026-05-20 10:03:07,455 INFO src.train.trainer: Epoch 29
2026-05-20 10:03:07,622 INFO src.train.trainer: Last model at epoch 29 saved to /root/autodl-tmp/em_eqf/experiments/lstm_5_seeds_v6/runs/lstm__top_h64_l2_bs128_seed_8/last_model_1.pth
2026-05-20 10:03:07,622 INFO src.train.trainer: Epoch 30
2026-05-20 10:03:07,791 INFO src.train.trainer: Last model at epoch 30 saved to /root/autodl-tmp/em_eqf/experiments/lstm_5_seeds_v6/runs/lstm__top_h64_l2_bs128_seed_8/last_model_1.pth
2026-05-20 10:03:07,791 INFO src.train.trainer: Epoch 31
2026-05-20 10:03:07,958 INFO src.train.trainer: Last model at epoch 31 saved to /root/autodl-tmp/em_eqf/experiments/lstm_5_seeds_v6/runs/lstm__top_h64_l2_bs128_seed_8/last_model_1.pth
2026-05-20 10:03:07,958 INFO src.train.trainer: Epoch 32
2026-05-20 10:03:08,124 INFO src.train.trainer: Last model at epoch 32 saved to /root/autodl-tmp/em_eqf/experiments/lstm_5_seeds_v6/runs/lstm__top_h64_l2_bs128_seed_8/last_model_1.pth
2026-05-20 10:03:08,125 INFO src.train.trainer: Epoch 33
2026-05-20 10:03:08,304 INFO src.train.trainer: Last model at epoch 33 saved to /root/autodl-tmp/em_eqf/experiments/lstm_5_seeds_v6/runs/lstm__top_h64_l2_bs128_seed_8/last_model_1.pth
2026-05-20 10:03:08,304 INFO src.train.trainer: Epoch 34
2026-05-20 10:03:08,473 INFO src.train.trainer: Last model at epoch 34 saved to /root/autodl-tmp/em_eqf/experiments/lstm_5_seeds_v6/runs/lstm__top_h64_l2_bs128_seed_8/last_model_1.pth
2026-05-20 10:03:08,473 INFO src.train.trainer: Epoch 35
2026-05-20 10:03:08,643 INFO src.train.trainer: Last model at epoch 35 saved to /root/autodl-tmp/em_eqf/experiments/lstm_5_seeds_v6/runs/lstm__top_h64_l2_bs128_seed_8/last_model_1.pth
2026-05-20 10:03:08,643 INFO src.train.trainer: Epoch 36
2026-05-20 10:03:08,809 INFO src.train.trainer: Last model at epoch 36 saved to /root/autodl-tmp/em_eqf/experiments/lstm_5_seeds_v6/runs/lstm__top_h64_l2_bs128_seed_8/last_model_1.pth
2026-05-20 10:03:08,810 INFO src.train.trainer: Epoch 37
2026-05-20 10:03:08,977 INFO src.train.trainer: Last model at epoch 37 saved to /root/autodl-tmp/em_eqf/experiments/lstm_5_seeds_v6/runs/lstm__top_h64_l2_bs128_seed_8/last_model_1.pth
2026-05-20 10:03:08,977 INFO src.train.trainer: Epoch 38
2026-05-20 10:03:09,145 INFO src.train.trainer: Last model at epoch 38 saved to /root/autodl-tmp/em_eqf/experiments/lstm_5_seeds_v6/runs/lstm__top_h64_l2_bs128_seed_8/last_model_1.pth
2026-05-20 10:03:09,145 INFO src.train.trainer: Epoch 39
2026-05-20 10:03:09,313 INFO src.train.trainer: Last model at epoch 39 saved to /root/autodl-tmp/em_eqf/experiments/lstm_5_seeds_v6/runs/lstm__top_h64_l2_bs128_seed_8/last_model_1.pth
2026-05-20 10:03:09,314 INFO src.train.trainer: Epoch 40
2026-05-20 10:03:09,481 INFO src.train.trainer: Last model at epoch 40 saved to /root/autodl-tmp/em_eqf/experiments/lstm_5_seeds_v6/runs/lstm__top_h64_l2_bs128_seed_8/last_model_1.pth
2026-05-20 10:03:09,482 INFO src.train.trainer: Epoch 41
2026-05-20 10:03:09,649 INFO src.train.trainer: Last model at epoch 41 saved to /root/autodl-tmp/em_eqf/experiments/lstm_5_seeds_v6/runs/lstm__top_h64_l2_bs128_seed_8/last_model_1.pth
2026-05-20 10:03:09,650 INFO src.train.trainer: Epoch 42
2026-05-20 10:03:09,818 INFO src.train.trainer: Last model at epoch 42 saved to /root/autodl-tmp/em_eqf/experiments/lstm_5_seeds_v6/runs/lstm__top_h64_l2_bs128_seed_8/last_model_1.pth
2026-05-20 10:03:09,819 INFO src.train.trainer: Epoch 43
2026-05-20 10:03:10,073 INFO src.train.trainer: Last model at epoch 43 saved to /root/autodl-tmp/em_eqf/experiments/lstm_5_seeds_v6/runs/lstm__top_h64_l2_bs128_seed_8/last_model_1.pth
2026-05-20 10:03:10,074 INFO src.train.trainer: Epoch 44
2026-05-20 10:03:10,250 INFO src.train.trainer: Last model at epoch 44 saved to /root/autodl-tmp/em_eqf/experiments/lstm_5_seeds_v6/runs/lstm__top_h64_l2_bs128_seed_8/last_model_1.pth
2026-05-20 10:03:10,250 INFO src.train.trainer: Epoch 45
2026-05-20 10:03:10,418 INFO src.train.trainer: Last model at epoch 45 saved to /root/autodl-tmp/em_eqf/experiments/lstm_5_seeds_v6/runs/lstm__top_h64_l2_bs128_seed_8/last_model_1.pth
2026-05-20 10:03:10,418 INFO src.train.trainer: Epoch 46
2026-05-20 10:03:10,586 INFO src.train.trainer: Last model at epoch 46 saved to /root/autodl-tmp/em_eqf/experiments/lstm_5_seeds_v6/runs/lstm__top_h64_l2_bs128_seed_8/last_model_1.pth
2026-05-20 10:03:10,586 INFO src.train.trainer: Epoch 47
2026-05-20 10:03:10,756 INFO src.train.trainer: Last model at epoch 47 saved to /root/autodl-tmp/em_eqf/experiments/lstm_5_seeds_v6/runs/lstm__top_h64_l2_bs128_seed_8/last_model_1.pth
2026-05-20 10:03:10,757 INFO src.train.trainer: Epoch 48
2026-05-20 10:03:10,923 INFO src.train.trainer: Last model at epoch 48 saved to /root/autodl-tmp/em_eqf/experiments/lstm_5_seeds_v6/runs/lstm__top_h64_l2_bs128_seed_8/last_model_1.pth
2026-05-20 10:03:10,924 INFO src.train.trainer: Epoch 49
2026-05-20 10:03:11,091 INFO src.train.trainer: Last model at epoch 49 saved to /root/autodl-tmp/em_eqf/experiments/lstm_5_seeds_v6/runs/lstm__top_h64_l2_bs128_seed_8/last_model_1.pth
2026-05-20 10:03:11,091 INFO src.train.trainer: Epoch 50
2026-05-20 10:03:11,257 INFO src.train.trainer: Last model at epoch 50 saved to /root/autodl-tmp/em_eqf/experiments/lstm_5_seeds_v6/runs/lstm__top_h64_l2_bs128_seed_8/last_model_1.pth
2026-05-20 10:03:11,257 INFO src.train.trainer: Epoch 51
2026-05-20 10:03:11,423 INFO src.train.trainer: Last model at epoch 51 saved to /root/autodl-tmp/em_eqf/experiments/lstm_5_seeds_v6/runs/lstm__top_h64_l2_bs128_seed_8/last_model_1.pth
2026-05-20 10:03:11,423 INFO src.train.trainer: Epoch 52
2026-05-20 10:03:11,589 INFO src.train.trainer: Last model at epoch 52 saved to /root/autodl-tmp/em_eqf/experiments/lstm_5_seeds_v6/runs/lstm__top_h64_l2_bs128_seed_8/last_model_1.pth
2026-05-20 10:03:11,589 INFO src.train.trainer: Epoch 53
2026-05-20 10:03:11,753 INFO src.train.trainer: Last model at epoch 53 saved to /root/autodl-tmp/em_eqf/experiments/lstm_5_seeds_v6/runs/lstm__top_h64_l2_bs128_seed_8/last_model_1.pth
2026-05-20 10:03:11,753 INFO src.train.trainer: Epoch 54
2026-05-20 10:03:11,923 INFO src.train.trainer: Last model at epoch 54 saved to /root/autodl-tmp/em_eqf/experiments/lstm_5_seeds_v6/runs/lstm__top_h64_l2_bs128_seed_8/last_model_1.pth
2026-05-20 10:03:11,923 INFO src.train.trainer: Epoch 55
2026-05-20 10:03:12,084 INFO src.train.trainer: Last model at epoch 55 saved to /root/autodl-tmp/em_eqf/experiments/lstm_5_seeds_v6/runs/lstm__top_h64_l2_bs128_seed_8/last_model_1.pth
2026-05-20 10:03:12,085 INFO src.train.trainer: Epoch 56
2026-05-20 10:03:12,248 INFO src.train.trainer: Last model at epoch 56 saved to /root/autodl-tmp/em_eqf/experiments/lstm_5_seeds_v6/runs/lstm__top_h64_l2_bs128_seed_8/last_model_1.pth
2026-05-20 10:03:12,248 INFO src.train.trainer: Epoch 57
2026-05-20 10:03:12,414 INFO src.train.trainer: Last model at epoch 57 saved to /root/autodl-tmp/em_eqf/experiments/lstm_5_seeds_v6/runs/lstm__top_h64_l2_bs128_seed_8/last_model_1.pth
2026-05-20 10:03:12,414 INFO src.train.trainer: Epoch 58
2026-05-20 10:03:12,581 INFO src.train.trainer: Last model at epoch 58 saved to /root/autodl-tmp/em_eqf/experiments/lstm_5_seeds_v6/runs/lstm__top_h64_l2_bs128_seed_8/last_model_1.pth
2026-05-20 10:03:12,581 INFO src.train.trainer: Epoch 59
2026-05-20 10:03:12,749 INFO src.train.trainer: Last model at epoch 59 saved to /root/autodl-tmp/em_eqf/experiments/lstm_5_seeds_v6/runs/lstm__top_h64_l2_bs128_seed_8/last_model_1.pth
2026-05-20 10:03:12,750 INFO src.train.trainer: Epoch 60
2026-05-20 10:03:12,921 INFO src.train.trainer: Last model at epoch 60 saved to /root/autodl-tmp/em_eqf/experiments/lstm_5_seeds_v6/runs/lstm__top_h64_l2_bs128_seed_8/last_model_1.pth
2026-05-20 10:03:12,921 INFO src.train.trainer: Epoch 61
2026-05-20 10:03:13,081 INFO src.train.trainer: Last model at epoch 61 saved to /root/autodl-tmp/em_eqf/experiments/lstm_5_seeds_v6/runs/lstm__top_h64_l2_bs128_seed_8/last_model_1.pth
2026-05-20 10:03:13,082 INFO src.train.trainer: Epoch 62
2026-05-20 10:03:13,248 INFO src.train.trainer: Last model at epoch 62 saved to /root/autodl-tmp/em_eqf/experiments/lstm_5_seeds_v6/runs/lstm__top_h64_l2_bs128_seed_8/last_model_1.pth
2026-05-20 10:03:13,248 INFO src.train.trainer: Epoch 63
2026-05-20 10:03:13,413 INFO src.train.trainer: Last model at epoch 63 saved to /root/autodl-tmp/em_eqf/experiments/lstm_5_seeds_v6/runs/lstm__top_h64_l2_bs128_seed_8/last_model_1.pth
2026-05-20 10:03:13,413 INFO src.train.trainer: Epoch 64
2026-05-20 10:03:13,581 INFO src.train.trainer: Last model at epoch 64 saved to /root/autodl-tmp/em_eqf/experiments/lstm_5_seeds_v6/runs/lstm__top_h64_l2_bs128_seed_8/last_model_1.pth
2026-05-20 10:03:13,581 INFO src.train.trainer: Epoch 65
2026-05-20 10:03:13,750 INFO src.train.trainer: Last model at epoch 65 saved to /root/autodl-tmp/em_eqf/experiments/lstm_5_seeds_v6/runs/lstm__top_h64_l2_bs128_seed_8/last_model_1.pth
2026-05-20 10:03:13,751 INFO src.train.trainer: Epoch 66
2026-05-20 10:03:13,917 INFO src.train.trainer: Last model at epoch 66 saved to /root/autodl-tmp/em_eqf/experiments/lstm_5_seeds_v6/runs/lstm__top_h64_l2_bs128_seed_8/last_model_1.pth
2026-05-20 10:03:13,917 INFO src.train.trainer: Epoch 67
2026-05-20 10:03:14,084 INFO src.train.trainer: Last model at epoch 67 saved to /root/autodl-tmp/em_eqf/experiments/lstm_5_seeds_v6/runs/lstm__top_h64_l2_bs128_seed_8/last_model_1.pth
2026-05-20 10:03:14,084 INFO src.train.trainer: Epoch 68
2026-05-20 10:03:14,252 INFO src.train.trainer: Last model at epoch 68 saved to /root/autodl-tmp/em_eqf/experiments/lstm_5_seeds_v6/runs/lstm__top_h64_l2_bs128_seed_8/last_model_1.pth
2026-05-20 10:03:14,253 INFO src.train.trainer: Epoch 69
2026-05-20 10:03:14,424 INFO src.train.trainer: Last model at epoch 69 saved to /root/autodl-tmp/em_eqf/experiments/lstm_5_seeds_v6/runs/lstm__top_h64_l2_bs128_seed_8/last_model_1.pth
2026-05-20 10:03:14,424 INFO src.train.trainer: Epoch 70
2026-05-20 10:03:14,594 INFO src.train.trainer: Last model at epoch 70 saved to /root/autodl-tmp/em_eqf/experiments/lstm_5_seeds_v6/runs/lstm__top_h64_l2_bs128_seed_8/last_model_1.pth
2026-05-20 10:03:14,595 INFO src.train.trainer: Epoch 71
2026-05-20 10:03:14,764 INFO src.train.trainer: Last model at epoch 71 saved to /root/autodl-tmp/em_eqf/experiments/lstm_5_seeds_v6/runs/lstm__top_h64_l2_bs128_seed_8/last_model_1.pth
2026-05-20 10:03:14,764 INFO src.train.trainer: Epoch 72
2026-05-20 10:03:14,931 INFO src.train.trainer: Last model at epoch 72 saved to /root/autodl-tmp/em_eqf/experiments/lstm_5_seeds_v6/runs/lstm__top_h64_l2_bs128_seed_8/last_model_1.pth
2026-05-20 10:03:14,932 INFO src.train.trainer: Epoch 73
2026-05-20 10:03:15,111 INFO src.train.trainer: Last model at epoch 73 saved to /root/autodl-tmp/em_eqf/experiments/lstm_5_seeds_v6/runs/lstm__top_h64_l2_bs128_seed_8/last_model_1.pth
2026-05-20 10:03:15,111 INFO src.train.trainer: Epoch 74
2026-05-20 10:03:15,281 INFO src.train.trainer: Last model at epoch 74 saved to /root/autodl-tmp/em_eqf/experiments/lstm_5_seeds_v6/runs/lstm__top_h64_l2_bs128_seed_8/last_model_1.pth
2026-05-20 10:03:15,282 INFO src.train.trainer: Epoch 75
2026-05-20 10:03:15,448 INFO src.train.trainer: Last model at epoch 75 saved to /root/autodl-tmp/em_eqf/experiments/lstm_5_seeds_v6/runs/lstm__top_h64_l2_bs128_seed_8/last_model_1.pth
2026-05-20 10:03:15,449 INFO src.train.trainer: Epoch 76
2026-05-20 10:03:15,619 INFO src.train.trainer: Last model at epoch 76 saved to /root/autodl-tmp/em_eqf/experiments/lstm_5_seeds_v6/runs/lstm__top_h64_l2_bs128_seed_8/last_model_1.pth
2026-05-20 10:03:15,620 INFO src.train.trainer: Epoch 77
2026-05-20 10:03:15,790 INFO src.train.trainer: Last model at epoch 77 saved to /root/autodl-tmp/em_eqf/experiments/lstm_5_seeds_v6/runs/lstm__top_h64_l2_bs128_seed_8/last_model_1.pth
2026-05-20 10:03:15,790 INFO src.train.trainer: Epoch 78
2026-05-20 10:03:15,950 INFO src.train.trainer: Last model at epoch 78 saved to /root/autodl-tmp/em_eqf/experiments/lstm_5_seeds_v6/runs/lstm__top_h64_l2_bs128_seed_8/last_model_1.pth
2026-05-20 10:03:15,951 INFO src.train.trainer: Epoch 79
2026-05-20 10:03:16,113 INFO src.train.trainer: Last model at epoch 79 saved to /root/autodl-tmp/em_eqf/experiments/lstm_5_seeds_v6/runs/lstm__top_h64_l2_bs128_seed_8/last_model_1.pth
2026-05-20 10:03:16,113 INFO src.train.trainer: Epoch 80
2026-05-20 10:03:16,274 INFO src.train.trainer: Last model at epoch 80 saved to /root/autodl-tmp/em_eqf/experiments/lstm_5_seeds_v6/runs/lstm__top_h64_l2_bs128_seed_8/last_model_1.pth
2026-05-20 10:03:16,275 INFO src.train.trainer: Epoch 81
2026-05-20 10:03:16,442 INFO src.train.trainer: Last model at epoch 81 saved to /root/autodl-tmp/em_eqf/experiments/lstm_5_seeds_v6/runs/lstm__top_h64_l2_bs128_seed_8/last_model_1.pth
2026-05-20 10:03:16,443 INFO src.train.trainer: Epoch 82
2026-05-20 10:03:16,608 INFO src.train.trainer: Last model at epoch 82 saved to /root/autodl-tmp/em_eqf/experiments/lstm_5_seeds_v6/runs/lstm__top_h64_l2_bs128_seed_8/last_model_1.pth
2026-05-20 10:03:16,608 INFO src.train.trainer: Epoch 83
2026-05-20 10:03:16,777 INFO src.train.trainer: Last model at epoch 83 saved to /root/autodl-tmp/em_eqf/experiments/lstm_5_seeds_v6/runs/lstm__top_h64_l2_bs128_seed_8/last_model_1.pth
2026-05-20 10:03:16,777 INFO src.train.trainer: Epoch 84
2026-05-20 10:03:16,948 INFO src.train.trainer: Last model at epoch 84 saved to /root/autodl-tmp/em_eqf/experiments/lstm_5_seeds_v6/runs/lstm__top_h64_l2_bs128_seed_8/last_model_1.pth
2026-05-20 10:03:16,949 INFO src.train.trainer: Epoch 85
2026-05-20 10:03:17,116 INFO src.train.trainer: Last model at epoch 85 saved to /root/autodl-tmp/em_eqf/experiments/lstm_5_seeds_v6/runs/lstm__top_h64_l2_bs128_seed_8/last_model_1.pth
2026-05-20 10:03:17,117 INFO src.train.trainer: Epoch 86
2026-05-20 10:03:17,247 INFO src.train.trainer: Last model at epoch 86 saved to /root/autodl-tmp/em_eqf/experiments/lstm_5_seeds_v6/runs/lstm__top_h64_l2_bs128_seed_8/last_model_1.pth
2026-05-20 10:03:17,247 INFO src.train.trainer: Epoch 87
2026-05-20 10:03:17,379 INFO src.train.trainer: Last model at epoch 87 saved to /root/autodl-tmp/em_eqf/experiments/lstm_5_seeds_v6/runs/lstm__top_h64_l2_bs128_seed_8/last_model_1.pth
2026-05-20 10:03:17,379 INFO src.train.trainer: Epoch 88
2026-05-20 10:03:17,527 INFO src.train.trainer: Last model at epoch 88 saved to /root/autodl-tmp/em_eqf/experiments/lstm_5_seeds_v6/runs/lstm__top_h64_l2_bs128_seed_8/last_model_1.pth
2026-05-20 10:03:17,527 INFO src.train.trainer: Epoch 89
2026-05-20 10:03:17,673 INFO src.train.trainer: Last model at epoch 89 saved to /root/autodl-tmp/em_eqf/experiments/lstm_5_seeds_v6/runs/lstm__top_h64_l2_bs128_seed_8/last_model_1.pth
2026-05-20 10:03:17,674 INFO src.train.trainer: Epoch 90
2026-05-20 10:03:17,830 INFO src.train.trainer: Last model at epoch 90 saved to /root/autodl-tmp/em_eqf/experiments/lstm_5_seeds_v6/runs/lstm__top_h64_l2_bs128_seed_8/last_model_1.pth
2026-05-20 10:03:17,831 INFO src.train.trainer: Epoch 91
2026-05-20 10:03:17,992 INFO src.train.trainer: Last model at epoch 91 saved to /root/autodl-tmp/em_eqf/experiments/lstm_5_seeds_v6/runs/lstm__top_h64_l2_bs128_seed_8/last_model_1.pth
2026-05-20 10:03:17,993 INFO src.train.trainer: Epoch 92
2026-05-20 10:03:18,153 INFO src.train.trainer: Last model at epoch 92 saved to /root/autodl-tmp/em_eqf/experiments/lstm_5_seeds_v6/runs/lstm__top_h64_l2_bs128_seed_8/last_model_1.pth
2026-05-20 10:03:18,153 INFO src.train.trainer: Epoch 93
2026-05-20 10:03:18,320 INFO src.train.trainer: Last model at epoch 93 saved to /root/autodl-tmp/em_eqf/experiments/lstm_5_seeds_v6/runs/lstm__top_h64_l2_bs128_seed_8/last_model_1.pth
2026-05-20 10:03:18,321 INFO src.train.trainer: Epoch 94
2026-05-20 10:03:18,484 INFO src.train.trainer: Last model at epoch 94 saved to /root/autodl-tmp/em_eqf/experiments/lstm_5_seeds_v6/runs/lstm__top_h64_l2_bs128_seed_8/last_model_1.pth
2026-05-20 10:03:18,484 INFO src.train.trainer: Epoch 95
2026-05-20 10:03:18,645 INFO src.train.trainer: Last model at epoch 95 saved to /root/autodl-tmp/em_eqf/experiments/lstm_5_seeds_v6/runs/lstm__top_h64_l2_bs128_seed_8/last_model_1.pth
2026-05-20 10:03:18,645 INFO src.train.trainer: Epoch 96
2026-05-20 10:03:18,806 INFO src.train.trainer: Last model at epoch 96 saved to /root/autodl-tmp/em_eqf/experiments/lstm_5_seeds_v6/runs/lstm__top_h64_l2_bs128_seed_8/last_model_1.pth
2026-05-20 10:03:18,806 INFO src.train.trainer: Epoch 97
2026-05-20 10:03:18,970 INFO src.train.trainer: Last model at epoch 97 saved to /root/autodl-tmp/em_eqf/experiments/lstm_5_seeds_v6/runs/lstm__top_h64_l2_bs128_seed_8/last_model_1.pth
2026-05-20 10:03:18,970 INFO src.train.trainer: Epoch 98
2026-05-20 10:03:19,131 INFO src.train.trainer: Last model at epoch 98 saved to /root/autodl-tmp/em_eqf/experiments/lstm_5_seeds_v6/runs/lstm__top_h64_l2_bs128_seed_8/last_model_1.pth
2026-05-20 10:03:19,131 INFO src.train.trainer: Epoch 99
2026-05-20 10:03:19,294 INFO src.train.trainer: Last model at epoch 99 saved to /root/autodl-tmp/em_eqf/experiments/lstm_5_seeds_v6/runs/lstm__top_h64_l2_bs128_seed_8/last_model_1.pth
2026-05-20 10:03:19,295 INFO src.train.trainer: Epoch 100
2026-05-20 10:03:19,461 INFO src.train.trainer: Last model at epoch 100 saved to /root/autodl-tmp/em_eqf/experiments/lstm_5_seeds_v6/runs/lstm__top_h64_l2_bs128_seed_8/last_model_1.pth
2026-05-20 10:03:19,462 INFO src.train.trainer: Epoch 101
2026-05-20 10:03:19,624 INFO src.train.trainer: Last model at epoch 101 saved to /root/autodl-tmp/em_eqf/experiments/lstm_5_seeds_v6/runs/lstm__top_h64_l2_bs128_seed_8/last_model_1.pth
2026-05-20 10:03:19,624 INFO src.train.trainer: Epoch 102
2026-05-20 10:03:19,767 INFO src.train.trainer: Last model at epoch 102 saved to /root/autodl-tmp/em_eqf/experiments/lstm_5_seeds_v6/runs/lstm__top_h64_l2_bs128_seed_8/last_model_1.pth
2026-05-20 10:03:19,767 INFO src.train.trainer: Epoch 103
2026-05-20 10:03:19,922 INFO src.train.trainer: Last model at epoch 103 saved to /root/autodl-tmp/em_eqf/experiments/lstm_5_seeds_v6/runs/lstm__top_h64_l2_bs128_seed_8/last_model_1.pth
2026-05-20 10:03:19,922 INFO src.train.trainer: Epoch 104
2026-05-20 10:03:20,088 INFO src.train.trainer: Last model at epoch 104 saved to /root/autodl-tmp/em_eqf/experiments/lstm_5_seeds_v6/runs/lstm__top_h64_l2_bs128_seed_8/last_model_1.pth
2026-05-20 10:03:20,088 INFO src.train.trainer: Epoch 105
2026-05-20 10:03:20,244 INFO src.train.trainer: Last model at epoch 105 saved to /root/autodl-tmp/em_eqf/experiments/lstm_5_seeds_v6/runs/lstm__top_h64_l2_bs128_seed_8/last_model_1.pth
2026-05-20 10:03:20,245 INFO src.train.trainer: Epoch 106
2026-05-20 10:03:20,505 INFO src.train.trainer: Last model at epoch 106 saved to /root/autodl-tmp/em_eqf/experiments/lstm_5_seeds_v6/runs/lstm__top_h64_l2_bs128_seed_8/last_model_1.pth
2026-05-20 10:03:20,506 INFO src.train.trainer: Epoch 107
2026-05-20 10:03:20,680 INFO src.train.trainer: Last model at epoch 107 saved to /root/autodl-tmp/em_eqf/experiments/lstm_5_seeds_v6/runs/lstm__top_h64_l2_bs128_seed_8/last_model_1.pth
2026-05-20 10:03:20,680 INFO src.train.trainer: Epoch 108
2026-05-20 10:03:20,862 INFO src.train.trainer: Last model at epoch 108 saved to /root/autodl-tmp/em_eqf/experiments/lstm_5_seeds_v6/runs/lstm__top_h64_l2_bs128_seed_8/last_model_1.pth
2026-05-20 10:03:20,862 INFO src.train.trainer: Epoch 109
2026-05-20 10:03:21,032 INFO src.train.trainer: Last model at epoch 109 saved to /root/autodl-tmp/em_eqf/experiments/lstm_5_seeds_v6/runs/lstm__top_h64_l2_bs128_seed_8/last_model_1.pth
2026-05-20 10:03:21,032 INFO src.train.trainer: Epoch 110
2026-05-20 10:03:21,199 INFO src.train.trainer: New best validation loss: 0.0290, saved to /root/autodl-tmp/em_eqf/experiments/lstm_5_seeds_v6/runs/lstm__top_h64_l2_bs128_seed_8/best_model_1.pth
2026-05-20 10:03:21,205 INFO src.train.trainer: Last model at epoch 110 saved to /root/autodl-tmp/em_eqf/experiments/lstm_5_seeds_v6/runs/lstm__top_h64_l2_bs128_seed_8/last_model_1.pth
2026-05-20 10:03:21,206 INFO src.train.trainer: Epoch 111
2026-05-20 10:03:21,365 INFO src.train.trainer: Last model at epoch 111 saved to /root/autodl-tmp/em_eqf/experiments/lstm_5_seeds_v6/runs/lstm__top_h64_l2_bs128_seed_8/last_model_1.pth
2026-05-20 10:03:21,365 INFO src.train.trainer: Epoch 112
2026-05-20 10:03:21,526 INFO src.train.trainer: Last model at epoch 112 saved to /root/autodl-tmp/em_eqf/experiments/lstm_5_seeds_v6/runs/lstm__top_h64_l2_bs128_seed_8/last_model_1.pth
2026-05-20 10:03:21,526 INFO src.train.trainer: Epoch 113
2026-05-20 10:03:21,702 INFO src.train.trainer: Last model at epoch 113 saved to /root/autodl-tmp/em_eqf/experiments/lstm_5_seeds_v6/runs/lstm__top_h64_l2_bs128_seed_8/last_model_1.pth
2026-05-20 10:03:21,703 INFO src.train.trainer: Epoch 114
2026-05-20 10:03:21,887 INFO src.train.trainer: Last model at epoch 114 saved to /root/autodl-tmp/em_eqf/experiments/lstm_5_seeds_v6/runs/lstm__top_h64_l2_bs128_seed_8/last_model_1.pth
2026-05-20 10:03:21,888 INFO src.train.trainer: Epoch 115
2026-05-20 10:03:22,036 INFO src.train.trainer: Last model at epoch 115 saved to /root/autodl-tmp/em_eqf/experiments/lstm_5_seeds_v6/runs/lstm__top_h64_l2_bs128_seed_8/last_model_1.pth
2026-05-20 10:03:22,036 INFO src.train.trainer: Epoch 116
2026-05-20 10:03:22,160 INFO src.train.trainer: Last model at epoch 116 saved to /root/autodl-tmp/em_eqf/experiments/lstm_5_seeds_v6/runs/lstm__top_h64_l2_bs128_seed_8/last_model_1.pth
2026-05-20 10:03:22,161 INFO src.train.trainer: Epoch 117
2026-05-20 10:03:22,275 INFO src.train.trainer: Last model at epoch 117 saved to /root/autodl-tmp/em_eqf/experiments/lstm_5_seeds_v6/runs/lstm__top_h64_l2_bs128_seed_8/last_model_1.pth
2026-05-20 10:03:22,276 INFO src.train.trainer: Epoch 118
2026-05-20 10:03:22,384 INFO src.train.trainer: Last model at epoch 118 saved to /root/autodl-tmp/em_eqf/experiments/lstm_5_seeds_v6/runs/lstm__top_h64_l2_bs128_seed_8/last_model_1.pth
2026-05-20 10:03:22,384 INFO src.train.trainer: Epoch 119
2026-05-20 10:03:22,492 INFO src.train.trainer: Last model at epoch 119 saved to /root/autodl-tmp/em_eqf/experiments/lstm_5_seeds_v6/runs/lstm__top_h64_l2_bs128_seed_8/last_model_1.pth
2026-05-20 10:03:22,492 INFO src.train.trainer: Epoch 120
2026-05-20 10:03:22,601 INFO src.train.trainer: Last model at epoch 120 saved to /root/autodl-tmp/em_eqf/experiments/lstm_5_seeds_v6/runs/lstm__top_h64_l2_bs128_seed_8/last_model_1.pth
2026-05-20 10:03:22,601 INFO src.train.trainer: Epoch 121
2026-05-20 10:03:22,732 INFO src.train.trainer: Last model at epoch 121 saved to /root/autodl-tmp/em_eqf/experiments/lstm_5_seeds_v6/runs/lstm__top_h64_l2_bs128_seed_8/last_model_1.pth
2026-05-20 10:03:22,732 INFO src.train.trainer: Epoch 122
2026-05-20 10:03:22,883 INFO src.train.trainer: Last model at epoch 122 saved to /root/autodl-tmp/em_eqf/experiments/lstm_5_seeds_v6/runs/lstm__top_h64_l2_bs128_seed_8/last_model_1.pth
2026-05-20 10:03:22,883 INFO src.train.trainer: Epoch 123
2026-05-20 10:03:23,039 INFO src.train.trainer: Last model at epoch 123 saved to /root/autodl-tmp/em_eqf/experiments/lstm_5_seeds_v6/runs/lstm__top_h64_l2_bs128_seed_8/last_model_1.pth
2026-05-20 10:03:23,039 INFO src.train.trainer: Epoch 124
2026-05-20 10:03:23,201 INFO src.train.trainer: Last model at epoch 124 saved to /root/autodl-tmp/em_eqf/experiments/lstm_5_seeds_v6/runs/lstm__top_h64_l2_bs128_seed_8/last_model_1.pth
2026-05-20 10:03:23,201 INFO src.train.trainer: Epoch 125
2026-05-20 10:03:23,367 INFO src.train.trainer: Last model at epoch 125 saved to /root/autodl-tmp/em_eqf/experiments/lstm_5_seeds_v6/runs/lstm__top_h64_l2_bs128_seed_8/last_model_1.pth
2026-05-20 10:03:23,368 INFO src.train.trainer: Epoch 126
2026-05-20 10:03:23,534 INFO src.train.trainer: Last model at epoch 126 saved to /root/autodl-tmp/em_eqf/experiments/lstm_5_seeds_v6/runs/lstm__top_h64_l2_bs128_seed_8/last_model_1.pth
2026-05-20 10:03:23,534 INFO src.train.trainer: Epoch 127
2026-05-20 10:03:23,704 INFO src.train.trainer: Last model at epoch 127 saved to /root/autodl-tmp/em_eqf/experiments/lstm_5_seeds_v6/runs/lstm__top_h64_l2_bs128_seed_8/last_model_1.pth
2026-05-20 10:03:23,705 INFO src.train.trainer: Epoch 128
2026-05-20 10:03:23,871 INFO src.train.trainer: Last model at epoch 128 saved to /root/autodl-tmp/em_eqf/experiments/lstm_5_seeds_v6/runs/lstm__top_h64_l2_bs128_seed_8/last_model_1.pth
2026-05-20 10:03:23,872 INFO src.train.trainer: Epoch 129
2026-05-20 10:03:24,034 INFO src.train.trainer: Last model at epoch 129 saved to /root/autodl-tmp/em_eqf/experiments/lstm_5_seeds_v6/runs/lstm__top_h64_l2_bs128_seed_8/last_model_1.pth
2026-05-20 10:03:24,035 INFO src.train.trainer: Epoch 130
2026-05-20 10:03:24,199 INFO src.train.trainer: Last model at epoch 130 saved to /root/autodl-tmp/em_eqf/experiments/lstm_5_seeds_v6/runs/lstm__top_h64_l2_bs128_seed_8/last_model_1.pth
2026-05-20 10:03:24,200 INFO src.train.trainer: Epoch 131
2026-05-20 10:03:24,365 INFO src.train.trainer: Last model at epoch 131 saved to /root/autodl-tmp/em_eqf/experiments/lstm_5_seeds_v6/runs/lstm__top_h64_l2_bs128_seed_8/last_model_1.pth
2026-05-20 10:03:24,365 INFO src.train.trainer: Epoch 132
2026-05-20 10:03:24,534 INFO src.train.trainer: Last model at epoch 132 saved to /root/autodl-tmp/em_eqf/experiments/lstm_5_seeds_v6/runs/lstm__top_h64_l2_bs128_seed_8/last_model_1.pth
2026-05-20 10:03:24,534 INFO src.train.trainer: Epoch 133
2026-05-20 10:03:24,702 INFO src.train.trainer: Last model at epoch 133 saved to /root/autodl-tmp/em_eqf/experiments/lstm_5_seeds_v6/runs/lstm__top_h64_l2_bs128_seed_8/last_model_1.pth
2026-05-20 10:03:24,702 INFO src.train.trainer: Epoch 134
2026-05-20 10:03:24,869 INFO src.train.trainer: Last model at epoch 134 saved to /root/autodl-tmp/em_eqf/experiments/lstm_5_seeds_v6/runs/lstm__top_h64_l2_bs128_seed_8/last_model_1.pth
2026-05-20 10:03:24,869 INFO src.train.trainer: Epoch 135
2026-05-20 10:03:25,035 INFO src.train.trainer: Last model at epoch 135 saved to /root/autodl-tmp/em_eqf/experiments/lstm_5_seeds_v6/runs/lstm__top_h64_l2_bs128_seed_8/last_model_1.pth
2026-05-20 10:03:25,036 INFO src.train.trainer: Epoch 136
2026-05-20 10:03:25,201 INFO src.train.trainer: New best validation loss: 0.0288, saved to /root/autodl-tmp/em_eqf/experiments/lstm_5_seeds_v6/runs/lstm__top_h64_l2_bs128_seed_8/best_model_1.pth
2026-05-20 10:03:25,208 INFO src.train.trainer: Last model at epoch 136 saved to /root/autodl-tmp/em_eqf/experiments/lstm_5_seeds_v6/runs/lstm__top_h64_l2_bs128_seed_8/last_model_1.pth
2026-05-20 10:03:25,208 INFO src.train.trainer: Epoch 137
2026-05-20 10:03:25,363 INFO src.train.trainer: Last model at epoch 137 saved to /root/autodl-tmp/em_eqf/experiments/lstm_5_seeds_v6/runs/lstm__top_h64_l2_bs128_seed_8/last_model_1.pth
2026-05-20 10:03:25,363 INFO src.train.trainer: Epoch 138
2026-05-20 10:03:25,524 INFO src.train.trainer: Last model at epoch 138 saved to /root/autodl-tmp/em_eqf/experiments/lstm_5_seeds_v6/runs/lstm__top_h64_l2_bs128_seed_8/last_model_1.pth
2026-05-20 10:03:25,524 INFO src.train.trainer: Epoch 139
2026-05-20 10:03:25,685 INFO src.train.trainer: Last model at epoch 139 saved to /root/autodl-tmp/em_eqf/experiments/lstm_5_seeds_v6/runs/lstm__top_h64_l2_bs128_seed_8/last_model_1.pth
2026-05-20 10:03:25,686 INFO src.train.trainer: Epoch 140
2026-05-20 10:03:25,852 INFO src.train.trainer: Last model at epoch 140 saved to /root/autodl-tmp/em_eqf/experiments/lstm_5_seeds_v6/runs/lstm__top_h64_l2_bs128_seed_8/last_model_1.pth
2026-05-20 10:03:25,852 INFO src.train.trainer: Epoch 141
2026-05-20 10:03:26,029 INFO src.train.trainer: Last model at epoch 141 saved to /root/autodl-tmp/em_eqf/experiments/lstm_5_seeds_v6/runs/lstm__top_h64_l2_bs128_seed_8/last_model_1.pth
2026-05-20 10:03:26,029 INFO src.train.trainer: Epoch 142
2026-05-20 10:03:26,200 INFO src.train.trainer: Last model at epoch 142 saved to /root/autodl-tmp/em_eqf/experiments/lstm_5_seeds_v6/runs/lstm__top_h64_l2_bs128_seed_8/last_model_1.pth
2026-05-20 10:03:26,200 INFO src.train.trainer: Epoch 143
2026-05-20 10:03:26,366 INFO src.train.trainer: Last model at epoch 143 saved to /root/autodl-tmp/em_eqf/experiments/lstm_5_seeds_v6/runs/lstm__top_h64_l2_bs128_seed_8/last_model_1.pth
2026-05-20 10:03:26,366 INFO src.train.trainer: Epoch 144
2026-05-20 10:03:26,532 INFO src.train.trainer: Last model at epoch 144 saved to /root/autodl-tmp/em_eqf/experiments/lstm_5_seeds_v6/runs/lstm__top_h64_l2_bs128_seed_8/last_model_1.pth
2026-05-20 10:03:26,532 INFO src.train.trainer: Epoch 145
2026-05-20 10:03:26,701 INFO src.train.trainer: Last model at epoch 145 saved to /root/autodl-tmp/em_eqf/experiments/lstm_5_seeds_v6/runs/lstm__top_h64_l2_bs128_seed_8/last_model_1.pth
2026-05-20 10:03:26,701 INFO src.train.trainer: Epoch 146
2026-05-20 10:03:26,865 INFO src.train.trainer: Last model at epoch 146 saved to /root/autodl-tmp/em_eqf/experiments/lstm_5_seeds_v6/runs/lstm__top_h64_l2_bs128_seed_8/last_model_1.pth
2026-05-20 10:03:26,866 INFO src.train.trainer: Epoch 147
2026-05-20 10:03:27,032 INFO src.train.trainer: Last model at epoch 147 saved to /root/autodl-tmp/em_eqf/experiments/lstm_5_seeds_v6/runs/lstm__top_h64_l2_bs128_seed_8/last_model_1.pth
2026-05-20 10:03:27,032 INFO src.train.trainer: Epoch 148
2026-05-20 10:03:27,197 INFO src.train.trainer: Last model at epoch 148 saved to /root/autodl-tmp/em_eqf/experiments/lstm_5_seeds_v6/runs/lstm__top_h64_l2_bs128_seed_8/last_model_1.pth
2026-05-20 10:03:27,198 INFO src.train.trainer: Epoch 149
2026-05-20 10:03:27,364 INFO src.train.trainer: Last model at epoch 149 saved to /root/autodl-tmp/em_eqf/experiments/lstm_5_seeds_v6/runs/lstm__top_h64_l2_bs128_seed_8/last_model_1.pth
2026-05-20 10:03:27,364 INFO src.train.trainer: Epoch 150
2026-05-20 10:03:27,528 INFO src.train.trainer: Last model at epoch 150 saved to /root/autodl-tmp/em_eqf/experiments/lstm_5_seeds_v6/runs/lstm__top_h64_l2_bs128_seed_8/last_model_1.pth
2026-05-20 10:03:27,529 INFO src.train.trainer: Epoch 151
2026-05-20 10:03:27,693 INFO src.train.trainer: Last model at epoch 151 saved to /root/autodl-tmp/em_eqf/experiments/lstm_5_seeds_v6/runs/lstm__top_h64_l2_bs128_seed_8/last_model_1.pth
2026-05-20 10:03:27,693 INFO src.train.trainer: Epoch 152
2026-05-20 10:03:27,861 INFO src.train.trainer: Last model at epoch 152 saved to /root/autodl-tmp/em_eqf/experiments/lstm_5_seeds_v6/runs/lstm__top_h64_l2_bs128_seed_8/last_model_1.pth
2026-05-20 10:03:27,861 INFO src.train.trainer: Epoch 153
2026-05-20 10:03:28,029 INFO src.train.trainer: Last model at epoch 153 saved to /root/autodl-tmp/em_eqf/experiments/lstm_5_seeds_v6/runs/lstm__top_h64_l2_bs128_seed_8/last_model_1.pth
2026-05-20 10:03:28,029 INFO src.train.trainer: Epoch 154
2026-05-20 10:03:28,196 INFO src.train.trainer: Last model at epoch 154 saved to /root/autodl-tmp/em_eqf/experiments/lstm_5_seeds_v6/runs/lstm__top_h64_l2_bs128_seed_8/last_model_1.pth
2026-05-20 10:03:28,196 INFO src.train.trainer: Epoch 155
2026-05-20 10:03:28,363 INFO src.train.trainer: Last model at epoch 155 saved to /root/autodl-tmp/em_eqf/experiments/lstm_5_seeds_v6/runs/lstm__top_h64_l2_bs128_seed_8/last_model_1.pth
2026-05-20 10:03:28,364 INFO src.train.trainer: Epoch 156
2026-05-20 10:03:28,520 INFO src.train.trainer: Last model at epoch 156 saved to /root/autodl-tmp/em_eqf/experiments/lstm_5_seeds_v6/runs/lstm__top_h64_l2_bs128_seed_8/last_model_1.pth
2026-05-20 10:03:28,521 INFO src.train.trainer: Epoch 157
2026-05-20 10:03:28,680 INFO src.train.trainer: Last model at epoch 157 saved to /root/autodl-tmp/em_eqf/experiments/lstm_5_seeds_v6/runs/lstm__top_h64_l2_bs128_seed_8/last_model_1.pth
2026-05-20 10:03:28,680 INFO src.train.trainer: Epoch 158
2026-05-20 10:03:28,833 INFO src.train.trainer: Last model at epoch 158 saved to /root/autodl-tmp/em_eqf/experiments/lstm_5_seeds_v6/runs/lstm__top_h64_l2_bs128_seed_8/last_model_1.pth
2026-05-20 10:03:28,833 INFO src.train.trainer: Epoch 159
2026-05-20 10:03:28,988 INFO src.train.trainer: Last model at epoch 159 saved to /root/autodl-tmp/em_eqf/experiments/lstm_5_seeds_v6/runs/lstm__top_h64_l2_bs128_seed_8/last_model_1.pth
2026-05-20 10:03:28,988 INFO src.train.trainer: Epoch 160
2026-05-20 10:03:29,133 INFO src.train.trainer: Last model at epoch 160 saved to /root/autodl-tmp/em_eqf/experiments/lstm_5_seeds_v6/runs/lstm__top_h64_l2_bs128_seed_8/last_model_1.pth
2026-05-20 10:03:29,134 INFO src.train.trainer: Epoch 161
2026-05-20 10:03:29,286 INFO src.train.trainer: Last model at epoch 161 saved to /root/autodl-tmp/em_eqf/experiments/lstm_5_seeds_v6/runs/lstm__top_h64_l2_bs128_seed_8/last_model_1.pth
2026-05-20 10:03:29,287 INFO src.train.trainer: Epoch 162
2026-05-20 10:03:29,444 INFO src.train.trainer: Last model at epoch 162 saved to /root/autodl-tmp/em_eqf/experiments/lstm_5_seeds_v6/runs/lstm__top_h64_l2_bs128_seed_8/last_model_1.pth
2026-05-20 10:03:29,445 INFO src.train.trainer: Epoch 163
2026-05-20 10:03:29,606 INFO src.train.trainer: Last model at epoch 163 saved to /root/autodl-tmp/em_eqf/experiments/lstm_5_seeds_v6/runs/lstm__top_h64_l2_bs128_seed_8/last_model_1.pth
2026-05-20 10:03:29,607 INFO src.train.trainer: Epoch 164
2026-05-20 10:03:29,772 INFO src.train.trainer: Last model at epoch 164 saved to /root/autodl-tmp/em_eqf/experiments/lstm_5_seeds_v6/runs/lstm__top_h64_l2_bs128_seed_8/last_model_1.pth
2026-05-20 10:03:29,772 INFO src.train.trainer: Epoch 165
2026-05-20 10:03:29,937 INFO src.train.trainer: Last model at epoch 165 saved to /root/autodl-tmp/em_eqf/experiments/lstm_5_seeds_v6/runs/lstm__top_h64_l2_bs128_seed_8/last_model_1.pth
2026-05-20 10:03:29,938 INFO src.train.trainer: Epoch 166
2026-05-20 10:03:30,107 INFO src.train.trainer: Last model at epoch 166 saved to /root/autodl-tmp/em_eqf/experiments/lstm_5_seeds_v6/runs/lstm__top_h64_l2_bs128_seed_8/last_model_1.pth
2026-05-20 10:03:30,107 INFO src.train.trainer: Epoch 167
2026-05-20 10:03:30,268 INFO src.train.trainer: Last model at epoch 167 saved to /root/autodl-tmp/em_eqf/experiments/lstm_5_seeds_v6/runs/lstm__top_h64_l2_bs128_seed_8/last_model_1.pth
2026-05-20 10:03:30,269 INFO src.train.trainer: Epoch 168
2026-05-20 10:03:30,423 INFO src.train.trainer: Last model at epoch 168 saved to /root/autodl-tmp/em_eqf/experiments/lstm_5_seeds_v6/runs/lstm__top_h64_l2_bs128_seed_8/last_model_1.pth
2026-05-20 10:03:30,424 INFO src.train.trainer: Epoch 169
2026-05-20 10:03:30,583 INFO src.train.trainer: Last model at epoch 169 saved to /root/autodl-tmp/em_eqf/experiments/lstm_5_seeds_v6/runs/lstm__top_h64_l2_bs128_seed_8/last_model_1.pth
2026-05-20 10:03:30,583 INFO src.train.trainer: Epoch 170
2026-05-20 10:03:30,748 INFO src.train.trainer: Last model at epoch 170 saved to /root/autodl-tmp/em_eqf/experiments/lstm_5_seeds_v6/runs/lstm__top_h64_l2_bs128_seed_8/last_model_1.pth
2026-05-20 10:03:30,749 INFO src.train.trainer: Epoch 171
2026-05-20 10:03:30,909 INFO src.train.trainer: Last model at epoch 171 saved to /root/autodl-tmp/em_eqf/experiments/lstm_5_seeds_v6/runs/lstm__top_h64_l2_bs128_seed_8/last_model_1.pth
2026-05-20 10:03:30,910 INFO src.train.trainer: Epoch 172
2026-05-20 10:03:31,072 INFO src.train.trainer: Last model at epoch 172 saved to /root/autodl-tmp/em_eqf/experiments/lstm_5_seeds_v6/runs/lstm__top_h64_l2_bs128_seed_8/last_model_1.pth
2026-05-20 10:03:31,072 INFO src.train.trainer: Epoch 173
2026-05-20 10:03:31,250 INFO src.train.trainer: Last model at epoch 173 saved to /root/autodl-tmp/em_eqf/experiments/lstm_5_seeds_v6/runs/lstm__top_h64_l2_bs128_seed_8/last_model_1.pth
2026-05-20 10:03:31,250 INFO src.train.trainer: Epoch 174
2026-05-20 10:03:31,417 INFO src.train.trainer: Last model at epoch 174 saved to /root/autodl-tmp/em_eqf/experiments/lstm_5_seeds_v6/runs/lstm__top_h64_l2_bs128_seed_8/last_model_1.pth
2026-05-20 10:03:31,417 INFO src.train.trainer: Epoch 175
2026-05-20 10:03:31,584 INFO src.train.trainer: Last model at epoch 175 saved to /root/autodl-tmp/em_eqf/experiments/lstm_5_seeds_v6/runs/lstm__top_h64_l2_bs128_seed_8/last_model_1.pth
2026-05-20 10:03:31,585 INFO src.train.trainer: Epoch 176
2026-05-20 10:03:31,753 INFO src.train.trainer: Last model at epoch 176 saved to /root/autodl-tmp/em_eqf/experiments/lstm_5_seeds_v6/runs/lstm__top_h64_l2_bs128_seed_8/last_model_1.pth
2026-05-20 10:03:31,753 INFO src.train.trainer: Epoch 177
2026-05-20 10:03:31,922 INFO src.train.trainer: Last model at epoch 177 saved to /root/autodl-tmp/em_eqf/experiments/lstm_5_seeds_v6/runs/lstm__top_h64_l2_bs128_seed_8/last_model_1.pth
2026-05-20 10:03:31,923 INFO src.train.trainer: Epoch 178
2026-05-20 10:03:32,090 INFO src.train.trainer: Last model at epoch 178 saved to /root/autodl-tmp/em_eqf/experiments/lstm_5_seeds_v6/runs/lstm__top_h64_l2_bs128_seed_8/last_model_1.pth
2026-05-20 10:03:32,090 INFO src.train.trainer: Epoch 179
2026-05-20 10:03:32,257 INFO src.train.trainer: Last model at epoch 179 saved to /root/autodl-tmp/em_eqf/experiments/lstm_5_seeds_v6/runs/lstm__top_h64_l2_bs128_seed_8/last_model_1.pth
2026-05-20 10:03:32,257 INFO src.train.trainer: Epoch 180
2026-05-20 10:03:32,424 INFO src.train.trainer: Last model at epoch 180 saved to /root/autodl-tmp/em_eqf/experiments/lstm_5_seeds_v6/runs/lstm__top_h64_l2_bs128_seed_8/last_model_1.pth
2026-05-20 10:03:32,425 INFO src.train.trainer: Epoch 181
2026-05-20 10:03:32,591 INFO src.train.trainer: Last model at epoch 181 saved to /root/autodl-tmp/em_eqf/experiments/lstm_5_seeds_v6/runs/lstm__top_h64_l2_bs128_seed_8/last_model_1.pth
2026-05-20 10:03:32,591 INFO src.train.trainer: Epoch 182
2026-05-20 10:03:32,757 INFO src.train.trainer: Last model at epoch 182 saved to /root/autodl-tmp/em_eqf/experiments/lstm_5_seeds_v6/runs/lstm__top_h64_l2_bs128_seed_8/last_model_1.pth
2026-05-20 10:03:32,757 INFO src.train.trainer: Epoch 183
2026-05-20 10:03:32,924 INFO src.train.trainer: Last model at epoch 183 saved to /root/autodl-tmp/em_eqf/experiments/lstm_5_seeds_v6/runs/lstm__top_h64_l2_bs128_seed_8/last_model_1.pth
2026-05-20 10:03:32,925 INFO src.train.trainer: Epoch 184
2026-05-20 10:03:33,092 INFO src.train.trainer: Last model at epoch 184 saved to /root/autodl-tmp/em_eqf/experiments/lstm_5_seeds_v6/runs/lstm__top_h64_l2_bs128_seed_8/last_model_1.pth
2026-05-20 10:03:33,092 INFO src.train.trainer: Epoch 185
2026-05-20 10:03:33,265 INFO src.train.trainer: Last model at epoch 185 saved to /root/autodl-tmp/em_eqf/experiments/lstm_5_seeds_v6/runs/lstm__top_h64_l2_bs128_seed_8/last_model_1.pth
2026-05-20 10:03:33,265 INFO src.train.trainer: Epoch 186
2026-05-20 10:03:33,433 INFO src.train.trainer: Last model at epoch 186 saved to /root/autodl-tmp/em_eqf/experiments/lstm_5_seeds_v6/runs/lstm__top_h64_l2_bs128_seed_8/last_model_1.pth
2026-05-20 10:03:33,433 INFO src.train.trainer: Epoch 187
2026-05-20 10:03:33,599 INFO src.train.trainer: Last model at epoch 187 saved to /root/autodl-tmp/em_eqf/experiments/lstm_5_seeds_v6/runs/lstm__top_h64_l2_bs128_seed_8/last_model_1.pth
2026-05-20 10:03:33,600 INFO src.train.trainer: Epoch 188
2026-05-20 10:03:33,768 INFO src.train.trainer: Last model at epoch 188 saved to /root/autodl-tmp/em_eqf/experiments/lstm_5_seeds_v6/runs/lstm__top_h64_l2_bs128_seed_8/last_model_1.pth
2026-05-20 10:03:33,768 INFO src.train.trainer: Epoch 189
2026-05-20 10:03:33,934 INFO src.train.trainer: Last model at epoch 189 saved to /root/autodl-tmp/em_eqf/experiments/lstm_5_seeds_v6/runs/lstm__top_h64_l2_bs128_seed_8/last_model_1.pth
2026-05-20 10:03:33,934 INFO src.train.trainer: Epoch 190
2026-05-20 10:03:34,100 INFO src.train.trainer: Last model at epoch 190 saved to /root/autodl-tmp/em_eqf/experiments/lstm_5_seeds_v6/runs/lstm__top_h64_l2_bs128_seed_8/last_model_1.pth
2026-05-20 10:03:34,100 INFO src.train.trainer: Epoch 191
2026-05-20 10:03:34,268 INFO src.train.trainer: Last model at epoch 191 saved to /root/autodl-tmp/em_eqf/experiments/lstm_5_seeds_v6/runs/lstm__top_h64_l2_bs128_seed_8/last_model_1.pth
2026-05-20 10:03:34,268 INFO src.train.trainer: Epoch 192
2026-05-20 10:03:34,435 INFO src.train.trainer: Last model at epoch 192 saved to /root/autodl-tmp/em_eqf/experiments/lstm_5_seeds_v6/runs/lstm__top_h64_l2_bs128_seed_8/last_model_1.pth
2026-05-20 10:03:34,436 INFO src.train.trainer: Epoch 193
2026-05-20 10:03:34,601 INFO src.train.trainer: Last model at epoch 193 saved to /root/autodl-tmp/em_eqf/experiments/lstm_5_seeds_v6/runs/lstm__top_h64_l2_bs128_seed_8/last_model_1.pth
2026-05-20 10:03:34,602 INFO src.train.trainer: Epoch 194
2026-05-20 10:03:34,769 INFO src.train.trainer: Last model at epoch 194 saved to /root/autodl-tmp/em_eqf/experiments/lstm_5_seeds_v6/runs/lstm__top_h64_l2_bs128_seed_8/last_model_1.pth
2026-05-20 10:03:34,770 INFO src.train.trainer: Epoch 195
2026-05-20 10:03:34,935 INFO src.train.trainer: Last model at epoch 195 saved to /root/autodl-tmp/em_eqf/experiments/lstm_5_seeds_v6/runs/lstm__top_h64_l2_bs128_seed_8/last_model_1.pth
2026-05-20 10:03:34,936 INFO src.train.trainer: Epoch 196
2026-05-20 10:03:35,106 INFO src.train.trainer: Last model at epoch 196 saved to /root/autodl-tmp/em_eqf/experiments/lstm_5_seeds_v6/runs/lstm__top_h64_l2_bs128_seed_8/last_model_1.pth
2026-05-20 10:03:35,106 INFO src.train.trainer: Epoch 197
2026-05-20 10:03:35,269 INFO src.train.trainer: Last model at epoch 197 saved to /root/autodl-tmp/em_eqf/experiments/lstm_5_seeds_v6/runs/lstm__top_h64_l2_bs128_seed_8/last_model_1.pth
2026-05-20 10:03:35,269 INFO src.train.trainer: Epoch 198
2026-05-20 10:03:35,431 INFO src.train.trainer: Last model at epoch 198 saved to /root/autodl-tmp/em_eqf/experiments/lstm_5_seeds_v6/runs/lstm__top_h64_l2_bs128_seed_8/last_model_1.pth
2026-05-20 10:03:35,431 INFO src.train.trainer: Epoch 199
2026-05-20 10:03:35,601 INFO src.train.trainer: Last model at epoch 199 saved to /root/autodl-tmp/em_eqf/experiments/lstm_5_seeds_v6/runs/lstm__top_h64_l2_bs128_seed_8/last_model_1.pth
2026-05-20 10:03:35,602 INFO src.train.trainer: Epoch 200
2026-05-20 10:03:35,767 INFO src.train.trainer: Last model at epoch 200 saved to /root/autodl-tmp/em_eqf/experiments/lstm_5_seeds_v6/runs/lstm__top_h64_l2_bs128_seed_8/last_model_1.pth
2026-05-20 10:03:35,770 INFO src.train.trainer: Saved epoch 200 snapshot to /root/autodl-tmp/em_eqf/experiments/lstm_5_seeds_v6/runs/lstm__top_h64_l2_bs128_seed_8/epoch_200_model_1.pth
2026-05-20 10:03:35,771 INFO src.train.trainer: Epoch 201
2026-05-20 10:03:35,933 INFO src.train.trainer: Last model at epoch 201 saved to /root/autodl-tmp/em_eqf/experiments/lstm_5_seeds_v6/runs/lstm__top_h64_l2_bs128_seed_8/last_model_1.pth
2026-05-20 10:03:35,933 INFO src.train.trainer: Epoch 202
2026-05-20 10:03:36,117 INFO src.train.trainer: Last model at epoch 202 saved to /root/autodl-tmp/em_eqf/experiments/lstm_5_seeds_v6/runs/lstm__top_h64_l2_bs128_seed_8/last_model_1.pth
2026-05-20 10:03:36,117 INFO src.train.trainer: Epoch 203
2026-05-20 10:03:36,266 INFO src.train.trainer: Last model at epoch 203 saved to /root/autodl-tmp/em_eqf/experiments/lstm_5_seeds_v6/runs/lstm__top_h64_l2_bs128_seed_8/last_model_1.pth
2026-05-20 10:03:36,267 INFO src.train.trainer: Epoch 204
2026-05-20 10:03:36,419 INFO src.train.trainer: Last model at epoch 204 saved to /root/autodl-tmp/em_eqf/experiments/lstm_5_seeds_v6/runs/lstm__top_h64_l2_bs128_seed_8/last_model_1.pth
2026-05-20 10:03:36,419 INFO src.train.trainer: Epoch 205
2026-05-20 10:03:36,579 INFO src.train.trainer: Last model at epoch 205 saved to /root/autodl-tmp/em_eqf/experiments/lstm_5_seeds_v6/runs/lstm__top_h64_l2_bs128_seed_8/last_model_1.pth
2026-05-20 10:03:36,579 INFO src.train.trainer: Epoch 206
2026-05-20 10:03:36,741 INFO src.train.trainer: Last model at epoch 206 saved to /root/autodl-tmp/em_eqf/experiments/lstm_5_seeds_v6/runs/lstm__top_h64_l2_bs128_seed_8/last_model_1.pth
2026-05-20 10:03:36,742 INFO src.train.trainer: Epoch 207
2026-05-20 10:03:36,909 INFO src.train.trainer: Last model at epoch 207 saved to /root/autodl-tmp/em_eqf/experiments/lstm_5_seeds_v6/runs/lstm__top_h64_l2_bs128_seed_8/last_model_1.pth
2026-05-20 10:03:36,909 INFO src.train.trainer: Epoch 208
2026-05-20 10:03:37,077 INFO src.train.trainer: Last model at epoch 208 saved to /root/autodl-tmp/em_eqf/experiments/lstm_5_seeds_v6/runs/lstm__top_h64_l2_bs128_seed_8/last_model_1.pth
2026-05-20 10:03:37,077 INFO src.train.trainer: Epoch 209
2026-05-20 10:03:37,244 INFO src.train.trainer: Last model at epoch 209 saved to /root/autodl-tmp/em_eqf/experiments/lstm_5_seeds_v6/runs/lstm__top_h64_l2_bs128_seed_8/last_model_1.pth
2026-05-20 10:03:37,244 INFO src.train.trainer: Epoch 210
2026-05-20 10:03:37,410 INFO src.train.trainer: Last model at epoch 210 saved to /root/autodl-tmp/em_eqf/experiments/lstm_5_seeds_v6/runs/lstm__top_h64_l2_bs128_seed_8/last_model_1.pth
2026-05-20 10:03:37,410 INFO src.train.trainer: Epoch 211
2026-05-20 10:03:37,577 INFO src.train.trainer: Last model at epoch 211 saved to /root/autodl-tmp/em_eqf/experiments/lstm_5_seeds_v6/runs/lstm__top_h64_l2_bs128_seed_8/last_model_1.pth
2026-05-20 10:03:37,577 INFO src.train.trainer: Epoch 212
2026-05-20 10:03:37,741 INFO src.train.trainer: Last model at epoch 212 saved to /root/autodl-tmp/em_eqf/experiments/lstm_5_seeds_v6/runs/lstm__top_h64_l2_bs128_seed_8/last_model_1.pth
2026-05-20 10:03:37,741 INFO src.train.trainer: Epoch 213
2026-05-20 10:03:37,903 INFO src.train.trainer: Last model at epoch 213 saved to /root/autodl-tmp/em_eqf/experiments/lstm_5_seeds_v6/runs/lstm__top_h64_l2_bs128_seed_8/last_model_1.pth
2026-05-20 10:03:37,903 INFO src.train.trainer: Epoch 214
2026-05-20 10:03:38,068 INFO src.train.trainer: Last model at epoch 214 saved to /root/autodl-tmp/em_eqf/experiments/lstm_5_seeds_v6/runs/lstm__top_h64_l2_bs128_seed_8/last_model_1.pth
2026-05-20 10:03:38,068 INFO src.train.trainer: Epoch 215
2026-05-20 10:03:38,232 INFO src.train.trainer: Last model at epoch 215 saved to /root/autodl-tmp/em_eqf/experiments/lstm_5_seeds_v6/runs/lstm__top_h64_l2_bs128_seed_8/last_model_1.pth
2026-05-20 10:03:38,233 INFO src.train.trainer: Epoch 216
2026-05-20 10:03:38,403 INFO src.train.trainer: Last model at epoch 216 saved to /root/autodl-tmp/em_eqf/experiments/lstm_5_seeds_v6/runs/lstm__top_h64_l2_bs128_seed_8/last_model_1.pth
2026-05-20 10:03:38,403 INFO src.train.trainer: Epoch 217
2026-05-20 10:03:38,584 INFO src.train.trainer: Last model at epoch 217 saved to /root/autodl-tmp/em_eqf/experiments/lstm_5_seeds_v6/runs/lstm__top_h64_l2_bs128_seed_8/last_model_1.pth
2026-05-20 10:03:38,584 INFO src.train.trainer: Epoch 218
2026-05-20 10:03:38,753 INFO src.train.trainer: Last model at epoch 218 saved to /root/autodl-tmp/em_eqf/experiments/lstm_5_seeds_v6/runs/lstm__top_h64_l2_bs128_seed_8/last_model_1.pth
2026-05-20 10:03:38,754 INFO src.train.trainer: Epoch 219
2026-05-20 10:03:38,920 INFO src.train.trainer: Last model at epoch 219 saved to /root/autodl-tmp/em_eqf/experiments/lstm_5_seeds_v6/runs/lstm__top_h64_l2_bs128_seed_8/last_model_1.pth
2026-05-20 10:03:38,920 INFO src.train.trainer: Epoch 220
2026-05-20 10:03:39,092 INFO src.train.trainer: Last model at epoch 220 saved to /root/autodl-tmp/em_eqf/experiments/lstm_5_seeds_v6/runs/lstm__top_h64_l2_bs128_seed_8/last_model_1.pth
2026-05-20 10:03:39,097 INFO src.train.trainer: Saved epoch 220 snapshot to /root/autodl-tmp/em_eqf/experiments/lstm_5_seeds_v6/runs/lstm__top_h64_l2_bs128_seed_8/epoch_220_model_1.pth
2026-05-20 10:03:39,097 INFO src.train.trainer: Epoch 221
2026-05-20 10:03:39,263 INFO src.train.trainer: Last model at epoch 221 saved to /root/autodl-tmp/em_eqf/experiments/lstm_5_seeds_v6/runs/lstm__top_h64_l2_bs128_seed_8/last_model_1.pth
2026-05-20 10:03:39,263 INFO src.train.trainer: Epoch 222
2026-05-20 10:03:39,429 INFO src.train.trainer: Last model at epoch 222 saved to /root/autodl-tmp/em_eqf/experiments/lstm_5_seeds_v6/runs/lstm__top_h64_l2_bs128_seed_8/last_model_1.pth
2026-05-20 10:03:39,430 INFO src.train.trainer: Epoch 223
2026-05-20 10:03:39,594 INFO src.train.trainer: Last model at epoch 223 saved to /root/autodl-tmp/em_eqf/experiments/lstm_5_seeds_v6/runs/lstm__top_h64_l2_bs128_seed_8/last_model_1.pth
2026-05-20 10:03:39,595 INFO src.train.trainer: Epoch 224
2026-05-20 10:03:39,760 INFO src.train.trainer: Last model at epoch 224 saved to /root/autodl-tmp/em_eqf/experiments/lstm_5_seeds_v6/runs/lstm__top_h64_l2_bs128_seed_8/last_model_1.pth
2026-05-20 10:03:39,761 INFO src.train.trainer: Epoch 225
2026-05-20 10:03:39,928 INFO src.train.trainer: Last model at epoch 225 saved to /root/autodl-tmp/em_eqf/experiments/lstm_5_seeds_v6/runs/lstm__top_h64_l2_bs128_seed_8/last_model_1.pth
2026-05-20 10:03:39,928 INFO src.train.trainer: Epoch 226
2026-05-20 10:03:40,097 INFO src.train.trainer: Last model at epoch 226 saved to /root/autodl-tmp/em_eqf/experiments/lstm_5_seeds_v6/runs/lstm__top_h64_l2_bs128_seed_8/last_model_1.pth
2026-05-20 10:03:40,097 INFO src.train.trainer: Epoch 227
2026-05-20 10:03:40,256 INFO src.train.trainer: Last model at epoch 227 saved to /root/autodl-tmp/em_eqf/experiments/lstm_5_seeds_v6/runs/lstm__top_h64_l2_bs128_seed_8/last_model_1.pth
2026-05-20 10:03:40,256 INFO src.train.trainer: Epoch 228
2026-05-20 10:03:40,408 INFO src.train.trainer: Last model at epoch 228 saved to /root/autodl-tmp/em_eqf/experiments/lstm_5_seeds_v6/runs/lstm__top_h64_l2_bs128_seed_8/last_model_1.pth
2026-05-20 10:03:40,409 INFO src.train.trainer: Epoch 229
2026-05-20 10:03:40,568 INFO src.train.trainer: Last model at epoch 229 saved to /root/autodl-tmp/em_eqf/experiments/lstm_5_seeds_v6/runs/lstm__top_h64_l2_bs128_seed_8/last_model_1.pth
2026-05-20 10:03:40,568 INFO src.train.trainer: Epoch 230
2026-05-20 10:03:40,729 INFO src.train.trainer: Last model at epoch 230 saved to /root/autodl-tmp/em_eqf/experiments/lstm_5_seeds_v6/runs/lstm__top_h64_l2_bs128_seed_8/last_model_1.pth
2026-05-20 10:03:40,730 INFO src.train.trainer: Epoch 231
2026-05-20 10:03:40,884 INFO src.train.trainer: Last model at epoch 231 saved to /root/autodl-tmp/em_eqf/experiments/lstm_5_seeds_v6/runs/lstm__top_h64_l2_bs128_seed_8/last_model_1.pth
2026-05-20 10:03:40,884 INFO src.train.trainer: Epoch 232
2026-05-20 10:03:41,045 INFO src.train.trainer: Last model at epoch 232 saved to /root/autodl-tmp/em_eqf/experiments/lstm_5_seeds_v6/runs/lstm__top_h64_l2_bs128_seed_8/last_model_1.pth
2026-05-20 10:03:41,046 INFO src.train.trainer: Epoch 233
2026-05-20 10:03:41,209 INFO src.train.trainer: Last model at epoch 233 saved to /root/autodl-tmp/em_eqf/experiments/lstm_5_seeds_v6/runs/lstm__top_h64_l2_bs128_seed_8/last_model_1.pth
2026-05-20 10:03:41,210 INFO src.train.trainer: Epoch 234
2026-05-20 10:03:41,377 INFO src.train.trainer: Last model at epoch 234 saved to /root/autodl-tmp/em_eqf/experiments/lstm_5_seeds_v6/runs/lstm__top_h64_l2_bs128_seed_8/last_model_1.pth
2026-05-20 10:03:41,378 INFO src.train.trainer: Epoch 235
2026-05-20 10:03:41,550 INFO src.train.trainer: Last model at epoch 235 saved to /root/autodl-tmp/em_eqf/experiments/lstm_5_seeds_v6/runs/lstm__top_h64_l2_bs128_seed_8/last_model_1.pth
2026-05-20 10:03:41,550 INFO src.train.trainer: Epoch 236
2026-05-20 10:03:41,719 INFO src.train.trainer: Last model at epoch 236 saved to /root/autodl-tmp/em_eqf/experiments/lstm_5_seeds_v6/runs/lstm__top_h64_l2_bs128_seed_8/last_model_1.pth
2026-05-20 10:03:41,719 INFO src.train.trainer: Epoch 237
2026-05-20 10:03:41,885 INFO src.train.trainer: Last model at epoch 237 saved to /root/autodl-tmp/em_eqf/experiments/lstm_5_seeds_v6/runs/lstm__top_h64_l2_bs128_seed_8/last_model_1.pth
2026-05-20 10:03:41,885 INFO src.train.trainer: Epoch 238
2026-05-20 10:03:42,057 INFO src.train.trainer: Last model at epoch 238 saved to /root/autodl-tmp/em_eqf/experiments/lstm_5_seeds_v6/runs/lstm__top_h64_l2_bs128_seed_8/last_model_1.pth
2026-05-20 10:03:42,057 INFO src.train.trainer: Epoch 239
2026-05-20 10:03:42,221 INFO src.train.trainer: Last model at epoch 239 saved to /root/autodl-tmp/em_eqf/experiments/lstm_5_seeds_v6/runs/lstm__top_h64_l2_bs128_seed_8/last_model_1.pth
2026-05-20 10:03:42,221 INFO src.train.trainer: Epoch 240
2026-05-20 10:03:42,387 INFO src.train.trainer: Last model at epoch 240 saved to /root/autodl-tmp/em_eqf/experiments/lstm_5_seeds_v6/runs/lstm__top_h64_l2_bs128_seed_8/last_model_1.pth
2026-05-20 10:03:42,390 INFO src.train.trainer: Saved epoch 240 snapshot to /root/autodl-tmp/em_eqf/experiments/lstm_5_seeds_v6/runs/lstm__top_h64_l2_bs128_seed_8/epoch_240_model_1.pth
2026-05-20 10:03:42,391 INFO src.train.trainer: Epoch 241
2026-05-20 10:03:42,552 INFO src.train.trainer: Last model at epoch 241 saved to /root/autodl-tmp/em_eqf/experiments/lstm_5_seeds_v6/runs/lstm__top_h64_l2_bs128_seed_8/last_model_1.pth
2026-05-20 10:03:42,552 INFO src.train.trainer: Epoch 242
2026-05-20 10:03:42,726 INFO src.train.trainer: Last model at epoch 242 saved to /root/autodl-tmp/em_eqf/experiments/lstm_5_seeds_v6/runs/lstm__top_h64_l2_bs128_seed_8/last_model_1.pth
2026-05-20 10:03:42,727 INFO src.train.trainer: Epoch 243
2026-05-20 10:03:42,894 INFO src.train.trainer: Last model at epoch 243 saved to /root/autodl-tmp/em_eqf/experiments/lstm_5_seeds_v6/runs/lstm__top_h64_l2_bs128_seed_8/last_model_1.pth
2026-05-20 10:03:42,894 INFO src.train.trainer: Epoch 244
2026-05-20 10:03:43,060 INFO src.train.trainer: Last model at epoch 244 saved to /root/autodl-tmp/em_eqf/experiments/lstm_5_seeds_v6/runs/lstm__top_h64_l2_bs128_seed_8/last_model_1.pth
2026-05-20 10:03:43,060 INFO src.train.trainer: Epoch 245
2026-05-20 10:03:43,225 INFO src.train.trainer: Last model at epoch 245 saved to /root/autodl-tmp/em_eqf/experiments/lstm_5_seeds_v6/runs/lstm__top_h64_l2_bs128_seed_8/last_model_1.pth
2026-05-20 10:03:43,225 INFO src.train.trainer: Epoch 246
2026-05-20 10:03:43,390 INFO src.train.trainer: Last model at epoch 246 saved to /root/autodl-tmp/em_eqf/experiments/lstm_5_seeds_v6/runs/lstm__top_h64_l2_bs128_seed_8/last_model_1.pth
2026-05-20 10:03:43,391 INFO src.train.trainer: Epoch 247
2026-05-20 10:03:43,556 INFO src.train.trainer: Last model at epoch 247 saved to /root/autodl-tmp/em_eqf/experiments/lstm_5_seeds_v6/runs/lstm__top_h64_l2_bs128_seed_8/last_model_1.pth
2026-05-20 10:03:43,556 INFO src.train.trainer: Epoch 248
2026-05-20 10:03:43,723 INFO src.train.trainer: Last model at epoch 248 saved to /root/autodl-tmp/em_eqf/experiments/lstm_5_seeds_v6/runs/lstm__top_h64_l2_bs128_seed_8/last_model_1.pth
2026-05-20 10:03:43,723 INFO src.train.trainer: Epoch 249
2026-05-20 10:03:43,889 INFO src.train.trainer: Last model at epoch 249 saved to /root/autodl-tmp/em_eqf/experiments/lstm_5_seeds_v6/runs/lstm__top_h64_l2_bs128_seed_8/last_model_1.pth
2026-05-20 10:03:43,890 INFO src.train.trainer: Epoch 250
2026-05-20 10:03:44,054 INFO src.train.trainer: Last model at epoch 250 saved to /root/autodl-tmp/em_eqf/experiments/lstm_5_seeds_v6/runs/lstm__top_h64_l2_bs128_seed_8/last_model_1.pth
2026-05-20 10:03:44,055 INFO src.train.trainer: Epoch 251
2026-05-20 10:03:44,219 INFO src.train.trainer: Last model at epoch 251 saved to /root/autodl-tmp/em_eqf/experiments/lstm_5_seeds_v6/runs/lstm__top_h64_l2_bs128_seed_8/last_model_1.pth
2026-05-20 10:03:44,220 INFO src.train.trainer: Epoch 252
2026-05-20 10:03:44,386 INFO src.train.trainer: Last model at epoch 252 saved to /root/autodl-tmp/em_eqf/experiments/lstm_5_seeds_v6/runs/lstm__top_h64_l2_bs128_seed_8/last_model_1.pth
2026-05-20 10:03:44,386 INFO src.train.trainer: Epoch 253
2026-05-20 10:03:44,553 INFO src.train.trainer: Last model at epoch 253 saved to /root/autodl-tmp/em_eqf/experiments/lstm_5_seeds_v6/runs/lstm__top_h64_l2_bs128_seed_8/last_model_1.pth
2026-05-20 10:03:44,553 INFO src.train.trainer: Epoch 254
2026-05-20 10:03:44,720 INFO src.train.trainer: Last model at epoch 254 saved to /root/autodl-tmp/em_eqf/experiments/lstm_5_seeds_v6/runs/lstm__top_h64_l2_bs128_seed_8/last_model_1.pth
2026-05-20 10:03:44,721 INFO src.train.trainer: Epoch 255
2026-05-20 10:03:44,891 INFO src.train.trainer: Last model at epoch 255 saved to /root/autodl-tmp/em_eqf/experiments/lstm_5_seeds_v6/runs/lstm__top_h64_l2_bs128_seed_8/last_model_1.pth
2026-05-20 10:03:44,891 INFO src.train.trainer: Epoch 256
2026-05-20 10:03:45,066 INFO src.train.trainer: Last model at epoch 256 saved to /root/autodl-tmp/em_eqf/experiments/lstm_5_seeds_v6/runs/lstm__top_h64_l2_bs128_seed_8/last_model_1.pth
2026-05-20 10:03:45,066 INFO src.train.trainer: Epoch 257
2026-05-20 10:03:45,228 INFO src.train.trainer: Last model at epoch 257 saved to /root/autodl-tmp/em_eqf/experiments/lstm_5_seeds_v6/runs/lstm__top_h64_l2_bs128_seed_8/last_model_1.pth
2026-05-20 10:03:45,228 INFO src.train.trainer: Epoch 258
2026-05-20 10:03:45,388 INFO src.train.trainer: Last model at epoch 258 saved to /root/autodl-tmp/em_eqf/experiments/lstm_5_seeds_v6/runs/lstm__top_h64_l2_bs128_seed_8/last_model_1.pth
2026-05-20 10:03:45,388 INFO src.train.trainer: Epoch 259
2026-05-20 10:03:45,550 INFO src.train.trainer: Last model at epoch 259 saved to /root/autodl-tmp/em_eqf/experiments/lstm_5_seeds_v6/runs/lstm__top_h64_l2_bs128_seed_8/last_model_1.pth
2026-05-20 10:03:45,550 INFO src.train.trainer: Epoch 260
2026-05-20 10:03:45,717 INFO src.train.trainer: Last model at epoch 260 saved to /root/autodl-tmp/em_eqf/experiments/lstm_5_seeds_v6/runs/lstm__top_h64_l2_bs128_seed_8/last_model_1.pth
2026-05-20 10:03:45,720 INFO src.train.trainer: Saved epoch 260 snapshot to /root/autodl-tmp/em_eqf/experiments/lstm_5_seeds_v6/runs/lstm__top_h64_l2_bs128_seed_8/epoch_260_model_1.pth
2026-05-20 10:03:45,720 INFO src.train.trainer: Epoch 261
2026-05-20 10:03:45,884 INFO src.train.trainer: Last model at epoch 261 saved to /root/autodl-tmp/em_eqf/experiments/lstm_5_seeds_v6/runs/lstm__top_h64_l2_bs128_seed_8/last_model_1.pth
2026-05-20 10:03:45,885 INFO src.train.trainer: Epoch 262
2026-05-20 10:03:46,053 INFO src.train.trainer: Last model at epoch 262 saved to /root/autodl-tmp/em_eqf/experiments/lstm_5_seeds_v6/runs/lstm__top_h64_l2_bs128_seed_8/last_model_1.pth
2026-05-20 10:03:46,054 INFO src.train.trainer: Epoch 263
2026-05-20 10:03:46,224 INFO src.train.trainer: Last model at epoch 263 saved to /root/autodl-tmp/em_eqf/experiments/lstm_5_seeds_v6/runs/lstm__top_h64_l2_bs128_seed_8/last_model_1.pth
2026-05-20 10:03:46,224 INFO src.train.trainer: Epoch 264
2026-05-20 10:03:46,393 INFO src.train.trainer: Last model at epoch 264 saved to /root/autodl-tmp/em_eqf/experiments/lstm_5_seeds_v6/runs/lstm__top_h64_l2_bs128_seed_8/last_model_1.pth
2026-05-20 10:03:46,393 INFO src.train.trainer: Epoch 265
2026-05-20 10:03:46,562 INFO src.train.trainer: Last model at epoch 265 saved to /root/autodl-tmp/em_eqf/experiments/lstm_5_seeds_v6/runs/lstm__top_h64_l2_bs128_seed_8/last_model_1.pth
2026-05-20 10:03:46,562 INFO src.train.trainer: Epoch 266
2026-05-20 10:03:46,729 INFO src.train.trainer: Last model at epoch 266 saved to /root/autodl-tmp/em_eqf/experiments/lstm_5_seeds_v6/runs/lstm__top_h64_l2_bs128_seed_8/last_model_1.pth
2026-05-20 10:03:46,730 INFO src.train.trainer: Epoch 267
2026-05-20 10:03:46,900 INFO src.train.trainer: Last model at epoch 267 saved to /root/autodl-tmp/em_eqf/experiments/lstm_5_seeds_v6/runs/lstm__top_h64_l2_bs128_seed_8/last_model_1.pth
2026-05-20 10:03:46,900 INFO src.train.trainer: Epoch 268
2026-05-20 10:03:47,069 INFO src.train.trainer: Last model at epoch 268 saved to /root/autodl-tmp/em_eqf/experiments/lstm_5_seeds_v6/runs/lstm__top_h64_l2_bs128_seed_8/last_model_1.pth
2026-05-20 10:03:47,069 INFO src.train.trainer: Epoch 269
2026-05-20 10:03:47,238 INFO src.train.trainer: Last model at epoch 269 saved to /root/autodl-tmp/em_eqf/experiments/lstm_5_seeds_v6/runs/lstm__top_h64_l2_bs128_seed_8/last_model_1.pth
2026-05-20 10:03:47,238 INFO src.train.trainer: Epoch 270
2026-05-20 10:03:47,404 INFO src.train.trainer: Last model at epoch 270 saved to /root/autodl-tmp/em_eqf/experiments/lstm_5_seeds_v6/runs/lstm__top_h64_l2_bs128_seed_8/last_model_1.pth
2026-05-20 10:03:47,404 INFO src.train.trainer: Epoch 271
2026-05-20 10:03:47,571 INFO src.train.trainer: Last model at epoch 271 saved to /root/autodl-tmp/em_eqf/experiments/lstm_5_seeds_v6/runs/lstm__top_h64_l2_bs128_seed_8/last_model_1.pth
2026-05-20 10:03:47,571 INFO src.train.trainer: Epoch 272
2026-05-20 10:03:47,737 INFO src.train.trainer: Last model at epoch 272 saved to /root/autodl-tmp/em_eqf/experiments/lstm_5_seeds_v6/runs/lstm__top_h64_l2_bs128_seed_8/last_model_1.pth
2026-05-20 10:03:47,738 INFO src.train.trainer: Epoch 273
2026-05-20 10:03:47,905 INFO src.train.trainer: Last model at epoch 273 saved to /root/autodl-tmp/em_eqf/experiments/lstm_5_seeds_v6/runs/lstm__top_h64_l2_bs128_seed_8/last_model_1.pth
2026-05-20 10:03:47,905 INFO src.train.trainer: Epoch 274
2026-05-20 10:03:48,073 INFO src.train.trainer: Last model at epoch 274 saved to /root/autodl-tmp/em_eqf/experiments/lstm_5_seeds_v6/runs/lstm__top_h64_l2_bs128_seed_8/last_model_1.pth
2026-05-20 10:03:48,073 INFO src.train.trainer: Epoch 275
2026-05-20 10:03:48,243 INFO src.train.trainer: Last model at epoch 275 saved to /root/autodl-tmp/em_eqf/experiments/lstm_5_seeds_v6/runs/lstm__top_h64_l2_bs128_seed_8/last_model_1.pth
2026-05-20 10:03:48,244 INFO src.train.trainer: Epoch 276
2026-05-20 10:03:48,410 INFO src.train.trainer: Last model at epoch 276 saved to /root/autodl-tmp/em_eqf/experiments/lstm_5_seeds_v6/runs/lstm__top_h64_l2_bs128_seed_8/last_model_1.pth
2026-05-20 10:03:48,410 INFO src.train.trainer: Epoch 277
2026-05-20 10:03:48,579 INFO src.train.trainer: Last model at epoch 277 saved to /root/autodl-tmp/em_eqf/experiments/lstm_5_seeds_v6/runs/lstm__top_h64_l2_bs128_seed_8/last_model_1.pth
2026-05-20 10:03:48,579 INFO src.train.trainer: Epoch 278
2026-05-20 10:03:48,746 INFO src.train.trainer: Last model at epoch 278 saved to /root/autodl-tmp/em_eqf/experiments/lstm_5_seeds_v6/runs/lstm__top_h64_l2_bs128_seed_8/last_model_1.pth
2026-05-20 10:03:48,747 INFO src.train.trainer: Epoch 279
2026-05-20 10:03:48,913 INFO src.train.trainer: Last model at epoch 279 saved to /root/autodl-tmp/em_eqf/experiments/lstm_5_seeds_v6/runs/lstm__top_h64_l2_bs128_seed_8/last_model_1.pth
2026-05-20 10:03:48,913 INFO src.train.trainer: Epoch 280
2026-05-20 10:03:49,082 INFO src.train.trainer: Last model at epoch 280 saved to /root/autodl-tmp/em_eqf/experiments/lstm_5_seeds_v6/runs/lstm__top_h64_l2_bs128_seed_8/last_model_1.pth
2026-05-20 10:03:49,085 INFO src.train.trainer: Saved epoch 280 snapshot to /root/autodl-tmp/em_eqf/experiments/lstm_5_seeds_v6/runs/lstm__top_h64_l2_bs128_seed_8/epoch_280_model_1.pth
2026-05-20 10:03:49,086 INFO src.train.trainer: Epoch 281
2026-05-20 10:03:49,247 INFO src.train.trainer: Last model at epoch 281 saved to /root/autodl-tmp/em_eqf/experiments/lstm_5_seeds_v6/runs/lstm__top_h64_l2_bs128_seed_8/last_model_1.pth
2026-05-20 10:03:49,248 INFO src.train.trainer: Epoch 282
2026-05-20 10:03:49,413 INFO src.train.trainer: Last model at epoch 282 saved to /root/autodl-tmp/em_eqf/experiments/lstm_5_seeds_v6/runs/lstm__top_h64_l2_bs128_seed_8/last_model_1.pth
2026-05-20 10:03:49,413 INFO src.train.trainer: Epoch 283
2026-05-20 10:03:49,580 INFO src.train.trainer: Last model at epoch 283 saved to /root/autodl-tmp/em_eqf/experiments/lstm_5_seeds_v6/runs/lstm__top_h64_l2_bs128_seed_8/last_model_1.pth
2026-05-20 10:03:49,581 INFO src.train.trainer: Epoch 284
2026-05-20 10:03:49,747 INFO src.train.trainer: Last model at epoch 284 saved to /root/autodl-tmp/em_eqf/experiments/lstm_5_seeds_v6/runs/lstm__top_h64_l2_bs128_seed_8/last_model_1.pth
2026-05-20 10:03:49,747 INFO src.train.trainer: Epoch 285
2026-05-20 10:03:49,914 INFO src.train.trainer: Last model at epoch 285 saved to /root/autodl-tmp/em_eqf/experiments/lstm_5_seeds_v6/runs/lstm__top_h64_l2_bs128_seed_8/last_model_1.pth
2026-05-20 10:03:49,915 INFO src.train.trainer: Epoch 286
2026-05-20 10:03:50,086 INFO src.train.trainer: Last model at epoch 286 saved to /root/autodl-tmp/em_eqf/experiments/lstm_5_seeds_v6/runs/lstm__top_h64_l2_bs128_seed_8/last_model_1.pth
2026-05-20 10:03:50,086 INFO src.train.trainer: Epoch 287
2026-05-20 10:03:50,245 INFO src.train.trainer: Last model at epoch 287 saved to /root/autodl-tmp/em_eqf/experiments/lstm_5_seeds_v6/runs/lstm__top_h64_l2_bs128_seed_8/last_model_1.pth
2026-05-20 10:03:50,245 INFO src.train.trainer: Epoch 288
2026-05-20 10:03:50,395 INFO src.train.trainer: Last model at epoch 288 saved to /root/autodl-tmp/em_eqf/experiments/lstm_5_seeds_v6/runs/lstm__top_h64_l2_bs128_seed_8/last_model_1.pth
2026-05-20 10:03:50,396 INFO src.train.trainer: Epoch 289
2026-05-20 10:03:50,554 INFO src.train.trainer: Last model at epoch 289 saved to /root/autodl-tmp/em_eqf/experiments/lstm_5_seeds_v6/runs/lstm__top_h64_l2_bs128_seed_8/last_model_1.pth
2026-05-20 10:03:50,554 INFO src.train.trainer: Epoch 290
2026-05-20 10:03:50,715 INFO src.train.trainer: Last model at epoch 290 saved to /root/autodl-tmp/em_eqf/experiments/lstm_5_seeds_v6/runs/lstm__top_h64_l2_bs128_seed_8/last_model_1.pth
2026-05-20 10:03:50,716 INFO src.train.trainer: Epoch 291
2026-05-20 10:03:50,877 INFO src.train.trainer: Last model at epoch 291 saved to /root/autodl-tmp/em_eqf/experiments/lstm_5_seeds_v6/runs/lstm__top_h64_l2_bs128_seed_8/last_model_1.pth
2026-05-20 10:03:50,878 INFO src.train.trainer: Epoch 292
2026-05-20 10:03:51,041 INFO src.train.trainer: Last model at epoch 292 saved to /root/autodl-tmp/em_eqf/experiments/lstm_5_seeds_v6/runs/lstm__top_h64_l2_bs128_seed_8/last_model_1.pth
2026-05-20 10:03:51,042 INFO src.train.trainer: Epoch 293
2026-05-20 10:03:51,203 INFO src.train.trainer: Last model at epoch 293 saved to /root/autodl-tmp/em_eqf/experiments/lstm_5_seeds_v6/runs/lstm__top_h64_l2_bs128_seed_8/last_model_1.pth
2026-05-20 10:03:51,203 INFO src.train.trainer: Epoch 294
2026-05-20 10:03:51,368 INFO src.train.trainer: Last model at epoch 294 saved to /root/autodl-tmp/em_eqf/experiments/lstm_5_seeds_v6/runs/lstm__top_h64_l2_bs128_seed_8/last_model_1.pth
2026-05-20 10:03:51,369 INFO src.train.trainer: Epoch 295
2026-05-20 10:03:51,532 INFO src.train.trainer: Last model at epoch 295 saved to /root/autodl-tmp/em_eqf/experiments/lstm_5_seeds_v6/runs/lstm__top_h64_l2_bs128_seed_8/last_model_1.pth
2026-05-20 10:03:51,533 INFO src.train.trainer: Epoch 296
2026-05-20 10:03:51,698 INFO src.train.trainer: Last model at epoch 296 saved to /root/autodl-tmp/em_eqf/experiments/lstm_5_seeds_v6/runs/lstm__top_h64_l2_bs128_seed_8/last_model_1.pth
2026-05-20 10:03:51,698 INFO src.train.trainer: Epoch 297
2026-05-20 10:03:51,862 INFO src.train.trainer: Last model at epoch 297 saved to /root/autodl-tmp/em_eqf/experiments/lstm_5_seeds_v6/runs/lstm__top_h64_l2_bs128_seed_8/last_model_1.pth
2026-05-20 10:03:51,862 INFO src.train.trainer: Epoch 298
2026-05-20 10:03:52,025 INFO src.train.trainer: Last model at epoch 298 saved to /root/autodl-tmp/em_eqf/experiments/lstm_5_seeds_v6/runs/lstm__top_h64_l2_bs128_seed_8/last_model_1.pth
2026-05-20 10:03:52,026 INFO src.train.trainer: Epoch 299
2026-05-20 10:03:52,187 INFO src.train.trainer: Last model at epoch 299 saved to /root/autodl-tmp/em_eqf/experiments/lstm_5_seeds_v6/runs/lstm__top_h64_l2_bs128_seed_8/last_model_1.pth
2026-05-20 10:03:52,188 INFO src.train.trainer: Epoch 300
2026-05-20 10:03:52,348 INFO src.train.trainer: Last model at epoch 300 saved to /root/autodl-tmp/em_eqf/experiments/lstm_5_seeds_v6/runs/lstm__top_h64_l2_bs128_seed_8/last_model_1.pth
2026-05-20 10:04:03,217 INFO src.data.preprocessing: CSV files found: ['chuandian_2021.csv']
2026-05-20 10:04:03,947 INFO src.utils.file_utils: Loading cached data from: data/ChuanDian/lstm_regressor/lstm_regressor_Mag_elaps_5.5-6-6.5-7_Mc_3_Mf_3.0_Tfore_180_Twindow_360_context_len_0_dt_10_feature_step_none_feature_window_none_lstm_feature_mode_external_sliding_time_step_5.pkl
2026-05-20 10:04:05,484 INFO src.data.lstm_loader: Original number of samples: 1819, number of samples after cleaning: 1819
2026-05-20 10:04:05,484 INFO src.data.lstm_loader: Replaced NaN values in X with 0.0
2026-05-20 10:04:05,546 INFO src.train.config_setup: Restoring model from checkpoint.
2026-05-20 10:04:05,546 INFO src.train.config_setup: Loading model weights: load_specific_parts=None
2026-05-20 10:04:05,867 INFO src.train.config_setup: Checkpoint loaded: <All keys matched successfully>
2026-05-20 10:04:05,868 INFO src.train.config_setup: Full load summary: loaded=10, missing=0, unexpected=0
2026-05-20 10:04:05,868 INFO src.train.config_setup: Checkpoint hyperparameters loaded.
2026-05-20 10:04:05,868 INFO src.train.config_setup: Checkpoint train metrics available.
2026-05-20 10:04:05,868 INFO src.train.config_setup: Checkpoint val metrics available.
2026-05-20 10:04:05,868 INFO src.train.config_setup: Freeze skipped (checkpoint_restore): freeze_parts is empty.
2026-05-20 10:04:05,868 INFO src.train.config_setup: Using regression criterion: smooth_l1
2026-05-20 10:04:05,868 INFO src.train.config_setup: Criterion config: {'beta': 0.6}
2026-05-20 10:04:05,869 INFO src.train.config_setup: Not resuming optimizer/scheduler state; reset training state to start_epoch=0, best_val_loss=inf.
2026-05-20 10:04:06,044 INFO src.cli.workflows: Test loss: 0.052483601961284876
2026-05-20 10:04:06,525 INFO src.cli.common: Saved test metrics to /root/autodl-tmp/em_eqf/experiments/lstm_5_seeds_v6/runs/lstm__top_h64_l2_bs128_seed_8/metrics_test_last_1.json
2026-05-20 10:04:06,525 INFO src.cli.common: Metrics: {'RMSE': 1.2261878450583084, 'MAE': 0.9660301833856301, 'MSE': 1.503536631368738, 'MAPE': 20.18141892587024, 'R2': -3.493067854001503, 'PearsonR': 0.15136413567450982, 'PearsonR_diff': 0.039746577638301556, 'DA': 0.04945054945054945, 'SpearmanR': 0.21329778016130174, 'SpearmanR_diff': 0.11991543903475092, 'DTW': 111.42679595947266, 'DTW_normalized': 0.6088895954069544}
