2026-05-21 17:13:40,064 INFO src.data.preprocessing: CSV files found: ['chuandian_2021.csv']
2026-05-21 17:13:40,608 INFO src.utils.file_utils: Loading cached data from: data/ChuanDian/classifier/classifier_Mc_3_Mf_4.0_Tfore_10_Twindow_180_context_len_1_dt_10.pkl
2026-05-21 17:13:40,858 INFO src.data.preprocessing: Catalog statistics: {'tau_unfiltered': 0.15339908988298961, 'tau_q025': 0.08114294020924717, 'tau_q05': 0.5134664350189269, 'tau_mean': 1.3070542199341526, 'tau_max': 25.18216435192153, 'tau_min': 0.0, 'time_max': 18770.72654999979, 'time_mean': 10030.9430649837, 'mag_completeness': 3.0, 'mag_mean': 3.456916005014626, 'mag_max': 8.0, 'mag_min': 3.0, 'b_value': 0.856738547623331, 'b_std': 0.0071499224812533796, 'b_n': 14358}
2026-05-21 17:13:40,872 INFO src.data.event_loader: lengths of samples: min=32, max=981, avg=135.51
2026-05-21 17:13:40,873 INFO src.data.event_loader: Number of positive samples: 780
2026-05-21 17:13:40,873 INFO src.data.event_loader: Number of negative samples: 683
2026-05-21 17:13:40,900 INFO src.data.event_loader: Positive samples: 594, Negative samples: 576
2026-05-21 17:13:40,900 INFO src.data.event_loader: Total samples: 1170, Positive ratio: 0.51, Negative ratio: 0.49
2026-05-21 17:13:40,900 INFO src.data.event_loader: Positive samples: 107, Negative samples: 39
2026-05-21 17:13:40,900 INFO src.data.event_loader: Total samples: 146, Positive ratio: 0.73, Negative ratio: 0.27
2026-05-21 17:13:40,900 INFO src.data.event_loader: Positive samples: 79, Negative samples: 68
2026-05-21 17:13:40,900 INFO src.data.event_loader: Total samples: 147, Positive ratio: 0.54, Negative ratio: 0.46
2026-05-21 17:13:40,937 INFO src.cli.workflows: No resume path provided. Training will start from scratch.
2026-05-21 17:13:41,517 INFO src.models.adapters.mixer_task: using time scale base 1.3070542199341526 (key: tau_mean)
2026-05-21 17:13:41,517 INFO src.models.adapters.mixer_task: tau mean: tensor(1.3071)
2026-05-21 17:13:41,525 INFO src.train.config_setup: No checkpoint restore requested; initializing model from scratch.
2026-05-21 17:13:41,525 INFO src.train.config_setup: Freeze skipped (fresh_init): freeze_parts is empty.
2026-05-21 17:13:41,525 INFO src.train.config_setup: Using classification criterion: focal
2026-05-21 17:13:41,525 INFO src.train.config_setup: Criterion config: {'alpha': 0.5, 'gamma': 2.0}
2026-05-21 17:13:41,526 INFO src.train.trainer: Epoch 1
2026-05-21 17:14:01,944 INFO src.train.trainer: New best validation loss: 0.0754, saved to /root/autodl-tmp/em_eqf/experiments/clf_pre_v1/clf_pre_scratch_v1/runs/tf_10_mf_4p0_seed_2/best_model_1.pth
2026-05-21 17:14:01,950 INFO src.train.trainer: Last model at epoch 1 saved to /root/autodl-tmp/em_eqf/experiments/clf_pre_v1/clf_pre_scratch_v1/runs/tf_10_mf_4p0_seed_2/last_model_1.pth
2026-05-21 17:14:01,950 INFO src.train.trainer: Epoch 2
2026-05-21 17:14:05,615 INFO src.train.trainer: Last model at epoch 2 saved to /root/autodl-tmp/em_eqf/experiments/clf_pre_v1/clf_pre_scratch_v1/runs/tf_10_mf_4p0_seed_2/last_model_1.pth
2026-05-21 17:14:05,616 INFO src.train.trainer: Epoch 3
2026-05-21 17:14:09,109 INFO src.train.trainer: Last model at epoch 3 saved to /root/autodl-tmp/em_eqf/experiments/clf_pre_v1/clf_pre_scratch_v1/runs/tf_10_mf_4p0_seed_2/last_model_1.pth
2026-05-21 17:14:09,109 INFO src.train.trainer: Epoch 4
2026-05-21 17:14:12,832 INFO src.train.trainer: Last model at epoch 4 saved to /root/autodl-tmp/em_eqf/experiments/clf_pre_v1/clf_pre_scratch_v1/runs/tf_10_mf_4p0_seed_2/last_model_1.pth
2026-05-21 17:14:12,832 INFO src.train.trainer: Epoch 5
2026-05-21 17:14:16,602 INFO src.train.trainer: Last model at epoch 5 saved to /root/autodl-tmp/em_eqf/experiments/clf_pre_v1/clf_pre_scratch_v1/runs/tf_10_mf_4p0_seed_2/last_model_1.pth
2026-05-21 17:14:16,602 INFO src.train.trainer: Epoch 6
2026-05-21 17:14:20,266 INFO src.train.trainer: Last model at epoch 6 saved to /root/autodl-tmp/em_eqf/experiments/clf_pre_v1/clf_pre_scratch_v1/runs/tf_10_mf_4p0_seed_2/last_model_1.pth
2026-05-21 17:14:20,266 INFO src.train.trainer: Epoch 7
2026-05-21 17:14:23,788 INFO src.train.trainer: Last model at epoch 7 saved to /root/autodl-tmp/em_eqf/experiments/clf_pre_v1/clf_pre_scratch_v1/runs/tf_10_mf_4p0_seed_2/last_model_1.pth
2026-05-21 17:14:23,788 INFO src.train.trainer: Epoch 8
2026-05-21 17:14:27,167 INFO src.train.trainer: Last model at epoch 8 saved to /root/autodl-tmp/em_eqf/experiments/clf_pre_v1/clf_pre_scratch_v1/runs/tf_10_mf_4p0_seed_2/last_model_1.pth
2026-05-21 17:14:27,167 INFO src.train.trainer: Epoch 9
2026-05-21 17:14:30,114 INFO src.train.trainer: New best validation loss: 0.0724, saved to /root/autodl-tmp/em_eqf/experiments/clf_pre_v1/clf_pre_scratch_v1/runs/tf_10_mf_4p0_seed_2/best_model_1.pth
2026-05-21 17:14:30,122 INFO src.train.trainer: Last model at epoch 9 saved to /root/autodl-tmp/em_eqf/experiments/clf_pre_v1/clf_pre_scratch_v1/runs/tf_10_mf_4p0_seed_2/last_model_1.pth
2026-05-21 17:14:30,122 INFO src.train.trainer: Epoch 10
2026-05-21 17:14:33,309 INFO src.train.trainer: Last model at epoch 10 saved to /root/autodl-tmp/em_eqf/experiments/clf_pre_v1/clf_pre_scratch_v1/runs/tf_10_mf_4p0_seed_2/last_model_1.pth
2026-05-21 17:14:33,309 INFO src.train.trainer: Epoch 11
2026-05-21 17:14:37,250 INFO src.train.trainer: Last model at epoch 11 saved to /root/autodl-tmp/em_eqf/experiments/clf_pre_v1/clf_pre_scratch_v1/runs/tf_10_mf_4p0_seed_2/last_model_1.pth
2026-05-21 17:14:37,250 INFO src.train.trainer: Epoch 12
2026-05-21 17:14:40,751 INFO src.train.trainer: Last model at epoch 12 saved to /root/autodl-tmp/em_eqf/experiments/clf_pre_v1/clf_pre_scratch_v1/runs/tf_10_mf_4p0_seed_2/last_model_1.pth
2026-05-21 17:14:40,751 INFO src.train.trainer: Epoch 13
2026-05-21 17:14:44,069 INFO src.train.trainer: Last model at epoch 13 saved to /root/autodl-tmp/em_eqf/experiments/clf_pre_v1/clf_pre_scratch_v1/runs/tf_10_mf_4p0_seed_2/last_model_1.pth
2026-05-21 17:14:44,070 INFO src.train.trainer: Epoch 14
2026-05-21 17:14:47,326 INFO src.train.trainer: Last model at epoch 14 saved to /root/autodl-tmp/em_eqf/experiments/clf_pre_v1/clf_pre_scratch_v1/runs/tf_10_mf_4p0_seed_2/last_model_1.pth
2026-05-21 17:14:47,326 INFO src.train.trainer: Epoch 15
2026-05-21 17:14:50,508 INFO src.train.trainer: Last model at epoch 15 saved to /root/autodl-tmp/em_eqf/experiments/clf_pre_v1/clf_pre_scratch_v1/runs/tf_10_mf_4p0_seed_2/last_model_1.pth
2026-05-21 17:14:50,508 INFO src.train.trainer: Epoch 16
2026-05-21 17:14:53,788 INFO src.train.trainer: Last model at epoch 16 saved to /root/autodl-tmp/em_eqf/experiments/clf_pre_v1/clf_pre_scratch_v1/runs/tf_10_mf_4p0_seed_2/last_model_1.pth
2026-05-21 17:14:53,788 INFO src.train.trainer: Epoch 17
2026-05-21 17:14:56,669 INFO src.train.trainer: Last model at epoch 17 saved to /root/autodl-tmp/em_eqf/experiments/clf_pre_v1/clf_pre_scratch_v1/runs/tf_10_mf_4p0_seed_2/last_model_1.pth
2026-05-21 17:14:56,669 INFO src.train.trainer: Epoch 18
2026-05-21 17:14:59,520 INFO src.train.trainer: Last model at epoch 18 saved to /root/autodl-tmp/em_eqf/experiments/clf_pre_v1/clf_pre_scratch_v1/runs/tf_10_mf_4p0_seed_2/last_model_1.pth
2026-05-21 17:14:59,520 INFO src.train.trainer: Epoch 19
2026-05-21 17:15:02,574 INFO src.train.trainer: Last model at epoch 19 saved to /root/autodl-tmp/em_eqf/experiments/clf_pre_v1/clf_pre_scratch_v1/runs/tf_10_mf_4p0_seed_2/last_model_1.pth
2026-05-21 17:15:02,574 INFO src.train.trainer: Early stopping triggered at epoch 19 (best epoch: 9, best val loss: 0.072411)
2026-05-21 17:15:11,911 INFO src.data.preprocessing: CSV files found: ['chuandian_2021.csv']
2026-05-21 17:15:12,707 INFO src.utils.file_utils: Loading cached data from: data/ChuanDian/classifier/classifier_Mc_3_Mf_4.0_Tfore_10_Twindow_180_context_len_1_dt_10.pkl
2026-05-21 17:15:12,993 INFO src.data.preprocessing: Catalog statistics: {'tau_unfiltered': 0.15339908988298961, 'tau_q025': 0.08114294020924717, 'tau_q05': 0.5134664350189269, 'tau_mean': 1.3070542199341526, 'tau_max': 25.18216435192153, 'tau_min': 0.0, 'time_max': 18770.72654999979, 'time_mean': 10030.9430649837, 'mag_completeness': 3.0, 'mag_mean': 3.456916005014626, 'mag_max': 8.0, 'mag_min': 3.0, 'b_value': 0.856738547623331, 'b_std': 0.0071499224812533796, 'b_n': 14358}
2026-05-21 17:15:13,014 INFO src.data.event_loader: lengths of samples: min=32, max=981, avg=135.51
2026-05-21 17:15:13,014 INFO src.data.event_loader: Number of positive samples: 780
2026-05-21 17:15:13,015 INFO src.data.event_loader: Number of negative samples: 683
2026-05-21 17:15:13,016 INFO src.data.event_loader: Positive samples: 594, Negative samples: 576
2026-05-21 17:15:13,016 INFO src.data.event_loader: Total samples: 1170, Positive ratio: 0.51, Negative ratio: 0.49
2026-05-21 17:15:13,016 INFO src.data.event_loader: Positive samples: 107, Negative samples: 39
2026-05-21 17:15:13,016 INFO src.data.event_loader: Total samples: 146, Positive ratio: 0.73, Negative ratio: 0.27
2026-05-21 17:15:13,017 INFO src.data.event_loader: Positive samples: 79, Negative samples: 68
2026-05-21 17:15:13,017 INFO src.data.event_loader: Total samples: 147, Positive ratio: 0.54, Negative ratio: 0.46
2026-05-21 17:15:13,383 INFO src.models.adapters.mixer_task: using time scale base 1.3070542199341526 (key: tau_mean)
2026-05-21 17:15:13,383 INFO src.models.adapters.mixer_task: tau mean: tensor(1.3071)
2026-05-21 17:15:13,389 INFO src.train.config_setup: Restoring model from checkpoint.
2026-05-21 17:15:13,390 INFO src.train.config_setup: Loading model weights: load_specific_parts=None
2026-05-21 17:15:13,391 INFO src.train.config_setup: Checkpoint loaded: <All keys matched successfully>
2026-05-21 17:15:13,392 INFO src.train.config_setup: Full load summary: loaded=56, missing=0, unexpected=0
2026-05-21 17:15:13,393 INFO src.train.config_setup: Checkpoint hyperparameters loaded.
2026-05-21 17:15:13,393 INFO src.train.config_setup: Checkpoint train metrics available.
2026-05-21 17:15:13,393 INFO src.train.config_setup: Checkpoint val metrics available.
2026-05-21 17:15:13,393 INFO src.train.config_setup: Freeze skipped (checkpoint_restore): freeze_parts is empty.
2026-05-21 17:15:13,393 INFO src.train.config_setup: Using classification criterion: focal
2026-05-21 17:15:13,393 INFO src.train.config_setup: Criterion config: {'alpha': 0.5, 'gamma': 2.0}
2026-05-21 17:15:13,394 INFO src.train.config_setup: Not resuming optimizer/scheduler state; reset training state to start_epoch=0, best_val_loss=inf.
2026-05-21 17:15:13,394 INFO src.cli.common: Using threshold 0.5007191896438599 from checkpoint val_metrics for testing.
2026-05-21 17:15:18,932 INFO src.utils.metrics: ROC curve saved to /root/autodl-tmp/em_eqf/experiments/clf_pre_v1/clf_pre_scratch_v1/runs/tf_10_mf_4p0_seed_2/roc_curve.png
2026-05-21 17:15:19,041 INFO src.utils.metrics: PR curve saved to /root/autodl-tmp/em_eqf/experiments/clf_pre_v1/clf_pre_scratch_v1/runs/tf_10_mf_4p0_seed_2/pr_curve.png
2026-05-21 17:15:19,104 INFO src.utils.metrics: Confusion matrix saved to /root/autodl-tmp/em_eqf/experiments/clf_pre_v1/clf_pre_scratch_v1/runs/tf_10_mf_4p0_seed_2/confusion_matrix.png
2026-05-21 17:15:19,104 INFO src.cli.workflows: Test loss: 0.08389403174320857
2026-05-21 17:15:20,384 INFO src.train.classifier_train_step: Prediction distribution plot has been saved to: /root/autodl-tmp/em_eqf/experiments/clf_pre_v1/clf_pre_scratch_v1/runs/tf_10_mf_4p0_seed_2/train_pred_distribution.png
2026-05-21 17:15:20,834 INFO src.train.classifier_train_step: Prediction distribution plot has been saved to: /root/autodl-tmp/em_eqf/experiments/clf_pre_v1/clf_pre_scratch_v1/runs/tf_10_mf_4p0_seed_2/val_pred_distribution.png
2026-05-21 17:15:21,408 INFO src.train.classifier_train_step: Prediction distribution plot has been saved to: /root/autodl-tmp/em_eqf/experiments/clf_pre_v1/clf_pre_scratch_v1/runs/tf_10_mf_4p0_seed_2/test_pred_distribution.png
2026-05-21 17:15:21,408 INFO src.cli.common: Saved test metrics to /root/autodl-tmp/em_eqf/experiments/clf_pre_v1/clf_pre_scratch_v1/runs/tf_10_mf_4p0_seed_2/metrics_test_best_1.json
2026-05-21 17:15:21,408 INFO src.cli.common: Metrics: {'precision': 0.5833333333333334, 'recall': 0.8860759493670886, 'f1': 0.7035175879396985, 'auc': 0.6895011169024572, 'pr_auc': 0.7447452000455564, 'fpr': 0.7352941176470589, 'tpr': 0.8860759493670886, 'R': 0.15078183172002968, 'conf': 0.00011031028854035858, 'threshold': 0.5007191896438599}
