2026-05-20 11:05:47,662 INFO src.data.preprocessing: CSV files found: ['chuandian_2021.csv']
2026-05-20 11:05:48,598 INFO src.utils.file_utils: Loading cached data from: data/ChuanDian/classifier/classifier_Mc_3_Mf_4.0_Tfore_10_Twindow_180_context_len_1_dt_10.pkl
2026-05-20 11:05:48,908 INFO src.data.preprocessing: Catalog statistics: {'tau_unfiltered': 0.15339908988298961, 'tau_q025': 0.08114294020924717, 'tau_q05': 0.5134664350189269, 'tau_mean': 1.3070542199341526, 'tau_max': 25.18216435192153, 'tau_min': 0.0, 'time_max': 18770.72654999979, 'time_mean': 10030.9430649837, 'mag_completeness': 3.0, 'mag_mean': 3.456916005014626, 'mag_max': 8.0, 'mag_min': 3.0, 'b_value': 0.856738547623331, 'b_std': 0.0071499224812533796, 'b_n': 14358}
2026-05-20 11:05:48,926 INFO src.data.event_loader: lengths of samples: min=32, max=981, avg=135.51
2026-05-20 11:05:48,926 INFO src.data.event_loader: Number of positive samples: 780
2026-05-20 11:05:48,927 INFO src.data.event_loader: Number of negative samples: 683
2026-05-20 11:05:48,948 INFO src.data.event_loader: Positive samples: 594, Negative samples: 576
2026-05-20 11:05:48,948 INFO src.data.event_loader: Total samples: 1170, Positive ratio: 0.51, Negative ratio: 0.49
2026-05-20 11:05:48,949 INFO src.data.event_loader: Positive samples: 107, Negative samples: 39
2026-05-20 11:05:48,949 INFO src.data.event_loader: Total samples: 146, Positive ratio: 0.73, Negative ratio: 0.27
2026-05-20 11:05:48,949 INFO src.data.event_loader: Positive samples: 79, Negative samples: 68
2026-05-20 11:05:48,949 INFO src.data.event_loader: Total samples: 147, Positive ratio: 0.54, Negative ratio: 0.46
2026-05-20 11:05:49,084 INFO src.cli.workflows: Loading checkpoint from: ./checkpoints/mixer_tpp_20260508-182744/last_model_1.pth
2026-05-20 11:05:49,845 INFO src.models.adapters.mixer_task: using time scale base 1.3070542199341526 (key: tau_mean)
2026-05-20 11:05:49,845 INFO src.models.adapters.mixer_task: tau mean: tensor(1.3071)
2026-05-20 11:05:49,885 INFO src.train.config_setup: Restoring model from checkpoint.
2026-05-20 11:05:49,885 INFO src.train.config_setup: Loading model weights: load_specific_parts=['encoder']
2026-05-20 11:05:49,886 INFO src.train.config_setup: Selective load summary: requested_parts=['encoder'], target_in_model=40, matched_in_checkpoint=30, loaded=30, missing_after_load=10, shape_mismatch=0, missing_in_model=0, out_of_scope_loaded=0
2026-05-20 11:05:49,886 INFO src.train.config_setup: Selective load coverage [encoder]: target=40, hit=30, missing=10, complete=False
2026-05-20 11:05:49,886 WARNING src.train.config_setup: Selective load coverage missing preview [encoder]: ['base_model.encoder.layers.2.mixer.in_proj.bias', 'base_model.encoder.layers.2.mixer.in_proj.weight', 'base_model.encoder.layers.2.mixer.out_proj.bias', 'base_model.encoder.layers.2.mixer.out_proj.weight', 'base_model.encoder.layers.2.mlp.fc1.weight', 'base_model.encoder.layers.2.mlp.fc2.weight', 'base_model.encoder.layers.2.norm.bias', 'base_model.encoder.layers.2.norm.weight'] ... (+2 more)
2026-05-20 11:05:49,887 WARNING src.train.config_setup: Checkpoint missing target parameter preview: ['base_model.encoder.layers.2.mixer.in_proj.bias', 'base_model.encoder.layers.2.mixer.in_proj.weight', 'base_model.encoder.layers.2.mixer.out_proj.bias', 'base_model.encoder.layers.2.mixer.out_proj.weight', 'base_model.encoder.layers.2.mlp.fc1.weight', 'base_model.encoder.layers.2.mlp.fc2.weight', 'base_model.encoder.layers.2.norm.bias', 'base_model.encoder.layers.2.norm.weight', 'base_model.encoder.layers.2.norm2.bias', 'base_model.encoder.layers.2.norm2.weight']
2026-05-20 11:05:49,887 WARNING src.train.config_setup: Target not-loaded parameter preview: ['base_model.encoder.layers.2.mixer.in_proj.bias', 'base_model.encoder.layers.2.mixer.in_proj.weight', 'base_model.encoder.layers.2.mixer.out_proj.bias', 'base_model.encoder.layers.2.mixer.out_proj.weight', 'base_model.encoder.layers.2.mlp.fc1.weight', 'base_model.encoder.layers.2.mlp.fc2.weight', 'base_model.encoder.layers.2.norm.bias', 'base_model.encoder.layers.2.norm.weight', 'base_model.encoder.layers.2.norm2.bias', 'base_model.encoder.layers.2.norm2.weight']
2026-05-20 11:05:49,887 INFO src.train.config_setup: Loaded parameter preview: ['base_model.encoder.norm_f.weight', 'base_model.encoder.layers.0.mixer.norm.weight', 'base_model.encoder.input_proj.3.weight', 'base_model.encoder.layers.0.mlp.fc2.weight', 'base_model.encoder.layers.1.norm.bias', 'base_model.encoder.layers.0.norm.weight', 'base_model.encoder.layers.1.mixer.norm.weight', 'base_model.encoder.layers.1.mixer.out_proj.weight', 'base_model.encoder.layers.0.mixer.D', 'base_model.encoder.layers.1.mixer.dt_bias'] ... (+20 more)
2026-05-20 11:05:49,888 INFO src.train.config_setup: Checkpoint hyperparameters loaded.
2026-05-20 11:05:49,888 INFO src.train.config_setup: Checkpoint train metrics available.
2026-05-20 11:05:49,888 INFO src.train.config_setup: Checkpoint val metrics available.
2026-05-20 11:05:49,888 INFO src.train.config_setup: Freeze skipped (checkpoint_restore): freeze_parts is empty.
2026-05-20 11:05:49,888 INFO src.train.config_setup: Using classification criterion: focal
2026-05-20 11:05:49,888 INFO src.train.config_setup: Criterion config: {'alpha': 0.5, 'gamma': 2.0}
2026-05-20 11:05:49,889 INFO src.train.config_setup: Not resuming optimizer/scheduler state; reset training state to start_epoch=0, best_val_loss=inf.
2026-05-20 11:05:49,889 INFO src.train.trainer: Epoch 1
2026-05-20 11:06:07,674 INFO src.train.trainer: New best validation loss: 0.0748, saved to /root/autodl-tmp/em_eqf/experiments/clf_grid_AZDX/runs/tf_10_mf_4p0_seed_9/best_model_1.pth
2026-05-20 11:06:07,681 INFO src.train.trainer: Last model at epoch 1 saved to /root/autodl-tmp/em_eqf/experiments/clf_grid_AZDX/runs/tf_10_mf_4p0_seed_9/last_model_1.pth
2026-05-20 11:06:07,681 INFO src.train.trainer: Epoch 2
2026-05-20 11:06:13,024 INFO src.train.trainer: Last model at epoch 2 saved to /root/autodl-tmp/em_eqf/experiments/clf_grid_AZDX/runs/tf_10_mf_4p0_seed_9/last_model_1.pth
2026-05-20 11:06:13,024 INFO src.train.trainer: Epoch 3
2026-05-20 11:06:18,250 INFO src.train.trainer: Last model at epoch 3 saved to /root/autodl-tmp/em_eqf/experiments/clf_grid_AZDX/runs/tf_10_mf_4p0_seed_9/last_model_1.pth
2026-05-20 11:06:18,250 INFO src.train.trainer: Epoch 4
2026-05-20 11:06:22,900 INFO src.train.trainer: New best validation loss: 0.0739, saved to /root/autodl-tmp/em_eqf/experiments/clf_grid_AZDX/runs/tf_10_mf_4p0_seed_9/best_model_1.pth
2026-05-20 11:06:22,910 INFO src.train.trainer: Last model at epoch 4 saved to /root/autodl-tmp/em_eqf/experiments/clf_grid_AZDX/runs/tf_10_mf_4p0_seed_9/last_model_1.pth
2026-05-20 11:06:22,910 INFO src.train.trainer: Epoch 5
2026-05-20 11:06:27,777 INFO src.train.trainer: New best validation loss: 0.0739, saved to /root/autodl-tmp/em_eqf/experiments/clf_grid_AZDX/runs/tf_10_mf_4p0_seed_9/best_model_1.pth
2026-05-20 11:06:27,786 INFO src.train.trainer: Last model at epoch 5 saved to /root/autodl-tmp/em_eqf/experiments/clf_grid_AZDX/runs/tf_10_mf_4p0_seed_9/last_model_1.pth
2026-05-20 11:06:27,786 INFO src.train.trainer: Epoch 6
2026-05-20 11:06:32,533 INFO src.train.trainer: Last model at epoch 6 saved to /root/autodl-tmp/em_eqf/experiments/clf_grid_AZDX/runs/tf_10_mf_4p0_seed_9/last_model_1.pth
2026-05-20 11:06:32,533 INFO src.train.trainer: Epoch 7
2026-05-20 11:06:37,547 INFO src.train.trainer: Last model at epoch 7 saved to /root/autodl-tmp/em_eqf/experiments/clf_grid_AZDX/runs/tf_10_mf_4p0_seed_9/last_model_1.pth
2026-05-20 11:06:37,547 INFO src.train.trainer: Epoch 8
2026-05-20 11:06:43,409 INFO src.train.trainer: Last model at epoch 8 saved to /root/autodl-tmp/em_eqf/experiments/clf_grid_AZDX/runs/tf_10_mf_4p0_seed_9/last_model_1.pth
2026-05-20 11:06:43,410 INFO src.train.trainer: Epoch 9
2026-05-20 11:06:47,959 INFO src.train.trainer: Last model at epoch 9 saved to /root/autodl-tmp/em_eqf/experiments/clf_grid_AZDX/runs/tf_10_mf_4p0_seed_9/last_model_1.pth
2026-05-20 11:06:47,959 INFO src.train.trainer: Epoch 10
2026-05-20 11:06:52,615 INFO src.train.trainer: Last model at epoch 10 saved to /root/autodl-tmp/em_eqf/experiments/clf_grid_AZDX/runs/tf_10_mf_4p0_seed_9/last_model_1.pth
2026-05-20 11:06:52,615 INFO src.train.trainer: Epoch 11
2026-05-20 11:06:56,944 INFO src.train.trainer: Last model at epoch 11 saved to /root/autodl-tmp/em_eqf/experiments/clf_grid_AZDX/runs/tf_10_mf_4p0_seed_9/last_model_1.pth
2026-05-20 11:06:56,944 INFO src.train.trainer: Epoch 12
2026-05-20 11:07:02,069 INFO src.train.trainer: New best validation loss: 0.0732, saved to /root/autodl-tmp/em_eqf/experiments/clf_grid_AZDX/runs/tf_10_mf_4p0_seed_9/best_model_1.pth
2026-05-20 11:07:02,078 INFO src.train.trainer: Last model at epoch 12 saved to /root/autodl-tmp/em_eqf/experiments/clf_grid_AZDX/runs/tf_10_mf_4p0_seed_9/last_model_1.pth
2026-05-20 11:07:02,078 INFO src.train.trainer: Epoch 13
2026-05-20 11:07:06,625 INFO src.train.trainer: New best validation loss: 0.0715, saved to /root/autodl-tmp/em_eqf/experiments/clf_grid_AZDX/runs/tf_10_mf_4p0_seed_9/best_model_1.pth
2026-05-20 11:07:06,633 INFO src.train.trainer: Last model at epoch 13 saved to /root/autodl-tmp/em_eqf/experiments/clf_grid_AZDX/runs/tf_10_mf_4p0_seed_9/last_model_1.pth
2026-05-20 11:07:06,633 INFO src.train.trainer: Epoch 14
2026-05-20 11:07:11,417 INFO src.train.trainer: Last model at epoch 14 saved to /root/autodl-tmp/em_eqf/experiments/clf_grid_AZDX/runs/tf_10_mf_4p0_seed_9/last_model_1.pth
2026-05-20 11:07:11,417 INFO src.train.trainer: Epoch 15
2026-05-20 11:07:16,319 INFO src.train.trainer: Last model at epoch 15 saved to /root/autodl-tmp/em_eqf/experiments/clf_grid_AZDX/runs/tf_10_mf_4p0_seed_9/last_model_1.pth
2026-05-20 11:07:16,319 INFO src.train.trainer: Epoch 16
2026-05-20 11:07:21,156 INFO src.train.trainer: New best validation loss: 0.0676, saved to /root/autodl-tmp/em_eqf/experiments/clf_grid_AZDX/runs/tf_10_mf_4p0_seed_9/best_model_1.pth
2026-05-20 11:07:21,168 INFO src.train.trainer: Last model at epoch 16 saved to /root/autodl-tmp/em_eqf/experiments/clf_grid_AZDX/runs/tf_10_mf_4p0_seed_9/last_model_1.pth
2026-05-20 11:07:21,168 INFO src.train.trainer: Epoch 17
2026-05-20 11:07:26,015 INFO src.train.trainer: Last model at epoch 17 saved to /root/autodl-tmp/em_eqf/experiments/clf_grid_AZDX/runs/tf_10_mf_4p0_seed_9/last_model_1.pth
2026-05-20 11:07:26,016 INFO src.train.trainer: Epoch 18
2026-05-20 11:07:30,813 INFO src.train.trainer: New best validation loss: 0.0615, saved to /root/autodl-tmp/em_eqf/experiments/clf_grid_AZDX/runs/tf_10_mf_4p0_seed_9/best_model_1.pth
2026-05-20 11:07:30,825 INFO src.train.trainer: Last model at epoch 18 saved to /root/autodl-tmp/em_eqf/experiments/clf_grid_AZDX/runs/tf_10_mf_4p0_seed_9/last_model_1.pth
2026-05-20 11:07:30,825 INFO src.train.trainer: Epoch 19
2026-05-20 11:07:35,889 INFO src.train.trainer: New best validation loss: 0.0594, saved to /root/autodl-tmp/em_eqf/experiments/clf_grid_AZDX/runs/tf_10_mf_4p0_seed_9/best_model_1.pth
2026-05-20 11:07:35,904 INFO src.train.trainer: Last model at epoch 19 saved to /root/autodl-tmp/em_eqf/experiments/clf_grid_AZDX/runs/tf_10_mf_4p0_seed_9/last_model_1.pth
2026-05-20 11:07:35,904 INFO src.train.trainer: Epoch 20
2026-05-20 11:07:40,775 INFO src.train.trainer: Last model at epoch 20 saved to /root/autodl-tmp/em_eqf/experiments/clf_grid_AZDX/runs/tf_10_mf_4p0_seed_9/last_model_1.pth
2026-05-20 11:07:40,776 INFO src.train.trainer: Epoch 21
2026-05-20 11:07:45,764 INFO src.train.trainer: Last model at epoch 21 saved to /root/autodl-tmp/em_eqf/experiments/clf_grid_AZDX/runs/tf_10_mf_4p0_seed_9/last_model_1.pth
2026-05-20 11:07:45,764 INFO src.train.trainer: Epoch 22
2026-05-20 11:07:50,569 INFO src.train.trainer: New best validation loss: 0.0561, saved to /root/autodl-tmp/em_eqf/experiments/clf_grid_AZDX/runs/tf_10_mf_4p0_seed_9/best_model_1.pth
2026-05-20 11:07:50,578 INFO src.train.trainer: Last model at epoch 22 saved to /root/autodl-tmp/em_eqf/experiments/clf_grid_AZDX/runs/tf_10_mf_4p0_seed_9/last_model_1.pth
2026-05-20 11:07:50,578 INFO src.train.trainer: Epoch 23
2026-05-20 11:07:55,244 INFO src.train.trainer: Last model at epoch 23 saved to /root/autodl-tmp/em_eqf/experiments/clf_grid_AZDX/runs/tf_10_mf_4p0_seed_9/last_model_1.pth
2026-05-20 11:07:55,245 INFO src.train.trainer: Epoch 24
2026-05-20 11:07:59,950 INFO src.train.trainer: Last model at epoch 24 saved to /root/autodl-tmp/em_eqf/experiments/clf_grid_AZDX/runs/tf_10_mf_4p0_seed_9/last_model_1.pth
2026-05-20 11:07:59,950 INFO src.train.trainer: Epoch 25
2026-05-20 11:08:04,515 INFO src.train.trainer: Last model at epoch 25 saved to /root/autodl-tmp/em_eqf/experiments/clf_grid_AZDX/runs/tf_10_mf_4p0_seed_9/last_model_1.pth
2026-05-20 11:08:04,515 INFO src.train.trainer: Epoch 26
2026-05-20 11:08:09,260 INFO src.train.trainer: Last model at epoch 26 saved to /root/autodl-tmp/em_eqf/experiments/clf_grid_AZDX/runs/tf_10_mf_4p0_seed_9/last_model_1.pth
2026-05-20 11:08:09,261 INFO src.train.trainer: Epoch 27
2026-05-20 11:08:14,204 INFO src.train.trainer: Last model at epoch 27 saved to /root/autodl-tmp/em_eqf/experiments/clf_grid_AZDX/runs/tf_10_mf_4p0_seed_9/last_model_1.pth
2026-05-20 11:08:14,205 INFO src.train.trainer: Epoch 28
2026-05-20 11:08:19,042 INFO src.train.trainer: Last model at epoch 28 saved to /root/autodl-tmp/em_eqf/experiments/clf_grid_AZDX/runs/tf_10_mf_4p0_seed_9/last_model_1.pth
2026-05-20 11:08:19,042 INFO src.train.trainer: Epoch 29
2026-05-20 11:08:23,797 INFO src.train.trainer: Last model at epoch 29 saved to /root/autodl-tmp/em_eqf/experiments/clf_grid_AZDX/runs/tf_10_mf_4p0_seed_9/last_model_1.pth
2026-05-20 11:08:23,798 INFO src.train.trainer: Epoch 30
2026-05-20 11:08:27,987 INFO src.train.trainer: New best validation loss: 0.0532, saved to /root/autodl-tmp/em_eqf/experiments/clf_grid_AZDX/runs/tf_10_mf_4p0_seed_9/best_model_1.pth
2026-05-20 11:08:28,004 INFO src.train.trainer: Last model at epoch 30 saved to /root/autodl-tmp/em_eqf/experiments/clf_grid_AZDX/runs/tf_10_mf_4p0_seed_9/last_model_1.pth
2026-05-20 11:08:28,004 INFO src.train.trainer: Epoch 31
2026-05-20 11:08:31,312 INFO src.train.trainer: Last model at epoch 31 saved to /root/autodl-tmp/em_eqf/experiments/clf_grid_AZDX/runs/tf_10_mf_4p0_seed_9/last_model_1.pth
2026-05-20 11:08:31,312 INFO src.train.trainer: Epoch 32
2026-05-20 11:08:34,736 INFO src.train.trainer: Last model at epoch 32 saved to /root/autodl-tmp/em_eqf/experiments/clf_grid_AZDX/runs/tf_10_mf_4p0_seed_9/last_model_1.pth
2026-05-20 11:08:34,736 INFO src.train.trainer: Epoch 33
2026-05-20 11:08:38,100 INFO src.train.trainer: Last model at epoch 33 saved to /root/autodl-tmp/em_eqf/experiments/clf_grid_AZDX/runs/tf_10_mf_4p0_seed_9/last_model_1.pth
2026-05-20 11:08:38,100 INFO src.train.trainer: Epoch 34
2026-05-20 11:08:41,633 INFO src.train.trainer: Last model at epoch 34 saved to /root/autodl-tmp/em_eqf/experiments/clf_grid_AZDX/runs/tf_10_mf_4p0_seed_9/last_model_1.pth
2026-05-20 11:08:41,634 INFO src.train.trainer: Epoch 35
2026-05-20 11:08:45,530 INFO src.train.trainer: Last model at epoch 35 saved to /root/autodl-tmp/em_eqf/experiments/clf_grid_AZDX/runs/tf_10_mf_4p0_seed_9/last_model_1.pth
2026-05-20 11:08:45,530 INFO src.train.trainer: Epoch 36
2026-05-20 11:08:49,147 INFO src.train.trainer: Last model at epoch 36 saved to /root/autodl-tmp/em_eqf/experiments/clf_grid_AZDX/runs/tf_10_mf_4p0_seed_9/last_model_1.pth
2026-05-20 11:08:49,148 INFO src.train.trainer: Epoch 37
2026-05-20 11:08:52,589 INFO src.train.trainer: New best validation loss: 0.0517, saved to /root/autodl-tmp/em_eqf/experiments/clf_grid_AZDX/runs/tf_10_mf_4p0_seed_9/best_model_1.pth
2026-05-20 11:08:52,601 INFO src.train.trainer: Last model at epoch 37 saved to /root/autodl-tmp/em_eqf/experiments/clf_grid_AZDX/runs/tf_10_mf_4p0_seed_9/last_model_1.pth
2026-05-20 11:08:52,601 INFO src.train.trainer: Epoch 38
2026-05-20 11:08:55,705 INFO src.train.trainer: Last model at epoch 38 saved to /root/autodl-tmp/em_eqf/experiments/clf_grid_AZDX/runs/tf_10_mf_4p0_seed_9/last_model_1.pth
2026-05-20 11:08:55,705 INFO src.train.trainer: Epoch 39
2026-05-20 11:08:58,785 INFO src.train.trainer: Last model at epoch 39 saved to /root/autodl-tmp/em_eqf/experiments/clf_grid_AZDX/runs/tf_10_mf_4p0_seed_9/last_model_1.pth
2026-05-20 11:08:58,785 INFO src.train.trainer: Epoch 40
2026-05-20 11:09:01,757 INFO src.train.trainer: Last model at epoch 40 saved to /root/autodl-tmp/em_eqf/experiments/clf_grid_AZDX/runs/tf_10_mf_4p0_seed_9/last_model_1.pth
2026-05-20 11:09:01,757 INFO src.train.trainer: Epoch 41
2026-05-20 11:09:05,629 INFO src.train.trainer: Last model at epoch 41 saved to /root/autodl-tmp/em_eqf/experiments/clf_grid_AZDX/runs/tf_10_mf_4p0_seed_9/last_model_1.pth
2026-05-20 11:09:05,629 INFO src.train.trainer: Epoch 42
2026-05-20 11:09:09,327 INFO src.train.trainer: Last model at epoch 42 saved to /root/autodl-tmp/em_eqf/experiments/clf_grid_AZDX/runs/tf_10_mf_4p0_seed_9/last_model_1.pth
2026-05-20 11:09:09,328 INFO src.train.trainer: Epoch 43
2026-05-20 11:09:13,306 INFO src.train.trainer: Last model at epoch 43 saved to /root/autodl-tmp/em_eqf/experiments/clf_grid_AZDX/runs/tf_10_mf_4p0_seed_9/last_model_1.pth
2026-05-20 11:09:13,306 INFO src.train.trainer: Epoch 44
2026-05-20 11:09:16,845 INFO src.train.trainer: Last model at epoch 44 saved to /root/autodl-tmp/em_eqf/experiments/clf_grid_AZDX/runs/tf_10_mf_4p0_seed_9/last_model_1.pth
2026-05-20 11:09:16,845 INFO src.train.trainer: Epoch 45
2026-05-20 11:09:20,027 INFO src.train.trainer: Last model at epoch 45 saved to /root/autodl-tmp/em_eqf/experiments/clf_grid_AZDX/runs/tf_10_mf_4p0_seed_9/last_model_1.pth
2026-05-20 11:09:20,028 INFO src.train.trainer: Epoch 46
2026-05-20 11:09:23,187 INFO src.train.trainer: Last model at epoch 46 saved to /root/autodl-tmp/em_eqf/experiments/clf_grid_AZDX/runs/tf_10_mf_4p0_seed_9/last_model_1.pth
2026-05-20 11:09:23,187 INFO src.train.trainer: Epoch 47
2026-05-20 11:09:26,633 INFO src.train.trainer: Last model at epoch 47 saved to /root/autodl-tmp/em_eqf/experiments/clf_grid_AZDX/runs/tf_10_mf_4p0_seed_9/last_model_1.pth
2026-05-20 11:09:26,633 INFO src.train.trainer: Early stopping triggered at epoch 47 (best epoch: 37, best val loss: 0.051664)
2026-05-20 11:09:37,065 INFO src.data.preprocessing: CSV files found: ['chuandian_2021.csv']
2026-05-20 11:09:37,937 INFO src.utils.file_utils: Loading cached data from: data/ChuanDian/classifier/classifier_Mc_3_Mf_4.0_Tfore_10_Twindow_180_context_len_1_dt_10.pkl
2026-05-20 11:09:38,320 INFO src.data.preprocessing: Catalog statistics: {'tau_unfiltered': 0.15339908988298961, 'tau_q025': 0.08114294020924717, 'tau_q05': 0.5134664350189269, 'tau_mean': 1.3070542199341526, 'tau_max': 25.18216435192153, 'tau_min': 0.0, 'time_max': 18770.72654999979, 'time_mean': 10030.9430649837, 'mag_completeness': 3.0, 'mag_mean': 3.456916005014626, 'mag_max': 8.0, 'mag_min': 3.0, 'b_value': 0.856738547623331, 'b_std': 0.0071499224812533796, 'b_n': 14358}
2026-05-20 11:09:38,341 INFO src.data.event_loader: lengths of samples: min=32, max=981, avg=135.51
2026-05-20 11:09:38,342 INFO src.data.event_loader: Number of positive samples: 780
2026-05-20 11:09:38,343 INFO src.data.event_loader: Number of negative samples: 683
2026-05-20 11:09:38,344 INFO src.data.event_loader: Positive samples: 594, Negative samples: 576
2026-05-20 11:09:38,344 INFO src.data.event_loader: Total samples: 1170, Positive ratio: 0.51, Negative ratio: 0.49
2026-05-20 11:09:38,344 INFO src.data.event_loader: Positive samples: 107, Negative samples: 39
2026-05-20 11:09:38,344 INFO src.data.event_loader: Total samples: 146, Positive ratio: 0.73, Negative ratio: 0.27
2026-05-20 11:09:38,344 INFO src.data.event_loader: Positive samples: 79, Negative samples: 68
2026-05-20 11:09:38,344 INFO src.data.event_loader: Total samples: 147, Positive ratio: 0.54, Negative ratio: 0.46
2026-05-20 11:09:38,856 INFO src.models.adapters.mixer_task: using time scale base 1.3070542199341526 (key: tau_mean)
2026-05-20 11:09:38,856 INFO src.models.adapters.mixer_task: tau mean: tensor(1.3071)
2026-05-20 11:09:38,865 INFO src.train.config_setup: Restoring model from checkpoint.
2026-05-20 11:09:38,866 INFO src.train.config_setup: Loading model weights: load_specific_parts=None
2026-05-20 11:09:38,867 INFO src.train.config_setup: Checkpoint loaded: <All keys matched successfully>
2026-05-20 11:09:38,867 INFO src.train.config_setup: Full load summary: loaded=56, missing=0, unexpected=0
2026-05-20 11:09:38,868 INFO src.train.config_setup: Checkpoint hyperparameters loaded.
2026-05-20 11:09:38,868 INFO src.train.config_setup: Checkpoint train metrics available.
2026-05-20 11:09:38,868 INFO src.train.config_setup: Checkpoint val metrics available.
2026-05-20 11:09:38,869 INFO src.train.config_setup: Freeze skipped (checkpoint_restore): freeze_parts is empty.
2026-05-20 11:09:38,869 INFO src.train.config_setup: Using classification criterion: focal
2026-05-20 11:09:38,869 INFO src.train.config_setup: Criterion config: {'alpha': 0.5, 'gamma': 2.0}
2026-05-20 11:09:38,870 INFO src.train.config_setup: Not resuming optimizer/scheduler state; reset training state to start_epoch=0, best_val_loss=inf.
2026-05-20 11:09:38,870 INFO src.cli.common: Using threshold 0.44570794701576233 from checkpoint val_metrics for testing.
2026-05-20 11:09:43,945 INFO src.utils.metrics: ROC curve saved to /root/autodl-tmp/em_eqf/experiments/clf_grid_AZDX/runs/tf_10_mf_4p0_seed_9/roc_curve.png
2026-05-20 11:09:44,054 INFO src.utils.metrics: PR curve saved to /root/autodl-tmp/em_eqf/experiments/clf_grid_AZDX/runs/tf_10_mf_4p0_seed_9/pr_curve.png
2026-05-20 11:09:44,119 INFO src.utils.metrics: Confusion matrix saved to /root/autodl-tmp/em_eqf/experiments/clf_grid_AZDX/runs/tf_10_mf_4p0_seed_9/confusion_matrix.png
2026-05-20 11:09:44,119 INFO src.cli.workflows: Test loss: 0.06754277125000954
2026-05-20 11:09:45,203 INFO src.train.classifier_train_step: Prediction distribution plot has been saved to: /root/autodl-tmp/em_eqf/experiments/clf_grid_AZDX/runs/tf_10_mf_4p0_seed_9/train_pred_distribution.png
2026-05-20 11:09:45,612 INFO src.train.classifier_train_step: Prediction distribution plot has been saved to: /root/autodl-tmp/em_eqf/experiments/clf_grid_AZDX/runs/tf_10_mf_4p0_seed_9/val_pred_distribution.png
2026-05-20 11:09:45,928 INFO src.train.classifier_train_step: Prediction distribution plot has been saved to: /root/autodl-tmp/em_eqf/experiments/clf_grid_AZDX/runs/tf_10_mf_4p0_seed_9/test_pred_distribution.png
2026-05-20 11:09:45,928 INFO src.cli.common: Saved test metrics to /root/autodl-tmp/em_eqf/experiments/clf_grid_AZDX/runs/tf_10_mf_4p0_seed_9/metrics_test_best_1.json
2026-05-20 11:09:45,928 INFO src.cli.common: Metrics: {'precision': 0.7191011235955056, 'recall': 0.810126582278481, 'f1': 0.7619047619047619, 'auc': 0.8132911392405063, 'pr_auc': 0.8640502740355892, 'fpr': 0.36764705882352944, 'tpr': 0.810126582278481, 'R': 0.44247952345495156, 'conf': 1.0, 'threshold': 0.44570794701576233}
