2026-05-10 15:27:00,847 INFO src.data.preprocessing: CSV files found: ['chuandian_2021.csv']
2026-05-10 15:27:01,602 INFO src.utils.file_utils: Loading cached data from: data/ChuanDian/classifier/classifier_Mc_3_Mf_4.5_Tfore_30_Twindow_180_context_len_1_dt_10.pkl
2026-05-10 15:27:01,945 INFO src.data.preprocessing: Catalog statistics: {'tau_unfiltered': 0.15339908988298961, 'tau_q025': 0.08114294020924717, 'tau_q05': 0.5134664350189269, 'tau_mean': 1.3070542199341526, 'tau_max': 25.18216435192153, 'tau_min': 0.0, 'time_max': 18770.72654999979, 'time_mean': 10030.9430649837, 'mag_completeness': 3.0, 'mag_mean': 3.456916005014626, 'mag_max': 8.0, 'mag_min': 3.0, 'b_value': 0.856738547623331, 'b_std': 0.0071499224812533796, 'b_n': 14358}
2026-05-10 15:27:01,963 INFO src.data.event_loader: lengths of samples: min=32, max=981, avg=135.26
2026-05-10 15:27:01,963 INFO src.data.event_loader: Number of positive samples: 836
2026-05-10 15:27:01,963 INFO src.data.event_loader: Number of negative samples: 594
2026-05-10 15:27:01,964 INFO src.data.event_loader: Positive samples: 706, Negative samples: 438
2026-05-10 15:27:01,964 INFO src.data.event_loader: Total samples: 1144, Positive ratio: 0.62, Negative ratio: 0.38
2026-05-10 15:27:01,965 INFO src.data.event_loader: Positive samples: 83, Negative samples: 60
2026-05-10 15:27:01,965 INFO src.data.event_loader: Total samples: 143, Positive ratio: 0.58, Negative ratio: 0.42
2026-05-10 15:27:01,965 INFO src.data.event_loader: Positive samples: 47, Negative samples: 96
2026-05-10 15:27:01,965 INFO src.data.event_loader: Total samples: 143, Positive ratio: 0.33, Negative ratio: 0.67
2026-05-10 15:27:02,116 INFO src.cli.workflows: Loading checkpoint from: ./checkpoints/mixer_tpp_20260508-182744/last_model_1.pth
2026-05-10 15:27:02,624 INFO src.models.adapters.mixer_task: using time scale base 1.3070542199341526 (key: tau_mean)
2026-05-10 15:27:02,625 INFO src.models.adapters.mixer_task: tau mean: tensor(1.3071)
2026-05-10 15:27:02,632 INFO src.train.config_setup: Restoring model from checkpoint.
2026-05-10 15:27:02,632 INFO src.train.config_setup: Loading model weights: load_specific_parts=['base_model.encoder.layers.0', 'base_model.encoder.input_proj']
2026-05-10 15:27:02,633 INFO src.train.config_setup: Selective load summary: requested_parts=['base_model.encoder.layers.0', 'base_model.encoder.input_proj'], target_in_model=16, matched_in_checkpoint=16, loaded=16, missing_after_load=0, shape_mismatch=0, missing_in_model=0, out_of_scope_loaded=0
2026-05-10 15:27:02,633 INFO src.train.config_setup: Selective load coverage [base_model.encoder.layers.0]: target=12, hit=12, missing=0, complete=True
2026-05-10 15:27:02,634 INFO src.train.config_setup: Selective load coverage [base_model.encoder.input_proj]: target=4, hit=4, missing=0, complete=True
2026-05-10 15:27:02,634 INFO src.train.config_setup: Loaded parameter preview: ['base_model.encoder.layers.0.mixer.norm.weight', 'base_model.encoder.input_proj.0.weight', 'base_model.encoder.layers.0.mixer.D', 'base_model.encoder.input_proj.3.bias', 'base_model.encoder.input_proj.3.weight', 'base_model.encoder.layers.0.norm2.weight', 'base_model.encoder.layers.0.mlp.fc2.weight', 'base_model.encoder.layers.0.norm.bias', 'base_model.encoder.layers.0.mixer.dt_bias', 'base_model.encoder.layers.0.norm.weight'] ... (+6 more)
2026-05-10 15:27:02,635 INFO src.train.config_setup: Checkpoint hyperparameters loaded.
2026-05-10 15:27:02,635 INFO src.train.config_setup: Checkpoint train metrics available.
2026-05-10 15:27:02,635 INFO src.train.config_setup: Checkpoint val metrics available.
2026-05-10 15:27:02,635 INFO src.train.config_setup: Freeze skipped (checkpoint_restore): freeze_parts is empty.
2026-05-10 15:27:02,635 INFO src.train.config_setup: Using classification criterion: focal
2026-05-10 15:27:02,635 INFO src.train.config_setup: Criterion config: {'alpha': 0.5, 'gamma': 2.0}
2026-05-10 15:27:02,636 INFO src.train.config_setup: Not resuming optimizer/scheduler state; reset training state to start_epoch=0, best_val_loss=inf.
2026-05-10 15:27:02,636 INFO src.train.trainer: Epoch 1
2026-05-10 15:27:17,046 INFO src.train.trainer: New best validation loss: 0.0879, saved to /root/autodl-tmp/em_eqf/experiments/clf_grid_6/runs/tf_30_mf_4p5_seed_1/best_model_1.pth
2026-05-10 15:27:17,052 INFO src.train.trainer: Last model at epoch 1 saved to /root/autodl-tmp/em_eqf/experiments/clf_grid_6/runs/tf_30_mf_4p5_seed_1/last_model_1.pth
2026-05-10 15:27:17,052 INFO src.train.trainer: Epoch 2
2026-05-10 15:27:19,183 INFO src.train.trainer: New best validation loss: 0.0853, saved to /root/autodl-tmp/em_eqf/experiments/clf_grid_6/runs/tf_30_mf_4p5_seed_1/best_model_1.pth
2026-05-10 15:27:19,192 INFO src.train.trainer: Last model at epoch 2 saved to /root/autodl-tmp/em_eqf/experiments/clf_grid_6/runs/tf_30_mf_4p5_seed_1/last_model_1.pth
2026-05-10 15:27:19,192 INFO src.train.trainer: Epoch 3
2026-05-10 15:27:21,164 INFO src.train.trainer: New best validation loss: 0.0846, saved to /root/autodl-tmp/em_eqf/experiments/clf_grid_6/runs/tf_30_mf_4p5_seed_1/best_model_1.pth
2026-05-10 15:27:21,172 INFO src.train.trainer: Last model at epoch 3 saved to /root/autodl-tmp/em_eqf/experiments/clf_grid_6/runs/tf_30_mf_4p5_seed_1/last_model_1.pth
2026-05-10 15:27:21,172 INFO src.train.trainer: Epoch 4
2026-05-10 15:27:23,130 INFO src.train.trainer: New best validation loss: 0.0845, saved to /root/autodl-tmp/em_eqf/experiments/clf_grid_6/runs/tf_30_mf_4p5_seed_1/best_model_1.pth
2026-05-10 15:27:23,140 INFO src.train.trainer: Last model at epoch 4 saved to /root/autodl-tmp/em_eqf/experiments/clf_grid_6/runs/tf_30_mf_4p5_seed_1/last_model_1.pth
2026-05-10 15:27:23,140 INFO src.train.trainer: Epoch 5
2026-05-10 15:27:25,421 INFO src.train.trainer: New best validation loss: 0.0837, saved to /root/autodl-tmp/em_eqf/experiments/clf_grid_6/runs/tf_30_mf_4p5_seed_1/best_model_1.pth
2026-05-10 15:27:25,429 INFO src.train.trainer: Last model at epoch 5 saved to /root/autodl-tmp/em_eqf/experiments/clf_grid_6/runs/tf_30_mf_4p5_seed_1/last_model_1.pth
2026-05-10 15:27:25,429 INFO src.train.trainer: Epoch 6
2026-05-10 15:27:27,627 INFO src.train.trainer: New best validation loss: 0.0830, saved to /root/autodl-tmp/em_eqf/experiments/clf_grid_6/runs/tf_30_mf_4p5_seed_1/best_model_1.pth
2026-05-10 15:27:27,635 INFO src.train.trainer: Last model at epoch 6 saved to /root/autodl-tmp/em_eqf/experiments/clf_grid_6/runs/tf_30_mf_4p5_seed_1/last_model_1.pth
2026-05-10 15:27:27,635 INFO src.train.trainer: Epoch 7
2026-05-10 15:27:29,531 INFO src.train.trainer: New best validation loss: 0.0820, saved to /root/autodl-tmp/em_eqf/experiments/clf_grid_6/runs/tf_30_mf_4p5_seed_1/best_model_1.pth
2026-05-10 15:27:29,540 INFO src.train.trainer: Last model at epoch 7 saved to /root/autodl-tmp/em_eqf/experiments/clf_grid_6/runs/tf_30_mf_4p5_seed_1/last_model_1.pth
2026-05-10 15:27:29,540 INFO src.train.trainer: Epoch 8
2026-05-10 15:27:31,422 INFO src.train.trainer: New best validation loss: 0.0814, saved to /root/autodl-tmp/em_eqf/experiments/clf_grid_6/runs/tf_30_mf_4p5_seed_1/best_model_1.pth
2026-05-10 15:27:31,433 INFO src.train.trainer: Last model at epoch 8 saved to /root/autodl-tmp/em_eqf/experiments/clf_grid_6/runs/tf_30_mf_4p5_seed_1/last_model_1.pth
2026-05-10 15:27:31,433 INFO src.train.trainer: Epoch 9
2026-05-10 15:27:33,358 INFO src.train.trainer: Last model at epoch 9 saved to /root/autodl-tmp/em_eqf/experiments/clf_grid_6/runs/tf_30_mf_4p5_seed_1/last_model_1.pth
2026-05-10 15:27:33,358 INFO src.train.trainer: Epoch 10
2026-05-10 15:27:35,288 INFO src.train.trainer: Last model at epoch 10 saved to /root/autodl-tmp/em_eqf/experiments/clf_grid_6/runs/tf_30_mf_4p5_seed_1/last_model_1.pth
2026-05-10 15:27:35,288 INFO src.train.trainer: Epoch 11
2026-05-10 15:27:37,194 INFO src.train.trainer: Last model at epoch 11 saved to /root/autodl-tmp/em_eqf/experiments/clf_grid_6/runs/tf_30_mf_4p5_seed_1/last_model_1.pth
2026-05-10 15:27:37,195 INFO src.train.trainer: Epoch 12
2026-05-10 15:27:39,008 INFO src.train.trainer: New best validation loss: 0.0803, saved to /root/autodl-tmp/em_eqf/experiments/clf_grid_6/runs/tf_30_mf_4p5_seed_1/best_model_1.pth
2026-05-10 15:27:39,018 INFO src.train.trainer: Last model at epoch 12 saved to /root/autodl-tmp/em_eqf/experiments/clf_grid_6/runs/tf_30_mf_4p5_seed_1/last_model_1.pth
2026-05-10 15:27:39,018 INFO src.train.trainer: Epoch 13
2026-05-10 15:27:40,937 INFO src.train.trainer: Last model at epoch 13 saved to /root/autodl-tmp/em_eqf/experiments/clf_grid_6/runs/tf_30_mf_4p5_seed_1/last_model_1.pth
2026-05-10 15:27:40,937 INFO src.train.trainer: Epoch 14
2026-05-10 15:27:43,142 INFO src.train.trainer: Last model at epoch 14 saved to /root/autodl-tmp/em_eqf/experiments/clf_grid_6/runs/tf_30_mf_4p5_seed_1/last_model_1.pth
2026-05-10 15:27:43,142 INFO src.train.trainer: Epoch 15
2026-05-10 15:27:45,278 INFO src.train.trainer: Last model at epoch 15 saved to /root/autodl-tmp/em_eqf/experiments/clf_grid_6/runs/tf_30_mf_4p5_seed_1/last_model_1.pth
2026-05-10 15:27:45,278 INFO src.train.trainer: Epoch 16
2026-05-10 15:27:47,482 INFO src.train.trainer: New best validation loss: 0.0796, saved to /root/autodl-tmp/em_eqf/experiments/clf_grid_6/runs/tf_30_mf_4p5_seed_1/best_model_1.pth
2026-05-10 15:27:47,491 INFO src.train.trainer: Last model at epoch 16 saved to /root/autodl-tmp/em_eqf/experiments/clf_grid_6/runs/tf_30_mf_4p5_seed_1/last_model_1.pth
2026-05-10 15:27:47,492 INFO src.train.trainer: Epoch 17
2026-05-10 15:27:49,661 INFO src.train.trainer: Last model at epoch 17 saved to /root/autodl-tmp/em_eqf/experiments/clf_grid_6/runs/tf_30_mf_4p5_seed_1/last_model_1.pth
2026-05-10 15:27:49,662 INFO src.train.trainer: Epoch 18
2026-05-10 15:27:51,665 INFO src.train.trainer: Last model at epoch 18 saved to /root/autodl-tmp/em_eqf/experiments/clf_grid_6/runs/tf_30_mf_4p5_seed_1/last_model_1.pth
2026-05-10 15:27:51,666 INFO src.train.trainer: Epoch 19
2026-05-10 15:27:53,386 INFO src.train.trainer: Last model at epoch 19 saved to /root/autodl-tmp/em_eqf/experiments/clf_grid_6/runs/tf_30_mf_4p5_seed_1/last_model_1.pth
2026-05-10 15:27:53,386 INFO src.train.trainer: Epoch 20
2026-05-10 15:27:55,133 INFO src.train.trainer: Last model at epoch 20 saved to /root/autodl-tmp/em_eqf/experiments/clf_grid_6/runs/tf_30_mf_4p5_seed_1/last_model_1.pth
2026-05-10 15:27:55,133 INFO src.train.trainer: Epoch 21
2026-05-10 15:27:56,993 INFO src.train.trainer: New best validation loss: 0.0764, saved to /root/autodl-tmp/em_eqf/experiments/clf_grid_6/runs/tf_30_mf_4p5_seed_1/best_model_1.pth
2026-05-10 15:27:57,002 INFO src.train.trainer: Last model at epoch 21 saved to /root/autodl-tmp/em_eqf/experiments/clf_grid_6/runs/tf_30_mf_4p5_seed_1/last_model_1.pth
2026-05-10 15:27:57,003 INFO src.train.trainer: Epoch 22
2026-05-10 15:27:58,774 INFO src.train.trainer: Last model at epoch 22 saved to /root/autodl-tmp/em_eqf/experiments/clf_grid_6/runs/tf_30_mf_4p5_seed_1/last_model_1.pth
2026-05-10 15:27:58,774 INFO src.train.trainer: Epoch 23
2026-05-10 15:28:00,648 INFO src.train.trainer: New best validation loss: 0.0751, saved to /root/autodl-tmp/em_eqf/experiments/clf_grid_6/runs/tf_30_mf_4p5_seed_1/best_model_1.pth
2026-05-10 15:28:00,657 INFO src.train.trainer: Last model at epoch 23 saved to /root/autodl-tmp/em_eqf/experiments/clf_grid_6/runs/tf_30_mf_4p5_seed_1/last_model_1.pth
2026-05-10 15:28:00,657 INFO src.train.trainer: Epoch 24
2026-05-10 15:28:02,482 INFO src.train.trainer: Last model at epoch 24 saved to /root/autodl-tmp/em_eqf/experiments/clf_grid_6/runs/tf_30_mf_4p5_seed_1/last_model_1.pth
2026-05-10 15:28:02,482 INFO src.train.trainer: Epoch 25
2026-05-10 15:28:04,306 INFO src.train.trainer: Last model at epoch 25 saved to /root/autodl-tmp/em_eqf/experiments/clf_grid_6/runs/tf_30_mf_4p5_seed_1/last_model_1.pth
2026-05-10 15:28:04,306 INFO src.train.trainer: Epoch 26
2026-05-10 15:28:06,063 INFO src.train.trainer: New best validation loss: 0.0720, saved to /root/autodl-tmp/em_eqf/experiments/clf_grid_6/runs/tf_30_mf_4p5_seed_1/best_model_1.pth
2026-05-10 15:28:06,071 INFO src.train.trainer: Last model at epoch 26 saved to /root/autodl-tmp/em_eqf/experiments/clf_grid_6/runs/tf_30_mf_4p5_seed_1/last_model_1.pth
2026-05-10 15:28:06,072 INFO src.train.trainer: Epoch 27
2026-05-10 15:28:07,846 INFO src.train.trainer: Last model at epoch 27 saved to /root/autodl-tmp/em_eqf/experiments/clf_grid_6/runs/tf_30_mf_4p5_seed_1/last_model_1.pth
2026-05-10 15:28:07,846 INFO src.train.trainer: Epoch 28
2026-05-10 15:28:09,643 INFO src.train.trainer: Last model at epoch 28 saved to /root/autodl-tmp/em_eqf/experiments/clf_grid_6/runs/tf_30_mf_4p5_seed_1/last_model_1.pth
2026-05-10 15:28:09,644 INFO src.train.trainer: Epoch 29
2026-05-10 15:28:11,420 INFO src.train.trainer: Last model at epoch 29 saved to /root/autodl-tmp/em_eqf/experiments/clf_grid_6/runs/tf_30_mf_4p5_seed_1/last_model_1.pth
2026-05-10 15:28:11,420 INFO src.train.trainer: Epoch 30
2026-05-10 15:28:13,105 INFO src.train.trainer: Last model at epoch 30 saved to /root/autodl-tmp/em_eqf/experiments/clf_grid_6/runs/tf_30_mf_4p5_seed_1/last_model_1.pth
2026-05-10 15:28:13,105 INFO src.train.trainer: Epoch 31
2026-05-10 15:28:14,885 INFO src.train.trainer: New best validation loss: 0.0711, saved to /root/autodl-tmp/em_eqf/experiments/clf_grid_6/runs/tf_30_mf_4p5_seed_1/best_model_1.pth
2026-05-10 15:28:14,895 INFO src.train.trainer: Last model at epoch 31 saved to /root/autodl-tmp/em_eqf/experiments/clf_grid_6/runs/tf_30_mf_4p5_seed_1/last_model_1.pth
2026-05-10 15:28:14,895 INFO src.train.trainer: Epoch 32
2026-05-10 15:28:16,610 INFO src.train.trainer: Last model at epoch 32 saved to /root/autodl-tmp/em_eqf/experiments/clf_grid_6/runs/tf_30_mf_4p5_seed_1/last_model_1.pth
2026-05-10 15:28:16,611 INFO src.train.trainer: Epoch 33
2026-05-10 15:28:18,320 INFO src.train.trainer: Last model at epoch 33 saved to /root/autodl-tmp/em_eqf/experiments/clf_grid_6/runs/tf_30_mf_4p5_seed_1/last_model_1.pth
2026-05-10 15:28:18,320 INFO src.train.trainer: Epoch 34
2026-05-10 15:28:20,005 INFO src.train.trainer: Last model at epoch 34 saved to /root/autodl-tmp/em_eqf/experiments/clf_grid_6/runs/tf_30_mf_4p5_seed_1/last_model_1.pth
2026-05-10 15:28:20,006 INFO src.train.trainer: Epoch 35
2026-05-10 15:28:21,724 INFO src.train.trainer: Last model at epoch 35 saved to /root/autodl-tmp/em_eqf/experiments/clf_grid_6/runs/tf_30_mf_4p5_seed_1/last_model_1.pth
2026-05-10 15:28:21,724 INFO src.train.trainer: Epoch 36
2026-05-10 15:28:23,363 INFO src.train.trainer: Last model at epoch 36 saved to /root/autodl-tmp/em_eqf/experiments/clf_grid_6/runs/tf_30_mf_4p5_seed_1/last_model_1.pth
2026-05-10 15:28:23,363 INFO src.train.trainer: Epoch 37
2026-05-10 15:28:25,033 INFO src.train.trainer: Last model at epoch 37 saved to /root/autodl-tmp/em_eqf/experiments/clf_grid_6/runs/tf_30_mf_4p5_seed_1/last_model_1.pth
2026-05-10 15:28:25,033 INFO src.train.trainer: Epoch 38
2026-05-10 15:28:26,624 INFO src.train.trainer: Last model at epoch 38 saved to /root/autodl-tmp/em_eqf/experiments/clf_grid_6/runs/tf_30_mf_4p5_seed_1/last_model_1.pth
2026-05-10 15:28:26,624 INFO src.train.trainer: Epoch 39
2026-05-10 15:28:28,236 INFO src.train.trainer: Last model at epoch 39 saved to /root/autodl-tmp/em_eqf/experiments/clf_grid_6/runs/tf_30_mf_4p5_seed_1/last_model_1.pth
2026-05-10 15:28:28,236 INFO src.train.trainer: Epoch 40
2026-05-10 15:28:29,835 INFO src.train.trainer: Last model at epoch 40 saved to /root/autodl-tmp/em_eqf/experiments/clf_grid_6/runs/tf_30_mf_4p5_seed_1/last_model_1.pth
2026-05-10 15:28:29,835 INFO src.train.trainer: Epoch 41
2026-05-10 15:28:31,384 INFO src.train.trainer: Last model at epoch 41 saved to /root/autodl-tmp/em_eqf/experiments/clf_grid_6/runs/tf_30_mf_4p5_seed_1/last_model_1.pth
2026-05-10 15:28:31,384 INFO src.train.trainer: Early stopping triggered at epoch 41 (best epoch: 31, best val loss: 0.071066)
2026-05-10 15:28:40,506 INFO src.data.preprocessing: CSV files found: ['chuandian_2021.csv']
2026-05-10 15:28:41,321 INFO src.utils.file_utils: Loading cached data from: data/ChuanDian/classifier/classifier_Mc_3_Mf_4.5_Tfore_30_Twindow_180_context_len_1_dt_10.pkl
2026-05-10 15:28:41,647 INFO src.data.preprocessing: Catalog statistics: {'tau_unfiltered': 0.15339908988298961, 'tau_q025': 0.08114294020924717, 'tau_q05': 0.5134664350189269, 'tau_mean': 1.3070542199341526, 'tau_max': 25.18216435192153, 'tau_min': 0.0, 'time_max': 18770.72654999979, 'time_mean': 10030.9430649837, 'mag_completeness': 3.0, 'mag_mean': 3.456916005014626, 'mag_max': 8.0, 'mag_min': 3.0, 'b_value': 0.856738547623331, 'b_std': 0.0071499224812533796, 'b_n': 14358}
2026-05-10 15:28:41,665 INFO src.data.event_loader: lengths of samples: min=32, max=981, avg=135.26
2026-05-10 15:28:41,665 INFO src.data.event_loader: Number of positive samples: 836
2026-05-10 15:28:41,665 INFO src.data.event_loader: Number of negative samples: 594
2026-05-10 15:28:41,666 INFO src.data.event_loader: Positive samples: 706, Negative samples: 438
2026-05-10 15:28:41,666 INFO src.data.event_loader: Total samples: 1144, Positive ratio: 0.62, Negative ratio: 0.38
2026-05-10 15:28:41,667 INFO src.data.event_loader: Positive samples: 83, Negative samples: 60
2026-05-10 15:28:41,667 INFO src.data.event_loader: Total samples: 143, Positive ratio: 0.58, Negative ratio: 0.42
2026-05-10 15:28:41,667 INFO src.data.event_loader: Positive samples: 47, Negative samples: 96
2026-05-10 15:28:41,667 INFO src.data.event_loader: Total samples: 143, Positive ratio: 0.33, Negative ratio: 0.67
2026-05-10 15:28:42,124 INFO src.models.adapters.mixer_task: using time scale base 1.3070542199341526 (key: tau_mean)
2026-05-10 15:28:42,124 INFO src.models.adapters.mixer_task: tau mean: tensor(1.3071)
2026-05-10 15:28:42,162 INFO src.train.config_setup: Restoring model from checkpoint.
2026-05-10 15:28:42,163 INFO src.train.config_setup: Loading model weights: load_specific_parts=None
2026-05-10 15:28:42,164 INFO src.train.config_setup: Checkpoint loaded: <All keys matched successfully>
2026-05-10 15:28:42,164 INFO src.train.config_setup: Full load summary: loaded=56, missing=0, unexpected=0
2026-05-10 15:28:42,165 INFO src.train.config_setup: Checkpoint hyperparameters loaded.
2026-05-10 15:28:42,165 INFO src.train.config_setup: Checkpoint train metrics available.
2026-05-10 15:28:42,165 INFO src.train.config_setup: Checkpoint val metrics available.
2026-05-10 15:28:42,165 INFO src.train.config_setup: Freeze skipped (checkpoint_restore): freeze_parts is empty.
2026-05-10 15:28:42,165 INFO src.train.config_setup: Using classification criterion: focal
2026-05-10 15:28:42,165 INFO src.train.config_setup: Criterion config: {'alpha': 0.5, 'gamma': 2.0}
2026-05-10 15:28:42,166 INFO src.train.config_setup: Not resuming optimizer/scheduler state; reset training state to start_epoch=0, best_val_loss=inf.
2026-05-10 15:28:42,166 INFO src.cli.common: Using threshold 0.46890729665756226 from checkpoint val_metrics for testing.
2026-05-10 15:28:47,295 INFO src.utils.metrics: ROC curve saved to /root/autodl-tmp/em_eqf/experiments/clf_grid_6/runs/tf_30_mf_4p5_seed_1/roc_curve.png
2026-05-10 15:28:47,412 INFO src.utils.metrics: PR curve saved to /root/autodl-tmp/em_eqf/experiments/clf_grid_6/runs/tf_30_mf_4p5_seed_1/pr_curve.png
2026-05-10 15:28:47,474 INFO src.utils.metrics: Confusion matrix saved to /root/autodl-tmp/em_eqf/experiments/clf_grid_6/runs/tf_30_mf_4p5_seed_1/confusion_matrix.png
2026-05-10 15:28:47,475 INFO src.cli.workflows: Test loss: 0.05841369926929474
2026-05-10 15:28:48,133 INFO src.train.classifier_train_step: Prediction distribution plot has been saved to: /root/autodl-tmp/em_eqf/experiments/clf_grid_6/runs/tf_30_mf_4p5_seed_1/train_pred_distribution.png
2026-05-10 15:28:48,442 INFO src.train.classifier_train_step: Prediction distribution plot has been saved to: /root/autodl-tmp/em_eqf/experiments/clf_grid_6/runs/tf_30_mf_4p5_seed_1/val_pred_distribution.png
2026-05-10 15:28:48,709 INFO src.train.classifier_train_step: Prediction distribution plot has been saved to: /root/autodl-tmp/em_eqf/experiments/clf_grid_6/runs/tf_30_mf_4p5_seed_1/test_pred_distribution.png
2026-05-10 15:28:48,710 INFO src.cli.common: Saved test metrics to /root/autodl-tmp/em_eqf/experiments/clf_grid_6/runs/tf_30_mf_4p5_seed_1/metrics_test_best_1.json
2026-05-10 15:28:48,710 INFO src.cli.common: Metrics: {'precision': 0.6938775510204082, 'recall': 0.723404255319149, 'f1': 0.7083333333333334, 'auc': 0.7969858156028369, 'pr_auc': 0.7926072206121826, 'fpr': 0.15625, 'tpr': 0.723404255319149, 'R': 0.567154255319149, 'conf': 1.0, 'threshold': 0.46890729665756226}
