2026-05-21 16:38:03,534 INFO src.data.preprocessing: CSV files found: ['chuandian_2021.csv']
2026-05-21 16:38:04,171 INFO src.utils.file_utils: Loading cached data from: data/ChuanDian/classifier/classifier_Mc_3_Mf_4.5_Tfore_30_Twindow_180_context_len_1_dt_10.pkl
2026-05-21 16:38:04,583 INFO src.data.preprocessing: Catalog statistics: {'tau_unfiltered': 0.15339908988298961, 'tau_q025': 0.08114294020924717, 'tau_q05': 0.5134664350189269, 'tau_mean': 1.3070542199341526, 'tau_max': 25.18216435192153, 'tau_min': 0.0, 'time_max': 18770.72654999979, 'time_mean': 10030.9430649837, 'mag_completeness': 3.0, 'mag_mean': 3.456916005014626, 'mag_max': 8.0, 'mag_min': 3.0, 'b_value': 0.856738547623331, 'b_std': 0.0071499224812533796, 'b_n': 14358}
2026-05-21 16:38:04,611 INFO src.data.event_loader: lengths of samples: min=32, max=981, avg=135.26
2026-05-21 16:38:04,611 INFO src.data.event_loader: Number of positive samples: 836
2026-05-21 16:38:04,612 INFO src.data.event_loader: Number of negative samples: 594
2026-05-21 16:38:04,613 INFO src.data.event_loader: Positive samples: 706, Negative samples: 438
2026-05-21 16:38:04,613 INFO src.data.event_loader: Total samples: 1144, Positive ratio: 0.62, Negative ratio: 0.38
2026-05-21 16:38:04,613 INFO src.data.event_loader: Positive samples: 83, Negative samples: 60
2026-05-21 16:38:04,613 INFO src.data.event_loader: Total samples: 143, Positive ratio: 0.58, Negative ratio: 0.42
2026-05-21 16:38:04,614 INFO src.data.event_loader: Positive samples: 47, Negative samples: 96
2026-05-21 16:38:04,614 INFO src.data.event_loader: Total samples: 143, Positive ratio: 0.33, Negative ratio: 0.67
2026-05-21 16:38:04,659 INFO src.cli.workflows: Loading checkpoint from: ./checkpoints/mixer_tpp_20260514-211059/last_model_1.pth
2026-05-21 16:38:05,286 INFO src.models.adapters.mixer_task: using time scale base 1.3070542199341526 (key: tau_mean)
2026-05-21 16:38:05,286 INFO src.models.adapters.mixer_task: tau mean: tensor(1.3071)
2026-05-21 16:38:05,293 INFO src.train.config_setup: Restoring model from checkpoint.
2026-05-21 16:38:05,293 INFO src.train.config_setup: Loading model weights: load_specific_parts=['encoder']
2026-05-21 16:38:05,295 INFO src.train.config_setup: Selective load summary: requested_parts=['encoder'], target_in_model=40, matched_in_checkpoint=30, loaded=30, missing_after_load=10, shape_mismatch=0, missing_in_model=0, out_of_scope_loaded=0
2026-05-21 16:38:05,295 INFO src.train.config_setup: Selective load coverage [encoder]: target=40, hit=30, missing=10, complete=False
2026-05-21 16:38:05,295 WARNING src.train.config_setup: Selective load coverage missing preview [encoder]: ['base_model.encoder.layers.2.mixer.in_proj.bias', 'base_model.encoder.layers.2.mixer.in_proj.weight', 'base_model.encoder.layers.2.mixer.out_proj.bias', 'base_model.encoder.layers.2.mixer.out_proj.weight', 'base_model.encoder.layers.2.mlp.fc1.weight', 'base_model.encoder.layers.2.mlp.fc2.weight', 'base_model.encoder.layers.2.norm.bias', 'base_model.encoder.layers.2.norm.weight'] ... (+2 more)
2026-05-21 16:38:05,295 WARNING src.train.config_setup: Checkpoint missing target parameter preview: ['base_model.encoder.layers.2.mixer.in_proj.bias', 'base_model.encoder.layers.2.mixer.in_proj.weight', 'base_model.encoder.layers.2.mixer.out_proj.bias', 'base_model.encoder.layers.2.mixer.out_proj.weight', 'base_model.encoder.layers.2.mlp.fc1.weight', 'base_model.encoder.layers.2.mlp.fc2.weight', 'base_model.encoder.layers.2.norm.bias', 'base_model.encoder.layers.2.norm.weight', 'base_model.encoder.layers.2.norm2.bias', 'base_model.encoder.layers.2.norm2.weight']
2026-05-21 16:38:05,295 WARNING src.train.config_setup: Target not-loaded parameter preview: ['base_model.encoder.layers.2.mixer.in_proj.bias', 'base_model.encoder.layers.2.mixer.in_proj.weight', 'base_model.encoder.layers.2.mixer.out_proj.bias', 'base_model.encoder.layers.2.mixer.out_proj.weight', 'base_model.encoder.layers.2.mlp.fc1.weight', 'base_model.encoder.layers.2.mlp.fc2.weight', 'base_model.encoder.layers.2.norm.bias', 'base_model.encoder.layers.2.norm.weight', 'base_model.encoder.layers.2.norm2.bias', 'base_model.encoder.layers.2.norm2.weight']
2026-05-21 16:38:05,295 INFO src.train.config_setup: Loaded parameter preview: ['base_model.encoder.layers.0.mixer.dt_bias', 'base_model.encoder.layers.1.mixer.out_proj.weight', 'base_model.encoder.layers.1.mixer.D', 'base_model.encoder.layers.1.norm2.bias', 'base_model.encoder.norm_f.bias', 'base_model.encoder.layers.1.mixer.dt_bias', 'base_model.encoder.layers.0.mixer.D', 'base_model.encoder.layers.0.mlp.fc2.weight', 'base_model.encoder.layers.1.norm.weight', 'base_model.encoder.layers.0.norm.bias'] ... (+20 more)
2026-05-21 16:38:05,296 INFO src.train.config_setup: Checkpoint hyperparameters loaded.
2026-05-21 16:38:05,296 INFO src.train.config_setup: Checkpoint train metrics available.
2026-05-21 16:38:05,296 INFO src.train.config_setup: Checkpoint val metrics available.
2026-05-21 16:38:05,296 INFO src.train.config_setup: Freeze skipped (checkpoint_restore): freeze_parts is empty.
2026-05-21 16:38:05,297 INFO src.train.config_setup: Using classification criterion: focal
2026-05-21 16:38:05,297 INFO src.train.config_setup: Criterion config: {'alpha': 0.5, 'gamma': 2.0}
2026-05-21 16:38:05,298 INFO src.train.config_setup: Not resuming optimizer/scheduler state; reset training state to start_epoch=0, best_val_loss=inf.
2026-05-21 16:38:05,298 INFO src.train.trainer: Epoch 1
2026-05-21 16:38:19,786 INFO src.train.trainer: New best validation loss: 0.0866, saved to /root/autodl-tmp/em_eqf/experiments/clf_pre_v1/clf_pre_SCEDC_v1/runs/tf_30_mf_4p5_seed_4/best_model_1.pth
2026-05-21 16:38:19,795 INFO src.train.trainer: Last model at epoch 1 saved to /root/autodl-tmp/em_eqf/experiments/clf_pre_v1/clf_pre_SCEDC_v1/runs/tf_30_mf_4p5_seed_4/last_model_1.pth
2026-05-21 16:38:19,795 INFO src.train.trainer: Epoch 2
2026-05-21 16:38:23,081 INFO src.train.trainer: New best validation loss: 0.0836, saved to /root/autodl-tmp/em_eqf/experiments/clf_pre_v1/clf_pre_SCEDC_v1/runs/tf_30_mf_4p5_seed_4/best_model_1.pth
2026-05-21 16:38:23,089 INFO src.train.trainer: Last model at epoch 2 saved to /root/autodl-tmp/em_eqf/experiments/clf_pre_v1/clf_pre_SCEDC_v1/runs/tf_30_mf_4p5_seed_4/last_model_1.pth
2026-05-21 16:38:23,089 INFO src.train.trainer: Epoch 3
2026-05-21 16:38:26,006 INFO src.train.trainer: New best validation loss: 0.0816, saved to /root/autodl-tmp/em_eqf/experiments/clf_pre_v1/clf_pre_SCEDC_v1/runs/tf_30_mf_4p5_seed_4/best_model_1.pth
2026-05-21 16:38:26,012 INFO src.train.trainer: Last model at epoch 3 saved to /root/autodl-tmp/em_eqf/experiments/clf_pre_v1/clf_pre_SCEDC_v1/runs/tf_30_mf_4p5_seed_4/last_model_1.pth
2026-05-21 16:38:26,012 INFO src.train.trainer: Epoch 4
2026-05-21 16:38:29,220 INFO src.train.trainer: New best validation loss: 0.0808, saved to /root/autodl-tmp/em_eqf/experiments/clf_pre_v1/clf_pre_SCEDC_v1/runs/tf_30_mf_4p5_seed_4/best_model_1.pth
2026-05-21 16:38:29,229 INFO src.train.trainer: Last model at epoch 4 saved to /root/autodl-tmp/em_eqf/experiments/clf_pre_v1/clf_pre_SCEDC_v1/runs/tf_30_mf_4p5_seed_4/last_model_1.pth
2026-05-21 16:38:29,229 INFO src.train.trainer: Epoch 5
2026-05-21 16:38:33,136 INFO src.train.trainer: New best validation loss: 0.0766, saved to /root/autodl-tmp/em_eqf/experiments/clf_pre_v1/clf_pre_SCEDC_v1/runs/tf_30_mf_4p5_seed_4/best_model_1.pth
2026-05-21 16:38:33,142 INFO src.train.trainer: Last model at epoch 5 saved to /root/autodl-tmp/em_eqf/experiments/clf_pre_v1/clf_pre_SCEDC_v1/runs/tf_30_mf_4p5_seed_4/last_model_1.pth
2026-05-21 16:38:33,142 INFO src.train.trainer: Epoch 6
2026-05-21 16:38:37,082 INFO src.train.trainer: Last model at epoch 6 saved to /root/autodl-tmp/em_eqf/experiments/clf_pre_v1/clf_pre_SCEDC_v1/runs/tf_30_mf_4p5_seed_4/last_model_1.pth
2026-05-21 16:38:37,082 INFO src.train.trainer: Epoch 7
2026-05-21 16:38:40,701 INFO src.train.trainer: Last model at epoch 7 saved to /root/autodl-tmp/em_eqf/experiments/clf_pre_v1/clf_pre_SCEDC_v1/runs/tf_30_mf_4p5_seed_4/last_model_1.pth
2026-05-21 16:38:40,701 INFO src.train.trainer: Epoch 8
2026-05-21 16:38:44,302 INFO src.train.trainer: Last model at epoch 8 saved to /root/autodl-tmp/em_eqf/experiments/clf_pre_v1/clf_pre_SCEDC_v1/runs/tf_30_mf_4p5_seed_4/last_model_1.pth
2026-05-21 16:38:44,303 INFO src.train.trainer: Epoch 9
2026-05-21 16:38:47,718 INFO src.train.trainer: Last model at epoch 9 saved to /root/autodl-tmp/em_eqf/experiments/clf_pre_v1/clf_pre_SCEDC_v1/runs/tf_30_mf_4p5_seed_4/last_model_1.pth
2026-05-21 16:38:47,719 INFO src.train.trainer: Epoch 10
2026-05-21 16:38:51,257 INFO src.train.trainer: New best validation loss: 0.0724, saved to /root/autodl-tmp/em_eqf/experiments/clf_pre_v1/clf_pre_SCEDC_v1/runs/tf_30_mf_4p5_seed_4/best_model_1.pth
2026-05-21 16:38:51,263 INFO src.train.trainer: Last model at epoch 10 saved to /root/autodl-tmp/em_eqf/experiments/clf_pre_v1/clf_pre_SCEDC_v1/runs/tf_30_mf_4p5_seed_4/last_model_1.pth
2026-05-21 16:38:51,263 INFO src.train.trainer: Epoch 11
2026-05-21 16:38:54,842 INFO src.train.trainer: Last model at epoch 11 saved to /root/autodl-tmp/em_eqf/experiments/clf_pre_v1/clf_pre_SCEDC_v1/runs/tf_30_mf_4p5_seed_4/last_model_1.pth
2026-05-21 16:38:54,842 INFO src.train.trainer: Epoch 12
2026-05-21 16:38:58,521 INFO src.train.trainer: Last model at epoch 12 saved to /root/autodl-tmp/em_eqf/experiments/clf_pre_v1/clf_pre_SCEDC_v1/runs/tf_30_mf_4p5_seed_4/last_model_1.pth
2026-05-21 16:38:58,521 INFO src.train.trainer: Epoch 13
2026-05-21 16:39:01,852 INFO src.train.trainer: Last model at epoch 13 saved to /root/autodl-tmp/em_eqf/experiments/clf_pre_v1/clf_pre_SCEDC_v1/runs/tf_30_mf_4p5_seed_4/last_model_1.pth
2026-05-21 16:39:01,852 INFO src.train.trainer: Epoch 14
2026-05-21 16:39:05,470 INFO src.train.trainer: Last model at epoch 14 saved to /root/autodl-tmp/em_eqf/experiments/clf_pre_v1/clf_pre_SCEDC_v1/runs/tf_30_mf_4p5_seed_4/last_model_1.pth
2026-05-21 16:39:05,471 INFO src.train.trainer: Epoch 15
2026-05-21 16:39:08,635 INFO src.train.trainer: Last model at epoch 15 saved to /root/autodl-tmp/em_eqf/experiments/clf_pre_v1/clf_pre_SCEDC_v1/runs/tf_30_mf_4p5_seed_4/last_model_1.pth
2026-05-21 16:39:08,635 INFO src.train.trainer: Epoch 16
2026-05-21 16:39:11,959 INFO src.train.trainer: Last model at epoch 16 saved to /root/autodl-tmp/em_eqf/experiments/clf_pre_v1/clf_pre_SCEDC_v1/runs/tf_30_mf_4p5_seed_4/last_model_1.pth
2026-05-21 16:39:11,960 INFO src.train.trainer: Epoch 17
2026-05-21 16:39:15,845 INFO src.train.trainer: Last model at epoch 17 saved to /root/autodl-tmp/em_eqf/experiments/clf_pre_v1/clf_pre_SCEDC_v1/runs/tf_30_mf_4p5_seed_4/last_model_1.pth
2026-05-21 16:39:15,845 INFO src.train.trainer: Epoch 18
2026-05-21 16:39:19,344 INFO src.train.trainer: Last model at epoch 18 saved to /root/autodl-tmp/em_eqf/experiments/clf_pre_v1/clf_pre_SCEDC_v1/runs/tf_30_mf_4p5_seed_4/last_model_1.pth
2026-05-21 16:39:19,344 INFO src.train.trainer: Epoch 19
2026-05-21 16:39:22,751 INFO src.train.trainer: Last model at epoch 19 saved to /root/autodl-tmp/em_eqf/experiments/clf_pre_v1/clf_pre_SCEDC_v1/runs/tf_30_mf_4p5_seed_4/last_model_1.pth
2026-05-21 16:39:22,751 INFO src.train.trainer: Epoch 20
2026-05-21 16:39:26,366 INFO src.train.trainer: Last model at epoch 20 saved to /root/autodl-tmp/em_eqf/experiments/clf_pre_v1/clf_pre_SCEDC_v1/runs/tf_30_mf_4p5_seed_4/last_model_1.pth
2026-05-21 16:39:26,366 INFO src.train.trainer: Early stopping triggered at epoch 20 (best epoch: 10, best val loss: 0.072379)
2026-05-21 16:39:35,943 INFO src.data.preprocessing: CSV files found: ['chuandian_2021.csv']
2026-05-21 16:39:36,578 INFO src.utils.file_utils: Loading cached data from: data/ChuanDian/classifier/classifier_Mc_3_Mf_4.5_Tfore_30_Twindow_180_context_len_1_dt_10.pkl
2026-05-21 16:39:36,917 INFO src.data.preprocessing: Catalog statistics: {'tau_unfiltered': 0.15339908988298961, 'tau_q025': 0.08114294020924717, 'tau_q05': 0.5134664350189269, 'tau_mean': 1.3070542199341526, 'tau_max': 25.18216435192153, 'tau_min': 0.0, 'time_max': 18770.72654999979, 'time_mean': 10030.9430649837, 'mag_completeness': 3.0, 'mag_mean': 3.456916005014626, 'mag_max': 8.0, 'mag_min': 3.0, 'b_value': 0.856738547623331, 'b_std': 0.0071499224812533796, 'b_n': 14358}
2026-05-21 16:39:36,933 INFO src.data.event_loader: lengths of samples: min=32, max=981, avg=135.26
2026-05-21 16:39:36,933 INFO src.data.event_loader: Number of positive samples: 836
2026-05-21 16:39:36,934 INFO src.data.event_loader: Number of negative samples: 594
2026-05-21 16:39:36,935 INFO src.data.event_loader: Positive samples: 706, Negative samples: 438
2026-05-21 16:39:36,935 INFO src.data.event_loader: Total samples: 1144, Positive ratio: 0.62, Negative ratio: 0.38
2026-05-21 16:39:36,935 INFO src.data.event_loader: Positive samples: 83, Negative samples: 60
2026-05-21 16:39:36,935 INFO src.data.event_loader: Total samples: 143, Positive ratio: 0.58, Negative ratio: 0.42
2026-05-21 16:39:36,935 INFO src.data.event_loader: Positive samples: 47, Negative samples: 96
2026-05-21 16:39:36,936 INFO src.data.event_loader: Total samples: 143, Positive ratio: 0.33, Negative ratio: 0.67
2026-05-21 16:39:37,347 INFO src.models.adapters.mixer_task: using time scale base 1.3070542199341526 (key: tau_mean)
2026-05-21 16:39:37,347 INFO src.models.adapters.mixer_task: tau mean: tensor(1.3071)
2026-05-21 16:39:37,365 INFO src.train.config_setup: Restoring model from checkpoint.
2026-05-21 16:39:37,365 INFO src.train.config_setup: Loading model weights: load_specific_parts=None
2026-05-21 16:39:37,367 INFO src.train.config_setup: Checkpoint loaded: <All keys matched successfully>
2026-05-21 16:39:37,367 INFO src.train.config_setup: Full load summary: loaded=56, missing=0, unexpected=0
2026-05-21 16:39:37,368 INFO src.train.config_setup: Checkpoint hyperparameters loaded.
2026-05-21 16:39:37,368 INFO src.train.config_setup: Checkpoint train metrics available.
2026-05-21 16:39:37,369 INFO src.train.config_setup: Checkpoint val metrics available.
2026-05-21 16:39:37,369 INFO src.train.config_setup: Freeze skipped (checkpoint_restore): freeze_parts is empty.
2026-05-21 16:39:37,370 INFO src.train.config_setup: Using classification criterion: focal
2026-05-21 16:39:37,370 INFO src.train.config_setup: Criterion config: {'alpha': 0.5, 'gamma': 2.0}
2026-05-21 16:39:37,371 INFO src.train.config_setup: Not resuming optimizer/scheduler state; reset training state to start_epoch=0, best_val_loss=inf.
2026-05-21 16:39:37,371 INFO src.cli.common: Using threshold 0.4737832844257355 from checkpoint val_metrics for testing.
2026-05-21 16:39:42,221 INFO src.utils.metrics: ROC curve saved to /root/autodl-tmp/em_eqf/experiments/clf_pre_v1/clf_pre_SCEDC_v1/runs/tf_30_mf_4p5_seed_4/roc_curve.png
2026-05-21 16:39:42,347 INFO src.utils.metrics: PR curve saved to /root/autodl-tmp/em_eqf/experiments/clf_pre_v1/clf_pre_SCEDC_v1/runs/tf_30_mf_4p5_seed_4/pr_curve.png
2026-05-21 16:39:42,420 INFO src.utils.metrics: Confusion matrix saved to /root/autodl-tmp/em_eqf/experiments/clf_pre_v1/clf_pre_SCEDC_v1/runs/tf_30_mf_4p5_seed_4/confusion_matrix.png
2026-05-21 16:39:42,420 INFO src.cli.workflows: Test loss: 0.07101877182722091
2026-05-21 16:39:43,596 INFO src.train.classifier_train_step: Prediction distribution plot has been saved to: /root/autodl-tmp/em_eqf/experiments/clf_pre_v1/clf_pre_SCEDC_v1/runs/tf_30_mf_4p5_seed_4/train_pred_distribution.png
2026-05-21 16:39:44,140 INFO src.train.classifier_train_step: Prediction distribution plot has been saved to: /root/autodl-tmp/em_eqf/experiments/clf_pre_v1/clf_pre_SCEDC_v1/runs/tf_30_mf_4p5_seed_4/val_pred_distribution.png
2026-05-21 16:39:44,639 INFO src.train.classifier_train_step: Prediction distribution plot has been saved to: /root/autodl-tmp/em_eqf/experiments/clf_pre_v1/clf_pre_SCEDC_v1/runs/tf_30_mf_4p5_seed_4/test_pred_distribution.png
2026-05-21 16:39:44,639 INFO src.cli.common: Saved test metrics to /root/autodl-tmp/em_eqf/experiments/clf_pre_v1/clf_pre_SCEDC_v1/runs/tf_30_mf_4p5_seed_4/metrics_test_best_1.json
2026-05-21 16:39:44,639 INFO src.cli.common: Metrics: {'precision': 0.4175824175824176, 'recall': 0.8085106382978723, 'f1': 0.5507246376811594, 'auc': 0.7872340425531915, 'pr_auc': 0.7796719432779522, 'fpr': 0.5520833333333334, 'tpr': 0.8085106382978723, 'R': 0.2564273049645389, 'conf': 0.6018459239318359, 'threshold': 0.4737832844257355}
