2026-05-19 16:58:48,245 INFO src.data.preprocessing: CSV files found: ['chuandian_2021.csv']
2026-05-19 16:58:48,953 INFO src.utils.file_utils: Loading cached data from: data/ChuanDian/lstm_regressor/lstm_regressor_Mag_elaps_5.5-6-6.5-7_Mc_3_Mf_3_Tfore_180_Twindow_360_context_len_0_dt_10_feature_step_none_feature_window_none_lstm_feature_mode_external_sliding_time_step_5.pkl
2026-05-19 16:58:50,536 INFO src.data.preparation_modules.lstm: Using legacy T_elaps NaN strategy: zero fill via clean_data.
2026-05-19 16:58:50,538 INFO src.data.lstm_loader: Original number of samples: 1818, number of samples after cleaning: 1818
2026-05-19 16:58:50,538 INFO src.data.lstm_loader: Replaced NaN values in X with 0.0
2026-05-19 16:58:50,558 INFO src.cli.workflows: No resume path provided. Training will start from scratch.
2026-05-19 16:58:51,133 INFO src.train.config_setup: No checkpoint restore requested; initializing model from scratch.
2026-05-19 16:58:51,133 INFO src.train.config_setup: Freeze skipped (fresh_init): freeze_parts is empty.
2026-05-19 16:58:51,134 INFO src.train.config_setup: Using regression criterion: smooth_l1
2026-05-19 16:58:51,134 INFO src.train.config_setup: Criterion config: {'beta': 0.6}
2026-05-19 16:58:51,135 INFO src.train.trainer: Epoch 1
2026-05-19 16:58:51,697 INFO src.train.trainer: New best validation loss: 0.1877, saved to checkpoints/lstm_20260519-165848/best_model_1.pth
2026-05-19 16:58:51,722 INFO src.train.trainer: Last model at epoch 1 saved to checkpoints/lstm_20260519-165848/last_model_1.pth
2026-05-19 16:58:51,722 INFO src.train.trainer: Epoch 2
2026-05-19 16:58:52,079 INFO src.train.trainer: New best validation loss: 0.1231, saved to checkpoints/lstm_20260519-165848/best_model_1.pth
2026-05-19 16:58:52,115 INFO src.train.trainer: Last model at epoch 2 saved to checkpoints/lstm_20260519-165848/last_model_1.pth
2026-05-19 16:58:52,116 INFO src.train.trainer: Epoch 3
2026-05-19 16:58:52,492 INFO src.train.trainer: New best validation loss: 0.0296, saved to checkpoints/lstm_20260519-165848/best_model_1.pth
2026-05-19 16:58:52,529 INFO src.train.trainer: Last model at epoch 3 saved to checkpoints/lstm_20260519-165848/last_model_1.pth
2026-05-19 16:58:52,529 INFO src.train.trainer: Epoch 4
2026-05-19 16:58:52,897 INFO src.train.trainer: Last model at epoch 4 saved to checkpoints/lstm_20260519-165848/last_model_1.pth
2026-05-19 16:58:52,897 INFO src.train.trainer: Epoch 5
2026-05-19 16:58:53,294 INFO src.train.trainer: New best validation loss: 0.0291, saved to checkpoints/lstm_20260519-165848/best_model_1.pth
2026-05-19 16:58:53,330 INFO src.train.trainer: Last model at epoch 5 saved to checkpoints/lstm_20260519-165848/last_model_1.pth
2026-05-19 16:58:53,331 INFO src.train.trainer: Epoch 6
2026-05-19 16:58:53,704 INFO src.train.trainer: Last model at epoch 6 saved to checkpoints/lstm_20260519-165848/last_model_1.pth
2026-05-19 16:58:53,704 INFO src.train.trainer: Epoch 7
2026-05-19 16:58:54,094 INFO src.train.trainer: Last model at epoch 7 saved to checkpoints/lstm_20260519-165848/last_model_1.pth
2026-05-19 16:58:54,094 INFO src.train.trainer: Epoch 8
2026-05-19 16:58:54,494 INFO src.train.trainer: Last model at epoch 8 saved to checkpoints/lstm_20260519-165848/last_model_1.pth
2026-05-19 16:58:54,495 INFO src.train.trainer: Epoch 9
2026-05-19 16:58:54,887 INFO src.train.trainer: Last model at epoch 9 saved to checkpoints/lstm_20260519-165848/last_model_1.pth
2026-05-19 16:58:54,887 INFO src.train.trainer: Epoch 10
2026-05-19 16:58:55,278 INFO src.train.trainer: Last model at epoch 10 saved to checkpoints/lstm_20260519-165848/last_model_1.pth
2026-05-19 16:58:55,279 INFO src.train.trainer: Epoch 11
2026-05-19 16:58:55,663 INFO src.train.trainer: Last model at epoch 11 saved to checkpoints/lstm_20260519-165848/last_model_1.pth
2026-05-19 16:58:55,663 INFO src.train.trainer: Epoch 12
2026-05-19 16:58:56,052 INFO src.train.trainer: Last model at epoch 12 saved to checkpoints/lstm_20260519-165848/last_model_1.pth
2026-05-19 16:58:56,052 INFO src.train.trainer: Epoch 13
2026-05-19 16:58:56,445 INFO src.train.trainer: Last model at epoch 13 saved to checkpoints/lstm_20260519-165848/last_model_1.pth
2026-05-19 16:58:56,445 INFO src.train.trainer: Epoch 14
2026-05-19 16:58:56,832 INFO src.train.trainer: Last model at epoch 14 saved to checkpoints/lstm_20260519-165848/last_model_1.pth
2026-05-19 16:58:56,832 INFO src.train.trainer: Epoch 15
2026-05-19 16:58:57,223 INFO src.train.trainer: Last model at epoch 15 saved to checkpoints/lstm_20260519-165848/last_model_1.pth
2026-05-19 16:58:57,223 INFO src.train.trainer: Epoch 16
2026-05-19 16:58:57,614 INFO src.train.trainer: Last model at epoch 16 saved to checkpoints/lstm_20260519-165848/last_model_1.pth
2026-05-19 16:58:57,614 INFO src.train.trainer: Epoch 17
2026-05-19 16:58:57,981 INFO src.train.trainer: Last model at epoch 17 saved to checkpoints/lstm_20260519-165848/last_model_1.pth
2026-05-19 16:58:57,981 INFO src.train.trainer: Epoch 18
2026-05-19 16:58:58,295 INFO src.train.trainer: Last model at epoch 18 saved to checkpoints/lstm_20260519-165848/last_model_1.pth
2026-05-19 16:58:58,295 INFO src.train.trainer: Epoch 19
2026-05-19 16:58:58,643 INFO src.train.trainer: Last model at epoch 19 saved to checkpoints/lstm_20260519-165848/last_model_1.pth
2026-05-19 16:58:58,643 INFO src.train.trainer: Epoch 20
2026-05-19 16:58:59,024 INFO src.train.trainer: Last model at epoch 20 saved to checkpoints/lstm_20260519-165848/last_model_1.pth
2026-05-19 16:58:59,024 INFO src.train.trainer: Epoch 21
2026-05-19 16:58:59,406 INFO src.train.trainer: Last model at epoch 21 saved to checkpoints/lstm_20260519-165848/last_model_1.pth
2026-05-19 16:58:59,406 INFO src.train.trainer: Epoch 22
2026-05-19 16:58:59,796 INFO src.train.trainer: Last model at epoch 22 saved to checkpoints/lstm_20260519-165848/last_model_1.pth
2026-05-19 16:58:59,796 INFO src.train.trainer: Epoch 23
2026-05-19 16:59:00,192 INFO src.train.trainer: Last model at epoch 23 saved to checkpoints/lstm_20260519-165848/last_model_1.pth
2026-05-19 16:59:00,192 INFO src.train.trainer: Epoch 24
2026-05-19 16:59:00,559 INFO src.train.trainer: Last model at epoch 24 saved to checkpoints/lstm_20260519-165848/last_model_1.pth
2026-05-19 16:59:00,560 INFO src.train.trainer: Epoch 25
2026-05-19 16:59:00,947 INFO src.train.trainer: Last model at epoch 25 saved to checkpoints/lstm_20260519-165848/last_model_1.pth
2026-05-19 16:59:00,947 INFO src.train.trainer: Epoch 26
2026-05-19 16:59:01,339 INFO src.train.trainer: Last model at epoch 26 saved to checkpoints/lstm_20260519-165848/last_model_1.pth
2026-05-19 16:59:01,339 INFO src.train.trainer: Epoch 27
2026-05-19 16:59:01,727 INFO src.train.trainer: Last model at epoch 27 saved to checkpoints/lstm_20260519-165848/last_model_1.pth
2026-05-19 16:59:01,727 INFO src.train.trainer: Epoch 28
2026-05-19 16:59:02,116 INFO src.train.trainer: Last model at epoch 28 saved to checkpoints/lstm_20260519-165848/last_model_1.pth
2026-05-19 16:59:02,117 INFO src.train.trainer: Epoch 29
2026-05-19 16:59:02,516 INFO src.train.trainer: Last model at epoch 29 saved to checkpoints/lstm_20260519-165848/last_model_1.pth
2026-05-19 16:59:02,516 INFO src.train.trainer: Epoch 30
2026-05-19 16:59:02,908 INFO src.train.trainer: Last model at epoch 30 saved to checkpoints/lstm_20260519-165848/last_model_1.pth
2026-05-19 16:59:02,908 INFO src.train.trainer: Epoch 31
2026-05-19 16:59:03,288 INFO src.train.trainer: Last model at epoch 31 saved to checkpoints/lstm_20260519-165848/last_model_1.pth
2026-05-19 16:59:03,288 INFO src.train.trainer: Epoch 32
2026-05-19 16:59:03,675 INFO src.train.trainer: Last model at epoch 32 saved to checkpoints/lstm_20260519-165848/last_model_1.pth
2026-05-19 16:59:03,675 INFO src.train.trainer: Epoch 33
2026-05-19 16:59:04,040 INFO src.train.trainer: Last model at epoch 33 saved to checkpoints/lstm_20260519-165848/last_model_1.pth
2026-05-19 16:59:04,041 INFO src.train.trainer: Epoch 34
2026-05-19 16:59:04,426 INFO src.train.trainer: New best validation loss: 0.0278, saved to checkpoints/lstm_20260519-165848/best_model_1.pth
2026-05-19 16:59:04,458 INFO src.train.trainer: Last model at epoch 34 saved to checkpoints/lstm_20260519-165848/last_model_1.pth
2026-05-19 16:59:04,458 INFO src.train.trainer: Epoch 35
2026-05-19 16:59:04,823 INFO src.train.trainer: Last model at epoch 35 saved to checkpoints/lstm_20260519-165848/last_model_1.pth
2026-05-19 16:59:04,823 INFO src.train.trainer: Epoch 36
2026-05-19 16:59:05,202 INFO src.train.trainer: Last model at epoch 36 saved to checkpoints/lstm_20260519-165848/last_model_1.pth
2026-05-19 16:59:05,203 INFO src.train.trainer: Epoch 37
2026-05-19 16:59:05,586 INFO src.train.trainer: Last model at epoch 37 saved to checkpoints/lstm_20260519-165848/last_model_1.pth
2026-05-19 16:59:05,586 INFO src.train.trainer: Epoch 38
2026-05-19 16:59:05,972 INFO src.train.trainer: Last model at epoch 38 saved to checkpoints/lstm_20260519-165848/last_model_1.pth
2026-05-19 16:59:05,972 INFO src.train.trainer: Epoch 39
2026-05-19 16:59:06,351 INFO src.train.trainer: Last model at epoch 39 saved to checkpoints/lstm_20260519-165848/last_model_1.pth
2026-05-19 16:59:06,351 INFO src.train.trainer: Epoch 40
2026-05-19 16:59:06,752 INFO src.train.trainer: Last model at epoch 40 saved to checkpoints/lstm_20260519-165848/last_model_1.pth
2026-05-19 16:59:06,753 INFO src.train.trainer: Epoch 41
2026-05-19 16:59:07,144 INFO src.train.trainer: New best validation loss: 0.0263, saved to checkpoints/lstm_20260519-165848/best_model_1.pth
2026-05-19 16:59:07,180 INFO src.train.trainer: Last model at epoch 41 saved to checkpoints/lstm_20260519-165848/last_model_1.pth
2026-05-19 16:59:07,180 INFO src.train.trainer: Epoch 42
2026-05-19 16:59:07,451 INFO src.train.trainer: Last model at epoch 42 saved to checkpoints/lstm_20260519-165848/last_model_1.pth
2026-05-19 16:59:07,451 INFO src.train.trainer: Epoch 43
2026-05-19 16:59:07,853 INFO src.train.trainer: Last model at epoch 43 saved to checkpoints/lstm_20260519-165848/last_model_1.pth
2026-05-19 16:59:07,854 INFO src.train.trainer: Epoch 44
2026-05-19 16:59:08,257 INFO src.train.trainer: Last model at epoch 44 saved to checkpoints/lstm_20260519-165848/last_model_1.pth
2026-05-19 16:59:08,257 INFO src.train.trainer: Epoch 45
2026-05-19 16:59:08,643 INFO src.train.trainer: Last model at epoch 45 saved to checkpoints/lstm_20260519-165848/last_model_1.pth
2026-05-19 16:59:08,644 INFO src.train.trainer: Epoch 46
2026-05-19 16:59:09,029 INFO src.train.trainer: Last model at epoch 46 saved to checkpoints/lstm_20260519-165848/last_model_1.pth
2026-05-19 16:59:09,029 INFO src.train.trainer: Epoch 47
2026-05-19 16:59:09,423 INFO src.train.trainer: Last model at epoch 47 saved to checkpoints/lstm_20260519-165848/last_model_1.pth
2026-05-19 16:59:09,424 INFO src.train.trainer: Epoch 48
2026-05-19 16:59:09,801 INFO src.train.trainer: Last model at epoch 48 saved to checkpoints/lstm_20260519-165848/last_model_1.pth
2026-05-19 16:59:09,801 INFO src.train.trainer: Epoch 49
2026-05-19 16:59:10,190 INFO src.train.trainer: Last model at epoch 49 saved to checkpoints/lstm_20260519-165848/last_model_1.pth
2026-05-19 16:59:10,190 INFO src.train.trainer: Epoch 50
2026-05-19 16:59:10,575 INFO src.train.trainer: Last model at epoch 50 saved to checkpoints/lstm_20260519-165848/last_model_1.pth
2026-05-19 16:59:10,576 INFO src.train.trainer: Epoch 51
2026-05-19 16:59:10,956 INFO src.train.trainer: New best validation loss: 0.0248, saved to checkpoints/lstm_20260519-165848/best_model_1.pth
2026-05-19 16:59:10,991 INFO src.train.trainer: Last model at epoch 51 saved to checkpoints/lstm_20260519-165848/last_model_1.pth
2026-05-19 16:59:10,991 INFO src.train.trainer: Epoch 52
2026-05-19 16:59:11,358 INFO src.train.trainer: Last model at epoch 52 saved to checkpoints/lstm_20260519-165848/last_model_1.pth
2026-05-19 16:59:11,358 INFO src.train.trainer: Epoch 53
2026-05-19 16:59:11,741 INFO src.train.trainer: Last model at epoch 53 saved to checkpoints/lstm_20260519-165848/last_model_1.pth
2026-05-19 16:59:11,742 INFO src.train.trainer: Epoch 54
2026-05-19 16:59:12,132 INFO src.train.trainer: Last model at epoch 54 saved to checkpoints/lstm_20260519-165848/last_model_1.pth
2026-05-19 16:59:12,132 INFO src.train.trainer: Epoch 55
2026-05-19 16:59:12,493 INFO src.train.trainer: Last model at epoch 55 saved to checkpoints/lstm_20260519-165848/last_model_1.pth
2026-05-19 16:59:12,493 INFO src.train.trainer: Epoch 56
2026-05-19 16:59:12,874 INFO src.train.trainer: Last model at epoch 56 saved to checkpoints/lstm_20260519-165848/last_model_1.pth
2026-05-19 16:59:12,875 INFO src.train.trainer: Epoch 57
2026-05-19 16:59:13,266 INFO src.train.trainer: Last model at epoch 57 saved to checkpoints/lstm_20260519-165848/last_model_1.pth
2026-05-19 16:59:13,266 INFO src.train.trainer: Epoch 58
2026-05-19 16:59:13,658 INFO src.train.trainer: Last model at epoch 58 saved to checkpoints/lstm_20260519-165848/last_model_1.pth
2026-05-19 16:59:13,658 INFO src.train.trainer: Epoch 59
2026-05-19 16:59:14,046 INFO src.train.trainer: Last model at epoch 59 saved to checkpoints/lstm_20260519-165848/last_model_1.pth
2026-05-19 16:59:14,047 INFO src.train.trainer: Epoch 60
2026-05-19 16:59:14,426 INFO src.train.trainer: Last model at epoch 60 saved to checkpoints/lstm_20260519-165848/last_model_1.pth
2026-05-19 16:59:14,426 INFO src.train.trainer: Epoch 61
2026-05-19 16:59:14,793 INFO src.train.trainer: Last model at epoch 61 saved to checkpoints/lstm_20260519-165848/last_model_1.pth
2026-05-19 16:59:14,793 INFO src.train.trainer: Epoch 62
2026-05-19 16:59:15,197 INFO src.train.trainer: Last model at epoch 62 saved to checkpoints/lstm_20260519-165848/last_model_1.pth
2026-05-19 16:59:15,198 INFO src.train.trainer: Epoch 63
2026-05-19 16:59:15,599 INFO src.train.trainer: Last model at epoch 63 saved to checkpoints/lstm_20260519-165848/last_model_1.pth
2026-05-19 16:59:15,599 INFO src.train.trainer: Epoch 64
2026-05-19 16:59:15,991 INFO src.train.trainer: Last model at epoch 64 saved to checkpoints/lstm_20260519-165848/last_model_1.pth
2026-05-19 16:59:15,992 INFO src.train.trainer: Epoch 65
2026-05-19 16:59:16,393 INFO src.train.trainer: Last model at epoch 65 saved to checkpoints/lstm_20260519-165848/last_model_1.pth
2026-05-19 16:59:16,393 INFO src.train.trainer: Epoch 66
2026-05-19 16:59:16,777 INFO src.train.trainer: Last model at epoch 66 saved to checkpoints/lstm_20260519-165848/last_model_1.pth
2026-05-19 16:59:16,777 INFO src.train.trainer: Epoch 67
2026-05-19 16:59:17,161 INFO src.train.trainer: Last model at epoch 67 saved to checkpoints/lstm_20260519-165848/last_model_1.pth
2026-05-19 16:59:17,162 INFO src.train.trainer: Epoch 68
2026-05-19 16:59:17,553 INFO src.train.trainer: Last model at epoch 68 saved to checkpoints/lstm_20260519-165848/last_model_1.pth
2026-05-19 16:59:17,554 INFO src.train.trainer: Epoch 69
2026-05-19 16:59:17,939 INFO src.train.trainer: Last model at epoch 69 saved to checkpoints/lstm_20260519-165848/last_model_1.pth
2026-05-19 16:59:17,939 INFO src.train.trainer: Epoch 70
2026-05-19 16:59:18,315 INFO src.train.trainer: Last model at epoch 70 saved to checkpoints/lstm_20260519-165848/last_model_1.pth
2026-05-19 16:59:18,316 INFO src.train.trainer: Epoch 71
2026-05-19 16:59:18,695 INFO src.train.trainer: Last model at epoch 71 saved to checkpoints/lstm_20260519-165848/last_model_1.pth
2026-05-19 16:59:18,696 INFO src.train.trainer: Epoch 72
2026-05-19 16:59:19,074 INFO src.train.trainer: Last model at epoch 72 saved to checkpoints/lstm_20260519-165848/last_model_1.pth
2026-05-19 16:59:19,075 INFO src.train.trainer: Epoch 73
2026-05-19 16:59:19,454 INFO src.train.trainer: Last model at epoch 73 saved to checkpoints/lstm_20260519-165848/last_model_1.pth
2026-05-19 16:59:19,454 INFO src.train.trainer: Epoch 74
2026-05-19 16:59:19,873 INFO src.train.trainer: Last model at epoch 74 saved to checkpoints/lstm_20260519-165848/last_model_1.pth
2026-05-19 16:59:19,874 INFO src.train.trainer: Epoch 75
2026-05-19 16:59:20,203 INFO src.train.trainer: Last model at epoch 75 saved to checkpoints/lstm_20260519-165848/last_model_1.pth
2026-05-19 16:59:20,204 INFO src.train.trainer: Epoch 76
2026-05-19 16:59:20,536 INFO src.train.trainer: Last model at epoch 76 saved to checkpoints/lstm_20260519-165848/last_model_1.pth
2026-05-19 16:59:20,536 INFO src.train.trainer: Epoch 77
2026-05-19 16:59:20,921 INFO src.train.trainer: New best validation loss: 0.0244, saved to checkpoints/lstm_20260519-165848/best_model_1.pth
2026-05-19 16:59:20,957 INFO src.train.trainer: Last model at epoch 77 saved to checkpoints/lstm_20260519-165848/last_model_1.pth
2026-05-19 16:59:20,957 INFO src.train.trainer: Epoch 78
2026-05-19 16:59:21,323 INFO src.train.trainer: Last model at epoch 78 saved to checkpoints/lstm_20260519-165848/last_model_1.pth
2026-05-19 16:59:21,323 INFO src.train.trainer: Epoch 79
2026-05-19 16:59:21,699 INFO src.train.trainer: Last model at epoch 79 saved to checkpoints/lstm_20260519-165848/last_model_1.pth
2026-05-19 16:59:21,699 INFO src.train.trainer: Epoch 80
2026-05-19 16:59:22,082 INFO src.train.trainer: Last model at epoch 80 saved to checkpoints/lstm_20260519-165848/last_model_1.pth
2026-05-19 16:59:22,082 INFO src.train.trainer: Epoch 81
2026-05-19 16:59:22,391 INFO src.train.trainer: Last model at epoch 81 saved to checkpoints/lstm_20260519-165848/last_model_1.pth
2026-05-19 16:59:22,391 INFO src.train.trainer: Epoch 82
2026-05-19 16:59:22,772 INFO src.train.trainer: Last model at epoch 82 saved to checkpoints/lstm_20260519-165848/last_model_1.pth
2026-05-19 16:59:22,772 INFO src.train.trainer: Epoch 83
2026-05-19 16:59:22,965 INFO src.train.trainer: Last model at epoch 83 saved to checkpoints/lstm_20260519-165848/last_model_1.pth
2026-05-19 16:59:22,965 INFO src.train.trainer: Epoch 84
2026-05-19 16:59:23,253 INFO src.train.trainer: Last model at epoch 84 saved to checkpoints/lstm_20260519-165848/last_model_1.pth
2026-05-19 16:59:23,254 INFO src.train.trainer: Epoch 85
2026-05-19 16:59:23,637 INFO src.train.trainer: Last model at epoch 85 saved to checkpoints/lstm_20260519-165848/last_model_1.pth
2026-05-19 16:59:23,637 INFO src.train.trainer: Epoch 86
2026-05-19 16:59:24,015 INFO src.train.trainer: Last model at epoch 86 saved to checkpoints/lstm_20260519-165848/last_model_1.pth
2026-05-19 16:59:24,016 INFO src.train.trainer: Epoch 87
2026-05-19 16:59:24,398 INFO src.train.trainer: Last model at epoch 87 saved to checkpoints/lstm_20260519-165848/last_model_1.pth
2026-05-19 16:59:24,398 INFO src.train.trainer: Epoch 88
2026-05-19 16:59:24,807 INFO src.train.trainer: Last model at epoch 88 saved to checkpoints/lstm_20260519-165848/last_model_1.pth
2026-05-19 16:59:24,807 INFO src.train.trainer: Epoch 89
2026-05-19 16:59:25,164 INFO src.train.trainer: Last model at epoch 89 saved to checkpoints/lstm_20260519-165848/last_model_1.pth
2026-05-19 16:59:25,164 INFO src.train.trainer: Epoch 90
2026-05-19 16:59:25,510 INFO src.train.trainer: Last model at epoch 90 saved to checkpoints/lstm_20260519-165848/last_model_1.pth
2026-05-19 16:59:25,510 INFO src.train.trainer: Epoch 91
2026-05-19 16:59:25,880 INFO src.train.trainer: Last model at epoch 91 saved to checkpoints/lstm_20260519-165848/last_model_1.pth
2026-05-19 16:59:25,881 INFO src.train.trainer: Epoch 92
2026-05-19 16:59:26,283 INFO src.train.trainer: Last model at epoch 92 saved to checkpoints/lstm_20260519-165848/last_model_1.pth
2026-05-19 16:59:26,283 INFO src.train.trainer: Epoch 93
2026-05-19 16:59:26,668 INFO src.train.trainer: Last model at epoch 93 saved to checkpoints/lstm_20260519-165848/last_model_1.pth
2026-05-19 16:59:26,668 INFO src.train.trainer: Epoch 94
2026-05-19 16:59:27,069 INFO src.train.trainer: Last model at epoch 94 saved to checkpoints/lstm_20260519-165848/last_model_1.pth
2026-05-19 16:59:27,069 INFO src.train.trainer: Epoch 95
2026-05-19 16:59:27,443 INFO src.train.trainer: Last model at epoch 95 saved to checkpoints/lstm_20260519-165848/last_model_1.pth
2026-05-19 16:59:27,443 INFO src.train.trainer: Epoch 96
2026-05-19 16:59:27,736 INFO src.train.trainer: Last model at epoch 96 saved to checkpoints/lstm_20260519-165848/last_model_1.pth
2026-05-19 16:59:27,737 INFO src.train.trainer: Epoch 97
2026-05-19 16:59:28,102 INFO src.train.trainer: Last model at epoch 97 saved to checkpoints/lstm_20260519-165848/last_model_1.pth
2026-05-19 16:59:28,102 INFO src.train.trainer: Epoch 98
2026-05-19 16:59:28,487 INFO src.train.trainer: Last model at epoch 98 saved to checkpoints/lstm_20260519-165848/last_model_1.pth
2026-05-19 16:59:28,487 INFO src.train.trainer: Epoch 99
2026-05-19 16:59:28,871 INFO src.train.trainer: Last model at epoch 99 saved to checkpoints/lstm_20260519-165848/last_model_1.pth
2026-05-19 16:59:28,871 INFO src.train.trainer: Epoch 100
2026-05-19 16:59:29,256 INFO src.train.trainer: Last model at epoch 100 saved to checkpoints/lstm_20260519-165848/last_model_1.pth
2026-05-19 16:59:29,256 INFO src.train.trainer: Epoch 101
2026-05-19 16:59:29,630 INFO src.train.trainer: Last model at epoch 101 saved to checkpoints/lstm_20260519-165848/last_model_1.pth
2026-05-19 16:59:29,630 INFO src.train.trainer: Epoch 102
2026-05-19 16:59:30,030 INFO src.train.trainer: Last model at epoch 102 saved to checkpoints/lstm_20260519-165848/last_model_1.pth
2026-05-19 16:59:30,030 INFO src.train.trainer: Epoch 103
2026-05-19 16:59:30,380 INFO src.train.trainer: Last model at epoch 103 saved to checkpoints/lstm_20260519-165848/last_model_1.pth
2026-05-19 16:59:30,380 INFO src.train.trainer: Epoch 104
2026-05-19 16:59:30,746 INFO src.train.trainer: Last model at epoch 104 saved to checkpoints/lstm_20260519-165848/last_model_1.pth
2026-05-19 16:59:30,746 INFO src.train.trainer: Epoch 105
2026-05-19 16:59:31,096 INFO src.train.trainer: Last model at epoch 105 saved to checkpoints/lstm_20260519-165848/last_model_1.pth
2026-05-19 16:59:31,096 INFO src.train.trainer: Epoch 106
2026-05-19 16:59:31,496 INFO src.train.trainer: Last model at epoch 106 saved to checkpoints/lstm_20260519-165848/last_model_1.pth
2026-05-19 16:59:31,497 INFO src.train.trainer: Epoch 107
2026-05-19 16:59:31,867 INFO src.train.trainer: Last model at epoch 107 saved to checkpoints/lstm_20260519-165848/last_model_1.pth
2026-05-19 16:59:31,867 INFO src.train.trainer: Epoch 108
2026-05-19 16:59:32,252 INFO src.train.trainer: Last model at epoch 108 saved to checkpoints/lstm_20260519-165848/last_model_1.pth
2026-05-19 16:59:32,253 INFO src.train.trainer: Epoch 109
2026-05-19 16:59:32,671 INFO src.train.trainer: Last model at epoch 109 saved to checkpoints/lstm_20260519-165848/last_model_1.pth
2026-05-19 16:59:32,671 INFO src.train.trainer: Epoch 110
2026-05-19 16:59:33,084 INFO src.train.trainer: Last model at epoch 110 saved to checkpoints/lstm_20260519-165848/last_model_1.pth
2026-05-19 16:59:33,084 INFO src.train.trainer: Epoch 111
2026-05-19 16:59:33,484 INFO src.train.trainer: Last model at epoch 111 saved to checkpoints/lstm_20260519-165848/last_model_1.pth
2026-05-19 16:59:33,484 INFO src.train.trainer: Epoch 112
2026-05-19 16:59:33,886 INFO src.train.trainer: Last model at epoch 112 saved to checkpoints/lstm_20260519-165848/last_model_1.pth
2026-05-19 16:59:33,887 INFO src.train.trainer: Epoch 113
2026-05-19 16:59:34,272 INFO src.train.trainer: Last model at epoch 113 saved to checkpoints/lstm_20260519-165848/last_model_1.pth
2026-05-19 16:59:34,272 INFO src.train.trainer: Epoch 114
2026-05-19 16:59:34,677 INFO src.train.trainer: Last model at epoch 114 saved to checkpoints/lstm_20260519-165848/last_model_1.pth
2026-05-19 16:59:34,677 INFO src.train.trainer: Epoch 115
2026-05-19 16:59:35,088 INFO src.train.trainer: Last model at epoch 115 saved to checkpoints/lstm_20260519-165848/last_model_1.pth
2026-05-19 16:59:35,089 INFO src.train.trainer: Epoch 116
2026-05-19 16:59:35,510 INFO src.train.trainer: Last model at epoch 116 saved to checkpoints/lstm_20260519-165848/last_model_1.pth
2026-05-19 16:59:35,510 INFO src.train.trainer: Epoch 117
2026-05-19 16:59:35,907 INFO src.train.trainer: Last model at epoch 117 saved to checkpoints/lstm_20260519-165848/last_model_1.pth
2026-05-19 16:59:35,908 INFO src.train.trainer: Epoch 118
2026-05-19 16:59:36,335 INFO src.train.trainer: Last model at epoch 118 saved to checkpoints/lstm_20260519-165848/last_model_1.pth
2026-05-19 16:59:36,335 INFO src.train.trainer: Epoch 119
2026-05-19 16:59:36,734 INFO src.train.trainer: Last model at epoch 119 saved to checkpoints/lstm_20260519-165848/last_model_1.pth
2026-05-19 16:59:36,734 INFO src.train.trainer: Epoch 120
2026-05-19 16:59:37,140 INFO src.train.trainer: Last model at epoch 120 saved to checkpoints/lstm_20260519-165848/last_model_1.pth
2026-05-19 16:59:37,140 INFO src.train.trainer: Epoch 121
2026-05-19 16:59:37,559 INFO src.train.trainer: Last model at epoch 121 saved to checkpoints/lstm_20260519-165848/last_model_1.pth
2026-05-19 16:59:37,559 INFO src.train.trainer: Epoch 122
2026-05-19 16:59:37,968 INFO src.train.trainer: Last model at epoch 122 saved to checkpoints/lstm_20260519-165848/last_model_1.pth
2026-05-19 16:59:37,968 INFO src.train.trainer: Epoch 123
2026-05-19 16:59:38,391 INFO src.train.trainer: Last model at epoch 123 saved to checkpoints/lstm_20260519-165848/last_model_1.pth
2026-05-19 16:59:38,391 INFO src.train.trainer: Epoch 124
2026-05-19 16:59:38,820 INFO src.train.trainer: Last model at epoch 124 saved to checkpoints/lstm_20260519-165848/last_model_1.pth
2026-05-19 16:59:38,820 INFO src.train.trainer: Epoch 125
2026-05-19 16:59:39,227 INFO src.train.trainer: Last model at epoch 125 saved to checkpoints/lstm_20260519-165848/last_model_1.pth
2026-05-19 16:59:39,227 INFO src.train.trainer: Epoch 126
2026-05-19 16:59:39,636 INFO src.train.trainer: Last model at epoch 126 saved to checkpoints/lstm_20260519-165848/last_model_1.pth
2026-05-19 16:59:39,636 INFO src.train.trainer: Epoch 127
2026-05-19 16:59:40,047 INFO src.train.trainer: Last model at epoch 127 saved to checkpoints/lstm_20260519-165848/last_model_1.pth
2026-05-19 16:59:40,048 INFO src.train.trainer: Epoch 128
2026-05-19 16:59:40,417 INFO src.train.trainer: Last model at epoch 128 saved to checkpoints/lstm_20260519-165848/last_model_1.pth
2026-05-19 16:59:40,417 INFO src.train.trainer: Epoch 129
2026-05-19 16:59:40,821 INFO src.train.trainer: Last model at epoch 129 saved to checkpoints/lstm_20260519-165848/last_model_1.pth
2026-05-19 16:59:40,821 INFO src.train.trainer: Epoch 130
2026-05-19 16:59:41,241 INFO src.train.trainer: Last model at epoch 130 saved to checkpoints/lstm_20260519-165848/last_model_1.pth
2026-05-19 16:59:41,241 INFO src.train.trainer: Epoch 131
2026-05-19 16:59:41,634 INFO src.train.trainer: Last model at epoch 131 saved to checkpoints/lstm_20260519-165848/last_model_1.pth
2026-05-19 16:59:41,635 INFO src.train.trainer: Epoch 132
2026-05-19 16:59:42,041 INFO src.train.trainer: Last model at epoch 132 saved to checkpoints/lstm_20260519-165848/last_model_1.pth
2026-05-19 16:59:42,041 INFO src.train.trainer: Epoch 133
2026-05-19 16:59:42,459 INFO src.train.trainer: Last model at epoch 133 saved to checkpoints/lstm_20260519-165848/last_model_1.pth
2026-05-19 16:59:42,459 INFO src.train.trainer: Epoch 134
2026-05-19 16:59:42,869 INFO src.train.trainer: Last model at epoch 134 saved to checkpoints/lstm_20260519-165848/last_model_1.pth
2026-05-19 16:59:42,870 INFO src.train.trainer: Epoch 135
2026-05-19 16:59:43,293 INFO src.train.trainer: Last model at epoch 135 saved to checkpoints/lstm_20260519-165848/last_model_1.pth
2026-05-19 16:59:43,293 INFO src.train.trainer: Epoch 136
2026-05-19 16:59:43,720 INFO src.train.trainer: Last model at epoch 136 saved to checkpoints/lstm_20260519-165848/last_model_1.pth
2026-05-19 16:59:43,720 INFO src.train.trainer: Epoch 137
2026-05-19 16:59:44,127 INFO src.train.trainer: Last model at epoch 137 saved to checkpoints/lstm_20260519-165848/last_model_1.pth
2026-05-19 16:59:44,128 INFO src.train.trainer: Epoch 138
2026-05-19 16:59:44,567 INFO src.train.trainer: Last model at epoch 138 saved to checkpoints/lstm_20260519-165848/last_model_1.pth
2026-05-19 16:59:44,568 INFO src.train.trainer: Epoch 139
2026-05-19 16:59:44,892 INFO src.train.trainer: Last model at epoch 139 saved to checkpoints/lstm_20260519-165848/last_model_1.pth
2026-05-19 16:59:44,892 INFO src.train.trainer: Epoch 140
2026-05-19 16:59:45,274 INFO src.train.trainer: Last model at epoch 140 saved to checkpoints/lstm_20260519-165848/last_model_1.pth
2026-05-19 16:59:45,275 INFO src.train.trainer: Epoch 141
2026-05-19 16:59:45,673 INFO src.train.trainer: Last model at epoch 141 saved to checkpoints/lstm_20260519-165848/last_model_1.pth
2026-05-19 16:59:45,674 INFO src.train.trainer: Epoch 142
2026-05-19 16:59:46,099 INFO src.train.trainer: Last model at epoch 142 saved to checkpoints/lstm_20260519-165848/last_model_1.pth
2026-05-19 16:59:46,099 INFO src.train.trainer: Epoch 143
2026-05-19 16:59:46,508 INFO src.train.trainer: Last model at epoch 143 saved to checkpoints/lstm_20260519-165848/last_model_1.pth
2026-05-19 16:59:46,508 INFO src.train.trainer: Epoch 144
2026-05-19 16:59:46,871 INFO src.train.trainer: Last model at epoch 144 saved to checkpoints/lstm_20260519-165848/last_model_1.pth
2026-05-19 16:59:46,871 INFO src.train.trainer: Epoch 145
2026-05-19 16:59:47,264 INFO src.train.trainer: Last model at epoch 145 saved to checkpoints/lstm_20260519-165848/last_model_1.pth
2026-05-19 16:59:47,264 INFO src.train.trainer: Epoch 146
2026-05-19 16:59:47,657 INFO src.train.trainer: Last model at epoch 146 saved to checkpoints/lstm_20260519-165848/last_model_1.pth
2026-05-19 16:59:47,657 INFO src.train.trainer: Epoch 147
2026-05-19 16:59:48,066 INFO src.train.trainer: Last model at epoch 147 saved to checkpoints/lstm_20260519-165848/last_model_1.pth
2026-05-19 16:59:48,067 INFO src.train.trainer: Epoch 148
2026-05-19 16:59:48,473 INFO src.train.trainer: Last model at epoch 148 saved to checkpoints/lstm_20260519-165848/last_model_1.pth
2026-05-19 16:59:48,473 INFO src.train.trainer: Epoch 149
2026-05-19 16:59:48,868 INFO src.train.trainer: Last model at epoch 149 saved to checkpoints/lstm_20260519-165848/last_model_1.pth
2026-05-19 16:59:48,868 INFO src.train.trainer: Epoch 150
2026-05-19 16:59:49,291 INFO src.train.trainer: Last model at epoch 150 saved to checkpoints/lstm_20260519-165848/last_model_1.pth
2026-05-19 16:59:49,291 INFO src.train.trainer: Epoch 151
2026-05-19 16:59:49,694 INFO src.train.trainer: Last model at epoch 151 saved to checkpoints/lstm_20260519-165848/last_model_1.pth
2026-05-19 16:59:49,695 INFO src.train.trainer: Epoch 152
2026-05-19 16:59:50,114 INFO src.train.trainer: Last model at epoch 152 saved to checkpoints/lstm_20260519-165848/last_model_1.pth
2026-05-19 16:59:50,115 INFO src.train.trainer: Epoch 153
2026-05-19 16:59:50,454 INFO src.train.trainer: Last model at epoch 153 saved to checkpoints/lstm_20260519-165848/last_model_1.pth
2026-05-19 16:59:50,454 INFO src.train.trainer: Epoch 154
2026-05-19 16:59:50,858 INFO src.train.trainer: Last model at epoch 154 saved to checkpoints/lstm_20260519-165848/last_model_1.pth
2026-05-19 16:59:50,858 INFO src.train.trainer: Epoch 155
2026-05-19 16:59:51,269 INFO src.train.trainer: Last model at epoch 155 saved to checkpoints/lstm_20260519-165848/last_model_1.pth
2026-05-19 16:59:51,269 INFO src.train.trainer: Epoch 156
2026-05-19 16:59:51,664 INFO src.train.trainer: Last model at epoch 156 saved to checkpoints/lstm_20260519-165848/last_model_1.pth
2026-05-19 16:59:51,665 INFO src.train.trainer: Epoch 157
2026-05-19 16:59:52,079 INFO src.train.trainer: Last model at epoch 157 saved to checkpoints/lstm_20260519-165848/last_model_1.pth
2026-05-19 16:59:52,079 INFO src.train.trainer: Epoch 158
2026-05-19 16:59:52,494 INFO src.train.trainer: Last model at epoch 158 saved to checkpoints/lstm_20260519-165848/last_model_1.pth
2026-05-19 16:59:52,495 INFO src.train.trainer: Epoch 159
2026-05-19 16:59:52,913 INFO src.train.trainer: Last model at epoch 159 saved to checkpoints/lstm_20260519-165848/last_model_1.pth
2026-05-19 16:59:52,913 INFO src.train.trainer: Epoch 160
2026-05-19 16:59:53,317 INFO src.train.trainer: Last model at epoch 160 saved to checkpoints/lstm_20260519-165848/last_model_1.pth
2026-05-19 16:59:53,318 INFO src.train.trainer: Epoch 161
2026-05-19 16:59:53,741 INFO src.train.trainer: Last model at epoch 161 saved to checkpoints/lstm_20260519-165848/last_model_1.pth
2026-05-19 16:59:53,742 INFO src.train.trainer: Epoch 162
2026-05-19 16:59:54,159 INFO src.train.trainer: Last model at epoch 162 saved to checkpoints/lstm_20260519-165848/last_model_1.pth
2026-05-19 16:59:54,160 INFO src.train.trainer: Epoch 163
2026-05-19 16:59:54,579 INFO src.train.trainer: Last model at epoch 163 saved to checkpoints/lstm_20260519-165848/last_model_1.pth
2026-05-19 16:59:54,580 INFO src.train.trainer: Epoch 164
2026-05-19 16:59:55,003 INFO src.train.trainer: Last model at epoch 164 saved to checkpoints/lstm_20260519-165848/last_model_1.pth
2026-05-19 16:59:55,003 INFO src.train.trainer: Epoch 165
2026-05-19 16:59:55,392 INFO src.train.trainer: Last model at epoch 165 saved to checkpoints/lstm_20260519-165848/last_model_1.pth
2026-05-19 16:59:55,392 INFO src.train.trainer: Epoch 166
2026-05-19 16:59:55,787 INFO src.train.trainer: Last model at epoch 166 saved to checkpoints/lstm_20260519-165848/last_model_1.pth
2026-05-19 16:59:55,787 INFO src.train.trainer: Epoch 167
2026-05-19 16:59:56,213 INFO src.train.trainer: Last model at epoch 167 saved to checkpoints/lstm_20260519-165848/last_model_1.pth
2026-05-19 16:59:56,213 INFO src.train.trainer: Epoch 168
2026-05-19 16:59:56,606 INFO src.train.trainer: Last model at epoch 168 saved to checkpoints/lstm_20260519-165848/last_model_1.pth
2026-05-19 16:59:56,606 INFO src.train.trainer: Epoch 169
2026-05-19 16:59:57,029 INFO src.train.trainer: Last model at epoch 169 saved to checkpoints/lstm_20260519-165848/last_model_1.pth
2026-05-19 16:59:57,030 INFO src.train.trainer: Epoch 170
2026-05-19 16:59:57,441 INFO src.train.trainer: Last model at epoch 170 saved to checkpoints/lstm_20260519-165848/last_model_1.pth
2026-05-19 16:59:57,442 INFO src.train.trainer: Epoch 171
2026-05-19 16:59:57,859 INFO src.train.trainer: Last model at epoch 171 saved to checkpoints/lstm_20260519-165848/last_model_1.pth
2026-05-19 16:59:57,859 INFO src.train.trainer: Epoch 172
2026-05-19 16:59:58,263 INFO src.train.trainer: Last model at epoch 172 saved to checkpoints/lstm_20260519-165848/last_model_1.pth
2026-05-19 16:59:58,263 INFO src.train.trainer: Epoch 173
2026-05-19 16:59:58,666 INFO src.train.trainer: Last model at epoch 173 saved to checkpoints/lstm_20260519-165848/last_model_1.pth
2026-05-19 16:59:58,666 INFO src.train.trainer: Epoch 174
2026-05-19 16:59:59,026 INFO src.train.trainer: Last model at epoch 174 saved to checkpoints/lstm_20260519-165848/last_model_1.pth
2026-05-19 16:59:59,026 INFO src.train.trainer: Epoch 175
2026-05-19 16:59:59,389 INFO src.train.trainer: Last model at epoch 175 saved to checkpoints/lstm_20260519-165848/last_model_1.pth
2026-05-19 16:59:59,389 INFO src.train.trainer: Epoch 176
2026-05-19 16:59:59,795 INFO src.train.trainer: Last model at epoch 176 saved to checkpoints/lstm_20260519-165848/last_model_1.pth
2026-05-19 16:59:59,796 INFO src.train.trainer: Epoch 177
2026-05-19 17:00:00,223 INFO src.train.trainer: Last model at epoch 177 saved to checkpoints/lstm_20260519-165848/last_model_1.pth
2026-05-19 17:00:00,223 INFO src.train.trainer: Epoch 178
2026-05-19 17:00:00,552 INFO src.train.trainer: Last model at epoch 178 saved to checkpoints/lstm_20260519-165848/last_model_1.pth
2026-05-19 17:00:00,552 INFO src.train.trainer: Epoch 179
2026-05-19 17:00:00,915 INFO src.train.trainer: Last model at epoch 179 saved to checkpoints/lstm_20260519-165848/last_model_1.pth
2026-05-19 17:00:00,915 INFO src.train.trainer: Epoch 180
2026-05-19 17:00:01,222 INFO src.train.trainer: Last model at epoch 180 saved to checkpoints/lstm_20260519-165848/last_model_1.pth
2026-05-19 17:00:01,223 INFO src.train.trainer: Epoch 181
2026-05-19 17:00:01,623 INFO src.train.trainer: Last model at epoch 181 saved to checkpoints/lstm_20260519-165848/last_model_1.pth
2026-05-19 17:00:01,624 INFO src.train.trainer: Epoch 182
2026-05-19 17:00:01,971 INFO src.train.trainer: Last model at epoch 182 saved to checkpoints/lstm_20260519-165848/last_model_1.pth
2026-05-19 17:00:01,971 INFO src.train.trainer: Epoch 183
2026-05-19 17:00:02,376 INFO src.train.trainer: Last model at epoch 183 saved to checkpoints/lstm_20260519-165848/last_model_1.pth
2026-05-19 17:00:02,377 INFO src.train.trainer: Epoch 184
2026-05-19 17:00:02,762 INFO src.train.trainer: Last model at epoch 184 saved to checkpoints/lstm_20260519-165848/last_model_1.pth
2026-05-19 17:00:02,762 INFO src.train.trainer: Epoch 185
2026-05-19 17:00:03,125 INFO src.train.trainer: Last model at epoch 185 saved to checkpoints/lstm_20260519-165848/last_model_1.pth
2026-05-19 17:00:03,126 INFO src.train.trainer: Epoch 186
2026-05-19 17:00:03,457 INFO src.train.trainer: Last model at epoch 186 saved to checkpoints/lstm_20260519-165848/last_model_1.pth
2026-05-19 17:00:03,457 INFO src.train.trainer: Epoch 187
2026-05-19 17:00:03,828 INFO src.train.trainer: Last model at epoch 187 saved to checkpoints/lstm_20260519-165848/last_model_1.pth
2026-05-19 17:00:03,828 INFO src.train.trainer: Epoch 188
2026-05-19 17:00:04,221 INFO src.train.trainer: Last model at epoch 188 saved to checkpoints/lstm_20260519-165848/last_model_1.pth
2026-05-19 17:00:04,221 INFO src.train.trainer: Epoch 189
2026-05-19 17:00:04,610 INFO src.train.trainer: Last model at epoch 189 saved to checkpoints/lstm_20260519-165848/last_model_1.pth
2026-05-19 17:00:04,610 INFO src.train.trainer: Epoch 190
2026-05-19 17:00:05,021 INFO src.train.trainer: Last model at epoch 190 saved to checkpoints/lstm_20260519-165848/last_model_1.pth
2026-05-19 17:00:05,021 INFO src.train.trainer: Epoch 191
2026-05-19 17:00:05,410 INFO src.train.trainer: Last model at epoch 191 saved to checkpoints/lstm_20260519-165848/last_model_1.pth
2026-05-19 17:00:05,411 INFO src.train.trainer: Epoch 192
2026-05-19 17:00:05,781 INFO src.train.trainer: Last model at epoch 192 saved to checkpoints/lstm_20260519-165848/last_model_1.pth
2026-05-19 17:00:05,782 INFO src.train.trainer: Epoch 193
2026-05-19 17:00:06,146 INFO src.train.trainer: Last model at epoch 193 saved to checkpoints/lstm_20260519-165848/last_model_1.pth
2026-05-19 17:00:06,146 INFO src.train.trainer: Epoch 194
2026-05-19 17:00:06,537 INFO src.train.trainer: Last model at epoch 194 saved to checkpoints/lstm_20260519-165848/last_model_1.pth
2026-05-19 17:00:06,537 INFO src.train.trainer: Epoch 195
2026-05-19 17:00:06,915 INFO src.train.trainer: Last model at epoch 195 saved to checkpoints/lstm_20260519-165848/last_model_1.pth
2026-05-19 17:00:06,915 INFO src.train.trainer: Epoch 196
2026-05-19 17:00:07,298 INFO src.train.trainer: Last model at epoch 196 saved to checkpoints/lstm_20260519-165848/last_model_1.pth
2026-05-19 17:00:07,298 INFO src.train.trainer: Epoch 197
2026-05-19 17:00:07,694 INFO src.train.trainer: Last model at epoch 197 saved to checkpoints/lstm_20260519-165848/last_model_1.pth
2026-05-19 17:00:07,694 INFO src.train.trainer: Epoch 198
2026-05-19 17:00:08,128 INFO src.train.trainer: Last model at epoch 198 saved to checkpoints/lstm_20260519-165848/last_model_1.pth
2026-05-19 17:00:08,128 INFO src.train.trainer: Epoch 199
2026-05-19 17:00:08,565 INFO src.train.trainer: Last model at epoch 199 saved to checkpoints/lstm_20260519-165848/last_model_1.pth
2026-05-19 17:00:08,566 INFO src.train.trainer: Epoch 200
2026-05-19 17:00:09,069 INFO src.train.trainer: Last model at epoch 200 saved to checkpoints/lstm_20260519-165848/last_model_1.pth
2026-05-19 17:00:09,107 INFO src.train.trainer: Saved epoch 200 snapshot to checkpoints/lstm_20260519-165848/epoch_200_model_1.pth
2026-05-19 17:00:09,107 INFO src.train.trainer: Epoch 201
2026-05-19 17:00:09,450 INFO src.train.trainer: Last model at epoch 201 saved to checkpoints/lstm_20260519-165848/last_model_1.pth
2026-05-19 17:00:09,451 INFO src.train.trainer: Epoch 202
2026-05-19 17:00:09,777 INFO src.train.trainer: Last model at epoch 202 saved to checkpoints/lstm_20260519-165848/last_model_1.pth
2026-05-19 17:00:09,778 INFO src.train.trainer: Epoch 203
2026-05-19 17:00:10,121 INFO src.train.trainer: Last model at epoch 203 saved to checkpoints/lstm_20260519-165848/last_model_1.pth
2026-05-19 17:00:10,121 INFO src.train.trainer: Epoch 204
2026-05-19 17:00:10,523 INFO src.train.trainer: Last model at epoch 204 saved to checkpoints/lstm_20260519-165848/last_model_1.pth
2026-05-19 17:00:10,523 INFO src.train.trainer: Epoch 205
2026-05-19 17:00:10,908 INFO src.train.trainer: Last model at epoch 205 saved to checkpoints/lstm_20260519-165848/last_model_1.pth
2026-05-19 17:00:10,908 INFO src.train.trainer: Epoch 206
2026-05-19 17:00:11,292 INFO src.train.trainer: Last model at epoch 206 saved to checkpoints/lstm_20260519-165848/last_model_1.pth
2026-05-19 17:00:11,293 INFO src.train.trainer: Epoch 207
2026-05-19 17:00:11,675 INFO src.train.trainer: Last model at epoch 207 saved to checkpoints/lstm_20260519-165848/last_model_1.pth
2026-05-19 17:00:11,675 INFO src.train.trainer: Epoch 208
2026-05-19 17:00:12,057 INFO src.train.trainer: Last model at epoch 208 saved to checkpoints/lstm_20260519-165848/last_model_1.pth
2026-05-19 17:00:12,057 INFO src.train.trainer: Epoch 209
2026-05-19 17:00:12,441 INFO src.train.trainer: Last model at epoch 209 saved to checkpoints/lstm_20260519-165848/last_model_1.pth
2026-05-19 17:00:12,441 INFO src.train.trainer: Epoch 210
2026-05-19 17:00:12,824 INFO src.train.trainer: Last model at epoch 210 saved to checkpoints/lstm_20260519-165848/last_model_1.pth
2026-05-19 17:00:12,824 INFO src.train.trainer: Epoch 211
2026-05-19 17:00:13,224 INFO src.train.trainer: Last model at epoch 211 saved to checkpoints/lstm_20260519-165848/last_model_1.pth
2026-05-19 17:00:13,225 INFO src.train.trainer: Epoch 212
2026-05-19 17:00:13,606 INFO src.train.trainer: Last model at epoch 212 saved to checkpoints/lstm_20260519-165848/last_model_1.pth
2026-05-19 17:00:13,606 INFO src.train.trainer: Epoch 213
2026-05-19 17:00:13,990 INFO src.train.trainer: Last model at epoch 213 saved to checkpoints/lstm_20260519-165848/last_model_1.pth
2026-05-19 17:00:13,990 INFO src.train.trainer: Epoch 214
2026-05-19 17:00:14,369 INFO src.train.trainer: Last model at epoch 214 saved to checkpoints/lstm_20260519-165848/last_model_1.pth
2026-05-19 17:00:14,369 INFO src.train.trainer: Epoch 215
2026-05-19 17:00:14,755 INFO src.train.trainer: Last model at epoch 215 saved to checkpoints/lstm_20260519-165848/last_model_1.pth
2026-05-19 17:00:14,755 INFO src.train.trainer: Epoch 216
2026-05-19 17:00:15,138 INFO src.train.trainer: Last model at epoch 216 saved to checkpoints/lstm_20260519-165848/last_model_1.pth
2026-05-19 17:00:15,139 INFO src.train.trainer: Epoch 217
2026-05-19 17:00:15,516 INFO src.train.trainer: Last model at epoch 217 saved to checkpoints/lstm_20260519-165848/last_model_1.pth
2026-05-19 17:00:15,516 INFO src.train.trainer: Epoch 218
2026-05-19 17:00:15,905 INFO src.train.trainer: Last model at epoch 218 saved to checkpoints/lstm_20260519-165848/last_model_1.pth
2026-05-19 17:00:15,905 INFO src.train.trainer: Epoch 219
2026-05-19 17:00:16,297 INFO src.train.trainer: Last model at epoch 219 saved to checkpoints/lstm_20260519-165848/last_model_1.pth
2026-05-19 17:00:16,298 INFO src.train.trainer: Epoch 220
2026-05-19 17:00:16,703 INFO src.train.trainer: Last model at epoch 220 saved to checkpoints/lstm_20260519-165848/last_model_1.pth
2026-05-19 17:00:16,734 INFO src.train.trainer: Saved epoch 220 snapshot to checkpoints/lstm_20260519-165848/epoch_220_model_1.pth
2026-05-19 17:00:16,734 INFO src.train.trainer: Epoch 221
2026-05-19 17:00:17,130 INFO src.train.trainer: Last model at epoch 221 saved to checkpoints/lstm_20260519-165848/last_model_1.pth
2026-05-19 17:00:17,130 INFO src.train.trainer: Epoch 222
2026-05-19 17:00:17,558 INFO src.train.trainer: Last model at epoch 222 saved to checkpoints/lstm_20260519-165848/last_model_1.pth
2026-05-19 17:00:17,559 INFO src.train.trainer: Epoch 223
2026-05-19 17:00:17,952 INFO src.train.trainer: Last model at epoch 223 saved to checkpoints/lstm_20260519-165848/last_model_1.pth
2026-05-19 17:00:17,953 INFO src.train.trainer: Epoch 224
2026-05-19 17:00:18,358 INFO src.train.trainer: Last model at epoch 224 saved to checkpoints/lstm_20260519-165848/last_model_1.pth
2026-05-19 17:00:18,359 INFO src.train.trainer: Epoch 225
2026-05-19 17:00:18,767 INFO src.train.trainer: Last model at epoch 225 saved to checkpoints/lstm_20260519-165848/last_model_1.pth
2026-05-19 17:00:18,768 INFO src.train.trainer: Epoch 226
2026-05-19 17:00:19,167 INFO src.train.trainer: Last model at epoch 226 saved to checkpoints/lstm_20260519-165848/last_model_1.pth
2026-05-19 17:00:19,167 INFO src.train.trainer: Epoch 227
2026-05-19 17:00:19,559 INFO src.train.trainer: Last model at epoch 227 saved to checkpoints/lstm_20260519-165848/last_model_1.pth
2026-05-19 17:00:19,560 INFO src.train.trainer: Epoch 228
2026-05-19 17:00:19,947 INFO src.train.trainer: Last model at epoch 228 saved to checkpoints/lstm_20260519-165848/last_model_1.pth
2026-05-19 17:00:19,948 INFO src.train.trainer: Epoch 229
2026-05-19 17:00:20,331 INFO src.train.trainer: Last model at epoch 229 saved to checkpoints/lstm_20260519-165848/last_model_1.pth
2026-05-19 17:00:20,332 INFO src.train.trainer: Epoch 230
2026-05-19 17:00:20,716 INFO src.train.trainer: Last model at epoch 230 saved to checkpoints/lstm_20260519-165848/last_model_1.pth
2026-05-19 17:00:20,717 INFO src.train.trainer: Epoch 231
2026-05-19 17:00:21,094 INFO src.train.trainer: Last model at epoch 231 saved to checkpoints/lstm_20260519-165848/last_model_1.pth
2026-05-19 17:00:21,095 INFO src.train.trainer: Epoch 232
2026-05-19 17:00:21,484 INFO src.train.trainer: Last model at epoch 232 saved to checkpoints/lstm_20260519-165848/last_model_1.pth
2026-05-19 17:00:21,484 INFO src.train.trainer: Epoch 233
2026-05-19 17:00:21,866 INFO src.train.trainer: Last model at epoch 233 saved to checkpoints/lstm_20260519-165848/last_model_1.pth
2026-05-19 17:00:21,866 INFO src.train.trainer: Epoch 234
2026-05-19 17:00:22,211 INFO src.train.trainer: Last model at epoch 234 saved to checkpoints/lstm_20260519-165848/last_model_1.pth
2026-05-19 17:00:22,211 INFO src.train.trainer: Epoch 235
2026-05-19 17:00:22,567 INFO src.train.trainer: Last model at epoch 235 saved to checkpoints/lstm_20260519-165848/last_model_1.pth
2026-05-19 17:00:22,567 INFO src.train.trainer: Epoch 236
2026-05-19 17:00:22,943 INFO src.train.trainer: Last model at epoch 236 saved to checkpoints/lstm_20260519-165848/last_model_1.pth
2026-05-19 17:00:22,943 INFO src.train.trainer: Epoch 237
2026-05-19 17:00:23,328 INFO src.train.trainer: Last model at epoch 237 saved to checkpoints/lstm_20260519-165848/last_model_1.pth
2026-05-19 17:00:23,328 INFO src.train.trainer: Epoch 238
2026-05-19 17:00:23,723 INFO src.train.trainer: Last model at epoch 238 saved to checkpoints/lstm_20260519-165848/last_model_1.pth
2026-05-19 17:00:23,723 INFO src.train.trainer: Epoch 239
2026-05-19 17:00:24,132 INFO src.train.trainer: Last model at epoch 239 saved to checkpoints/lstm_20260519-165848/last_model_1.pth
2026-05-19 17:00:24,133 INFO src.train.trainer: Epoch 240
2026-05-19 17:00:24,545 INFO src.train.trainer: Last model at epoch 240 saved to checkpoints/lstm_20260519-165848/last_model_1.pth
2026-05-19 17:00:24,579 INFO src.train.trainer: Saved epoch 240 snapshot to checkpoints/lstm_20260519-165848/epoch_240_model_1.pth
2026-05-19 17:00:24,580 INFO src.train.trainer: Epoch 241
2026-05-19 17:00:24,983 INFO src.train.trainer: Last model at epoch 241 saved to checkpoints/lstm_20260519-165848/last_model_1.pth
2026-05-19 17:00:24,984 INFO src.train.trainer: Epoch 242
2026-05-19 17:00:25,391 INFO src.train.trainer: Last model at epoch 242 saved to checkpoints/lstm_20260519-165848/last_model_1.pth
2026-05-19 17:00:25,391 INFO src.train.trainer: Epoch 243
2026-05-19 17:00:25,792 INFO src.train.trainer: Last model at epoch 243 saved to checkpoints/lstm_20260519-165848/last_model_1.pth
2026-05-19 17:00:25,792 INFO src.train.trainer: Epoch 244
2026-05-19 17:00:26,201 INFO src.train.trainer: Last model at epoch 244 saved to checkpoints/lstm_20260519-165848/last_model_1.pth
2026-05-19 17:00:26,201 INFO src.train.trainer: Epoch 245
2026-05-19 17:00:26,611 INFO src.train.trainer: Last model at epoch 245 saved to checkpoints/lstm_20260519-165848/last_model_1.pth
2026-05-19 17:00:26,611 INFO src.train.trainer: Epoch 246
2026-05-19 17:00:27,023 INFO src.train.trainer: Last model at epoch 246 saved to checkpoints/lstm_20260519-165848/last_model_1.pth
2026-05-19 17:00:27,024 INFO src.train.trainer: Epoch 247
2026-05-19 17:00:27,433 INFO src.train.trainer: Last model at epoch 247 saved to checkpoints/lstm_20260519-165848/last_model_1.pth
2026-05-19 17:00:27,433 INFO src.train.trainer: Epoch 248
2026-05-19 17:00:27,803 INFO src.train.trainer: Last model at epoch 248 saved to checkpoints/lstm_20260519-165848/last_model_1.pth
2026-05-19 17:00:27,804 INFO src.train.trainer: Epoch 249
2026-05-19 17:00:28,196 INFO src.train.trainer: Last model at epoch 249 saved to checkpoints/lstm_20260519-165848/last_model_1.pth
2026-05-19 17:00:28,196 INFO src.train.trainer: Epoch 250
2026-05-19 17:00:28,604 INFO src.train.trainer: Last model at epoch 250 saved to checkpoints/lstm_20260519-165848/last_model_1.pth
2026-05-19 17:00:28,604 INFO src.train.trainer: Epoch 251
2026-05-19 17:00:29,022 INFO src.train.trainer: Last model at epoch 251 saved to checkpoints/lstm_20260519-165848/last_model_1.pth
2026-05-19 17:00:29,022 INFO src.train.trainer: Epoch 252
2026-05-19 17:00:29,446 INFO src.train.trainer: Last model at epoch 252 saved to checkpoints/lstm_20260519-165848/last_model_1.pth
2026-05-19 17:00:29,447 INFO src.train.trainer: Epoch 253
2026-05-19 17:00:29,847 INFO src.train.trainer: Last model at epoch 253 saved to checkpoints/lstm_20260519-165848/last_model_1.pth
2026-05-19 17:00:29,847 INFO src.train.trainer: Epoch 254
2026-05-19 17:00:30,255 INFO src.train.trainer: Last model at epoch 254 saved to checkpoints/lstm_20260519-165848/last_model_1.pth
2026-05-19 17:00:30,255 INFO src.train.trainer: Epoch 255
2026-05-19 17:00:30,709 INFO src.train.trainer: Last model at epoch 255 saved to checkpoints/lstm_20260519-165848/last_model_1.pth
2026-05-19 17:00:30,710 INFO src.train.trainer: Epoch 256
2026-05-19 17:00:31,123 INFO src.train.trainer: Last model at epoch 256 saved to checkpoints/lstm_20260519-165848/last_model_1.pth
2026-05-19 17:00:31,124 INFO src.train.trainer: Epoch 257
2026-05-19 17:00:31,536 INFO src.train.trainer: Last model at epoch 257 saved to checkpoints/lstm_20260519-165848/last_model_1.pth
2026-05-19 17:00:31,536 INFO src.train.trainer: Epoch 258
2026-05-19 17:00:31,942 INFO src.train.trainer: Last model at epoch 258 saved to checkpoints/lstm_20260519-165848/last_model_1.pth
2026-05-19 17:00:31,942 INFO src.train.trainer: Epoch 259
2026-05-19 17:00:32,356 INFO src.train.trainer: Last model at epoch 259 saved to checkpoints/lstm_20260519-165848/last_model_1.pth
2026-05-19 17:00:32,356 INFO src.train.trainer: Epoch 260
2026-05-19 17:00:32,755 INFO src.train.trainer: Last model at epoch 260 saved to checkpoints/lstm_20260519-165848/last_model_1.pth
2026-05-19 17:00:32,786 INFO src.train.trainer: Saved epoch 260 snapshot to checkpoints/lstm_20260519-165848/epoch_260_model_1.pth
2026-05-19 17:00:32,787 INFO src.train.trainer: Epoch 261
2026-05-19 17:00:33,167 INFO src.train.trainer: Last model at epoch 261 saved to checkpoints/lstm_20260519-165848/last_model_1.pth
2026-05-19 17:00:33,168 INFO src.train.trainer: Epoch 262
2026-05-19 17:00:33,573 INFO src.train.trainer: Last model at epoch 262 saved to checkpoints/lstm_20260519-165848/last_model_1.pth
2026-05-19 17:00:33,574 INFO src.train.trainer: Epoch 263
2026-05-19 17:00:33,983 INFO src.train.trainer: Last model at epoch 263 saved to checkpoints/lstm_20260519-165848/last_model_1.pth
2026-05-19 17:00:33,983 INFO src.train.trainer: Epoch 264
2026-05-19 17:00:34,392 INFO src.train.trainer: Last model at epoch 264 saved to checkpoints/lstm_20260519-165848/last_model_1.pth
2026-05-19 17:00:34,392 INFO src.train.trainer: Epoch 265
2026-05-19 17:00:34,804 INFO src.train.trainer: Last model at epoch 265 saved to checkpoints/lstm_20260519-165848/last_model_1.pth
2026-05-19 17:00:34,804 INFO src.train.trainer: Epoch 266
2026-05-19 17:00:35,197 INFO src.train.trainer: Last model at epoch 266 saved to checkpoints/lstm_20260519-165848/last_model_1.pth
2026-05-19 17:00:35,197 INFO src.train.trainer: Epoch 267
2026-05-19 17:00:35,592 INFO src.train.trainer: Last model at epoch 267 saved to checkpoints/lstm_20260519-165848/last_model_1.pth
2026-05-19 17:00:35,592 INFO src.train.trainer: Epoch 268
2026-05-19 17:00:36,008 INFO src.train.trainer: Last model at epoch 268 saved to checkpoints/lstm_20260519-165848/last_model_1.pth
2026-05-19 17:00:36,008 INFO src.train.trainer: Epoch 269
2026-05-19 17:00:36,414 INFO src.train.trainer: Last model at epoch 269 saved to checkpoints/lstm_20260519-165848/last_model_1.pth
2026-05-19 17:00:36,414 INFO src.train.trainer: Epoch 270
2026-05-19 17:00:36,813 INFO src.train.trainer: Last model at epoch 270 saved to checkpoints/lstm_20260519-165848/last_model_1.pth
2026-05-19 17:00:36,813 INFO src.train.trainer: Epoch 271
2026-05-19 17:00:37,221 INFO src.train.trainer: Last model at epoch 271 saved to checkpoints/lstm_20260519-165848/last_model_1.pth
2026-05-19 17:00:37,221 INFO src.train.trainer: Epoch 272
2026-05-19 17:00:37,644 INFO src.train.trainer: Last model at epoch 272 saved to checkpoints/lstm_20260519-165848/last_model_1.pth
2026-05-19 17:00:37,645 INFO src.train.trainer: Epoch 273
2026-05-19 17:00:38,052 INFO src.train.trainer: Last model at epoch 273 saved to checkpoints/lstm_20260519-165848/last_model_1.pth
2026-05-19 17:00:38,052 INFO src.train.trainer: Epoch 274
2026-05-19 17:00:38,462 INFO src.train.trainer: Last model at epoch 274 saved to checkpoints/lstm_20260519-165848/last_model_1.pth
2026-05-19 17:00:38,463 INFO src.train.trainer: Epoch 275
2026-05-19 17:00:38,879 INFO src.train.trainer: Last model at epoch 275 saved to checkpoints/lstm_20260519-165848/last_model_1.pth
2026-05-19 17:00:38,879 INFO src.train.trainer: Epoch 276
2026-05-19 17:00:39,280 INFO src.train.trainer: Last model at epoch 276 saved to checkpoints/lstm_20260519-165848/last_model_1.pth
2026-05-19 17:00:39,280 INFO src.train.trainer: Epoch 277
2026-05-19 17:00:39,688 INFO src.train.trainer: Last model at epoch 277 saved to checkpoints/lstm_20260519-165848/last_model_1.pth
2026-05-19 17:00:39,689 INFO src.train.trainer: Epoch 278
2026-05-19 17:00:40,097 INFO src.train.trainer: Last model at epoch 278 saved to checkpoints/lstm_20260519-165848/last_model_1.pth
2026-05-19 17:00:40,097 INFO src.train.trainer: Epoch 279
2026-05-19 17:00:40,471 INFO src.train.trainer: Last model at epoch 279 saved to checkpoints/lstm_20260519-165848/last_model_1.pth
2026-05-19 17:00:40,471 INFO src.train.trainer: Epoch 280
2026-05-19 17:00:40,866 INFO src.train.trainer: Last model at epoch 280 saved to checkpoints/lstm_20260519-165848/last_model_1.pth
2026-05-19 17:00:40,898 INFO src.train.trainer: Saved epoch 280 snapshot to checkpoints/lstm_20260519-165848/epoch_280_model_1.pth
2026-05-19 17:00:40,898 INFO src.train.trainer: Epoch 281
2026-05-19 17:00:41,305 INFO src.train.trainer: Last model at epoch 281 saved to checkpoints/lstm_20260519-165848/last_model_1.pth
2026-05-19 17:00:41,306 INFO src.train.trainer: Epoch 282
2026-05-19 17:00:41,710 INFO src.train.trainer: Last model at epoch 282 saved to checkpoints/lstm_20260519-165848/last_model_1.pth
2026-05-19 17:00:41,710 INFO src.train.trainer: Epoch 283
2026-05-19 17:00:42,117 INFO src.train.trainer: Last model at epoch 283 saved to checkpoints/lstm_20260519-165848/last_model_1.pth
2026-05-19 17:00:42,117 INFO src.train.trainer: Epoch 284
2026-05-19 17:00:42,527 INFO src.train.trainer: Last model at epoch 284 saved to checkpoints/lstm_20260519-165848/last_model_1.pth
2026-05-19 17:00:42,527 INFO src.train.trainer: Epoch 285
2026-05-19 17:00:42,929 INFO src.train.trainer: Last model at epoch 285 saved to checkpoints/lstm_20260519-165848/last_model_1.pth
2026-05-19 17:00:42,929 INFO src.train.trainer: Epoch 286
2026-05-19 17:00:43,337 INFO src.train.trainer: Last model at epoch 286 saved to checkpoints/lstm_20260519-165848/last_model_1.pth
2026-05-19 17:00:43,337 INFO src.train.trainer: Epoch 287
2026-05-19 17:00:43,743 INFO src.train.trainer: Last model at epoch 287 saved to checkpoints/lstm_20260519-165848/last_model_1.pth
2026-05-19 17:00:43,743 INFO src.train.trainer: Epoch 288
2026-05-19 17:00:44,152 INFO src.train.trainer: Last model at epoch 288 saved to checkpoints/lstm_20260519-165848/last_model_1.pth
2026-05-19 17:00:44,153 INFO src.train.trainer: Epoch 289
2026-05-19 17:00:44,564 INFO src.train.trainer: Last model at epoch 289 saved to checkpoints/lstm_20260519-165848/last_model_1.pth
2026-05-19 17:00:44,564 INFO src.train.trainer: Epoch 290
2026-05-19 17:00:44,973 INFO src.train.trainer: Last model at epoch 290 saved to checkpoints/lstm_20260519-165848/last_model_1.pth
2026-05-19 17:00:44,973 INFO src.train.trainer: Epoch 291
2026-05-19 17:00:45,384 INFO src.train.trainer: Last model at epoch 291 saved to checkpoints/lstm_20260519-165848/last_model_1.pth
2026-05-19 17:00:45,385 INFO src.train.trainer: Epoch 292
2026-05-19 17:00:45,787 INFO src.train.trainer: Last model at epoch 292 saved to checkpoints/lstm_20260519-165848/last_model_1.pth
2026-05-19 17:00:45,787 INFO src.train.trainer: Epoch 293
2026-05-19 17:00:46,191 INFO src.train.trainer: Last model at epoch 293 saved to checkpoints/lstm_20260519-165848/last_model_1.pth
2026-05-19 17:00:46,191 INFO src.train.trainer: Epoch 294
2026-05-19 17:00:46,545 INFO src.train.trainer: Last model at epoch 294 saved to checkpoints/lstm_20260519-165848/last_model_1.pth
2026-05-19 17:00:46,545 INFO src.train.trainer: Epoch 295
2026-05-19 17:00:46,953 INFO src.train.trainer: Last model at epoch 295 saved to checkpoints/lstm_20260519-165848/last_model_1.pth
2026-05-19 17:00:46,953 INFO src.train.trainer: Epoch 296
2026-05-19 17:00:47,377 INFO src.train.trainer: Last model at epoch 296 saved to checkpoints/lstm_20260519-165848/last_model_1.pth
2026-05-19 17:00:47,378 INFO src.train.trainer: Epoch 297
2026-05-19 17:00:47,777 INFO src.train.trainer: Last model at epoch 297 saved to checkpoints/lstm_20260519-165848/last_model_1.pth
2026-05-19 17:00:47,777 INFO src.train.trainer: Epoch 298
2026-05-19 17:00:48,192 INFO src.train.trainer: Last model at epoch 298 saved to checkpoints/lstm_20260519-165848/last_model_1.pth
2026-05-19 17:00:48,193 INFO src.train.trainer: Epoch 299
2026-05-19 17:00:48,612 INFO src.train.trainer: Last model at epoch 299 saved to checkpoints/lstm_20260519-165848/last_model_1.pth
2026-05-19 17:00:48,612 INFO src.train.trainer: Epoch 300
2026-05-19 17:00:49,016 INFO src.train.trainer: Last model at epoch 300 saved to checkpoints/lstm_20260519-165848/last_model_1.pth
2026-05-19 17:04:22,433 INFO src.data.preprocessing: CSV files found: ['chuandian_2021.csv']
2026-05-19 17:04:23,450 INFO src.utils.file_utils: Loading cached data from: data/ChuanDian/lstm_regressor/lstm_regressor_Mag_elaps_5.5-6-6.5-7_Mc_3_Mf_3_Tfore_180_Twindow_360_context_len_0_dt_10_feature_step_none_feature_window_none_lstm_feature_mode_external_sliding_time_step_5.pkl
2026-05-19 17:04:25,123 INFO src.data.preparation_modules.lstm: Using legacy T_elaps NaN strategy: zero fill via clean_data.
2026-05-19 17:04:25,125 INFO src.data.lstm_loader: Original number of samples: 1818, number of samples after cleaning: 1818
2026-05-19 17:04:25,125 INFO src.data.lstm_loader: Replaced NaN values in X with 0.0
2026-05-19 17:04:25,223 INFO src.train.config_setup: Restoring model from checkpoint.
2026-05-19 17:04:25,223 INFO src.train.config_setup: Loading model weights: load_specific_parts=None
2026-05-19 17:04:25,563 INFO src.train.config_setup: Checkpoint loaded: <All keys matched successfully>
2026-05-19 17:04:25,563 INFO src.train.config_setup: Full load summary: loaded=18, missing=0, unexpected=0
2026-05-19 17:04:25,563 INFO src.train.config_setup: Checkpoint hyperparameters loaded.
2026-05-19 17:04:25,563 INFO src.train.config_setup: Checkpoint train metrics available.
2026-05-19 17:04:25,564 INFO src.train.config_setup: Checkpoint val metrics available.
2026-05-19 17:04:25,564 INFO src.train.config_setup: Freeze skipped (checkpoint_restore): freeze_parts is empty.
2026-05-19 17:04:25,564 INFO src.train.config_setup: Using regression criterion: smooth_l1
2026-05-19 17:04:25,564 INFO src.train.config_setup: Criterion config: {'beta': 0.6}
2026-05-19 17:04:25,565 INFO src.train.config_setup: Not resuming optimizer/scheduler state; reset training state to start_epoch=0, best_val_loss=inf.
2026-05-19 17:04:25,788 INFO src.cli.workflows: Test loss: 0.03064289502799511
2026-05-19 17:04:26,475 INFO src.cli.common: Saved test metrics to checkpoints/lstm_20260519-165848/metrics_test_best_1.json
2026-05-19 17:04:26,475 INFO src.cli.common: Metrics: {'RMSE': 0.8320974837089083, 'MAE': 0.7043770336713947, 'MSE': 0.692386222394697, 'MAPE': 15.351070195316241, 'R2': -1.069080469002687, 'PearsonR': 0.6316758466644686, 'PearsonR_diff': 0.021403092216236316, 'DA': 0.04395604395604396, 'SpearmanR': 0.38372786909866, 'SpearmanR_diff': 0.11068647303360549, 'DTW': 109.38378810882568, 'DTW_normalized': 0.5977256180810147}
2026-05-19 17:04:41,979 INFO src.data.preprocessing: CSV files found: ['chuandian_2021.csv']
2026-05-19 17:04:42,727 INFO src.utils.file_utils: Loading cached data from: data/ChuanDian/lstm_regressor/lstm_regressor_Mag_elaps_5.5-6-6.5-7_Mc_3_Mf_3_Tfore_180_Twindow_360_context_len_0_dt_10_feature_step_none_feature_window_none_lstm_feature_mode_external_sliding_time_step_5.pkl
2026-05-19 17:04:44,340 INFO src.data.preparation_modules.lstm: Using legacy T_elaps NaN strategy: zero fill via clean_data.
2026-05-19 17:04:44,342 INFO src.data.lstm_loader: Original number of samples: 1818, number of samples after cleaning: 1818
2026-05-19 17:04:44,342 INFO src.data.lstm_loader: Replaced NaN values in X with 0.0
2026-05-19 17:04:44,483 INFO src.train.config_setup: Restoring model from checkpoint.
2026-05-19 17:04:44,483 INFO src.train.config_setup: Loading model weights: load_specific_parts=None
2026-05-19 17:04:44,805 INFO src.train.config_setup: Checkpoint loaded: <All keys matched successfully>
2026-05-19 17:04:44,805 INFO src.train.config_setup: Full load summary: loaded=18, missing=0, unexpected=0
2026-05-19 17:04:44,805 INFO src.train.config_setup: Checkpoint hyperparameters loaded.
2026-05-19 17:04:44,805 INFO src.train.config_setup: Checkpoint train metrics available.
2026-05-19 17:04:44,805 INFO src.train.config_setup: Checkpoint val metrics available.
2026-05-19 17:04:44,805 INFO src.train.config_setup: Freeze skipped (checkpoint_restore): freeze_parts is empty.
2026-05-19 17:04:44,806 INFO src.train.config_setup: Using regression criterion: smooth_l1
2026-05-19 17:04:44,806 INFO src.train.config_setup: Criterion config: {'beta': 0.6}
2026-05-19 17:04:44,807 INFO src.train.config_setup: Not resuming optimizer/scheduler state; reset training state to start_epoch=0, best_val_loss=inf.
2026-05-19 17:04:45,103 INFO src.cli.workflows: Test loss: 0.027258535847067833
2026-05-19 17:04:45,965 INFO src.cli.common: Saved test metrics to checkpoints/lstm_20260519-165848/metrics_test_last_1.json
2026-05-19 17:04:45,966 INFO src.cli.common: Metrics: {'RMSE': 0.7786785802338432, 'MAE': 0.630647586343067, 'MSE': 0.6063403313149938, 'MAPE': 13.349332920574374, 'R2': -0.8119467090974293, 'PearsonR': 0.041928458831528355, 'PearsonR_diff': -0.07191252288834421, 'DA': 0.038461538461538464, 'SpearmanR': 0.016054864188288234, 'SpearmanR_diff': -0.0700384080804724, 'DTW': 60.26078748703003, 'DTW_normalized': 0.32929392069415314}
