2026-05-09 19:32:14,977 INFO src.data.preprocessing: CSV files found: ['chuandian_2021.csv']
2026-05-09 19:32:15,733 INFO src.utils.file_utils: Loading cached data from: data/ChuanDian/lstm_regressor/lstm_regressor_Mag_elaps_5.5-6-6.5-7_Mc_3_Mf_3_Tfore_180_Twindow_360_context_len_0_dt_10_feature_step_none_feature_window_none_lstm_feature_mode_external_sliding_time_step_5.pkl
2026-05-09 19:32:17,132 INFO src.data.preparation_modules.lstm: Applied T_elaps NaN high-sentinel imputation: [{'feature': 'T_elaps5.5', 'nan_count': 3000, 'fill_value': 359.6074755375663}, {'feature': 'T_elaps6', 'nan_count': 5230, 'fill_value': 359.6201514631899}, {'feature': 'T_elaps6.5', 'nan_count': 6979, 'fill_value': 360.000001}, {'feature': 'T_elaps7', 'nan_count': 8194, 'fill_value': 360.000001}]
2026-05-09 19:32:17,134 INFO src.data.lstm_loader: Original number of samples: 1819, number of samples after cleaning: 1819
2026-05-09 19:32:17,134 INFO src.data.lstm_loader: Replaced NaN values in X with 0.0
2026-05-09 19:32:17,173 INFO src.train.config_setup: Restoring model from checkpoint.
2026-05-09 19:32:17,174 INFO src.train.config_setup: Loading model weights: load_specific_parts=None
2026-05-09 19:32:17,175 INFO src.train.config_setup: Checkpoint loaded: <All keys matched successfully>
2026-05-09 19:32:17,541 INFO src.train.config_setup: Full load summary: loaded=10, missing=0, unexpected=0
2026-05-09 19:32:17,542 INFO src.train.config_setup: Checkpoint hyperparameters loaded.
2026-05-09 19:32:17,542 INFO src.train.config_setup: Checkpoint train metrics available.
2026-05-09 19:32:17,542 INFO src.train.config_setup: Checkpoint val metrics available.
2026-05-09 19:32:17,542 INFO src.train.config_setup: Freeze skipped (checkpoint_restore): freeze_parts is empty.
2026-05-09 19:32:17,542 INFO src.train.config_setup: Using regression criterion: smooth_l1
2026-05-09 19:32:17,542 INFO src.train.config_setup: Criterion config: {'beta': 0.2}
2026-05-09 19:32:17,543 INFO src.train.config_setup: Not resuming optimizer/scheduler state; reset training state to start_epoch=0, best_val_loss=inf.
2026-05-09 19:32:17,569 INFO __main__: Test loss: 0.029549081344157457
2026-05-09 19:32:18,098 INFO __main__: Saved test metrics to tmp/lstm_optuna_profiles/run_20x2/runs/window/optuna_trials/trial_0001_window/metrics_test_best_1.json
2026-05-09 19:32:18,098 INFO __main__: Metrics: {'RMSE': 0.6406291956338115, 'MAE': 0.5564818981566716, 'MSE': 0.4104057662984243, 'MAPE': 11.93037315952661, 'R2': -0.2264296566711539, 'PearsonR': 0.46751554810287177, 'PearsonR_diff': -0.05473159603745393, 'DA': 0.038461538461538464, 'SpearmanR': 0.4869995368649313, 'SpearmanR_diff': -0.09550605300289972, 'DTW': 97.26041173934937, 'DTW_normalized': 0.5314776597778654}
2026-05-09 19:40:49,644 INFO src.data.preprocessing: CSV files found: ['chuandian_2021.csv']
2026-05-09 19:40:50,390 INFO src.utils.file_utils: Loading cached data from: data/ChuanDian/lstm_regressor/lstm_regressor_Mag_elaps_5.5-6-6.5-7_Mc_3_Mf_3_Tfore_180_Twindow_360_context_len_0_dt_10_feature_step_none_feature_window_none_lstm_feature_mode_external_sliding_time_step_5.pkl
2026-05-09 19:40:51,733 INFO src.data.preparation_modules.lstm: Applied T_elaps NaN high-sentinel imputation: [{'feature': 'T_elaps5.5', 'nan_count': 3000, 'fill_value': 359.6074755375663}, {'feature': 'T_elaps6', 'nan_count': 5230, 'fill_value': 359.6201514631899}, {'feature': 'T_elaps6.5', 'nan_count': 6979, 'fill_value': 360.000001}, {'feature': 'T_elaps7', 'nan_count': 8194, 'fill_value': 360.000001}]
2026-05-09 19:40:51,735 INFO src.data.lstm_loader: Original number of samples: 1819, number of samples after cleaning: 1819
2026-05-09 19:40:51,735 INFO src.data.lstm_loader: Replaced NaN values in X with 0.0
2026-05-09 19:40:51,795 INFO src.train.config_setup: Restoring model from checkpoint.
2026-05-09 19:40:51,795 INFO src.train.config_setup: Loading model weights: load_specific_parts=None
2026-05-09 19:40:52,129 INFO src.train.config_setup: Checkpoint loaded: <All keys matched successfully>
2026-05-09 19:40:52,130 INFO src.train.config_setup: Full load summary: loaded=10, missing=0, unexpected=0
2026-05-09 19:40:52,130 INFO src.train.config_setup: Checkpoint hyperparameters loaded.
2026-05-09 19:40:52,130 INFO src.train.config_setup: Checkpoint train metrics available.
2026-05-09 19:40:52,130 INFO src.train.config_setup: Checkpoint val metrics available.
2026-05-09 19:40:52,130 INFO src.train.config_setup: Freeze skipped (checkpoint_restore): freeze_parts is empty.
2026-05-09 19:40:52,130 INFO src.train.config_setup: Using regression criterion: smooth_l1
2026-05-09 19:40:52,130 INFO src.train.config_setup: Criterion config: {'beta': 0.2}
2026-05-09 19:40:52,131 INFO src.train.config_setup: Not resuming optimizer/scheduler state; reset training state to start_epoch=0, best_val_loss=inf.
2026-05-09 19:40:52,294 INFO __main__: Test loss: 0.030156170949339867
2026-05-09 19:40:52,794 INFO __main__: Saved test metrics to tmp/lstm_optuna_profiles/run_20x2/runs/window/optuna_trials/trial_0001_window/metrics_test_last_1.json
2026-05-09 19:40:52,794 INFO __main__: Metrics: {'RMSE': 0.6485664055242785, 'MAE': 0.5571331613050784, 'MSE': 0.4206383823746829, 'MAPE': 11.937287635145141, 'R2': -0.25700813497676367, 'PearsonR': 0.28053773333819226, 'PearsonR_diff': -0.050573198759171455, 'DA': 0.02197802197802198, 'SpearmanR': 0.38348710085589094, 'SpearmanR_diff': -0.11855597488017104, 'DTW': 81.57817554473877, 'DTW_normalized': 0.44578238002589493}
2026-05-09 20:41:21,897 INFO src.data.preprocessing: CSV files found: ['chuandian_2021.csv']
2026-05-09 20:41:22,592 INFO src.utils.file_utils: Loading cached data from: data/ChuanDian/lstm_regressor/lstm_regressor_Mag_elaps_5.5-6-6.5-7_Mc_3_Mf_3_Tfore_180_Twindow_360_context_len_0_dt_10_feature_step_none_feature_window_none_lstm_feature_mode_external_sliding_time_step_5.pkl
2026-05-09 20:41:23,976 INFO src.data.preparation_modules.lstm: Applied T_elaps NaN high-sentinel imputation: [{'feature': 'T_elaps5.5', 'nan_count': 3000, 'fill_value': 359.6074755375663}, {'feature': 'T_elaps6', 'nan_count': 5230, 'fill_value': 359.6201514631899}, {'feature': 'T_elaps6.5', 'nan_count': 6979, 'fill_value': 360.000001}, {'feature': 'T_elaps7', 'nan_count': 8194, 'fill_value': 360.000001}]
2026-05-09 20:41:23,978 INFO src.data.lstm_loader: Original number of samples: 1819, number of samples after cleaning: 1819
2026-05-09 20:41:23,978 INFO src.data.lstm_loader: Replaced NaN values in X with 0.0
2026-05-09 20:41:24,039 INFO src.train.config_setup: Restoring model from checkpoint.
2026-05-09 20:41:24,039 INFO src.train.config_setup: Loading model weights: load_specific_parts=None
2026-05-09 20:41:24,372 INFO src.train.config_setup: Checkpoint loaded: <All keys matched successfully>
2026-05-09 20:41:24,372 INFO src.train.config_setup: Full load summary: loaded=10, missing=0, unexpected=0
2026-05-09 20:41:24,372 INFO src.train.config_setup: Checkpoint hyperparameters loaded.
2026-05-09 20:41:24,372 INFO src.train.config_setup: Checkpoint train metrics available.
2026-05-09 20:41:24,372 INFO src.train.config_setup: Checkpoint val metrics available.
2026-05-09 20:41:24,372 INFO src.train.config_setup: Freeze skipped (checkpoint_restore): freeze_parts is empty.
2026-05-09 20:41:24,373 INFO src.train.config_setup: Using regression criterion: smooth_l1
2026-05-09 20:41:24,373 INFO src.train.config_setup: Criterion config: {'beta': 0.2}
2026-05-09 20:41:24,374 INFO src.train.config_setup: Not resuming optimizer/scheduler state; reset training state to start_epoch=0, best_val_loss=inf.
2026-05-09 20:41:24,535 INFO __main__: Test loss: 0.030156170949339867
2026-05-09 20:41:25,035 INFO __main__: Saved test metrics to tmp/lstm_optuna_profiles/run_20x2/runs/window/optuna_trials/trial_0001_window/metrics_test_last_1.json
2026-05-09 20:41:25,036 INFO __main__: Metrics: {'RMSE': 0.6485664055242785, 'MAE': 0.5571331613050784, 'MSE': 0.4206383823746829, 'MAPE': 11.937287635145141, 'R2': -0.25700813497676367, 'PearsonR': 0.28053773333819226, 'PearsonR_diff': -0.050573198759171455, 'DA': 0.02197802197802198, 'SpearmanR': 0.38348710085589094, 'SpearmanR_diff': -0.11855597488017104, 'DTW': 81.57817554473877, 'DTW_normalized': 0.44578238002589493}
