2026-05-10 13:01:55,278 INFO src.data.preprocessing: CSV files found: ['chuandian_2021.csv']
2026-05-10 13:01:56,020 INFO src.utils.file_utils: Loading cached data from: data/ChuanDian/classifier/classifier_Mc_3_Mf_5.5_Tfore_90_Twindow_180_context_len_1_dt_10.pkl
2026-05-10 13:01:57,126 INFO src.data.preprocessing: Catalog statistics: {'tau_unfiltered': 0.15339908988298961, 'tau_q025': 0.08114294020924717, 'tau_q05': 0.5134664350189269, 'tau_mean': 1.3070542199341526, 'tau_max': 25.18216435192153, 'tau_min': 0.0, 'time_max': 18770.72654999979, 'time_mean': 10030.9430649837, 'mag_completeness': 3.0, 'mag_mean': 3.456916005014626, 'mag_max': 8.0, 'mag_min': 3.0, 'b_value': 0.856738547623331, 'b_std': 0.0071499224812533796, 'b_n': 14358}
2026-05-10 13:01:57,147 INFO src.data.event_loader: lengths of samples: min=32, max=749, avg=124.26
2026-05-10 13:01:57,147 INFO src.data.event_loader: Number of positive samples: 471
2026-05-10 13:01:57,147 INFO src.data.event_loader: Number of negative samples: 1055
2026-05-10 13:01:57,148 INFO src.data.event_loader: Positive samples: 390, Negative samples: 830
2026-05-10 13:01:57,148 INFO src.data.event_loader: Total samples: 1220, Positive ratio: 0.32, Negative ratio: 0.68
2026-05-10 13:01:57,149 INFO src.data.event_loader: Positive samples: 62, Negative samples: 90
2026-05-10 13:01:57,149 INFO src.data.event_loader: Total samples: 152, Positive ratio: 0.41, Negative ratio: 0.59
2026-05-10 13:01:57,149 INFO src.data.event_loader: Positive samples: 19, Negative samples: 135
2026-05-10 13:01:57,149 INFO src.data.event_loader: Total samples: 154, Positive ratio: 0.12, Negative ratio: 0.88
2026-05-10 13:01:57,385 INFO src.cli.workflows: Loading checkpoint from: ./checkpoints/mixer_tpp_20260508-182744/last_model_1.pth
2026-05-10 13:01:57,908 INFO src.models.adapters.mixer_task: using time scale base 1.3070542199341526 (key: tau_mean)
2026-05-10 13:01:57,909 INFO src.models.adapters.mixer_task: tau mean: tensor(1.3071)
2026-05-10 13:01:57,916 INFO src.train.config_setup: Restoring model from checkpoint.
2026-05-10 13:01:57,916 INFO src.train.config_setup: Loading model weights: load_specific_parts=['encoder']
2026-05-10 13:01:57,917 INFO src.train.config_setup: Selective load summary: requested_parts=['encoder'], target_in_model=40, matched_in_checkpoint=30, loaded=30, missing_after_load=10, shape_mismatch=0, missing_in_model=0, out_of_scope_loaded=0
2026-05-10 13:01:57,917 INFO src.train.config_setup: Selective load coverage [encoder]: target=40, hit=30, missing=10, complete=False
2026-05-10 13:01:57,917 WARNING src.train.config_setup: Selective load coverage missing preview [encoder]: ['base_model.encoder.layers.2.mixer.in_proj.bias', 'base_model.encoder.layers.2.mixer.in_proj.weight', 'base_model.encoder.layers.2.mixer.out_proj.bias', 'base_model.encoder.layers.2.mixer.out_proj.weight', 'base_model.encoder.layers.2.mlp.fc1.weight', 'base_model.encoder.layers.2.mlp.fc2.weight', 'base_model.encoder.layers.2.norm.bias', 'base_model.encoder.layers.2.norm.weight'] ... (+2 more)
2026-05-10 13:01:57,917 WARNING src.train.config_setup: Checkpoint missing target parameter preview: ['base_model.encoder.layers.2.mixer.in_proj.bias', 'base_model.encoder.layers.2.mixer.in_proj.weight', 'base_model.encoder.layers.2.mixer.out_proj.bias', 'base_model.encoder.layers.2.mixer.out_proj.weight', 'base_model.encoder.layers.2.mlp.fc1.weight', 'base_model.encoder.layers.2.mlp.fc2.weight', 'base_model.encoder.layers.2.norm.bias', 'base_model.encoder.layers.2.norm.weight', 'base_model.encoder.layers.2.norm2.bias', 'base_model.encoder.layers.2.norm2.weight']
2026-05-10 13:01:57,917 WARNING src.train.config_setup: Target not-loaded parameter preview: ['base_model.encoder.layers.2.mixer.in_proj.bias', 'base_model.encoder.layers.2.mixer.in_proj.weight', 'base_model.encoder.layers.2.mixer.out_proj.bias', 'base_model.encoder.layers.2.mixer.out_proj.weight', 'base_model.encoder.layers.2.mlp.fc1.weight', 'base_model.encoder.layers.2.mlp.fc2.weight', 'base_model.encoder.layers.2.norm.bias', 'base_model.encoder.layers.2.norm.weight', 'base_model.encoder.layers.2.norm2.bias', 'base_model.encoder.layers.2.norm2.weight']
2026-05-10 13:01:57,917 INFO src.train.config_setup: Loaded parameter preview: ['base_model.encoder.layers.0.norm.weight', 'base_model.encoder.input_proj.3.weight', 'base_model.encoder.input_proj.0.bias', 'base_model.encoder.input_proj.3.bias', 'base_model.encoder.layers.1.mixer.D', 'base_model.encoder.layers.0.mixer.out_proj.weight', 'base_model.encoder.layers.1.norm2.weight', 'base_model.encoder.layers.0.mlp.fc2.weight', 'base_model.encoder.layers.1.mixer.A_log', 'base_model.encoder.layers.1.mlp.fc1.weight'] ... (+20 more)
2026-05-10 13:01:57,918 INFO src.train.config_setup: Checkpoint hyperparameters loaded.
2026-05-10 13:01:57,919 INFO src.train.config_setup: Checkpoint train metrics available.
2026-05-10 13:01:57,919 INFO src.train.config_setup: Checkpoint val metrics available.
2026-05-10 13:01:57,919 INFO src.train.config_setup: Freeze skipped (checkpoint_restore): freeze_parts is empty.
2026-05-10 13:01:57,919 INFO src.train.config_setup: Using classification criterion: focal
2026-05-10 13:01:57,919 INFO src.train.config_setup: Criterion config: {'alpha': 0.25, 'gamma': 2.0}
2026-05-10 13:01:57,920 INFO src.train.config_setup: Not resuming optimizer/scheduler state; reset training state to start_epoch=0, best_val_loss=inf.
2026-05-10 13:01:57,920 INFO src.train.trainer: Epoch 1
2026-05-10 13:02:11,344 INFO src.train.trainer: New best validation loss: 0.0669, saved to /root/autodl-tmp/em_eqf/experiments/clf_grid_2/runs/tf_90_mf_5p5_seed_1/best_model_1.pth
2026-05-10 13:02:11,350 INFO src.train.trainer: Last model at epoch 1 saved to /root/autodl-tmp/em_eqf/experiments/clf_grid_2/runs/tf_90_mf_5p5_seed_1/last_model_1.pth
2026-05-10 13:02:11,351 INFO src.train.trainer: Epoch 2
2026-05-10 13:02:13,360 INFO src.train.trainer: New best validation loss: 0.0617, saved to /root/autodl-tmp/em_eqf/experiments/clf_grid_2/runs/tf_90_mf_5p5_seed_1/best_model_1.pth
2026-05-10 13:02:13,369 INFO src.train.trainer: Last model at epoch 2 saved to /root/autodl-tmp/em_eqf/experiments/clf_grid_2/runs/tf_90_mf_5p5_seed_1/last_model_1.pth
2026-05-10 13:02:13,369 INFO src.train.trainer: Epoch 3
2026-05-10 13:02:15,391 INFO src.train.trainer: Last model at epoch 3 saved to /root/autodl-tmp/em_eqf/experiments/clf_grid_2/runs/tf_90_mf_5p5_seed_1/last_model_1.pth
2026-05-10 13:02:15,391 INFO src.train.trainer: Epoch 4
2026-05-10 13:02:17,484 INFO src.train.trainer: Last model at epoch 4 saved to /root/autodl-tmp/em_eqf/experiments/clf_grid_2/runs/tf_90_mf_5p5_seed_1/last_model_1.pth
2026-05-10 13:02:17,484 INFO src.train.trainer: Epoch 5
2026-05-10 13:02:19,767 INFO src.train.trainer: Last model at epoch 5 saved to /root/autodl-tmp/em_eqf/experiments/clf_grid_2/runs/tf_90_mf_5p5_seed_1/last_model_1.pth
2026-05-10 13:02:19,767 INFO src.train.trainer: Epoch 6
2026-05-10 13:02:21,981 INFO src.train.trainer: New best validation loss: 0.0607, saved to /root/autodl-tmp/em_eqf/experiments/clf_grid_2/runs/tf_90_mf_5p5_seed_1/best_model_1.pth
2026-05-10 13:02:21,990 INFO src.train.trainer: Last model at epoch 6 saved to /root/autodl-tmp/em_eqf/experiments/clf_grid_2/runs/tf_90_mf_5p5_seed_1/last_model_1.pth
2026-05-10 13:02:21,990 INFO src.train.trainer: Epoch 7
2026-05-10 13:02:24,252 INFO src.train.trainer: New best validation loss: 0.0605, saved to /root/autodl-tmp/em_eqf/experiments/clf_grid_2/runs/tf_90_mf_5p5_seed_1/best_model_1.pth
2026-05-10 13:02:24,260 INFO src.train.trainer: Last model at epoch 7 saved to /root/autodl-tmp/em_eqf/experiments/clf_grid_2/runs/tf_90_mf_5p5_seed_1/last_model_1.pth
2026-05-10 13:02:24,260 INFO src.train.trainer: Epoch 8
2026-05-10 13:02:26,573 INFO src.train.trainer: Last model at epoch 8 saved to /root/autodl-tmp/em_eqf/experiments/clf_grid_2/runs/tf_90_mf_5p5_seed_1/last_model_1.pth
2026-05-10 13:02:26,573 INFO src.train.trainer: Epoch 9
2026-05-10 13:02:29,084 INFO src.train.trainer: New best validation loss: 0.0603, saved to /root/autodl-tmp/em_eqf/experiments/clf_grid_2/runs/tf_90_mf_5p5_seed_1/best_model_1.pth
2026-05-10 13:02:29,094 INFO src.train.trainer: Last model at epoch 9 saved to /root/autodl-tmp/em_eqf/experiments/clf_grid_2/runs/tf_90_mf_5p5_seed_1/last_model_1.pth
2026-05-10 13:02:29,094 INFO src.train.trainer: Epoch 10
2026-05-10 13:02:31,418 INFO src.train.trainer: Last model at epoch 10 saved to /root/autodl-tmp/em_eqf/experiments/clf_grid_2/runs/tf_90_mf_5p5_seed_1/last_model_1.pth
2026-05-10 13:02:31,418 INFO src.train.trainer: Epoch 11
2026-05-10 13:02:33,328 INFO src.train.trainer: New best validation loss: 0.0580, saved to /root/autodl-tmp/em_eqf/experiments/clf_grid_2/runs/tf_90_mf_5p5_seed_1/best_model_1.pth
2026-05-10 13:02:33,337 INFO src.train.trainer: Last model at epoch 11 saved to /root/autodl-tmp/em_eqf/experiments/clf_grid_2/runs/tf_90_mf_5p5_seed_1/last_model_1.pth
2026-05-10 13:02:33,337 INFO src.train.trainer: Epoch 12
2026-05-10 13:02:35,197 INFO src.train.trainer: New best validation loss: 0.0534, saved to /root/autodl-tmp/em_eqf/experiments/clf_grid_2/runs/tf_90_mf_5p5_seed_1/best_model_1.pth
2026-05-10 13:02:35,207 INFO src.train.trainer: Last model at epoch 12 saved to /root/autodl-tmp/em_eqf/experiments/clf_grid_2/runs/tf_90_mf_5p5_seed_1/last_model_1.pth
2026-05-10 13:02:35,207 INFO src.train.trainer: Epoch 13
2026-05-10 13:02:37,043 INFO src.train.trainer: Last model at epoch 13 saved to /root/autodl-tmp/em_eqf/experiments/clf_grid_2/runs/tf_90_mf_5p5_seed_1/last_model_1.pth
2026-05-10 13:02:37,043 INFO src.train.trainer: Epoch 14
2026-05-10 13:02:38,874 INFO src.train.trainer: Last model at epoch 14 saved to /root/autodl-tmp/em_eqf/experiments/clf_grid_2/runs/tf_90_mf_5p5_seed_1/last_model_1.pth
2026-05-10 13:02:38,874 INFO src.train.trainer: Epoch 15
2026-05-10 13:02:40,683 INFO src.train.trainer: Last model at epoch 15 saved to /root/autodl-tmp/em_eqf/experiments/clf_grid_2/runs/tf_90_mf_5p5_seed_1/last_model_1.pth
2026-05-10 13:02:40,684 INFO src.train.trainer: Epoch 16
2026-05-10 13:02:42,427 INFO src.train.trainer: Last model at epoch 16 saved to /root/autodl-tmp/em_eqf/experiments/clf_grid_2/runs/tf_90_mf_5p5_seed_1/last_model_1.pth
2026-05-10 13:02:42,428 INFO src.train.trainer: Epoch 17
2026-05-10 13:02:44,203 INFO src.train.trainer: Last model at epoch 17 saved to /root/autodl-tmp/em_eqf/experiments/clf_grid_2/runs/tf_90_mf_5p5_seed_1/last_model_1.pth
2026-05-10 13:02:44,203 INFO src.train.trainer: Epoch 18
2026-05-10 13:02:45,986 INFO src.train.trainer: Last model at epoch 18 saved to /root/autodl-tmp/em_eqf/experiments/clf_grid_2/runs/tf_90_mf_5p5_seed_1/last_model_1.pth
2026-05-10 13:02:45,987 INFO src.train.trainer: Epoch 19
2026-05-10 13:02:47,701 INFO src.train.trainer: Last model at epoch 19 saved to /root/autodl-tmp/em_eqf/experiments/clf_grid_2/runs/tf_90_mf_5p5_seed_1/last_model_1.pth
2026-05-10 13:02:47,702 INFO src.train.trainer: Epoch 20
2026-05-10 13:02:49,411 INFO src.train.trainer: Last model at epoch 20 saved to /root/autodl-tmp/em_eqf/experiments/clf_grid_2/runs/tf_90_mf_5p5_seed_1/last_model_1.pth
2026-05-10 13:02:49,411 INFO src.train.trainer: Epoch 21
2026-05-10 13:02:51,127 INFO src.train.trainer: New best validation loss: 0.0500, saved to /root/autodl-tmp/em_eqf/experiments/clf_grid_2/runs/tf_90_mf_5p5_seed_1/best_model_1.pth
2026-05-10 13:02:51,137 INFO src.train.trainer: Last model at epoch 21 saved to /root/autodl-tmp/em_eqf/experiments/clf_grid_2/runs/tf_90_mf_5p5_seed_1/last_model_1.pth
2026-05-10 13:02:51,137 INFO src.train.trainer: Epoch 22
2026-05-10 13:02:52,804 INFO src.train.trainer: Last model at epoch 22 saved to /root/autodl-tmp/em_eqf/experiments/clf_grid_2/runs/tf_90_mf_5p5_seed_1/last_model_1.pth
2026-05-10 13:02:52,804 INFO src.train.trainer: Epoch 23
2026-05-10 13:02:54,494 INFO src.train.trainer: Last model at epoch 23 saved to /root/autodl-tmp/em_eqf/experiments/clf_grid_2/runs/tf_90_mf_5p5_seed_1/last_model_1.pth
2026-05-10 13:02:54,495 INFO src.train.trainer: Epoch 24
2026-05-10 13:02:56,121 INFO src.train.trainer: New best validation loss: 0.0474, saved to /root/autodl-tmp/em_eqf/experiments/clf_grid_2/runs/tf_90_mf_5p5_seed_1/best_model_1.pth
2026-05-10 13:02:56,132 INFO src.train.trainer: Last model at epoch 24 saved to /root/autodl-tmp/em_eqf/experiments/clf_grid_2/runs/tf_90_mf_5p5_seed_1/last_model_1.pth
2026-05-10 13:02:56,132 INFO src.train.trainer: Epoch 25
2026-05-10 13:02:57,758 INFO src.train.trainer: Last model at epoch 25 saved to /root/autodl-tmp/em_eqf/experiments/clf_grid_2/runs/tf_90_mf_5p5_seed_1/last_model_1.pth
2026-05-10 13:02:57,759 INFO src.train.trainer: Epoch 26
2026-05-10 13:02:59,313 INFO src.train.trainer: Last model at epoch 26 saved to /root/autodl-tmp/em_eqf/experiments/clf_grid_2/runs/tf_90_mf_5p5_seed_1/last_model_1.pth
2026-05-10 13:02:59,313 INFO src.train.trainer: Epoch 27
2026-05-10 13:03:00,883 INFO src.train.trainer: Last model at epoch 27 saved to /root/autodl-tmp/em_eqf/experiments/clf_grid_2/runs/tf_90_mf_5p5_seed_1/last_model_1.pth
2026-05-10 13:03:00,884 INFO src.train.trainer: Epoch 28
2026-05-10 13:03:02,364 INFO src.train.trainer: Last model at epoch 28 saved to /root/autodl-tmp/em_eqf/experiments/clf_grid_2/runs/tf_90_mf_5p5_seed_1/last_model_1.pth
2026-05-10 13:03:02,364 INFO src.train.trainer: Epoch 29
2026-05-10 13:03:03,971 INFO src.train.trainer: Last model at epoch 29 saved to /root/autodl-tmp/em_eqf/experiments/clf_grid_2/runs/tf_90_mf_5p5_seed_1/last_model_1.pth
2026-05-10 13:03:03,971 INFO src.train.trainer: Epoch 30
2026-05-10 13:03:05,592 INFO src.train.trainer: Last model at epoch 30 saved to /root/autodl-tmp/em_eqf/experiments/clf_grid_2/runs/tf_90_mf_5p5_seed_1/last_model_1.pth
2026-05-10 13:03:05,592 INFO src.train.trainer: Epoch 31
2026-05-10 13:03:07,113 INFO src.train.trainer: Last model at epoch 31 saved to /root/autodl-tmp/em_eqf/experiments/clf_grid_2/runs/tf_90_mf_5p5_seed_1/last_model_1.pth
2026-05-10 13:03:07,113 INFO src.train.trainer: Epoch 32
2026-05-10 13:03:08,638 INFO src.train.trainer: Last model at epoch 32 saved to /root/autodl-tmp/em_eqf/experiments/clf_grid_2/runs/tf_90_mf_5p5_seed_1/last_model_1.pth
2026-05-10 13:03:08,638 INFO src.train.trainer: Epoch 33
2026-05-10 13:03:10,119 INFO src.train.trainer: Last model at epoch 33 saved to /root/autodl-tmp/em_eqf/experiments/clf_grid_2/runs/tf_90_mf_5p5_seed_1/last_model_1.pth
2026-05-10 13:03:10,120 INFO src.train.trainer: Epoch 34
2026-05-10 13:03:11,572 INFO src.train.trainer: Last model at epoch 34 saved to /root/autodl-tmp/em_eqf/experiments/clf_grid_2/runs/tf_90_mf_5p5_seed_1/last_model_1.pth
2026-05-10 13:03:11,572 INFO src.train.trainer: Early stopping triggered at epoch 34 (best epoch: 24, best val loss: 0.047365)
2026-05-10 13:03:20,693 INFO src.data.preprocessing: CSV files found: ['chuandian_2021.csv']
2026-05-10 13:03:21,443 INFO src.utils.file_utils: Loading cached data from: data/ChuanDian/classifier/classifier_Mc_3_Mf_5.5_Tfore_90_Twindow_180_context_len_1_dt_10.pkl
2026-05-10 13:03:22,581 INFO src.data.preprocessing: Catalog statistics: {'tau_unfiltered': 0.15339908988298961, 'tau_q025': 0.08114294020924717, 'tau_q05': 0.5134664350189269, 'tau_mean': 1.3070542199341526, 'tau_max': 25.18216435192153, 'tau_min': 0.0, 'time_max': 18770.72654999979, 'time_mean': 10030.9430649837, 'mag_completeness': 3.0, 'mag_mean': 3.456916005014626, 'mag_max': 8.0, 'mag_min': 3.0, 'b_value': 0.856738547623331, 'b_std': 0.0071499224812533796, 'b_n': 14358}
2026-05-10 13:03:22,622 INFO src.data.event_loader: lengths of samples: min=32, max=749, avg=124.26
2026-05-10 13:03:22,622 INFO src.data.event_loader: Number of positive samples: 471
2026-05-10 13:03:22,622 INFO src.data.event_loader: Number of negative samples: 1055
2026-05-10 13:03:22,623 INFO src.data.event_loader: Positive samples: 390, Negative samples: 830
2026-05-10 13:03:22,623 INFO src.data.event_loader: Total samples: 1220, Positive ratio: 0.32, Negative ratio: 0.68
2026-05-10 13:03:22,624 INFO src.data.event_loader: Positive samples: 62, Negative samples: 90
2026-05-10 13:03:22,624 INFO src.data.event_loader: Total samples: 152, Positive ratio: 0.41, Negative ratio: 0.59
2026-05-10 13:03:22,624 INFO src.data.event_loader: Positive samples: 19, Negative samples: 135
2026-05-10 13:03:22,624 INFO src.data.event_loader: Total samples: 154, Positive ratio: 0.12, Negative ratio: 0.88
2026-05-10 13:03:23,157 INFO src.models.adapters.mixer_task: using time scale base 1.3070542199341526 (key: tau_mean)
2026-05-10 13:03:23,157 INFO src.models.adapters.mixer_task: tau mean: tensor(1.3071)
2026-05-10 13:03:23,193 INFO src.train.config_setup: Restoring model from checkpoint.
2026-05-10 13:03:23,193 INFO src.train.config_setup: Loading model weights: load_specific_parts=None
2026-05-10 13:03:23,195 INFO src.train.config_setup: Checkpoint loaded: <All keys matched successfully>
2026-05-10 13:03:23,195 INFO src.train.config_setup: Full load summary: loaded=55, missing=0, unexpected=0
2026-05-10 13:03:23,196 INFO src.train.config_setup: Checkpoint hyperparameters loaded.
2026-05-10 13:03:23,196 INFO src.train.config_setup: Checkpoint train metrics available.
2026-05-10 13:03:23,196 INFO src.train.config_setup: Checkpoint val metrics available.
2026-05-10 13:03:23,196 INFO src.train.config_setup: Freeze skipped (checkpoint_restore): freeze_parts is empty.
2026-05-10 13:03:23,196 INFO src.train.config_setup: Using classification criterion: focal
2026-05-10 13:03:23,196 INFO src.train.config_setup: Criterion config: {'alpha': 0.25, 'gamma': 2.0}
2026-05-10 13:03:23,197 INFO src.train.config_setup: Not resuming optimizer/scheduler state; reset training state to start_epoch=0, best_val_loss=inf.
2026-05-10 13:03:23,197 INFO src.cli.common: Using threshold 0.25893479585647583 from checkpoint val_metrics for testing.
2026-05-10 13:03:27,777 INFO src.utils.metrics: ROC curve saved to /root/autodl-tmp/em_eqf/experiments/clf_grid_2/runs/tf_90_mf_5p5_seed_1/roc_curve.png
2026-05-10 13:03:27,886 INFO src.utils.metrics: PR curve saved to /root/autodl-tmp/em_eqf/experiments/clf_grid_2/runs/tf_90_mf_5p5_seed_1/pr_curve.png
2026-05-10 13:03:27,956 INFO src.utils.metrics: Confusion matrix saved to /root/autodl-tmp/em_eqf/experiments/clf_grid_2/runs/tf_90_mf_5p5_seed_1/confusion_matrix.png
2026-05-10 13:03:27,957 INFO src.cli.workflows: Test loss: 0.06950666755437851
2026-05-10 13:03:28,489 INFO src.train.classifier_train_step: Prediction distribution plot has been saved to: /root/autodl-tmp/em_eqf/experiments/clf_grid_2/runs/tf_90_mf_5p5_seed_1/train_pred_distribution.png
2026-05-10 13:03:28,754 INFO src.train.classifier_train_step: Prediction distribution plot has been saved to: /root/autodl-tmp/em_eqf/experiments/clf_grid_2/runs/tf_90_mf_5p5_seed_1/val_pred_distribution.png
2026-05-10 13:03:29,050 INFO src.train.classifier_train_step: Prediction distribution plot has been saved to: /root/autodl-tmp/em_eqf/experiments/clf_grid_2/runs/tf_90_mf_5p5_seed_1/test_pred_distribution.png
2026-05-10 13:03:29,050 INFO src.cli.common: Saved test metrics to /root/autodl-tmp/em_eqf/experiments/clf_grid_2/runs/tf_90_mf_5p5_seed_1/metrics_test_best_1.json
2026-05-10 13:03:29,051 INFO src.cli.common: Metrics: {'precision': 0.0958904109589041, 'recall': 0.3684210526315789, 'f1': 0.15217391304347827, 'auc': 0.3855750487329435, 'pr_auc': 0.15028654656588525, 'fpr': 0.4888888888888889, 'tpr': 0.3684210526315789, 'R': -0.12046783625730995, 'conf': 0.5138052602098215, 'threshold': 0.25893479585647583}
