2026-05-03 17:27:21,362 INFO src.data.preprocessing: CSV files found: ['chuandian_2021.csv']
2026-05-03 17:27:22,107 INFO src.data.preprocessing: Catalog statistics: {'tau_unfiltered': 0.15339908988298961, 'tau_q025': 0.08114294020924717, 'tau_q05': 0.5134664350189269, 'tau_mean': 1.3070542199341526, 'tau_max': 25.18216435192153, 'tau_min': 0.0, 'time_max': 18770.72654999979, 'time_mean': 10030.9430649837, 'mag_completeness': 3.0, 'mag_mean': 3.456916005014626, 'mag_max': 8.0, 'mag_min': 3.0, 'b_value': 0.856738547623331, 'b_std': 0.0071499224812533796, 'b_n': 14358}
2026-05-03 17:27:22,108 INFO src.data.preparation: stats {'tau_unfiltered': 0.15339908988298961, 'tau_q025': 0.08114294020924717, 'tau_q05': 0.5134664350189269, 'tau_mean': 1.3070542199341526, 'tau_max': 25.18216435192153, 'tau_min': 0.0, 'time_max': 18770.72654999979, 'time_mean': 10030.9430649837, 'mag_completeness': 3.0, 'mag_mean': 3.456916005014626, 'mag_max': 8.0, 'mag_min': 3.0, 'b_value': 0.856738547623331, 'b_std': 0.0071499224812533796, 'b_n': 14358}
2026-05-03 17:27:22,116 INFO src.utils.file_utils: Loading cached data from: data/ChuanDian/classifier/classifier_Mc_3_Mf_4.5_Tfore_30_Twindow_180_context_len_1_dt_10.pkl
2026-05-03 17:27:23,122 INFO src.data.event_loader: lengths of samples: min=32, max=981, avg=135.26
2026-05-03 17:27:23,122 INFO src.data.event_loader: Number of positive samples: 836
2026-05-03 17:27:23,122 INFO src.data.event_loader: Number of negative samples: 594
2026-05-03 17:27:23,146 INFO src.data.event_loader: Positive samples: 706, Negative samples: 438
2026-05-03 17:27:23,147 INFO src.data.event_loader: Total samples: 1144, Positive ratio: 0.62, Negative ratio: 0.38
2026-05-03 17:27:23,147 INFO src.data.event_loader: Positive samples: 83, Negative samples: 60
2026-05-03 17:27:23,147 INFO src.data.event_loader: Total samples: 143, Positive ratio: 0.58, Negative ratio: 0.42
2026-05-03 17:27:23,147 INFO src.data.event_loader: Positive samples: 47, Negative samples: 96
2026-05-03 17:27:23,147 INFO src.data.event_loader: Total samples: 143, Positive ratio: 0.33, Negative ratio: 0.67
2026-05-03 17:27:23,319 INFO __main__: Loading checkpoint from: ./checkpoints/mixer_tpp_20260203-161948/last_model_1.pth
2026-05-03 17:27:24,151 INFO src.models.input_adapters: using time scale base 1.3070542199341526 (key: tau_mean)
2026-05-03 17:27:24,151 INFO src.models.input_adapters: tau mean: tensor(1.3071)
2026-05-03 17:27:24,156 INFO src.train.config_setup: load_specific_parts: ['encoder']
2026-05-03 17:27:24,156 WARNING src.train.config_setup: richter_b not found in model
2026-05-03 17:27:24,157 WARNING src.train.config_setup: mag_completeness not found in model
2026-05-03 17:27:24,157 INFO src.train.config_setup: Loaded part: base_model.encoder.input_proj.0.weight
2026-05-03 17:27:24,157 INFO src.train.config_setup: Loaded part: base_model.encoder.input_proj.0.bias
2026-05-03 17:27:24,157 INFO src.train.config_setup: Loaded part: base_model.encoder.input_proj.3.weight
2026-05-03 17:27:24,157 INFO src.train.config_setup: Loaded part: base_model.encoder.input_proj.3.bias
2026-05-03 17:27:24,157 INFO src.train.config_setup: Loaded part: base_model.encoder.layers.0.norm.weight
2026-05-03 17:27:24,157 INFO src.train.config_setup: Loaded part: base_model.encoder.layers.0.norm.bias
2026-05-03 17:27:24,157 INFO src.train.config_setup: Loaded part: base_model.encoder.layers.0.mixer.dt_bias
2026-05-03 17:27:24,157 INFO src.train.config_setup: Loaded part: base_model.encoder.layers.0.mixer.A_log
2026-05-03 17:27:24,157 INFO src.train.config_setup: Loaded part: base_model.encoder.layers.0.mixer.D
2026-05-03 17:27:24,157 INFO src.train.config_setup: Loaded part: base_model.encoder.layers.0.mixer.in_proj.weight
2026-05-03 17:27:24,157 INFO src.train.config_setup: Loaded part: base_model.encoder.layers.0.mixer.norm.weight
2026-05-03 17:27:24,157 INFO src.train.config_setup: Loaded part: base_model.encoder.layers.0.mixer.out_proj.weight
2026-05-03 17:27:24,157 INFO src.train.config_setup: Loaded part: base_model.encoder.layers.0.norm2.weight
2026-05-03 17:27:24,157 INFO src.train.config_setup: Loaded part: base_model.encoder.layers.0.norm2.bias
2026-05-03 17:27:24,157 INFO src.train.config_setup: Loaded part: base_model.encoder.layers.0.mlp.fc1.weight
2026-05-03 17:27:24,157 INFO src.train.config_setup: Loaded part: base_model.encoder.layers.0.mlp.fc2.weight
2026-05-03 17:27:24,157 INFO src.train.config_setup: Loaded part: base_model.encoder.layers.1.norm.weight
2026-05-03 17:27:24,157 INFO src.train.config_setup: Loaded part: base_model.encoder.layers.1.norm.bias
2026-05-03 17:27:24,157 WARNING src.train.config_setup: base_model.encoder.layers.1.mixer.dt_bias not found in model
2026-05-03 17:27:24,157 WARNING src.train.config_setup: base_model.encoder.layers.1.mixer.A_log not found in model
2026-05-03 17:27:24,157 WARNING src.train.config_setup: base_model.encoder.layers.1.mixer.D not found in model
2026-05-03 17:27:24,157 WARNING src.train.config_setup: Shape mismatch for base_model.encoder.layers.1.mixer.in_proj.weight (checkpoint: torch.Size([514, 64]), model: torch.Size([192, 64]))
2026-05-03 17:27:24,157 WARNING src.train.config_setup: base_model.encoder.layers.1.mixer.norm.weight not found in model
2026-05-03 17:27:24,158 WARNING src.train.config_setup: Shape mismatch for base_model.encoder.layers.1.mixer.out_proj.weight (checkpoint: torch.Size([64, 128]), model: torch.Size([64, 64]))
2026-05-03 17:27:24,158 INFO src.train.config_setup: Loaded part: base_model.encoder.layers.1.norm2.weight
2026-05-03 17:27:24,158 INFO src.train.config_setup: Loaded part: base_model.encoder.layers.1.norm2.bias
2026-05-03 17:27:24,158 INFO src.train.config_setup: Loaded part: base_model.encoder.layers.1.mlp.fc1.weight
2026-05-03 17:27:24,158 INFO src.train.config_setup: Loaded part: base_model.encoder.layers.1.mlp.fc2.weight
2026-05-03 17:27:24,158 INFO src.train.config_setup: Loaded part: base_model.encoder.norm_f.weight
2026-05-03 17:27:24,158 INFO src.train.config_setup: Loaded part: base_model.encoder.norm_f.bias
2026-05-03 17:27:24,158 WARNING src.train.config_setup: hypernet_time.weight not found in model
2026-05-03 17:27:24,158 WARNING src.train.config_setup: hypernet_time.bias not found in model
2026-05-03 17:27:24,158 WARNING src.train.config_setup: hypernet_mag.0.weight not found in model
2026-05-03 17:27:24,158 WARNING src.train.config_setup: hypernet_mag.0.bias not found in model
2026-05-03 17:27:24,159 INFO src.train.config_setup: hyperparameters: {'model': 'mixer_tpp', 'num_event_types': 1, 'pad_token_id': 1, 'task_type': 'tpp', 'batch_size': 1, 'accumulation_steps': 1, 'warmup_ratio': 0.1, 'learning_rate': 0.001, 'weight_decay': 0.01, 'scheduler_factor': None, 'scheduler_patience': None, 'scheduler_threshold': None, 'scheduler_min_lr': 1e-06, 'scheduler_type': 'hf_cosine', 'step_lr_step_size_ratio': 0.2, 'step_lr_gamma': 0.8, 'use_amp': False, 'dropout': 0.3, 'd_model': 64, 'mixer_model_config': {'input_dim': 1, 'dropout_prob': 0.1, 'd_model': 64, 'n_layer': 2, 'd_intermediate': 128, 'input_proj_type': 'mlp', 'input_proj_hidden': 128, 'input_proj_activation': 'silu', 'input_proj_dropout': 0.1, 'input_init': 'kaiming_uniform', 'input_init_scale': 1.5, 'attn_layer_idx': [], 'ssm_cfg': {'layer': 'Mamba2Rotary', 'use_conv': False, 'rotary_emb_scale_base': 8192}, 'attn_cfg': {'layer': 'MHATime', 'num_heads': 4, 'rotary_emb_dim': 8, 'rotary_emb_scale_base': 8192, 'causal': True}, 'norm_epsilon': 1e-05, 'rms_norm': False, 'initializer_cfg': {'initializer_range': 0.02}, 'fused_add_norm': False, 'residual_in_fp32': True}, 'num_components': 32, 'dim': 1, 'epochs': 2000, 'save_dir': 'checkpoints/mixer_tpp_20260203-161948', 'cuda_id': '0', 'dataset': 'AZDX', 'seed': 0, 'minibatch_training': False, 'split_by_time': True, 'use_all_data': True, 'time_order': ['train', 'val', 'test'], 'features_input_keys': ['mag'], 'normalize_time_by_token': True, 'time_scale_base_key': 'tau_mean', 'predict_b': True, 'use_ssm_filter': False, 'B_range': [0.0001, 0.01], 'use_b_updater': True, 'use_adaptive_loss_weights': False, 'b_updater_cfg': {'delta': 0.98, 'a0': 50, 'init_b_target': 1}, 'loss_weights': {'time_weight': 1, 'mag_weight': 1, 'b_weight': 0.01, 'b_smooth_weight': 0.0}, 'loss_reduction': 'per_time', 'b_range': [0.2, 2], 'cuda': True, 'tau_mean': 0.13702379167079926, 'tau_min': 0.0010000000474974513, 'tau_max': 6.258999824523926, 'tau_q05': 0.10000000149011612, 'tau_q025': 0.009999999776482582, 'mag_mean': 4.849897384643555, 'time_max': 19885.998046875, 'time_mean': 7313.00341796875, 'mag_completeness': 4.5, 'richter_b_mle': 1.223718462561905, 'precision': 32, 'num_events_train': 136452, 'num_events_val': 0, 'start_epoch': 0, 'best_val_loss': inf}
2026-05-03 17:27:24,159 INFO src.train.config_setup: train_metrics: {'avg_time_nll': -8.176608085632324, 'avg_mag_nll': -0.6273660659790039, 'avg_total_nll': -8.809625625610352, 'avg_b_nll': -0.565148651599884}
2026-05-03 17:27:24,159 INFO src.train.config_setup: val_metrics: {}
2026-05-03 17:27:24,160 INFO src.train.config_setup: Using classification criterion: bce
2026-05-03 17:27:24,160 INFO src.train.config_setup: Criterion config: {}
2026-05-03 17:27:24,161 INFO src.train.trainer: Epoch 1
2026-05-03 17:27:37,928 INFO src.train.trainer: New best validation loss: 0.6721, saved to checkpoints/clf_mixer_attnpl_t_20260503-172721/best_model_1.pth
2026-05-03 17:27:37,935 INFO src.train.trainer: Last model at epoch 1 saved to checkpoints/clf_mixer_attnpl_t_20260503-172721/last_model_1.pth
2026-05-03 17:27:37,935 INFO src.train.trainer: Epoch 2
2026-05-03 17:27:40,668 INFO src.train.trainer: Last model at epoch 2 saved to checkpoints/clf_mixer_attnpl_t_20260503-172721/last_model_1.pth
2026-05-03 17:27:40,669 INFO src.train.trainer: Epoch 3
2026-05-03 17:27:43,419 INFO src.train.trainer: New best validation loss: 0.6552, saved to checkpoints/clf_mixer_attnpl_t_20260503-172721/best_model_1.pth
2026-05-03 17:27:43,428 INFO src.train.trainer: Last model at epoch 3 saved to checkpoints/clf_mixer_attnpl_t_20260503-172721/last_model_1.pth
2026-05-03 17:27:43,428 INFO src.train.trainer: Epoch 4
2026-05-03 17:27:46,172 INFO src.train.trainer: Last model at epoch 4 saved to checkpoints/clf_mixer_attnpl_t_20260503-172721/last_model_1.pth
2026-05-03 17:27:46,172 INFO src.train.trainer: Epoch 5
2026-05-03 17:27:48,877 INFO src.train.trainer: Last model at epoch 5 saved to checkpoints/clf_mixer_attnpl_t_20260503-172721/last_model_1.pth
2026-05-03 17:27:48,877 INFO src.train.trainer: Epoch 6
2026-05-03 17:27:51,400 INFO src.train.trainer: New best validation loss: 0.6276, saved to checkpoints/clf_mixer_attnpl_t_20260503-172721/best_model_1.pth
2026-05-03 17:27:51,408 INFO src.train.trainer: Last model at epoch 6 saved to checkpoints/clf_mixer_attnpl_t_20260503-172721/last_model_1.pth
2026-05-03 17:27:51,408 INFO src.train.trainer: Epoch 7
2026-05-03 17:27:53,991 INFO src.train.trainer: New best validation loss: 0.6122, saved to checkpoints/clf_mixer_attnpl_t_20260503-172721/best_model_1.pth
2026-05-03 17:27:53,999 INFO src.train.trainer: Last model at epoch 7 saved to checkpoints/clf_mixer_attnpl_t_20260503-172721/last_model_1.pth
2026-05-03 17:27:53,999 INFO src.train.trainer: Epoch 8
2026-05-03 17:27:56,782 INFO src.train.trainer: Last model at epoch 8 saved to checkpoints/clf_mixer_attnpl_t_20260503-172721/last_model_1.pth
2026-05-03 17:27:56,783 INFO src.train.trainer: Epoch 9
2026-05-03 17:27:59,463 INFO src.train.trainer: Last model at epoch 9 saved to checkpoints/clf_mixer_attnpl_t_20260503-172721/last_model_1.pth
2026-05-03 17:27:59,464 INFO src.train.trainer: Epoch 10
2026-05-03 17:28:02,038 INFO src.train.trainer: Last model at epoch 10 saved to checkpoints/clf_mixer_attnpl_t_20260503-172721/last_model_1.pth
2026-05-03 17:28:02,038 INFO src.train.trainer: Epoch 11
2026-05-03 17:28:04,466 INFO src.train.trainer: Last model at epoch 11 saved to checkpoints/clf_mixer_attnpl_t_20260503-172721/last_model_1.pth
2026-05-03 17:28:04,466 INFO src.train.trainer: Epoch 12
2026-05-03 17:28:07,176 INFO src.train.trainer: New best validation loss: 0.5916, saved to checkpoints/clf_mixer_attnpl_t_20260503-172721/best_model_1.pth
2026-05-03 17:28:07,184 INFO src.train.trainer: Last model at epoch 12 saved to checkpoints/clf_mixer_attnpl_t_20260503-172721/last_model_1.pth
2026-05-03 17:28:07,184 INFO src.train.trainer: Epoch 13
2026-05-03 17:28:09,778 INFO src.train.trainer: Last model at epoch 13 saved to checkpoints/clf_mixer_attnpl_t_20260503-172721/last_model_1.pth
2026-05-03 17:28:09,778 INFO src.train.trainer: Epoch 14
2026-05-03 17:28:12,217 INFO src.train.trainer: Last model at epoch 14 saved to checkpoints/clf_mixer_attnpl_t_20260503-172721/last_model_1.pth
2026-05-03 17:28:12,217 INFO src.train.trainer: Epoch 15
2026-05-03 17:28:14,779 INFO src.train.trainer: Last model at epoch 15 saved to checkpoints/clf_mixer_attnpl_t_20260503-172721/last_model_1.pth
2026-05-03 17:28:14,780 INFO src.train.trainer: Epoch 16
2026-05-03 17:28:17,280 INFO src.train.trainer: Last model at epoch 16 saved to checkpoints/clf_mixer_attnpl_t_20260503-172721/last_model_1.pth
2026-05-03 17:28:17,280 INFO src.train.trainer: Epoch 17
2026-05-03 17:28:19,752 INFO src.train.trainer: Last model at epoch 17 saved to checkpoints/clf_mixer_attnpl_t_20260503-172721/last_model_1.pth
2026-05-03 17:28:19,752 INFO src.train.trainer: Epoch 18
2026-05-03 17:28:22,509 INFO src.train.trainer: Last model at epoch 18 saved to checkpoints/clf_mixer_attnpl_t_20260503-172721/last_model_1.pth
2026-05-03 17:28:22,509 INFO src.train.trainer: Epoch 19
2026-05-03 17:28:25,026 INFO src.train.trainer: New best validation loss: 0.5825, saved to checkpoints/clf_mixer_attnpl_t_20260503-172721/best_model_1.pth
2026-05-03 17:28:25,035 INFO src.train.trainer: Last model at epoch 19 saved to checkpoints/clf_mixer_attnpl_t_20260503-172721/last_model_1.pth
2026-05-03 17:28:25,035 INFO src.train.trainer: Epoch 20
2026-05-03 17:28:27,631 INFO src.train.trainer: Last model at epoch 20 saved to checkpoints/clf_mixer_attnpl_t_20260503-172721/last_model_1.pth
2026-05-03 17:28:27,631 INFO src.train.trainer: Epoch 21
2026-05-03 17:28:30,160 INFO src.train.trainer: Last model at epoch 21 saved to checkpoints/clf_mixer_attnpl_t_20260503-172721/last_model_1.pth
2026-05-03 17:28:30,160 INFO src.train.trainer: Epoch 22
2026-05-03 17:28:32,752 INFO src.train.trainer: Last model at epoch 22 saved to checkpoints/clf_mixer_attnpl_t_20260503-172721/last_model_1.pth
2026-05-03 17:28:32,752 INFO src.train.trainer: Epoch 23
2026-05-03 17:28:35,449 INFO src.train.trainer: Last model at epoch 23 saved to checkpoints/clf_mixer_attnpl_t_20260503-172721/last_model_1.pth
2026-05-03 17:28:35,449 INFO src.train.trainer: Epoch 24
2026-05-03 17:28:38,187 INFO src.train.trainer: Last model at epoch 24 saved to checkpoints/clf_mixer_attnpl_t_20260503-172721/last_model_1.pth
2026-05-03 17:28:38,187 INFO src.train.trainer: Epoch 25
2026-05-03 17:28:40,766 INFO src.train.trainer: Last model at epoch 25 saved to checkpoints/clf_mixer_attnpl_t_20260503-172721/last_model_1.pth
2026-05-03 17:28:40,766 INFO src.train.trainer: Epoch 26
2026-05-03 17:28:43,217 INFO src.train.trainer: Last model at epoch 26 saved to checkpoints/clf_mixer_attnpl_t_20260503-172721/last_model_1.pth
2026-05-03 17:28:43,217 INFO src.train.trainer: Epoch 27
2026-05-03 17:28:45,921 INFO src.train.trainer: New best validation loss: 0.5815, saved to checkpoints/clf_mixer_attnpl_t_20260503-172721/best_model_1.pth
2026-05-03 17:28:45,929 INFO src.train.trainer: Last model at epoch 27 saved to checkpoints/clf_mixer_attnpl_t_20260503-172721/last_model_1.pth
2026-05-03 17:28:45,929 INFO src.train.trainer: Epoch 28
2026-05-03 17:28:48,506 INFO src.train.trainer: Last model at epoch 28 saved to checkpoints/clf_mixer_attnpl_t_20260503-172721/last_model_1.pth
2026-05-03 17:28:48,506 INFO src.train.trainer: Epoch 29
2026-05-03 17:28:51,045 INFO src.train.trainer: Last model at epoch 29 saved to checkpoints/clf_mixer_attnpl_t_20260503-172721/last_model_1.pth
2026-05-03 17:28:51,045 INFO src.train.trainer: Epoch 30
2026-05-03 17:28:53,605 INFO src.train.trainer: Last model at epoch 30 saved to checkpoints/clf_mixer_attnpl_t_20260503-172721/last_model_1.pth
2026-05-03 17:28:53,605 INFO src.train.trainer: Epoch 31
2026-05-03 17:28:55,920 INFO src.train.trainer: New best validation loss: 0.5712, saved to checkpoints/clf_mixer_attnpl_t_20260503-172721/best_model_1.pth
2026-05-03 17:28:55,928 INFO src.train.trainer: Last model at epoch 31 saved to checkpoints/clf_mixer_attnpl_t_20260503-172721/last_model_1.pth
2026-05-03 17:28:55,928 INFO src.train.trainer: Epoch 32
2026-05-03 17:28:58,336 INFO src.train.trainer: Last model at epoch 32 saved to checkpoints/clf_mixer_attnpl_t_20260503-172721/last_model_1.pth
2026-05-03 17:28:58,336 INFO src.train.trainer: Epoch 33
2026-05-03 17:29:00,708 INFO src.train.trainer: Last model at epoch 33 saved to checkpoints/clf_mixer_attnpl_t_20260503-172721/last_model_1.pth
2026-05-03 17:29:00,708 INFO src.train.trainer: Epoch 34
2026-05-03 17:29:03,160 INFO src.train.trainer: Last model at epoch 34 saved to checkpoints/clf_mixer_attnpl_t_20260503-172721/last_model_1.pth
2026-05-03 17:29:03,160 INFO src.train.trainer: Epoch 35
2026-05-03 17:29:05,729 INFO src.train.trainer: Last model at epoch 35 saved to checkpoints/clf_mixer_attnpl_t_20260503-172721/last_model_1.pth
2026-05-03 17:29:05,729 INFO src.train.trainer: Epoch 36
2026-05-03 17:29:08,105 INFO src.train.trainer: Last model at epoch 36 saved to checkpoints/clf_mixer_attnpl_t_20260503-172721/last_model_1.pth
2026-05-03 17:29:08,106 INFO src.train.trainer: Epoch 37
2026-05-03 17:29:10,581 INFO src.train.trainer: Last model at epoch 37 saved to checkpoints/clf_mixer_attnpl_t_20260503-172721/last_model_1.pth
2026-05-03 17:29:10,581 INFO src.train.trainer: Epoch 38
2026-05-03 17:29:12,865 INFO src.train.trainer: Last model at epoch 38 saved to checkpoints/clf_mixer_attnpl_t_20260503-172721/last_model_1.pth
2026-05-03 17:29:12,866 INFO src.train.trainer: Epoch 39
2026-05-03 17:29:15,025 INFO src.train.trainer: Last model at epoch 39 saved to checkpoints/clf_mixer_attnpl_t_20260503-172721/last_model_1.pth
2026-05-03 17:29:15,026 INFO src.train.trainer: Epoch 40
2026-05-03 17:29:17,561 INFO src.train.trainer: Last model at epoch 40 saved to checkpoints/clf_mixer_attnpl_t_20260503-172721/last_model_1.pth
2026-05-03 17:29:17,561 INFO src.train.trainer: Epoch 41
2026-05-03 17:29:20,001 INFO src.train.trainer: Last model at epoch 41 saved to checkpoints/clf_mixer_attnpl_t_20260503-172721/last_model_1.pth
2026-05-03 17:29:20,001 INFO src.train.trainer: Epoch 42
2026-05-03 17:29:22,522 INFO src.train.trainer: Last model at epoch 42 saved to checkpoints/clf_mixer_attnpl_t_20260503-172721/last_model_1.pth
2026-05-03 17:29:22,522 INFO src.train.trainer: Epoch 43
2026-05-03 17:29:24,957 INFO src.train.trainer: Last model at epoch 43 saved to checkpoints/clf_mixer_attnpl_t_20260503-172721/last_model_1.pth
2026-05-03 17:29:24,957 INFO src.train.trainer: Epoch 44
2026-05-03 17:29:27,331 INFO src.train.trainer: Last model at epoch 44 saved to checkpoints/clf_mixer_attnpl_t_20260503-172721/last_model_1.pth
2026-05-03 17:29:27,331 INFO src.train.trainer: Epoch 45
2026-05-03 17:29:29,613 INFO src.train.trainer: Last model at epoch 45 saved to checkpoints/clf_mixer_attnpl_t_20260503-172721/last_model_1.pth
2026-05-03 17:29:29,613 INFO src.train.trainer: Epoch 46
2026-05-03 17:29:32,003 INFO src.train.trainer: Last model at epoch 46 saved to checkpoints/clf_mixer_attnpl_t_20260503-172721/last_model_1.pth
2026-05-03 17:29:32,003 INFO src.train.trainer: Epoch 47
2026-05-03 17:29:34,319 INFO src.train.trainer: Last model at epoch 47 saved to checkpoints/clf_mixer_attnpl_t_20260503-172721/last_model_1.pth
2026-05-03 17:29:34,319 INFO src.train.trainer: Epoch 48
2026-05-03 17:29:36,643 INFO src.train.trainer: Last model at epoch 48 saved to checkpoints/clf_mixer_attnpl_t_20260503-172721/last_model_1.pth
2026-05-03 17:29:36,643 INFO src.train.trainer: Epoch 49
2026-05-03 17:29:39,018 INFO src.train.trainer: Last model at epoch 49 saved to checkpoints/clf_mixer_attnpl_t_20260503-172721/last_model_1.pth
2026-05-03 17:29:39,018 INFO src.train.trainer: Epoch 50
2026-05-03 17:29:41,151 INFO src.train.trainer: Last model at epoch 50 saved to checkpoints/clf_mixer_attnpl_t_20260503-172721/last_model_1.pth
2026-05-03 17:29:41,152 INFO src.train.trainer: Epoch 51
2026-05-03 17:29:43,381 INFO src.train.trainer: Last model at epoch 51 saved to checkpoints/clf_mixer_attnpl_t_20260503-172721/last_model_1.pth
2026-05-03 17:29:43,382 INFO src.train.trainer: Epoch 52
2026-05-03 17:29:45,775 INFO src.train.trainer: Last model at epoch 52 saved to checkpoints/clf_mixer_attnpl_t_20260503-172721/last_model_1.pth
2026-05-03 17:29:45,775 INFO src.train.trainer: Epoch 53
2026-05-03 17:29:48,001 INFO src.train.trainer: Last model at epoch 53 saved to checkpoints/clf_mixer_attnpl_t_20260503-172721/last_model_1.pth
2026-05-03 17:29:48,001 INFO src.train.trainer: Epoch 54
2026-05-03 17:29:50,387 INFO src.train.trainer: Last model at epoch 54 saved to checkpoints/clf_mixer_attnpl_t_20260503-172721/last_model_1.pth
2026-05-03 17:29:50,388 INFO src.train.trainer: Epoch 55
2026-05-03 17:29:52,647 INFO src.train.trainer: Last model at epoch 55 saved to checkpoints/clf_mixer_attnpl_t_20260503-172721/last_model_1.pth
2026-05-03 17:29:52,647 INFO src.train.trainer: Epoch 56
2026-05-03 17:29:54,903 INFO src.train.trainer: Last model at epoch 56 saved to checkpoints/clf_mixer_attnpl_t_20260503-172721/last_model_1.pth
2026-05-03 17:29:54,904 INFO src.train.trainer: Epoch 57
2026-05-03 17:29:57,458 INFO src.train.trainer: Last model at epoch 57 saved to checkpoints/clf_mixer_attnpl_t_20260503-172721/last_model_1.pth
2026-05-03 17:29:57,458 INFO src.train.trainer: Epoch 58
2026-05-03 17:29:59,591 WARNING src.train.trainer: Training interrupted. Saving current state...
2026-05-03 17:29:59,616 INFO src.train.trainer: Checkpoint saved at checkpoints/clf_mixer_attnpl_t_20260503-172721/checkpoint_interrupted_1.pth
2026-05-03 17:30:11,432 INFO src.data.preprocessing: CSV files found: ['chuandian_2021.csv']
2026-05-03 17:30:12,189 INFO src.data.preprocessing: Catalog statistics: {'tau_unfiltered': 0.15339908988298961, 'tau_q025': 0.08114294020924717, 'tau_q05': 0.5134664350189269, 'tau_mean': 1.3070542199341526, 'tau_max': 25.18216435192153, 'tau_min': 0.0, 'time_max': 18770.72654999979, 'time_mean': 10030.9430649837, 'mag_completeness': 3.0, 'mag_mean': 3.456916005014626, 'mag_max': 8.0, 'mag_min': 3.0, 'b_value': 0.856738547623331, 'b_std': 0.0071499224812533796, 'b_n': 14358}
2026-05-03 17:30:12,191 INFO src.data.preparation: stats {'tau_unfiltered': 0.15339908988298961, 'tau_q025': 0.08114294020924717, 'tau_q05': 0.5134664350189269, 'tau_mean': 1.3070542199341526, 'tau_max': 25.18216435192153, 'tau_min': 0.0, 'time_max': 18770.72654999979, 'time_mean': 10030.9430649837, 'mag_completeness': 3.0, 'mag_mean': 3.456916005014626, 'mag_max': 8.0, 'mag_min': 3.0, 'b_value': 0.856738547623331, 'b_std': 0.0071499224812533796, 'b_n': 14358}
2026-05-03 17:30:12,198 INFO src.utils.file_utils: Loading cached data from: data/ChuanDian/classifier/classifier_Mc_3_Mf_4.5_Tfore_30_Twindow_180_context_len_1_dt_10.pkl
2026-05-03 17:30:13,255 INFO src.data.event_loader: lengths of samples: min=32, max=981, avg=135.26
2026-05-03 17:30:13,256 INFO src.data.event_loader: Number of positive samples: 836
2026-05-03 17:30:13,256 INFO src.data.event_loader: Number of negative samples: 594
2026-05-03 17:30:13,257 INFO src.data.event_loader: Positive samples: 706, Negative samples: 438
2026-05-03 17:30:13,257 INFO src.data.event_loader: Total samples: 1144, Positive ratio: 0.62, Negative ratio: 0.38
2026-05-03 17:30:13,257 INFO src.data.event_loader: Positive samples: 83, Negative samples: 60
2026-05-03 17:30:13,257 INFO src.data.event_loader: Total samples: 143, Positive ratio: 0.58, Negative ratio: 0.42
2026-05-03 17:30:13,257 INFO src.data.event_loader: Positive samples: 47, Negative samples: 96
2026-05-03 17:30:13,257 INFO src.data.event_loader: Total samples: 143, Positive ratio: 0.33, Negative ratio: 0.67
2026-05-03 17:30:14,122 INFO src.models.input_adapters: using time scale base 1.3070542199341526 (key: tau_mean)
2026-05-03 17:30:14,122 INFO src.models.input_adapters: tau mean: tensor(1.3071)
2026-05-03 17:30:14,127 INFO src.train.config_setup: load_specific_parts: None
2026-05-03 17:30:14,129 INFO src.train.config_setup: Checkpoint loaded: <All keys matched successfully>
2026-05-03 17:30:14,130 INFO src.train.config_setup: hyperparameters: {'resume_path': './checkpoints/mixer_tpp_20260203-161948/last_model_1.pth', 'load_specific_parts': ['encoder'], 'model': 'clf_mixer_attnpl_t', 'use_ema': False, 'batch_size': 64, 'accumulation_steps': 1, 'warmup_ratio': 0.1, 'learning_rate': 0.0006, 'weight_decay': 0.001, 'scheduler_factor': None, 'scheduler_patience': None, 'scheduler_threshold': None, 'scheduler_min_lr': 1e-06, 'scheduler_type': 'step_warmup', 'step_lr_step_size_ratio': 0.2, 'step_lr_gamma': 0.5, 'd_model': 64, 'mixer_model_config': {'input_dim': 1, 'dropout_prob': 0.1, 'd_model': 64, 'n_layer': 3, 'd_intermediate': 128, 'attn_layer_idx': [1], 'input_proj_type': 'mlp', 'input_proj_hidden': 128, 'input_proj_activation': 'silu', 'input_proj_dropout': 0.1, 'input_init': 'kaiming_uniform', 'input_init_scale': 1.5, 'ssm_cfg': {'layer': 'Mamba2Rotary', 'use_conv': False, 'rotary_emb_scale_base': 1024}, 'attn_cfg': {'layer': 'MHATime', 'num_heads': 4, 'rotary_emb_dim': 8, 'rotary_emb_scale_base': 1024, 'causal': True}, 'norm_epsilon': 1e-05, 'rms_norm': False, 'initializer_cfg': {'initializer_range': 0.02}, 'fused_add_norm': False, 'residual_in_fp32': True}, 'extractor_name': 'attn_time_biased_mh', 'time_bias_type': 'log', 'mlp_out': 1, 'mlp_dropout': 0.5, 'mlp_hdw': [128], 'dim': 1, 'epochs': 100, 'save_dir': 'checkpoints/clf_mixer_attnpl_t_20260503-172721', 'cuda_id': '0', 'dataset': 'ChuanDian', 'seed': 0, 'Mc': 3, 'Mf': 4.5, 'Twindow': 180, 'Tfore': 30, 'dt': 10, 'context_len': 1, 'split_by_time': True, 'use_sampler': True, 'time_order': ['train', 'val', 'test'], 'features_input_keys': ['mag'], 'normalize_time_by_token': True, 'time_scale_base_key': 'tau_mean', 'cuda': True, 'stats': {'tau_unfiltered': 0.15339908988298961, 'tau_q025': 0.08114294020924717, 'tau_q05': 0.5134664350189269, 'tau_mean': 1.3070542199341526, 'tau_max': 25.18216435192153, 'tau_min': 0.0, 'time_max': 18770.72654999979, 'time_mean': 10030.9430649837, 'mag_completeness': 3.0, 'mag_mean': 3.456916005014626, 'mag_max': 8.0, 'mag_min': 3.0, 'b_value': 0.856738547623331, 'b_std': 0.0071499224812533796, 'b_n': 14358}, 'task_type': 'classification', 'start_epoch': 0, 'best_val_loss': nan}
2026-05-03 17:30:14,130 INFO src.train.config_setup: train_metrics: {'precision': 0.7996289424860853, 'recall': 0.7482638888888888, 'f1': 0.7730941704035874, 'auc': 0.8481422388497651, 'pr_auc': 0.8869673257771559, 'fpr': 0.19014084507042253, 'tpr': 0.7482638888888888, 'R': 0.5581230438184663, 'conf': 1.0, 'threshold': 0.3960426449775696}
2026-05-03 17:30:14,130 INFO src.train.config_setup: val_metrics: {'precision': 0.6029411764705882, 'recall': 0.9879518072289156, 'f1': 0.7488584474885844, 'auc': 0.7600401606425702, 'pr_auc': 0.8487027929016266, 'fpr': 0.9, 'tpr': 0.9879518072289156, 'R': 0.0879518072289156, 'conf': 3.232689171152329e-20, 'threshold': 0.20299288630485535}
2026-05-03 17:30:14,130 INFO src.train.config_setup: Using classification criterion: bce
2026-05-03 17:30:14,130 INFO src.train.config_setup: Criterion config: {}
2026-05-03 17:30:14,131 INFO __main__: Using threshold 0.20299288630485535 from checkpoint val_metrics for testing.
2026-05-03 17:30:19,188 INFO src.utils.metrics: ROC curve saved to checkpoints/clf_mixer_attnpl_t_20260503-172721/roc_curve.png
2026-05-03 17:30:19,328 INFO src.utils.metrics: PR curve saved to checkpoints/clf_mixer_attnpl_t_20260503-172721/pr_curve.png
2026-05-03 17:30:19,400 INFO src.utils.metrics: Confusion matrix saved to checkpoints/clf_mixer_attnpl_t_20260503-172721/confusion_matrix.png
2026-05-03 17:30:19,400 INFO __main__: Test loss: 0.3704424053430557
2026-05-03 17:30:20,262 INFO src.train.classifier_train_step: Prediction distribution plot has been saved to: checkpoints/clf_mixer_attnpl_t_20260503-172721/train_pred_distribution.png
2026-05-03 17:30:20,921 INFO src.train.classifier_train_step: Prediction distribution plot has been saved to: checkpoints/clf_mixer_attnpl_t_20260503-172721/val_pred_distribution.png
2026-05-03 17:30:21,512 INFO src.train.classifier_train_step: Prediction distribution plot has been saved to: checkpoints/clf_mixer_attnpl_t_20260503-172721/test_pred_distribution.png
2026-05-03 17:30:21,513 INFO __main__: Saved test metrics to checkpoints/clf_mixer_attnpl_t_20260503-172721/metrics_test_best_1.json
2026-05-03 17:30:21,513 INFO __main__: Metrics: {'precision': 0.39473684210526316, 'recall': 0.9574468085106383, 'f1': 0.5590062111801242, 'auc': 0.8543882978723405, 'pr_auc': 0.8194591821590843, 'fpr': 0.71875, 'tpr': 0.9574468085106383, 'R': 0.23869680851063835, 'conf': 1.6780621622789744e-08, 'threshold': 0.20299288630485535}
2026-05-03 17:35:28,874 INFO src.data.preprocessing: CSV files found: ['chuandian_2021.csv']
2026-05-03 17:35:29,780 INFO src.data.preprocessing: Catalog statistics: {'tau_unfiltered': 0.15339908988298961, 'tau_q025': 0.08114294020924717, 'tau_q05': 0.5134664350189269, 'tau_mean': 1.3070542199341526, 'tau_max': 25.18216435192153, 'tau_min': 0.0, 'time_max': 18770.72654999979, 'time_mean': 10030.9430649837, 'mag_completeness': 3.0, 'mag_mean': 3.456916005014626, 'mag_max': 8.0, 'mag_min': 3.0, 'b_value': 0.856738547623331, 'b_std': 0.0071499224812533796, 'b_n': 14358}
2026-05-03 17:35:29,781 INFO src.data.preparation: stats {'tau_unfiltered': 0.15339908988298961, 'tau_q025': 0.08114294020924717, 'tau_q05': 0.5134664350189269, 'tau_mean': 1.3070542199341526, 'tau_max': 25.18216435192153, 'tau_min': 0.0, 'time_max': 18770.72654999979, 'time_mean': 10030.9430649837, 'mag_completeness': 3.0, 'mag_mean': 3.456916005014626, 'mag_max': 8.0, 'mag_min': 3.0, 'b_value': 0.856738547623331, 'b_std': 0.0071499224812533796, 'b_n': 14358}
2026-05-03 17:35:29,788 INFO src.utils.file_utils: Processing and saving new data to: data/ChuanDian/classifier/classifier_Mc_3_Mf_4.5_Tfore_30_Twindow_180_context_len_1_dt_10.pkl
2026-05-03 17:35:29,790 INFO src.data.event_loader: Number of earthquake events (greater than Mc): 14358
2026-05-03 17:35:38,316 INFO src.data.event_loader: lengths of samples: min=32, max=981, avg=135.26
2026-05-03 17:35:38,317 INFO src.data.event_loader: Number of positive samples: 836
2026-05-03 17:35:38,317 INFO src.data.event_loader: Number of negative samples: 594
2026-05-03 17:35:38,318 INFO src.data.event_loader: Positive samples: 706, Negative samples: 438
2026-05-03 17:35:38,318 INFO src.data.event_loader: Total samples: 1144, Positive ratio: 0.62, Negative ratio: 0.38
2026-05-03 17:35:38,318 INFO src.data.event_loader: Positive samples: 83, Negative samples: 60
2026-05-03 17:35:38,318 INFO src.data.event_loader: Total samples: 143, Positive ratio: 0.58, Negative ratio: 0.42
2026-05-03 17:35:38,318 INFO src.data.event_loader: Positive samples: 47, Negative samples: 96
2026-05-03 17:35:38,318 INFO src.data.event_loader: Total samples: 143, Positive ratio: 0.33, Negative ratio: 0.67
2026-05-03 17:35:38,808 INFO src.models.input_adapters: using time scale base 1.3070542199341526 (key: tau_mean)
2026-05-03 17:35:38,808 INFO src.models.input_adapters: tau mean: tensor(1.3071)
2026-05-03 17:35:38,813 INFO src.train.config_setup: load_specific_parts: None
2026-05-03 17:35:38,815 INFO src.train.config_setup: Checkpoint loaded: <All keys matched successfully>
2026-05-03 17:35:38,816 INFO src.train.config_setup: hyperparameters: {'resume_path': './checkpoints/mixer_tpp_20260203-161948/last_model_1.pth', 'load_specific_parts': ['encoder'], 'model': 'clf_mixer_attnpl_t', 'use_ema': False, 'batch_size': 64, 'accumulation_steps': 1, 'warmup_ratio': 0.1, 'learning_rate': 0.0006, 'weight_decay': 0.001, 'scheduler_factor': None, 'scheduler_patience': None, 'scheduler_threshold': None, 'scheduler_min_lr': 1e-06, 'scheduler_type': 'step_warmup', 'step_lr_step_size_ratio': 0.2, 'step_lr_gamma': 0.5, 'd_model': 64, 'mixer_model_config': {'input_dim': 1, 'dropout_prob': 0.1, 'd_model': 64, 'n_layer': 3, 'd_intermediate': 128, 'attn_layer_idx': [1], 'input_proj_type': 'mlp', 'input_proj_hidden': 128, 'input_proj_activation': 'silu', 'input_proj_dropout': 0.1, 'input_init': 'kaiming_uniform', 'input_init_scale': 1.5, 'ssm_cfg': {'layer': 'Mamba2Rotary', 'use_conv': False, 'rotary_emb_scale_base': 1024}, 'attn_cfg': {'layer': 'MHATime', 'num_heads': 4, 'rotary_emb_dim': 8, 'rotary_emb_scale_base': 1024, 'causal': True}, 'norm_epsilon': 1e-05, 'rms_norm': False, 'initializer_cfg': {'initializer_range': 0.02}, 'fused_add_norm': False, 'residual_in_fp32': True}, 'extractor_name': 'attn_time_biased_mh', 'time_bias_type': 'log', 'mlp_out': 1, 'mlp_dropout': 0.5, 'mlp_hdw': [128], 'dim': 1, 'epochs': 100, 'save_dir': 'checkpoints/clf_mixer_attnpl_t_20260503-172721', 'cuda_id': '0', 'dataset': 'ChuanDian', 'seed': 0, 'Mc': 3, 'Mf': 4.5, 'Twindow': 180, 'Tfore': 30, 'dt': 10, 'context_len': 1, 'split_by_time': True, 'use_sampler': True, 'time_order': ['train', 'val', 'test'], 'features_input_keys': ['mag'], 'normalize_time_by_token': True, 'time_scale_base_key': 'tau_mean', 'cuda': True, 'stats': {'tau_unfiltered': 0.15339908988298961, 'tau_q025': 0.08114294020924717, 'tau_q05': 0.5134664350189269, 'tau_mean': 1.3070542199341526, 'tau_max': 25.18216435192153, 'tau_min': 0.0, 'time_max': 18770.72654999979, 'time_mean': 10030.9430649837, 'mag_completeness': 3.0, 'mag_mean': 3.456916005014626, 'mag_max': 8.0, 'mag_min': 3.0, 'b_value': 0.856738547623331, 'b_std': 0.0071499224812533796, 'b_n': 14358}, 'task_type': 'classification', 'start_epoch': 0, 'best_val_loss': nan}
2026-05-03 17:35:38,816 INFO src.train.config_setup: train_metrics: {'precision': 0.7996289424860853, 'recall': 0.7482638888888888, 'f1': 0.7730941704035874, 'auc': 0.8481422388497651, 'pr_auc': 0.8869673257771559, 'fpr': 0.19014084507042253, 'tpr': 0.7482638888888888, 'R': 0.5581230438184663, 'conf': 1.0, 'threshold': 0.3960426449775696}
2026-05-03 17:35:38,816 INFO src.train.config_setup: val_metrics: {'precision': 0.6029411764705882, 'recall': 0.9879518072289156, 'f1': 0.7488584474885844, 'auc': 0.7600401606425702, 'pr_auc': 0.8487027929016266, 'fpr': 0.9, 'tpr': 0.9879518072289156, 'R': 0.0879518072289156, 'conf': 3.232689171152329e-20, 'threshold': 0.20299288630485535}
2026-05-03 17:35:38,816 INFO src.train.config_setup: Using classification criterion: bce
2026-05-03 17:35:38,816 INFO src.train.config_setup: Criterion config: {}
2026-05-03 17:35:38,817 INFO __main__: Using threshold 0.20299288630485535 from checkpoint val_metrics for testing.
2026-05-03 17:35:43,872 INFO src.utils.metrics: ROC curve saved to checkpoints/clf_mixer_attnpl_t_20260503-172721/roc_curve.png
2026-05-03 17:35:43,992 INFO src.utils.metrics: PR curve saved to checkpoints/clf_mixer_attnpl_t_20260503-172721/pr_curve.png
2026-05-03 17:35:44,055 INFO src.utils.metrics: Confusion matrix saved to checkpoints/clf_mixer_attnpl_t_20260503-172721/confusion_matrix.png
2026-05-03 17:35:44,055 INFO __main__: Test loss: 0.3704424053430557
2026-05-03 17:35:45,002 INFO src.train.classifier_train_step: Prediction distribution plot has been saved to: checkpoints/clf_mixer_attnpl_t_20260503-172721/train_pred_distribution.png
2026-05-03 17:35:45,755 INFO src.train.classifier_train_step: Prediction distribution plot has been saved to: checkpoints/clf_mixer_attnpl_t_20260503-172721/val_pred_distribution.png
2026-05-03 17:35:46,446 INFO src.train.classifier_train_step: Prediction distribution plot has been saved to: checkpoints/clf_mixer_attnpl_t_20260503-172721/test_pred_distribution.png
2026-05-03 17:35:46,446 INFO __main__: Saved test metrics to checkpoints/clf_mixer_attnpl_t_20260503-172721/metrics_test_best_1.json
2026-05-03 17:35:46,447 INFO __main__: Metrics: {'precision': 0.39473684210526316, 'recall': 0.9574468085106383, 'f1': 0.5590062111801242, 'auc': 0.8543882978723405, 'pr_auc': 0.8194591821590843, 'fpr': 0.71875, 'tpr': 0.9574468085106383, 'R': 0.23869680851063835, 'conf': 1.6780621622789744e-08, 'threshold': 0.20299288630485535}
