2026-05-09 15:19:03,296 INFO src.data.preprocessing: CSV files found: ['chuandian_2021.csv']
2026-05-09 15:19:03,992 INFO src.utils.file_utils: Loading cached data from: data/ChuanDian/lstm_regressor/lstm_regressor_Mag_elaps_5.5-6-6.5-7_Mc_3_Mf_3_Tfore_180_Twindow_360_context_len_0_dt_10_feature_step_none_feature_window_none_lstm_feature_mode_external_sliding_time_step_5.pkl
2026-05-09 15:19:05,379 INFO src.data.preparation_modules.lstm: Applied T_elaps NaN high-sentinel imputation: [{'feature': 'T_elaps5.5', 'nan_count': 3000, 'fill_value': 359.6074755375663}, {'feature': 'T_elaps6', 'nan_count': 5230, 'fill_value': 359.6201514631899}, {'feature': 'T_elaps6.5', 'nan_count': 6979, 'fill_value': 360.000001}, {'feature': 'T_elaps7', 'nan_count': 8194, 'fill_value': 360.000001}]
2026-05-09 15:19:05,381 INFO src.data.lstm_loader: Original number of samples: 1819, number of samples after cleaning: 1819
2026-05-09 15:19:05,381 INFO src.data.lstm_loader: Replaced NaN values in X with 0.0
2026-05-09 15:19:05,413 INFO __main__: No resume path provided. Training will start from scratch.
2026-05-09 15:19:05,962 INFO src.train.config_setup: No checkpoint restore requested; initializing model from scratch.
2026-05-09 15:19:05,963 INFO src.train.config_setup: Freeze skipped (fresh_init): freeze_parts is empty.
2026-05-09 15:19:05,963 INFO src.train.config_setup: Using regression criterion: smooth_l1
2026-05-09 15:19:05,963 INFO src.train.config_setup: Criterion config: {'beta': 0.1}
2026-05-09 15:19:05,964 INFO src.train.trainer: Epoch 1
2026-05-09 15:19:06,496 INFO src.train.trainer: New best validation loss: 0.3921, saved to checkpoints/lstm_20260509-151903/best_model_1.pth
2026-05-09 15:19:06,523 INFO src.train.trainer: Last model at epoch 1 saved to checkpoints/lstm_20260509-151903/last_model_1.pth
2026-05-09 15:19:06,523 INFO src.train.trainer: Epoch 2
2026-05-09 15:19:06,904 INFO src.train.trainer: New best validation loss: 0.3089, saved to checkpoints/lstm_20260509-151903/best_model_1.pth
2026-05-09 15:19:06,955 INFO src.train.trainer: Last model at epoch 2 saved to checkpoints/lstm_20260509-151903/last_model_1.pth
2026-05-09 15:19:06,955 INFO src.train.trainer: Epoch 3
2026-05-09 15:19:07,267 INFO src.train.trainer: New best validation loss: 0.0684, saved to checkpoints/lstm_20260509-151903/best_model_1.pth
2026-05-09 15:19:07,305 INFO src.train.trainer: Last model at epoch 3 saved to checkpoints/lstm_20260509-151903/last_model_1.pth
2026-05-09 15:19:07,305 INFO src.train.trainer: Epoch 4
2026-05-09 15:19:07,664 INFO src.train.trainer: Last model at epoch 4 saved to checkpoints/lstm_20260509-151903/last_model_1.pth
2026-05-09 15:19:07,665 INFO src.train.trainer: Epoch 5
2026-05-09 15:19:08,067 INFO src.train.trainer: Last model at epoch 5 saved to checkpoints/lstm_20260509-151903/last_model_1.pth
2026-05-09 15:19:08,068 INFO src.train.trainer: Epoch 6
2026-05-09 15:19:08,471 INFO src.train.trainer: Last model at epoch 6 saved to checkpoints/lstm_20260509-151903/last_model_1.pth
2026-05-09 15:19:08,471 INFO src.train.trainer: Epoch 7
2026-05-09 15:19:08,875 INFO src.train.trainer: Last model at epoch 7 saved to checkpoints/lstm_20260509-151903/last_model_1.pth
2026-05-09 15:19:08,875 INFO src.train.trainer: Epoch 8
2026-05-09 15:19:09,272 INFO src.train.trainer: Last model at epoch 8 saved to checkpoints/lstm_20260509-151903/last_model_1.pth
2026-05-09 15:19:09,273 INFO src.train.trainer: Epoch 9
2026-05-09 15:19:09,669 INFO src.train.trainer: Last model at epoch 9 saved to checkpoints/lstm_20260509-151903/last_model_1.pth
2026-05-09 15:19:09,669 INFO src.train.trainer: Epoch 10
2026-05-09 15:19:10,070 INFO src.train.trainer: New best validation loss: 0.0675, saved to checkpoints/lstm_20260509-151903/best_model_1.pth
2026-05-09 15:19:10,110 INFO src.train.trainer: Last model at epoch 10 saved to checkpoints/lstm_20260509-151903/last_model_1.pth
2026-05-09 15:19:10,110 INFO src.train.trainer: Epoch 11
2026-05-09 15:19:10,481 INFO src.train.trainer: New best validation loss: 0.0670, saved to checkpoints/lstm_20260509-151903/best_model_1.pth
2026-05-09 15:19:10,520 INFO src.train.trainer: Last model at epoch 11 saved to checkpoints/lstm_20260509-151903/last_model_1.pth
2026-05-09 15:19:10,520 INFO src.train.trainer: Epoch 12
2026-05-09 15:19:10,909 INFO src.train.trainer: Last model at epoch 12 saved to checkpoints/lstm_20260509-151903/last_model_1.pth
2026-05-09 15:19:10,910 INFO src.train.trainer: Epoch 13
2026-05-09 15:19:11,307 INFO src.train.trainer: New best validation loss: 0.0663, saved to checkpoints/lstm_20260509-151903/best_model_1.pth
2026-05-09 15:19:11,346 INFO src.train.trainer: Last model at epoch 13 saved to checkpoints/lstm_20260509-151903/last_model_1.pth
2026-05-09 15:19:11,346 INFO src.train.trainer: Epoch 14
2026-05-09 15:19:11,728 INFO src.train.trainer: New best validation loss: 0.0663, saved to checkpoints/lstm_20260509-151903/best_model_1.pth
2026-05-09 15:19:11,767 INFO src.train.trainer: Last model at epoch 14 saved to checkpoints/lstm_20260509-151903/last_model_1.pth
2026-05-09 15:19:11,767 INFO src.train.trainer: Epoch 15
2026-05-09 15:19:12,144 INFO src.train.trainer: New best validation loss: 0.0663, saved to checkpoints/lstm_20260509-151903/best_model_1.pth
2026-05-09 15:19:12,183 INFO src.train.trainer: Last model at epoch 15 saved to checkpoints/lstm_20260509-151903/last_model_1.pth
2026-05-09 15:19:12,183 INFO src.train.trainer: Epoch 16
2026-05-09 15:19:12,576 INFO src.train.trainer: New best validation loss: 0.0662, saved to checkpoints/lstm_20260509-151903/best_model_1.pth
2026-05-09 15:19:12,615 INFO src.train.trainer: Last model at epoch 16 saved to checkpoints/lstm_20260509-151903/last_model_1.pth
2026-05-09 15:19:12,615 INFO src.train.trainer: Epoch 17
2026-05-09 15:19:13,007 INFO src.train.trainer: New best validation loss: 0.0660, saved to checkpoints/lstm_20260509-151903/best_model_1.pth
2026-05-09 15:19:13,047 INFO src.train.trainer: Last model at epoch 17 saved to checkpoints/lstm_20260509-151903/last_model_1.pth
2026-05-09 15:19:13,047 INFO src.train.trainer: Epoch 18
2026-05-09 15:19:13,428 INFO src.train.trainer: Last model at epoch 18 saved to checkpoints/lstm_20260509-151903/last_model_1.pth
2026-05-09 15:19:13,428 INFO src.train.trainer: Epoch 19
2026-05-09 15:19:13,844 INFO src.train.trainer: Last model at epoch 19 saved to checkpoints/lstm_20260509-151903/last_model_1.pth
2026-05-09 15:19:13,844 INFO src.train.trainer: Epoch 20
2026-05-09 15:19:14,257 INFO src.train.trainer: Last model at epoch 20 saved to checkpoints/lstm_20260509-151903/last_model_1.pth
2026-05-09 15:19:14,257 INFO src.train.trainer: Epoch 21
2026-05-09 15:19:14,667 INFO src.train.trainer: New best validation loss: 0.0658, saved to checkpoints/lstm_20260509-151903/best_model_1.pth
2026-05-09 15:19:14,707 INFO src.train.trainer: Last model at epoch 21 saved to checkpoints/lstm_20260509-151903/last_model_1.pth
2026-05-09 15:19:14,707 INFO src.train.trainer: Epoch 22
2026-05-09 15:19:15,100 INFO src.train.trainer: Last model at epoch 22 saved to checkpoints/lstm_20260509-151903/last_model_1.pth
2026-05-09 15:19:15,100 INFO src.train.trainer: Epoch 23
2026-05-09 15:19:15,471 INFO src.train.trainer: Last model at epoch 23 saved to checkpoints/lstm_20260509-151903/last_model_1.pth
2026-05-09 15:19:15,471 INFO src.train.trainer: Epoch 24
2026-05-09 15:19:15,866 INFO src.train.trainer: Last model at epoch 24 saved to checkpoints/lstm_20260509-151903/last_model_1.pth
2026-05-09 15:19:15,866 INFO src.train.trainer: Epoch 25
2026-05-09 15:19:16,266 INFO src.train.trainer: Last model at epoch 25 saved to checkpoints/lstm_20260509-151903/last_model_1.pth
2026-05-09 15:19:16,267 INFO src.train.trainer: Epoch 26
2026-05-09 15:19:16,670 INFO src.train.trainer: Last model at epoch 26 saved to checkpoints/lstm_20260509-151903/last_model_1.pth
2026-05-09 15:19:16,670 INFO src.train.trainer: Epoch 27
2026-05-09 15:19:17,078 INFO src.train.trainer: New best validation loss: 0.0657, saved to checkpoints/lstm_20260509-151903/best_model_1.pth
2026-05-09 15:19:17,120 INFO src.train.trainer: Last model at epoch 27 saved to checkpoints/lstm_20260509-151903/last_model_1.pth
2026-05-09 15:19:17,120 INFO src.train.trainer: Epoch 28
2026-05-09 15:19:17,496 INFO src.train.trainer: New best validation loss: 0.0656, saved to checkpoints/lstm_20260509-151903/best_model_1.pth
2026-05-09 15:19:17,538 INFO src.train.trainer: Last model at epoch 28 saved to checkpoints/lstm_20260509-151903/last_model_1.pth
2026-05-09 15:19:17,538 INFO src.train.trainer: Epoch 29
2026-05-09 15:19:17,920 INFO src.train.trainer: Last model at epoch 29 saved to checkpoints/lstm_20260509-151903/last_model_1.pth
2026-05-09 15:19:17,920 INFO src.train.trainer: Epoch 30
2026-05-09 15:19:18,332 INFO src.train.trainer: Last model at epoch 30 saved to checkpoints/lstm_20260509-151903/last_model_1.pth
2026-05-09 15:19:18,332 INFO src.train.trainer: Epoch 31
2026-05-09 15:19:18,732 INFO src.train.trainer: New best validation loss: 0.0654, saved to checkpoints/lstm_20260509-151903/best_model_1.pth
2026-05-09 15:19:18,774 INFO src.train.trainer: Last model at epoch 31 saved to checkpoints/lstm_20260509-151903/last_model_1.pth
2026-05-09 15:19:18,775 INFO src.train.trainer: Epoch 32
2026-05-09 15:19:19,165 INFO src.train.trainer: Last model at epoch 32 saved to checkpoints/lstm_20260509-151903/last_model_1.pth
2026-05-09 15:19:19,165 INFO src.train.trainer: Epoch 33
2026-05-09 15:19:19,571 INFO src.train.trainer: Last model at epoch 33 saved to checkpoints/lstm_20260509-151903/last_model_1.pth
2026-05-09 15:19:19,572 INFO src.train.trainer: Epoch 34
2026-05-09 15:19:19,982 INFO src.train.trainer: New best validation loss: 0.0653, saved to checkpoints/lstm_20260509-151903/best_model_1.pth
2026-05-09 15:19:20,025 INFO src.train.trainer: Last model at epoch 34 saved to checkpoints/lstm_20260509-151903/last_model_1.pth
2026-05-09 15:19:20,025 INFO src.train.trainer: Epoch 35
2026-05-09 15:19:20,374 INFO src.train.trainer: Last model at epoch 35 saved to checkpoints/lstm_20260509-151903/last_model_1.pth
2026-05-09 15:19:20,374 INFO src.train.trainer: Epoch 36
2026-05-09 15:19:20,758 INFO src.train.trainer: Last model at epoch 36 saved to checkpoints/lstm_20260509-151903/last_model_1.pth
2026-05-09 15:19:20,758 INFO src.train.trainer: Epoch 37
2026-05-09 15:19:21,159 INFO src.train.trainer: Last model at epoch 37 saved to checkpoints/lstm_20260509-151903/last_model_1.pth
2026-05-09 15:19:21,159 INFO src.train.trainer: Epoch 38
2026-05-09 15:19:21,562 INFO src.train.trainer: Last model at epoch 38 saved to checkpoints/lstm_20260509-151903/last_model_1.pth
2026-05-09 15:19:21,563 INFO src.train.trainer: Epoch 39
2026-05-09 15:19:21,966 INFO src.train.trainer: Last model at epoch 39 saved to checkpoints/lstm_20260509-151903/last_model_1.pth
2026-05-09 15:19:21,966 INFO src.train.trainer: Epoch 40
2026-05-09 15:19:22,364 INFO src.train.trainer: Last model at epoch 40 saved to checkpoints/lstm_20260509-151903/last_model_1.pth
2026-05-09 15:19:22,364 INFO src.train.trainer: Epoch 41
2026-05-09 15:19:22,773 INFO src.train.trainer: Last model at epoch 41 saved to checkpoints/lstm_20260509-151903/last_model_1.pth
2026-05-09 15:19:22,773 INFO src.train.trainer: Epoch 42
2026-05-09 15:19:23,173 INFO src.train.trainer: Last model at epoch 42 saved to checkpoints/lstm_20260509-151903/last_model_1.pth
2026-05-09 15:19:23,174 INFO src.train.trainer: Epoch 43
2026-05-09 15:19:23,594 INFO src.train.trainer: Last model at epoch 43 saved to checkpoints/lstm_20260509-151903/last_model_1.pth
2026-05-09 15:19:23,594 INFO src.train.trainer: Epoch 44
2026-05-09 15:19:23,997 INFO src.train.trainer: Last model at epoch 44 saved to checkpoints/lstm_20260509-151903/last_model_1.pth
2026-05-09 15:19:23,998 INFO src.train.trainer: Epoch 45
2026-05-09 15:19:24,409 INFO src.train.trainer: Last model at epoch 45 saved to checkpoints/lstm_20260509-151903/last_model_1.pth
2026-05-09 15:19:24,409 INFO src.train.trainer: Epoch 46
2026-05-09 15:19:24,810 INFO src.train.trainer: Last model at epoch 46 saved to checkpoints/lstm_20260509-151903/last_model_1.pth
2026-05-09 15:19:24,810 INFO src.train.trainer: Epoch 47
2026-05-09 15:19:25,226 INFO src.train.trainer: Last model at epoch 47 saved to checkpoints/lstm_20260509-151903/last_model_1.pth
2026-05-09 15:19:25,227 INFO src.train.trainer: Epoch 48
2026-05-09 15:19:25,603 INFO src.train.trainer: Last model at epoch 48 saved to checkpoints/lstm_20260509-151903/last_model_1.pth
2026-05-09 15:19:25,603 INFO src.train.trainer: Epoch 49
2026-05-09 15:19:26,023 INFO src.train.trainer: Last model at epoch 49 saved to checkpoints/lstm_20260509-151903/last_model_1.pth
2026-05-09 15:19:26,024 INFO src.train.trainer: Epoch 50
2026-05-09 15:19:26,432 INFO src.train.trainer: Last model at epoch 50 saved to checkpoints/lstm_20260509-151903/last_model_1.pth
2026-05-09 15:19:26,433 INFO src.train.trainer: Epoch 51
2026-05-09 15:19:26,835 INFO src.train.trainer: Last model at epoch 51 saved to checkpoints/lstm_20260509-151903/last_model_1.pth
2026-05-09 15:19:26,836 INFO src.train.trainer: Epoch 52
2026-05-09 15:19:27,244 INFO src.train.trainer: Last model at epoch 52 saved to checkpoints/lstm_20260509-151903/last_model_1.pth
2026-05-09 15:19:27,244 INFO src.train.trainer: Epoch 53
2026-05-09 15:19:27,654 INFO src.train.trainer: Last model at epoch 53 saved to checkpoints/lstm_20260509-151903/last_model_1.pth
2026-05-09 15:19:27,655 INFO src.train.trainer: Epoch 54
2026-05-09 15:19:28,001 INFO src.train.trainer: Last model at epoch 54 saved to checkpoints/lstm_20260509-151903/last_model_1.pth
2026-05-09 15:19:28,002 INFO src.train.trainer: Epoch 55
2026-05-09 15:19:28,387 INFO src.train.trainer: Last model at epoch 55 saved to checkpoints/lstm_20260509-151903/last_model_1.pth
2026-05-09 15:19:28,387 INFO src.train.trainer: Epoch 56
2026-05-09 15:19:28,796 INFO src.train.trainer: Last model at epoch 56 saved to checkpoints/lstm_20260509-151903/last_model_1.pth
2026-05-09 15:19:28,796 INFO src.train.trainer: Epoch 57
2026-05-09 15:19:29,167 INFO src.train.trainer: Last model at epoch 57 saved to checkpoints/lstm_20260509-151903/last_model_1.pth
2026-05-09 15:19:29,167 INFO src.train.trainer: Epoch 58
2026-05-09 15:19:29,571 INFO src.train.trainer: Last model at epoch 58 saved to checkpoints/lstm_20260509-151903/last_model_1.pth
2026-05-09 15:19:29,571 INFO src.train.trainer: Epoch 59
2026-05-09 15:19:29,974 INFO src.train.trainer: Last model at epoch 59 saved to checkpoints/lstm_20260509-151903/last_model_1.pth
2026-05-09 15:19:29,975 INFO src.train.trainer: Epoch 60
2026-05-09 15:19:30,384 INFO src.train.trainer: Last model at epoch 60 saved to checkpoints/lstm_20260509-151903/last_model_1.pth
2026-05-09 15:19:30,384 INFO src.train.trainer: Epoch 61
2026-05-09 15:19:30,802 INFO src.train.trainer: Last model at epoch 61 saved to checkpoints/lstm_20260509-151903/last_model_1.pth
2026-05-09 15:19:30,803 INFO src.train.trainer: Epoch 62
2026-05-09 15:19:31,184 INFO src.train.trainer: Last model at epoch 62 saved to checkpoints/lstm_20260509-151903/last_model_1.pth
2026-05-09 15:19:31,184 INFO src.train.trainer: Epoch 63
2026-05-09 15:19:31,573 INFO src.train.trainer: Last model at epoch 63 saved to checkpoints/lstm_20260509-151903/last_model_1.pth
2026-05-09 15:19:31,574 INFO src.train.trainer: Epoch 64
2026-05-09 15:19:31,958 INFO src.train.trainer: Last model at epoch 64 saved to checkpoints/lstm_20260509-151903/last_model_1.pth
2026-05-09 15:19:31,958 INFO src.train.trainer: Epoch 65
2026-05-09 15:19:32,341 INFO src.train.trainer: Last model at epoch 65 saved to checkpoints/lstm_20260509-151903/last_model_1.pth
2026-05-09 15:19:32,342 INFO src.train.trainer: Epoch 66
2026-05-09 15:19:32,727 INFO src.train.trainer: Last model at epoch 66 saved to checkpoints/lstm_20260509-151903/last_model_1.pth
2026-05-09 15:19:32,727 INFO src.train.trainer: Epoch 67
2026-05-09 15:19:33,114 INFO src.train.trainer: Last model at epoch 67 saved to checkpoints/lstm_20260509-151903/last_model_1.pth
2026-05-09 15:19:33,114 INFO src.train.trainer: Epoch 68
2026-05-09 15:19:33,493 INFO src.train.trainer: Last model at epoch 68 saved to checkpoints/lstm_20260509-151903/last_model_1.pth
2026-05-09 15:19:33,493 INFO src.train.trainer: Epoch 69
2026-05-09 15:19:33,885 INFO src.train.trainer: Last model at epoch 69 saved to checkpoints/lstm_20260509-151903/last_model_1.pth
2026-05-09 15:19:33,886 INFO src.train.trainer: Epoch 70
2026-05-09 15:19:34,267 INFO src.train.trainer: Last model at epoch 70 saved to checkpoints/lstm_20260509-151903/last_model_1.pth
2026-05-09 15:19:34,267 INFO src.train.trainer: Epoch 71
2026-05-09 15:19:34,649 INFO src.train.trainer: Last model at epoch 71 saved to checkpoints/lstm_20260509-151903/last_model_1.pth
2026-05-09 15:19:34,650 INFO src.train.trainer: Epoch 72
2026-05-09 15:19:35,043 INFO src.train.trainer: Last model at epoch 72 saved to checkpoints/lstm_20260509-151903/last_model_1.pth
2026-05-09 15:19:35,044 INFO src.train.trainer: Epoch 73
2026-05-09 15:19:35,404 INFO src.train.trainer: Last model at epoch 73 saved to checkpoints/lstm_20260509-151903/last_model_1.pth
2026-05-09 15:19:35,404 INFO src.train.trainer: Epoch 74
2026-05-09 15:19:35,718 INFO src.train.trainer: Last model at epoch 74 saved to checkpoints/lstm_20260509-151903/last_model_1.pth
2026-05-09 15:19:35,718 INFO src.train.trainer: Epoch 75
2026-05-09 15:19:36,102 INFO src.train.trainer: Last model at epoch 75 saved to checkpoints/lstm_20260509-151903/last_model_1.pth
2026-05-09 15:19:36,102 INFO src.train.trainer: Epoch 76
2026-05-09 15:19:36,485 INFO src.train.trainer: Last model at epoch 76 saved to checkpoints/lstm_20260509-151903/last_model_1.pth
2026-05-09 15:19:36,485 INFO src.train.trainer: Epoch 77
2026-05-09 15:19:36,874 INFO src.train.trainer: Last model at epoch 77 saved to checkpoints/lstm_20260509-151903/last_model_1.pth
2026-05-09 15:19:36,875 INFO src.train.trainer: Epoch 78
2026-05-09 15:19:37,260 INFO src.train.trainer: Last model at epoch 78 saved to checkpoints/lstm_20260509-151903/last_model_1.pth
2026-05-09 15:19:37,260 INFO src.train.trainer: Epoch 79
2026-05-09 15:19:37,649 INFO src.train.trainer: Last model at epoch 79 saved to checkpoints/lstm_20260509-151903/last_model_1.pth
2026-05-09 15:19:37,649 INFO src.train.trainer: Epoch 80
2026-05-09 15:19:38,038 INFO src.train.trainer: Last model at epoch 80 saved to checkpoints/lstm_20260509-151903/last_model_1.pth
2026-05-09 15:19:38,038 INFO src.train.trainer: Epoch 81
2026-05-09 15:19:38,430 INFO src.train.trainer: Last model at epoch 81 saved to checkpoints/lstm_20260509-151903/last_model_1.pth
2026-05-09 15:19:38,430 INFO src.train.trainer: Epoch 82
2026-05-09 15:19:38,826 INFO src.train.trainer: Last model at epoch 82 saved to checkpoints/lstm_20260509-151903/last_model_1.pth
2026-05-09 15:19:38,826 INFO src.train.trainer: Epoch 83
2026-05-09 15:19:39,219 INFO src.train.trainer: Last model at epoch 83 saved to checkpoints/lstm_20260509-151903/last_model_1.pth
2026-05-09 15:19:39,220 INFO src.train.trainer: Epoch 84
2026-05-09 15:19:39,604 INFO src.train.trainer: Last model at epoch 84 saved to checkpoints/lstm_20260509-151903/last_model_1.pth
2026-05-09 15:19:39,604 INFO src.train.trainer: Epoch 85
2026-05-09 15:19:39,997 INFO src.train.trainer: Last model at epoch 85 saved to checkpoints/lstm_20260509-151903/last_model_1.pth
2026-05-09 15:19:39,998 INFO src.train.trainer: Epoch 86
2026-05-09 15:19:40,385 INFO src.train.trainer: Last model at epoch 86 saved to checkpoints/lstm_20260509-151903/last_model_1.pth
2026-05-09 15:19:40,386 INFO src.train.trainer: Epoch 87
2026-05-09 15:19:40,774 INFO src.train.trainer: Last model at epoch 87 saved to checkpoints/lstm_20260509-151903/last_model_1.pth
2026-05-09 15:19:40,774 INFO src.train.trainer: Epoch 88
2026-05-09 15:19:41,163 INFO src.train.trainer: Last model at epoch 88 saved to checkpoints/lstm_20260509-151903/last_model_1.pth
2026-05-09 15:19:41,163 INFO src.train.trainer: Epoch 89
2026-05-09 15:19:41,543 INFO src.train.trainer: Last model at epoch 89 saved to checkpoints/lstm_20260509-151903/last_model_1.pth
2026-05-09 15:19:41,544 INFO src.train.trainer: Epoch 90
2026-05-09 15:19:41,916 INFO src.train.trainer: Last model at epoch 90 saved to checkpoints/lstm_20260509-151903/last_model_1.pth
2026-05-09 15:19:41,917 INFO src.train.trainer: Epoch 91
2026-05-09 15:19:42,243 INFO src.train.trainer: Last model at epoch 91 saved to checkpoints/lstm_20260509-151903/last_model_1.pth
2026-05-09 15:19:42,243 INFO src.train.trainer: Epoch 92
2026-05-09 15:19:42,612 INFO src.train.trainer: Last model at epoch 92 saved to checkpoints/lstm_20260509-151903/last_model_1.pth
2026-05-09 15:19:42,612 INFO src.train.trainer: Epoch 93
2026-05-09 15:19:43,006 INFO src.train.trainer: Last model at epoch 93 saved to checkpoints/lstm_20260509-151903/last_model_1.pth
2026-05-09 15:19:43,006 INFO src.train.trainer: Epoch 94
2026-05-09 15:19:43,391 INFO src.train.trainer: Last model at epoch 94 saved to checkpoints/lstm_20260509-151903/last_model_1.pth
2026-05-09 15:19:43,391 INFO src.train.trainer: Epoch 95
2026-05-09 15:19:43,781 INFO src.train.trainer: Last model at epoch 95 saved to checkpoints/lstm_20260509-151903/last_model_1.pth
2026-05-09 15:19:43,781 INFO src.train.trainer: Epoch 96
2026-05-09 15:19:44,163 INFO src.train.trainer: Last model at epoch 96 saved to checkpoints/lstm_20260509-151903/last_model_1.pth
2026-05-09 15:19:44,164 INFO src.train.trainer: Epoch 97
2026-05-09 15:19:44,548 INFO src.train.trainer: New best validation loss: 0.0644, saved to checkpoints/lstm_20260509-151903/best_model_1.pth
2026-05-09 15:19:44,583 INFO src.train.trainer: Last model at epoch 97 saved to checkpoints/lstm_20260509-151903/last_model_1.pth
2026-05-09 15:19:44,583 INFO src.train.trainer: Epoch 98
2026-05-09 15:19:44,944 INFO src.train.trainer: Last model at epoch 98 saved to checkpoints/lstm_20260509-151903/last_model_1.pth
2026-05-09 15:19:44,944 INFO src.train.trainer: Epoch 99
2026-05-09 15:19:45,366 INFO src.train.trainer: Last model at epoch 99 saved to checkpoints/lstm_20260509-151903/last_model_1.pth
2026-05-09 15:19:45,366 INFO src.train.trainer: Epoch 100
2026-05-09 15:19:45,754 INFO src.train.trainer: Last model at epoch 100 saved to checkpoints/lstm_20260509-151903/last_model_1.pth
2026-05-09 15:19:45,755 INFO src.train.trainer: Epoch 101
2026-05-09 15:19:46,186 INFO src.train.trainer: Last model at epoch 101 saved to checkpoints/lstm_20260509-151903/last_model_1.pth
2026-05-09 15:19:46,186 INFO src.train.trainer: Epoch 102
2026-05-09 15:19:46,581 INFO src.train.trainer: Last model at epoch 102 saved to checkpoints/lstm_20260509-151903/last_model_1.pth
2026-05-09 15:19:46,581 INFO src.train.trainer: Epoch 103
2026-05-09 15:19:47,004 INFO src.train.trainer: New best validation loss: 0.0632, saved to checkpoints/lstm_20260509-151903/best_model_1.pth
2026-05-09 15:19:47,060 INFO src.train.trainer: Last model at epoch 103 saved to checkpoints/lstm_20260509-151903/last_model_1.pth
2026-05-09 15:19:47,061 INFO src.train.trainer: Epoch 104
2026-05-09 15:19:47,442 INFO src.train.trainer: Last model at epoch 104 saved to checkpoints/lstm_20260509-151903/last_model_1.pth
2026-05-09 15:19:47,443 INFO src.train.trainer: Epoch 105
2026-05-09 15:19:47,810 INFO src.train.trainer: Last model at epoch 105 saved to checkpoints/lstm_20260509-151903/last_model_1.pth
2026-05-09 15:19:47,811 INFO src.train.trainer: Epoch 106
2026-05-09 15:19:48,212 INFO src.train.trainer: Last model at epoch 106 saved to checkpoints/lstm_20260509-151903/last_model_1.pth
2026-05-09 15:19:48,212 INFO src.train.trainer: Epoch 107
2026-05-09 15:19:48,584 INFO src.train.trainer: Last model at epoch 107 saved to checkpoints/lstm_20260509-151903/last_model_1.pth
2026-05-09 15:19:48,585 INFO src.train.trainer: Epoch 108
2026-05-09 15:19:48,979 INFO src.train.trainer: Last model at epoch 108 saved to checkpoints/lstm_20260509-151903/last_model_1.pth
2026-05-09 15:19:48,980 INFO src.train.trainer: Epoch 109
2026-05-09 15:19:49,310 INFO src.train.trainer: Last model at epoch 109 saved to checkpoints/lstm_20260509-151903/last_model_1.pth
2026-05-09 15:19:49,310 INFO src.train.trainer: Epoch 110
2026-05-09 15:19:49,484 INFO src.train.trainer: Last model at epoch 110 saved to checkpoints/lstm_20260509-151903/last_model_1.pth
2026-05-09 15:19:49,484 INFO src.train.trainer: Epoch 111
2026-05-09 15:19:49,635 INFO src.train.trainer: New best validation loss: 0.0616, saved to checkpoints/lstm_20260509-151903/best_model_1.pth
2026-05-09 15:19:49,658 INFO src.train.trainer: Last model at epoch 111 saved to checkpoints/lstm_20260509-151903/last_model_1.pth
2026-05-09 15:19:49,658 INFO src.train.trainer: Epoch 112
2026-05-09 15:19:49,876 INFO src.train.trainer: Last model at epoch 112 saved to checkpoints/lstm_20260509-151903/last_model_1.pth
2026-05-09 15:19:49,876 INFO src.train.trainer: Epoch 113
2026-05-09 15:19:50,069 INFO src.train.trainer: Last model at epoch 113 saved to checkpoints/lstm_20260509-151903/last_model_1.pth
2026-05-09 15:19:50,069 INFO src.train.trainer: Epoch 114
2026-05-09 15:19:50,274 INFO src.train.trainer: Last model at epoch 114 saved to checkpoints/lstm_20260509-151903/last_model_1.pth
2026-05-09 15:19:50,274 INFO src.train.trainer: Epoch 115
2026-05-09 15:19:50,497 INFO src.train.trainer: Last model at epoch 115 saved to checkpoints/lstm_20260509-151903/last_model_1.pth
2026-05-09 15:19:50,498 INFO src.train.trainer: Epoch 116
2026-05-09 15:19:50,699 INFO src.train.trainer: Last model at epoch 116 saved to checkpoints/lstm_20260509-151903/last_model_1.pth
2026-05-09 15:19:50,699 INFO src.train.trainer: Epoch 117
2026-05-09 15:19:50,853 INFO src.train.trainer: Last model at epoch 117 saved to checkpoints/lstm_20260509-151903/last_model_1.pth
2026-05-09 15:19:50,853 INFO src.train.trainer: Epoch 118
2026-05-09 15:19:51,036 INFO src.train.trainer: Last model at epoch 118 saved to checkpoints/lstm_20260509-151903/last_model_1.pth
2026-05-09 15:19:51,036 INFO src.train.trainer: Epoch 119
2026-05-09 15:19:51,212 INFO src.train.trainer: Last model at epoch 119 saved to checkpoints/lstm_20260509-151903/last_model_1.pth
2026-05-09 15:19:51,213 INFO src.train.trainer: Epoch 120
2026-05-09 15:19:51,421 INFO src.train.trainer: Last model at epoch 120 saved to checkpoints/lstm_20260509-151903/last_model_1.pth
2026-05-09 15:19:51,421 INFO src.train.trainer: Epoch 121
2026-05-09 15:19:51,639 INFO src.train.trainer: Last model at epoch 121 saved to checkpoints/lstm_20260509-151903/last_model_1.pth
2026-05-09 15:19:51,639 INFO src.train.trainer: Epoch 122
2026-05-09 15:19:51,996 INFO src.train.trainer: Last model at epoch 122 saved to checkpoints/lstm_20260509-151903/last_model_1.pth
2026-05-09 15:19:51,997 INFO src.train.trainer: Epoch 123
2026-05-09 15:19:52,362 INFO src.train.trainer: Last model at epoch 123 saved to checkpoints/lstm_20260509-151903/last_model_1.pth
2026-05-09 15:19:52,363 INFO src.train.trainer: Epoch 124
2026-05-09 15:19:52,758 INFO src.train.trainer: Last model at epoch 124 saved to checkpoints/lstm_20260509-151903/last_model_1.pth
2026-05-09 15:19:52,758 INFO src.train.trainer: Epoch 125
2026-05-09 15:19:53,127 INFO src.train.trainer: Last model at epoch 125 saved to checkpoints/lstm_20260509-151903/last_model_1.pth
2026-05-09 15:19:53,127 INFO src.train.trainer: Epoch 126
2026-05-09 15:19:53,511 INFO src.train.trainer: Last model at epoch 126 saved to checkpoints/lstm_20260509-151903/last_model_1.pth
2026-05-09 15:19:53,511 INFO src.train.trainer: Epoch 127
2026-05-09 15:19:53,880 INFO src.train.trainer: Last model at epoch 127 saved to checkpoints/lstm_20260509-151903/last_model_1.pth
2026-05-09 15:19:53,881 INFO src.train.trainer: Epoch 128
2026-05-09 15:19:54,280 INFO src.train.trainer: Last model at epoch 128 saved to checkpoints/lstm_20260509-151903/last_model_1.pth
2026-05-09 15:19:54,280 INFO src.train.trainer: Epoch 129
2026-05-09 15:19:54,667 INFO src.train.trainer: Last model at epoch 129 saved to checkpoints/lstm_20260509-151903/last_model_1.pth
2026-05-09 15:19:54,668 INFO src.train.trainer: Epoch 130
2026-05-09 15:19:55,073 INFO src.train.trainer: Last model at epoch 130 saved to checkpoints/lstm_20260509-151903/last_model_1.pth
2026-05-09 15:19:55,074 INFO src.train.trainer: Epoch 131
2026-05-09 15:19:55,385 INFO src.train.trainer: Last model at epoch 131 saved to checkpoints/lstm_20260509-151903/last_model_1.pth
2026-05-09 15:19:55,385 INFO src.train.trainer: Epoch 132
2026-05-09 15:19:55,746 INFO src.train.trainer: Last model at epoch 132 saved to checkpoints/lstm_20260509-151903/last_model_1.pth
2026-05-09 15:19:55,746 INFO src.train.trainer: Epoch 133
2026-05-09 15:19:56,135 INFO src.train.trainer: Last model at epoch 133 saved to checkpoints/lstm_20260509-151903/last_model_1.pth
2026-05-09 15:19:56,135 INFO src.train.trainer: Epoch 134
2026-05-09 15:19:56,535 INFO src.train.trainer: Last model at epoch 134 saved to checkpoints/lstm_20260509-151903/last_model_1.pth
2026-05-09 15:19:56,536 INFO src.train.trainer: Epoch 135
2026-05-09 15:19:56,949 INFO src.train.trainer: Last model at epoch 135 saved to checkpoints/lstm_20260509-151903/last_model_1.pth
2026-05-09 15:19:56,950 INFO src.train.trainer: Epoch 136
2026-05-09 15:19:57,345 INFO src.train.trainer: Last model at epoch 136 saved to checkpoints/lstm_20260509-151903/last_model_1.pth
2026-05-09 15:19:57,345 INFO src.train.trainer: Epoch 137
2026-05-09 15:19:57,742 INFO src.train.trainer: Last model at epoch 137 saved to checkpoints/lstm_20260509-151903/last_model_1.pth
2026-05-09 15:19:57,742 INFO src.train.trainer: Epoch 138
2026-05-09 15:19:58,116 INFO src.train.trainer: Last model at epoch 138 saved to checkpoints/lstm_20260509-151903/last_model_1.pth
2026-05-09 15:19:58,116 INFO src.train.trainer: Epoch 139
2026-05-09 15:19:58,514 INFO src.train.trainer: Last model at epoch 139 saved to checkpoints/lstm_20260509-151903/last_model_1.pth
2026-05-09 15:19:58,514 INFO src.train.trainer: Epoch 140
2026-05-09 15:19:58,902 INFO src.train.trainer: Last model at epoch 140 saved to checkpoints/lstm_20260509-151903/last_model_1.pth
2026-05-09 15:19:58,902 INFO src.train.trainer: Epoch 141
2026-05-09 15:19:59,296 INFO src.train.trainer: Last model at epoch 141 saved to checkpoints/lstm_20260509-151903/last_model_1.pth
2026-05-09 15:19:59,296 INFO src.train.trainer: Epoch 142
2026-05-09 15:19:59,679 INFO src.train.trainer: Last model at epoch 142 saved to checkpoints/lstm_20260509-151903/last_model_1.pth
2026-05-09 15:19:59,679 INFO src.train.trainer: Epoch 143
2026-05-09 15:20:00,074 INFO src.train.trainer: Last model at epoch 143 saved to checkpoints/lstm_20260509-151903/last_model_1.pth
2026-05-09 15:20:00,075 INFO src.train.trainer: Epoch 144
2026-05-09 15:20:00,462 INFO src.train.trainer: Last model at epoch 144 saved to checkpoints/lstm_20260509-151903/last_model_1.pth
2026-05-09 15:20:00,462 INFO src.train.trainer: Epoch 145
2026-05-09 15:20:00,858 INFO src.train.trainer: Last model at epoch 145 saved to checkpoints/lstm_20260509-151903/last_model_1.pth
2026-05-09 15:20:00,858 INFO src.train.trainer: Epoch 146
2026-05-09 15:20:01,250 INFO src.train.trainer: New best validation loss: 0.0606, saved to checkpoints/lstm_20260509-151903/best_model_1.pth
2026-05-09 15:20:01,289 INFO src.train.trainer: Last model at epoch 146 saved to checkpoints/lstm_20260509-151903/last_model_1.pth
2026-05-09 15:20:01,289 INFO src.train.trainer: Epoch 147
2026-05-09 15:20:01,634 INFO src.train.trainer: Last model at epoch 147 saved to checkpoints/lstm_20260509-151903/last_model_1.pth
2026-05-09 15:20:01,634 INFO src.train.trainer: Epoch 148
2026-05-09 15:20:02,018 INFO src.train.trainer: Last model at epoch 148 saved to checkpoints/lstm_20260509-151903/last_model_1.pth
2026-05-09 15:20:02,019 INFO src.train.trainer: Epoch 149
2026-05-09 15:20:02,438 INFO src.train.trainer: Last model at epoch 149 saved to checkpoints/lstm_20260509-151903/last_model_1.pth
2026-05-09 15:20:02,438 INFO src.train.trainer: Epoch 150
2026-05-09 15:20:02,814 INFO src.train.trainer: Last model at epoch 150 saved to checkpoints/lstm_20260509-151903/last_model_1.pth
2026-05-09 15:20:02,815 INFO src.train.trainer: Epoch 151
2026-05-09 15:20:03,220 INFO src.train.trainer: Last model at epoch 151 saved to checkpoints/lstm_20260509-151903/last_model_1.pth
2026-05-09 15:20:03,220 INFO src.train.trainer: Epoch 152
2026-05-09 15:20:03,609 INFO src.train.trainer: Last model at epoch 152 saved to checkpoints/lstm_20260509-151903/last_model_1.pth
2026-05-09 15:20:03,610 INFO src.train.trainer: Epoch 153
2026-05-09 15:20:03,975 INFO src.train.trainer: Last model at epoch 153 saved to checkpoints/lstm_20260509-151903/last_model_1.pth
2026-05-09 15:20:03,975 INFO src.train.trainer: Epoch 154
2026-05-09 15:20:04,298 INFO src.train.trainer: Last model at epoch 154 saved to checkpoints/lstm_20260509-151903/last_model_1.pth
2026-05-09 15:20:04,298 INFO src.train.trainer: Epoch 155
2026-05-09 15:20:04,676 INFO src.train.trainer: Last model at epoch 155 saved to checkpoints/lstm_20260509-151903/last_model_1.pth
2026-05-09 15:20:04,676 INFO src.train.trainer: Epoch 156
2026-05-09 15:20:05,073 INFO src.train.trainer: Last model at epoch 156 saved to checkpoints/lstm_20260509-151903/last_model_1.pth
2026-05-09 15:20:05,073 INFO src.train.trainer: Epoch 157
2026-05-09 15:20:05,396 INFO src.train.trainer: Last model at epoch 157 saved to checkpoints/lstm_20260509-151903/last_model_1.pth
2026-05-09 15:20:05,396 INFO src.train.trainer: Epoch 158
2026-05-09 15:20:05,745 INFO src.train.trainer: Last model at epoch 158 saved to checkpoints/lstm_20260509-151903/last_model_1.pth
2026-05-09 15:20:05,745 INFO src.train.trainer: Epoch 159
2026-05-09 15:20:06,116 INFO src.train.trainer: Last model at epoch 159 saved to checkpoints/lstm_20260509-151903/last_model_1.pth
2026-05-09 15:20:06,116 INFO src.train.trainer: Epoch 160
2026-05-09 15:20:06,501 INFO src.train.trainer: Last model at epoch 160 saved to checkpoints/lstm_20260509-151903/last_model_1.pth
2026-05-09 15:20:06,501 INFO src.train.trainer: Epoch 161
2026-05-09 15:20:06,889 INFO src.train.trainer: Last model at epoch 161 saved to checkpoints/lstm_20260509-151903/last_model_1.pth
2026-05-09 15:20:06,889 INFO src.train.trainer: Epoch 162
2026-05-09 15:20:07,279 INFO src.train.trainer: Last model at epoch 162 saved to checkpoints/lstm_20260509-151903/last_model_1.pth
2026-05-09 15:20:07,280 INFO src.train.trainer: Epoch 163
2026-05-09 15:20:07,670 INFO src.train.trainer: Last model at epoch 163 saved to checkpoints/lstm_20260509-151903/last_model_1.pth
2026-05-09 15:20:07,670 INFO src.train.trainer: Epoch 164
2026-05-09 15:20:08,055 INFO src.train.trainer: Last model at epoch 164 saved to checkpoints/lstm_20260509-151903/last_model_1.pth
2026-05-09 15:20:08,056 INFO src.train.trainer: Epoch 165
2026-05-09 15:20:08,442 INFO src.train.trainer: New best validation loss: 0.0602, saved to checkpoints/lstm_20260509-151903/best_model_1.pth
2026-05-09 15:20:08,481 INFO src.train.trainer: Last model at epoch 165 saved to checkpoints/lstm_20260509-151903/last_model_1.pth
2026-05-09 15:20:08,482 INFO src.train.trainer: Epoch 166
2026-05-09 15:20:08,847 INFO src.train.trainer: Last model at epoch 166 saved to checkpoints/lstm_20260509-151903/last_model_1.pth
2026-05-09 15:20:08,847 INFO src.train.trainer: Epoch 167
2026-05-09 15:20:09,227 INFO src.train.trainer: Last model at epoch 167 saved to checkpoints/lstm_20260509-151903/last_model_1.pth
2026-05-09 15:20:09,227 INFO src.train.trainer: Epoch 168
2026-05-09 15:20:09,616 INFO src.train.trainer: Last model at epoch 168 saved to checkpoints/lstm_20260509-151903/last_model_1.pth
2026-05-09 15:20:09,617 INFO src.train.trainer: Epoch 169
2026-05-09 15:20:09,995 INFO src.train.trainer: Last model at epoch 169 saved to checkpoints/lstm_20260509-151903/last_model_1.pth
2026-05-09 15:20:09,996 INFO src.train.trainer: Epoch 170
2026-05-09 15:20:10,361 INFO src.train.trainer: Last model at epoch 170 saved to checkpoints/lstm_20260509-151903/last_model_1.pth
2026-05-09 15:20:10,362 INFO src.train.trainer: Epoch 171
2026-05-09 15:20:10,729 INFO src.train.trainer: Last model at epoch 171 saved to checkpoints/lstm_20260509-151903/last_model_1.pth
2026-05-09 15:20:10,729 INFO src.train.trainer: Epoch 172
2026-05-09 15:20:11,112 INFO src.train.trainer: Last model at epoch 172 saved to checkpoints/lstm_20260509-151903/last_model_1.pth
2026-05-09 15:20:11,112 INFO src.train.trainer: Epoch 173
2026-05-09 15:20:11,490 INFO src.train.trainer: Last model at epoch 173 saved to checkpoints/lstm_20260509-151903/last_model_1.pth
2026-05-09 15:20:11,491 INFO src.train.trainer: Epoch 174
2026-05-09 15:20:11,869 INFO src.train.trainer: Last model at epoch 174 saved to checkpoints/lstm_20260509-151903/last_model_1.pth
2026-05-09 15:20:11,869 INFO src.train.trainer: Epoch 175
2026-05-09 15:20:12,198 INFO src.train.trainer: Last model at epoch 175 saved to checkpoints/lstm_20260509-151903/last_model_1.pth
2026-05-09 15:20:12,198 INFO src.train.trainer: Epoch 176
2026-05-09 15:20:12,563 INFO src.train.trainer: Last model at epoch 176 saved to checkpoints/lstm_20260509-151903/last_model_1.pth
2026-05-09 15:20:12,564 INFO src.train.trainer: Epoch 177
2026-05-09 15:20:12,931 INFO src.train.trainer: Last model at epoch 177 saved to checkpoints/lstm_20260509-151903/last_model_1.pth
2026-05-09 15:20:12,931 INFO src.train.trainer: Epoch 178
2026-05-09 15:20:13,315 INFO src.train.trainer: Last model at epoch 178 saved to checkpoints/lstm_20260509-151903/last_model_1.pth
2026-05-09 15:20:13,315 INFO src.train.trainer: Epoch 179
2026-05-09 15:20:13,690 INFO src.train.trainer: Last model at epoch 179 saved to checkpoints/lstm_20260509-151903/last_model_1.pth
2026-05-09 15:20:13,690 INFO src.train.trainer: Epoch 180
2026-05-09 15:20:14,071 INFO src.train.trainer: Last model at epoch 180 saved to checkpoints/lstm_20260509-151903/last_model_1.pth
2026-05-09 15:20:14,071 INFO src.train.trainer: Epoch 181
2026-05-09 15:20:14,449 INFO src.train.trainer: Last model at epoch 181 saved to checkpoints/lstm_20260509-151903/last_model_1.pth
2026-05-09 15:20:14,450 INFO src.train.trainer: Epoch 182
2026-05-09 15:20:14,816 INFO src.train.trainer: Last model at epoch 182 saved to checkpoints/lstm_20260509-151903/last_model_1.pth
2026-05-09 15:20:14,816 INFO src.train.trainer: Epoch 183
2026-05-09 15:20:15,167 INFO src.train.trainer: Last model at epoch 183 saved to checkpoints/lstm_20260509-151903/last_model_1.pth
2026-05-09 15:20:15,168 INFO src.train.trainer: Epoch 184
2026-05-09 15:20:15,546 INFO src.train.trainer: Last model at epoch 184 saved to checkpoints/lstm_20260509-151903/last_model_1.pth
2026-05-09 15:20:15,547 INFO src.train.trainer: Epoch 185
2026-05-09 15:20:15,928 INFO src.train.trainer: Last model at epoch 185 saved to checkpoints/lstm_20260509-151903/last_model_1.pth
2026-05-09 15:20:15,929 INFO src.train.trainer: Epoch 186
2026-05-09 15:20:16,329 INFO src.train.trainer: Last model at epoch 186 saved to checkpoints/lstm_20260509-151903/last_model_1.pth
2026-05-09 15:20:16,329 INFO src.train.trainer: Epoch 187
2026-05-09 15:20:16,635 INFO src.train.trainer: Last model at epoch 187 saved to checkpoints/lstm_20260509-151903/last_model_1.pth
2026-05-09 15:20:16,635 INFO src.train.trainer: Epoch 188
2026-05-09 15:20:17,004 INFO src.train.trainer: Last model at epoch 188 saved to checkpoints/lstm_20260509-151903/last_model_1.pth
2026-05-09 15:20:17,004 INFO src.train.trainer: Epoch 189
2026-05-09 15:20:17,380 INFO src.train.trainer: Last model at epoch 189 saved to checkpoints/lstm_20260509-151903/last_model_1.pth
2026-05-09 15:20:17,381 INFO src.train.trainer: Epoch 190
2026-05-09 15:20:17,763 INFO src.train.trainer: Last model at epoch 190 saved to checkpoints/lstm_20260509-151903/last_model_1.pth
2026-05-09 15:20:17,763 INFO src.train.trainer: Epoch 191
2026-05-09 15:20:18,141 INFO src.train.trainer: Last model at epoch 191 saved to checkpoints/lstm_20260509-151903/last_model_1.pth
2026-05-09 15:20:18,141 INFO src.train.trainer: Epoch 192
2026-05-09 15:20:18,526 INFO src.train.trainer: Last model at epoch 192 saved to checkpoints/lstm_20260509-151903/last_model_1.pth
2026-05-09 15:20:18,527 INFO src.train.trainer: Epoch 193
2026-05-09 15:20:18,899 INFO src.train.trainer: Last model at epoch 193 saved to checkpoints/lstm_20260509-151903/last_model_1.pth
2026-05-09 15:20:18,899 INFO src.train.trainer: Epoch 194
2026-05-09 15:20:19,277 INFO src.train.trainer: Last model at epoch 194 saved to checkpoints/lstm_20260509-151903/last_model_1.pth
2026-05-09 15:20:19,278 INFO src.train.trainer: Epoch 195
2026-05-09 15:20:19,651 INFO src.train.trainer: Last model at epoch 195 saved to checkpoints/lstm_20260509-151903/last_model_1.pth
2026-05-09 15:20:19,652 INFO src.train.trainer: Epoch 196
2026-05-09 15:20:20,043 INFO src.train.trainer: Last model at epoch 196 saved to checkpoints/lstm_20260509-151903/last_model_1.pth
2026-05-09 15:20:20,043 INFO src.train.trainer: Epoch 197
2026-05-09 15:20:20,356 INFO src.train.trainer: Last model at epoch 197 saved to checkpoints/lstm_20260509-151903/last_model_1.pth
2026-05-09 15:20:20,356 INFO src.train.trainer: Epoch 198
2026-05-09 15:20:20,712 INFO src.train.trainer: Last model at epoch 198 saved to checkpoints/lstm_20260509-151903/last_model_1.pth
2026-05-09 15:20:20,713 INFO src.train.trainer: Epoch 199
2026-05-09 15:20:21,087 INFO src.train.trainer: Last model at epoch 199 saved to checkpoints/lstm_20260509-151903/last_model_1.pth
2026-05-09 15:20:21,087 INFO src.train.trainer: Epoch 200
2026-05-09 15:20:21,477 INFO src.train.trainer: Last model at epoch 200 saved to checkpoints/lstm_20260509-151903/last_model_1.pth
2026-05-09 15:20:21,477 INFO src.train.trainer: Epoch 201
2026-05-09 15:20:21,855 INFO src.train.trainer: Last model at epoch 201 saved to checkpoints/lstm_20260509-151903/last_model_1.pth
2026-05-09 15:20:21,856 INFO src.train.trainer: Epoch 202
2026-05-09 15:20:22,244 INFO src.train.trainer: Last model at epoch 202 saved to checkpoints/lstm_20260509-151903/last_model_1.pth
2026-05-09 15:20:22,244 INFO src.train.trainer: Epoch 203
2026-05-09 15:20:22,629 INFO src.train.trainer: Last model at epoch 203 saved to checkpoints/lstm_20260509-151903/last_model_1.pth
2026-05-09 15:20:22,629 INFO src.train.trainer: Epoch 204
2026-05-09 15:20:23,018 INFO src.train.trainer: Last model at epoch 204 saved to checkpoints/lstm_20260509-151903/last_model_1.pth
2026-05-09 15:20:23,018 INFO src.train.trainer: Epoch 205
2026-05-09 15:20:23,400 INFO src.train.trainer: Last model at epoch 205 saved to checkpoints/lstm_20260509-151903/last_model_1.pth
2026-05-09 15:20:23,400 INFO src.train.trainer: Epoch 206
2026-05-09 15:20:23,782 INFO src.train.trainer: Last model at epoch 206 saved to checkpoints/lstm_20260509-151903/last_model_1.pth
2026-05-09 15:20:23,782 INFO src.train.trainer: Epoch 207
2026-05-09 15:20:24,168 INFO src.train.trainer: Last model at epoch 207 saved to checkpoints/lstm_20260509-151903/last_model_1.pth
2026-05-09 15:20:24,168 INFO src.train.trainer: Epoch 208
2026-05-09 15:20:24,556 INFO src.train.trainer: Last model at epoch 208 saved to checkpoints/lstm_20260509-151903/last_model_1.pth
2026-05-09 15:20:24,556 INFO src.train.trainer: Epoch 209
2026-05-09 15:20:24,942 INFO src.train.trainer: Last model at epoch 209 saved to checkpoints/lstm_20260509-151903/last_model_1.pth
2026-05-09 15:20:24,942 INFO src.train.trainer: Epoch 210
2026-05-09 15:20:25,332 INFO src.train.trainer: Last model at epoch 210 saved to checkpoints/lstm_20260509-151903/last_model_1.pth
2026-05-09 15:20:25,332 INFO src.train.trainer: Epoch 211
2026-05-09 15:20:25,721 INFO src.train.trainer: Last model at epoch 211 saved to checkpoints/lstm_20260509-151903/last_model_1.pth
2026-05-09 15:20:25,721 INFO src.train.trainer: Epoch 212
2026-05-09 15:20:26,092 INFO src.train.trainer: Last model at epoch 212 saved to checkpoints/lstm_20260509-151903/last_model_1.pth
2026-05-09 15:20:26,092 INFO src.train.trainer: Epoch 213
2026-05-09 15:20:26,476 INFO src.train.trainer: Last model at epoch 213 saved to checkpoints/lstm_20260509-151903/last_model_1.pth
2026-05-09 15:20:26,476 INFO src.train.trainer: Epoch 214
2026-05-09 15:20:26,862 INFO src.train.trainer: Last model at epoch 214 saved to checkpoints/lstm_20260509-151903/last_model_1.pth
2026-05-09 15:20:26,862 INFO src.train.trainer: Epoch 215
2026-05-09 15:20:27,240 INFO src.train.trainer: Last model at epoch 215 saved to checkpoints/lstm_20260509-151903/last_model_1.pth
2026-05-09 15:20:27,240 INFO src.train.trainer: Epoch 216
2026-05-09 15:20:27,624 INFO src.train.trainer: Last model at epoch 216 saved to checkpoints/lstm_20260509-151903/last_model_1.pth
2026-05-09 15:20:27,624 INFO src.train.trainer: Epoch 217
2026-05-09 15:20:28,007 INFO src.train.trainer: Last model at epoch 217 saved to checkpoints/lstm_20260509-151903/last_model_1.pth
2026-05-09 15:20:28,007 INFO src.train.trainer: Epoch 218
2026-05-09 15:20:28,392 INFO src.train.trainer: Last model at epoch 218 saved to checkpoints/lstm_20260509-151903/last_model_1.pth
2026-05-09 15:20:28,393 INFO src.train.trainer: Epoch 219
2026-05-09 15:20:28,748 INFO src.train.trainer: Last model at epoch 219 saved to checkpoints/lstm_20260509-151903/last_model_1.pth
2026-05-09 15:20:28,749 INFO src.train.trainer: Epoch 220
2026-05-09 15:20:29,061 INFO src.train.trainer: Last model at epoch 220 saved to checkpoints/lstm_20260509-151903/last_model_1.pth
2026-05-09 15:20:29,061 INFO src.train.trainer: Epoch 221
2026-05-09 15:20:29,414 INFO src.train.trainer: Last model at epoch 221 saved to checkpoints/lstm_20260509-151903/last_model_1.pth
2026-05-09 15:20:29,414 INFO src.train.trainer: Epoch 222
2026-05-09 15:20:29,792 INFO src.train.trainer: Last model at epoch 222 saved to checkpoints/lstm_20260509-151903/last_model_1.pth
2026-05-09 15:20:29,792 INFO src.train.trainer: Epoch 223
2026-05-09 15:20:30,184 INFO src.train.trainer: Last model at epoch 223 saved to checkpoints/lstm_20260509-151903/last_model_1.pth
2026-05-09 15:20:30,184 INFO src.train.trainer: Epoch 224
2026-05-09 15:20:30,517 INFO src.train.trainer: Last model at epoch 224 saved to checkpoints/lstm_20260509-151903/last_model_1.pth
2026-05-09 15:20:30,517 INFO src.train.trainer: Epoch 225
2026-05-09 15:20:30,895 INFO src.train.trainer: Last model at epoch 225 saved to checkpoints/lstm_20260509-151903/last_model_1.pth
2026-05-09 15:20:30,895 INFO src.train.trainer: Epoch 226
2026-05-09 15:20:31,279 INFO src.train.trainer: Last model at epoch 226 saved to checkpoints/lstm_20260509-151903/last_model_1.pth
2026-05-09 15:20:31,279 INFO src.train.trainer: Epoch 227
2026-05-09 15:20:31,665 INFO src.train.trainer: Last model at epoch 227 saved to checkpoints/lstm_20260509-151903/last_model_1.pth
2026-05-09 15:20:31,666 INFO src.train.trainer: Epoch 228
2026-05-09 15:20:32,056 INFO src.train.trainer: Last model at epoch 228 saved to checkpoints/lstm_20260509-151903/last_model_1.pth
2026-05-09 15:20:32,056 INFO src.train.trainer: Epoch 229
2026-05-09 15:20:32,430 INFO src.train.trainer: Last model at epoch 229 saved to checkpoints/lstm_20260509-151903/last_model_1.pth
2026-05-09 15:20:32,430 INFO src.train.trainer: Epoch 230
2026-05-09 15:20:32,820 INFO src.train.trainer: Last model at epoch 230 saved to checkpoints/lstm_20260509-151903/last_model_1.pth
2026-05-09 15:20:32,820 INFO src.train.trainer: Epoch 231
2026-05-09 15:20:33,126 INFO src.train.trainer: Last model at epoch 231 saved to checkpoints/lstm_20260509-151903/last_model_1.pth
2026-05-09 15:20:33,126 INFO src.train.trainer: Epoch 232
2026-05-09 15:20:33,427 INFO src.train.trainer: Last model at epoch 232 saved to checkpoints/lstm_20260509-151903/last_model_1.pth
2026-05-09 15:20:33,427 INFO src.train.trainer: Epoch 233
2026-05-09 15:20:33,800 INFO src.train.trainer: Last model at epoch 233 saved to checkpoints/lstm_20260509-151903/last_model_1.pth
2026-05-09 15:20:33,800 INFO src.train.trainer: Epoch 234
2026-05-09 15:20:34,187 INFO src.train.trainer: Last model at epoch 234 saved to checkpoints/lstm_20260509-151903/last_model_1.pth
2026-05-09 15:20:34,188 INFO src.train.trainer: Epoch 235
2026-05-09 15:20:34,577 INFO src.train.trainer: Last model at epoch 235 saved to checkpoints/lstm_20260509-151903/last_model_1.pth
2026-05-09 15:20:34,577 INFO src.train.trainer: Epoch 236
2026-05-09 15:20:34,955 INFO src.train.trainer: Last model at epoch 236 saved to checkpoints/lstm_20260509-151903/last_model_1.pth
2026-05-09 15:20:34,956 INFO src.train.trainer: Epoch 237
2026-05-09 15:20:35,342 INFO src.train.trainer: Last model at epoch 237 saved to checkpoints/lstm_20260509-151903/last_model_1.pth
2026-05-09 15:20:35,342 INFO src.train.trainer: Epoch 238
2026-05-09 15:20:35,734 INFO src.train.trainer: Last model at epoch 238 saved to checkpoints/lstm_20260509-151903/last_model_1.pth
2026-05-09 15:20:35,735 INFO src.train.trainer: Epoch 239
2026-05-09 15:20:36,104 INFO src.train.trainer: Last model at epoch 239 saved to checkpoints/lstm_20260509-151903/last_model_1.pth
2026-05-09 15:20:36,105 INFO src.train.trainer: Epoch 240
2026-05-09 15:20:36,479 INFO src.train.trainer: Last model at epoch 240 saved to checkpoints/lstm_20260509-151903/last_model_1.pth
2026-05-09 15:20:36,479 INFO src.train.trainer: Epoch 241
2026-05-09 15:20:36,859 INFO src.train.trainer: Last model at epoch 241 saved to checkpoints/lstm_20260509-151903/last_model_1.pth
2026-05-09 15:20:36,859 INFO src.train.trainer: Epoch 242
2026-05-09 15:20:37,244 INFO src.train.trainer: Last model at epoch 242 saved to checkpoints/lstm_20260509-151903/last_model_1.pth
2026-05-09 15:20:37,245 INFO src.train.trainer: Epoch 243
2026-05-09 15:20:37,628 INFO src.train.trainer: Last model at epoch 243 saved to checkpoints/lstm_20260509-151903/last_model_1.pth
2026-05-09 15:20:37,628 INFO src.train.trainer: Epoch 244
2026-05-09 15:20:38,011 INFO src.train.trainer: Last model at epoch 244 saved to checkpoints/lstm_20260509-151903/last_model_1.pth
2026-05-09 15:20:38,011 INFO src.train.trainer: Epoch 245
2026-05-09 15:20:38,386 INFO src.train.trainer: Last model at epoch 245 saved to checkpoints/lstm_20260509-151903/last_model_1.pth
2026-05-09 15:20:38,386 INFO src.train.trainer: Epoch 246
2026-05-09 15:20:38,769 INFO src.train.trainer: Last model at epoch 246 saved to checkpoints/lstm_20260509-151903/last_model_1.pth
2026-05-09 15:20:38,769 INFO src.train.trainer: Epoch 247
2026-05-09 15:20:39,147 INFO src.train.trainer: Last model at epoch 247 saved to checkpoints/lstm_20260509-151903/last_model_1.pth
2026-05-09 15:20:39,147 INFO src.train.trainer: Epoch 248
2026-05-09 15:20:39,531 INFO src.train.trainer: Last model at epoch 248 saved to checkpoints/lstm_20260509-151903/last_model_1.pth
2026-05-09 15:20:39,532 INFO src.train.trainer: Epoch 249
2026-05-09 15:20:39,913 INFO src.train.trainer: Last model at epoch 249 saved to checkpoints/lstm_20260509-151903/last_model_1.pth
2026-05-09 15:20:39,913 INFO src.train.trainer: Epoch 250
2026-05-09 15:20:40,296 INFO src.train.trainer: Last model at epoch 250 saved to checkpoints/lstm_20260509-151903/last_model_1.pth
2026-05-09 15:20:40,296 INFO src.train.trainer: Epoch 251
2026-05-09 15:20:40,671 INFO src.train.trainer: Last model at epoch 251 saved to checkpoints/lstm_20260509-151903/last_model_1.pth
2026-05-09 15:20:40,671 INFO src.train.trainer: Epoch 252
2026-05-09 15:20:41,048 INFO src.train.trainer: Last model at epoch 252 saved to checkpoints/lstm_20260509-151903/last_model_1.pth
2026-05-09 15:20:41,048 INFO src.train.trainer: Epoch 253
2026-05-09 15:20:41,423 INFO src.train.trainer: Last model at epoch 253 saved to checkpoints/lstm_20260509-151903/last_model_1.pth
2026-05-09 15:20:41,423 INFO src.train.trainer: Epoch 254
2026-05-09 15:20:41,796 INFO src.train.trainer: Last model at epoch 254 saved to checkpoints/lstm_20260509-151903/last_model_1.pth
2026-05-09 15:20:41,796 INFO src.train.trainer: Epoch 255
2026-05-09 15:20:42,176 INFO src.train.trainer: Last model at epoch 255 saved to checkpoints/lstm_20260509-151903/last_model_1.pth
2026-05-09 15:20:42,177 INFO src.train.trainer: Epoch 256
2026-05-09 15:20:42,552 INFO src.train.trainer: Last model at epoch 256 saved to checkpoints/lstm_20260509-151903/last_model_1.pth
2026-05-09 15:20:42,552 INFO src.train.trainer: Epoch 257
2026-05-09 15:20:42,931 INFO src.train.trainer: Last model at epoch 257 saved to checkpoints/lstm_20260509-151903/last_model_1.pth
2026-05-09 15:20:42,931 INFO src.train.trainer: Epoch 258
2026-05-09 15:20:43,304 INFO src.train.trainer: Last model at epoch 258 saved to checkpoints/lstm_20260509-151903/last_model_1.pth
2026-05-09 15:20:43,304 INFO src.train.trainer: Epoch 259
2026-05-09 15:20:43,682 INFO src.train.trainer: Last model at epoch 259 saved to checkpoints/lstm_20260509-151903/last_model_1.pth
2026-05-09 15:20:43,682 INFO src.train.trainer: Epoch 260
2026-05-09 15:20:44,058 INFO src.train.trainer: Last model at epoch 260 saved to checkpoints/lstm_20260509-151903/last_model_1.pth
2026-05-09 15:20:44,058 INFO src.train.trainer: Epoch 261
2026-05-09 15:20:44,436 INFO src.train.trainer: Last model at epoch 261 saved to checkpoints/lstm_20260509-151903/last_model_1.pth
2026-05-09 15:20:44,436 INFO src.train.trainer: Epoch 262
2026-05-09 15:20:44,816 INFO src.train.trainer: Last model at epoch 262 saved to checkpoints/lstm_20260509-151903/last_model_1.pth
2026-05-09 15:20:44,816 INFO src.train.trainer: Epoch 263
2026-05-09 15:20:45,191 INFO src.train.trainer: Last model at epoch 263 saved to checkpoints/lstm_20260509-151903/last_model_1.pth
2026-05-09 15:20:45,192 INFO src.train.trainer: Epoch 264
2026-05-09 15:20:45,569 INFO src.train.trainer: Last model at epoch 264 saved to checkpoints/lstm_20260509-151903/last_model_1.pth
2026-05-09 15:20:45,569 INFO src.train.trainer: Epoch 265
2026-05-09 15:20:45,945 INFO src.train.trainer: Last model at epoch 265 saved to checkpoints/lstm_20260509-151903/last_model_1.pth
2026-05-09 15:20:45,946 INFO src.train.trainer: Epoch 266
2026-05-09 15:20:46,317 INFO src.train.trainer: Last model at epoch 266 saved to checkpoints/lstm_20260509-151903/last_model_1.pth
2026-05-09 15:20:46,317 INFO src.train.trainer: Epoch 267
2026-05-09 15:20:46,696 INFO src.train.trainer: Last model at epoch 267 saved to checkpoints/lstm_20260509-151903/last_model_1.pth
2026-05-09 15:20:46,696 INFO src.train.trainer: Epoch 268
2026-05-09 15:20:47,068 INFO src.train.trainer: Last model at epoch 268 saved to checkpoints/lstm_20260509-151903/last_model_1.pth
2026-05-09 15:20:47,069 INFO src.train.trainer: Epoch 269
2026-05-09 15:20:47,445 INFO src.train.trainer: Last model at epoch 269 saved to checkpoints/lstm_20260509-151903/last_model_1.pth
2026-05-09 15:20:47,445 INFO src.train.trainer: Epoch 270
2026-05-09 15:20:47,808 INFO src.train.trainer: Last model at epoch 270 saved to checkpoints/lstm_20260509-151903/last_model_1.pth
2026-05-09 15:20:47,808 INFO src.train.trainer: Epoch 271
2026-05-09 15:20:48,189 INFO src.train.trainer: Last model at epoch 271 saved to checkpoints/lstm_20260509-151903/last_model_1.pth
2026-05-09 15:20:48,189 INFO src.train.trainer: Epoch 272
2026-05-09 15:20:48,562 INFO src.train.trainer: Last model at epoch 272 saved to checkpoints/lstm_20260509-151903/last_model_1.pth
2026-05-09 15:20:48,562 INFO src.train.trainer: Epoch 273
2026-05-09 15:20:48,945 INFO src.train.trainer: Last model at epoch 273 saved to checkpoints/lstm_20260509-151903/last_model_1.pth
2026-05-09 15:20:48,945 INFO src.train.trainer: Epoch 274
2026-05-09 15:20:49,323 INFO src.train.trainer: Last model at epoch 274 saved to checkpoints/lstm_20260509-151903/last_model_1.pth
2026-05-09 15:20:49,323 INFO src.train.trainer: Epoch 275
2026-05-09 15:20:49,704 INFO src.train.trainer: Last model at epoch 275 saved to checkpoints/lstm_20260509-151903/last_model_1.pth
2026-05-09 15:20:49,705 INFO src.train.trainer: Epoch 276
2026-05-09 15:20:50,078 INFO src.train.trainer: Last model at epoch 276 saved to checkpoints/lstm_20260509-151903/last_model_1.pth
2026-05-09 15:20:50,078 INFO src.train.trainer: Epoch 277
2026-05-09 15:20:50,437 INFO src.train.trainer: Last model at epoch 277 saved to checkpoints/lstm_20260509-151903/last_model_1.pth
2026-05-09 15:20:50,437 INFO src.train.trainer: Epoch 278
2026-05-09 15:20:50,821 INFO src.train.trainer: Last model at epoch 278 saved to checkpoints/lstm_20260509-151903/last_model_1.pth
2026-05-09 15:20:50,822 INFO src.train.trainer: Epoch 279
2026-05-09 15:20:51,198 INFO src.train.trainer: Last model at epoch 279 saved to checkpoints/lstm_20260509-151903/last_model_1.pth
2026-05-09 15:20:51,199 INFO src.train.trainer: Epoch 280
2026-05-09 15:20:51,572 INFO src.train.trainer: Last model at epoch 280 saved to checkpoints/lstm_20260509-151903/last_model_1.pth
2026-05-09 15:20:51,572 INFO src.train.trainer: Epoch 281
2026-05-09 15:20:51,950 INFO src.train.trainer: Last model at epoch 281 saved to checkpoints/lstm_20260509-151903/last_model_1.pth
2026-05-09 15:20:51,950 INFO src.train.trainer: Epoch 282
2026-05-09 15:20:52,332 INFO src.train.trainer: Last model at epoch 282 saved to checkpoints/lstm_20260509-151903/last_model_1.pth
2026-05-09 15:20:52,332 INFO src.train.trainer: Epoch 283
2026-05-09 15:20:52,704 INFO src.train.trainer: Last model at epoch 283 saved to checkpoints/lstm_20260509-151903/last_model_1.pth
2026-05-09 15:20:52,705 INFO src.train.trainer: Epoch 284
2026-05-09 15:20:53,082 INFO src.train.trainer: Last model at epoch 284 saved to checkpoints/lstm_20260509-151903/last_model_1.pth
2026-05-09 15:20:53,082 INFO src.train.trainer: Epoch 285
2026-05-09 15:20:53,461 INFO src.train.trainer: Last model at epoch 285 saved to checkpoints/lstm_20260509-151903/last_model_1.pth
2026-05-09 15:20:53,461 INFO src.train.trainer: Epoch 286
2026-05-09 15:20:53,835 INFO src.train.trainer: Last model at epoch 286 saved to checkpoints/lstm_20260509-151903/last_model_1.pth
2026-05-09 15:20:53,836 INFO src.train.trainer: Epoch 287
2026-05-09 15:20:54,220 INFO src.train.trainer: Last model at epoch 287 saved to checkpoints/lstm_20260509-151903/last_model_1.pth
2026-05-09 15:20:54,220 INFO src.train.trainer: Epoch 288
2026-05-09 15:20:54,593 INFO src.train.trainer: Last model at epoch 288 saved to checkpoints/lstm_20260509-151903/last_model_1.pth
2026-05-09 15:20:54,593 INFO src.train.trainer: Epoch 289
2026-05-09 15:20:54,977 INFO src.train.trainer: Last model at epoch 289 saved to checkpoints/lstm_20260509-151903/last_model_1.pth
2026-05-09 15:20:54,977 INFO src.train.trainer: Epoch 290
2026-05-09 15:20:55,359 INFO src.train.trainer: Last model at epoch 290 saved to checkpoints/lstm_20260509-151903/last_model_1.pth
2026-05-09 15:20:55,359 INFO src.train.trainer: Epoch 291
2026-05-09 15:20:55,738 INFO src.train.trainer: Last model at epoch 291 saved to checkpoints/lstm_20260509-151903/last_model_1.pth
2026-05-09 15:20:55,738 INFO src.train.trainer: Epoch 292
2026-05-09 15:20:56,105 INFO src.train.trainer: Last model at epoch 292 saved to checkpoints/lstm_20260509-151903/last_model_1.pth
2026-05-09 15:20:56,105 INFO src.train.trainer: Epoch 293
2026-05-09 15:20:56,489 INFO src.train.trainer: Last model at epoch 293 saved to checkpoints/lstm_20260509-151903/last_model_1.pth
2026-05-09 15:20:56,490 INFO src.train.trainer: Epoch 294
2026-05-09 15:20:56,833 INFO src.train.trainer: Last model at epoch 294 saved to checkpoints/lstm_20260509-151903/last_model_1.pth
2026-05-09 15:20:56,833 INFO src.train.trainer: Epoch 295
2026-05-09 15:20:57,206 INFO src.train.trainer: Last model at epoch 295 saved to checkpoints/lstm_20260509-151903/last_model_1.pth
2026-05-09 15:20:57,207 INFO src.train.trainer: Epoch 296
2026-05-09 15:20:57,589 INFO src.train.trainer: Last model at epoch 296 saved to checkpoints/lstm_20260509-151903/last_model_1.pth
2026-05-09 15:20:57,590 INFO src.train.trainer: Epoch 297
2026-05-09 15:20:57,974 INFO src.train.trainer: Last model at epoch 297 saved to checkpoints/lstm_20260509-151903/last_model_1.pth
2026-05-09 15:20:57,974 INFO src.train.trainer: Epoch 298
2026-05-09 15:20:58,352 INFO src.train.trainer: Last model at epoch 298 saved to checkpoints/lstm_20260509-151903/last_model_1.pth
2026-05-09 15:20:58,352 INFO src.train.trainer: Epoch 299
2026-05-09 15:20:58,734 INFO src.train.trainer: Last model at epoch 299 saved to checkpoints/lstm_20260509-151903/last_model_1.pth
2026-05-09 15:20:58,734 INFO src.train.trainer: Epoch 300
2026-05-09 15:20:59,118 INFO src.train.trainer: Last model at epoch 300 saved to checkpoints/lstm_20260509-151903/last_model_1.pth
2026-05-09 15:22:23,058 INFO src.data.preprocessing: CSV files found: ['chuandian_2021.csv']
2026-05-09 15:22:23,795 INFO src.utils.file_utils: Loading cached data from: data/ChuanDian/lstm_regressor/lstm_regressor_Mag_elaps_5.5-6-6.5-7_Mc_3_Mf_3_Tfore_180_Twindow_360_context_len_0_dt_10_feature_step_none_feature_window_none_lstm_feature_mode_external_sliding_time_step_5.pkl
2026-05-09 15:22:25,224 INFO src.data.preparation_modules.lstm: Applied T_elaps NaN high-sentinel imputation: [{'feature': 'T_elaps5.5', 'nan_count': 3000, 'fill_value': 359.6074755375663}, {'feature': 'T_elaps6', 'nan_count': 5230, 'fill_value': 359.6201514631899}, {'feature': 'T_elaps6.5', 'nan_count': 6979, 'fill_value': 360.000001}, {'feature': 'T_elaps7', 'nan_count': 8194, 'fill_value': 360.000001}]
2026-05-09 15:22:25,225 INFO src.data.lstm_loader: Original number of samples: 1819, number of samples after cleaning: 1819
2026-05-09 15:22:25,226 INFO src.data.lstm_loader: Replaced NaN values in X with 0.0
2026-05-09 15:22:25,294 INFO src.train.config_setup: Restoring model from checkpoint.
2026-05-09 15:22:25,294 INFO src.train.config_setup: Loading model weights: load_specific_parts=None
2026-05-09 15:22:25,616 INFO src.train.config_setup: Checkpoint loaded: <All keys matched successfully>
2026-05-09 15:22:25,616 INFO src.train.config_setup: Full load summary: loaded=18, missing=0, unexpected=0
2026-05-09 15:22:25,617 INFO src.train.config_setup: Checkpoint hyperparameters loaded.
2026-05-09 15:22:25,617 INFO src.train.config_setup: Checkpoint train metrics available.
2026-05-09 15:22:25,617 INFO src.train.config_setup: Checkpoint val metrics available.
2026-05-09 15:22:25,617 INFO src.train.config_setup: Freeze skipped (checkpoint_restore): freeze_parts is empty.
2026-05-09 15:22:25,617 INFO src.train.config_setup: Using regression criterion: smooth_l1
2026-05-09 15:22:25,617 INFO src.train.config_setup: Criterion config: {'beta': 0.1}
2026-05-09 15:22:25,618 INFO src.train.config_setup: Not resuming optimizer/scheduler state; reset training state to start_epoch=0, best_val_loss=inf.
2026-05-09 15:22:25,781 INFO __main__: Test loss: 0.059836048632860184
2026-05-09 15:22:26,634 INFO __main__: Saved test metrics to checkpoints/lstm_20260509-151903/metrics_test_best_1.json
2026-05-09 15:22:26,634 INFO __main__: Metrics: {'RMSE': 0.7285396404584137, 'MAE': 0.6094024507074408, 'MSE': 0.5307700077192746, 'MAPE': 13.094028195735191, 'R2': -0.5861182561093925, 'PearsonR': -0.025039638519183595, 'PearsonR_diff': -0.07005243575901647, 'DA': 0.03296703296703297, 'SpearmanR': 0.2376889960279482, 'SpearmanR_diff': -0.09351671323947769, 'DTW': 74.16339778900146, 'DTW_normalized': 0.4052644687923577}
2026-05-09 15:22:54,078 INFO src.data.preprocessing: CSV files found: ['chuandian_2021.csv']
2026-05-09 15:22:54,870 INFO src.utils.file_utils: Loading cached data from: data/ChuanDian/lstm_regressor/lstm_regressor_Mag_elaps_5.5-6-6.5-7_Mc_3_Mf_3_Tfore_180_Twindow_360_context_len_0_dt_10_feature_step_none_feature_window_none_lstm_feature_mode_external_sliding_time_step_5.pkl
2026-05-09 15:22:56,333 INFO src.data.preparation_modules.lstm: Applied T_elaps NaN high-sentinel imputation: [{'feature': 'T_elaps5.5', 'nan_count': 3000, 'fill_value': 359.6074755375663}, {'feature': 'T_elaps6', 'nan_count': 5230, 'fill_value': 359.6201514631899}, {'feature': 'T_elaps6.5', 'nan_count': 6979, 'fill_value': 360.000001}, {'feature': 'T_elaps7', 'nan_count': 8194, 'fill_value': 360.000001}]
2026-05-09 15:22:56,335 INFO src.data.lstm_loader: Original number of samples: 1819, number of samples after cleaning: 1819
2026-05-09 15:22:56,335 INFO src.data.lstm_loader: Replaced NaN values in X with 0.0
2026-05-09 15:22:56,406 INFO src.train.config_setup: Restoring model from checkpoint.
2026-05-09 15:22:56,406 INFO src.train.config_setup: Loading model weights: load_specific_parts=None
2026-05-09 15:22:56,736 INFO src.train.config_setup: Checkpoint loaded: <All keys matched successfully>
2026-05-09 15:22:56,736 INFO src.train.config_setup: Full load summary: loaded=18, missing=0, unexpected=0
2026-05-09 15:22:56,736 INFO src.train.config_setup: Checkpoint hyperparameters loaded.
2026-05-09 15:22:56,737 INFO src.train.config_setup: Checkpoint train metrics available.
2026-05-09 15:22:56,737 INFO src.train.config_setup: Checkpoint val metrics available.
2026-05-09 15:22:56,737 INFO src.train.config_setup: Freeze skipped (checkpoint_restore): freeze_parts is empty.
2026-05-09 15:22:56,737 INFO src.train.config_setup: Using regression criterion: smooth_l1
2026-05-09 15:22:56,737 INFO src.train.config_setup: Criterion config: {'beta': 0.1}
2026-05-09 15:22:56,738 INFO src.train.config_setup: Not resuming optimizer/scheduler state; reset training state to start_epoch=0, best_val_loss=inf.
2026-05-09 15:22:56,906 INFO __main__: Test loss: 0.08403142044941585
2026-05-09 15:22:57,411 INFO __main__: Saved test metrics to checkpoints/lstm_20260509-151903/metrics_test_last_1.json
2026-05-09 15:22:57,411 INFO __main__: Metrics: {'RMSE': 1.007243115313861, 'MAE': 0.7620507224661405, 'MSE': 1.014538693347172, 'MAPE': 16.48503727256809, 'R2': -2.03178084602402, 'PearsonR': -0.13642488013517295, 'PearsonR_diff': -0.012078087296498933, 'DA': 0.054945054945054944, 'SpearmanR': 0.04235531252548843, 'SpearmanR_diff': 0.03914602676188711, 'DTW': 92.54510974884033, 'DTW_normalized': 0.5057109822341002}
2026-05-09 15:23:12,319 INFO src.data.preprocessing: CSV files found: ['chuandian_2021.csv']
2026-05-09 15:23:13,101 INFO src.utils.file_utils: Loading cached data from: data/ChuanDian/lstm_regressor/lstm_regressor_Mag_elaps_5.5-6-6.5-7_Mc_3_Mf_3_Tfore_180_Twindow_360_context_len_0_dt_10_feature_step_none_feature_window_none_lstm_feature_mode_external_sliding_time_step_5.pkl
2026-05-09 15:23:14,581 INFO src.data.preparation_modules.lstm: Applied T_elaps NaN high-sentinel imputation: [{'feature': 'T_elaps5.5', 'nan_count': 3000, 'fill_value': 359.6074755375663}, {'feature': 'T_elaps6', 'nan_count': 5230, 'fill_value': 359.6201514631899}, {'feature': 'T_elaps6.5', 'nan_count': 6979, 'fill_value': 360.000001}, {'feature': 'T_elaps7', 'nan_count': 8194, 'fill_value': 360.000001}]
2026-05-09 15:23:14,583 INFO src.data.lstm_loader: Original number of samples: 1819, number of samples after cleaning: 1819
2026-05-09 15:23:14,583 INFO src.data.lstm_loader: Replaced NaN values in X with 0.0
2026-05-09 15:23:14,656 INFO src.train.config_setup: Restoring model from checkpoint.
2026-05-09 15:23:14,656 INFO src.train.config_setup: Loading model weights: load_specific_parts=None
2026-05-09 15:23:14,998 INFO src.train.config_setup: Checkpoint loaded: <All keys matched successfully>
2026-05-09 15:23:14,998 INFO src.train.config_setup: Full load summary: loaded=18, missing=0, unexpected=0
2026-05-09 15:23:14,998 INFO src.train.config_setup: Checkpoint hyperparameters loaded.
2026-05-09 15:23:14,998 INFO src.train.config_setup: Checkpoint train metrics available.
2026-05-09 15:23:14,998 INFO src.train.config_setup: Checkpoint val metrics available.
2026-05-09 15:23:14,999 INFO src.train.config_setup: Freeze skipped (checkpoint_restore): freeze_parts is empty.
2026-05-09 15:23:14,999 INFO src.train.config_setup: Using regression criterion: smooth_l1
2026-05-09 15:23:14,999 INFO src.train.config_setup: Criterion config: {'beta': 0.1}
2026-05-09 15:23:15,000 INFO src.train.config_setup: Not resuming optimizer/scheduler state; reset training state to start_epoch=0, best_val_loss=inf.
2026-05-09 15:23:15,518 INFO __main__: Test loss: 0.059836048632860184
2026-05-09 15:23:16,009 INFO __main__: Saved test metrics to checkpoints/lstm_20260509-151903/metrics_test_best_1.json
2026-05-09 15:23:16,009 INFO __main__: Metrics: {'RMSE': 0.7285396404584137, 'MAE': 0.6094024507074408, 'MSE': 0.5307700077192746, 'MAPE': 13.094028195735191, 'R2': -0.5861182561093925, 'PearsonR': -0.025039638519183595, 'PearsonR_diff': -0.07005243575901647, 'DA': 0.03296703296703297, 'SpearmanR': 0.2376889960279482, 'SpearmanR_diff': -0.09351671323947769, 'DTW': 74.16339778900146, 'DTW_normalized': 0.4052644687923577}
