2026-05-10 12:01:31,606 INFO src.data.preprocessing: CSV files found: ['chuandian_2021.csv']
2026-05-10 12:01:32,694 INFO src.utils.file_utils: Loading cached data from: data/ChuanDian/classifier/classifier_Mc_3_Mf_5.5_Tfore_90_Twindow_180_context_len_1_dt_10.pkl
2026-05-10 12:01:33,839 INFO src.data.preprocessing: Catalog statistics: {'tau_unfiltered': 0.15339908988298961, 'tau_q025': 0.08114294020924717, 'tau_q05': 0.5134664350189269, 'tau_mean': 1.3070542199341526, 'tau_max': 25.18216435192153, 'tau_min': 0.0, 'time_max': 18770.72654999979, 'time_mean': 10030.9430649837, 'mag_completeness': 3.0, 'mag_mean': 3.456916005014626, 'mag_max': 8.0, 'mag_min': 3.0, 'b_value': 0.856738547623331, 'b_std': 0.0071499224812533796, 'b_n': 14358}
2026-05-10 12:01:33,861 INFO src.data.event_loader: lengths of samples: min=32, max=749, avg=124.26
2026-05-10 12:01:33,861 INFO src.data.event_loader: Number of positive samples: 471
2026-05-10 12:01:33,862 INFO src.data.event_loader: Number of negative samples: 1055
2026-05-10 12:01:33,885 INFO src.data.event_loader: Positive samples: 390, Negative samples: 830
2026-05-10 12:01:33,885 INFO src.data.event_loader: Total samples: 1220, Positive ratio: 0.32, Negative ratio: 0.68
2026-05-10 12:01:33,885 INFO src.data.event_loader: Positive samples: 62, Negative samples: 90
2026-05-10 12:01:33,885 INFO src.data.event_loader: Total samples: 152, Positive ratio: 0.41, Negative ratio: 0.59
2026-05-10 12:01:33,886 INFO src.data.event_loader: Positive samples: 19, Negative samples: 135
2026-05-10 12:01:33,886 INFO src.data.event_loader: Total samples: 154, Positive ratio: 0.12, Negative ratio: 0.88
2026-05-10 12:01:34,111 INFO src.cli.workflows: Loading checkpoint from: ./checkpoints/mixer_tpp_20260508-182744/last_model_1.pth
2026-05-10 12:01:34,603 INFO src.models.adapters.mixer_task: using time scale base 1.3070542199341526 (key: tau_mean)
2026-05-10 12:01:34,603 INFO src.models.adapters.mixer_task: tau mean: tensor(1.3071)
2026-05-10 12:01:34,608 INFO src.train.config_setup: Restoring model from checkpoint.
2026-05-10 12:01:34,609 INFO src.train.config_setup: Loading model weights: load_specific_parts=['encoder']
2026-05-10 12:01:34,610 INFO src.train.config_setup: Selective load summary: requested_parts=['encoder'], target_in_model=30, matched_in_checkpoint=30, loaded=30, missing_after_load=0, shape_mismatch=0, missing_in_model=0, out_of_scope_loaded=0
2026-05-10 12:01:34,610 INFO src.train.config_setup: Selective load coverage [encoder]: target=30, hit=30, missing=0, complete=True
2026-05-10 12:01:34,610 INFO src.train.config_setup: Loaded parameter preview: ['base_model.encoder.layers.0.mixer.A_log', 'base_model.encoder.layers.0.mlp.fc2.weight', 'base_model.encoder.layers.1.mixer.out_proj.weight', 'base_model.encoder.layers.1.mixer.norm.weight', 'base_model.encoder.norm_f.weight', 'base_model.encoder.input_proj.3.bias', 'base_model.encoder.input_proj.0.weight', 'base_model.encoder.layers.0.norm2.weight', 'base_model.encoder.layers.0.mixer.norm.weight', 'base_model.encoder.layers.0.norm2.bias'] ... (+20 more)
2026-05-10 12:01:34,611 INFO src.train.config_setup: Checkpoint hyperparameters loaded.
2026-05-10 12:01:34,611 INFO src.train.config_setup: Checkpoint train metrics available.
2026-05-10 12:01:34,611 INFO src.train.config_setup: Checkpoint val metrics available.
2026-05-10 12:01:34,611 INFO src.train.config_setup: Freeze skipped (checkpoint_restore): freeze_parts is empty.
2026-05-10 12:01:34,611 INFO src.train.config_setup: Using classification criterion: focal
2026-05-10 12:01:34,611 INFO src.train.config_setup: Criterion config: {'alpha': 0.25, 'gamma': 2.0}
2026-05-10 12:01:34,612 INFO src.train.config_setup: Not resuming optimizer/scheduler state; reset training state to start_epoch=0, best_val_loss=inf.
2026-05-10 12:01:34,612 INFO src.train.trainer: Epoch 1
2026-05-10 12:01:47,248 INFO src.train.trainer: New best validation loss: 0.0645, saved to /root/autodl-tmp/em_eqf/experiments/clf_grid_from_yaml_example/runs/tf_90_mf_5p5_seed_1/best_model_1.pth
2026-05-10 12:01:47,254 INFO src.train.trainer: Last model at epoch 1 saved to /root/autodl-tmp/em_eqf/experiments/clf_grid_from_yaml_example/runs/tf_90_mf_5p5_seed_1/last_model_1.pth
2026-05-10 12:01:47,254 INFO src.train.trainer: Epoch 2
2026-05-10 12:01:49,171 INFO src.train.trainer: Last model at epoch 2 saved to /root/autodl-tmp/em_eqf/experiments/clf_grid_from_yaml_example/runs/tf_90_mf_5p5_seed_1/last_model_1.pth
2026-05-10 12:01:49,172 INFO src.train.trainer: Epoch 3
2026-05-10 12:01:51,230 INFO src.train.trainer: New best validation loss: 0.0623, saved to /root/autodl-tmp/em_eqf/experiments/clf_grid_from_yaml_example/runs/tf_90_mf_5p5_seed_1/best_model_1.pth
2026-05-10 12:01:51,238 INFO src.train.trainer: Last model at epoch 3 saved to /root/autodl-tmp/em_eqf/experiments/clf_grid_from_yaml_example/runs/tf_90_mf_5p5_seed_1/last_model_1.pth
2026-05-10 12:01:51,239 INFO src.train.trainer: Epoch 4
2026-05-10 12:01:53,201 INFO src.train.trainer: Last model at epoch 4 saved to /root/autodl-tmp/em_eqf/experiments/clf_grid_from_yaml_example/runs/tf_90_mf_5p5_seed_1/last_model_1.pth
2026-05-10 12:01:53,201 INFO src.train.trainer: Epoch 5
2026-05-10 12:01:55,116 INFO src.train.trainer: New best validation loss: 0.0603, saved to /root/autodl-tmp/em_eqf/experiments/clf_grid_from_yaml_example/runs/tf_90_mf_5p5_seed_1/best_model_1.pth
2026-05-10 12:01:55,126 INFO src.train.trainer: Last model at epoch 5 saved to /root/autodl-tmp/em_eqf/experiments/clf_grid_from_yaml_example/runs/tf_90_mf_5p5_seed_1/last_model_1.pth
2026-05-10 12:01:55,126 INFO src.train.trainer: Epoch 6
2026-05-10 12:01:57,032 INFO src.train.trainer: Last model at epoch 6 saved to /root/autodl-tmp/em_eqf/experiments/clf_grid_from_yaml_example/runs/tf_90_mf_5p5_seed_1/last_model_1.pth
2026-05-10 12:01:57,032 INFO src.train.trainer: Epoch 7
2026-05-10 12:01:58,881 INFO src.train.trainer: Last model at epoch 7 saved to /root/autodl-tmp/em_eqf/experiments/clf_grid_from_yaml_example/runs/tf_90_mf_5p5_seed_1/last_model_1.pth
2026-05-10 12:01:58,881 INFO src.train.trainer: Epoch 8
2026-05-10 12:02:00,775 INFO src.train.trainer: Last model at epoch 8 saved to /root/autodl-tmp/em_eqf/experiments/clf_grid_from_yaml_example/runs/tf_90_mf_5p5_seed_1/last_model_1.pth
2026-05-10 12:02:00,776 INFO src.train.trainer: Epoch 9
2026-05-10 12:02:02,633 INFO src.train.trainer: New best validation loss: 0.0596, saved to /root/autodl-tmp/em_eqf/experiments/clf_grid_from_yaml_example/runs/tf_90_mf_5p5_seed_1/best_model_1.pth
2026-05-10 12:02:02,640 INFO src.train.trainer: Last model at epoch 9 saved to /root/autodl-tmp/em_eqf/experiments/clf_grid_from_yaml_example/runs/tf_90_mf_5p5_seed_1/last_model_1.pth
2026-05-10 12:02:02,640 INFO src.train.trainer: Epoch 10
2026-05-10 12:02:04,469 INFO src.train.trainer: New best validation loss: 0.0546, saved to /root/autodl-tmp/em_eqf/experiments/clf_grid_from_yaml_example/runs/tf_90_mf_5p5_seed_1/best_model_1.pth
2026-05-10 12:02:04,477 INFO src.train.trainer: Last model at epoch 10 saved to /root/autodl-tmp/em_eqf/experiments/clf_grid_from_yaml_example/runs/tf_90_mf_5p5_seed_1/last_model_1.pth
2026-05-10 12:02:04,477 INFO src.train.trainer: Epoch 11
2026-05-10 12:02:06,292 INFO src.train.trainer: New best validation loss: 0.0500, saved to /root/autodl-tmp/em_eqf/experiments/clf_grid_from_yaml_example/runs/tf_90_mf_5p5_seed_1/best_model_1.pth
2026-05-10 12:02:06,300 INFO src.train.trainer: Last model at epoch 11 saved to /root/autodl-tmp/em_eqf/experiments/clf_grid_from_yaml_example/runs/tf_90_mf_5p5_seed_1/last_model_1.pth
2026-05-10 12:02:06,300 INFO src.train.trainer: Epoch 12
2026-05-10 12:02:08,180 INFO src.train.trainer: Last model at epoch 12 saved to /root/autodl-tmp/em_eqf/experiments/clf_grid_from_yaml_example/runs/tf_90_mf_5p5_seed_1/last_model_1.pth
2026-05-10 12:02:08,181 INFO src.train.trainer: Epoch 13
2026-05-10 12:02:09,862 INFO src.train.trainer: Last model at epoch 13 saved to /root/autodl-tmp/em_eqf/experiments/clf_grid_from_yaml_example/runs/tf_90_mf_5p5_seed_1/last_model_1.pth
2026-05-10 12:02:09,863 INFO src.train.trainer: Epoch 14
2026-05-10 12:02:11,596 INFO src.train.trainer: Last model at epoch 14 saved to /root/autodl-tmp/em_eqf/experiments/clf_grid_from_yaml_example/runs/tf_90_mf_5p5_seed_1/last_model_1.pth
2026-05-10 12:02:11,596 INFO src.train.trainer: Epoch 15
2026-05-10 12:02:13,256 INFO src.train.trainer: Last model at epoch 15 saved to /root/autodl-tmp/em_eqf/experiments/clf_grid_from_yaml_example/runs/tf_90_mf_5p5_seed_1/last_model_1.pth
2026-05-10 12:02:13,256 INFO src.train.trainer: Epoch 16
2026-05-10 12:02:14,881 INFO src.train.trainer: Last model at epoch 16 saved to /root/autodl-tmp/em_eqf/experiments/clf_grid_from_yaml_example/runs/tf_90_mf_5p5_seed_1/last_model_1.pth
2026-05-10 12:02:14,881 INFO src.train.trainer: Epoch 17
2026-05-10 12:02:16,617 INFO src.train.trainer: Last model at epoch 17 saved to /root/autodl-tmp/em_eqf/experiments/clf_grid_from_yaml_example/runs/tf_90_mf_5p5_seed_1/last_model_1.pth
2026-05-10 12:02:16,618 INFO src.train.trainer: Epoch 18
2026-05-10 12:02:18,274 INFO src.train.trainer: Last model at epoch 18 saved to /root/autodl-tmp/em_eqf/experiments/clf_grid_from_yaml_example/runs/tf_90_mf_5p5_seed_1/last_model_1.pth
2026-05-10 12:02:18,274 INFO src.train.trainer: Epoch 19
2026-05-10 12:02:19,901 INFO src.train.trainer: Last model at epoch 19 saved to /root/autodl-tmp/em_eqf/experiments/clf_grid_from_yaml_example/runs/tf_90_mf_5p5_seed_1/last_model_1.pth
2026-05-10 12:02:19,901 INFO src.train.trainer: Epoch 20
2026-05-10 12:02:21,464 INFO src.train.trainer: Last model at epoch 20 saved to /root/autodl-tmp/em_eqf/experiments/clf_grid_from_yaml_example/runs/tf_90_mf_5p5_seed_1/last_model_1.pth
2026-05-10 12:02:21,464 INFO src.train.trainer: Epoch 21
2026-05-10 12:02:22,988 INFO src.train.trainer: Last model at epoch 21 saved to /root/autodl-tmp/em_eqf/experiments/clf_grid_from_yaml_example/runs/tf_90_mf_5p5_seed_1/last_model_1.pth
2026-05-10 12:02:22,988 INFO src.train.trainer: Early stopping triggered at epoch 21 (best epoch: 11, best val loss: 0.050006)
2026-05-10 12:02:32,697 INFO src.data.preprocessing: CSV files found: ['chuandian_2021.csv']
2026-05-10 12:02:33,755 INFO src.utils.file_utils: Loading cached data from: data/ChuanDian/classifier/classifier_Mc_3_Mf_5.5_Tfore_90_Twindow_180_context_len_1_dt_10.pkl
2026-05-10 12:02:34,852 INFO src.data.preprocessing: Catalog statistics: {'tau_unfiltered': 0.15339908988298961, 'tau_q025': 0.08114294020924717, 'tau_q05': 0.5134664350189269, 'tau_mean': 1.3070542199341526, 'tau_max': 25.18216435192153, 'tau_min': 0.0, 'time_max': 18770.72654999979, 'time_mean': 10030.9430649837, 'mag_completeness': 3.0, 'mag_mean': 3.456916005014626, 'mag_max': 8.0, 'mag_min': 3.0, 'b_value': 0.856738547623331, 'b_std': 0.0071499224812533796, 'b_n': 14358}
2026-05-10 12:02:34,874 INFO src.data.event_loader: lengths of samples: min=32, max=749, avg=124.26
2026-05-10 12:02:34,874 INFO src.data.event_loader: Number of positive samples: 471
2026-05-10 12:02:34,874 INFO src.data.event_loader: Number of negative samples: 1055
2026-05-10 12:02:34,875 INFO src.data.event_loader: Positive samples: 390, Negative samples: 830
2026-05-10 12:02:34,875 INFO src.data.event_loader: Total samples: 1220, Positive ratio: 0.32, Negative ratio: 0.68
2026-05-10 12:02:34,876 INFO src.data.event_loader: Positive samples: 62, Negative samples: 90
2026-05-10 12:02:34,876 INFO src.data.event_loader: Total samples: 152, Positive ratio: 0.41, Negative ratio: 0.59
2026-05-10 12:02:34,876 INFO src.data.event_loader: Positive samples: 19, Negative samples: 135
2026-05-10 12:02:34,876 INFO src.data.event_loader: Total samples: 154, Positive ratio: 0.12, Negative ratio: 0.88
2026-05-10 12:02:35,397 INFO src.models.adapters.mixer_task: using time scale base 1.3070542199341526 (key: tau_mean)
2026-05-10 12:02:35,397 INFO src.models.adapters.mixer_task: tau mean: tensor(1.3071)
2026-05-10 12:02:35,403 INFO src.train.config_setup: Restoring model from checkpoint.
2026-05-10 12:02:35,403 INFO src.train.config_setup: Loading model weights: load_specific_parts=None
2026-05-10 12:02:35,404 INFO src.train.config_setup: Checkpoint loaded: <All keys matched successfully>
2026-05-10 12:02:35,405 INFO src.train.config_setup: Full load summary: loaded=45, missing=0, unexpected=0
2026-05-10 12:02:35,405 INFO src.train.config_setup: Checkpoint hyperparameters loaded.
2026-05-10 12:02:35,405 INFO src.train.config_setup: Checkpoint train metrics available.
2026-05-10 12:02:35,405 INFO src.train.config_setup: Checkpoint val metrics available.
2026-05-10 12:02:35,405 INFO src.train.config_setup: Freeze skipped (checkpoint_restore): freeze_parts is empty.
2026-05-10 12:02:35,406 INFO src.train.config_setup: Using classification criterion: focal
2026-05-10 12:02:35,406 INFO src.train.config_setup: Criterion config: {'alpha': 0.25, 'gamma': 2.0}
2026-05-10 12:02:35,406 INFO src.train.config_setup: Not resuming optimizer/scheduler state; reset training state to start_epoch=0, best_val_loss=inf.
2026-05-10 12:02:35,407 INFO src.cli.common: Using threshold 0.34194204211235046 from checkpoint val_metrics for testing.
2026-05-10 12:02:39,917 INFO src.utils.metrics: ROC curve saved to /root/autodl-tmp/em_eqf/experiments/clf_grid_from_yaml_example/runs/tf_90_mf_5p5_seed_1/roc_curve.png
2026-05-10 12:02:40,029 INFO src.utils.metrics: PR curve saved to /root/autodl-tmp/em_eqf/experiments/clf_grid_from_yaml_example/runs/tf_90_mf_5p5_seed_1/pr_curve.png
2026-05-10 12:02:40,094 INFO src.utils.metrics: Confusion matrix saved to /root/autodl-tmp/em_eqf/experiments/clf_grid_from_yaml_example/runs/tf_90_mf_5p5_seed_1/confusion_matrix.png
2026-05-10 12:02:40,095 INFO src.cli.workflows: Test loss: 0.040243261804183326
2026-05-10 12:02:40,627 INFO src.train.classifier_train_step: Prediction distribution plot has been saved to: /root/autodl-tmp/em_eqf/experiments/clf_grid_from_yaml_example/runs/tf_90_mf_5p5_seed_1/train_pred_distribution.png
2026-05-10 12:02:40,904 INFO src.train.classifier_train_step: Prediction distribution plot has been saved to: /root/autodl-tmp/em_eqf/experiments/clf_grid_from_yaml_example/runs/tf_90_mf_5p5_seed_1/val_pred_distribution.png
2026-05-10 12:02:41,138 INFO src.train.classifier_train_step: Prediction distribution plot has been saved to: /root/autodl-tmp/em_eqf/experiments/clf_grid_from_yaml_example/runs/tf_90_mf_5p5_seed_1/test_pred_distribution.png
2026-05-10 12:02:41,139 INFO src.cli.common: Saved test metrics to /root/autodl-tmp/em_eqf/experiments/clf_grid_from_yaml_example/runs/tf_90_mf_5p5_seed_1/metrics_test_best_1.json
2026-05-10 12:02:41,139 INFO src.cli.common: Metrics: {'precision': 0.045454545454545456, 'recall': 0.05263157894736842, 'f1': 0.04878048780487805, 'auc': 0.37231968810916183, 'pr_auc': 0.14515953825648995, 'fpr': 0.15555555555555556, 'tpr': 0.05263157894736842, 'R': -0.10292397660818714, 'conf': 1.0, 'threshold': 0.34194204211235046}
