2026-05-21 18:53:22,904 INFO src.data.preprocessing: CSV files found: ['chuandian_2021.csv']
2026-05-21 18:53:23,534 INFO src.utils.file_utils: Loading cached data from: data/ChuanDian/classifier/classifier_Mc_3_Mf_4.0_Tfore_10_Twindow_180_context_len_1_dt_10.pkl
2026-05-21 18:53:23,826 INFO src.data.preprocessing: Catalog statistics: {'tau_unfiltered': 0.15339908988298961, 'tau_q025': 0.08114294020924717, 'tau_q05': 0.5134664350189269, 'tau_mean': 1.3070542199341526, 'tau_max': 25.18216435192153, 'tau_min': 0.0, 'time_max': 18770.72654999979, 'time_mean': 10030.9430649837, 'mag_completeness': 3.0, 'mag_mean': 3.456916005014626, 'mag_max': 8.0, 'mag_min': 3.0, 'b_value': 0.856738547623331, 'b_std': 0.0071499224812533796, 'b_n': 14358}
2026-05-21 18:53:23,844 INFO src.data.event_loader: lengths of samples: min=32, max=981, avg=135.51
2026-05-21 18:53:23,844 INFO src.data.event_loader: Number of positive samples: 780
2026-05-21 18:53:23,845 INFO src.data.event_loader: Number of negative samples: 683
2026-05-21 18:53:23,868 INFO src.data.event_loader: Positive samples: 594, Negative samples: 576
2026-05-21 18:53:23,868 INFO src.data.event_loader: Total samples: 1170, Positive ratio: 0.51, Negative ratio: 0.49
2026-05-21 18:53:23,869 INFO src.data.event_loader: Positive samples: 107, Negative samples: 39
2026-05-21 18:53:23,869 INFO src.data.event_loader: Total samples: 146, Positive ratio: 0.73, Negative ratio: 0.27
2026-05-21 18:53:23,869 INFO src.data.event_loader: Positive samples: 79, Negative samples: 68
2026-05-21 18:53:23,869 INFO src.data.event_loader: Total samples: 147, Positive ratio: 0.54, Negative ratio: 0.46
2026-05-21 18:53:23,910 INFO src.cli.workflows: Loading checkpoint from: ./checkpoints/mixer_tpp_20260514-211318/last_model_1.pth
2026-05-21 18:53:24,420 INFO src.models.adapters.mixer_task: using time scale base 1.3070542199341526 (key: tau_mean)
2026-05-21 18:53:24,420 INFO src.models.adapters.mixer_task: tau mean: tensor(1.3071)
2026-05-21 18:53:24,456 INFO src.train.config_setup: Restoring model from checkpoint.
2026-05-21 18:53:24,456 INFO src.train.config_setup: Loading model weights: load_specific_parts=['encoder']
2026-05-21 18:53:24,457 INFO src.train.config_setup: Selective load summary: requested_parts=['encoder'], target_in_model=40, matched_in_checkpoint=30, loaded=30, missing_after_load=10, shape_mismatch=0, missing_in_model=0, out_of_scope_loaded=0
2026-05-21 18:53:24,458 INFO src.train.config_setup: Selective load coverage [encoder]: target=40, hit=30, missing=10, complete=False
2026-05-21 18:53:24,458 WARNING src.train.config_setup: Selective load coverage missing preview [encoder]: ['base_model.encoder.layers.2.mixer.in_proj.bias', 'base_model.encoder.layers.2.mixer.in_proj.weight', 'base_model.encoder.layers.2.mixer.out_proj.bias', 'base_model.encoder.layers.2.mixer.out_proj.weight', 'base_model.encoder.layers.2.mlp.fc1.weight', 'base_model.encoder.layers.2.mlp.fc2.weight', 'base_model.encoder.layers.2.norm.bias', 'base_model.encoder.layers.2.norm.weight'] ... (+2 more)
2026-05-21 18:53:24,458 WARNING src.train.config_setup: Checkpoint missing target parameter preview: ['base_model.encoder.layers.2.mixer.in_proj.bias', 'base_model.encoder.layers.2.mixer.in_proj.weight', 'base_model.encoder.layers.2.mixer.out_proj.bias', 'base_model.encoder.layers.2.mixer.out_proj.weight', 'base_model.encoder.layers.2.mlp.fc1.weight', 'base_model.encoder.layers.2.mlp.fc2.weight', 'base_model.encoder.layers.2.norm.bias', 'base_model.encoder.layers.2.norm.weight', 'base_model.encoder.layers.2.norm2.bias', 'base_model.encoder.layers.2.norm2.weight']
2026-05-21 18:53:24,458 WARNING src.train.config_setup: Target not-loaded parameter preview: ['base_model.encoder.layers.2.mixer.in_proj.bias', 'base_model.encoder.layers.2.mixer.in_proj.weight', 'base_model.encoder.layers.2.mixer.out_proj.bias', 'base_model.encoder.layers.2.mixer.out_proj.weight', 'base_model.encoder.layers.2.mlp.fc1.weight', 'base_model.encoder.layers.2.mlp.fc2.weight', 'base_model.encoder.layers.2.norm.bias', 'base_model.encoder.layers.2.norm.weight', 'base_model.encoder.layers.2.norm2.bias', 'base_model.encoder.layers.2.norm2.weight']
2026-05-21 18:53:24,458 INFO src.train.config_setup: Loaded parameter preview: ['base_model.encoder.input_proj.0.bias', 'base_model.encoder.layers.0.norm2.weight', 'base_model.encoder.layers.1.mixer.dt_bias', 'base_model.encoder.input_proj.0.weight', 'base_model.encoder.layers.0.mixer.norm.weight', 'base_model.encoder.layers.1.mixer.A_log', 'base_model.encoder.layers.0.mixer.A_log', 'base_model.encoder.layers.0.mixer.dt_bias', 'base_model.encoder.layers.0.mixer.D', 'base_model.encoder.layers.0.norm2.bias'] ... (+20 more)
2026-05-21 18:53:24,459 INFO src.train.config_setup: Checkpoint hyperparameters loaded.
2026-05-21 18:53:24,459 INFO src.train.config_setup: Checkpoint train metrics available.
2026-05-21 18:53:24,459 INFO src.train.config_setup: Checkpoint val metrics available.
2026-05-21 18:53:24,459 INFO src.train.config_setup: Freeze skipped (checkpoint_restore): freeze_parts is empty.
2026-05-21 18:53:24,459 INFO src.train.config_setup: Using classification criterion: focal
2026-05-21 18:53:24,459 INFO src.train.config_setup: Criterion config: {'alpha': 0.5, 'gamma': 2.0}
2026-05-21 18:53:24,460 INFO src.train.config_setup: Not resuming optimizer/scheduler state; reset training state to start_epoch=0, best_val_loss=inf.
2026-05-21 18:53:24,461 INFO src.train.trainer: Epoch 1
2026-05-21 18:53:44,378 INFO src.train.trainer: New best validation loss: 0.0771, saved to /root/autodl-tmp/em_eqf/experiments/clf_pre_v2/clf_pre_SCEDC_minus_b_v2/runs/tf_10_mf_4p0_seed_2/best_model_1.pth
2026-05-21 18:53:44,382 INFO src.train.trainer: Last model at epoch 1 saved to /root/autodl-tmp/em_eqf/experiments/clf_pre_v2/clf_pre_SCEDC_minus_b_v2/runs/tf_10_mf_4p0_seed_2/last_model_1.pth
2026-05-21 18:53:44,383 INFO src.train.trainer: Epoch 2
2026-05-21 18:53:48,082 INFO src.train.trainer: Last model at epoch 2 saved to /root/autodl-tmp/em_eqf/experiments/clf_pre_v2/clf_pre_SCEDC_minus_b_v2/runs/tf_10_mf_4p0_seed_2/last_model_1.pth
2026-05-21 18:53:48,082 INFO src.train.trainer: Epoch 3
2026-05-21 18:53:51,467 INFO src.train.trainer: Last model at epoch 3 saved to /root/autodl-tmp/em_eqf/experiments/clf_pre_v2/clf_pre_SCEDC_minus_b_v2/runs/tf_10_mf_4p0_seed_2/last_model_1.pth
2026-05-21 18:53:51,467 INFO src.train.trainer: Epoch 4
2026-05-21 18:53:54,953 INFO src.train.trainer: Last model at epoch 4 saved to /root/autodl-tmp/em_eqf/experiments/clf_pre_v2/clf_pre_SCEDC_minus_b_v2/runs/tf_10_mf_4p0_seed_2/last_model_1.pth
2026-05-21 18:53:54,953 INFO src.train.trainer: Epoch 5
2026-05-21 18:53:58,315 INFO src.train.trainer: Last model at epoch 5 saved to /root/autodl-tmp/em_eqf/experiments/clf_pre_v2/clf_pre_SCEDC_minus_b_v2/runs/tf_10_mf_4p0_seed_2/last_model_1.pth
2026-05-21 18:53:58,315 INFO src.train.trainer: Epoch 6
2026-05-21 18:54:01,764 INFO src.train.trainer: New best validation loss: 0.0713, saved to /root/autodl-tmp/em_eqf/experiments/clf_pre_v2/clf_pre_SCEDC_minus_b_v2/runs/tf_10_mf_4p0_seed_2/best_model_1.pth
2026-05-21 18:54:01,771 INFO src.train.trainer: Last model at epoch 6 saved to /root/autodl-tmp/em_eqf/experiments/clf_pre_v2/clf_pre_SCEDC_minus_b_v2/runs/tf_10_mf_4p0_seed_2/last_model_1.pth
2026-05-21 18:54:01,771 INFO src.train.trainer: Epoch 7
2026-05-21 18:54:05,122 INFO src.train.trainer: Last model at epoch 7 saved to /root/autodl-tmp/em_eqf/experiments/clf_pre_v2/clf_pre_SCEDC_minus_b_v2/runs/tf_10_mf_4p0_seed_2/last_model_1.pth
2026-05-21 18:54:05,122 INFO src.train.trainer: Epoch 8
2026-05-21 18:54:08,320 INFO src.train.trainer: Last model at epoch 8 saved to /root/autodl-tmp/em_eqf/experiments/clf_pre_v2/clf_pre_SCEDC_minus_b_v2/runs/tf_10_mf_4p0_seed_2/last_model_1.pth
2026-05-21 18:54:08,320 INFO src.train.trainer: Epoch 9
2026-05-21 18:54:11,356 INFO src.train.trainer: Last model at epoch 9 saved to /root/autodl-tmp/em_eqf/experiments/clf_pre_v2/clf_pre_SCEDC_minus_b_v2/runs/tf_10_mf_4p0_seed_2/last_model_1.pth
2026-05-21 18:54:11,356 INFO src.train.trainer: Epoch 10
2026-05-21 18:54:14,462 INFO src.train.trainer: Last model at epoch 10 saved to /root/autodl-tmp/em_eqf/experiments/clf_pre_v2/clf_pre_SCEDC_minus_b_v2/runs/tf_10_mf_4p0_seed_2/last_model_1.pth
2026-05-21 18:54:14,462 INFO src.train.trainer: Epoch 11
2026-05-21 18:54:17,755 INFO src.train.trainer: Last model at epoch 11 saved to /root/autodl-tmp/em_eqf/experiments/clf_pre_v2/clf_pre_SCEDC_minus_b_v2/runs/tf_10_mf_4p0_seed_2/last_model_1.pth
2026-05-21 18:54:17,755 INFO src.train.trainer: Epoch 12
2026-05-21 18:54:20,730 INFO src.train.trainer: Last model at epoch 12 saved to /root/autodl-tmp/em_eqf/experiments/clf_pre_v2/clf_pre_SCEDC_minus_b_v2/runs/tf_10_mf_4p0_seed_2/last_model_1.pth
2026-05-21 18:54:20,730 INFO src.train.trainer: Epoch 13
2026-05-21 18:54:23,670 INFO src.train.trainer: New best validation loss: 0.0708, saved to /root/autodl-tmp/em_eqf/experiments/clf_pre_v2/clf_pre_SCEDC_minus_b_v2/runs/tf_10_mf_4p0_seed_2/best_model_1.pth
2026-05-21 18:54:23,679 INFO src.train.trainer: Last model at epoch 13 saved to /root/autodl-tmp/em_eqf/experiments/clf_pre_v2/clf_pre_SCEDC_minus_b_v2/runs/tf_10_mf_4p0_seed_2/last_model_1.pth
2026-05-21 18:54:23,679 INFO src.train.trainer: Epoch 14
2026-05-21 18:54:26,470 INFO src.train.trainer: Last model at epoch 14 saved to /root/autodl-tmp/em_eqf/experiments/clf_pre_v2/clf_pre_SCEDC_minus_b_v2/runs/tf_10_mf_4p0_seed_2/last_model_1.pth
2026-05-21 18:54:26,471 INFO src.train.trainer: Epoch 15
2026-05-21 18:54:29,278 INFO src.train.trainer: Last model at epoch 15 saved to /root/autodl-tmp/em_eqf/experiments/clf_pre_v2/clf_pre_SCEDC_minus_b_v2/runs/tf_10_mf_4p0_seed_2/last_model_1.pth
2026-05-21 18:54:29,279 INFO src.train.trainer: Epoch 16
2026-05-21 18:54:32,059 INFO src.train.trainer: New best validation loss: 0.0641, saved to /root/autodl-tmp/em_eqf/experiments/clf_pre_v2/clf_pre_SCEDC_minus_b_v2/runs/tf_10_mf_4p0_seed_2/best_model_1.pth
2026-05-21 18:54:32,067 INFO src.train.trainer: Last model at epoch 16 saved to /root/autodl-tmp/em_eqf/experiments/clf_pre_v2/clf_pre_SCEDC_minus_b_v2/runs/tf_10_mf_4p0_seed_2/last_model_1.pth
2026-05-21 18:54:32,067 INFO src.train.trainer: Epoch 17
2026-05-21 18:54:34,912 INFO src.train.trainer: Last model at epoch 17 saved to /root/autodl-tmp/em_eqf/experiments/clf_pre_v2/clf_pre_SCEDC_minus_b_v2/runs/tf_10_mf_4p0_seed_2/last_model_1.pth
2026-05-21 18:54:34,912 INFO src.train.trainer: Epoch 18
2026-05-21 18:54:37,935 INFO src.train.trainer: New best validation loss: 0.0544, saved to /root/autodl-tmp/em_eqf/experiments/clf_pre_v2/clf_pre_SCEDC_minus_b_v2/runs/tf_10_mf_4p0_seed_2/best_model_1.pth
2026-05-21 18:54:37,942 INFO src.train.trainer: Last model at epoch 18 saved to /root/autodl-tmp/em_eqf/experiments/clf_pre_v2/clf_pre_SCEDC_minus_b_v2/runs/tf_10_mf_4p0_seed_2/last_model_1.pth
2026-05-21 18:54:37,942 INFO src.train.trainer: Epoch 19
2026-05-21 18:54:40,436 INFO src.train.trainer: Last model at epoch 19 saved to /root/autodl-tmp/em_eqf/experiments/clf_pre_v2/clf_pre_SCEDC_minus_b_v2/runs/tf_10_mf_4p0_seed_2/last_model_1.pth
2026-05-21 18:54:40,436 INFO src.train.trainer: Epoch 20
2026-05-21 18:54:42,600 INFO src.train.trainer: Last model at epoch 20 saved to /root/autodl-tmp/em_eqf/experiments/clf_pre_v2/clf_pre_SCEDC_minus_b_v2/runs/tf_10_mf_4p0_seed_2/last_model_1.pth
2026-05-21 18:54:42,600 INFO src.train.trainer: Epoch 21
2026-05-21 18:54:44,619 INFO src.train.trainer: Last model at epoch 21 saved to /root/autodl-tmp/em_eqf/experiments/clf_pre_v2/clf_pre_SCEDC_minus_b_v2/runs/tf_10_mf_4p0_seed_2/last_model_1.pth
2026-05-21 18:54:44,619 INFO src.train.trainer: Epoch 22
2026-05-21 18:54:46,755 INFO src.train.trainer: Last model at epoch 22 saved to /root/autodl-tmp/em_eqf/experiments/clf_pre_v2/clf_pre_SCEDC_minus_b_v2/runs/tf_10_mf_4p0_seed_2/last_model_1.pth
2026-05-21 18:54:46,755 INFO src.train.trainer: Epoch 23
2026-05-21 18:54:49,211 INFO src.train.trainer: Last model at epoch 23 saved to /root/autodl-tmp/em_eqf/experiments/clf_pre_v2/clf_pre_SCEDC_minus_b_v2/runs/tf_10_mf_4p0_seed_2/last_model_1.pth
2026-05-21 18:54:49,211 INFO src.train.trainer: Epoch 24
2026-05-21 18:54:52,298 INFO src.train.trainer: Last model at epoch 24 saved to /root/autodl-tmp/em_eqf/experiments/clf_pre_v2/clf_pre_SCEDC_minus_b_v2/runs/tf_10_mf_4p0_seed_2/last_model_1.pth
2026-05-21 18:54:52,298 INFO src.train.trainer: Epoch 25
2026-05-21 18:54:55,637 INFO src.train.trainer: Last model at epoch 25 saved to /root/autodl-tmp/em_eqf/experiments/clf_pre_v2/clf_pre_SCEDC_minus_b_v2/runs/tf_10_mf_4p0_seed_2/last_model_1.pth
2026-05-21 18:54:55,637 INFO src.train.trainer: Epoch 26
2026-05-21 18:54:58,617 INFO src.train.trainer: New best validation loss: 0.0532, saved to /root/autodl-tmp/em_eqf/experiments/clf_pre_v2/clf_pre_SCEDC_minus_b_v2/runs/tf_10_mf_4p0_seed_2/best_model_1.pth
2026-05-21 18:54:58,624 INFO src.train.trainer: Last model at epoch 26 saved to /root/autodl-tmp/em_eqf/experiments/clf_pre_v2/clf_pre_SCEDC_minus_b_v2/runs/tf_10_mf_4p0_seed_2/last_model_1.pth
2026-05-21 18:54:58,624 INFO src.train.trainer: Epoch 27
2026-05-21 18:55:00,887 INFO src.train.trainer: New best validation loss: 0.0501, saved to /root/autodl-tmp/em_eqf/experiments/clf_pre_v2/clf_pre_SCEDC_minus_b_v2/runs/tf_10_mf_4p0_seed_2/best_model_1.pth
2026-05-21 18:55:00,893 INFO src.train.trainer: Last model at epoch 27 saved to /root/autodl-tmp/em_eqf/experiments/clf_pre_v2/clf_pre_SCEDC_minus_b_v2/runs/tf_10_mf_4p0_seed_2/last_model_1.pth
2026-05-21 18:55:00,894 INFO src.train.trainer: Epoch 28
2026-05-21 18:55:03,146 INFO src.train.trainer: Last model at epoch 28 saved to /root/autodl-tmp/em_eqf/experiments/clf_pre_v2/clf_pre_SCEDC_minus_b_v2/runs/tf_10_mf_4p0_seed_2/last_model_1.pth
2026-05-21 18:55:03,147 INFO src.train.trainer: Epoch 29
2026-05-21 18:55:05,437 INFO src.train.trainer: Last model at epoch 29 saved to /root/autodl-tmp/em_eqf/experiments/clf_pre_v2/clf_pre_SCEDC_minus_b_v2/runs/tf_10_mf_4p0_seed_2/last_model_1.pth
2026-05-21 18:55:05,437 INFO src.train.trainer: Epoch 30
2026-05-21 18:55:07,513 INFO src.train.trainer: Last model at epoch 30 saved to /root/autodl-tmp/em_eqf/experiments/clf_pre_v2/clf_pre_SCEDC_minus_b_v2/runs/tf_10_mf_4p0_seed_2/last_model_1.pth
2026-05-21 18:55:07,514 INFO src.train.trainer: Epoch 31
2026-05-21 18:55:09,994 INFO src.train.trainer: Last model at epoch 31 saved to /root/autodl-tmp/em_eqf/experiments/clf_pre_v2/clf_pre_SCEDC_minus_b_v2/runs/tf_10_mf_4p0_seed_2/last_model_1.pth
2026-05-21 18:55:09,994 INFO src.train.trainer: Epoch 32
2026-05-21 18:55:13,063 INFO src.train.trainer: Last model at epoch 32 saved to /root/autodl-tmp/em_eqf/experiments/clf_pre_v2/clf_pre_SCEDC_minus_b_v2/runs/tf_10_mf_4p0_seed_2/last_model_1.pth
2026-05-21 18:55:13,063 INFO src.train.trainer: Epoch 33
2026-05-21 18:55:16,288 INFO src.train.trainer: Last model at epoch 33 saved to /root/autodl-tmp/em_eqf/experiments/clf_pre_v2/clf_pre_SCEDC_minus_b_v2/runs/tf_10_mf_4p0_seed_2/last_model_1.pth
2026-05-21 18:55:16,288 INFO src.train.trainer: Epoch 34
2026-05-21 18:55:20,303 INFO src.train.trainer: Last model at epoch 34 saved to /root/autodl-tmp/em_eqf/experiments/clf_pre_v2/clf_pre_SCEDC_minus_b_v2/runs/tf_10_mf_4p0_seed_2/last_model_1.pth
2026-05-21 18:55:20,303 INFO src.train.trainer: Epoch 35
2026-05-21 18:55:23,476 INFO src.train.trainer: Last model at epoch 35 saved to /root/autodl-tmp/em_eqf/experiments/clf_pre_v2/clf_pre_SCEDC_minus_b_v2/runs/tf_10_mf_4p0_seed_2/last_model_1.pth
2026-05-21 18:55:23,476 INFO src.train.trainer: Epoch 36
2026-05-21 18:55:26,282 INFO src.train.trainer: Last model at epoch 36 saved to /root/autodl-tmp/em_eqf/experiments/clf_pre_v2/clf_pre_SCEDC_minus_b_v2/runs/tf_10_mf_4p0_seed_2/last_model_1.pth
2026-05-21 18:55:26,282 INFO src.train.trainer: Epoch 37
2026-05-21 18:55:28,737 INFO src.train.trainer: Last model at epoch 37 saved to /root/autodl-tmp/em_eqf/experiments/clf_pre_v2/clf_pre_SCEDC_minus_b_v2/runs/tf_10_mf_4p0_seed_2/last_model_1.pth
2026-05-21 18:55:28,737 INFO src.train.trainer: Early stopping triggered at epoch 37 (best epoch: 27, best val loss: 0.050105)
2026-05-21 18:55:38,472 INFO src.data.preprocessing: CSV files found: ['chuandian_2021.csv']
2026-05-21 18:55:39,026 INFO src.utils.file_utils: Loading cached data from: data/ChuanDian/classifier/classifier_Mc_3_Mf_4.0_Tfore_10_Twindow_180_context_len_1_dt_10.pkl
2026-05-21 18:55:39,267 INFO src.data.preprocessing: Catalog statistics: {'tau_unfiltered': 0.15339908988298961, 'tau_q025': 0.08114294020924717, 'tau_q05': 0.5134664350189269, 'tau_mean': 1.3070542199341526, 'tau_max': 25.18216435192153, 'tau_min': 0.0, 'time_max': 18770.72654999979, 'time_mean': 10030.9430649837, 'mag_completeness': 3.0, 'mag_mean': 3.456916005014626, 'mag_max': 8.0, 'mag_min': 3.0, 'b_value': 0.856738547623331, 'b_std': 0.0071499224812533796, 'b_n': 14358}
2026-05-21 18:55:39,286 INFO src.data.event_loader: lengths of samples: min=32, max=981, avg=135.51
2026-05-21 18:55:39,287 INFO src.data.event_loader: Number of positive samples: 780
2026-05-21 18:55:39,287 INFO src.data.event_loader: Number of negative samples: 683
2026-05-21 18:55:39,288 INFO src.data.event_loader: Positive samples: 594, Negative samples: 576
2026-05-21 18:55:39,288 INFO src.data.event_loader: Total samples: 1170, Positive ratio: 0.51, Negative ratio: 0.49
2026-05-21 18:55:39,288 INFO src.data.event_loader: Positive samples: 107, Negative samples: 39
2026-05-21 18:55:39,289 INFO src.data.event_loader: Total samples: 146, Positive ratio: 0.73, Negative ratio: 0.27
2026-05-21 18:55:39,289 INFO src.data.event_loader: Positive samples: 79, Negative samples: 68
2026-05-21 18:55:39,289 INFO src.data.event_loader: Total samples: 147, Positive ratio: 0.54, Negative ratio: 0.46
2026-05-21 18:55:39,617 INFO src.models.adapters.mixer_task: using time scale base 1.3070542199341526 (key: tau_mean)
2026-05-21 18:55:39,617 INFO src.models.adapters.mixer_task: tau mean: tensor(1.3071)
2026-05-21 18:55:39,637 INFO src.train.config_setup: Restoring model from checkpoint.
2026-05-21 18:55:39,638 INFO src.train.config_setup: Loading model weights: load_specific_parts=None
2026-05-21 18:55:39,639 INFO src.train.config_setup: Checkpoint loaded: <All keys matched successfully>
2026-05-21 18:55:39,640 INFO src.train.config_setup: Full load summary: loaded=56, missing=0, unexpected=0
2026-05-21 18:55:39,640 INFO src.train.config_setup: Checkpoint hyperparameters loaded.
2026-05-21 18:55:39,640 INFO src.train.config_setup: Checkpoint train metrics available.
2026-05-21 18:55:39,640 INFO src.train.config_setup: Checkpoint val metrics available.
2026-05-21 18:55:39,640 INFO src.train.config_setup: Freeze skipped (checkpoint_restore): freeze_parts is empty.
2026-05-21 18:55:39,641 INFO src.train.config_setup: Using classification criterion: focal
2026-05-21 18:55:39,641 INFO src.train.config_setup: Criterion config: {'alpha': 0.5, 'gamma': 2.0}
2026-05-21 18:55:39,642 INFO src.train.config_setup: Not resuming optimizer/scheduler state; reset training state to start_epoch=0, best_val_loss=inf.
2026-05-21 18:55:39,642 INFO src.cli.common: Using threshold 0.4511955678462982 from checkpoint val_metrics for testing.
2026-05-21 18:55:44,938 INFO src.utils.metrics: ROC curve saved to /root/autodl-tmp/em_eqf/experiments/clf_pre_v2/clf_pre_SCEDC_minus_b_v2/runs/tf_10_mf_4p0_seed_2/roc_curve.png
2026-05-21 18:55:45,049 INFO src.utils.metrics: PR curve saved to /root/autodl-tmp/em_eqf/experiments/clf_pre_v2/clf_pre_SCEDC_minus_b_v2/runs/tf_10_mf_4p0_seed_2/pr_curve.png
2026-05-21 18:55:45,111 INFO src.utils.metrics: Confusion matrix saved to /root/autodl-tmp/em_eqf/experiments/clf_pre_v2/clf_pre_SCEDC_minus_b_v2/runs/tf_10_mf_4p0_seed_2/confusion_matrix.png
2026-05-21 18:55:45,111 INFO src.cli.workflows: Test loss: 0.06284694621960323
2026-05-21 18:55:46,253 INFO src.train.classifier_train_step: Prediction distribution plot has been saved to: /root/autodl-tmp/em_eqf/experiments/clf_pre_v2/clf_pre_SCEDC_minus_b_v2/runs/tf_10_mf_4p0_seed_2/train_pred_distribution.png
2026-05-21 18:55:46,737 INFO src.train.classifier_train_step: Prediction distribution plot has been saved to: /root/autodl-tmp/em_eqf/experiments/clf_pre_v2/clf_pre_SCEDC_minus_b_v2/runs/tf_10_mf_4p0_seed_2/val_pred_distribution.png
2026-05-21 18:55:47,118 INFO src.train.classifier_train_step: Prediction distribution plot has been saved to: /root/autodl-tmp/em_eqf/experiments/clf_pre_v2/clf_pre_SCEDC_minus_b_v2/runs/tf_10_mf_4p0_seed_2/test_pred_distribution.png
2026-05-21 18:55:47,118 INFO src.cli.common: Saved test metrics to /root/autodl-tmp/em_eqf/experiments/clf_pre_v2/clf_pre_SCEDC_minus_b_v2/runs/tf_10_mf_4p0_seed_2/metrics_test_best_1.json
2026-05-21 18:55:47,118 INFO src.cli.common: Metrics: {'precision': 0.5379310344827586, 'recall': 0.9873417721518988, 'f1': 0.6964285714285714, 'auc': 0.8118019359642591, 'pr_auc': 0.873663484674412, 'fpr': 0.9852941176470589, 'tpr': 0.9873417721518988, 'R': 0.002047654504839902, 'conf': 1.028824268178662e-84, 'threshold': 0.4511955678462982}
