2026-05-20 11:09:18,117 INFO src.data.preprocessing: CSV files found: ['chuandian_2021.csv']
2026-05-20 11:09:19,213 INFO src.utils.file_utils: Loading cached data from: data/ChuanDian/classifier/classifier_Mc_3_Mf_4.5_Tfore_20_Twindow_180_context_len_1_dt_10.pkl
2026-05-20 11:09:20,334 INFO src.data.preprocessing: Catalog statistics: {'tau_unfiltered': 0.15339908988298961, 'tau_q025': 0.08114294020924717, 'tau_q05': 0.5134664350189269, 'tau_mean': 1.3070542199341526, 'tau_max': 25.18216435192153, 'tau_min': 0.0, 'time_max': 18770.72654999979, 'time_mean': 10030.9430649837, 'mag_completeness': 3.0, 'mag_mean': 3.456916005014626, 'mag_max': 8.0, 'mag_min': 3.0, 'b_value': 0.856738547623331, 'b_std': 0.0071499224812533796, 'b_n': 14358}
2026-05-20 11:09:20,358 INFO src.data.event_loader: lengths of samples: min=32, max=981, avg=133.42
2026-05-20 11:09:20,358 INFO src.data.event_loader: Number of positive samples: 623
2026-05-20 11:09:20,358 INFO src.data.event_loader: Number of negative samples: 845
2026-05-20 11:09:20,359 INFO src.data.event_loader: Positive samples: 528, Negative samples: 646
2026-05-20 11:09:20,359 INFO src.data.event_loader: Total samples: 1174, Positive ratio: 0.45, Negative ratio: 0.55
2026-05-20 11:09:20,360 INFO src.data.event_loader: Positive samples: 60, Negative samples: 86
2026-05-20 11:09:20,360 INFO src.data.event_loader: Total samples: 146, Positive ratio: 0.41, Negative ratio: 0.59
2026-05-20 11:09:20,360 INFO src.data.event_loader: Positive samples: 35, Negative samples: 113
2026-05-20 11:09:20,360 INFO src.data.event_loader: Total samples: 148, Positive ratio: 0.24, Negative ratio: 0.76
2026-05-20 11:09:20,532 INFO src.cli.workflows: Loading checkpoint from: ./checkpoints/mixer_tpp_20260508-182744/last_model_1.pth
2026-05-20 11:09:21,209 INFO src.models.adapters.mixer_task: using time scale base 1.3070542199341526 (key: tau_mean)
2026-05-20 11:09:21,209 INFO src.models.adapters.mixer_task: tau mean: tensor(1.3071)
2026-05-20 11:09:21,218 INFO src.train.config_setup: Restoring model from checkpoint.
2026-05-20 11:09:21,219 INFO src.train.config_setup: Loading model weights: load_specific_parts=['encoder']
2026-05-20 11:09:21,220 INFO src.train.config_setup: Selective load summary: requested_parts=['encoder'], target_in_model=40, matched_in_checkpoint=30, loaded=30, missing_after_load=10, shape_mismatch=0, missing_in_model=0, out_of_scope_loaded=0
2026-05-20 11:09:21,220 INFO src.train.config_setup: Selective load coverage [encoder]: target=40, hit=30, missing=10, complete=False
2026-05-20 11:09:21,220 WARNING src.train.config_setup: Selective load coverage missing preview [encoder]: ['base_model.encoder.layers.2.mixer.in_proj.bias', 'base_model.encoder.layers.2.mixer.in_proj.weight', 'base_model.encoder.layers.2.mixer.out_proj.bias', 'base_model.encoder.layers.2.mixer.out_proj.weight', 'base_model.encoder.layers.2.mlp.fc1.weight', 'base_model.encoder.layers.2.mlp.fc2.weight', 'base_model.encoder.layers.2.norm.bias', 'base_model.encoder.layers.2.norm.weight'] ... (+2 more)
2026-05-20 11:09:21,220 WARNING src.train.config_setup: Checkpoint missing target parameter preview: ['base_model.encoder.layers.2.mixer.in_proj.bias', 'base_model.encoder.layers.2.mixer.in_proj.weight', 'base_model.encoder.layers.2.mixer.out_proj.bias', 'base_model.encoder.layers.2.mixer.out_proj.weight', 'base_model.encoder.layers.2.mlp.fc1.weight', 'base_model.encoder.layers.2.mlp.fc2.weight', 'base_model.encoder.layers.2.norm.bias', 'base_model.encoder.layers.2.norm.weight', 'base_model.encoder.layers.2.norm2.bias', 'base_model.encoder.layers.2.norm2.weight']
2026-05-20 11:09:21,220 WARNING src.train.config_setup: Target not-loaded parameter preview: ['base_model.encoder.layers.2.mixer.in_proj.bias', 'base_model.encoder.layers.2.mixer.in_proj.weight', 'base_model.encoder.layers.2.mixer.out_proj.bias', 'base_model.encoder.layers.2.mixer.out_proj.weight', 'base_model.encoder.layers.2.mlp.fc1.weight', 'base_model.encoder.layers.2.mlp.fc2.weight', 'base_model.encoder.layers.2.norm.bias', 'base_model.encoder.layers.2.norm.weight', 'base_model.encoder.layers.2.norm2.bias', 'base_model.encoder.layers.2.norm2.weight']
2026-05-20 11:09:21,220 INFO src.train.config_setup: Loaded parameter preview: ['base_model.encoder.layers.1.mixer.dt_bias', 'base_model.encoder.layers.1.mixer.norm.weight', 'base_model.encoder.layers.1.mlp.fc2.weight', 'base_model.encoder.layers.0.mlp.fc1.weight', 'base_model.encoder.layers.1.mixer.out_proj.weight', 'base_model.encoder.layers.0.mixer.out_proj.weight', 'base_model.encoder.layers.0.norm2.bias', 'base_model.encoder.input_proj.0.weight', 'base_model.encoder.input_proj.3.bias', 'base_model.encoder.input_proj.0.bias'] ... (+20 more)
2026-05-20 11:09:21,221 INFO src.train.config_setup: Checkpoint hyperparameters loaded.
2026-05-20 11:09:21,221 INFO src.train.config_setup: Checkpoint train metrics available.
2026-05-20 11:09:21,221 INFO src.train.config_setup: Checkpoint val metrics available.
2026-05-20 11:09:21,221 INFO src.train.config_setup: Freeze skipped (checkpoint_restore): freeze_parts is empty.
2026-05-20 11:09:21,222 INFO src.train.config_setup: Using classification criterion: focal
2026-05-20 11:09:21,222 INFO src.train.config_setup: Criterion config: {'alpha': 0.5, 'gamma': 2.0}
2026-05-20 11:09:21,223 INFO src.train.config_setup: Not resuming optimizer/scheduler state; reset training state to start_epoch=0, best_val_loss=inf.
2026-05-20 11:09:21,223 INFO src.train.trainer: Epoch 1
2026-05-20 11:09:35,275 INFO src.train.trainer: New best validation loss: 0.0847, saved to /root/autodl-tmp/em_eqf/experiments/clf_grid_AZDX/runs/tf_20_mf_4p5_seed_4/best_model_1.pth
2026-05-20 11:09:35,286 INFO src.train.trainer: Last model at epoch 1 saved to /root/autodl-tmp/em_eqf/experiments/clf_grid_AZDX/runs/tf_20_mf_4p5_seed_4/last_model_1.pth
2026-05-20 11:09:35,286 INFO src.train.trainer: Epoch 2
2026-05-20 11:09:38,387 INFO src.train.trainer: New best validation loss: 0.0841, saved to /root/autodl-tmp/em_eqf/experiments/clf_grid_AZDX/runs/tf_20_mf_4p5_seed_4/best_model_1.pth
2026-05-20 11:09:38,397 INFO src.train.trainer: Last model at epoch 2 saved to /root/autodl-tmp/em_eqf/experiments/clf_grid_AZDX/runs/tf_20_mf_4p5_seed_4/last_model_1.pth
2026-05-20 11:09:38,397 INFO src.train.trainer: Epoch 3
2026-05-20 11:09:41,806 INFO src.train.trainer: Last model at epoch 3 saved to /root/autodl-tmp/em_eqf/experiments/clf_grid_AZDX/runs/tf_20_mf_4p5_seed_4/last_model_1.pth
2026-05-20 11:09:41,807 INFO src.train.trainer: Epoch 4
2026-05-20 11:09:46,172 INFO src.train.trainer: Last model at epoch 4 saved to /root/autodl-tmp/em_eqf/experiments/clf_grid_AZDX/runs/tf_20_mf_4p5_seed_4/last_model_1.pth
2026-05-20 11:09:46,173 INFO src.train.trainer: Epoch 5
2026-05-20 11:09:48,968 INFO src.train.trainer: Last model at epoch 5 saved to /root/autodl-tmp/em_eqf/experiments/clf_grid_AZDX/runs/tf_20_mf_4p5_seed_4/last_model_1.pth
2026-05-20 11:09:48,969 INFO src.train.trainer: Epoch 6
2026-05-20 11:09:51,977 INFO src.train.trainer: Last model at epoch 6 saved to /root/autodl-tmp/em_eqf/experiments/clf_grid_AZDX/runs/tf_20_mf_4p5_seed_4/last_model_1.pth
2026-05-20 11:09:51,977 INFO src.train.trainer: Epoch 7
2026-05-20 11:09:55,456 INFO src.train.trainer: Last model at epoch 7 saved to /root/autodl-tmp/em_eqf/experiments/clf_grid_AZDX/runs/tf_20_mf_4p5_seed_4/last_model_1.pth
2026-05-20 11:09:55,456 INFO src.train.trainer: Epoch 8
2026-05-20 11:09:58,541 INFO src.train.trainer: Last model at epoch 8 saved to /root/autodl-tmp/em_eqf/experiments/clf_grid_AZDX/runs/tf_20_mf_4p5_seed_4/last_model_1.pth
2026-05-20 11:09:58,542 INFO src.train.trainer: Epoch 9
2026-05-20 11:10:02,072 INFO src.train.trainer: Last model at epoch 9 saved to /root/autodl-tmp/em_eqf/experiments/clf_grid_AZDX/runs/tf_20_mf_4p5_seed_4/last_model_1.pth
2026-05-20 11:10:02,072 INFO src.train.trainer: Epoch 10
2026-05-20 11:10:05,630 INFO src.train.trainer: Last model at epoch 10 saved to /root/autodl-tmp/em_eqf/experiments/clf_grid_AZDX/runs/tf_20_mf_4p5_seed_4/last_model_1.pth
2026-05-20 11:10:05,630 INFO src.train.trainer: Epoch 11
2026-05-20 11:10:08,950 INFO src.train.trainer: Last model at epoch 11 saved to /root/autodl-tmp/em_eqf/experiments/clf_grid_AZDX/runs/tf_20_mf_4p5_seed_4/last_model_1.pth
2026-05-20 11:10:08,950 INFO src.train.trainer: Epoch 12
2026-05-20 11:10:13,078 INFO src.train.trainer: New best validation loss: 0.0799, saved to /root/autodl-tmp/em_eqf/experiments/clf_grid_AZDX/runs/tf_20_mf_4p5_seed_4/best_model_1.pth
2026-05-20 11:10:13,087 INFO src.train.trainer: Last model at epoch 12 saved to /root/autodl-tmp/em_eqf/experiments/clf_grid_AZDX/runs/tf_20_mf_4p5_seed_4/last_model_1.pth
2026-05-20 11:10:13,087 INFO src.train.trainer: Epoch 13
2026-05-20 11:10:16,805 INFO src.train.trainer: Last model at epoch 13 saved to /root/autodl-tmp/em_eqf/experiments/clf_grid_AZDX/runs/tf_20_mf_4p5_seed_4/last_model_1.pth
2026-05-20 11:10:16,805 INFO src.train.trainer: Epoch 14
2026-05-20 11:10:20,495 INFO src.train.trainer: New best validation loss: 0.0779, saved to /root/autodl-tmp/em_eqf/experiments/clf_grid_AZDX/runs/tf_20_mf_4p5_seed_4/best_model_1.pth
2026-05-20 11:10:20,504 INFO src.train.trainer: Last model at epoch 14 saved to /root/autodl-tmp/em_eqf/experiments/clf_grid_AZDX/runs/tf_20_mf_4p5_seed_4/last_model_1.pth
2026-05-20 11:10:20,504 INFO src.train.trainer: Epoch 15
2026-05-20 11:10:24,255 INFO src.train.trainer: Last model at epoch 15 saved to /root/autodl-tmp/em_eqf/experiments/clf_grid_AZDX/runs/tf_20_mf_4p5_seed_4/last_model_1.pth
2026-05-20 11:10:24,255 INFO src.train.trainer: Epoch 16
2026-05-20 11:10:27,869 INFO src.train.trainer: Last model at epoch 16 saved to /root/autodl-tmp/em_eqf/experiments/clf_grid_AZDX/runs/tf_20_mf_4p5_seed_4/last_model_1.pth
2026-05-20 11:10:27,869 INFO src.train.trainer: Epoch 17
2026-05-20 11:10:31,555 INFO src.train.trainer: Last model at epoch 17 saved to /root/autodl-tmp/em_eqf/experiments/clf_grid_AZDX/runs/tf_20_mf_4p5_seed_4/last_model_1.pth
2026-05-20 11:10:31,555 INFO src.train.trainer: Epoch 18
2026-05-20 11:10:35,320 INFO src.train.trainer: Last model at epoch 18 saved to /root/autodl-tmp/em_eqf/experiments/clf_grid_AZDX/runs/tf_20_mf_4p5_seed_4/last_model_1.pth
2026-05-20 11:10:35,321 INFO src.train.trainer: Epoch 19
2026-05-20 11:10:39,198 INFO src.train.trainer: Last model at epoch 19 saved to /root/autodl-tmp/em_eqf/experiments/clf_grid_AZDX/runs/tf_20_mf_4p5_seed_4/last_model_1.pth
2026-05-20 11:10:39,199 INFO src.train.trainer: Epoch 20
2026-05-20 11:10:42,941 INFO src.train.trainer: Last model at epoch 20 saved to /root/autodl-tmp/em_eqf/experiments/clf_grid_AZDX/runs/tf_20_mf_4p5_seed_4/last_model_1.pth
2026-05-20 11:10:42,941 INFO src.train.trainer: Epoch 21
2026-05-20 11:10:46,864 INFO src.train.trainer: Last model at epoch 21 saved to /root/autodl-tmp/em_eqf/experiments/clf_grid_AZDX/runs/tf_20_mf_4p5_seed_4/last_model_1.pth
2026-05-20 11:10:46,864 INFO src.train.trainer: Epoch 22
2026-05-20 11:10:50,877 INFO src.train.trainer: Last model at epoch 22 saved to /root/autodl-tmp/em_eqf/experiments/clf_grid_AZDX/runs/tf_20_mf_4p5_seed_4/last_model_1.pth
2026-05-20 11:10:50,897 INFO src.train.trainer: Epoch 23
2026-05-20 11:10:54,475 INFO src.train.trainer: Last model at epoch 23 saved to /root/autodl-tmp/em_eqf/experiments/clf_grid_AZDX/runs/tf_20_mf_4p5_seed_4/last_model_1.pth
2026-05-20 11:10:54,475 INFO src.train.trainer: Epoch 24
2026-05-20 11:10:58,076 INFO src.train.trainer: Last model at epoch 24 saved to /root/autodl-tmp/em_eqf/experiments/clf_grid_AZDX/runs/tf_20_mf_4p5_seed_4/last_model_1.pth
2026-05-20 11:10:58,077 INFO src.train.trainer: Early stopping triggered at epoch 24 (best epoch: 14, best val loss: 0.077853)
2026-05-20 11:11:08,148 INFO src.data.preprocessing: CSV files found: ['chuandian_2021.csv']
2026-05-20 11:11:08,870 INFO src.utils.file_utils: Loading cached data from: data/ChuanDian/classifier/classifier_Mc_3_Mf_4.5_Tfore_20_Twindow_180_context_len_1_dt_10.pkl
2026-05-20 11:11:09,897 INFO src.data.preprocessing: Catalog statistics: {'tau_unfiltered': 0.15339908988298961, 'tau_q025': 0.08114294020924717, 'tau_q05': 0.5134664350189269, 'tau_mean': 1.3070542199341526, 'tau_max': 25.18216435192153, 'tau_min': 0.0, 'time_max': 18770.72654999979, 'time_mean': 10030.9430649837, 'mag_completeness': 3.0, 'mag_mean': 3.456916005014626, 'mag_max': 8.0, 'mag_min': 3.0, 'b_value': 0.856738547623331, 'b_std': 0.0071499224812533796, 'b_n': 14358}
2026-05-20 11:11:09,919 INFO src.data.event_loader: lengths of samples: min=32, max=981, avg=133.42
2026-05-20 11:11:09,919 INFO src.data.event_loader: Number of positive samples: 623
2026-05-20 11:11:09,919 INFO src.data.event_loader: Number of negative samples: 845
2026-05-20 11:11:09,920 INFO src.data.event_loader: Positive samples: 528, Negative samples: 646
2026-05-20 11:11:09,920 INFO src.data.event_loader: Total samples: 1174, Positive ratio: 0.45, Negative ratio: 0.55
2026-05-20 11:11:09,921 INFO src.data.event_loader: Positive samples: 60, Negative samples: 86
2026-05-20 11:11:09,921 INFO src.data.event_loader: Total samples: 146, Positive ratio: 0.41, Negative ratio: 0.59
2026-05-20 11:11:09,921 INFO src.data.event_loader: Positive samples: 35, Negative samples: 113
2026-05-20 11:11:09,921 INFO src.data.event_loader: Total samples: 148, Positive ratio: 0.24, Negative ratio: 0.76
2026-05-20 11:11:10,384 INFO src.models.adapters.mixer_task: using time scale base 1.3070542199341526 (key: tau_mean)
2026-05-20 11:11:10,384 INFO src.models.adapters.mixer_task: tau mean: tensor(1.3071)
2026-05-20 11:11:10,390 INFO src.train.config_setup: Restoring model from checkpoint.
2026-05-20 11:11:10,390 INFO src.train.config_setup: Loading model weights: load_specific_parts=None
2026-05-20 11:11:10,392 INFO src.train.config_setup: Checkpoint loaded: <All keys matched successfully>
2026-05-20 11:11:10,392 INFO src.train.config_setup: Full load summary: loaded=56, missing=0, unexpected=0
2026-05-20 11:11:10,393 INFO src.train.config_setup: Checkpoint hyperparameters loaded.
2026-05-20 11:11:10,393 INFO src.train.config_setup: Checkpoint train metrics available.
2026-05-20 11:11:10,393 INFO src.train.config_setup: Checkpoint val metrics available.
2026-05-20 11:11:10,393 INFO src.train.config_setup: Freeze skipped (checkpoint_restore): freeze_parts is empty.
2026-05-20 11:11:10,393 INFO src.train.config_setup: Using classification criterion: focal
2026-05-20 11:11:10,393 INFO src.train.config_setup: Criterion config: {'alpha': 0.5, 'gamma': 2.0}
2026-05-20 11:11:10,394 INFO src.train.config_setup: Not resuming optimizer/scheduler state; reset training state to start_epoch=0, best_val_loss=inf.
2026-05-20 11:11:10,394 INFO src.cli.common: Using threshold 0.44351962208747864 from checkpoint val_metrics for testing.
2026-05-20 11:11:14,916 INFO src.utils.metrics: ROC curve saved to /root/autodl-tmp/em_eqf/experiments/clf_grid_AZDX/runs/tf_20_mf_4p5_seed_4/roc_curve.png
2026-05-20 11:11:15,054 INFO src.utils.metrics: PR curve saved to /root/autodl-tmp/em_eqf/experiments/clf_grid_AZDX/runs/tf_20_mf_4p5_seed_4/pr_curve.png
2026-05-20 11:11:15,135 INFO src.utils.metrics: Confusion matrix saved to /root/autodl-tmp/em_eqf/experiments/clf_grid_AZDX/runs/tf_20_mf_4p5_seed_4/confusion_matrix.png
2026-05-20 11:11:15,135 INFO src.cli.workflows: Test loss: 0.06427481546998023
2026-05-20 11:11:16,109 INFO src.train.classifier_train_step: Prediction distribution plot has been saved to: /root/autodl-tmp/em_eqf/experiments/clf_grid_AZDX/runs/tf_20_mf_4p5_seed_4/train_pred_distribution.png
2026-05-20 11:11:16,414 INFO src.train.classifier_train_step: Prediction distribution plot has been saved to: /root/autodl-tmp/em_eqf/experiments/clf_grid_AZDX/runs/tf_20_mf_4p5_seed_4/val_pred_distribution.png
2026-05-20 11:11:16,718 INFO src.train.classifier_train_step: Prediction distribution plot has been saved to: /root/autodl-tmp/em_eqf/experiments/clf_grid_AZDX/runs/tf_20_mf_4p5_seed_4/test_pred_distribution.png
2026-05-20 11:11:16,718 INFO src.cli.common: Saved test metrics to /root/autodl-tmp/em_eqf/experiments/clf_grid_AZDX/runs/tf_20_mf_4p5_seed_4/metrics_test_best_1.json
2026-05-20 11:11:16,718 INFO src.cli.common: Metrics: {'precision': 0.47058823529411764, 'recall': 0.6857142857142857, 'f1': 0.5581395348837209, 'auc': 0.8376738305941845, 'pr_auc': 0.6730124554391279, 'fpr': 0.23893805309734514, 'tpr': 0.6857142857142857, 'R': 0.44677623261694055, 'conf': 1.0, 'threshold': 0.44351962208747864}
