2026-05-21 16:15:23,956 INFO src.data.preprocessing: CSV files found: ['chuandian_2021.csv']
2026-05-21 16:15:24,509 INFO src.utils.file_utils: Loading cached data from: data/ChuanDian/classifier/classifier_Mc_3_Mf_4.0_Tfore_10_Twindow_180_context_len_1_dt_10.pkl
2026-05-21 16:15:24,757 INFO src.data.preprocessing: Catalog statistics: {'tau_unfiltered': 0.15339908988298961, 'tau_q025': 0.08114294020924717, 'tau_q05': 0.5134664350189269, 'tau_mean': 1.3070542199341526, 'tau_max': 25.18216435192153, 'tau_min': 0.0, 'time_max': 18770.72654999979, 'time_mean': 10030.9430649837, 'mag_completeness': 3.0, 'mag_mean': 3.456916005014626, 'mag_max': 8.0, 'mag_min': 3.0, 'b_value': 0.856738547623331, 'b_std': 0.0071499224812533796, 'b_n': 14358}
2026-05-21 16:15:24,773 INFO src.data.event_loader: lengths of samples: min=32, max=981, avg=135.51
2026-05-21 16:15:24,773 INFO src.data.event_loader: Number of positive samples: 780
2026-05-21 16:15:24,773 INFO src.data.event_loader: Number of negative samples: 683
2026-05-21 16:15:24,795 INFO src.data.event_loader: Positive samples: 594, Negative samples: 576
2026-05-21 16:15:24,795 INFO src.data.event_loader: Total samples: 1170, Positive ratio: 0.51, Negative ratio: 0.49
2026-05-21 16:15:24,796 INFO src.data.event_loader: Positive samples: 107, Negative samples: 39
2026-05-21 16:15:24,796 INFO src.data.event_loader: Total samples: 146, Positive ratio: 0.73, Negative ratio: 0.27
2026-05-21 16:15:24,796 INFO src.data.event_loader: Positive samples: 79, Negative samples: 68
2026-05-21 16:15:24,796 INFO src.data.event_loader: Total samples: 147, Positive ratio: 0.54, Negative ratio: 0.46
2026-05-21 16:15:24,831 INFO src.cli.workflows: Loading checkpoint from: ./checkpoints/mixer_tpp_20260510-211348/last_model_1.pth
2026-05-21 16:15:25,452 INFO src.models.adapters.mixer_task: using time scale base 1.3070542199341526 (key: tau_mean)
2026-05-21 16:15:25,452 INFO src.models.adapters.mixer_task: tau mean: tensor(1.3071)
2026-05-21 16:15:25,466 INFO src.train.config_setup: Restoring model from checkpoint.
2026-05-21 16:15:25,466 INFO src.train.config_setup: Loading model weights: load_specific_parts=['encoder']
2026-05-21 16:15:25,467 INFO src.train.config_setup: Selective load summary: requested_parts=['encoder'], target_in_model=40, matched_in_checkpoint=30, loaded=30, missing_after_load=10, shape_mismatch=0, missing_in_model=0, out_of_scope_loaded=0
2026-05-21 16:15:25,467 INFO src.train.config_setup: Selective load coverage [encoder]: target=40, hit=30, missing=10, complete=False
2026-05-21 16:15:25,468 WARNING src.train.config_setup: Selective load coverage missing preview [encoder]: ['base_model.encoder.layers.2.mixer.in_proj.bias', 'base_model.encoder.layers.2.mixer.in_proj.weight', 'base_model.encoder.layers.2.mixer.out_proj.bias', 'base_model.encoder.layers.2.mixer.out_proj.weight', 'base_model.encoder.layers.2.mlp.fc1.weight', 'base_model.encoder.layers.2.mlp.fc2.weight', 'base_model.encoder.layers.2.norm.bias', 'base_model.encoder.layers.2.norm.weight'] ... (+2 more)
2026-05-21 16:15:25,468 WARNING src.train.config_setup: Checkpoint missing target parameter preview: ['base_model.encoder.layers.2.mixer.in_proj.bias', 'base_model.encoder.layers.2.mixer.in_proj.weight', 'base_model.encoder.layers.2.mixer.out_proj.bias', 'base_model.encoder.layers.2.mixer.out_proj.weight', 'base_model.encoder.layers.2.mlp.fc1.weight', 'base_model.encoder.layers.2.mlp.fc2.weight', 'base_model.encoder.layers.2.norm.bias', 'base_model.encoder.layers.2.norm.weight', 'base_model.encoder.layers.2.norm2.bias', 'base_model.encoder.layers.2.norm2.weight']
2026-05-21 16:15:25,468 WARNING src.train.config_setup: Target not-loaded parameter preview: ['base_model.encoder.layers.2.mixer.in_proj.bias', 'base_model.encoder.layers.2.mixer.in_proj.weight', 'base_model.encoder.layers.2.mixer.out_proj.bias', 'base_model.encoder.layers.2.mixer.out_proj.weight', 'base_model.encoder.layers.2.mlp.fc1.weight', 'base_model.encoder.layers.2.mlp.fc2.weight', 'base_model.encoder.layers.2.norm.bias', 'base_model.encoder.layers.2.norm.weight', 'base_model.encoder.layers.2.norm2.bias', 'base_model.encoder.layers.2.norm2.weight']
2026-05-21 16:15:25,468 INFO src.train.config_setup: Loaded parameter preview: ['base_model.encoder.norm_f.bias', 'base_model.encoder.layers.0.mixer.dt_bias', 'base_model.encoder.layers.1.norm.weight', 'base_model.encoder.layers.0.norm2.bias', 'base_model.encoder.layers.1.mixer.norm.weight', 'base_model.encoder.input_proj.3.weight', 'base_model.encoder.layers.0.mixer.in_proj.weight', 'base_model.encoder.input_proj.0.bias', 'base_model.encoder.layers.1.mlp.fc2.weight', 'base_model.encoder.layers.1.mixer.dt_bias'] ... (+20 more)
2026-05-21 16:15:25,469 INFO src.train.config_setup: Checkpoint hyperparameters loaded.
2026-05-21 16:15:25,469 INFO src.train.config_setup: Checkpoint train metrics available.
2026-05-21 16:15:25,469 INFO src.train.config_setup: Checkpoint val metrics available.
2026-05-21 16:15:25,469 INFO src.train.config_setup: Freeze skipped (checkpoint_restore): freeze_parts is empty.
2026-05-21 16:15:25,469 INFO src.train.config_setup: Using classification criterion: focal
2026-05-21 16:15:25,469 INFO src.train.config_setup: Criterion config: {'alpha': 0.5, 'gamma': 2.0}
2026-05-21 16:15:25,470 INFO src.train.config_setup: Not resuming optimizer/scheduler state; reset training state to start_epoch=0, best_val_loss=inf.
2026-05-21 16:15:25,471 INFO src.train.trainer: Epoch 1
2026-05-21 16:15:44,534 INFO src.train.trainer: New best validation loss: 0.0746, saved to /root/autodl-tmp/em_eqf/experiments/clf_pre_v1/clf_pre_AZDX_minus_b_v1/runs/tf_10_mf_4p0_seed_0/best_model_1.pth
2026-05-21 16:15:44,538 INFO src.train.trainer: Last model at epoch 1 saved to /root/autodl-tmp/em_eqf/experiments/clf_pre_v1/clf_pre_AZDX_minus_b_v1/runs/tf_10_mf_4p0_seed_0/last_model_1.pth
2026-05-21 16:15:44,538 INFO src.train.trainer: Epoch 2
2026-05-21 16:15:47,935 INFO src.train.trainer: Last model at epoch 2 saved to /root/autodl-tmp/em_eqf/experiments/clf_pre_v1/clf_pre_AZDX_minus_b_v1/runs/tf_10_mf_4p0_seed_0/last_model_1.pth
2026-05-21 16:15:47,935 INFO src.train.trainer: Epoch 3
2026-05-21 16:15:50,739 INFO src.train.trainer: Last model at epoch 3 saved to /root/autodl-tmp/em_eqf/experiments/clf_pre_v1/clf_pre_AZDX_minus_b_v1/runs/tf_10_mf_4p0_seed_0/last_model_1.pth
2026-05-21 16:15:50,739 INFO src.train.trainer: Epoch 4
2026-05-21 16:15:53,884 INFO src.train.trainer: Last model at epoch 4 saved to /root/autodl-tmp/em_eqf/experiments/clf_pre_v1/clf_pre_AZDX_minus_b_v1/runs/tf_10_mf_4p0_seed_0/last_model_1.pth
2026-05-21 16:15:53,885 INFO src.train.trainer: Epoch 5
2026-05-21 16:15:57,330 INFO src.train.trainer: Last model at epoch 5 saved to /root/autodl-tmp/em_eqf/experiments/clf_pre_v1/clf_pre_AZDX_minus_b_v1/runs/tf_10_mf_4p0_seed_0/last_model_1.pth
2026-05-21 16:15:57,330 INFO src.train.trainer: Epoch 6
2026-05-21 16:16:01,022 INFO src.train.trainer: Last model at epoch 6 saved to /root/autodl-tmp/em_eqf/experiments/clf_pre_v1/clf_pre_AZDX_minus_b_v1/runs/tf_10_mf_4p0_seed_0/last_model_1.pth
2026-05-21 16:16:01,023 INFO src.train.trainer: Epoch 7
2026-05-21 16:16:04,735 INFO src.train.trainer: Last model at epoch 7 saved to /root/autodl-tmp/em_eqf/experiments/clf_pre_v1/clf_pre_AZDX_minus_b_v1/runs/tf_10_mf_4p0_seed_0/last_model_1.pth
2026-05-21 16:16:04,736 INFO src.train.trainer: Epoch 8
2026-05-21 16:16:08,558 INFO src.train.trainer: New best validation loss: 0.0735, saved to /root/autodl-tmp/em_eqf/experiments/clf_pre_v1/clf_pre_AZDX_minus_b_v1/runs/tf_10_mf_4p0_seed_0/best_model_1.pth
2026-05-21 16:16:08,565 INFO src.train.trainer: Last model at epoch 8 saved to /root/autodl-tmp/em_eqf/experiments/clf_pre_v1/clf_pre_AZDX_minus_b_v1/runs/tf_10_mf_4p0_seed_0/last_model_1.pth
2026-05-21 16:16:08,566 INFO src.train.trainer: Epoch 9
2026-05-21 16:16:12,181 INFO src.train.trainer: Last model at epoch 9 saved to /root/autodl-tmp/em_eqf/experiments/clf_pre_v1/clf_pre_AZDX_minus_b_v1/runs/tf_10_mf_4p0_seed_0/last_model_1.pth
2026-05-21 16:16:12,181 INFO src.train.trainer: Epoch 10
2026-05-21 16:16:15,526 INFO src.train.trainer: Last model at epoch 10 saved to /root/autodl-tmp/em_eqf/experiments/clf_pre_v1/clf_pre_AZDX_minus_b_v1/runs/tf_10_mf_4p0_seed_0/last_model_1.pth
2026-05-21 16:16:15,526 INFO src.train.trainer: Epoch 11
2026-05-21 16:16:18,873 INFO src.train.trainer: New best validation loss: 0.0733, saved to /root/autodl-tmp/em_eqf/experiments/clf_pre_v1/clf_pre_AZDX_minus_b_v1/runs/tf_10_mf_4p0_seed_0/best_model_1.pth
2026-05-21 16:16:18,879 INFO src.train.trainer: Last model at epoch 11 saved to /root/autodl-tmp/em_eqf/experiments/clf_pre_v1/clf_pre_AZDX_minus_b_v1/runs/tf_10_mf_4p0_seed_0/last_model_1.pth
2026-05-21 16:16:18,879 INFO src.train.trainer: Epoch 12
2026-05-21 16:16:22,342 INFO src.train.trainer: Last model at epoch 12 saved to /root/autodl-tmp/em_eqf/experiments/clf_pre_v1/clf_pre_AZDX_minus_b_v1/runs/tf_10_mf_4p0_seed_0/last_model_1.pth
2026-05-21 16:16:22,342 INFO src.train.trainer: Epoch 13
2026-05-21 16:16:25,731 INFO src.train.trainer: New best validation loss: 0.0725, saved to /root/autodl-tmp/em_eqf/experiments/clf_pre_v1/clf_pre_AZDX_minus_b_v1/runs/tf_10_mf_4p0_seed_0/best_model_1.pth
2026-05-21 16:16:25,738 INFO src.train.trainer: Last model at epoch 13 saved to /root/autodl-tmp/em_eqf/experiments/clf_pre_v1/clf_pre_AZDX_minus_b_v1/runs/tf_10_mf_4p0_seed_0/last_model_1.pth
2026-05-21 16:16:25,738 INFO src.train.trainer: Epoch 14
2026-05-21 16:16:28,742 INFO src.train.trainer: Last model at epoch 14 saved to /root/autodl-tmp/em_eqf/experiments/clf_pre_v1/clf_pre_AZDX_minus_b_v1/runs/tf_10_mf_4p0_seed_0/last_model_1.pth
2026-05-21 16:16:28,742 INFO src.train.trainer: Epoch 15
2026-05-21 16:16:31,550 INFO src.train.trainer: Last model at epoch 15 saved to /root/autodl-tmp/em_eqf/experiments/clf_pre_v1/clf_pre_AZDX_minus_b_v1/runs/tf_10_mf_4p0_seed_0/last_model_1.pth
2026-05-21 16:16:31,550 INFO src.train.trainer: Epoch 16
2026-05-21 16:16:34,369 INFO src.train.trainer: Last model at epoch 16 saved to /root/autodl-tmp/em_eqf/experiments/clf_pre_v1/clf_pre_AZDX_minus_b_v1/runs/tf_10_mf_4p0_seed_0/last_model_1.pth
2026-05-21 16:16:34,370 INFO src.train.trainer: Epoch 17
2026-05-21 16:16:37,250 INFO src.train.trainer: Last model at epoch 17 saved to /root/autodl-tmp/em_eqf/experiments/clf_pre_v1/clf_pre_AZDX_minus_b_v1/runs/tf_10_mf_4p0_seed_0/last_model_1.pth
2026-05-21 16:16:37,251 INFO src.train.trainer: Epoch 18
2026-05-21 16:16:40,273 INFO src.train.trainer: Last model at epoch 18 saved to /root/autodl-tmp/em_eqf/experiments/clf_pre_v1/clf_pre_AZDX_minus_b_v1/runs/tf_10_mf_4p0_seed_0/last_model_1.pth
2026-05-21 16:16:40,274 INFO src.train.trainer: Epoch 19
2026-05-21 16:16:43,156 INFO src.train.trainer: New best validation loss: 0.0689, saved to /root/autodl-tmp/em_eqf/experiments/clf_pre_v1/clf_pre_AZDX_minus_b_v1/runs/tf_10_mf_4p0_seed_0/best_model_1.pth
2026-05-21 16:16:43,162 INFO src.train.trainer: Last model at epoch 19 saved to /root/autodl-tmp/em_eqf/experiments/clf_pre_v1/clf_pre_AZDX_minus_b_v1/runs/tf_10_mf_4p0_seed_0/last_model_1.pth
2026-05-21 16:16:43,162 INFO src.train.trainer: Epoch 20
2026-05-21 16:16:46,741 INFO src.train.trainer: Last model at epoch 20 saved to /root/autodl-tmp/em_eqf/experiments/clf_pre_v1/clf_pre_AZDX_minus_b_v1/runs/tf_10_mf_4p0_seed_0/last_model_1.pth
2026-05-21 16:16:46,741 INFO src.train.trainer: Epoch 21
2026-05-21 16:16:50,044 INFO src.train.trainer: Last model at epoch 21 saved to /root/autodl-tmp/em_eqf/experiments/clf_pre_v1/clf_pre_AZDX_minus_b_v1/runs/tf_10_mf_4p0_seed_0/last_model_1.pth
2026-05-21 16:16:50,045 INFO src.train.trainer: Epoch 22
2026-05-21 16:16:52,778 INFO src.train.trainer: Last model at epoch 22 saved to /root/autodl-tmp/em_eqf/experiments/clf_pre_v1/clf_pre_AZDX_minus_b_v1/runs/tf_10_mf_4p0_seed_0/last_model_1.pth
2026-05-21 16:16:52,778 INFO src.train.trainer: Epoch 23
2026-05-21 16:16:55,449 INFO src.train.trainer: Last model at epoch 23 saved to /root/autodl-tmp/em_eqf/experiments/clf_pre_v1/clf_pre_AZDX_minus_b_v1/runs/tf_10_mf_4p0_seed_0/last_model_1.pth
2026-05-21 16:16:55,449 INFO src.train.trainer: Epoch 24
2026-05-21 16:16:57,922 INFO src.train.trainer: Last model at epoch 24 saved to /root/autodl-tmp/em_eqf/experiments/clf_pre_v1/clf_pre_AZDX_minus_b_v1/runs/tf_10_mf_4p0_seed_0/last_model_1.pth
2026-05-21 16:16:57,923 INFO src.train.trainer: Epoch 25
2026-05-21 16:17:00,851 INFO src.train.trainer: Last model at epoch 25 saved to /root/autodl-tmp/em_eqf/experiments/clf_pre_v1/clf_pre_AZDX_minus_b_v1/runs/tf_10_mf_4p0_seed_0/last_model_1.pth
2026-05-21 16:17:00,851 INFO src.train.trainer: Epoch 26
2026-05-21 16:17:04,843 INFO src.train.trainer: Last model at epoch 26 saved to /root/autodl-tmp/em_eqf/experiments/clf_pre_v1/clf_pre_AZDX_minus_b_v1/runs/tf_10_mf_4p0_seed_0/last_model_1.pth
2026-05-21 16:17:04,844 INFO src.train.trainer: Epoch 27
2026-05-21 16:17:08,092 INFO src.train.trainer: New best validation loss: 0.0688, saved to /root/autodl-tmp/em_eqf/experiments/clf_pre_v1/clf_pre_AZDX_minus_b_v1/runs/tf_10_mf_4p0_seed_0/best_model_1.pth
2026-05-21 16:17:08,098 INFO src.train.trainer: Last model at epoch 27 saved to /root/autodl-tmp/em_eqf/experiments/clf_pre_v1/clf_pre_AZDX_minus_b_v1/runs/tf_10_mf_4p0_seed_0/last_model_1.pth
2026-05-21 16:17:08,098 INFO src.train.trainer: Epoch 28
2026-05-21 16:17:11,279 INFO src.train.trainer: New best validation loss: 0.0654, saved to /root/autodl-tmp/em_eqf/experiments/clf_pre_v1/clf_pre_AZDX_minus_b_v1/runs/tf_10_mf_4p0_seed_0/best_model_1.pth
2026-05-21 16:17:11,285 INFO src.train.trainer: Last model at epoch 28 saved to /root/autodl-tmp/em_eqf/experiments/clf_pre_v1/clf_pre_AZDX_minus_b_v1/runs/tf_10_mf_4p0_seed_0/last_model_1.pth
2026-05-21 16:17:11,285 INFO src.train.trainer: Epoch 29
2026-05-21 16:17:14,476 INFO src.train.trainer: Last model at epoch 29 saved to /root/autodl-tmp/em_eqf/experiments/clf_pre_v1/clf_pre_AZDX_minus_b_v1/runs/tf_10_mf_4p0_seed_0/last_model_1.pth
2026-05-21 16:17:14,476 INFO src.train.trainer: Epoch 30
2026-05-21 16:17:17,327 INFO src.train.trainer: Last model at epoch 30 saved to /root/autodl-tmp/em_eqf/experiments/clf_pre_v1/clf_pre_AZDX_minus_b_v1/runs/tf_10_mf_4p0_seed_0/last_model_1.pth
2026-05-21 16:17:17,327 INFO src.train.trainer: Epoch 31
2026-05-21 16:17:21,324 INFO src.train.trainer: Last model at epoch 31 saved to /root/autodl-tmp/em_eqf/experiments/clf_pre_v1/clf_pre_AZDX_minus_b_v1/runs/tf_10_mf_4p0_seed_0/last_model_1.pth
2026-05-21 16:17:21,324 INFO src.train.trainer: Epoch 32
2026-05-21 16:17:24,942 INFO src.train.trainer: Last model at epoch 32 saved to /root/autodl-tmp/em_eqf/experiments/clf_pre_v1/clf_pre_AZDX_minus_b_v1/runs/tf_10_mf_4p0_seed_0/last_model_1.pth
2026-05-21 16:17:24,942 INFO src.train.trainer: Epoch 33
2026-05-21 16:17:28,453 INFO src.train.trainer: New best validation loss: 0.0612, saved to /root/autodl-tmp/em_eqf/experiments/clf_pre_v1/clf_pre_AZDX_minus_b_v1/runs/tf_10_mf_4p0_seed_0/best_model_1.pth
2026-05-21 16:17:28,459 INFO src.train.trainer: Last model at epoch 33 saved to /root/autodl-tmp/em_eqf/experiments/clf_pre_v1/clf_pre_AZDX_minus_b_v1/runs/tf_10_mf_4p0_seed_0/last_model_1.pth
2026-05-21 16:17:28,459 INFO src.train.trainer: Epoch 34
2026-05-21 16:17:31,802 INFO src.train.trainer: New best validation loss: 0.0587, saved to /root/autodl-tmp/em_eqf/experiments/clf_pre_v1/clf_pre_AZDX_minus_b_v1/runs/tf_10_mf_4p0_seed_0/best_model_1.pth
2026-05-21 16:17:31,807 INFO src.train.trainer: Last model at epoch 34 saved to /root/autodl-tmp/em_eqf/experiments/clf_pre_v1/clf_pre_AZDX_minus_b_v1/runs/tf_10_mf_4p0_seed_0/last_model_1.pth
2026-05-21 16:17:31,807 INFO src.train.trainer: Epoch 35
2026-05-21 16:17:34,725 INFO src.train.trainer: Last model at epoch 35 saved to /root/autodl-tmp/em_eqf/experiments/clf_pre_v1/clf_pre_AZDX_minus_b_v1/runs/tf_10_mf_4p0_seed_0/last_model_1.pth
2026-05-21 16:17:34,726 INFO src.train.trainer: Epoch 36
2026-05-21 16:17:38,254 INFO src.train.trainer: New best validation loss: 0.0550, saved to /root/autodl-tmp/em_eqf/experiments/clf_pre_v1/clf_pre_AZDX_minus_b_v1/runs/tf_10_mf_4p0_seed_0/best_model_1.pth
2026-05-21 16:17:38,262 INFO src.train.trainer: Last model at epoch 36 saved to /root/autodl-tmp/em_eqf/experiments/clf_pre_v1/clf_pre_AZDX_minus_b_v1/runs/tf_10_mf_4p0_seed_0/last_model_1.pth
2026-05-21 16:17:38,262 INFO src.train.trainer: Epoch 37
2026-05-21 16:17:41,306 INFO src.train.trainer: Last model at epoch 37 saved to /root/autodl-tmp/em_eqf/experiments/clf_pre_v1/clf_pre_AZDX_minus_b_v1/runs/tf_10_mf_4p0_seed_0/last_model_1.pth
2026-05-21 16:17:41,306 INFO src.train.trainer: Epoch 38
2026-05-21 16:17:44,456 INFO src.train.trainer: Last model at epoch 38 saved to /root/autodl-tmp/em_eqf/experiments/clf_pre_v1/clf_pre_AZDX_minus_b_v1/runs/tf_10_mf_4p0_seed_0/last_model_1.pth
2026-05-21 16:17:44,457 INFO src.train.trainer: Epoch 39
2026-05-21 16:17:47,961 INFO src.train.trainer: Last model at epoch 39 saved to /root/autodl-tmp/em_eqf/experiments/clf_pre_v1/clf_pre_AZDX_minus_b_v1/runs/tf_10_mf_4p0_seed_0/last_model_1.pth
2026-05-21 16:17:47,961 INFO src.train.trainer: Epoch 40
2026-05-21 16:17:51,609 INFO src.train.trainer: New best validation loss: 0.0531, saved to /root/autodl-tmp/em_eqf/experiments/clf_pre_v1/clf_pre_AZDX_minus_b_v1/runs/tf_10_mf_4p0_seed_0/best_model_1.pth
2026-05-21 16:17:51,617 INFO src.train.trainer: Last model at epoch 40 saved to /root/autodl-tmp/em_eqf/experiments/clf_pre_v1/clf_pre_AZDX_minus_b_v1/runs/tf_10_mf_4p0_seed_0/last_model_1.pth
2026-05-21 16:17:51,617 INFO src.train.trainer: Epoch 41
2026-05-21 16:17:54,739 INFO src.train.trainer: Last model at epoch 41 saved to /root/autodl-tmp/em_eqf/experiments/clf_pre_v1/clf_pre_AZDX_minus_b_v1/runs/tf_10_mf_4p0_seed_0/last_model_1.pth
2026-05-21 16:17:54,740 INFO src.train.trainer: Epoch 42
2026-05-21 16:17:57,714 INFO src.train.trainer: Last model at epoch 42 saved to /root/autodl-tmp/em_eqf/experiments/clf_pre_v1/clf_pre_AZDX_minus_b_v1/runs/tf_10_mf_4p0_seed_0/last_model_1.pth
2026-05-21 16:17:57,714 INFO src.train.trainer: Epoch 43
2026-05-21 16:18:00,891 INFO src.train.trainer: Last model at epoch 43 saved to /root/autodl-tmp/em_eqf/experiments/clf_pre_v1/clf_pre_AZDX_minus_b_v1/runs/tf_10_mf_4p0_seed_0/last_model_1.pth
2026-05-21 16:18:00,891 INFO src.train.trainer: Epoch 44
2026-05-21 16:18:04,456 INFO src.train.trainer: Last model at epoch 44 saved to /root/autodl-tmp/em_eqf/experiments/clf_pre_v1/clf_pre_AZDX_minus_b_v1/runs/tf_10_mf_4p0_seed_0/last_model_1.pth
2026-05-21 16:18:04,456 INFO src.train.trainer: Epoch 45
2026-05-21 16:18:07,094 INFO src.train.trainer: Last model at epoch 45 saved to /root/autodl-tmp/em_eqf/experiments/clf_pre_v1/clf_pre_AZDX_minus_b_v1/runs/tf_10_mf_4p0_seed_0/last_model_1.pth
2026-05-21 16:18:07,095 INFO src.train.trainer: Epoch 46
2026-05-21 16:18:09,755 INFO src.train.trainer: Last model at epoch 46 saved to /root/autodl-tmp/em_eqf/experiments/clf_pre_v1/clf_pre_AZDX_minus_b_v1/runs/tf_10_mf_4p0_seed_0/last_model_1.pth
2026-05-21 16:18:09,755 INFO src.train.trainer: Epoch 47
2026-05-21 16:18:12,265 INFO src.train.trainer: Last model at epoch 47 saved to /root/autodl-tmp/em_eqf/experiments/clf_pre_v1/clf_pre_AZDX_minus_b_v1/runs/tf_10_mf_4p0_seed_0/last_model_1.pth
2026-05-21 16:18:12,265 INFO src.train.trainer: Epoch 48
2026-05-21 16:18:14,704 INFO src.train.trainer: New best validation loss: 0.0531, saved to /root/autodl-tmp/em_eqf/experiments/clf_pre_v1/clf_pre_AZDX_minus_b_v1/runs/tf_10_mf_4p0_seed_0/best_model_1.pth
2026-05-21 16:18:14,713 INFO src.train.trainer: Last model at epoch 48 saved to /root/autodl-tmp/em_eqf/experiments/clf_pre_v1/clf_pre_AZDX_minus_b_v1/runs/tf_10_mf_4p0_seed_0/last_model_1.pth
2026-05-21 16:18:14,713 INFO src.train.trainer: Epoch 49
2026-05-21 16:18:17,349 INFO src.train.trainer: Last model at epoch 49 saved to /root/autodl-tmp/em_eqf/experiments/clf_pre_v1/clf_pre_AZDX_minus_b_v1/runs/tf_10_mf_4p0_seed_0/last_model_1.pth
2026-05-21 16:18:17,349 INFO src.train.trainer: Epoch 50
2026-05-21 16:18:20,886 INFO src.train.trainer: Last model at epoch 50 saved to /root/autodl-tmp/em_eqf/experiments/clf_pre_v1/clf_pre_AZDX_minus_b_v1/runs/tf_10_mf_4p0_seed_0/last_model_1.pth
2026-05-21 16:18:20,887 INFO src.train.trainer: Epoch 51
2026-05-21 16:18:24,283 INFO src.train.trainer: Last model at epoch 51 saved to /root/autodl-tmp/em_eqf/experiments/clf_pre_v1/clf_pre_AZDX_minus_b_v1/runs/tf_10_mf_4p0_seed_0/last_model_1.pth
2026-05-21 16:18:24,283 INFO src.train.trainer: Epoch 52
2026-05-21 16:18:26,981 INFO src.train.trainer: Last model at epoch 52 saved to /root/autodl-tmp/em_eqf/experiments/clf_pre_v1/clf_pre_AZDX_minus_b_v1/runs/tf_10_mf_4p0_seed_0/last_model_1.pth
2026-05-21 16:18:26,981 INFO src.train.trainer: Epoch 53
2026-05-21 16:18:29,639 INFO src.train.trainer: Last model at epoch 53 saved to /root/autodl-tmp/em_eqf/experiments/clf_pre_v1/clf_pre_AZDX_minus_b_v1/runs/tf_10_mf_4p0_seed_0/last_model_1.pth
2026-05-21 16:18:29,639 INFO src.train.trainer: Epoch 54
2026-05-21 16:18:32,147 INFO src.train.trainer: Last model at epoch 54 saved to /root/autodl-tmp/em_eqf/experiments/clf_pre_v1/clf_pre_AZDX_minus_b_v1/runs/tf_10_mf_4p0_seed_0/last_model_1.pth
2026-05-21 16:18:32,147 INFO src.train.trainer: Epoch 55
2026-05-21 16:18:34,628 INFO src.train.trainer: Last model at epoch 55 saved to /root/autodl-tmp/em_eqf/experiments/clf_pre_v1/clf_pre_AZDX_minus_b_v1/runs/tf_10_mf_4p0_seed_0/last_model_1.pth
2026-05-21 16:18:34,628 INFO src.train.trainer: Epoch 56
2026-05-21 16:18:37,307 INFO src.train.trainer: Last model at epoch 56 saved to /root/autodl-tmp/em_eqf/experiments/clf_pre_v1/clf_pre_AZDX_minus_b_v1/runs/tf_10_mf_4p0_seed_0/last_model_1.pth
2026-05-21 16:18:37,307 INFO src.train.trainer: Epoch 57
2026-05-21 16:18:40,998 INFO src.train.trainer: Last model at epoch 57 saved to /root/autodl-tmp/em_eqf/experiments/clf_pre_v1/clf_pre_AZDX_minus_b_v1/runs/tf_10_mf_4p0_seed_0/last_model_1.pth
2026-05-21 16:18:40,998 INFO src.train.trainer: Epoch 58
2026-05-21 16:18:45,129 INFO src.train.trainer: Last model at epoch 58 saved to /root/autodl-tmp/em_eqf/experiments/clf_pre_v1/clf_pre_AZDX_minus_b_v1/runs/tf_10_mf_4p0_seed_0/last_model_1.pth
2026-05-21 16:18:45,129 INFO src.train.trainer: Early stopping triggered at epoch 58 (best epoch: 48, best val loss: 0.053067)
2026-05-21 16:18:53,977 INFO src.data.preprocessing: CSV files found: ['chuandian_2021.csv']
2026-05-21 16:18:54,709 INFO src.utils.file_utils: Loading cached data from: data/ChuanDian/classifier/classifier_Mc_3_Mf_4.0_Tfore_10_Twindow_180_context_len_1_dt_10.pkl
2026-05-21 16:18:55,062 INFO src.data.preprocessing: Catalog statistics: {'tau_unfiltered': 0.15339908988298961, 'tau_q025': 0.08114294020924717, 'tau_q05': 0.5134664350189269, 'tau_mean': 1.3070542199341526, 'tau_max': 25.18216435192153, 'tau_min': 0.0, 'time_max': 18770.72654999979, 'time_mean': 10030.9430649837, 'mag_completeness': 3.0, 'mag_mean': 3.456916005014626, 'mag_max': 8.0, 'mag_min': 3.0, 'b_value': 0.856738547623331, 'b_std': 0.0071499224812533796, 'b_n': 14358}
2026-05-21 16:18:55,102 INFO src.data.event_loader: lengths of samples: min=32, max=981, avg=135.51
2026-05-21 16:18:55,102 INFO src.data.event_loader: Number of positive samples: 780
2026-05-21 16:18:55,102 INFO src.data.event_loader: Number of negative samples: 683
2026-05-21 16:18:55,103 INFO src.data.event_loader: Positive samples: 594, Negative samples: 576
2026-05-21 16:18:55,103 INFO src.data.event_loader: Total samples: 1170, Positive ratio: 0.51, Negative ratio: 0.49
2026-05-21 16:18:55,104 INFO src.data.event_loader: Positive samples: 107, Negative samples: 39
2026-05-21 16:18:55,104 INFO src.data.event_loader: Total samples: 146, Positive ratio: 0.73, Negative ratio: 0.27
2026-05-21 16:18:55,104 INFO src.data.event_loader: Positive samples: 79, Negative samples: 68
2026-05-21 16:18:55,104 INFO src.data.event_loader: Total samples: 147, Positive ratio: 0.54, Negative ratio: 0.46
2026-05-21 16:18:55,535 INFO src.models.adapters.mixer_task: using time scale base 1.3070542199341526 (key: tau_mean)
2026-05-21 16:18:55,535 INFO src.models.adapters.mixer_task: tau mean: tensor(1.3071)
2026-05-21 16:18:55,550 INFO src.train.config_setup: Restoring model from checkpoint.
2026-05-21 16:18:55,550 INFO src.train.config_setup: Loading model weights: load_specific_parts=None
2026-05-21 16:18:55,552 INFO src.train.config_setup: Checkpoint loaded: <All keys matched successfully>
2026-05-21 16:18:55,552 INFO src.train.config_setup: Full load summary: loaded=56, missing=0, unexpected=0
2026-05-21 16:18:55,553 INFO src.train.config_setup: Checkpoint hyperparameters loaded.
2026-05-21 16:18:55,553 INFO src.train.config_setup: Checkpoint train metrics available.
2026-05-21 16:18:55,553 INFO src.train.config_setup: Checkpoint val metrics available.
2026-05-21 16:18:55,553 INFO src.train.config_setup: Freeze skipped (checkpoint_restore): freeze_parts is empty.
2026-05-21 16:18:55,553 INFO src.train.config_setup: Using classification criterion: focal
2026-05-21 16:18:55,553 INFO src.train.config_setup: Criterion config: {'alpha': 0.5, 'gamma': 2.0}
2026-05-21 16:18:55,554 INFO src.train.config_setup: Not resuming optimizer/scheduler state; reset training state to start_epoch=0, best_val_loss=inf.
2026-05-21 16:18:55,554 INFO src.cli.common: Using threshold 0.46589577198028564 from checkpoint val_metrics for testing.
2026-05-21 16:19:00,625 INFO src.utils.metrics: ROC curve saved to /root/autodl-tmp/em_eqf/experiments/clf_pre_v1/clf_pre_AZDX_minus_b_v1/runs/tf_10_mf_4p0_seed_0/roc_curve.png
2026-05-21 16:19:00,740 INFO src.utils.metrics: PR curve saved to /root/autodl-tmp/em_eqf/experiments/clf_pre_v1/clf_pre_AZDX_minus_b_v1/runs/tf_10_mf_4p0_seed_0/pr_curve.png
2026-05-21 16:19:00,842 INFO src.utils.metrics: Confusion matrix saved to /root/autodl-tmp/em_eqf/experiments/clf_pre_v1/clf_pre_AZDX_minus_b_v1/runs/tf_10_mf_4p0_seed_0/confusion_matrix.png
2026-05-21 16:19:00,842 INFO src.cli.workflows: Test loss: 0.06342761466900508
2026-05-21 16:19:02,327 INFO src.train.classifier_train_step: Prediction distribution plot has been saved to: /root/autodl-tmp/em_eqf/experiments/clf_pre_v1/clf_pre_AZDX_minus_b_v1/runs/tf_10_mf_4p0_seed_0/train_pred_distribution.png
2026-05-21 16:19:02,704 INFO src.train.classifier_train_step: Prediction distribution plot has been saved to: /root/autodl-tmp/em_eqf/experiments/clf_pre_v1/clf_pre_AZDX_minus_b_v1/runs/tf_10_mf_4p0_seed_0/val_pred_distribution.png
2026-05-21 16:19:03,083 INFO src.train.classifier_train_step: Prediction distribution plot has been saved to: /root/autodl-tmp/em_eqf/experiments/clf_pre_v1/clf_pre_AZDX_minus_b_v1/runs/tf_10_mf_4p0_seed_0/test_pred_distribution.png
2026-05-21 16:19:03,084 INFO src.cli.common: Saved test metrics to /root/autodl-tmp/em_eqf/experiments/clf_pre_v1/clf_pre_AZDX_minus_b_v1/runs/tf_10_mf_4p0_seed_0/metrics_test_best_1.json
2026-05-21 16:19:03,084 INFO src.cli.common: Metrics: {'precision': 0.6421052631578947, 'recall': 0.7721518987341772, 'f1': 0.7011494252873564, 'auc': 0.7682427401340283, 'pr_auc': 0.8514777232320149, 'fpr': 0.5, 'tpr': 0.7721518987341772, 'R': 0.2721518987341772, 'conf': 0.9997551821259157, 'threshold': 0.46589577198028564}
