2026-05-15 10:55:50,774 INFO src.data.preprocessing: CSV files found: ['chuandian_2021.csv']
2026-05-15 10:55:51,853 INFO src.utils.file_utils: Loading cached data from: data/ChuanDian/classifier/classifier_Mc_3_Mf_4.0_Tfore_10_Twindow_180_context_len_1_dt_10.pkl
2026-05-15 10:55:52,163 INFO src.data.preprocessing: Catalog statistics: {'tau_unfiltered': 0.15339908988298961, 'tau_q025': 0.08114294020924717, 'tau_q05': 0.5134664350189269, 'tau_mean': 1.3070542199341526, 'tau_max': 25.18216435192153, 'tau_min': 0.0, 'time_max': 18770.72654999979, 'time_mean': 10030.9430649837, 'mag_completeness': 3.0, 'mag_mean': 3.456916005014626, 'mag_max': 8.0, 'mag_min': 3.0, 'b_value': 0.856738547623331, 'b_std': 0.0071499224812533796, 'b_n': 14358}
2026-05-15 10:55:52,182 INFO src.data.event_loader: lengths of samples: min=32, max=981, avg=135.51
2026-05-15 10:55:52,183 INFO src.data.event_loader: Number of positive samples: 780
2026-05-15 10:55:52,183 INFO src.data.event_loader: Number of negative samples: 683
2026-05-15 10:55:52,204 INFO src.data.event_loader: Positive samples: 594, Negative samples: 576
2026-05-15 10:55:52,204 INFO src.data.event_loader: Total samples: 1170, Positive ratio: 0.51, Negative ratio: 0.49
2026-05-15 10:55:52,205 INFO src.data.event_loader: Positive samples: 107, Negative samples: 39
2026-05-15 10:55:52,205 INFO src.data.event_loader: Total samples: 146, Positive ratio: 0.73, Negative ratio: 0.27
2026-05-15 10:55:52,205 INFO src.data.event_loader: Positive samples: 79, Negative samples: 68
2026-05-15 10:55:52,205 INFO src.data.event_loader: Total samples: 147, Positive ratio: 0.54, Negative ratio: 0.46
2026-05-15 10:55:52,369 INFO src.cli.workflows: Loading checkpoint from: ./checkpoints/mixer_tpp_20260514-211059/last_model_1.pth
2026-05-15 10:55:52,855 INFO src.models.adapters.mixer_task: using time scale base 1.3070542199341526 (key: tau_mean)
2026-05-15 10:55:52,855 INFO src.models.adapters.mixer_task: tau mean: tensor(1.3071)
2026-05-15 10:55:52,860 INFO src.train.config_setup: Restoring model from checkpoint.
2026-05-15 10:55:52,861 INFO src.train.config_setup: Loading model weights: load_specific_parts=['encoder']
2026-05-15 10:55:52,862 INFO src.train.config_setup: Selective load summary: requested_parts=['encoder'], target_in_model=40, matched_in_checkpoint=30, loaded=30, missing_after_load=10, shape_mismatch=0, missing_in_model=0, out_of_scope_loaded=0
2026-05-15 10:55:52,862 INFO src.train.config_setup: Selective load coverage [encoder]: target=40, hit=30, missing=10, complete=False
2026-05-15 10:55:52,862 WARNING src.train.config_setup: Selective load coverage missing preview [encoder]: ['base_model.encoder.layers.2.mixer.in_proj.bias', 'base_model.encoder.layers.2.mixer.in_proj.weight', 'base_model.encoder.layers.2.mixer.out_proj.bias', 'base_model.encoder.layers.2.mixer.out_proj.weight', 'base_model.encoder.layers.2.mlp.fc1.weight', 'base_model.encoder.layers.2.mlp.fc2.weight', 'base_model.encoder.layers.2.norm.bias', 'base_model.encoder.layers.2.norm.weight'] ... (+2 more)
2026-05-15 10:55:52,862 WARNING src.train.config_setup: Checkpoint missing target parameter preview: ['base_model.encoder.layers.2.mixer.in_proj.bias', 'base_model.encoder.layers.2.mixer.in_proj.weight', 'base_model.encoder.layers.2.mixer.out_proj.bias', 'base_model.encoder.layers.2.mixer.out_proj.weight', 'base_model.encoder.layers.2.mlp.fc1.weight', 'base_model.encoder.layers.2.mlp.fc2.weight', 'base_model.encoder.layers.2.norm.bias', 'base_model.encoder.layers.2.norm.weight', 'base_model.encoder.layers.2.norm2.bias', 'base_model.encoder.layers.2.norm2.weight']
2026-05-15 10:55:52,862 WARNING src.train.config_setup: Target not-loaded parameter preview: ['base_model.encoder.layers.2.mixer.in_proj.bias', 'base_model.encoder.layers.2.mixer.in_proj.weight', 'base_model.encoder.layers.2.mixer.out_proj.bias', 'base_model.encoder.layers.2.mixer.out_proj.weight', 'base_model.encoder.layers.2.mlp.fc1.weight', 'base_model.encoder.layers.2.mlp.fc2.weight', 'base_model.encoder.layers.2.norm.bias', 'base_model.encoder.layers.2.norm.weight', 'base_model.encoder.layers.2.norm2.bias', 'base_model.encoder.layers.2.norm2.weight']
2026-05-15 10:55:52,862 INFO src.train.config_setup: Loaded parameter preview: ['base_model.encoder.layers.1.norm2.bias', 'base_model.encoder.input_proj.3.weight', 'base_model.encoder.norm_f.weight', 'base_model.encoder.layers.1.norm.weight', 'base_model.encoder.input_proj.0.weight', 'base_model.encoder.layers.1.norm2.weight', 'base_model.encoder.layers.1.mlp.fc2.weight', 'base_model.encoder.layers.1.mlp.fc1.weight', 'base_model.encoder.layers.0.mixer.dt_bias', 'base_model.encoder.layers.1.mixer.out_proj.weight'] ... (+20 more)
2026-05-15 10:55:52,863 INFO src.train.config_setup: Checkpoint hyperparameters loaded.
2026-05-15 10:55:52,863 INFO src.train.config_setup: Checkpoint train metrics available.
2026-05-15 10:55:52,863 INFO src.train.config_setup: Checkpoint val metrics available.
2026-05-15 10:55:52,863 INFO src.train.config_setup: Freeze skipped (checkpoint_restore): freeze_parts is empty.
2026-05-15 10:55:52,863 INFO src.train.config_setup: Using classification criterion: focal
2026-05-15 10:55:52,863 INFO src.train.config_setup: Criterion config: {'alpha': 0.5, 'gamma': 2.0}
2026-05-15 10:55:52,864 INFO src.train.config_setup: Not resuming optimizer/scheduler state; reset training state to start_epoch=0, best_val_loss=inf.
2026-05-15 10:55:52,865 INFO src.train.trainer: Epoch 1
2026-05-15 10:56:12,287 INFO src.train.trainer: New best validation loss: 0.0735, saved to /root/autodl-tmp/em_eqf/experiments/clf_grid_r_2_SCEDC/runs/tf_10_mf_4p0_seed_0/best_model_1.pth
2026-05-15 10:56:12,294 INFO src.train.trainer: Last model at epoch 1 saved to /root/autodl-tmp/em_eqf/experiments/clf_grid_r_2_SCEDC/runs/tf_10_mf_4p0_seed_0/last_model_1.pth
2026-05-15 10:56:12,294 INFO src.train.trainer: Epoch 2
2026-05-15 10:56:16,927 INFO src.train.trainer: Last model at epoch 2 saved to /root/autodl-tmp/em_eqf/experiments/clf_grid_r_2_SCEDC/runs/tf_10_mf_4p0_seed_0/last_model_1.pth
2026-05-15 10:56:16,928 INFO src.train.trainer: Epoch 3
2026-05-15 10:56:21,643 INFO src.train.trainer: Last model at epoch 3 saved to /root/autodl-tmp/em_eqf/experiments/clf_grid_r_2_SCEDC/runs/tf_10_mf_4p0_seed_0/last_model_1.pth
2026-05-15 10:56:21,643 INFO src.train.trainer: Epoch 4
2026-05-15 10:56:26,016 INFO src.train.trainer: Last model at epoch 4 saved to /root/autodl-tmp/em_eqf/experiments/clf_grid_r_2_SCEDC/runs/tf_10_mf_4p0_seed_0/last_model_1.pth
2026-05-15 10:56:26,016 INFO src.train.trainer: Epoch 5
2026-05-15 10:56:30,577 INFO src.train.trainer: Last model at epoch 5 saved to /root/autodl-tmp/em_eqf/experiments/clf_grid_r_2_SCEDC/runs/tf_10_mf_4p0_seed_0/last_model_1.pth
2026-05-15 10:56:30,597 INFO src.train.trainer: Epoch 6
2026-05-15 10:56:34,640 INFO src.train.trainer: Last model at epoch 6 saved to /root/autodl-tmp/em_eqf/experiments/clf_grid_r_2_SCEDC/runs/tf_10_mf_4p0_seed_0/last_model_1.pth
2026-05-15 10:56:34,641 INFO src.train.trainer: Epoch 7
2026-05-15 10:56:39,023 INFO src.train.trainer: Last model at epoch 7 saved to /root/autodl-tmp/em_eqf/experiments/clf_grid_r_2_SCEDC/runs/tf_10_mf_4p0_seed_0/last_model_1.pth
2026-05-15 10:56:39,023 INFO src.train.trainer: Epoch 8
2026-05-15 10:56:42,902 INFO src.train.trainer: Last model at epoch 8 saved to /root/autodl-tmp/em_eqf/experiments/clf_grid_r_2_SCEDC/runs/tf_10_mf_4p0_seed_0/last_model_1.pth
2026-05-15 10:56:42,902 INFO src.train.trainer: Epoch 9
2026-05-15 10:56:47,042 INFO src.train.trainer: Last model at epoch 9 saved to /root/autodl-tmp/em_eqf/experiments/clf_grid_r_2_SCEDC/runs/tf_10_mf_4p0_seed_0/last_model_1.pth
2026-05-15 10:56:47,042 INFO src.train.trainer: Epoch 10
2026-05-15 10:56:51,245 INFO src.train.trainer: Last model at epoch 10 saved to /root/autodl-tmp/em_eqf/experiments/clf_grid_r_2_SCEDC/runs/tf_10_mf_4p0_seed_0/last_model_1.pth
2026-05-15 10:56:51,245 INFO src.train.trainer: Epoch 11
2026-05-15 10:56:55,504 INFO src.train.trainer: Last model at epoch 11 saved to /root/autodl-tmp/em_eqf/experiments/clf_grid_r_2_SCEDC/runs/tf_10_mf_4p0_seed_0/last_model_1.pth
2026-05-15 10:56:55,505 INFO src.train.trainer: Early stopping triggered at epoch 11 (best epoch: 1, best val loss: 0.073492)
2026-05-15 10:57:08,241 INFO src.data.preprocessing: CSV files found: ['chuandian_2021.csv']
2026-05-15 10:57:09,025 INFO src.utils.file_utils: Loading cached data from: data/ChuanDian/classifier/classifier_Mc_3_Mf_4.0_Tfore_10_Twindow_180_context_len_1_dt_10.pkl
2026-05-15 10:57:09,370 INFO src.data.preprocessing: Catalog statistics: {'tau_unfiltered': 0.15339908988298961, 'tau_q025': 0.08114294020924717, 'tau_q05': 0.5134664350189269, 'tau_mean': 1.3070542199341526, 'tau_max': 25.18216435192153, 'tau_min': 0.0, 'time_max': 18770.72654999979, 'time_mean': 10030.9430649837, 'mag_completeness': 3.0, 'mag_mean': 3.456916005014626, 'mag_max': 8.0, 'mag_min': 3.0, 'b_value': 0.856738547623331, 'b_std': 0.0071499224812533796, 'b_n': 14358}
2026-05-15 10:57:09,388 INFO src.data.event_loader: lengths of samples: min=32, max=981, avg=135.51
2026-05-15 10:57:09,388 INFO src.data.event_loader: Number of positive samples: 780
2026-05-15 10:57:09,388 INFO src.data.event_loader: Number of negative samples: 683
2026-05-15 10:57:09,389 INFO src.data.event_loader: Positive samples: 594, Negative samples: 576
2026-05-15 10:57:09,389 INFO src.data.event_loader: Total samples: 1170, Positive ratio: 0.51, Negative ratio: 0.49
2026-05-15 10:57:09,389 INFO src.data.event_loader: Positive samples: 107, Negative samples: 39
2026-05-15 10:57:09,390 INFO src.data.event_loader: Total samples: 146, Positive ratio: 0.73, Negative ratio: 0.27
2026-05-15 10:57:09,390 INFO src.data.event_loader: Positive samples: 79, Negative samples: 68
2026-05-15 10:57:09,390 INFO src.data.event_loader: Total samples: 147, Positive ratio: 0.54, Negative ratio: 0.46
2026-05-15 10:57:09,931 INFO src.models.adapters.mixer_task: using time scale base 1.3070542199341526 (key: tau_mean)
2026-05-15 10:57:09,931 INFO src.models.adapters.mixer_task: tau mean: tensor(1.3071)
2026-05-15 10:57:09,957 INFO src.train.config_setup: Restoring model from checkpoint.
2026-05-15 10:57:09,957 INFO src.train.config_setup: Loading model weights: load_specific_parts=None
2026-05-15 10:57:09,958 INFO src.train.config_setup: Checkpoint loaded: <All keys matched successfully>
2026-05-15 10:57:09,959 INFO src.train.config_setup: Full load summary: loaded=56, missing=0, unexpected=0
2026-05-15 10:57:09,959 INFO src.train.config_setup: Checkpoint hyperparameters loaded.
2026-05-15 10:57:09,959 INFO src.train.config_setup: Checkpoint train metrics available.
2026-05-15 10:57:09,960 INFO src.train.config_setup: Checkpoint val metrics available.
2026-05-15 10:57:09,960 INFO src.train.config_setup: Freeze skipped (checkpoint_restore): freeze_parts is empty.
2026-05-15 10:57:09,960 INFO src.train.config_setup: Using classification criterion: focal
2026-05-15 10:57:09,960 INFO src.train.config_setup: Criterion config: {'alpha': 0.5, 'gamma': 2.0}
2026-05-15 10:57:09,961 INFO src.train.config_setup: Not resuming optimizer/scheduler state; reset training state to start_epoch=0, best_val_loss=inf.
2026-05-15 10:57:09,961 INFO src.cli.common: Using threshold 0.5374650359153748 from checkpoint val_metrics for testing.
2026-05-15 10:57:14,809 INFO src.utils.metrics: ROC curve saved to /root/autodl-tmp/em_eqf/experiments/clf_grid_r_2_SCEDC/runs/tf_10_mf_4p0_seed_0/roc_curve.png
2026-05-15 10:57:14,949 INFO src.utils.metrics: PR curve saved to /root/autodl-tmp/em_eqf/experiments/clf_grid_r_2_SCEDC/runs/tf_10_mf_4p0_seed_0/pr_curve.png
2026-05-15 10:57:15,040 INFO src.utils.metrics: Confusion matrix saved to /root/autodl-tmp/em_eqf/experiments/clf_grid_r_2_SCEDC/runs/tf_10_mf_4p0_seed_0/confusion_matrix.png
2026-05-15 10:57:15,041 INFO src.cli.workflows: Test loss: 0.08824588656425476
2026-05-15 10:57:16,250 INFO src.train.classifier_train_step: Prediction distribution plot has been saved to: /root/autodl-tmp/em_eqf/experiments/clf_grid_r_2_SCEDC/runs/tf_10_mf_4p0_seed_0/train_pred_distribution.png
2026-05-15 10:57:16,674 INFO src.train.classifier_train_step: Prediction distribution plot has been saved to: /root/autodl-tmp/em_eqf/experiments/clf_grid_r_2_SCEDC/runs/tf_10_mf_4p0_seed_0/val_pred_distribution.png
2026-05-15 10:57:17,107 INFO src.train.classifier_train_step: Prediction distribution plot has been saved to: /root/autodl-tmp/em_eqf/experiments/clf_grid_r_2_SCEDC/runs/tf_10_mf_4p0_seed_0/test_pred_distribution.png
2026-05-15 10:57:17,108 INFO src.cli.common: Saved test metrics to /root/autodl-tmp/em_eqf/experiments/clf_grid_r_2_SCEDC/runs/tf_10_mf_4p0_seed_0/metrics_test_best_1.json
2026-05-15 10:57:17,108 INFO src.cli.common: Metrics: {'precision': 0.5352112676056338, 'recall': 0.9620253164556962, 'f1': 0.6877828054298643, 'auc': 0.6705137751303053, 'pr_auc': 0.7049811147136936, 'fpr': 0.9705882352941176, 'tpr': 0.9620253164556962, 'R': -0.008562918838421418, 'conf': 6.452153479356314e-66, 'threshold': 0.5374650359153748}
