2026-05-13 13:46:32,997 INFO src.data.preprocessing: CSV files found: ['chuandian_2021.csv']
2026-05-13 13:46:33,844 INFO src.utils.file_utils: Loading cached data from: data/ChuanDian/classifier/classifier_Mc_3_Mf_5.5_Tfore_90_Twindow_180_context_len_1_dt_10.pkl
2026-05-13 13:46:34,971 INFO src.data.preprocessing: Catalog statistics: {'tau_unfiltered': 0.15339908988298961, 'tau_q025': 0.08114294020924717, 'tau_q05': 0.5134664350189269, 'tau_mean': 1.3070542199341526, 'tau_max': 25.18216435192153, 'tau_min': 0.0, 'time_max': 18770.72654999979, 'time_mean': 10030.9430649837, 'mag_completeness': 3.0, 'mag_mean': 3.456916005014626, 'mag_max': 8.0, 'mag_min': 3.0, 'b_value': 0.856738547623331, 'b_std': 0.0071499224812533796, 'b_n': 14358}
2026-05-13 13:46:34,992 INFO src.data.event_loader: lengths of samples: min=32, max=749, avg=124.26
2026-05-13 13:46:34,993 INFO src.data.event_loader: Number of positive samples: 471
2026-05-13 13:46:34,993 INFO src.data.event_loader: Number of negative samples: 1055
2026-05-13 13:46:35,017 INFO src.data.event_loader: Positive samples: 390, Negative samples: 830
2026-05-13 13:46:35,017 INFO src.data.event_loader: Total samples: 1220, Positive ratio: 0.32, Negative ratio: 0.68
2026-05-13 13:46:35,017 INFO src.data.event_loader: Positive samples: 62, Negative samples: 90
2026-05-13 13:46:35,017 INFO src.data.event_loader: Total samples: 152, Positive ratio: 0.41, Negative ratio: 0.59
2026-05-13 13:46:35,017 INFO src.data.event_loader: Positive samples: 19, Negative samples: 135
2026-05-13 13:46:35,017 INFO src.data.event_loader: Total samples: 154, Positive ratio: 0.12, Negative ratio: 0.88
2026-05-13 13:46:35,235 INFO src.cli.workflows: Loading checkpoint from: ./checkpoints/mixer_tpp_20260508-182744/last_model_1.pth
2026-05-13 13:46:36,103 INFO src.models.adapters.mixer_task: using time scale base 1.3070542199341526 (key: tau_mean)
2026-05-13 13:46:36,103 INFO src.models.adapters.mixer_task: tau mean: tensor(1.3071)
2026-05-13 13:46:36,195 INFO src.train.config_setup: Restoring model from checkpoint.
2026-05-13 13:46:36,195 INFO src.train.config_setup: Loading model weights: load_specific_parts=['encoder']
2026-05-13 13:46:36,196 INFO src.train.config_setup: Selective load summary: requested_parts=['encoder'], target_in_model=40, matched_in_checkpoint=30, loaded=30, missing_after_load=10, shape_mismatch=0, missing_in_model=0, out_of_scope_loaded=0
2026-05-13 13:46:36,196 INFO src.train.config_setup: Selective load coverage [encoder]: target=40, hit=30, missing=10, complete=False
2026-05-13 13:46:36,196 WARNING src.train.config_setup: Selective load coverage missing preview [encoder]: ['base_model.encoder.layers.2.mixer.in_proj.bias', 'base_model.encoder.layers.2.mixer.in_proj.weight', 'base_model.encoder.layers.2.mixer.out_proj.bias', 'base_model.encoder.layers.2.mixer.out_proj.weight', 'base_model.encoder.layers.2.mlp.fc1.weight', 'base_model.encoder.layers.2.mlp.fc2.weight', 'base_model.encoder.layers.2.norm.bias', 'base_model.encoder.layers.2.norm.weight'] ... (+2 more)
2026-05-13 13:46:36,196 WARNING src.train.config_setup: Checkpoint missing target parameter preview: ['base_model.encoder.layers.2.mixer.in_proj.bias', 'base_model.encoder.layers.2.mixer.in_proj.weight', 'base_model.encoder.layers.2.mixer.out_proj.bias', 'base_model.encoder.layers.2.mixer.out_proj.weight', 'base_model.encoder.layers.2.mlp.fc1.weight', 'base_model.encoder.layers.2.mlp.fc2.weight', 'base_model.encoder.layers.2.norm.bias', 'base_model.encoder.layers.2.norm.weight', 'base_model.encoder.layers.2.norm2.bias', 'base_model.encoder.layers.2.norm2.weight']
2026-05-13 13:46:36,196 WARNING src.train.config_setup: Target not-loaded parameter preview: ['base_model.encoder.layers.2.mixer.in_proj.bias', 'base_model.encoder.layers.2.mixer.in_proj.weight', 'base_model.encoder.layers.2.mixer.out_proj.bias', 'base_model.encoder.layers.2.mixer.out_proj.weight', 'base_model.encoder.layers.2.mlp.fc1.weight', 'base_model.encoder.layers.2.mlp.fc2.weight', 'base_model.encoder.layers.2.norm.bias', 'base_model.encoder.layers.2.norm.weight', 'base_model.encoder.layers.2.norm2.bias', 'base_model.encoder.layers.2.norm2.weight']
2026-05-13 13:46:36,196 INFO src.train.config_setup: Loaded parameter preview: ['base_model.encoder.layers.0.mixer.out_proj.weight', 'base_model.encoder.layers.0.mixer.dt_bias', 'base_model.encoder.layers.1.norm2.bias', 'base_model.encoder.norm_f.weight', 'base_model.encoder.layers.1.norm.weight', 'base_model.encoder.input_proj.0.bias', 'base_model.encoder.layers.1.mixer.in_proj.weight', 'base_model.encoder.layers.1.mlp.fc2.weight', 'base_model.encoder.layers.0.norm2.bias', 'base_model.encoder.layers.1.mixer.norm.weight'] ... (+20 more)
2026-05-13 13:46:36,197 INFO src.train.config_setup: Checkpoint hyperparameters loaded.
2026-05-13 13:46:36,198 INFO src.train.config_setup: Checkpoint train metrics available.
2026-05-13 13:46:36,198 INFO src.train.config_setup: Checkpoint val metrics available.
2026-05-13 13:46:36,198 INFO src.train.config_setup: Freeze skipped (checkpoint_restore): freeze_parts is empty.
2026-05-13 13:46:36,198 INFO src.train.config_setup: Using classification criterion: focal
2026-05-13 13:46:36,198 INFO src.train.config_setup: Criterion config: {'alpha': 0.25, 'gamma': 2.0}
2026-05-13 13:46:36,199 INFO src.train.config_setup: Not resuming optimizer/scheduler state; reset training state to start_epoch=0, best_val_loss=inf.
2026-05-13 13:46:36,199 INFO src.train.trainer: Epoch 1
2026-05-13 13:46:49,982 INFO src.train.trainer: New best validation loss: 0.0690, saved to /root/autodl-tmp/em_eqf/experiments/clf_grid_10/runs/tf_90_mf_5p5_seed_1/best_model_1.pth
2026-05-13 13:46:49,988 INFO src.train.trainer: Last model at epoch 1 saved to /root/autodl-tmp/em_eqf/experiments/clf_grid_10/runs/tf_90_mf_5p5_seed_1/last_model_1.pth
2026-05-13 13:46:49,988 INFO src.train.trainer: Epoch 2
2026-05-13 13:46:52,043 INFO src.train.trainer: New best validation loss: 0.0659, saved to /root/autodl-tmp/em_eqf/experiments/clf_grid_10/runs/tf_90_mf_5p5_seed_1/best_model_1.pth
2026-05-13 13:46:52,054 INFO src.train.trainer: Last model at epoch 2 saved to /root/autodl-tmp/em_eqf/experiments/clf_grid_10/runs/tf_90_mf_5p5_seed_1/last_model_1.pth
2026-05-13 13:46:52,054 INFO src.train.trainer: Epoch 3
2026-05-13 13:46:54,240 INFO src.train.trainer: Last model at epoch 3 saved to /root/autodl-tmp/em_eqf/experiments/clf_grid_10/runs/tf_90_mf_5p5_seed_1/last_model_1.pth
2026-05-13 13:46:54,240 INFO src.train.trainer: Epoch 4
2026-05-13 13:46:56,673 INFO src.train.trainer: Last model at epoch 4 saved to /root/autodl-tmp/em_eqf/experiments/clf_grid_10/runs/tf_90_mf_5p5_seed_1/last_model_1.pth
2026-05-13 13:46:56,673 INFO src.train.trainer: Epoch 5
2026-05-13 13:46:59,471 INFO src.train.trainer: New best validation loss: 0.0573, saved to /root/autodl-tmp/em_eqf/experiments/clf_grid_10/runs/tf_90_mf_5p5_seed_1/best_model_1.pth
2026-05-13 13:46:59,481 INFO src.train.trainer: Last model at epoch 5 saved to /root/autodl-tmp/em_eqf/experiments/clf_grid_10/runs/tf_90_mf_5p5_seed_1/last_model_1.pth
2026-05-13 13:46:59,482 INFO src.train.trainer: Epoch 6
2026-05-13 13:47:02,236 INFO src.train.trainer: Last model at epoch 6 saved to /root/autodl-tmp/em_eqf/experiments/clf_grid_10/runs/tf_90_mf_5p5_seed_1/last_model_1.pth
2026-05-13 13:47:02,236 INFO src.train.trainer: Epoch 7
2026-05-13 13:47:04,915 INFO src.train.trainer: Last model at epoch 7 saved to /root/autodl-tmp/em_eqf/experiments/clf_grid_10/runs/tf_90_mf_5p5_seed_1/last_model_1.pth
2026-05-13 13:47:04,915 INFO src.train.trainer: Epoch 8
2026-05-13 13:47:07,302 INFO src.train.trainer: Last model at epoch 8 saved to /root/autodl-tmp/em_eqf/experiments/clf_grid_10/runs/tf_90_mf_5p5_seed_1/last_model_1.pth
2026-05-13 13:47:07,302 INFO src.train.trainer: Epoch 9
2026-05-13 13:47:09,593 INFO src.train.trainer: Last model at epoch 9 saved to /root/autodl-tmp/em_eqf/experiments/clf_grid_10/runs/tf_90_mf_5p5_seed_1/last_model_1.pth
2026-05-13 13:47:09,594 INFO src.train.trainer: Epoch 10
2026-05-13 13:47:11,699 INFO src.train.trainer: Last model at epoch 10 saved to /root/autodl-tmp/em_eqf/experiments/clf_grid_10/runs/tf_90_mf_5p5_seed_1/last_model_1.pth
2026-05-13 13:47:11,699 INFO src.train.trainer: Epoch 11
2026-05-13 13:47:13,717 INFO src.train.trainer: New best validation loss: 0.0552, saved to /root/autodl-tmp/em_eqf/experiments/clf_grid_10/runs/tf_90_mf_5p5_seed_1/best_model_1.pth
2026-05-13 13:47:13,724 INFO src.train.trainer: Last model at epoch 11 saved to /root/autodl-tmp/em_eqf/experiments/clf_grid_10/runs/tf_90_mf_5p5_seed_1/last_model_1.pth
2026-05-13 13:47:13,724 INFO src.train.trainer: Epoch 12
2026-05-13 13:47:15,928 INFO src.train.trainer: Last model at epoch 12 saved to /root/autodl-tmp/em_eqf/experiments/clf_grid_10/runs/tf_90_mf_5p5_seed_1/last_model_1.pth
2026-05-13 13:47:15,928 INFO src.train.trainer: Epoch 13
2026-05-13 13:47:18,249 INFO src.train.trainer: New best validation loss: 0.0487, saved to /root/autodl-tmp/em_eqf/experiments/clf_grid_10/runs/tf_90_mf_5p5_seed_1/best_model_1.pth
2026-05-13 13:47:18,256 INFO src.train.trainer: Last model at epoch 13 saved to /root/autodl-tmp/em_eqf/experiments/clf_grid_10/runs/tf_90_mf_5p5_seed_1/last_model_1.pth
2026-05-13 13:47:18,256 INFO src.train.trainer: Epoch 14
2026-05-13 13:47:20,631 INFO src.train.trainer: Last model at epoch 14 saved to /root/autodl-tmp/em_eqf/experiments/clf_grid_10/runs/tf_90_mf_5p5_seed_1/last_model_1.pth
2026-05-13 13:47:20,632 INFO src.train.trainer: Epoch 15
2026-05-13 13:47:22,982 INFO src.train.trainer: Last model at epoch 15 saved to /root/autodl-tmp/em_eqf/experiments/clf_grid_10/runs/tf_90_mf_5p5_seed_1/last_model_1.pth
2026-05-13 13:47:22,982 INFO src.train.trainer: Epoch 16
2026-05-13 13:47:24,983 INFO src.train.trainer: Last model at epoch 16 saved to /root/autodl-tmp/em_eqf/experiments/clf_grid_10/runs/tf_90_mf_5p5_seed_1/last_model_1.pth
2026-05-13 13:47:24,984 INFO src.train.trainer: Epoch 17
2026-05-13 13:47:27,368 INFO src.train.trainer: Last model at epoch 17 saved to /root/autodl-tmp/em_eqf/experiments/clf_grid_10/runs/tf_90_mf_5p5_seed_1/last_model_1.pth
2026-05-13 13:47:27,369 INFO src.train.trainer: Epoch 18
2026-05-13 13:47:29,495 INFO src.train.trainer: Last model at epoch 18 saved to /root/autodl-tmp/em_eqf/experiments/clf_grid_10/runs/tf_90_mf_5p5_seed_1/last_model_1.pth
2026-05-13 13:47:29,495 INFO src.train.trainer: Epoch 19
2026-05-13 13:47:31,635 INFO src.train.trainer: Last model at epoch 19 saved to /root/autodl-tmp/em_eqf/experiments/clf_grid_10/runs/tf_90_mf_5p5_seed_1/last_model_1.pth
2026-05-13 13:47:31,635 INFO src.train.trainer: Epoch 20
2026-05-13 13:47:33,719 INFO src.train.trainer: Last model at epoch 20 saved to /root/autodl-tmp/em_eqf/experiments/clf_grid_10/runs/tf_90_mf_5p5_seed_1/last_model_1.pth
2026-05-13 13:47:33,719 INFO src.train.trainer: Epoch 21
2026-05-13 13:47:35,612 INFO src.train.trainer: Last model at epoch 21 saved to /root/autodl-tmp/em_eqf/experiments/clf_grid_10/runs/tf_90_mf_5p5_seed_1/last_model_1.pth
2026-05-13 13:47:35,612 INFO src.train.trainer: Epoch 22
2026-05-13 13:47:37,715 INFO src.train.trainer: Last model at epoch 22 saved to /root/autodl-tmp/em_eqf/experiments/clf_grid_10/runs/tf_90_mf_5p5_seed_1/last_model_1.pth
2026-05-13 13:47:37,715 INFO src.train.trainer: Epoch 23
2026-05-13 13:47:39,454 INFO src.train.trainer: Last model at epoch 23 saved to /root/autodl-tmp/em_eqf/experiments/clf_grid_10/runs/tf_90_mf_5p5_seed_1/last_model_1.pth
2026-05-13 13:47:39,454 INFO src.train.trainer: Early stopping triggered at epoch 23 (best epoch: 13, best val loss: 0.048685)
2026-05-13 13:47:49,417 INFO src.data.preprocessing: CSV files found: ['chuandian_2021.csv']
2026-05-13 13:47:50,361 INFO src.utils.file_utils: Loading cached data from: data/ChuanDian/classifier/classifier_Mc_3_Mf_5.5_Tfore_90_Twindow_180_context_len_1_dt_10.pkl
2026-05-13 13:47:51,505 INFO src.data.preprocessing: Catalog statistics: {'tau_unfiltered': 0.15339908988298961, 'tau_q025': 0.08114294020924717, 'tau_q05': 0.5134664350189269, 'tau_mean': 1.3070542199341526, 'tau_max': 25.18216435192153, 'tau_min': 0.0, 'time_max': 18770.72654999979, 'time_mean': 10030.9430649837, 'mag_completeness': 3.0, 'mag_mean': 3.456916005014626, 'mag_max': 8.0, 'mag_min': 3.0, 'b_value': 0.856738547623331, 'b_std': 0.0071499224812533796, 'b_n': 14358}
2026-05-13 13:47:51,545 INFO src.data.event_loader: lengths of samples: min=32, max=749, avg=124.26
2026-05-13 13:47:51,545 INFO src.data.event_loader: Number of positive samples: 471
2026-05-13 13:47:51,546 INFO src.data.event_loader: Number of negative samples: 1055
2026-05-13 13:47:51,547 INFO src.data.event_loader: Positive samples: 390, Negative samples: 830
2026-05-13 13:47:51,547 INFO src.data.event_loader: Total samples: 1220, Positive ratio: 0.32, Negative ratio: 0.68
2026-05-13 13:47:51,547 INFO src.data.event_loader: Positive samples: 62, Negative samples: 90
2026-05-13 13:47:51,547 INFO src.data.event_loader: Total samples: 152, Positive ratio: 0.41, Negative ratio: 0.59
2026-05-13 13:47:51,547 INFO src.data.event_loader: Positive samples: 19, Negative samples: 135
2026-05-13 13:47:51,547 INFO src.data.event_loader: Total samples: 154, Positive ratio: 0.12, Negative ratio: 0.88
2026-05-13 13:47:52,075 INFO src.models.adapters.mixer_task: using time scale base 1.3070542199341526 (key: tau_mean)
2026-05-13 13:47:52,076 INFO src.models.adapters.mixer_task: tau mean: tensor(1.3071)
2026-05-13 13:47:52,123 INFO src.train.config_setup: Restoring model from checkpoint.
2026-05-13 13:47:52,124 INFO src.train.config_setup: Loading model weights: load_specific_parts=None
2026-05-13 13:47:52,125 INFO src.train.config_setup: Checkpoint loaded: <All keys matched successfully>
2026-05-13 13:47:52,125 INFO src.train.config_setup: Full load summary: loaded=56, missing=0, unexpected=0
2026-05-13 13:47:52,126 INFO src.train.config_setup: Checkpoint hyperparameters loaded.
2026-05-13 13:47:52,126 INFO src.train.config_setup: Checkpoint train metrics available.
2026-05-13 13:47:52,126 INFO src.train.config_setup: Checkpoint val metrics available.
2026-05-13 13:47:52,126 INFO src.train.config_setup: Freeze skipped (checkpoint_restore): freeze_parts is empty.
2026-05-13 13:47:52,126 INFO src.train.config_setup: Using classification criterion: focal
2026-05-13 13:47:52,126 INFO src.train.config_setup: Criterion config: {'alpha': 0.25, 'gamma': 2.0}
2026-05-13 13:47:52,127 INFO src.train.config_setup: Not resuming optimizer/scheduler state; reset training state to start_epoch=0, best_val_loss=inf.
2026-05-13 13:47:52,127 INFO src.cli.common: Using threshold 0.32857653498649597 from checkpoint val_metrics for testing.
2026-05-13 13:47:57,112 INFO src.utils.metrics: ROC curve saved to /root/autodl-tmp/em_eqf/experiments/clf_grid_10/runs/tf_90_mf_5p5_seed_1/roc_curve.png
2026-05-13 13:47:57,258 INFO src.utils.metrics: PR curve saved to /root/autodl-tmp/em_eqf/experiments/clf_grid_10/runs/tf_90_mf_5p5_seed_1/pr_curve.png
2026-05-13 13:47:57,337 INFO src.utils.metrics: Confusion matrix saved to /root/autodl-tmp/em_eqf/experiments/clf_grid_10/runs/tf_90_mf_5p5_seed_1/confusion_matrix.png
2026-05-13 13:47:57,338 INFO src.cli.workflows: Test loss: 0.03924452637632688
2026-05-13 13:47:58,332 INFO src.train.classifier_train_step: Prediction distribution plot has been saved to: /root/autodl-tmp/em_eqf/experiments/clf_grid_10/runs/tf_90_mf_5p5_seed_1/train_pred_distribution.png
2026-05-13 13:47:58,678 INFO src.train.classifier_train_step: Prediction distribution plot has been saved to: /root/autodl-tmp/em_eqf/experiments/clf_grid_10/runs/tf_90_mf_5p5_seed_1/val_pred_distribution.png
2026-05-13 13:47:58,946 INFO src.train.classifier_train_step: Prediction distribution plot has been saved to: /root/autodl-tmp/em_eqf/experiments/clf_grid_10/runs/tf_90_mf_5p5_seed_1/test_pred_distribution.png
2026-05-13 13:47:58,947 INFO src.cli.common: Saved test metrics to /root/autodl-tmp/em_eqf/experiments/clf_grid_10/runs/tf_90_mf_5p5_seed_1/metrics_test_best_1.json
2026-05-13 13:47:58,947 INFO src.cli.common: Metrics: {'precision': 0.13636363636363635, 'recall': 0.3157894736842105, 'f1': 0.19047619047619047, 'auc': 0.5337231968810916, 'pr_auc': 0.20344859875781246, 'fpr': 0.2814814814814815, 'tpr': 0.3157894736842105, 'R': 0.03430799220272901, 'conf': 1.0, 'threshold': 0.32857653498649597}
