2026-05-18 20:13:23,044 INFO src.data.preprocessing: CSV files found: ['chuandian_2021.csv']
2026-05-18 20:13:24,230 INFO src.utils.file_utils: Loading cached data from: data/ChuanDian/classifier/classifier_Mc_3_Mf_4.5_Tfore_30_Twindow_180_context_len_1_dt_10.pkl
2026-05-18 20:13:24,649 INFO src.data.preprocessing: Catalog statistics: {'tau_unfiltered': 0.15339908988298961, 'tau_q025': 0.08114294020924717, 'tau_q05': 0.5134664350189269, 'tau_mean': 1.3070542199341526, 'tau_max': 25.18216435192153, 'tau_min': 0.0, 'time_max': 18770.72654999979, 'time_mean': 10030.9430649837, 'mag_completeness': 3.0, 'mag_mean': 3.456916005014626, 'mag_max': 8.0, 'mag_min': 3.0, 'b_value': 0.856738547623331, 'b_std': 0.0071499224812533796, 'b_n': 14358}
2026-05-18 20:13:24,703 INFO src.data.event_loader: lengths of samples: min=32, max=981, avg=135.26
2026-05-18 20:13:24,703 INFO src.data.event_loader: Number of positive samples: 836
2026-05-18 20:13:24,704 INFO src.data.event_loader: Number of negative samples: 594
2026-05-18 20:13:24,705 INFO src.data.event_loader: Positive samples: 706, Negative samples: 438
2026-05-18 20:13:24,705 INFO src.data.event_loader: Total samples: 1144, Positive ratio: 0.62, Negative ratio: 0.38
2026-05-18 20:13:24,706 INFO src.data.event_loader: Positive samples: 83, Negative samples: 60
2026-05-18 20:13:24,706 INFO src.data.event_loader: Total samples: 143, Positive ratio: 0.58, Negative ratio: 0.42
2026-05-18 20:13:24,706 INFO src.data.event_loader: Positive samples: 47, Negative samples: 96
2026-05-18 20:13:24,706 INFO src.data.event_loader: Total samples: 143, Positive ratio: 0.33, Negative ratio: 0.67
2026-05-18 20:13:24,922 INFO src.cli.workflows: Loading checkpoint from: ./checkpoints/mixer_tpp_20260508-182744/last_model_1.pth
2026-05-18 20:13:25,679 INFO src.models.adapters.mixer_task: using time scale base 1.3070542199341526 (key: tau_mean)
2026-05-18 20:13:25,679 INFO src.models.adapters.mixer_task: tau mean: tensor(1.3071)
2026-05-18 20:13:25,725 INFO src.train.config_setup: Restoring model from checkpoint.
2026-05-18 20:13:25,725 INFO src.train.config_setup: Loading model weights: load_specific_parts=['base_model.encoder.input_proj', 'base_model.encoder.layers.0']
2026-05-18 20:13:25,727 INFO src.train.config_setup: Selective load summary: requested_parts=['base_model.encoder.input_proj', 'base_model.encoder.layers.0'], target_in_model=16, matched_in_checkpoint=16, loaded=16, missing_after_load=0, shape_mismatch=0, missing_in_model=0, out_of_scope_loaded=0
2026-05-18 20:13:25,727 INFO src.train.config_setup: Selective load coverage [base_model.encoder.input_proj]: target=4, hit=4, missing=0, complete=True
2026-05-18 20:13:25,727 INFO src.train.config_setup: Selective load coverage [base_model.encoder.layers.0]: target=12, hit=12, missing=0, complete=True
2026-05-18 20:13:25,727 INFO src.train.config_setup: Loaded parameter preview: ['base_model.encoder.input_proj.0.bias', 'base_model.encoder.layers.0.norm.bias', 'base_model.encoder.layers.0.mlp.fc1.weight', 'base_model.encoder.layers.0.norm2.bias', 'base_model.encoder.layers.0.mixer.D', 'base_model.encoder.layers.0.mixer.norm.weight', 'base_model.encoder.layers.0.norm2.weight', 'base_model.encoder.layers.0.mixer.A_log', 'base_model.encoder.layers.0.mlp.fc2.weight', 'base_model.encoder.layers.0.norm.weight'] ... (+6 more)
2026-05-18 20:13:25,728 INFO src.train.config_setup: Checkpoint hyperparameters loaded.
2026-05-18 20:13:25,728 INFO src.train.config_setup: Checkpoint train metrics available.
2026-05-18 20:13:25,728 INFO src.train.config_setup: Checkpoint val metrics available.
2026-05-18 20:13:25,728 INFO src.train.config_setup: Freeze skipped (checkpoint_restore): freeze_parts is empty.
2026-05-18 20:13:25,728 INFO src.train.config_setup: Using classification criterion: focal
2026-05-18 20:13:25,728 INFO src.train.config_setup: Criterion config: {'alpha': 0.5, 'gamma': 2.0}
2026-05-18 20:13:25,729 INFO src.train.config_setup: Not resuming optimizer/scheduler state; reset training state to start_epoch=0, best_val_loss=inf.
2026-05-18 20:13:25,730 INFO src.train.trainer: Epoch 1
2026-05-18 20:13:39,611 INFO src.train.trainer: New best validation loss: 0.0859, saved to /root/autodl-tmp/em_eqf/experiments/clf_grid_r_2_layer_1/runs/tf_30_mf_4p5_seed_1/best_model_1.pth
2026-05-18 20:13:39,616 INFO src.train.trainer: Last model at epoch 1 saved to /root/autodl-tmp/em_eqf/experiments/clf_grid_r_2_layer_1/runs/tf_30_mf_4p5_seed_1/last_model_1.pth
2026-05-18 20:13:39,616 INFO src.train.trainer: Epoch 2
2026-05-18 20:13:42,268 INFO src.train.trainer: Last model at epoch 2 saved to /root/autodl-tmp/em_eqf/experiments/clf_grid_r_2_layer_1/runs/tf_30_mf_4p5_seed_1/last_model_1.pth
2026-05-18 20:13:42,268 INFO src.train.trainer: Epoch 3
2026-05-18 20:13:44,901 INFO src.train.trainer: Last model at epoch 3 saved to /root/autodl-tmp/em_eqf/experiments/clf_grid_r_2_layer_1/runs/tf_30_mf_4p5_seed_1/last_model_1.pth
2026-05-18 20:13:44,901 INFO src.train.trainer: Epoch 4
2026-05-18 20:13:47,655 INFO src.train.trainer: New best validation loss: 0.0857, saved to /root/autodl-tmp/em_eqf/experiments/clf_grid_r_2_layer_1/runs/tf_30_mf_4p5_seed_1/best_model_1.pth
2026-05-18 20:13:47,661 INFO src.train.trainer: Last model at epoch 4 saved to /root/autodl-tmp/em_eqf/experiments/clf_grid_r_2_layer_1/runs/tf_30_mf_4p5_seed_1/last_model_1.pth
2026-05-18 20:13:47,661 INFO src.train.trainer: Epoch 5
2026-05-18 20:13:50,530 INFO src.train.trainer: New best validation loss: 0.0828, saved to /root/autodl-tmp/em_eqf/experiments/clf_grid_r_2_layer_1/runs/tf_30_mf_4p5_seed_1/best_model_1.pth
2026-05-18 20:13:50,536 INFO src.train.trainer: Last model at epoch 5 saved to /root/autodl-tmp/em_eqf/experiments/clf_grid_r_2_layer_1/runs/tf_30_mf_4p5_seed_1/last_model_1.pth
2026-05-18 20:13:50,536 INFO src.train.trainer: Epoch 6
2026-05-18 20:13:53,447 INFO src.train.trainer: New best validation loss: 0.0817, saved to /root/autodl-tmp/em_eqf/experiments/clf_grid_r_2_layer_1/runs/tf_30_mf_4p5_seed_1/best_model_1.pth
2026-05-18 20:13:53,453 INFO src.train.trainer: Last model at epoch 6 saved to /root/autodl-tmp/em_eqf/experiments/clf_grid_r_2_layer_1/runs/tf_30_mf_4p5_seed_1/last_model_1.pth
2026-05-18 20:13:53,454 INFO src.train.trainer: Epoch 7
2026-05-18 20:13:56,463 INFO src.train.trainer: New best validation loss: 0.0801, saved to /root/autodl-tmp/em_eqf/experiments/clf_grid_r_2_layer_1/runs/tf_30_mf_4p5_seed_1/best_model_1.pth
2026-05-18 20:13:56,497 INFO src.train.trainer: Last model at epoch 7 saved to /root/autodl-tmp/em_eqf/experiments/clf_grid_r_2_layer_1/runs/tf_30_mf_4p5_seed_1/last_model_1.pth
2026-05-18 20:13:56,497 INFO src.train.trainer: Epoch 8
2026-05-18 20:13:59,482 INFO src.train.trainer: New best validation loss: 0.0791, saved to /root/autodl-tmp/em_eqf/experiments/clf_grid_r_2_layer_1/runs/tf_30_mf_4p5_seed_1/best_model_1.pth
2026-05-18 20:13:59,488 INFO src.train.trainer: Last model at epoch 8 saved to /root/autodl-tmp/em_eqf/experiments/clf_grid_r_2_layer_1/runs/tf_30_mf_4p5_seed_1/last_model_1.pth
2026-05-18 20:13:59,488 INFO src.train.trainer: Epoch 9
2026-05-18 20:14:02,715 INFO src.train.trainer: Last model at epoch 9 saved to /root/autodl-tmp/em_eqf/experiments/clf_grid_r_2_layer_1/runs/tf_30_mf_4p5_seed_1/last_model_1.pth
2026-05-18 20:14:02,716 INFO src.train.trainer: Epoch 10
2026-05-18 20:14:05,819 INFO src.train.trainer: Last model at epoch 10 saved to /root/autodl-tmp/em_eqf/experiments/clf_grid_r_2_layer_1/runs/tf_30_mf_4p5_seed_1/last_model_1.pth
2026-05-18 20:14:05,820 INFO src.train.trainer: Epoch 11
2026-05-18 20:14:08,558 INFO src.train.trainer: Last model at epoch 11 saved to /root/autodl-tmp/em_eqf/experiments/clf_grid_r_2_layer_1/runs/tf_30_mf_4p5_seed_1/last_model_1.pth
2026-05-18 20:14:08,558 INFO src.train.trainer: Epoch 12
2026-05-18 20:14:11,522 INFO src.train.trainer: Last model at epoch 12 saved to /root/autodl-tmp/em_eqf/experiments/clf_grid_r_2_layer_1/runs/tf_30_mf_4p5_seed_1/last_model_1.pth
2026-05-18 20:14:11,522 INFO src.train.trainer: Epoch 13
2026-05-18 20:14:14,634 INFO src.train.trainer: Last model at epoch 13 saved to /root/autodl-tmp/em_eqf/experiments/clf_grid_r_2_layer_1/runs/tf_30_mf_4p5_seed_1/last_model_1.pth
2026-05-18 20:14:14,634 INFO src.train.trainer: Epoch 14
2026-05-18 20:14:17,693 INFO src.train.trainer: New best validation loss: 0.0787, saved to /root/autodl-tmp/em_eqf/experiments/clf_grid_r_2_layer_1/runs/tf_30_mf_4p5_seed_1/best_model_1.pth
2026-05-18 20:14:17,699 INFO src.train.trainer: Last model at epoch 14 saved to /root/autodl-tmp/em_eqf/experiments/clf_grid_r_2_layer_1/runs/tf_30_mf_4p5_seed_1/last_model_1.pth
2026-05-18 20:14:17,699 INFO src.train.trainer: Epoch 15
2026-05-18 20:14:20,358 INFO src.train.trainer: New best validation loss: 0.0778, saved to /root/autodl-tmp/em_eqf/experiments/clf_grid_r_2_layer_1/runs/tf_30_mf_4p5_seed_1/best_model_1.pth
2026-05-18 20:14:20,364 INFO src.train.trainer: Last model at epoch 15 saved to /root/autodl-tmp/em_eqf/experiments/clf_grid_r_2_layer_1/runs/tf_30_mf_4p5_seed_1/last_model_1.pth
2026-05-18 20:14:20,364 INFO src.train.trainer: Epoch 16
2026-05-18 20:14:23,244 INFO src.train.trainer: Last model at epoch 16 saved to /root/autodl-tmp/em_eqf/experiments/clf_grid_r_2_layer_1/runs/tf_30_mf_4p5_seed_1/last_model_1.pth
2026-05-18 20:14:23,244 INFO src.train.trainer: Epoch 17
2026-05-18 20:14:26,283 INFO src.train.trainer: New best validation loss: 0.0756, saved to /root/autodl-tmp/em_eqf/experiments/clf_grid_r_2_layer_1/runs/tf_30_mf_4p5_seed_1/best_model_1.pth
2026-05-18 20:14:26,289 INFO src.train.trainer: Last model at epoch 17 saved to /root/autodl-tmp/em_eqf/experiments/clf_grid_r_2_layer_1/runs/tf_30_mf_4p5_seed_1/last_model_1.pth
2026-05-18 20:14:26,289 INFO src.train.trainer: Epoch 18
2026-05-18 20:14:29,193 INFO src.train.trainer: New best validation loss: 0.0686, saved to /root/autodl-tmp/em_eqf/experiments/clf_grid_r_2_layer_1/runs/tf_30_mf_4p5_seed_1/best_model_1.pth
2026-05-18 20:14:29,199 INFO src.train.trainer: Last model at epoch 18 saved to /root/autodl-tmp/em_eqf/experiments/clf_grid_r_2_layer_1/runs/tf_30_mf_4p5_seed_1/last_model_1.pth
2026-05-18 20:14:29,199 INFO src.train.trainer: Epoch 19
2026-05-18 20:14:32,413 INFO src.train.trainer: Last model at epoch 19 saved to /root/autodl-tmp/em_eqf/experiments/clf_grid_r_2_layer_1/runs/tf_30_mf_4p5_seed_1/last_model_1.pth
2026-05-18 20:14:32,413 INFO src.train.trainer: Epoch 20
2026-05-18 20:14:35,801 INFO src.train.trainer: Last model at epoch 20 saved to /root/autodl-tmp/em_eqf/experiments/clf_grid_r_2_layer_1/runs/tf_30_mf_4p5_seed_1/last_model_1.pth
2026-05-18 20:14:35,801 INFO src.train.trainer: Epoch 21
2026-05-18 20:14:38,850 INFO src.train.trainer: Last model at epoch 21 saved to /root/autodl-tmp/em_eqf/experiments/clf_grid_r_2_layer_1/runs/tf_30_mf_4p5_seed_1/last_model_1.pth
2026-05-18 20:14:38,850 INFO src.train.trainer: Epoch 22
2026-05-18 20:14:41,783 INFO src.train.trainer: Last model at epoch 22 saved to /root/autodl-tmp/em_eqf/experiments/clf_grid_r_2_layer_1/runs/tf_30_mf_4p5_seed_1/last_model_1.pth
2026-05-18 20:14:41,783 INFO src.train.trainer: Epoch 23
2026-05-18 20:14:44,641 INFO src.train.trainer: New best validation loss: 0.0677, saved to /root/autodl-tmp/em_eqf/experiments/clf_grid_r_2_layer_1/runs/tf_30_mf_4p5_seed_1/best_model_1.pth
2026-05-18 20:14:44,647 INFO src.train.trainer: Last model at epoch 23 saved to /root/autodl-tmp/em_eqf/experiments/clf_grid_r_2_layer_1/runs/tf_30_mf_4p5_seed_1/last_model_1.pth
2026-05-18 20:14:44,647 INFO src.train.trainer: Epoch 24
2026-05-18 20:14:47,753 INFO src.train.trainer: Last model at epoch 24 saved to /root/autodl-tmp/em_eqf/experiments/clf_grid_r_2_layer_1/runs/tf_30_mf_4p5_seed_1/last_model_1.pth
2026-05-18 20:14:47,753 INFO src.train.trainer: Epoch 25
2026-05-18 20:14:50,418 INFO src.train.trainer: Last model at epoch 25 saved to /root/autodl-tmp/em_eqf/experiments/clf_grid_r_2_layer_1/runs/tf_30_mf_4p5_seed_1/last_model_1.pth
2026-05-18 20:14:50,418 INFO src.train.trainer: Epoch 26
2026-05-18 20:14:53,281 INFO src.train.trainer: Last model at epoch 26 saved to /root/autodl-tmp/em_eqf/experiments/clf_grid_r_2_layer_1/runs/tf_30_mf_4p5_seed_1/last_model_1.pth
2026-05-18 20:14:53,282 INFO src.train.trainer: Epoch 27
2026-05-18 20:14:56,469 INFO src.train.trainer: Last model at epoch 27 saved to /root/autodl-tmp/em_eqf/experiments/clf_grid_r_2_layer_1/runs/tf_30_mf_4p5_seed_1/last_model_1.pth
2026-05-18 20:14:56,470 INFO src.train.trainer: Epoch 28
2026-05-18 20:15:00,284 INFO src.train.trainer: Last model at epoch 28 saved to /root/autodl-tmp/em_eqf/experiments/clf_grid_r_2_layer_1/runs/tf_30_mf_4p5_seed_1/last_model_1.pth
2026-05-18 20:15:00,284 INFO src.train.trainer: Epoch 29
2026-05-18 20:15:03,601 INFO src.train.trainer: Last model at epoch 29 saved to /root/autodl-tmp/em_eqf/experiments/clf_grid_r_2_layer_1/runs/tf_30_mf_4p5_seed_1/last_model_1.pth
2026-05-18 20:15:03,601 INFO src.train.trainer: Epoch 30
2026-05-18 20:15:06,920 INFO src.train.trainer: Last model at epoch 30 saved to /root/autodl-tmp/em_eqf/experiments/clf_grid_r_2_layer_1/runs/tf_30_mf_4p5_seed_1/last_model_1.pth
2026-05-18 20:15:06,921 INFO src.train.trainer: Epoch 31
2026-05-18 20:15:10,056 INFO src.train.trainer: Last model at epoch 31 saved to /root/autodl-tmp/em_eqf/experiments/clf_grid_r_2_layer_1/runs/tf_30_mf_4p5_seed_1/last_model_1.pth
2026-05-18 20:15:10,056 INFO src.train.trainer: Epoch 32
2026-05-18 20:15:13,402 INFO src.train.trainer: Last model at epoch 32 saved to /root/autodl-tmp/em_eqf/experiments/clf_grid_r_2_layer_1/runs/tf_30_mf_4p5_seed_1/last_model_1.pth
2026-05-18 20:15:13,403 INFO src.train.trainer: Epoch 33
2026-05-18 20:15:16,486 INFO src.train.trainer: New best validation loss: 0.0675, saved to /root/autodl-tmp/em_eqf/experiments/clf_grid_r_2_layer_1/runs/tf_30_mf_4p5_seed_1/best_model_1.pth
2026-05-18 20:15:16,492 INFO src.train.trainer: Last model at epoch 33 saved to /root/autodl-tmp/em_eqf/experiments/clf_grid_r_2_layer_1/runs/tf_30_mf_4p5_seed_1/last_model_1.pth
2026-05-18 20:15:16,492 INFO src.train.trainer: Epoch 34
2026-05-18 20:15:19,693 INFO src.train.trainer: Last model at epoch 34 saved to /root/autodl-tmp/em_eqf/experiments/clf_grid_r_2_layer_1/runs/tf_30_mf_4p5_seed_1/last_model_1.pth
2026-05-18 20:15:19,694 INFO src.train.trainer: Epoch 35
2026-05-18 20:15:23,021 INFO src.train.trainer: Last model at epoch 35 saved to /root/autodl-tmp/em_eqf/experiments/clf_grid_r_2_layer_1/runs/tf_30_mf_4p5_seed_1/last_model_1.pth
2026-05-18 20:15:23,021 INFO src.train.trainer: Epoch 36
2026-05-18 20:15:26,326 INFO src.train.trainer: Last model at epoch 36 saved to /root/autodl-tmp/em_eqf/experiments/clf_grid_r_2_layer_1/runs/tf_30_mf_4p5_seed_1/last_model_1.pth
2026-05-18 20:15:26,326 INFO src.train.trainer: Epoch 37
2026-05-18 20:15:29,698 INFO src.train.trainer: New best validation loss: 0.0663, saved to /root/autodl-tmp/em_eqf/experiments/clf_grid_r_2_layer_1/runs/tf_30_mf_4p5_seed_1/best_model_1.pth
2026-05-18 20:15:29,705 INFO src.train.trainer: Last model at epoch 37 saved to /root/autodl-tmp/em_eqf/experiments/clf_grid_r_2_layer_1/runs/tf_30_mf_4p5_seed_1/last_model_1.pth
2026-05-18 20:15:29,705 INFO src.train.trainer: Epoch 38
2026-05-18 20:15:33,150 INFO src.train.trainer: Last model at epoch 38 saved to /root/autodl-tmp/em_eqf/experiments/clf_grid_r_2_layer_1/runs/tf_30_mf_4p5_seed_1/last_model_1.pth
2026-05-18 20:15:33,150 INFO src.train.trainer: Epoch 39
2026-05-18 20:15:36,107 INFO src.train.trainer: Last model at epoch 39 saved to /root/autodl-tmp/em_eqf/experiments/clf_grid_r_2_layer_1/runs/tf_30_mf_4p5_seed_1/last_model_1.pth
2026-05-18 20:15:36,107 INFO src.train.trainer: Epoch 40
2026-05-18 20:15:39,675 INFO src.train.trainer: Last model at epoch 40 saved to /root/autodl-tmp/em_eqf/experiments/clf_grid_r_2_layer_1/runs/tf_30_mf_4p5_seed_1/last_model_1.pth
2026-05-18 20:15:39,676 INFO src.train.trainer: Epoch 41
2026-05-18 20:15:43,145 INFO src.train.trainer: Last model at epoch 41 saved to /root/autodl-tmp/em_eqf/experiments/clf_grid_r_2_layer_1/runs/tf_30_mf_4p5_seed_1/last_model_1.pth
2026-05-18 20:15:43,146 INFO src.train.trainer: Epoch 42
2026-05-18 20:15:45,728 INFO src.train.trainer: Last model at epoch 42 saved to /root/autodl-tmp/em_eqf/experiments/clf_grid_r_2_layer_1/runs/tf_30_mf_4p5_seed_1/last_model_1.pth
2026-05-18 20:15:45,728 INFO src.train.trainer: Epoch 43
2026-05-18 20:15:48,703 INFO src.train.trainer: Last model at epoch 43 saved to /root/autodl-tmp/em_eqf/experiments/clf_grid_r_2_layer_1/runs/tf_30_mf_4p5_seed_1/last_model_1.pth
2026-05-18 20:15:48,704 INFO src.train.trainer: Epoch 44
2026-05-18 20:15:51,609 INFO src.train.trainer: Last model at epoch 44 saved to /root/autodl-tmp/em_eqf/experiments/clf_grid_r_2_layer_1/runs/tf_30_mf_4p5_seed_1/last_model_1.pth
2026-05-18 20:15:51,610 INFO src.train.trainer: Epoch 45
2026-05-18 20:15:54,472 INFO src.train.trainer: New best validation loss: 0.0647, saved to /root/autodl-tmp/em_eqf/experiments/clf_grid_r_2_layer_1/runs/tf_30_mf_4p5_seed_1/best_model_1.pth
2026-05-18 20:15:54,478 INFO src.train.trainer: Last model at epoch 45 saved to /root/autodl-tmp/em_eqf/experiments/clf_grid_r_2_layer_1/runs/tf_30_mf_4p5_seed_1/last_model_1.pth
2026-05-18 20:15:54,478 INFO src.train.trainer: Epoch 46
2026-05-18 20:15:57,428 INFO src.train.trainer: Last model at epoch 46 saved to /root/autodl-tmp/em_eqf/experiments/clf_grid_r_2_layer_1/runs/tf_30_mf_4p5_seed_1/last_model_1.pth
2026-05-18 20:15:57,428 INFO src.train.trainer: Epoch 47
2026-05-18 20:16:00,620 INFO src.train.trainer: Last model at epoch 47 saved to /root/autodl-tmp/em_eqf/experiments/clf_grid_r_2_layer_1/runs/tf_30_mf_4p5_seed_1/last_model_1.pth
2026-05-18 20:16:00,621 INFO src.train.trainer: Epoch 48
2026-05-18 20:16:03,809 INFO src.train.trainer: Last model at epoch 48 saved to /root/autodl-tmp/em_eqf/experiments/clf_grid_r_2_layer_1/runs/tf_30_mf_4p5_seed_1/last_model_1.pth
2026-05-18 20:16:03,809 INFO src.train.trainer: Epoch 49
2026-05-18 20:16:06,530 INFO src.train.trainer: Last model at epoch 49 saved to /root/autodl-tmp/em_eqf/experiments/clf_grid_r_2_layer_1/runs/tf_30_mf_4p5_seed_1/last_model_1.pth
2026-05-18 20:16:06,530 INFO src.train.trainer: Epoch 50
2026-05-18 20:16:09,721 INFO src.train.trainer: Last model at epoch 50 saved to /root/autodl-tmp/em_eqf/experiments/clf_grid_r_2_layer_1/runs/tf_30_mf_4p5_seed_1/last_model_1.pth
2026-05-18 20:16:09,721 INFO src.train.trainer: Epoch 51
2026-05-18 20:16:12,814 INFO src.train.trainer: Last model at epoch 51 saved to /root/autodl-tmp/em_eqf/experiments/clf_grid_r_2_layer_1/runs/tf_30_mf_4p5_seed_1/last_model_1.pth
2026-05-18 20:16:12,814 INFO src.train.trainer: Epoch 52
2026-05-18 20:16:15,689 INFO src.train.trainer: Last model at epoch 52 saved to /root/autodl-tmp/em_eqf/experiments/clf_grid_r_2_layer_1/runs/tf_30_mf_4p5_seed_1/last_model_1.pth
2026-05-18 20:16:15,689 INFO src.train.trainer: Epoch 53
2026-05-18 20:16:18,160 INFO src.train.trainer: Last model at epoch 53 saved to /root/autodl-tmp/em_eqf/experiments/clf_grid_r_2_layer_1/runs/tf_30_mf_4p5_seed_1/last_model_1.pth
2026-05-18 20:16:18,160 INFO src.train.trainer: Epoch 54
2026-05-18 20:16:20,815 INFO src.train.trainer: Last model at epoch 54 saved to /root/autodl-tmp/em_eqf/experiments/clf_grid_r_2_layer_1/runs/tf_30_mf_4p5_seed_1/last_model_1.pth
2026-05-18 20:16:20,815 INFO src.train.trainer: Epoch 55
2026-05-18 20:16:23,749 INFO src.train.trainer: Last model at epoch 55 saved to /root/autodl-tmp/em_eqf/experiments/clf_grid_r_2_layer_1/runs/tf_30_mf_4p5_seed_1/last_model_1.pth
2026-05-18 20:16:23,749 INFO src.train.trainer: Early stopping triggered at epoch 55 (best epoch: 45, best val loss: 0.064741)
2026-05-18 20:16:34,810 INFO src.data.preprocessing: CSV files found: ['chuandian_2021.csv']
2026-05-18 20:16:36,145 INFO src.utils.file_utils: Loading cached data from: data/ChuanDian/classifier/classifier_Mc_3_Mf_4.5_Tfore_30_Twindow_180_context_len_1_dt_10.pkl
2026-05-18 20:16:36,562 INFO src.data.preprocessing: Catalog statistics: {'tau_unfiltered': 0.15339908988298961, 'tau_q025': 0.08114294020924717, 'tau_q05': 0.5134664350189269, 'tau_mean': 1.3070542199341526, 'tau_max': 25.18216435192153, 'tau_min': 0.0, 'time_max': 18770.72654999979, 'time_mean': 10030.9430649837, 'mag_completeness': 3.0, 'mag_mean': 3.456916005014626, 'mag_max': 8.0, 'mag_min': 3.0, 'b_value': 0.856738547623331, 'b_std': 0.0071499224812533796, 'b_n': 14358}
2026-05-18 20:16:36,591 INFO src.data.event_loader: lengths of samples: min=32, max=981, avg=135.26
2026-05-18 20:16:36,591 INFO src.data.event_loader: Number of positive samples: 836
2026-05-18 20:16:36,592 INFO src.data.event_loader: Number of negative samples: 594
2026-05-18 20:16:36,592 INFO src.data.event_loader: Positive samples: 706, Negative samples: 438
2026-05-18 20:16:36,592 INFO src.data.event_loader: Total samples: 1144, Positive ratio: 0.62, Negative ratio: 0.38
2026-05-18 20:16:36,593 INFO src.data.event_loader: Positive samples: 83, Negative samples: 60
2026-05-18 20:16:36,593 INFO src.data.event_loader: Total samples: 143, Positive ratio: 0.58, Negative ratio: 0.42
2026-05-18 20:16:36,593 INFO src.data.event_loader: Positive samples: 47, Negative samples: 96
2026-05-18 20:16:36,593 INFO src.data.event_loader: Total samples: 143, Positive ratio: 0.33, Negative ratio: 0.67
2026-05-18 20:16:37,054 INFO src.models.adapters.mixer_task: using time scale base 1.3070542199341526 (key: tau_mean)
2026-05-18 20:16:37,055 INFO src.models.adapters.mixer_task: tau mean: tensor(1.3071)
2026-05-18 20:16:37,098 INFO src.train.config_setup: Restoring model from checkpoint.
2026-05-18 20:16:37,098 INFO src.train.config_setup: Loading model weights: load_specific_parts=None
2026-05-18 20:16:37,099 INFO src.train.config_setup: Checkpoint loaded: <All keys matched successfully>
2026-05-18 20:16:37,099 INFO src.train.config_setup: Full load summary: loaded=34, missing=0, unexpected=0
2026-05-18 20:16:37,100 INFO src.train.config_setup: Checkpoint hyperparameters loaded.
2026-05-18 20:16:37,100 INFO src.train.config_setup: Checkpoint train metrics available.
2026-05-18 20:16:37,100 INFO src.train.config_setup: Checkpoint val metrics available.
2026-05-18 20:16:37,100 INFO src.train.config_setup: Freeze skipped (checkpoint_restore): freeze_parts is empty.
2026-05-18 20:16:37,100 INFO src.train.config_setup: Using classification criterion: focal
2026-05-18 20:16:37,100 INFO src.train.config_setup: Criterion config: {'alpha': 0.5, 'gamma': 2.0}
2026-05-18 20:16:37,101 INFO src.train.config_setup: Not resuming optimizer/scheduler state; reset training state to start_epoch=0, best_val_loss=inf.
2026-05-18 20:16:37,101 INFO src.cli.common: Using threshold 0.45933735370635986 from checkpoint val_metrics for testing.
2026-05-18 20:16:41,838 INFO src.utils.metrics: ROC curve saved to /root/autodl-tmp/em_eqf/experiments/clf_grid_r_2_layer_1/runs/tf_30_mf_4p5_seed_1/roc_curve.png
2026-05-18 20:16:41,957 INFO src.utils.metrics: PR curve saved to /root/autodl-tmp/em_eqf/experiments/clf_grid_r_2_layer_1/runs/tf_30_mf_4p5_seed_1/pr_curve.png
2026-05-18 20:16:42,059 INFO src.utils.metrics: Confusion matrix saved to /root/autodl-tmp/em_eqf/experiments/clf_grid_r_2_layer_1/runs/tf_30_mf_4p5_seed_1/confusion_matrix.png
2026-05-18 20:16:42,059 INFO src.cli.workflows: Test loss: 0.06646324545145035
2026-05-18 20:16:42,744 INFO src.train.classifier_train_step: Prediction distribution plot has been saved to: /root/autodl-tmp/em_eqf/experiments/clf_grid_r_2_layer_1/runs/tf_30_mf_4p5_seed_1/train_pred_distribution.png
2026-05-18 20:16:43,099 INFO src.train.classifier_train_step: Prediction distribution plot has been saved to: /root/autodl-tmp/em_eqf/experiments/clf_grid_r_2_layer_1/runs/tf_30_mf_4p5_seed_1/val_pred_distribution.png
2026-05-18 20:16:43,399 INFO src.train.classifier_train_step: Prediction distribution plot has been saved to: /root/autodl-tmp/em_eqf/experiments/clf_grid_r_2_layer_1/runs/tf_30_mf_4p5_seed_1/test_pred_distribution.png
2026-05-18 20:16:43,400 INFO src.cli.common: Saved test metrics to /root/autodl-tmp/em_eqf/experiments/clf_grid_r_2_layer_1/runs/tf_30_mf_4p5_seed_1/metrics_test_best_1.json
2026-05-18 20:16:43,400 INFO src.cli.common: Metrics: {'precision': 0.43137254901960786, 'recall': 0.9361702127659575, 'f1': 0.5906040268456376, 'auc': 0.8699024822695035, 'pr_auc': 0.8225956065883473, 'fpr': 0.6041666666666666, 'tpr': 0.9361702127659575, 'R': 0.33200354609929084, 'conf': 0.20077586295457073, 'threshold': 0.45933735370635986}
2026-05-19 13:28:02,560 INFO src.data.preprocessing: CSV files found: ['chuandian_2021.csv']
2026-05-19 13:28:03,236 INFO src.utils.file_utils: Loading cached data from: data/ChuanDian/classifier/classifier_Mc_3_Mf_4.5_Tfore_30_Twindow_180_context_len_1_dt_10.pkl
2026-05-19 13:28:03,564 INFO src.data.preprocessing: Catalog statistics: {'tau_unfiltered': 0.15339908988298961, 'tau_q025': 0.08114294020924717, 'tau_q05': 0.5134664350189269, 'tau_mean': 1.3070542199341526, 'tau_max': 25.18216435192153, 'tau_min': 0.0, 'time_max': 18770.72654999979, 'time_mean': 10030.9430649837, 'mag_completeness': 3.0, 'mag_mean': 3.456916005014626, 'mag_max': 8.0, 'mag_min': 3.0, 'b_value': 0.856738547623331, 'b_std': 0.0071499224812533796, 'b_n': 14358}
2026-05-19 13:28:03,581 INFO src.data.event_loader: lengths of samples: min=32, max=981, avg=135.26
2026-05-19 13:28:03,582 INFO src.data.event_loader: Number of positive samples: 836
2026-05-19 13:28:03,582 INFO src.data.event_loader: Number of negative samples: 594
2026-05-19 13:28:03,583 INFO src.data.event_loader: Positive samples: 706, Negative samples: 438
2026-05-19 13:28:03,583 INFO src.data.event_loader: Total samples: 1144, Positive ratio: 0.62, Negative ratio: 0.38
2026-05-19 13:28:03,583 INFO src.data.event_loader: Positive samples: 83, Negative samples: 60
2026-05-19 13:28:03,583 INFO src.data.event_loader: Total samples: 143, Positive ratio: 0.58, Negative ratio: 0.42
2026-05-19 13:28:03,584 INFO src.data.event_loader: Positive samples: 47, Negative samples: 96
2026-05-19 13:28:03,584 INFO src.data.event_loader: Total samples: 143, Positive ratio: 0.33, Negative ratio: 0.67
2026-05-19 13:28:03,934 INFO src.models.adapters.mixer_task: using time scale base 1.3070542199341526 (key: tau_mean)
2026-05-19 13:28:03,934 INFO src.models.adapters.mixer_task: tau mean: tensor(1.3071)
2026-05-19 13:28:03,939 INFO src.train.config_setup: Restoring model from checkpoint.
2026-05-19 13:28:03,939 INFO src.train.config_setup: Loading model weights: load_specific_parts=None
2026-05-19 13:28:03,940 INFO src.train.config_setup: Checkpoint loaded: <All keys matched successfully>
2026-05-19 13:28:03,940 INFO src.train.config_setup: Full load summary: loaded=34, missing=0, unexpected=0
2026-05-19 13:28:03,941 INFO src.train.config_setup: Checkpoint hyperparameters loaded.
2026-05-19 13:28:03,941 INFO src.train.config_setup: Checkpoint train metrics available.
2026-05-19 13:28:03,941 INFO src.train.config_setup: Checkpoint val metrics available.
2026-05-19 13:28:03,941 INFO src.train.config_setup: Freeze skipped (checkpoint_restore): freeze_parts is empty.
2026-05-19 13:28:03,941 INFO src.train.config_setup: Using classification criterion: focal
2026-05-19 13:28:03,941 INFO src.train.config_setup: Criterion config: {'alpha': 0.5, 'gamma': 2.0}
2026-05-19 13:28:03,942 INFO src.train.config_setup: Not resuming optimizer/scheduler state; reset training state to start_epoch=0, best_val_loss=inf.
2026-05-19 13:28:03,942 INFO src.cli.common: Using threshold 0.45933735370635986 from checkpoint val_metrics for testing.
