2026-05-21 15:58:31,967 INFO src.data.preprocessing: CSV files found: ['chuandian_2021.csv']
2026-05-21 15:58:32,501 INFO src.utils.file_utils: Loading cached data from: data/ChuanDian/classifier/classifier_Mc_3_Mf_4.0_Tfore_10_Twindow_180_context_len_1_dt_10.pkl
2026-05-21 15:58:32,751 INFO src.data.preprocessing: Catalog statistics: {'tau_unfiltered': 0.15339908988298961, 'tau_q025': 0.08114294020924717, 'tau_q05': 0.5134664350189269, 'tau_mean': 1.3070542199341526, 'tau_max': 25.18216435192153, 'tau_min': 0.0, 'time_max': 18770.72654999979, 'time_mean': 10030.9430649837, 'mag_completeness': 3.0, 'mag_mean': 3.456916005014626, 'mag_max': 8.0, 'mag_min': 3.0, 'b_value': 0.856738547623331, 'b_std': 0.0071499224812533796, 'b_n': 14358}
2026-05-21 15:58:32,766 INFO src.data.event_loader: lengths of samples: min=32, max=981, avg=135.51
2026-05-21 15:58:32,767 INFO src.data.event_loader: Number of positive samples: 780
2026-05-21 15:58:32,767 INFO src.data.event_loader: Number of negative samples: 683
2026-05-21 15:58:32,771 INFO src.data.event_loader: Positive samples: 594, Negative samples: 576
2026-05-21 15:58:32,771 INFO src.data.event_loader: Total samples: 1170, Positive ratio: 0.51, Negative ratio: 0.49
2026-05-21 15:58:32,772 INFO src.data.event_loader: Positive samples: 107, Negative samples: 39
2026-05-21 15:58:32,772 INFO src.data.event_loader: Total samples: 146, Positive ratio: 0.73, Negative ratio: 0.27
2026-05-21 15:58:32,772 INFO src.data.event_loader: Positive samples: 79, Negative samples: 68
2026-05-21 15:58:32,772 INFO src.data.event_loader: Total samples: 147, Positive ratio: 0.54, Negative ratio: 0.46
2026-05-21 15:58:32,807 INFO src.cli.workflows: Loading checkpoint from: ./checkpoints/mixer_tpp_20260508-182744/last_model_1.pth
2026-05-21 15:58:33,398 INFO src.models.adapters.mixer_task: using time scale base 1.3070542199341526 (key: tau_mean)
2026-05-21 15:58:33,399 INFO src.models.adapters.mixer_task: tau mean: tensor(1.3071)
2026-05-21 15:58:33,404 INFO src.train.config_setup: Restoring model from checkpoint.
2026-05-21 15:58:33,404 INFO src.train.config_setup: Loading model weights: load_specific_parts=['encoder']
2026-05-21 15:58:33,405 INFO src.train.config_setup: Selective load summary: requested_parts=['encoder'], target_in_model=40, matched_in_checkpoint=30, loaded=30, missing_after_load=10, shape_mismatch=0, missing_in_model=0, out_of_scope_loaded=0
2026-05-21 15:58:33,405 INFO src.train.config_setup: Selective load coverage [encoder]: target=40, hit=30, missing=10, complete=False
2026-05-21 15:58:33,405 WARNING src.train.config_setup: Selective load coverage missing preview [encoder]: ['base_model.encoder.layers.2.mixer.in_proj.bias', 'base_model.encoder.layers.2.mixer.in_proj.weight', 'base_model.encoder.layers.2.mixer.out_proj.bias', 'base_model.encoder.layers.2.mixer.out_proj.weight', 'base_model.encoder.layers.2.mlp.fc1.weight', 'base_model.encoder.layers.2.mlp.fc2.weight', 'base_model.encoder.layers.2.norm.bias', 'base_model.encoder.layers.2.norm.weight'] ... (+2 more)
2026-05-21 15:58:33,405 WARNING src.train.config_setup: Checkpoint missing target parameter preview: ['base_model.encoder.layers.2.mixer.in_proj.bias', 'base_model.encoder.layers.2.mixer.in_proj.weight', 'base_model.encoder.layers.2.mixer.out_proj.bias', 'base_model.encoder.layers.2.mixer.out_proj.weight', 'base_model.encoder.layers.2.mlp.fc1.weight', 'base_model.encoder.layers.2.mlp.fc2.weight', 'base_model.encoder.layers.2.norm.bias', 'base_model.encoder.layers.2.norm.weight', 'base_model.encoder.layers.2.norm2.bias', 'base_model.encoder.layers.2.norm2.weight']
2026-05-21 15:58:33,405 WARNING src.train.config_setup: Target not-loaded parameter preview: ['base_model.encoder.layers.2.mixer.in_proj.bias', 'base_model.encoder.layers.2.mixer.in_proj.weight', 'base_model.encoder.layers.2.mixer.out_proj.bias', 'base_model.encoder.layers.2.mixer.out_proj.weight', 'base_model.encoder.layers.2.mlp.fc1.weight', 'base_model.encoder.layers.2.mlp.fc2.weight', 'base_model.encoder.layers.2.norm.bias', 'base_model.encoder.layers.2.norm.weight', 'base_model.encoder.layers.2.norm2.bias', 'base_model.encoder.layers.2.norm2.weight']
2026-05-21 15:58:33,405 INFO src.train.config_setup: Loaded parameter preview: ['base_model.encoder.layers.0.mlp.fc2.weight', 'base_model.encoder.layers.0.mlp.fc1.weight', 'base_model.encoder.input_proj.3.bias', 'base_model.encoder.norm_f.bias', 'base_model.encoder.layers.0.norm.bias', 'base_model.encoder.layers.1.mixer.norm.weight', 'base_model.encoder.layers.1.mixer.D', 'base_model.encoder.layers.1.mixer.in_proj.weight', 'base_model.encoder.layers.1.mlp.fc2.weight', 'base_model.encoder.layers.0.norm2.bias'] ... (+20 more)
2026-05-21 15:58:33,406 INFO src.train.config_setup: Checkpoint hyperparameters loaded.
2026-05-21 15:58:33,406 INFO src.train.config_setup: Checkpoint train metrics available.
2026-05-21 15:58:33,406 INFO src.train.config_setup: Checkpoint val metrics available.
2026-05-21 15:58:33,406 INFO src.train.config_setup: Freeze skipped (checkpoint_restore): freeze_parts is empty.
2026-05-21 15:58:33,407 INFO src.train.config_setup: Using classification criterion: focal
2026-05-21 15:58:33,407 INFO src.train.config_setup: Criterion config: {'alpha': 0.5, 'gamma': 2.0}
2026-05-21 15:58:33,408 INFO src.train.config_setup: Not resuming optimizer/scheduler state; reset training state to start_epoch=0, best_val_loss=inf.
2026-05-21 15:58:33,408 INFO src.train.trainer: Epoch 1
2026-05-21 15:58:52,862 INFO src.train.trainer: New best validation loss: 0.0893, saved to /root/autodl-tmp/em_eqf/experiments/clf_pre_v1/clf_pre_AZDX_v1/runs/tf_10_mf_4p0_seed_3/best_model_1.pth
2026-05-21 15:58:52,867 INFO src.train.trainer: Last model at epoch 1 saved to /root/autodl-tmp/em_eqf/experiments/clf_pre_v1/clf_pre_AZDX_v1/runs/tf_10_mf_4p0_seed_3/last_model_1.pth
2026-05-21 15:58:52,867 INFO src.train.trainer: Epoch 2
2026-05-21 15:58:57,012 INFO src.train.trainer: New best validation loss: 0.0835, saved to /root/autodl-tmp/em_eqf/experiments/clf_pre_v1/clf_pre_AZDX_v1/runs/tf_10_mf_4p0_seed_3/best_model_1.pth
2026-05-21 15:58:57,020 INFO src.train.trainer: Last model at epoch 2 saved to /root/autodl-tmp/em_eqf/experiments/clf_pre_v1/clf_pre_AZDX_v1/runs/tf_10_mf_4p0_seed_3/last_model_1.pth
2026-05-21 15:58:57,020 INFO src.train.trainer: Epoch 3
2026-05-21 15:59:01,142 INFO src.train.trainer: Last model at epoch 3 saved to /root/autodl-tmp/em_eqf/experiments/clf_pre_v1/clf_pre_AZDX_v1/runs/tf_10_mf_4p0_seed_3/last_model_1.pth
2026-05-21 15:59:01,142 INFO src.train.trainer: Epoch 4
2026-05-21 15:59:04,926 INFO src.train.trainer: Last model at epoch 4 saved to /root/autodl-tmp/em_eqf/experiments/clf_pre_v1/clf_pre_AZDX_v1/runs/tf_10_mf_4p0_seed_3/last_model_1.pth
2026-05-21 15:59:04,926 INFO src.train.trainer: Epoch 5
2026-05-21 15:59:09,231 INFO src.train.trainer: Last model at epoch 5 saved to /root/autodl-tmp/em_eqf/experiments/clf_pre_v1/clf_pre_AZDX_v1/runs/tf_10_mf_4p0_seed_3/last_model_1.pth
2026-05-21 15:59:09,231 INFO src.train.trainer: Epoch 6
2026-05-21 15:59:12,942 INFO src.train.trainer: Last model at epoch 6 saved to /root/autodl-tmp/em_eqf/experiments/clf_pre_v1/clf_pre_AZDX_v1/runs/tf_10_mf_4p0_seed_3/last_model_1.pth
2026-05-21 15:59:12,942 INFO src.train.trainer: Epoch 7
2026-05-21 15:59:16,750 INFO src.train.trainer: Last model at epoch 7 saved to /root/autodl-tmp/em_eqf/experiments/clf_pre_v1/clf_pre_AZDX_v1/runs/tf_10_mf_4p0_seed_3/last_model_1.pth
2026-05-21 15:59:16,750 INFO src.train.trainer: Epoch 8
2026-05-21 15:59:20,338 INFO src.train.trainer: Last model at epoch 8 saved to /root/autodl-tmp/em_eqf/experiments/clf_pre_v1/clf_pre_AZDX_v1/runs/tf_10_mf_4p0_seed_3/last_model_1.pth
2026-05-21 15:59:20,338 INFO src.train.trainer: Epoch 9
2026-05-21 15:59:24,272 INFO src.train.trainer: Last model at epoch 9 saved to /root/autodl-tmp/em_eqf/experiments/clf_pre_v1/clf_pre_AZDX_v1/runs/tf_10_mf_4p0_seed_3/last_model_1.pth
2026-05-21 15:59:24,272 INFO src.train.trainer: Epoch 10
2026-05-21 15:59:28,237 INFO src.train.trainer: Last model at epoch 10 saved to /root/autodl-tmp/em_eqf/experiments/clf_pre_v1/clf_pre_AZDX_v1/runs/tf_10_mf_4p0_seed_3/last_model_1.pth
2026-05-21 15:59:28,237 INFO src.train.trainer: Epoch 11
2026-05-21 15:59:31,711 INFO src.train.trainer: New best validation loss: 0.0738, saved to /root/autodl-tmp/em_eqf/experiments/clf_pre_v1/clf_pre_AZDX_v1/runs/tf_10_mf_4p0_seed_3/best_model_1.pth
2026-05-21 15:59:31,718 INFO src.train.trainer: Last model at epoch 11 saved to /root/autodl-tmp/em_eqf/experiments/clf_pre_v1/clf_pre_AZDX_v1/runs/tf_10_mf_4p0_seed_3/last_model_1.pth
2026-05-21 15:59:31,718 INFO src.train.trainer: Epoch 12
2026-05-21 15:59:35,210 INFO src.train.trainer: Last model at epoch 12 saved to /root/autodl-tmp/em_eqf/experiments/clf_pre_v1/clf_pre_AZDX_v1/runs/tf_10_mf_4p0_seed_3/last_model_1.pth
2026-05-21 15:59:35,210 INFO src.train.trainer: Epoch 13
2026-05-21 15:59:38,850 INFO src.train.trainer: Last model at epoch 13 saved to /root/autodl-tmp/em_eqf/experiments/clf_pre_v1/clf_pre_AZDX_v1/runs/tf_10_mf_4p0_seed_3/last_model_1.pth
2026-05-21 15:59:38,850 INFO src.train.trainer: Epoch 14
2026-05-21 15:59:42,343 INFO src.train.trainer: Last model at epoch 14 saved to /root/autodl-tmp/em_eqf/experiments/clf_pre_v1/clf_pre_AZDX_v1/runs/tf_10_mf_4p0_seed_3/last_model_1.pth
2026-05-21 15:59:42,343 INFO src.train.trainer: Epoch 15
2026-05-21 15:59:45,910 INFO src.train.trainer: New best validation loss: 0.0664, saved to /root/autodl-tmp/em_eqf/experiments/clf_pre_v1/clf_pre_AZDX_v1/runs/tf_10_mf_4p0_seed_3/best_model_1.pth
2026-05-21 15:59:45,917 INFO src.train.trainer: Last model at epoch 15 saved to /root/autodl-tmp/em_eqf/experiments/clf_pre_v1/clf_pre_AZDX_v1/runs/tf_10_mf_4p0_seed_3/last_model_1.pth
2026-05-21 15:59:45,917 INFO src.train.trainer: Epoch 16
2026-05-21 15:59:49,252 INFO src.train.trainer: New best validation loss: 0.0619, saved to /root/autodl-tmp/em_eqf/experiments/clf_pre_v1/clf_pre_AZDX_v1/runs/tf_10_mf_4p0_seed_3/best_model_1.pth
2026-05-21 15:59:49,258 INFO src.train.trainer: Last model at epoch 16 saved to /root/autodl-tmp/em_eqf/experiments/clf_pre_v1/clf_pre_AZDX_v1/runs/tf_10_mf_4p0_seed_3/last_model_1.pth
2026-05-21 15:59:49,258 INFO src.train.trainer: Epoch 17
2026-05-21 15:59:52,348 INFO src.train.trainer: Last model at epoch 17 saved to /root/autodl-tmp/em_eqf/experiments/clf_pre_v1/clf_pre_AZDX_v1/runs/tf_10_mf_4p0_seed_3/last_model_1.pth
2026-05-21 15:59:52,348 INFO src.train.trainer: Epoch 18
2026-05-21 15:59:55,825 INFO src.train.trainer: Last model at epoch 18 saved to /root/autodl-tmp/em_eqf/experiments/clf_pre_v1/clf_pre_AZDX_v1/runs/tf_10_mf_4p0_seed_3/last_model_1.pth
2026-05-21 15:59:55,825 INFO src.train.trainer: Epoch 19
2026-05-21 15:59:58,975 INFO src.train.trainer: Last model at epoch 19 saved to /root/autodl-tmp/em_eqf/experiments/clf_pre_v1/clf_pre_AZDX_v1/runs/tf_10_mf_4p0_seed_3/last_model_1.pth
2026-05-21 15:59:58,975 INFO src.train.trainer: Epoch 20
2026-05-21 16:00:02,173 INFO src.train.trainer: New best validation loss: 0.0569, saved to /root/autodl-tmp/em_eqf/experiments/clf_pre_v1/clf_pre_AZDX_v1/runs/tf_10_mf_4p0_seed_3/best_model_1.pth
2026-05-21 16:00:02,178 INFO src.train.trainer: Last model at epoch 20 saved to /root/autodl-tmp/em_eqf/experiments/clf_pre_v1/clf_pre_AZDX_v1/runs/tf_10_mf_4p0_seed_3/last_model_1.pth
2026-05-21 16:00:02,178 INFO src.train.trainer: Epoch 21
2026-05-21 16:00:05,567 INFO src.train.trainer: Last model at epoch 21 saved to /root/autodl-tmp/em_eqf/experiments/clf_pre_v1/clf_pre_AZDX_v1/runs/tf_10_mf_4p0_seed_3/last_model_1.pth
2026-05-21 16:00:05,567 INFO src.train.trainer: Epoch 22
2026-05-21 16:00:09,052 INFO src.train.trainer: New best validation loss: 0.0561, saved to /root/autodl-tmp/em_eqf/experiments/clf_pre_v1/clf_pre_AZDX_v1/runs/tf_10_mf_4p0_seed_3/best_model_1.pth
2026-05-21 16:00:09,059 INFO src.train.trainer: Last model at epoch 22 saved to /root/autodl-tmp/em_eqf/experiments/clf_pre_v1/clf_pre_AZDX_v1/runs/tf_10_mf_4p0_seed_3/last_model_1.pth
2026-05-21 16:00:09,059 INFO src.train.trainer: Epoch 23
2026-05-21 16:00:12,963 INFO src.train.trainer: Last model at epoch 23 saved to /root/autodl-tmp/em_eqf/experiments/clf_pre_v1/clf_pre_AZDX_v1/runs/tf_10_mf_4p0_seed_3/last_model_1.pth
2026-05-21 16:00:12,963 INFO src.train.trainer: Epoch 24
2026-05-21 16:00:16,436 INFO src.train.trainer: Last model at epoch 24 saved to /root/autodl-tmp/em_eqf/experiments/clf_pre_v1/clf_pre_AZDX_v1/runs/tf_10_mf_4p0_seed_3/last_model_1.pth
2026-05-21 16:00:16,436 INFO src.train.trainer: Epoch 25
2026-05-21 16:00:19,974 INFO src.train.trainer: Last model at epoch 25 saved to /root/autodl-tmp/em_eqf/experiments/clf_pre_v1/clf_pre_AZDX_v1/runs/tf_10_mf_4p0_seed_3/last_model_1.pth
2026-05-21 16:00:19,974 INFO src.train.trainer: Epoch 26
2026-05-21 16:00:22,886 INFO src.train.trainer: Last model at epoch 26 saved to /root/autodl-tmp/em_eqf/experiments/clf_pre_v1/clf_pre_AZDX_v1/runs/tf_10_mf_4p0_seed_3/last_model_1.pth
2026-05-21 16:00:22,886 INFO src.train.trainer: Epoch 27
2026-05-21 16:00:25,920 INFO src.train.trainer: Last model at epoch 27 saved to /root/autodl-tmp/em_eqf/experiments/clf_pre_v1/clf_pre_AZDX_v1/runs/tf_10_mf_4p0_seed_3/last_model_1.pth
2026-05-21 16:00:25,920 INFO src.train.trainer: Epoch 28
2026-05-21 16:00:29,075 INFO src.train.trainer: New best validation loss: 0.0515, saved to /root/autodl-tmp/em_eqf/experiments/clf_pre_v1/clf_pre_AZDX_v1/runs/tf_10_mf_4p0_seed_3/best_model_1.pth
2026-05-21 16:00:29,100 INFO src.train.trainer: Last model at epoch 28 saved to /root/autodl-tmp/em_eqf/experiments/clf_pre_v1/clf_pre_AZDX_v1/runs/tf_10_mf_4p0_seed_3/last_model_1.pth
2026-05-21 16:00:29,100 INFO src.train.trainer: Epoch 29
2026-05-21 16:00:31,983 INFO src.train.trainer: Last model at epoch 29 saved to /root/autodl-tmp/em_eqf/experiments/clf_pre_v1/clf_pre_AZDX_v1/runs/tf_10_mf_4p0_seed_3/last_model_1.pth
2026-05-21 16:00:31,984 INFO src.train.trainer: Epoch 30
2026-05-21 16:00:35,453 INFO src.train.trainer: Last model at epoch 30 saved to /root/autodl-tmp/em_eqf/experiments/clf_pre_v1/clf_pre_AZDX_v1/runs/tf_10_mf_4p0_seed_3/last_model_1.pth
2026-05-21 16:00:35,454 INFO src.train.trainer: Epoch 31
2026-05-21 16:00:39,222 INFO src.train.trainer: Last model at epoch 31 saved to /root/autodl-tmp/em_eqf/experiments/clf_pre_v1/clf_pre_AZDX_v1/runs/tf_10_mf_4p0_seed_3/last_model_1.pth
2026-05-21 16:00:39,222 INFO src.train.trainer: Epoch 32
2026-05-21 16:00:42,265 INFO src.train.trainer: Last model at epoch 32 saved to /root/autodl-tmp/em_eqf/experiments/clf_pre_v1/clf_pre_AZDX_v1/runs/tf_10_mf_4p0_seed_3/last_model_1.pth
2026-05-21 16:00:42,265 INFO src.train.trainer: Epoch 33
2026-05-21 16:00:45,389 INFO src.train.trainer: New best validation loss: 0.0510, saved to /root/autodl-tmp/em_eqf/experiments/clf_pre_v1/clf_pre_AZDX_v1/runs/tf_10_mf_4p0_seed_3/best_model_1.pth
2026-05-21 16:00:45,395 INFO src.train.trainer: Last model at epoch 33 saved to /root/autodl-tmp/em_eqf/experiments/clf_pre_v1/clf_pre_AZDX_v1/runs/tf_10_mf_4p0_seed_3/last_model_1.pth
2026-05-21 16:00:45,395 INFO src.train.trainer: Epoch 34
2026-05-21 16:00:48,142 INFO src.train.trainer: New best validation loss: 0.0494, saved to /root/autodl-tmp/em_eqf/experiments/clf_pre_v1/clf_pre_AZDX_v1/runs/tf_10_mf_4p0_seed_3/best_model_1.pth
2026-05-21 16:00:48,149 INFO src.train.trainer: Last model at epoch 34 saved to /root/autodl-tmp/em_eqf/experiments/clf_pre_v1/clf_pre_AZDX_v1/runs/tf_10_mf_4p0_seed_3/last_model_1.pth
2026-05-21 16:00:48,149 INFO src.train.trainer: Epoch 35
2026-05-21 16:00:50,743 INFO src.train.trainer: Last model at epoch 35 saved to /root/autodl-tmp/em_eqf/experiments/clf_pre_v1/clf_pre_AZDX_v1/runs/tf_10_mf_4p0_seed_3/last_model_1.pth
2026-05-21 16:00:50,743 INFO src.train.trainer: Epoch 36
2026-05-21 16:00:54,474 INFO src.train.trainer: Last model at epoch 36 saved to /root/autodl-tmp/em_eqf/experiments/clf_pre_v1/clf_pre_AZDX_v1/runs/tf_10_mf_4p0_seed_3/last_model_1.pth
2026-05-21 16:00:54,474 INFO src.train.trainer: Epoch 37
2026-05-21 16:00:58,179 INFO src.train.trainer: New best validation loss: 0.0487, saved to /root/autodl-tmp/em_eqf/experiments/clf_pre_v1/clf_pre_AZDX_v1/runs/tf_10_mf_4p0_seed_3/best_model_1.pth
2026-05-21 16:00:58,186 INFO src.train.trainer: Last model at epoch 37 saved to /root/autodl-tmp/em_eqf/experiments/clf_pre_v1/clf_pre_AZDX_v1/runs/tf_10_mf_4p0_seed_3/last_model_1.pth
2026-05-21 16:00:58,186 INFO src.train.trainer: Epoch 38
2026-05-21 16:01:01,988 INFO src.train.trainer: Last model at epoch 38 saved to /root/autodl-tmp/em_eqf/experiments/clf_pre_v1/clf_pre_AZDX_v1/runs/tf_10_mf_4p0_seed_3/last_model_1.pth
2026-05-21 16:01:01,988 INFO src.train.trainer: Epoch 39
2026-05-21 16:01:05,543 INFO src.train.trainer: Last model at epoch 39 saved to /root/autodl-tmp/em_eqf/experiments/clf_pre_v1/clf_pre_AZDX_v1/runs/tf_10_mf_4p0_seed_3/last_model_1.pth
2026-05-21 16:01:05,543 INFO src.train.trainer: Epoch 40
2026-05-21 16:01:08,815 INFO src.train.trainer: New best validation loss: 0.0473, saved to /root/autodl-tmp/em_eqf/experiments/clf_pre_v1/clf_pre_AZDX_v1/runs/tf_10_mf_4p0_seed_3/best_model_1.pth
2026-05-21 16:01:08,822 INFO src.train.trainer: Last model at epoch 40 saved to /root/autodl-tmp/em_eqf/experiments/clf_pre_v1/clf_pre_AZDX_v1/runs/tf_10_mf_4p0_seed_3/last_model_1.pth
2026-05-21 16:01:08,822 INFO src.train.trainer: Epoch 41
2026-05-21 16:01:12,008 INFO src.train.trainer: Last model at epoch 41 saved to /root/autodl-tmp/em_eqf/experiments/clf_pre_v1/clf_pre_AZDX_v1/runs/tf_10_mf_4p0_seed_3/last_model_1.pth
2026-05-21 16:01:12,008 INFO src.train.trainer: Epoch 42
2026-05-21 16:01:15,368 INFO src.train.trainer: Last model at epoch 42 saved to /root/autodl-tmp/em_eqf/experiments/clf_pre_v1/clf_pre_AZDX_v1/runs/tf_10_mf_4p0_seed_3/last_model_1.pth
2026-05-21 16:01:15,368 INFO src.train.trainer: Epoch 43
2026-05-21 16:01:18,626 INFO src.train.trainer: Last model at epoch 43 saved to /root/autodl-tmp/em_eqf/experiments/clf_pre_v1/clf_pre_AZDX_v1/runs/tf_10_mf_4p0_seed_3/last_model_1.pth
2026-05-21 16:01:18,626 INFO src.train.trainer: Epoch 44
2026-05-21 16:01:22,022 INFO src.train.trainer: Last model at epoch 44 saved to /root/autodl-tmp/em_eqf/experiments/clf_pre_v1/clf_pre_AZDX_v1/runs/tf_10_mf_4p0_seed_3/last_model_1.pth
2026-05-21 16:01:22,022 INFO src.train.trainer: Epoch 45
2026-05-21 16:01:25,220 INFO src.train.trainer: Last model at epoch 45 saved to /root/autodl-tmp/em_eqf/experiments/clf_pre_v1/clf_pre_AZDX_v1/runs/tf_10_mf_4p0_seed_3/last_model_1.pth
2026-05-21 16:01:25,221 INFO src.train.trainer: Epoch 46
2026-05-21 16:01:28,167 INFO src.train.trainer: Last model at epoch 46 saved to /root/autodl-tmp/em_eqf/experiments/clf_pre_v1/clf_pre_AZDX_v1/runs/tf_10_mf_4p0_seed_3/last_model_1.pth
2026-05-21 16:01:28,167 INFO src.train.trainer: Epoch 47
2026-05-21 16:01:30,976 INFO src.train.trainer: Last model at epoch 47 saved to /root/autodl-tmp/em_eqf/experiments/clf_pre_v1/clf_pre_AZDX_v1/runs/tf_10_mf_4p0_seed_3/last_model_1.pth
2026-05-21 16:01:30,976 INFO src.train.trainer: Epoch 48
2026-05-21 16:01:33,576 INFO src.train.trainer: Last model at epoch 48 saved to /root/autodl-tmp/em_eqf/experiments/clf_pre_v1/clf_pre_AZDX_v1/runs/tf_10_mf_4p0_seed_3/last_model_1.pth
2026-05-21 16:01:33,576 INFO src.train.trainer: Epoch 49
2026-05-21 16:01:36,174 INFO src.train.trainer: Last model at epoch 49 saved to /root/autodl-tmp/em_eqf/experiments/clf_pre_v1/clf_pre_AZDX_v1/runs/tf_10_mf_4p0_seed_3/last_model_1.pth
2026-05-21 16:01:36,174 INFO src.train.trainer: Epoch 50
2026-05-21 16:01:39,138 INFO src.train.trainer: Last model at epoch 50 saved to /root/autodl-tmp/em_eqf/experiments/clf_pre_v1/clf_pre_AZDX_v1/runs/tf_10_mf_4p0_seed_3/last_model_1.pth
2026-05-21 16:01:39,138 INFO src.train.trainer: Early stopping triggered at epoch 50 (best epoch: 40, best val loss: 0.047348)
2026-05-21 16:01:48,452 INFO src.data.preprocessing: CSV files found: ['chuandian_2021.csv']
2026-05-21 16:01:49,032 INFO src.utils.file_utils: Loading cached data from: data/ChuanDian/classifier/classifier_Mc_3_Mf_4.0_Tfore_10_Twindow_180_context_len_1_dt_10.pkl
2026-05-21 16:01:49,279 INFO src.data.preprocessing: Catalog statistics: {'tau_unfiltered': 0.15339908988298961, 'tau_q025': 0.08114294020924717, 'tau_q05': 0.5134664350189269, 'tau_mean': 1.3070542199341526, 'tau_max': 25.18216435192153, 'tau_min': 0.0, 'time_max': 18770.72654999979, 'time_mean': 10030.9430649837, 'mag_completeness': 3.0, 'mag_mean': 3.456916005014626, 'mag_max': 8.0, 'mag_min': 3.0, 'b_value': 0.856738547623331, 'b_std': 0.0071499224812533796, 'b_n': 14358}
2026-05-21 16:01:49,298 INFO src.data.event_loader: lengths of samples: min=32, max=981, avg=135.51
2026-05-21 16:01:49,299 INFO src.data.event_loader: Number of positive samples: 780
2026-05-21 16:01:49,299 INFO src.data.event_loader: Number of negative samples: 683
2026-05-21 16:01:49,300 INFO src.data.event_loader: Positive samples: 594, Negative samples: 576
2026-05-21 16:01:49,300 INFO src.data.event_loader: Total samples: 1170, Positive ratio: 0.51, Negative ratio: 0.49
2026-05-21 16:01:49,300 INFO src.data.event_loader: Positive samples: 107, Negative samples: 39
2026-05-21 16:01:49,300 INFO src.data.event_loader: Total samples: 146, Positive ratio: 0.73, Negative ratio: 0.27
2026-05-21 16:01:49,301 INFO src.data.event_loader: Positive samples: 79, Negative samples: 68
2026-05-21 16:01:49,301 INFO src.data.event_loader: Total samples: 147, Positive ratio: 0.54, Negative ratio: 0.46
2026-05-21 16:01:49,647 INFO src.models.adapters.mixer_task: using time scale base 1.3070542199341526 (key: tau_mean)
2026-05-21 16:01:49,647 INFO src.models.adapters.mixer_task: tau mean: tensor(1.3071)
2026-05-21 16:01:49,695 INFO src.train.config_setup: Restoring model from checkpoint.
2026-05-21 16:01:49,696 INFO src.train.config_setup: Loading model weights: load_specific_parts=None
2026-05-21 16:01:49,697 INFO src.train.config_setup: Checkpoint loaded: <All keys matched successfully>
2026-05-21 16:01:49,698 INFO src.train.config_setup: Full load summary: loaded=56, missing=0, unexpected=0
2026-05-21 16:01:49,698 INFO src.train.config_setup: Checkpoint hyperparameters loaded.
2026-05-21 16:01:49,698 INFO src.train.config_setup: Checkpoint train metrics available.
2026-05-21 16:01:49,698 INFO src.train.config_setup: Checkpoint val metrics available.
2026-05-21 16:01:49,698 INFO src.train.config_setup: Freeze skipped (checkpoint_restore): freeze_parts is empty.
2026-05-21 16:01:49,699 INFO src.train.config_setup: Using classification criterion: focal
2026-05-21 16:01:49,699 INFO src.train.config_setup: Criterion config: {'alpha': 0.5, 'gamma': 2.0}
2026-05-21 16:01:49,699 INFO src.train.config_setup: Not resuming optimizer/scheduler state; reset training state to start_epoch=0, best_val_loss=inf.
2026-05-21 16:01:49,700 INFO src.cli.common: Using threshold 0.44222450256347656 from checkpoint val_metrics for testing.
2026-05-21 16:01:54,751 INFO src.utils.metrics: ROC curve saved to /root/autodl-tmp/em_eqf/experiments/clf_pre_v1/clf_pre_AZDX_v1/runs/tf_10_mf_4p0_seed_3/roc_curve.png
2026-05-21 16:01:54,877 INFO src.utils.metrics: PR curve saved to /root/autodl-tmp/em_eqf/experiments/clf_pre_v1/clf_pre_AZDX_v1/runs/tf_10_mf_4p0_seed_3/pr_curve.png
2026-05-21 16:01:55,003 INFO src.utils.metrics: Confusion matrix saved to /root/autodl-tmp/em_eqf/experiments/clf_pre_v1/clf_pre_AZDX_v1/runs/tf_10_mf_4p0_seed_3/confusion_matrix.png
2026-05-21 16:01:55,003 INFO src.cli.workflows: Test loss: 0.06539149830738704
2026-05-21 16:01:56,357 INFO src.train.classifier_train_step: Prediction distribution plot has been saved to: /root/autodl-tmp/em_eqf/experiments/clf_pre_v1/clf_pre_AZDX_v1/runs/tf_10_mf_4p0_seed_3/train_pred_distribution.png
2026-05-21 16:01:56,755 INFO src.train.classifier_train_step: Prediction distribution plot has been saved to: /root/autodl-tmp/em_eqf/experiments/clf_pre_v1/clf_pre_AZDX_v1/runs/tf_10_mf_4p0_seed_3/val_pred_distribution.png
2026-05-21 16:01:57,148 INFO src.train.classifier_train_step: Prediction distribution plot has been saved to: /root/autodl-tmp/em_eqf/experiments/clf_pre_v1/clf_pre_AZDX_v1/runs/tf_10_mf_4p0_seed_3/test_pred_distribution.png
2026-05-21 16:01:57,148 INFO src.cli.common: Saved test metrics to /root/autodl-tmp/em_eqf/experiments/clf_pre_v1/clf_pre_AZDX_v1/runs/tf_10_mf_4p0_seed_3/metrics_test_best_1.json
2026-05-21 16:01:57,148 INFO src.cli.common: Metrics: {'precision': 0.6336633663366337, 'recall': 0.810126582278481, 'f1': 0.7111111111111111, 'auc': 0.7885331347728965, 'pr_auc': 0.8624090665778705, 'fpr': 0.5441176470588235, 'tpr': 0.810126582278481, 'R': 0.2660089352196575, 'conf': 0.9922903110024724, 'threshold': 0.44222450256347656}
