2026-05-14 12:27:07,368 INFO src.data.preprocessing: CSV files found: ['chuandian_2021.csv']
2026-05-14 12:27:08,362 INFO src.utils.file_utils: Loading cached data from: data/ChuanDian/classifier/classifier_Mc_3_Mf_4.5_Tfore_20_Twindow_180_context_len_1_dt_10.pkl
2026-05-14 12:27:09,370 INFO src.data.preprocessing: Catalog statistics: {'tau_unfiltered': 0.15339908988298961, 'tau_q025': 0.08114294020924717, 'tau_q05': 0.5134664350189269, 'tau_mean': 1.3070542199341526, 'tau_max': 25.18216435192153, 'tau_min': 0.0, 'time_max': 18770.72654999979, 'time_mean': 10030.9430649837, 'mag_completeness': 3.0, 'mag_mean': 3.456916005014626, 'mag_max': 8.0, 'mag_min': 3.0, 'b_value': 0.856738547623331, 'b_std': 0.0071499224812533796, 'b_n': 14358}
2026-05-14 12:27:09,391 INFO src.data.event_loader: lengths of samples: min=32, max=981, avg=133.42
2026-05-14 12:27:09,391 INFO src.data.event_loader: Number of positive samples: 623
2026-05-14 12:27:09,391 INFO src.data.event_loader: Number of negative samples: 845
2026-05-14 12:27:09,392 INFO src.data.event_loader: Positive samples: 528, Negative samples: 646
2026-05-14 12:27:09,392 INFO src.data.event_loader: Total samples: 1174, Positive ratio: 0.45, Negative ratio: 0.55
2026-05-14 12:27:09,393 INFO src.data.event_loader: Positive samples: 60, Negative samples: 86
2026-05-14 12:27:09,393 INFO src.data.event_loader: Total samples: 146, Positive ratio: 0.41, Negative ratio: 0.59
2026-05-14 12:27:09,393 INFO src.data.event_loader: Positive samples: 35, Negative samples: 113
2026-05-14 12:27:09,393 INFO src.data.event_loader: Total samples: 148, Positive ratio: 0.24, Negative ratio: 0.76
2026-05-14 12:27:09,563 INFO src.cli.workflows: No resume path provided. Training will start from scratch.
2026-05-14 12:27:10,232 INFO src.models.adapters.mixer_task: using time scale base 1.3070542199341526 (key: tau_mean)
2026-05-14 12:27:10,232 INFO src.models.adapters.mixer_task: tau mean: tensor(1.3071)
2026-05-14 12:27:10,286 INFO src.train.config_setup: No checkpoint restore requested; initializing model from scratch.
2026-05-14 12:27:10,287 INFO src.train.config_setup: Freeze skipped (fresh_init): freeze_parts is empty.
2026-05-14 12:27:10,287 INFO src.train.config_setup: Using classification criterion: focal
2026-05-14 12:27:10,287 INFO src.train.config_setup: Criterion config: {'alpha': 0.25, 'gamma': 2.0}
2026-05-14 12:27:10,289 INFO src.train.trainer: Epoch 1
2026-05-14 12:27:30,514 INFO src.train.trainer: New best validation loss: 0.0830, saved to /root/autodl-tmp/em_eqf/experiments/clf_grid_r_2_scratch/runs/tf_20_mf_4p5_seed_2/best_model_1.pth
2026-05-14 12:27:30,521 INFO src.train.trainer: Last model at epoch 1 saved to /root/autodl-tmp/em_eqf/experiments/clf_grid_r_2_scratch/runs/tf_20_mf_4p5_seed_2/last_model_1.pth
2026-05-14 12:27:30,521 INFO src.train.trainer: Epoch 2
2026-05-14 12:27:34,867 INFO src.train.trainer: New best validation loss: 0.0746, saved to /root/autodl-tmp/em_eqf/experiments/clf_grid_r_2_scratch/runs/tf_20_mf_4p5_seed_2/best_model_1.pth
2026-05-14 12:27:34,880 INFO src.train.trainer: Last model at epoch 2 saved to /root/autodl-tmp/em_eqf/experiments/clf_grid_r_2_scratch/runs/tf_20_mf_4p5_seed_2/last_model_1.pth
2026-05-14 12:27:34,880 INFO src.train.trainer: Epoch 3
2026-05-14 12:27:39,128 INFO src.train.trainer: New best validation loss: 0.0730, saved to /root/autodl-tmp/em_eqf/experiments/clf_grid_r_2_scratch/runs/tf_20_mf_4p5_seed_2/best_model_1.pth
2026-05-14 12:27:39,140 INFO src.train.trainer: Last model at epoch 3 saved to /root/autodl-tmp/em_eqf/experiments/clf_grid_r_2_scratch/runs/tf_20_mf_4p5_seed_2/last_model_1.pth
2026-05-14 12:27:39,141 INFO src.train.trainer: Epoch 4
2026-05-14 12:27:43,441 INFO src.train.trainer: New best validation loss: 0.0729, saved to /root/autodl-tmp/em_eqf/experiments/clf_grid_r_2_scratch/runs/tf_20_mf_4p5_seed_2/best_model_1.pth
2026-05-14 12:27:43,448 INFO src.train.trainer: Last model at epoch 4 saved to /root/autodl-tmp/em_eqf/experiments/clf_grid_r_2_scratch/runs/tf_20_mf_4p5_seed_2/last_model_1.pth
2026-05-14 12:27:43,449 INFO src.train.trainer: Epoch 5
2026-05-14 12:27:47,920 INFO src.train.trainer: Last model at epoch 5 saved to /root/autodl-tmp/em_eqf/experiments/clf_grid_r_2_scratch/runs/tf_20_mf_4p5_seed_2/last_model_1.pth
2026-05-14 12:27:47,920 INFO src.train.trainer: Epoch 6
2026-05-14 12:27:52,234 INFO src.train.trainer: New best validation loss: 0.0728, saved to /root/autodl-tmp/em_eqf/experiments/clf_grid_r_2_scratch/runs/tf_20_mf_4p5_seed_2/best_model_1.pth
2026-05-14 12:27:52,244 INFO src.train.trainer: Last model at epoch 6 saved to /root/autodl-tmp/em_eqf/experiments/clf_grid_r_2_scratch/runs/tf_20_mf_4p5_seed_2/last_model_1.pth
2026-05-14 12:27:52,244 INFO src.train.trainer: Epoch 7
2026-05-14 12:27:56,704 INFO src.train.trainer: New best validation loss: 0.0718, saved to /root/autodl-tmp/em_eqf/experiments/clf_grid_r_2_scratch/runs/tf_20_mf_4p5_seed_2/best_model_1.pth
2026-05-14 12:27:56,712 INFO src.train.trainer: Last model at epoch 7 saved to /root/autodl-tmp/em_eqf/experiments/clf_grid_r_2_scratch/runs/tf_20_mf_4p5_seed_2/last_model_1.pth
2026-05-14 12:27:56,713 INFO src.train.trainer: Epoch 8
2026-05-14 12:28:01,019 INFO src.train.trainer: Last model at epoch 8 saved to /root/autodl-tmp/em_eqf/experiments/clf_grid_r_2_scratch/runs/tf_20_mf_4p5_seed_2/last_model_1.pth
2026-05-14 12:28:01,019 INFO src.train.trainer: Epoch 9
2026-05-14 12:28:05,129 INFO src.train.trainer: Last model at epoch 9 saved to /root/autodl-tmp/em_eqf/experiments/clf_grid_r_2_scratch/runs/tf_20_mf_4p5_seed_2/last_model_1.pth
2026-05-14 12:28:05,130 INFO src.train.trainer: Epoch 10
2026-05-14 12:28:09,332 INFO src.train.trainer: Last model at epoch 10 saved to /root/autodl-tmp/em_eqf/experiments/clf_grid_r_2_scratch/runs/tf_20_mf_4p5_seed_2/last_model_1.pth
2026-05-14 12:28:09,332 INFO src.train.trainer: Epoch 11
2026-05-14 12:28:13,372 INFO src.train.trainer: New best validation loss: 0.0705, saved to /root/autodl-tmp/em_eqf/experiments/clf_grid_r_2_scratch/runs/tf_20_mf_4p5_seed_2/best_model_1.pth
2026-05-14 12:28:13,386 INFO src.train.trainer: Last model at epoch 11 saved to /root/autodl-tmp/em_eqf/experiments/clf_grid_r_2_scratch/runs/tf_20_mf_4p5_seed_2/last_model_1.pth
2026-05-14 12:28:13,386 INFO src.train.trainer: Epoch 12
2026-05-14 12:28:16,943 INFO src.train.trainer: Last model at epoch 12 saved to /root/autodl-tmp/em_eqf/experiments/clf_grid_r_2_scratch/runs/tf_20_mf_4p5_seed_2/last_model_1.pth
2026-05-14 12:28:16,943 INFO src.train.trainer: Epoch 13
2026-05-14 12:28:20,135 INFO src.train.trainer: Last model at epoch 13 saved to /root/autodl-tmp/em_eqf/experiments/clf_grid_r_2_scratch/runs/tf_20_mf_4p5_seed_2/last_model_1.pth
2026-05-14 12:28:20,135 INFO src.train.trainer: Epoch 14
2026-05-14 12:28:23,047 INFO src.train.trainer: Last model at epoch 14 saved to /root/autodl-tmp/em_eqf/experiments/clf_grid_r_2_scratch/runs/tf_20_mf_4p5_seed_2/last_model_1.pth
2026-05-14 12:28:23,048 INFO src.train.trainer: Epoch 15
2026-05-14 12:28:26,280 INFO src.train.trainer: New best validation loss: 0.0684, saved to /root/autodl-tmp/em_eqf/experiments/clf_grid_r_2_scratch/runs/tf_20_mf_4p5_seed_2/best_model_1.pth
2026-05-14 12:28:26,301 INFO src.train.trainer: Last model at epoch 15 saved to /root/autodl-tmp/em_eqf/experiments/clf_grid_r_2_scratch/runs/tf_20_mf_4p5_seed_2/last_model_1.pth
2026-05-14 12:28:26,302 INFO src.train.trainer: Epoch 16
2026-05-14 12:28:29,671 INFO src.train.trainer: New best validation loss: 0.0664, saved to /root/autodl-tmp/em_eqf/experiments/clf_grid_r_2_scratch/runs/tf_20_mf_4p5_seed_2/best_model_1.pth
2026-05-14 12:28:29,681 INFO src.train.trainer: Last model at epoch 16 saved to /root/autodl-tmp/em_eqf/experiments/clf_grid_r_2_scratch/runs/tf_20_mf_4p5_seed_2/last_model_1.pth
2026-05-14 12:28:29,681 INFO src.train.trainer: Epoch 17
2026-05-14 12:28:33,398 INFO src.train.trainer: Last model at epoch 17 saved to /root/autodl-tmp/em_eqf/experiments/clf_grid_r_2_scratch/runs/tf_20_mf_4p5_seed_2/last_model_1.pth
2026-05-14 12:28:33,398 INFO src.train.trainer: Epoch 18
2026-05-14 12:28:37,107 INFO src.train.trainer: New best validation loss: 0.0659, saved to /root/autodl-tmp/em_eqf/experiments/clf_grid_r_2_scratch/runs/tf_20_mf_4p5_seed_2/best_model_1.pth
2026-05-14 12:28:37,118 INFO src.train.trainer: Last model at epoch 18 saved to /root/autodl-tmp/em_eqf/experiments/clf_grid_r_2_scratch/runs/tf_20_mf_4p5_seed_2/last_model_1.pth
2026-05-14 12:28:37,118 INFO src.train.trainer: Epoch 19
2026-05-14 12:28:40,522 INFO src.train.trainer: New best validation loss: 0.0654, saved to /root/autodl-tmp/em_eqf/experiments/clf_grid_r_2_scratch/runs/tf_20_mf_4p5_seed_2/best_model_1.pth
2026-05-14 12:28:40,532 INFO src.train.trainer: Last model at epoch 19 saved to /root/autodl-tmp/em_eqf/experiments/clf_grid_r_2_scratch/runs/tf_20_mf_4p5_seed_2/last_model_1.pth
2026-05-14 12:28:40,532 INFO src.train.trainer: Epoch 20
2026-05-14 12:28:43,423 INFO src.train.trainer: New best validation loss: 0.0643, saved to /root/autodl-tmp/em_eqf/experiments/clf_grid_r_2_scratch/runs/tf_20_mf_4p5_seed_2/best_model_1.pth
2026-05-14 12:28:43,432 INFO src.train.trainer: Last model at epoch 20 saved to /root/autodl-tmp/em_eqf/experiments/clf_grid_r_2_scratch/runs/tf_20_mf_4p5_seed_2/last_model_1.pth
2026-05-14 12:28:43,432 INFO src.train.trainer: Epoch 21
2026-05-14 12:28:46,455 INFO src.train.trainer: New best validation loss: 0.0626, saved to /root/autodl-tmp/em_eqf/experiments/clf_grid_r_2_scratch/runs/tf_20_mf_4p5_seed_2/best_model_1.pth
2026-05-14 12:28:46,466 INFO src.train.trainer: Last model at epoch 21 saved to /root/autodl-tmp/em_eqf/experiments/clf_grid_r_2_scratch/runs/tf_20_mf_4p5_seed_2/last_model_1.pth
2026-05-14 12:28:46,467 INFO src.train.trainer: Epoch 22
2026-05-14 12:28:49,497 INFO src.train.trainer: Last model at epoch 22 saved to /root/autodl-tmp/em_eqf/experiments/clf_grid_r_2_scratch/runs/tf_20_mf_4p5_seed_2/last_model_1.pth
2026-05-14 12:28:49,497 INFO src.train.trainer: Epoch 23
2026-05-14 12:28:52,939 INFO src.train.trainer: Last model at epoch 23 saved to /root/autodl-tmp/em_eqf/experiments/clf_grid_r_2_scratch/runs/tf_20_mf_4p5_seed_2/last_model_1.pth
2026-05-14 12:28:52,939 INFO src.train.trainer: Epoch 24
2026-05-14 12:28:56,795 INFO src.train.trainer: Last model at epoch 24 saved to /root/autodl-tmp/em_eqf/experiments/clf_grid_r_2_scratch/runs/tf_20_mf_4p5_seed_2/last_model_1.pth
2026-05-14 12:28:56,795 INFO src.train.trainer: Epoch 25
2026-05-14 12:29:00,611 INFO src.train.trainer: Last model at epoch 25 saved to /root/autodl-tmp/em_eqf/experiments/clf_grid_r_2_scratch/runs/tf_20_mf_4p5_seed_2/last_model_1.pth
2026-05-14 12:29:00,611 INFO src.train.trainer: Epoch 26
2026-05-14 12:29:04,353 INFO src.train.trainer: Last model at epoch 26 saved to /root/autodl-tmp/em_eqf/experiments/clf_grid_r_2_scratch/runs/tf_20_mf_4p5_seed_2/last_model_1.pth
2026-05-14 12:29:04,353 INFO src.train.trainer: Epoch 27
2026-05-14 12:29:07,805 INFO src.train.trainer: Last model at epoch 27 saved to /root/autodl-tmp/em_eqf/experiments/clf_grid_r_2_scratch/runs/tf_20_mf_4p5_seed_2/last_model_1.pth
2026-05-14 12:29:07,805 INFO src.train.trainer: Epoch 28
2026-05-14 12:29:11,217 INFO src.train.trainer: New best validation loss: 0.0602, saved to /root/autodl-tmp/em_eqf/experiments/clf_grid_r_2_scratch/runs/tf_20_mf_4p5_seed_2/best_model_1.pth
2026-05-14 12:29:11,228 INFO src.train.trainer: Last model at epoch 28 saved to /root/autodl-tmp/em_eqf/experiments/clf_grid_r_2_scratch/runs/tf_20_mf_4p5_seed_2/last_model_1.pth
2026-05-14 12:29:11,228 INFO src.train.trainer: Epoch 29
2026-05-14 12:29:14,605 INFO src.train.trainer: Last model at epoch 29 saved to /root/autodl-tmp/em_eqf/experiments/clf_grid_r_2_scratch/runs/tf_20_mf_4p5_seed_2/last_model_1.pth
2026-05-14 12:29:14,605 INFO src.train.trainer: Epoch 30
2026-05-14 12:29:18,143 INFO src.train.trainer: Last model at epoch 30 saved to /root/autodl-tmp/em_eqf/experiments/clf_grid_r_2_scratch/runs/tf_20_mf_4p5_seed_2/last_model_1.pth
2026-05-14 12:29:18,143 INFO src.train.trainer: Epoch 31
2026-05-14 12:29:21,713 INFO src.train.trainer: Last model at epoch 31 saved to /root/autodl-tmp/em_eqf/experiments/clf_grid_r_2_scratch/runs/tf_20_mf_4p5_seed_2/last_model_1.pth
2026-05-14 12:29:21,713 INFO src.train.trainer: Epoch 32
2026-05-14 12:29:25,133 INFO src.train.trainer: Last model at epoch 32 saved to /root/autodl-tmp/em_eqf/experiments/clf_grid_r_2_scratch/runs/tf_20_mf_4p5_seed_2/last_model_1.pth
2026-05-14 12:29:25,133 INFO src.train.trainer: Epoch 33
2026-05-14 12:29:28,735 INFO src.train.trainer: Last model at epoch 33 saved to /root/autodl-tmp/em_eqf/experiments/clf_grid_r_2_scratch/runs/tf_20_mf_4p5_seed_2/last_model_1.pth
2026-05-14 12:29:28,735 INFO src.train.trainer: Epoch 34
2026-05-14 12:29:32,298 INFO src.train.trainer: Last model at epoch 34 saved to /root/autodl-tmp/em_eqf/experiments/clf_grid_r_2_scratch/runs/tf_20_mf_4p5_seed_2/last_model_1.pth
2026-05-14 12:29:32,299 INFO src.train.trainer: Epoch 35
2026-05-14 12:29:35,865 INFO src.train.trainer: Last model at epoch 35 saved to /root/autodl-tmp/em_eqf/experiments/clf_grid_r_2_scratch/runs/tf_20_mf_4p5_seed_2/last_model_1.pth
2026-05-14 12:29:35,865 INFO src.train.trainer: Epoch 36
2026-05-14 12:29:39,332 INFO src.train.trainer: Last model at epoch 36 saved to /root/autodl-tmp/em_eqf/experiments/clf_grid_r_2_scratch/runs/tf_20_mf_4p5_seed_2/last_model_1.pth
2026-05-14 12:29:39,332 INFO src.train.trainer: Epoch 37
2026-05-14 12:29:42,966 INFO src.train.trainer: New best validation loss: 0.0588, saved to /root/autodl-tmp/em_eqf/experiments/clf_grid_r_2_scratch/runs/tf_20_mf_4p5_seed_2/best_model_1.pth
2026-05-14 12:29:42,977 INFO src.train.trainer: Last model at epoch 37 saved to /root/autodl-tmp/em_eqf/experiments/clf_grid_r_2_scratch/runs/tf_20_mf_4p5_seed_2/last_model_1.pth
2026-05-14 12:29:42,977 INFO src.train.trainer: Epoch 38
2026-05-14 12:29:46,771 INFO src.train.trainer: Last model at epoch 38 saved to /root/autodl-tmp/em_eqf/experiments/clf_grid_r_2_scratch/runs/tf_20_mf_4p5_seed_2/last_model_1.pth
2026-05-14 12:29:46,771 INFO src.train.trainer: Epoch 39
2026-05-14 12:29:50,380 INFO src.train.trainer: Last model at epoch 39 saved to /root/autodl-tmp/em_eqf/experiments/clf_grid_r_2_scratch/runs/tf_20_mf_4p5_seed_2/last_model_1.pth
2026-05-14 12:29:50,380 INFO src.train.trainer: Epoch 40
2026-05-14 12:29:53,872 INFO src.train.trainer: Last model at epoch 40 saved to /root/autodl-tmp/em_eqf/experiments/clf_grid_r_2_scratch/runs/tf_20_mf_4p5_seed_2/last_model_1.pth
2026-05-14 12:29:53,872 INFO src.train.trainer: Epoch 41
2026-05-14 12:29:57,711 INFO src.train.trainer: Last model at epoch 41 saved to /root/autodl-tmp/em_eqf/experiments/clf_grid_r_2_scratch/runs/tf_20_mf_4p5_seed_2/last_model_1.pth
2026-05-14 12:29:57,712 INFO src.train.trainer: Epoch 42
2026-05-14 12:30:00,464 INFO src.train.trainer: Last model at epoch 42 saved to /root/autodl-tmp/em_eqf/experiments/clf_grid_r_2_scratch/runs/tf_20_mf_4p5_seed_2/last_model_1.pth
2026-05-14 12:30:00,464 INFO src.train.trainer: Epoch 43
2026-05-14 12:30:03,663 INFO src.train.trainer: Last model at epoch 43 saved to /root/autodl-tmp/em_eqf/experiments/clf_grid_r_2_scratch/runs/tf_20_mf_4p5_seed_2/last_model_1.pth
2026-05-14 12:30:03,663 INFO src.train.trainer: Epoch 44
2026-05-14 12:30:06,666 INFO src.train.trainer: Last model at epoch 44 saved to /root/autodl-tmp/em_eqf/experiments/clf_grid_r_2_scratch/runs/tf_20_mf_4p5_seed_2/last_model_1.pth
2026-05-14 12:30:06,666 INFO src.train.trainer: Epoch 45
2026-05-14 12:30:09,641 INFO src.train.trainer: Last model at epoch 45 saved to /root/autodl-tmp/em_eqf/experiments/clf_grid_r_2_scratch/runs/tf_20_mf_4p5_seed_2/last_model_1.pth
2026-05-14 12:30:09,641 INFO src.train.trainer: Epoch 46
2026-05-14 12:30:12,698 INFO src.train.trainer: Last model at epoch 46 saved to /root/autodl-tmp/em_eqf/experiments/clf_grid_r_2_scratch/runs/tf_20_mf_4p5_seed_2/last_model_1.pth
2026-05-14 12:30:12,698 INFO src.train.trainer: Epoch 47
2026-05-14 12:30:16,226 INFO src.train.trainer: Last model at epoch 47 saved to /root/autodl-tmp/em_eqf/experiments/clf_grid_r_2_scratch/runs/tf_20_mf_4p5_seed_2/last_model_1.pth
2026-05-14 12:30:16,226 INFO src.train.trainer: Early stopping triggered at epoch 47 (best epoch: 37, best val loss: 0.058850)
2026-05-14 12:30:28,189 INFO src.data.preprocessing: CSV files found: ['chuandian_2021.csv']
2026-05-14 12:30:29,510 INFO src.utils.file_utils: Loading cached data from: data/ChuanDian/classifier/classifier_Mc_3_Mf_4.5_Tfore_20_Twindow_180_context_len_1_dt_10.pkl
2026-05-14 12:30:30,731 INFO src.data.preprocessing: Catalog statistics: {'tau_unfiltered': 0.15339908988298961, 'tau_q025': 0.08114294020924717, 'tau_q05': 0.5134664350189269, 'tau_mean': 1.3070542199341526, 'tau_max': 25.18216435192153, 'tau_min': 0.0, 'time_max': 18770.72654999979, 'time_mean': 10030.9430649837, 'mag_completeness': 3.0, 'mag_mean': 3.456916005014626, 'mag_max': 8.0, 'mag_min': 3.0, 'b_value': 0.856738547623331, 'b_std': 0.0071499224812533796, 'b_n': 14358}
2026-05-14 12:30:30,776 INFO src.data.event_loader: lengths of samples: min=32, max=981, avg=133.42
2026-05-14 12:30:30,776 INFO src.data.event_loader: Number of positive samples: 623
2026-05-14 12:30:30,777 INFO src.data.event_loader: Number of negative samples: 845
2026-05-14 12:30:30,778 INFO src.data.event_loader: Positive samples: 528, Negative samples: 646
2026-05-14 12:30:30,778 INFO src.data.event_loader: Total samples: 1174, Positive ratio: 0.45, Negative ratio: 0.55
2026-05-14 12:30:30,778 INFO src.data.event_loader: Positive samples: 60, Negative samples: 86
2026-05-14 12:30:30,778 INFO src.data.event_loader: Total samples: 146, Positive ratio: 0.41, Negative ratio: 0.59
2026-05-14 12:30:30,779 INFO src.data.event_loader: Positive samples: 35, Negative samples: 113
2026-05-14 12:30:30,779 INFO src.data.event_loader: Total samples: 148, Positive ratio: 0.24, Negative ratio: 0.76
2026-05-14 12:30:31,399 INFO src.models.adapters.mixer_task: using time scale base 1.3070542199341526 (key: tau_mean)
2026-05-14 12:30:31,399 INFO src.models.adapters.mixer_task: tau mean: tensor(1.3071)
2026-05-14 12:30:31,409 INFO src.train.config_setup: Restoring model from checkpoint.
2026-05-14 12:30:31,409 INFO src.train.config_setup: Loading model weights: load_specific_parts=None
2026-05-14 12:30:31,411 INFO src.train.config_setup: Checkpoint loaded: <All keys matched successfully>
2026-05-14 12:30:31,411 INFO src.train.config_setup: Full load summary: loaded=56, missing=0, unexpected=0
2026-05-14 12:30:31,412 INFO src.train.config_setup: Checkpoint hyperparameters loaded.
2026-05-14 12:30:31,412 INFO src.train.config_setup: Checkpoint train metrics available.
2026-05-14 12:30:31,412 INFO src.train.config_setup: Checkpoint val metrics available.
2026-05-14 12:30:31,412 INFO src.train.config_setup: Freeze skipped (checkpoint_restore): freeze_parts is empty.
2026-05-14 12:30:31,412 INFO src.train.config_setup: Using classification criterion: focal
2026-05-14 12:30:31,412 INFO src.train.config_setup: Criterion config: {'alpha': 0.25, 'gamma': 2.0}
2026-05-14 12:30:31,413 INFO src.train.config_setup: Not resuming optimizer/scheduler state; reset training state to start_epoch=0, best_val_loss=inf.
2026-05-14 12:30:31,413 INFO src.cli.common: Using threshold 0.3369704782962799 from checkpoint val_metrics for testing.
2026-05-14 12:30:36,221 INFO src.utils.metrics: ROC curve saved to /root/autodl-tmp/em_eqf/experiments/clf_grid_r_2_scratch/runs/tf_20_mf_4p5_seed_2/roc_curve.png
2026-05-14 12:30:36,365 INFO src.utils.metrics: PR curve saved to /root/autodl-tmp/em_eqf/experiments/clf_grid_r_2_scratch/runs/tf_20_mf_4p5_seed_2/pr_curve.png
2026-05-14 12:30:36,444 INFO src.utils.metrics: Confusion matrix saved to /root/autodl-tmp/em_eqf/experiments/clf_grid_r_2_scratch/runs/tf_20_mf_4p5_seed_2/confusion_matrix.png
2026-05-14 12:30:36,444 INFO src.cli.workflows: Test loss: 0.04499838724732399
2026-05-14 12:30:37,728 INFO src.train.classifier_train_step: Prediction distribution plot has been saved to: /root/autodl-tmp/em_eqf/experiments/clf_grid_r_2_scratch/runs/tf_20_mf_4p5_seed_2/train_pred_distribution.png
2026-05-14 12:30:38,160 INFO src.train.classifier_train_step: Prediction distribution plot has been saved to: /root/autodl-tmp/em_eqf/experiments/clf_grid_r_2_scratch/runs/tf_20_mf_4p5_seed_2/val_pred_distribution.png
2026-05-14 12:30:38,559 INFO src.train.classifier_train_step: Prediction distribution plot has been saved to: /root/autodl-tmp/em_eqf/experiments/clf_grid_r_2_scratch/runs/tf_20_mf_4p5_seed_2/test_pred_distribution.png
2026-05-14 12:30:38,559 INFO src.cli.common: Saved test metrics to /root/autodl-tmp/em_eqf/experiments/clf_grid_r_2_scratch/runs/tf_20_mf_4p5_seed_2/metrics_test_best_1.json
2026-05-14 12:30:38,559 INFO src.cli.common: Metrics: {'precision': 0.25, 'recall': 0.9714285714285714, 'f1': 0.39766081871345027, 'auc': 0.7648546144121364, 'pr_auc': 0.6495997469453949, 'fpr': 0.9026548672566371, 'tpr': 0.9714285714285714, 'R': 0.06877370417193429, 'conf': 6.575225886997653e-70, 'threshold': 0.3369704782962799}
