2026-05-20 11:18:57,481 INFO src.data.preprocessing: CSV files found: ['chuandian_2021.csv']
2026-05-20 11:18:58,228 INFO src.utils.file_utils: Loading cached data from: data/ChuanDian/classifier/classifier_Mc_3_Mf_5.0_Tfore_60_Twindow_180_context_len_1_dt_10.pkl
2026-05-20 11:18:58,610 INFO src.data.preprocessing: Catalog statistics: {'tau_unfiltered': 0.15339908988298961, 'tau_q025': 0.08114294020924717, 'tau_q05': 0.5134664350189269, 'tau_mean': 1.3070542199341526, 'tau_max': 25.18216435192153, 'tau_min': 0.0, 'time_max': 18770.72654999979, 'time_mean': 10030.9430649837, 'mag_completeness': 3.0, 'mag_mean': 3.456916005014626, 'mag_max': 8.0, 'mag_min': 3.0, 'b_value': 0.856738547623331, 'b_std': 0.0071499224812533796, 'b_n': 14358}
2026-05-20 11:18:58,628 INFO src.data.event_loader: lengths of samples: min=32, max=981, avg=129.55
2026-05-20 11:18:58,628 INFO src.data.event_loader: Number of positive samples: 808
2026-05-20 11:18:58,629 INFO src.data.event_loader: Number of negative samples: 651
2026-05-20 11:18:58,629 INFO src.data.event_loader: Positive samples: 673, Negative samples: 494
2026-05-20 11:18:58,629 INFO src.data.event_loader: Total samples: 1167, Positive ratio: 0.58, Negative ratio: 0.42
2026-05-20 11:18:58,630 INFO src.data.event_loader: Positive samples: 87, Negative samples: 58
2026-05-20 11:18:58,630 INFO src.data.event_loader: Total samples: 145, Positive ratio: 0.60, Negative ratio: 0.40
2026-05-20 11:18:58,630 INFO src.data.event_loader: Positive samples: 48, Negative samples: 99
2026-05-20 11:18:58,630 INFO src.data.event_loader: Total samples: 147, Positive ratio: 0.33, Negative ratio: 0.67
2026-05-20 11:18:58,810 INFO src.cli.workflows: Loading checkpoint from: ./checkpoints/mixer_tpp_20260508-182744/last_model_1.pth
2026-05-20 11:18:59,454 INFO src.models.adapters.mixer_task: using time scale base 1.3070542199341526 (key: tau_mean)
2026-05-20 11:18:59,455 INFO src.models.adapters.mixer_task: tau mean: tensor(1.3071)
2026-05-20 11:18:59,474 INFO src.train.config_setup: Restoring model from checkpoint.
2026-05-20 11:18:59,474 INFO src.train.config_setup: Loading model weights: load_specific_parts=['encoder']
2026-05-20 11:18:59,475 INFO src.train.config_setup: Selective load summary: requested_parts=['encoder'], target_in_model=40, matched_in_checkpoint=30, loaded=30, missing_after_load=10, shape_mismatch=0, missing_in_model=0, out_of_scope_loaded=0
2026-05-20 11:18:59,476 INFO src.train.config_setup: Selective load coverage [encoder]: target=40, hit=30, missing=10, complete=False
2026-05-20 11:18:59,476 WARNING src.train.config_setup: Selective load coverage missing preview [encoder]: ['base_model.encoder.layers.2.mixer.in_proj.bias', 'base_model.encoder.layers.2.mixer.in_proj.weight', 'base_model.encoder.layers.2.mixer.out_proj.bias', 'base_model.encoder.layers.2.mixer.out_proj.weight', 'base_model.encoder.layers.2.mlp.fc1.weight', 'base_model.encoder.layers.2.mlp.fc2.weight', 'base_model.encoder.layers.2.norm.bias', 'base_model.encoder.layers.2.norm.weight'] ... (+2 more)
2026-05-20 11:18:59,476 WARNING src.train.config_setup: Checkpoint missing target parameter preview: ['base_model.encoder.layers.2.mixer.in_proj.bias', 'base_model.encoder.layers.2.mixer.in_proj.weight', 'base_model.encoder.layers.2.mixer.out_proj.bias', 'base_model.encoder.layers.2.mixer.out_proj.weight', 'base_model.encoder.layers.2.mlp.fc1.weight', 'base_model.encoder.layers.2.mlp.fc2.weight', 'base_model.encoder.layers.2.norm.bias', 'base_model.encoder.layers.2.norm.weight', 'base_model.encoder.layers.2.norm2.bias', 'base_model.encoder.layers.2.norm2.weight']
2026-05-20 11:18:59,476 WARNING src.train.config_setup: Target not-loaded parameter preview: ['base_model.encoder.layers.2.mixer.in_proj.bias', 'base_model.encoder.layers.2.mixer.in_proj.weight', 'base_model.encoder.layers.2.mixer.out_proj.bias', 'base_model.encoder.layers.2.mixer.out_proj.weight', 'base_model.encoder.layers.2.mlp.fc1.weight', 'base_model.encoder.layers.2.mlp.fc2.weight', 'base_model.encoder.layers.2.norm.bias', 'base_model.encoder.layers.2.norm.weight', 'base_model.encoder.layers.2.norm2.bias', 'base_model.encoder.layers.2.norm2.weight']
2026-05-20 11:18:59,476 INFO src.train.config_setup: Loaded parameter preview: ['base_model.encoder.layers.1.norm2.weight', 'base_model.encoder.layers.0.norm.bias', 'base_model.encoder.input_proj.3.weight', 'base_model.encoder.layers.1.mlp.fc2.weight', 'base_model.encoder.layers.1.mixer.norm.weight', 'base_model.encoder.layers.1.mixer.dt_bias', 'base_model.encoder.layers.0.mixer.A_log', 'base_model.encoder.input_proj.0.bias', 'base_model.encoder.layers.0.mixer.in_proj.weight', 'base_model.encoder.layers.0.mlp.fc1.weight'] ... (+20 more)
2026-05-20 11:18:59,477 INFO src.train.config_setup: Checkpoint hyperparameters loaded.
2026-05-20 11:18:59,477 INFO src.train.config_setup: Checkpoint train metrics available.
2026-05-20 11:18:59,477 INFO src.train.config_setup: Checkpoint val metrics available.
2026-05-20 11:18:59,477 INFO src.train.config_setup: Freeze skipped (checkpoint_restore): freeze_parts is empty.
2026-05-20 11:18:59,477 INFO src.train.config_setup: Using classification criterion: focal
2026-05-20 11:18:59,477 INFO src.train.config_setup: Criterion config: {'alpha': 0.5, 'gamma': 2.0}
2026-05-20 11:18:59,478 INFO src.train.config_setup: Not resuming optimizer/scheduler state; reset training state to start_epoch=0, best_val_loss=inf.
2026-05-20 11:18:59,478 INFO src.train.trainer: Epoch 1
2026-05-20 11:19:13,446 INFO src.train.trainer: New best validation loss: 0.0895, saved to /root/autodl-tmp/em_eqf/experiments/clf_grid_AZDX/runs/tf_60_mf_5p0_seed_4/best_model_1.pth
2026-05-20 11:19:13,453 INFO src.train.trainer: Last model at epoch 1 saved to /root/autodl-tmp/em_eqf/experiments/clf_grid_AZDX/runs/tf_60_mf_5p0_seed_4/last_model_1.pth
2026-05-20 11:19:13,453 INFO src.train.trainer: Epoch 2
2026-05-20 11:19:16,592 INFO src.train.trainer: New best validation loss: 0.0866, saved to /root/autodl-tmp/em_eqf/experiments/clf_grid_AZDX/runs/tf_60_mf_5p0_seed_4/best_model_1.pth
2026-05-20 11:19:16,602 INFO src.train.trainer: Last model at epoch 2 saved to /root/autodl-tmp/em_eqf/experiments/clf_grid_AZDX/runs/tf_60_mf_5p0_seed_4/last_model_1.pth
2026-05-20 11:19:16,602 INFO src.train.trainer: Epoch 3
2026-05-20 11:19:20,023 INFO src.train.trainer: New best validation loss: 0.0853, saved to /root/autodl-tmp/em_eqf/experiments/clf_grid_AZDX/runs/tf_60_mf_5p0_seed_4/best_model_1.pth
2026-05-20 11:19:20,034 INFO src.train.trainer: Last model at epoch 3 saved to /root/autodl-tmp/em_eqf/experiments/clf_grid_AZDX/runs/tf_60_mf_5p0_seed_4/last_model_1.pth
2026-05-20 11:19:20,034 INFO src.train.trainer: Epoch 4
2026-05-20 11:19:23,577 INFO src.train.trainer: New best validation loss: 0.0818, saved to /root/autodl-tmp/em_eqf/experiments/clf_grid_AZDX/runs/tf_60_mf_5p0_seed_4/best_model_1.pth
2026-05-20 11:19:23,586 INFO src.train.trainer: Last model at epoch 4 saved to /root/autodl-tmp/em_eqf/experiments/clf_grid_AZDX/runs/tf_60_mf_5p0_seed_4/last_model_1.pth
2026-05-20 11:19:23,587 INFO src.train.trainer: Epoch 5
2026-05-20 11:19:27,327 INFO src.train.trainer: New best validation loss: 0.0761, saved to /root/autodl-tmp/em_eqf/experiments/clf_grid_AZDX/runs/tf_60_mf_5p0_seed_4/best_model_1.pth
2026-05-20 11:19:27,336 INFO src.train.trainer: Last model at epoch 5 saved to /root/autodl-tmp/em_eqf/experiments/clf_grid_AZDX/runs/tf_60_mf_5p0_seed_4/last_model_1.pth
2026-05-20 11:19:27,336 INFO src.train.trainer: Epoch 6
2026-05-20 11:19:31,270 INFO src.train.trainer: New best validation loss: 0.0749, saved to /root/autodl-tmp/em_eqf/experiments/clf_grid_AZDX/runs/tf_60_mf_5p0_seed_4/best_model_1.pth
2026-05-20 11:19:31,279 INFO src.train.trainer: Last model at epoch 6 saved to /root/autodl-tmp/em_eqf/experiments/clf_grid_AZDX/runs/tf_60_mf_5p0_seed_4/last_model_1.pth
2026-05-20 11:19:31,280 INFO src.train.trainer: Epoch 7
2026-05-20 11:19:34,512 INFO src.train.trainer: New best validation loss: 0.0730, saved to /root/autodl-tmp/em_eqf/experiments/clf_grid_AZDX/runs/tf_60_mf_5p0_seed_4/best_model_1.pth
2026-05-20 11:19:34,521 INFO src.train.trainer: Last model at epoch 7 saved to /root/autodl-tmp/em_eqf/experiments/clf_grid_AZDX/runs/tf_60_mf_5p0_seed_4/last_model_1.pth
2026-05-20 11:19:34,521 INFO src.train.trainer: Epoch 8
2026-05-20 11:19:37,766 INFO src.train.trainer: Last model at epoch 8 saved to /root/autodl-tmp/em_eqf/experiments/clf_grid_AZDX/runs/tf_60_mf_5p0_seed_4/last_model_1.pth
2026-05-20 11:19:37,766 INFO src.train.trainer: Epoch 9
2026-05-20 11:19:40,835 INFO src.train.trainer: New best validation loss: 0.0724, saved to /root/autodl-tmp/em_eqf/experiments/clf_grid_AZDX/runs/tf_60_mf_5p0_seed_4/best_model_1.pth
2026-05-20 11:19:40,844 INFO src.train.trainer: Last model at epoch 9 saved to /root/autodl-tmp/em_eqf/experiments/clf_grid_AZDX/runs/tf_60_mf_5p0_seed_4/last_model_1.pth
2026-05-20 11:19:40,844 INFO src.train.trainer: Epoch 10
2026-05-20 11:19:43,829 INFO src.train.trainer: Last model at epoch 10 saved to /root/autodl-tmp/em_eqf/experiments/clf_grid_AZDX/runs/tf_60_mf_5p0_seed_4/last_model_1.pth
2026-05-20 11:19:43,829 INFO src.train.trainer: Epoch 11
2026-05-20 11:19:46,997 INFO src.train.trainer: Last model at epoch 11 saved to /root/autodl-tmp/em_eqf/experiments/clf_grid_AZDX/runs/tf_60_mf_5p0_seed_4/last_model_1.pth
2026-05-20 11:19:46,998 INFO src.train.trainer: Epoch 12
2026-05-20 11:19:50,512 INFO src.train.trainer: Last model at epoch 12 saved to /root/autodl-tmp/em_eqf/experiments/clf_grid_AZDX/runs/tf_60_mf_5p0_seed_4/last_model_1.pth
2026-05-20 11:19:50,513 INFO src.train.trainer: Epoch 13
2026-05-20 11:19:54,830 INFO src.train.trainer: New best validation loss: 0.0701, saved to /root/autodl-tmp/em_eqf/experiments/clf_grid_AZDX/runs/tf_60_mf_5p0_seed_4/best_model_1.pth
2026-05-20 11:19:54,839 INFO src.train.trainer: Last model at epoch 13 saved to /root/autodl-tmp/em_eqf/experiments/clf_grid_AZDX/runs/tf_60_mf_5p0_seed_4/last_model_1.pth
2026-05-20 11:19:54,839 INFO src.train.trainer: Epoch 14
2026-05-20 11:19:58,627 INFO src.train.trainer: Last model at epoch 14 saved to /root/autodl-tmp/em_eqf/experiments/clf_grid_AZDX/runs/tf_60_mf_5p0_seed_4/last_model_1.pth
2026-05-20 11:19:58,628 INFO src.train.trainer: Epoch 15
2026-05-20 11:20:02,132 INFO src.train.trainer: Last model at epoch 15 saved to /root/autodl-tmp/em_eqf/experiments/clf_grid_AZDX/runs/tf_60_mf_5p0_seed_4/last_model_1.pth
2026-05-20 11:20:02,132 INFO src.train.trainer: Epoch 16
2026-05-20 11:20:05,536 INFO src.train.trainer: Last model at epoch 16 saved to /root/autodl-tmp/em_eqf/experiments/clf_grid_AZDX/runs/tf_60_mf_5p0_seed_4/last_model_1.pth
2026-05-20 11:20:05,537 INFO src.train.trainer: Epoch 17
2026-05-20 11:20:08,867 INFO src.train.trainer: Last model at epoch 17 saved to /root/autodl-tmp/em_eqf/experiments/clf_grid_AZDX/runs/tf_60_mf_5p0_seed_4/last_model_1.pth
2026-05-20 11:20:08,867 INFO src.train.trainer: Epoch 18
2026-05-20 11:20:12,312 INFO src.train.trainer: Last model at epoch 18 saved to /root/autodl-tmp/em_eqf/experiments/clf_grid_AZDX/runs/tf_60_mf_5p0_seed_4/last_model_1.pth
2026-05-20 11:20:12,312 INFO src.train.trainer: Epoch 19
2026-05-20 11:20:15,756 INFO src.train.trainer: New best validation loss: 0.0700, saved to /root/autodl-tmp/em_eqf/experiments/clf_grid_AZDX/runs/tf_60_mf_5p0_seed_4/best_model_1.pth
2026-05-20 11:20:15,766 INFO src.train.trainer: Last model at epoch 19 saved to /root/autodl-tmp/em_eqf/experiments/clf_grid_AZDX/runs/tf_60_mf_5p0_seed_4/last_model_1.pth
2026-05-20 11:20:15,766 INFO src.train.trainer: Epoch 20
2026-05-20 11:20:19,428 INFO src.train.trainer: New best validation loss: 0.0682, saved to /root/autodl-tmp/em_eqf/experiments/clf_grid_AZDX/runs/tf_60_mf_5p0_seed_4/best_model_1.pth
2026-05-20 11:20:19,437 INFO src.train.trainer: Last model at epoch 20 saved to /root/autodl-tmp/em_eqf/experiments/clf_grid_AZDX/runs/tf_60_mf_5p0_seed_4/last_model_1.pth
2026-05-20 11:20:19,437 INFO src.train.trainer: Epoch 21
2026-05-20 11:20:22,711 INFO src.train.trainer: Last model at epoch 21 saved to /root/autodl-tmp/em_eqf/experiments/clf_grid_AZDX/runs/tf_60_mf_5p0_seed_4/last_model_1.pth
2026-05-20 11:20:22,711 INFO src.train.trainer: Epoch 22
2026-05-20 11:20:25,989 INFO src.train.trainer: Last model at epoch 22 saved to /root/autodl-tmp/em_eqf/experiments/clf_grid_AZDX/runs/tf_60_mf_5p0_seed_4/last_model_1.pth
2026-05-20 11:20:25,990 INFO src.train.trainer: Epoch 23
2026-05-20 11:20:29,530 INFO src.train.trainer: Last model at epoch 23 saved to /root/autodl-tmp/em_eqf/experiments/clf_grid_AZDX/runs/tf_60_mf_5p0_seed_4/last_model_1.pth
2026-05-20 11:20:29,530 INFO src.train.trainer: Epoch 24
2026-05-20 11:20:33,015 INFO src.train.trainer: Last model at epoch 24 saved to /root/autodl-tmp/em_eqf/experiments/clf_grid_AZDX/runs/tf_60_mf_5p0_seed_4/last_model_1.pth
2026-05-20 11:20:33,015 INFO src.train.trainer: Epoch 25
2026-05-20 11:20:36,165 INFO src.train.trainer: Last model at epoch 25 saved to /root/autodl-tmp/em_eqf/experiments/clf_grid_AZDX/runs/tf_60_mf_5p0_seed_4/last_model_1.pth
2026-05-20 11:20:36,166 INFO src.train.trainer: Epoch 26
2026-05-20 11:20:39,598 INFO src.train.trainer: Last model at epoch 26 saved to /root/autodl-tmp/em_eqf/experiments/clf_grid_AZDX/runs/tf_60_mf_5p0_seed_4/last_model_1.pth
2026-05-20 11:20:39,598 INFO src.train.trainer: Epoch 27
2026-05-20 11:20:42,569 INFO src.train.trainer: Last model at epoch 27 saved to /root/autodl-tmp/em_eqf/experiments/clf_grid_AZDX/runs/tf_60_mf_5p0_seed_4/last_model_1.pth
2026-05-20 11:20:42,570 INFO src.train.trainer: Epoch 28
2026-05-20 11:20:45,663 INFO src.train.trainer: Last model at epoch 28 saved to /root/autodl-tmp/em_eqf/experiments/clf_grid_AZDX/runs/tf_60_mf_5p0_seed_4/last_model_1.pth
2026-05-20 11:20:45,663 INFO src.train.trainer: Epoch 29
2026-05-20 11:20:48,971 INFO src.train.trainer: New best validation loss: 0.0678, saved to /root/autodl-tmp/em_eqf/experiments/clf_grid_AZDX/runs/tf_60_mf_5p0_seed_4/best_model_1.pth
2026-05-20 11:20:48,984 INFO src.train.trainer: Last model at epoch 29 saved to /root/autodl-tmp/em_eqf/experiments/clf_grid_AZDX/runs/tf_60_mf_5p0_seed_4/last_model_1.pth
2026-05-20 11:20:48,984 INFO src.train.trainer: Epoch 30
2026-05-20 11:20:52,465 INFO src.train.trainer: Last model at epoch 30 saved to /root/autodl-tmp/em_eqf/experiments/clf_grid_AZDX/runs/tf_60_mf_5p0_seed_4/last_model_1.pth
2026-05-20 11:20:52,465 INFO src.train.trainer: Epoch 31
2026-05-20 11:20:56,091 INFO src.train.trainer: Last model at epoch 31 saved to /root/autodl-tmp/em_eqf/experiments/clf_grid_AZDX/runs/tf_60_mf_5p0_seed_4/last_model_1.pth
2026-05-20 11:20:56,091 INFO src.train.trainer: Epoch 32
2026-05-20 11:20:59,945 INFO src.train.trainer: Last model at epoch 32 saved to /root/autodl-tmp/em_eqf/experiments/clf_grid_AZDX/runs/tf_60_mf_5p0_seed_4/last_model_1.pth
2026-05-20 11:20:59,945 INFO src.train.trainer: Epoch 33
2026-05-20 11:21:03,039 INFO src.train.trainer: Last model at epoch 33 saved to /root/autodl-tmp/em_eqf/experiments/clf_grid_AZDX/runs/tf_60_mf_5p0_seed_4/last_model_1.pth
2026-05-20 11:21:03,040 INFO src.train.trainer: Epoch 34
2026-05-20 11:21:06,357 INFO src.train.trainer: Last model at epoch 34 saved to /root/autodl-tmp/em_eqf/experiments/clf_grid_AZDX/runs/tf_60_mf_5p0_seed_4/last_model_1.pth
2026-05-20 11:21:06,358 INFO src.train.trainer: Epoch 35
2026-05-20 11:21:09,285 INFO src.train.trainer: Last model at epoch 35 saved to /root/autodl-tmp/em_eqf/experiments/clf_grid_AZDX/runs/tf_60_mf_5p0_seed_4/last_model_1.pth
2026-05-20 11:21:09,286 INFO src.train.trainer: Epoch 36
2026-05-20 11:21:12,396 INFO src.train.trainer: Last model at epoch 36 saved to /root/autodl-tmp/em_eqf/experiments/clf_grid_AZDX/runs/tf_60_mf_5p0_seed_4/last_model_1.pth
2026-05-20 11:21:12,396 INFO src.train.trainer: Epoch 37
2026-05-20 11:21:15,609 INFO src.train.trainer: Last model at epoch 37 saved to /root/autodl-tmp/em_eqf/experiments/clf_grid_AZDX/runs/tf_60_mf_5p0_seed_4/last_model_1.pth
2026-05-20 11:21:15,609 INFO src.train.trainer: Epoch 38
2026-05-20 11:21:19,163 INFO src.train.trainer: Last model at epoch 38 saved to /root/autodl-tmp/em_eqf/experiments/clf_grid_AZDX/runs/tf_60_mf_5p0_seed_4/last_model_1.pth
2026-05-20 11:21:19,163 INFO src.train.trainer: Epoch 39
2026-05-20 11:21:22,766 INFO src.train.trainer: New best validation loss: 0.0676, saved to /root/autodl-tmp/em_eqf/experiments/clf_grid_AZDX/runs/tf_60_mf_5p0_seed_4/best_model_1.pth
2026-05-20 11:21:22,774 INFO src.train.trainer: Last model at epoch 39 saved to /root/autodl-tmp/em_eqf/experiments/clf_grid_AZDX/runs/tf_60_mf_5p0_seed_4/last_model_1.pth
2026-05-20 11:21:22,775 INFO src.train.trainer: Epoch 40
2026-05-20 11:21:26,031 INFO src.train.trainer: Last model at epoch 40 saved to /root/autodl-tmp/em_eqf/experiments/clf_grid_AZDX/runs/tf_60_mf_5p0_seed_4/last_model_1.pth
2026-05-20 11:21:26,031 INFO src.train.trainer: Epoch 41
2026-05-20 11:21:29,297 INFO src.train.trainer: Last model at epoch 41 saved to /root/autodl-tmp/em_eqf/experiments/clf_grid_AZDX/runs/tf_60_mf_5p0_seed_4/last_model_1.pth
2026-05-20 11:21:29,297 INFO src.train.trainer: Epoch 42
2026-05-20 11:21:32,437 INFO src.train.trainer: Last model at epoch 42 saved to /root/autodl-tmp/em_eqf/experiments/clf_grid_AZDX/runs/tf_60_mf_5p0_seed_4/last_model_1.pth
2026-05-20 11:21:32,437 INFO src.train.trainer: Epoch 43
2026-05-20 11:21:35,611 INFO src.train.trainer: Last model at epoch 43 saved to /root/autodl-tmp/em_eqf/experiments/clf_grid_AZDX/runs/tf_60_mf_5p0_seed_4/last_model_1.pth
2026-05-20 11:21:35,611 INFO src.train.trainer: Epoch 44
2026-05-20 11:21:38,527 INFO src.train.trainer: New best validation loss: 0.0668, saved to /root/autodl-tmp/em_eqf/experiments/clf_grid_AZDX/runs/tf_60_mf_5p0_seed_4/best_model_1.pth
2026-05-20 11:21:38,538 INFO src.train.trainer: Last model at epoch 44 saved to /root/autodl-tmp/em_eqf/experiments/clf_grid_AZDX/runs/tf_60_mf_5p0_seed_4/last_model_1.pth
2026-05-20 11:21:38,538 INFO src.train.trainer: Epoch 45
2026-05-20 11:21:41,527 INFO src.train.trainer: Last model at epoch 45 saved to /root/autodl-tmp/em_eqf/experiments/clf_grid_AZDX/runs/tf_60_mf_5p0_seed_4/last_model_1.pth
2026-05-20 11:21:41,528 INFO src.train.trainer: Epoch 46
2026-05-20 11:21:44,958 INFO src.train.trainer: Last model at epoch 46 saved to /root/autodl-tmp/em_eqf/experiments/clf_grid_AZDX/runs/tf_60_mf_5p0_seed_4/last_model_1.pth
2026-05-20 11:21:44,958 INFO src.train.trainer: Epoch 47
2026-05-20 11:21:48,659 INFO src.train.trainer: Last model at epoch 47 saved to /root/autodl-tmp/em_eqf/experiments/clf_grid_AZDX/runs/tf_60_mf_5p0_seed_4/last_model_1.pth
2026-05-20 11:21:48,659 INFO src.train.trainer: Epoch 48
2026-05-20 11:21:51,633 INFO src.train.trainer: Last model at epoch 48 saved to /root/autodl-tmp/em_eqf/experiments/clf_grid_AZDX/runs/tf_60_mf_5p0_seed_4/last_model_1.pth
2026-05-20 11:21:51,634 INFO src.train.trainer: Epoch 49
2026-05-20 11:21:54,729 INFO src.train.trainer: Last model at epoch 49 saved to /root/autodl-tmp/em_eqf/experiments/clf_grid_AZDX/runs/tf_60_mf_5p0_seed_4/last_model_1.pth
2026-05-20 11:21:54,730 INFO src.train.trainer: Epoch 50
2026-05-20 11:21:57,772 INFO src.train.trainer: Last model at epoch 50 saved to /root/autodl-tmp/em_eqf/experiments/clf_grid_AZDX/runs/tf_60_mf_5p0_seed_4/last_model_1.pth
2026-05-20 11:21:57,772 INFO src.train.trainer: Epoch 51
2026-05-20 11:22:00,581 INFO src.train.trainer: Last model at epoch 51 saved to /root/autodl-tmp/em_eqf/experiments/clf_grid_AZDX/runs/tf_60_mf_5p0_seed_4/last_model_1.pth
2026-05-20 11:22:00,581 INFO src.train.trainer: Epoch 52
2026-05-20 11:22:03,330 INFO src.train.trainer: Last model at epoch 52 saved to /root/autodl-tmp/em_eqf/experiments/clf_grid_AZDX/runs/tf_60_mf_5p0_seed_4/last_model_1.pth
2026-05-20 11:22:03,330 INFO src.train.trainer: Epoch 53
2026-05-20 11:22:06,532 INFO src.train.trainer: Last model at epoch 53 saved to /root/autodl-tmp/em_eqf/experiments/clf_grid_AZDX/runs/tf_60_mf_5p0_seed_4/last_model_1.pth
2026-05-20 11:22:06,533 INFO src.train.trainer: Epoch 54
2026-05-20 11:22:09,734 INFO src.train.trainer: Last model at epoch 54 saved to /root/autodl-tmp/em_eqf/experiments/clf_grid_AZDX/runs/tf_60_mf_5p0_seed_4/last_model_1.pth
2026-05-20 11:22:09,735 INFO src.train.trainer: Early stopping triggered at epoch 54 (best epoch: 44, best val loss: 0.066789)
2026-05-20 11:22:20,454 INFO src.data.preprocessing: CSV files found: ['chuandian_2021.csv']
2026-05-20 11:22:21,463 INFO src.utils.file_utils: Loading cached data from: data/ChuanDian/classifier/classifier_Mc_3_Mf_5.0_Tfore_60_Twindow_180_context_len_1_dt_10.pkl
2026-05-20 11:22:21,971 INFO src.data.preprocessing: Catalog statistics: {'tau_unfiltered': 0.15339908988298961, 'tau_q025': 0.08114294020924717, 'tau_q05': 0.5134664350189269, 'tau_mean': 1.3070542199341526, 'tau_max': 25.18216435192153, 'tau_min': 0.0, 'time_max': 18770.72654999979, 'time_mean': 10030.9430649837, 'mag_completeness': 3.0, 'mag_mean': 3.456916005014626, 'mag_max': 8.0, 'mag_min': 3.0, 'b_value': 0.856738547623331, 'b_std': 0.0071499224812533796, 'b_n': 14358}
2026-05-20 11:22:22,005 INFO src.data.event_loader: lengths of samples: min=32, max=981, avg=129.55
2026-05-20 11:22:22,005 INFO src.data.event_loader: Number of positive samples: 808
2026-05-20 11:22:22,005 INFO src.data.event_loader: Number of negative samples: 651
2026-05-20 11:22:22,006 INFO src.data.event_loader: Positive samples: 673, Negative samples: 494
2026-05-20 11:22:22,007 INFO src.data.event_loader: Total samples: 1167, Positive ratio: 0.58, Negative ratio: 0.42
2026-05-20 11:22:22,007 INFO src.data.event_loader: Positive samples: 87, Negative samples: 58
2026-05-20 11:22:22,007 INFO src.data.event_loader: Total samples: 145, Positive ratio: 0.60, Negative ratio: 0.40
2026-05-20 11:22:22,007 INFO src.data.event_loader: Positive samples: 48, Negative samples: 99
2026-05-20 11:22:22,007 INFO src.data.event_loader: Total samples: 147, Positive ratio: 0.33, Negative ratio: 0.67
2026-05-20 11:22:22,636 INFO src.models.adapters.mixer_task: using time scale base 1.3070542199341526 (key: tau_mean)
2026-05-20 11:22:22,636 INFO src.models.adapters.mixer_task: tau mean: tensor(1.3071)
2026-05-20 11:22:22,650 INFO src.train.config_setup: Restoring model from checkpoint.
2026-05-20 11:22:22,650 INFO src.train.config_setup: Loading model weights: load_specific_parts=None
2026-05-20 11:22:22,652 INFO src.train.config_setup: Checkpoint loaded: <All keys matched successfully>
2026-05-20 11:22:22,652 INFO src.train.config_setup: Full load summary: loaded=56, missing=0, unexpected=0
2026-05-20 11:22:22,653 INFO src.train.config_setup: Checkpoint hyperparameters loaded.
2026-05-20 11:22:22,653 INFO src.train.config_setup: Checkpoint train metrics available.
2026-05-20 11:22:22,653 INFO src.train.config_setup: Checkpoint val metrics available.
2026-05-20 11:22:22,653 INFO src.train.config_setup: Freeze skipped (checkpoint_restore): freeze_parts is empty.
2026-05-20 11:22:22,653 INFO src.train.config_setup: Using classification criterion: focal
2026-05-20 11:22:22,653 INFO src.train.config_setup: Criterion config: {'alpha': 0.5, 'gamma': 2.0}
2026-05-20 11:22:22,654 INFO src.train.config_setup: Not resuming optimizer/scheduler state; reset training state to start_epoch=0, best_val_loss=inf.
2026-05-20 11:22:22,655 INFO src.cli.common: Using threshold 0.45151108503341675 from checkpoint val_metrics for testing.
2026-05-20 11:22:27,217 INFO src.utils.metrics: ROC curve saved to /root/autodl-tmp/em_eqf/experiments/clf_grid_AZDX/runs/tf_60_mf_5p0_seed_4/roc_curve.png
2026-05-20 11:22:27,358 INFO src.utils.metrics: PR curve saved to /root/autodl-tmp/em_eqf/experiments/clf_grid_AZDX/runs/tf_60_mf_5p0_seed_4/pr_curve.png
2026-05-20 11:22:27,434 INFO src.utils.metrics: Confusion matrix saved to /root/autodl-tmp/em_eqf/experiments/clf_grid_AZDX/runs/tf_60_mf_5p0_seed_4/confusion_matrix.png
2026-05-20 11:22:27,435 INFO src.cli.workflows: Test loss: 0.06559281721711159
2026-05-20 11:22:28,375 INFO src.train.classifier_train_step: Prediction distribution plot has been saved to: /root/autodl-tmp/em_eqf/experiments/clf_grid_AZDX/runs/tf_60_mf_5p0_seed_4/train_pred_distribution.png
2026-05-20 11:22:28,761 INFO src.train.classifier_train_step: Prediction distribution plot has been saved to: /root/autodl-tmp/em_eqf/experiments/clf_grid_AZDX/runs/tf_60_mf_5p0_seed_4/val_pred_distribution.png
2026-05-20 11:22:29,091 INFO src.train.classifier_train_step: Prediction distribution plot has been saved to: /root/autodl-tmp/em_eqf/experiments/clf_grid_AZDX/runs/tf_60_mf_5p0_seed_4/test_pred_distribution.png
2026-05-20 11:22:29,091 INFO src.cli.common: Saved test metrics to /root/autodl-tmp/em_eqf/experiments/clf_grid_AZDX/runs/tf_60_mf_5p0_seed_4/metrics_test_best_1.json
2026-05-20 11:22:29,091 INFO src.cli.common: Metrics: {'precision': 0.5873015873015873, 'recall': 0.7708333333333334, 'f1': 0.6666666666666666, 'auc': 0.8257575757575757, 'pr_auc': 0.7678001565477256, 'fpr': 0.26262626262626265, 'tpr': 0.7708333333333334, 'R': 0.5082070707070707, 'conf': 1.0, 'threshold': 0.45151108503341675}
