2026-05-18 20:10:56,698 INFO src.data.preprocessing: CSV files found: ['chuandian_2021.csv']
2026-05-18 20:10:57,773 INFO src.utils.file_utils: Loading cached data from: data/ChuanDian/classifier/classifier_Mc_3_Mf_4.5_Tfore_20_Twindow_180_context_len_1_dt_10.pkl
2026-05-18 20:10:58,785 INFO src.data.preprocessing: Catalog statistics: {'tau_unfiltered': 0.15339908988298961, 'tau_q025': 0.08114294020924717, 'tau_q05': 0.5134664350189269, 'tau_mean': 1.3070542199341526, 'tau_max': 25.18216435192153, 'tau_min': 0.0, 'time_max': 18770.72654999979, 'time_mean': 10030.9430649837, 'mag_completeness': 3.0, 'mag_mean': 3.456916005014626, 'mag_max': 8.0, 'mag_min': 3.0, 'b_value': 0.856738547623331, 'b_std': 0.0071499224812533796, 'b_n': 14358}
2026-05-18 20:10:58,805 INFO src.data.event_loader: lengths of samples: min=32, max=981, avg=133.42
2026-05-18 20:10:58,805 INFO src.data.event_loader: Number of positive samples: 623
2026-05-18 20:10:58,806 INFO src.data.event_loader: Number of negative samples: 845
2026-05-18 20:10:58,807 INFO src.data.event_loader: Positive samples: 528, Negative samples: 646
2026-05-18 20:10:58,807 INFO src.data.event_loader: Total samples: 1174, Positive ratio: 0.45, Negative ratio: 0.55
2026-05-18 20:10:58,807 INFO src.data.event_loader: Positive samples: 60, Negative samples: 86
2026-05-18 20:10:58,807 INFO src.data.event_loader: Total samples: 146, Positive ratio: 0.41, Negative ratio: 0.59
2026-05-18 20:10:58,807 INFO src.data.event_loader: Positive samples: 35, Negative samples: 113
2026-05-18 20:10:58,807 INFO src.data.event_loader: Total samples: 148, Positive ratio: 0.24, Negative ratio: 0.76
2026-05-18 20:10:58,969 INFO src.cli.workflows: Loading checkpoint from: ./checkpoints/mixer_tpp_20260508-182744/last_model_1.pth
2026-05-18 20:10:59,610 INFO src.models.adapters.mixer_task: using time scale base 1.3070542199341526 (key: tau_mean)
2026-05-18 20:10:59,610 INFO src.models.adapters.mixer_task: tau mean: tensor(1.3071)
2026-05-18 20:10:59,684 INFO src.train.config_setup: Restoring model from checkpoint.
2026-05-18 20:10:59,684 INFO src.train.config_setup: Loading model weights: load_specific_parts=['base_model.encoder.input_proj', 'base_model.encoder.layers.0']
2026-05-18 20:10:59,686 INFO src.train.config_setup: Selective load summary: requested_parts=['base_model.encoder.input_proj', 'base_model.encoder.layers.0'], target_in_model=16, matched_in_checkpoint=16, loaded=16, missing_after_load=0, shape_mismatch=0, missing_in_model=0, out_of_scope_loaded=0
2026-05-18 20:10:59,686 INFO src.train.config_setup: Selective load coverage [base_model.encoder.input_proj]: target=4, hit=4, missing=0, complete=True
2026-05-18 20:10:59,686 INFO src.train.config_setup: Selective load coverage [base_model.encoder.layers.0]: target=12, hit=12, missing=0, complete=True
2026-05-18 20:10:59,686 INFO src.train.config_setup: Loaded parameter preview: ['base_model.encoder.layers.0.mixer.in_proj.weight', 'base_model.encoder.layers.0.mixer.D', 'base_model.encoder.input_proj.3.bias', 'base_model.encoder.input_proj.0.bias', 'base_model.encoder.input_proj.0.weight', 'base_model.encoder.layers.0.norm.weight', 'base_model.encoder.layers.0.norm2.bias', 'base_model.encoder.layers.0.mixer.out_proj.weight', 'base_model.encoder.input_proj.3.weight', 'base_model.encoder.layers.0.mlp.fc1.weight'] ... (+6 more)
2026-05-18 20:10:59,687 INFO src.train.config_setup: Checkpoint hyperparameters loaded.
2026-05-18 20:10:59,687 INFO src.train.config_setup: Checkpoint train metrics available.
2026-05-18 20:10:59,687 INFO src.train.config_setup: Checkpoint val metrics available.
2026-05-18 20:10:59,687 INFO src.train.config_setup: Freeze skipped (checkpoint_restore): freeze_parts is empty.
2026-05-18 20:10:59,687 INFO src.train.config_setup: Using classification criterion: focal
2026-05-18 20:10:59,687 INFO src.train.config_setup: Criterion config: {'alpha': 0.25, 'gamma': 2.0}
2026-05-18 20:10:59,688 INFO src.train.config_setup: Not resuming optimizer/scheduler state; reset training state to start_epoch=0, best_val_loss=inf.
2026-05-18 20:10:59,688 INFO src.train.trainer: Epoch 1
2026-05-18 20:11:27,032 INFO src.train.trainer: New best validation loss: 0.0715, saved to /root/autodl-tmp/em_eqf/experiments/clf_grid_r_2_layer_1/runs/tf_20_mf_4p5_seed_0/best_model_1.pth
2026-05-18 20:11:27,036 INFO src.train.trainer: Last model at epoch 1 saved to /root/autodl-tmp/em_eqf/experiments/clf_grid_r_2_layer_1/runs/tf_20_mf_4p5_seed_0/last_model_1.pth
2026-05-18 20:11:27,036 INFO src.train.trainer: Epoch 2
2026-05-18 20:11:30,213 INFO src.train.trainer: New best validation loss: 0.0684, saved to /root/autodl-tmp/em_eqf/experiments/clf_grid_r_2_layer_1/runs/tf_20_mf_4p5_seed_0/best_model_1.pth
2026-05-18 20:11:30,219 INFO src.train.trainer: Last model at epoch 2 saved to /root/autodl-tmp/em_eqf/experiments/clf_grid_r_2_layer_1/runs/tf_20_mf_4p5_seed_0/last_model_1.pth
2026-05-18 20:11:30,219 INFO src.train.trainer: Epoch 3
2026-05-18 20:11:33,371 INFO src.train.trainer: Last model at epoch 3 saved to /root/autodl-tmp/em_eqf/experiments/clf_grid_r_2_layer_1/runs/tf_20_mf_4p5_seed_0/last_model_1.pth
2026-05-18 20:11:33,371 INFO src.train.trainer: Epoch 4
2026-05-18 20:11:36,907 INFO src.train.trainer: Last model at epoch 4 saved to /root/autodl-tmp/em_eqf/experiments/clf_grid_r_2_layer_1/runs/tf_20_mf_4p5_seed_0/last_model_1.pth
2026-05-18 20:11:36,908 INFO src.train.trainer: Epoch 5
2026-05-18 20:11:40,477 INFO src.train.trainer: Last model at epoch 5 saved to /root/autodl-tmp/em_eqf/experiments/clf_grid_r_2_layer_1/runs/tf_20_mf_4p5_seed_0/last_model_1.pth
2026-05-18 20:11:40,477 INFO src.train.trainer: Epoch 6
2026-05-18 20:11:43,906 INFO src.train.trainer: Last model at epoch 6 saved to /root/autodl-tmp/em_eqf/experiments/clf_grid_r_2_layer_1/runs/tf_20_mf_4p5_seed_0/last_model_1.pth
2026-05-18 20:11:43,906 INFO src.train.trainer: Epoch 7
2026-05-18 20:11:47,328 INFO src.train.trainer: New best validation loss: 0.0667, saved to /root/autodl-tmp/em_eqf/experiments/clf_grid_r_2_layer_1/runs/tf_20_mf_4p5_seed_0/best_model_1.pth
2026-05-18 20:11:47,336 INFO src.train.trainer: Last model at epoch 7 saved to /root/autodl-tmp/em_eqf/experiments/clf_grid_r_2_layer_1/runs/tf_20_mf_4p5_seed_0/last_model_1.pth
2026-05-18 20:11:47,337 INFO src.train.trainer: Epoch 8
2026-05-18 20:11:51,100 INFO src.train.trainer: Last model at epoch 8 saved to /root/autodl-tmp/em_eqf/experiments/clf_grid_r_2_layer_1/runs/tf_20_mf_4p5_seed_0/last_model_1.pth
2026-05-18 20:11:51,100 INFO src.train.trainer: Epoch 9
2026-05-18 20:11:54,999 INFO src.train.trainer: Last model at epoch 9 saved to /root/autodl-tmp/em_eqf/experiments/clf_grid_r_2_layer_1/runs/tf_20_mf_4p5_seed_0/last_model_1.pth
2026-05-18 20:11:54,999 INFO src.train.trainer: Epoch 10
2026-05-18 20:11:57,997 INFO src.train.trainer: Last model at epoch 10 saved to /root/autodl-tmp/em_eqf/experiments/clf_grid_r_2_layer_1/runs/tf_20_mf_4p5_seed_0/last_model_1.pth
2026-05-18 20:11:57,998 INFO src.train.trainer: Epoch 11
2026-05-18 20:12:00,962 INFO src.train.trainer: New best validation loss: 0.0651, saved to /root/autodl-tmp/em_eqf/experiments/clf_grid_r_2_layer_1/runs/tf_20_mf_4p5_seed_0/best_model_1.pth
2026-05-18 20:12:00,968 INFO src.train.trainer: Last model at epoch 11 saved to /root/autodl-tmp/em_eqf/experiments/clf_grid_r_2_layer_1/runs/tf_20_mf_4p5_seed_0/last_model_1.pth
2026-05-18 20:12:00,968 INFO src.train.trainer: Epoch 12
2026-05-18 20:12:04,310 INFO src.train.trainer: Last model at epoch 12 saved to /root/autodl-tmp/em_eqf/experiments/clf_grid_r_2_layer_1/runs/tf_20_mf_4p5_seed_0/last_model_1.pth
2026-05-18 20:12:04,310 INFO src.train.trainer: Epoch 13
2026-05-18 20:12:07,456 INFO src.train.trainer: Last model at epoch 13 saved to /root/autodl-tmp/em_eqf/experiments/clf_grid_r_2_layer_1/runs/tf_20_mf_4p5_seed_0/last_model_1.pth
2026-05-18 20:12:07,456 INFO src.train.trainer: Epoch 14
2026-05-18 20:12:10,281 INFO src.train.trainer: Last model at epoch 14 saved to /root/autodl-tmp/em_eqf/experiments/clf_grid_r_2_layer_1/runs/tf_20_mf_4p5_seed_0/last_model_1.pth
2026-05-18 20:12:10,281 INFO src.train.trainer: Epoch 15
2026-05-18 20:12:13,127 INFO src.train.trainer: Last model at epoch 15 saved to /root/autodl-tmp/em_eqf/experiments/clf_grid_r_2_layer_1/runs/tf_20_mf_4p5_seed_0/last_model_1.pth
2026-05-18 20:12:13,127 INFO src.train.trainer: Epoch 16
2026-05-18 20:12:16,267 INFO src.train.trainer: Last model at epoch 16 saved to /root/autodl-tmp/em_eqf/experiments/clf_grid_r_2_layer_1/runs/tf_20_mf_4p5_seed_0/last_model_1.pth
2026-05-18 20:12:16,267 INFO src.train.trainer: Epoch 17
2026-05-18 20:12:19,395 INFO src.train.trainer: New best validation loss: 0.0613, saved to /root/autodl-tmp/em_eqf/experiments/clf_grid_r_2_layer_1/runs/tf_20_mf_4p5_seed_0/best_model_1.pth
2026-05-18 20:12:19,401 INFO src.train.trainer: Last model at epoch 17 saved to /root/autodl-tmp/em_eqf/experiments/clf_grid_r_2_layer_1/runs/tf_20_mf_4p5_seed_0/last_model_1.pth
2026-05-18 20:12:19,401 INFO src.train.trainer: Epoch 18
2026-05-18 20:12:22,242 INFO src.train.trainer: Last model at epoch 18 saved to /root/autodl-tmp/em_eqf/experiments/clf_grid_r_2_layer_1/runs/tf_20_mf_4p5_seed_0/last_model_1.pth
2026-05-18 20:12:22,242 INFO src.train.trainer: Epoch 19
2026-05-18 20:12:25,317 INFO src.train.trainer: Last model at epoch 19 saved to /root/autodl-tmp/em_eqf/experiments/clf_grid_r_2_layer_1/runs/tf_20_mf_4p5_seed_0/last_model_1.pth
2026-05-18 20:12:25,317 INFO src.train.trainer: Epoch 20
2026-05-18 20:12:28,466 INFO src.train.trainer: Last model at epoch 20 saved to /root/autodl-tmp/em_eqf/experiments/clf_grid_r_2_layer_1/runs/tf_20_mf_4p5_seed_0/last_model_1.pth
2026-05-18 20:12:28,466 INFO src.train.trainer: Epoch 21
2026-05-18 20:12:31,696 INFO src.train.trainer: Last model at epoch 21 saved to /root/autodl-tmp/em_eqf/experiments/clf_grid_r_2_layer_1/runs/tf_20_mf_4p5_seed_0/last_model_1.pth
2026-05-18 20:12:31,697 INFO src.train.trainer: Epoch 22
2026-05-18 20:12:34,898 INFO src.train.trainer: Last model at epoch 22 saved to /root/autodl-tmp/em_eqf/experiments/clf_grid_r_2_layer_1/runs/tf_20_mf_4p5_seed_0/last_model_1.pth
2026-05-18 20:12:34,899 INFO src.train.trainer: Epoch 23
2026-05-18 20:12:37,974 INFO src.train.trainer: Last model at epoch 23 saved to /root/autodl-tmp/em_eqf/experiments/clf_grid_r_2_layer_1/runs/tf_20_mf_4p5_seed_0/last_model_1.pth
2026-05-18 20:12:37,975 INFO src.train.trainer: Epoch 24
2026-05-18 20:12:41,102 INFO src.train.trainer: Last model at epoch 24 saved to /root/autodl-tmp/em_eqf/experiments/clf_grid_r_2_layer_1/runs/tf_20_mf_4p5_seed_0/last_model_1.pth
2026-05-18 20:12:41,102 INFO src.train.trainer: Epoch 25
2026-05-18 20:12:44,297 INFO src.train.trainer: Last model at epoch 25 saved to /root/autodl-tmp/em_eqf/experiments/clf_grid_r_2_layer_1/runs/tf_20_mf_4p5_seed_0/last_model_1.pth
2026-05-18 20:12:44,297 INFO src.train.trainer: Epoch 26
2026-05-18 20:12:47,356 INFO src.train.trainer: Last model at epoch 26 saved to /root/autodl-tmp/em_eqf/experiments/clf_grid_r_2_layer_1/runs/tf_20_mf_4p5_seed_0/last_model_1.pth
2026-05-18 20:12:47,357 INFO src.train.trainer: Epoch 27
2026-05-18 20:12:50,305 INFO src.train.trainer: Last model at epoch 27 saved to /root/autodl-tmp/em_eqf/experiments/clf_grid_r_2_layer_1/runs/tf_20_mf_4p5_seed_0/last_model_1.pth
2026-05-18 20:12:50,305 INFO src.train.trainer: Early stopping triggered at epoch 27 (best epoch: 17, best val loss: 0.061294)
2026-05-18 20:13:02,279 INFO src.data.preprocessing: CSV files found: ['chuandian_2021.csv']
2026-05-18 20:13:03,550 INFO src.utils.file_utils: Loading cached data from: data/ChuanDian/classifier/classifier_Mc_3_Mf_4.5_Tfore_20_Twindow_180_context_len_1_dt_10.pkl
2026-05-18 20:13:04,769 INFO src.data.preprocessing: Catalog statistics: {'tau_unfiltered': 0.15339908988298961, 'tau_q025': 0.08114294020924717, 'tau_q05': 0.5134664350189269, 'tau_mean': 1.3070542199341526, 'tau_max': 25.18216435192153, 'tau_min': 0.0, 'time_max': 18770.72654999979, 'time_mean': 10030.9430649837, 'mag_completeness': 3.0, 'mag_mean': 3.456916005014626, 'mag_max': 8.0, 'mag_min': 3.0, 'b_value': 0.856738547623331, 'b_std': 0.0071499224812533796, 'b_n': 14358}
2026-05-18 20:13:04,801 INFO src.data.event_loader: lengths of samples: min=32, max=981, avg=133.42
2026-05-18 20:13:04,802 INFO src.data.event_loader: Number of positive samples: 623
2026-05-18 20:13:04,802 INFO src.data.event_loader: Number of negative samples: 845
2026-05-18 20:13:04,803 INFO src.data.event_loader: Positive samples: 528, Negative samples: 646
2026-05-18 20:13:04,803 INFO src.data.event_loader: Total samples: 1174, Positive ratio: 0.45, Negative ratio: 0.55
2026-05-18 20:13:04,804 INFO src.data.event_loader: Positive samples: 60, Negative samples: 86
2026-05-18 20:13:04,804 INFO src.data.event_loader: Total samples: 146, Positive ratio: 0.41, Negative ratio: 0.59
2026-05-18 20:13:04,804 INFO src.data.event_loader: Positive samples: 35, Negative samples: 113
2026-05-18 20:13:04,804 INFO src.data.event_loader: Total samples: 148, Positive ratio: 0.24, Negative ratio: 0.76
2026-05-18 20:13:05,374 INFO src.models.adapters.mixer_task: using time scale base 1.3070542199341526 (key: tau_mean)
2026-05-18 20:13:05,375 INFO src.models.adapters.mixer_task: tau mean: tensor(1.3071)
2026-05-18 20:13:05,380 INFO src.train.config_setup: Restoring model from checkpoint.
2026-05-18 20:13:05,380 INFO src.train.config_setup: Loading model weights: load_specific_parts=None
2026-05-18 20:13:05,397 INFO src.train.config_setup: Checkpoint loaded: <All keys matched successfully>
2026-05-18 20:13:05,398 INFO src.train.config_setup: Full load summary: loaded=34, missing=0, unexpected=0
2026-05-18 20:13:05,398 INFO src.train.config_setup: Checkpoint hyperparameters loaded.
2026-05-18 20:13:05,398 INFO src.train.config_setup: Checkpoint train metrics available.
2026-05-18 20:13:05,398 INFO src.train.config_setup: Checkpoint val metrics available.
2026-05-18 20:13:05,398 INFO src.train.config_setup: Freeze skipped (checkpoint_restore): freeze_parts is empty.
2026-05-18 20:13:05,398 INFO src.train.config_setup: Using classification criterion: focal
2026-05-18 20:13:05,398 INFO src.train.config_setup: Criterion config: {'alpha': 0.25, 'gamma': 2.0}
2026-05-18 20:13:05,399 INFO src.train.config_setup: Not resuming optimizer/scheduler state; reset training state to start_epoch=0, best_val_loss=inf.
2026-05-18 20:13:05,399 INFO src.cli.common: Using threshold 0.33179864287376404 from checkpoint val_metrics for testing.
2026-05-18 20:13:09,878 INFO src.utils.metrics: ROC curve saved to /root/autodl-tmp/em_eqf/experiments/clf_grid_r_2_layer_1/runs/tf_20_mf_4p5_seed_0/roc_curve.png
2026-05-18 20:13:10,004 INFO src.utils.metrics: PR curve saved to /root/autodl-tmp/em_eqf/experiments/clf_grid_r_2_layer_1/runs/tf_20_mf_4p5_seed_0/pr_curve.png
2026-05-18 20:13:10,070 INFO src.utils.metrics: Confusion matrix saved to /root/autodl-tmp/em_eqf/experiments/clf_grid_r_2_layer_1/runs/tf_20_mf_4p5_seed_0/confusion_matrix.png
2026-05-18 20:13:10,071 INFO src.cli.workflows: Test loss: 0.04654923528432846
2026-05-18 20:13:10,828 INFO src.train.classifier_train_step: Prediction distribution plot has been saved to: /root/autodl-tmp/em_eqf/experiments/clf_grid_r_2_layer_1/runs/tf_20_mf_4p5_seed_0/train_pred_distribution.png
2026-05-18 20:13:11,169 INFO src.train.classifier_train_step: Prediction distribution plot has been saved to: /root/autodl-tmp/em_eqf/experiments/clf_grid_r_2_layer_1/runs/tf_20_mf_4p5_seed_0/val_pred_distribution.png
2026-05-18 20:13:11,493 INFO src.train.classifier_train_step: Prediction distribution plot has been saved to: /root/autodl-tmp/em_eqf/experiments/clf_grid_r_2_layer_1/runs/tf_20_mf_4p5_seed_0/test_pred_distribution.png
2026-05-18 20:13:11,493 INFO src.cli.common: Saved test metrics to /root/autodl-tmp/em_eqf/experiments/clf_grid_r_2_layer_1/runs/tf_20_mf_4p5_seed_0/metrics_test_best_1.json
2026-05-18 20:13:11,493 INFO src.cli.common: Metrics: {'precision': 0.35051546391752575, 'recall': 0.9714285714285714, 'f1': 0.5151515151515151, 'auc': 0.8126422250316055, 'pr_auc': 0.6455834526799108, 'fpr': 0.5575221238938053, 'tpr': 0.9714285714285714, 'R': 0.41390644753476613, 'conf': 0.5636029668527966, 'threshold': 0.33179864287376404}
2026-05-19 13:27:51,029 INFO src.data.preprocessing: CSV files found: ['chuandian_2021.csv']
2026-05-19 13:27:52,059 INFO src.utils.file_utils: Loading cached data from: data/ChuanDian/classifier/classifier_Mc_3_Mf_4.5_Tfore_20_Twindow_180_context_len_1_dt_10.pkl
2026-05-19 13:27:53,058 INFO src.data.preprocessing: Catalog statistics: {'tau_unfiltered': 0.15339908988298961, 'tau_q025': 0.08114294020924717, 'tau_q05': 0.5134664350189269, 'tau_mean': 1.3070542199341526, 'tau_max': 25.18216435192153, 'tau_min': 0.0, 'time_max': 18770.72654999979, 'time_mean': 10030.9430649837, 'mag_completeness': 3.0, 'mag_mean': 3.456916005014626, 'mag_max': 8.0, 'mag_min': 3.0, 'b_value': 0.856738547623331, 'b_std': 0.0071499224812533796, 'b_n': 14358}
2026-05-19 13:27:53,078 INFO src.data.event_loader: lengths of samples: min=32, max=981, avg=133.42
2026-05-19 13:27:53,078 INFO src.data.event_loader: Number of positive samples: 623
2026-05-19 13:27:53,079 INFO src.data.event_loader: Number of negative samples: 845
2026-05-19 13:27:53,080 INFO src.data.event_loader: Positive samples: 528, Negative samples: 646
2026-05-19 13:27:53,080 INFO src.data.event_loader: Total samples: 1174, Positive ratio: 0.45, Negative ratio: 0.55
2026-05-19 13:27:53,080 INFO src.data.event_loader: Positive samples: 60, Negative samples: 86
2026-05-19 13:27:53,080 INFO src.data.event_loader: Total samples: 146, Positive ratio: 0.41, Negative ratio: 0.59
2026-05-19 13:27:53,081 INFO src.data.event_loader: Positive samples: 35, Negative samples: 113
2026-05-19 13:27:53,081 INFO src.data.event_loader: Total samples: 148, Positive ratio: 0.24, Negative ratio: 0.76
2026-05-19 13:27:53,462 INFO src.models.adapters.mixer_task: using time scale base 1.3070542199341526 (key: tau_mean)
2026-05-19 13:27:53,462 INFO src.models.adapters.mixer_task: tau mean: tensor(1.3071)
2026-05-19 13:27:53,466 INFO src.train.config_setup: Restoring model from checkpoint.
2026-05-19 13:27:53,467 INFO src.train.config_setup: Loading model weights: load_specific_parts=None
2026-05-19 13:27:53,468 INFO src.train.config_setup: Checkpoint loaded: <All keys matched successfully>
2026-05-19 13:27:53,468 INFO src.train.config_setup: Full load summary: loaded=34, missing=0, unexpected=0
2026-05-19 13:27:53,469 INFO src.train.config_setup: Checkpoint hyperparameters loaded.
2026-05-19 13:27:53,469 INFO src.train.config_setup: Checkpoint train metrics available.
2026-05-19 13:27:53,469 INFO src.train.config_setup: Checkpoint val metrics available.
2026-05-19 13:27:53,469 INFO src.train.config_setup: Freeze skipped (checkpoint_restore): freeze_parts is empty.
2026-05-19 13:27:53,469 INFO src.train.config_setup: Using classification criterion: focal
2026-05-19 13:27:53,469 INFO src.train.config_setup: Criterion config: {'alpha': 0.25, 'gamma': 2.0}
2026-05-19 13:27:53,470 INFO src.train.config_setup: Not resuming optimizer/scheduler state; reset training state to start_epoch=0, best_val_loss=inf.
2026-05-19 13:27:53,470 INFO src.cli.common: Using threshold 0.33179864287376404 from checkpoint val_metrics for testing.
