2026-05-21 16:05:20,812 INFO src.data.preprocessing: CSV files found: ['chuandian_2021.csv']
2026-05-21 16:05:21,328 INFO src.utils.file_utils: Loading cached data from: data/ChuanDian/classifier/classifier_Mc_3_Mf_4.5_Tfore_30_Twindow_180_context_len_1_dt_10.pkl
2026-05-21 16:05:21,596 INFO src.data.preprocessing: Catalog statistics: {'tau_unfiltered': 0.15339908988298961, 'tau_q025': 0.08114294020924717, 'tau_q05': 0.5134664350189269, 'tau_mean': 1.3070542199341526, 'tau_max': 25.18216435192153, 'tau_min': 0.0, 'time_max': 18770.72654999979, 'time_mean': 10030.9430649837, 'mag_completeness': 3.0, 'mag_mean': 3.456916005014626, 'mag_max': 8.0, 'mag_min': 3.0, 'b_value': 0.856738547623331, 'b_std': 0.0071499224812533796, 'b_n': 14358}
2026-05-21 16:05:21,610 INFO src.data.event_loader: lengths of samples: min=32, max=981, avg=135.26
2026-05-21 16:05:21,610 INFO src.data.event_loader: Number of positive samples: 836
2026-05-21 16:05:21,611 INFO src.data.event_loader: Number of negative samples: 594
2026-05-21 16:05:21,611 INFO src.data.event_loader: Positive samples: 706, Negative samples: 438
2026-05-21 16:05:21,611 INFO src.data.event_loader: Total samples: 1144, Positive ratio: 0.62, Negative ratio: 0.38
2026-05-21 16:05:21,612 INFO src.data.event_loader: Positive samples: 83, Negative samples: 60
2026-05-21 16:05:21,612 INFO src.data.event_loader: Total samples: 143, Positive ratio: 0.58, Negative ratio: 0.42
2026-05-21 16:05:21,612 INFO src.data.event_loader: Positive samples: 47, Negative samples: 96
2026-05-21 16:05:21,612 INFO src.data.event_loader: Total samples: 143, Positive ratio: 0.33, Negative ratio: 0.67
2026-05-21 16:05:21,649 INFO src.cli.workflows: Loading checkpoint from: ./checkpoints/mixer_tpp_20260508-182744/last_model_1.pth
2026-05-21 16:05:22,534 INFO src.models.adapters.mixer_task: using time scale base 1.3070542199341526 (key: tau_mean)
2026-05-21 16:05:22,534 INFO src.models.adapters.mixer_task: tau mean: tensor(1.3071)
2026-05-21 16:05:22,581 INFO src.train.config_setup: Restoring model from checkpoint.
2026-05-21 16:05:22,581 INFO src.train.config_setup: Loading model weights: load_specific_parts=['encoder']
2026-05-21 16:05:22,582 INFO src.train.config_setup: Selective load summary: requested_parts=['encoder'], target_in_model=40, matched_in_checkpoint=30, loaded=30, missing_after_load=10, shape_mismatch=0, missing_in_model=0, out_of_scope_loaded=0
2026-05-21 16:05:22,582 INFO src.train.config_setup: Selective load coverage [encoder]: target=40, hit=30, missing=10, complete=False
2026-05-21 16:05:22,582 WARNING src.train.config_setup: Selective load coverage missing preview [encoder]: ['base_model.encoder.layers.2.mixer.in_proj.bias', 'base_model.encoder.layers.2.mixer.in_proj.weight', 'base_model.encoder.layers.2.mixer.out_proj.bias', 'base_model.encoder.layers.2.mixer.out_proj.weight', 'base_model.encoder.layers.2.mlp.fc1.weight', 'base_model.encoder.layers.2.mlp.fc2.weight', 'base_model.encoder.layers.2.norm.bias', 'base_model.encoder.layers.2.norm.weight'] ... (+2 more)
2026-05-21 16:05:22,582 WARNING src.train.config_setup: Checkpoint missing target parameter preview: ['base_model.encoder.layers.2.mixer.in_proj.bias', 'base_model.encoder.layers.2.mixer.in_proj.weight', 'base_model.encoder.layers.2.mixer.out_proj.bias', 'base_model.encoder.layers.2.mixer.out_proj.weight', 'base_model.encoder.layers.2.mlp.fc1.weight', 'base_model.encoder.layers.2.mlp.fc2.weight', 'base_model.encoder.layers.2.norm.bias', 'base_model.encoder.layers.2.norm.weight', 'base_model.encoder.layers.2.norm2.bias', 'base_model.encoder.layers.2.norm2.weight']
2026-05-21 16:05:22,582 WARNING src.train.config_setup: Target not-loaded parameter preview: ['base_model.encoder.layers.2.mixer.in_proj.bias', 'base_model.encoder.layers.2.mixer.in_proj.weight', 'base_model.encoder.layers.2.mixer.out_proj.bias', 'base_model.encoder.layers.2.mixer.out_proj.weight', 'base_model.encoder.layers.2.mlp.fc1.weight', 'base_model.encoder.layers.2.mlp.fc2.weight', 'base_model.encoder.layers.2.norm.bias', 'base_model.encoder.layers.2.norm.weight', 'base_model.encoder.layers.2.norm2.bias', 'base_model.encoder.layers.2.norm2.weight']
2026-05-21 16:05:22,582 INFO src.train.config_setup: Loaded parameter preview: ['base_model.encoder.layers.1.mlp.fc2.weight', 'base_model.encoder.norm_f.bias', 'base_model.encoder.layers.0.mixer.D', 'base_model.encoder.layers.1.norm.weight', 'base_model.encoder.layers.1.norm2.bias', 'base_model.encoder.layers.0.mixer.dt_bias', 'base_model.encoder.layers.1.mixer.in_proj.weight', 'base_model.encoder.layers.0.norm2.bias', 'base_model.encoder.layers.1.mixer.dt_bias', 'base_model.encoder.input_proj.0.bias'] ... (+20 more)
2026-05-21 16:05:22,583 INFO src.train.config_setup: Checkpoint hyperparameters loaded.
2026-05-21 16:05:22,584 INFO src.train.config_setup: Checkpoint train metrics available.
2026-05-21 16:05:22,584 INFO src.train.config_setup: Checkpoint val metrics available.
2026-05-21 16:05:22,584 INFO src.train.config_setup: Freeze skipped (checkpoint_restore): freeze_parts is empty.
2026-05-21 16:05:22,584 INFO src.train.config_setup: Using classification criterion: focal
2026-05-21 16:05:22,584 INFO src.train.config_setup: Criterion config: {'alpha': 0.5, 'gamma': 2.0}
2026-05-21 16:05:22,585 INFO src.train.config_setup: Not resuming optimizer/scheduler state; reset training state to start_epoch=0, best_val_loss=inf.
2026-05-21 16:05:22,585 INFO src.train.trainer: Epoch 1
2026-05-21 16:05:37,033 INFO src.train.trainer: New best validation loss: 0.0873, saved to /root/autodl-tmp/em_eqf/experiments/clf_pre_v1/clf_pre_AZDX_v1/runs/tf_30_mf_4p5_seed_2/best_model_1.pth
2026-05-21 16:05:37,039 INFO src.train.trainer: Last model at epoch 1 saved to /root/autodl-tmp/em_eqf/experiments/clf_pre_v1/clf_pre_AZDX_v1/runs/tf_30_mf_4p5_seed_2/last_model_1.pth
2026-05-21 16:05:37,039 INFO src.train.trainer: Epoch 2
2026-05-21 16:05:40,623 INFO src.train.trainer: New best validation loss: 0.0872, saved to /root/autodl-tmp/em_eqf/experiments/clf_pre_v1/clf_pre_AZDX_v1/runs/tf_30_mf_4p5_seed_2/best_model_1.pth
2026-05-21 16:05:40,632 INFO src.train.trainer: Last model at epoch 2 saved to /root/autodl-tmp/em_eqf/experiments/clf_pre_v1/clf_pre_AZDX_v1/runs/tf_30_mf_4p5_seed_2/last_model_1.pth
2026-05-21 16:05:40,632 INFO src.train.trainer: Epoch 3
2026-05-21 16:05:44,235 INFO src.train.trainer: New best validation loss: 0.0856, saved to /root/autodl-tmp/em_eqf/experiments/clf_pre_v1/clf_pre_AZDX_v1/runs/tf_30_mf_4p5_seed_2/best_model_1.pth
2026-05-21 16:05:44,243 INFO src.train.trainer: Last model at epoch 3 saved to /root/autodl-tmp/em_eqf/experiments/clf_pre_v1/clf_pre_AZDX_v1/runs/tf_30_mf_4p5_seed_2/last_model_1.pth
2026-05-21 16:05:44,243 INFO src.train.trainer: Epoch 4
2026-05-21 16:05:47,724 INFO src.train.trainer: New best validation loss: 0.0809, saved to /root/autodl-tmp/em_eqf/experiments/clf_pre_v1/clf_pre_AZDX_v1/runs/tf_30_mf_4p5_seed_2/best_model_1.pth
2026-05-21 16:05:47,730 INFO src.train.trainer: Last model at epoch 4 saved to /root/autodl-tmp/em_eqf/experiments/clf_pre_v1/clf_pre_AZDX_v1/runs/tf_30_mf_4p5_seed_2/last_model_1.pth
2026-05-21 16:05:47,730 INFO src.train.trainer: Epoch 5
2026-05-21 16:05:51,336 INFO src.train.trainer: Last model at epoch 5 saved to /root/autodl-tmp/em_eqf/experiments/clf_pre_v1/clf_pre_AZDX_v1/runs/tf_30_mf_4p5_seed_2/last_model_1.pth
2026-05-21 16:05:51,337 INFO src.train.trainer: Epoch 6
2026-05-21 16:05:54,751 INFO src.train.trainer: New best validation loss: 0.0796, saved to /root/autodl-tmp/em_eqf/experiments/clf_pre_v1/clf_pre_AZDX_v1/runs/tf_30_mf_4p5_seed_2/best_model_1.pth
2026-05-21 16:05:54,759 INFO src.train.trainer: Last model at epoch 6 saved to /root/autodl-tmp/em_eqf/experiments/clf_pre_v1/clf_pre_AZDX_v1/runs/tf_30_mf_4p5_seed_2/last_model_1.pth
2026-05-21 16:05:54,759 INFO src.train.trainer: Epoch 7
2026-05-21 16:05:58,190 INFO src.train.trainer: Last model at epoch 7 saved to /root/autodl-tmp/em_eqf/experiments/clf_pre_v1/clf_pre_AZDX_v1/runs/tf_30_mf_4p5_seed_2/last_model_1.pth
2026-05-21 16:05:58,190 INFO src.train.trainer: Epoch 8
2026-05-21 16:06:02,048 INFO src.train.trainer: New best validation loss: 0.0785, saved to /root/autodl-tmp/em_eqf/experiments/clf_pre_v1/clf_pre_AZDX_v1/runs/tf_30_mf_4p5_seed_2/best_model_1.pth
2026-05-21 16:06:02,056 INFO src.train.trainer: Last model at epoch 8 saved to /root/autodl-tmp/em_eqf/experiments/clf_pre_v1/clf_pre_AZDX_v1/runs/tf_30_mf_4p5_seed_2/last_model_1.pth
2026-05-21 16:06:02,056 INFO src.train.trainer: Epoch 9
2026-05-21 16:06:05,774 INFO src.train.trainer: Last model at epoch 9 saved to /root/autodl-tmp/em_eqf/experiments/clf_pre_v1/clf_pre_AZDX_v1/runs/tf_30_mf_4p5_seed_2/last_model_1.pth
2026-05-21 16:06:05,774 INFO src.train.trainer: Epoch 10
2026-05-21 16:06:09,362 INFO src.train.trainer: Last model at epoch 10 saved to /root/autodl-tmp/em_eqf/experiments/clf_pre_v1/clf_pre_AZDX_v1/runs/tf_30_mf_4p5_seed_2/last_model_1.pth
2026-05-21 16:06:09,363 INFO src.train.trainer: Epoch 11
2026-05-21 16:06:12,660 INFO src.train.trainer: Last model at epoch 11 saved to /root/autodl-tmp/em_eqf/experiments/clf_pre_v1/clf_pre_AZDX_v1/runs/tf_30_mf_4p5_seed_2/last_model_1.pth
2026-05-21 16:06:12,660 INFO src.train.trainer: Epoch 12
2026-05-21 16:06:15,990 INFO src.train.trainer: Last model at epoch 12 saved to /root/autodl-tmp/em_eqf/experiments/clf_pre_v1/clf_pre_AZDX_v1/runs/tf_30_mf_4p5_seed_2/last_model_1.pth
2026-05-21 16:06:15,990 INFO src.train.trainer: Epoch 13
2026-05-21 16:06:19,576 INFO src.train.trainer: Last model at epoch 13 saved to /root/autodl-tmp/em_eqf/experiments/clf_pre_v1/clf_pre_AZDX_v1/runs/tf_30_mf_4p5_seed_2/last_model_1.pth
2026-05-21 16:06:19,576 INFO src.train.trainer: Epoch 14
2026-05-21 16:06:23,185 INFO src.train.trainer: Last model at epoch 14 saved to /root/autodl-tmp/em_eqf/experiments/clf_pre_v1/clf_pre_AZDX_v1/runs/tf_30_mf_4p5_seed_2/last_model_1.pth
2026-05-21 16:06:23,185 INFO src.train.trainer: Epoch 15
2026-05-21 16:06:26,510 INFO src.train.trainer: New best validation loss: 0.0736, saved to /root/autodl-tmp/em_eqf/experiments/clf_pre_v1/clf_pre_AZDX_v1/runs/tf_30_mf_4p5_seed_2/best_model_1.pth
2026-05-21 16:06:26,516 INFO src.train.trainer: Last model at epoch 15 saved to /root/autodl-tmp/em_eqf/experiments/clf_pre_v1/clf_pre_AZDX_v1/runs/tf_30_mf_4p5_seed_2/last_model_1.pth
2026-05-21 16:06:26,516 INFO src.train.trainer: Epoch 16
2026-05-21 16:06:29,687 INFO src.train.trainer: New best validation loss: 0.0722, saved to /root/autodl-tmp/em_eqf/experiments/clf_pre_v1/clf_pre_AZDX_v1/runs/tf_30_mf_4p5_seed_2/best_model_1.pth
2026-05-21 16:06:29,693 INFO src.train.trainer: Last model at epoch 16 saved to /root/autodl-tmp/em_eqf/experiments/clf_pre_v1/clf_pre_AZDX_v1/runs/tf_30_mf_4p5_seed_2/last_model_1.pth
2026-05-21 16:06:29,693 INFO src.train.trainer: Epoch 17
2026-05-21 16:06:32,879 INFO src.train.trainer: Last model at epoch 17 saved to /root/autodl-tmp/em_eqf/experiments/clf_pre_v1/clf_pre_AZDX_v1/runs/tf_30_mf_4p5_seed_2/last_model_1.pth
2026-05-21 16:06:32,879 INFO src.train.trainer: Epoch 18
2026-05-21 16:06:36,432 INFO src.train.trainer: Last model at epoch 18 saved to /root/autodl-tmp/em_eqf/experiments/clf_pre_v1/clf_pre_AZDX_v1/runs/tf_30_mf_4p5_seed_2/last_model_1.pth
2026-05-21 16:06:36,432 INFO src.train.trainer: Epoch 19
2026-05-21 16:06:39,760 INFO src.train.trainer: Last model at epoch 19 saved to /root/autodl-tmp/em_eqf/experiments/clf_pre_v1/clf_pre_AZDX_v1/runs/tf_30_mf_4p5_seed_2/last_model_1.pth
2026-05-21 16:06:39,760 INFO src.train.trainer: Epoch 20
2026-05-21 16:06:42,933 INFO src.train.trainer: Last model at epoch 20 saved to /root/autodl-tmp/em_eqf/experiments/clf_pre_v1/clf_pre_AZDX_v1/runs/tf_30_mf_4p5_seed_2/last_model_1.pth
2026-05-21 16:06:42,934 INFO src.train.trainer: Epoch 21
2026-05-21 16:06:46,281 INFO src.train.trainer: New best validation loss: 0.0698, saved to /root/autodl-tmp/em_eqf/experiments/clf_pre_v1/clf_pre_AZDX_v1/runs/tf_30_mf_4p5_seed_2/best_model_1.pth
2026-05-21 16:06:46,288 INFO src.train.trainer: Last model at epoch 21 saved to /root/autodl-tmp/em_eqf/experiments/clf_pre_v1/clf_pre_AZDX_v1/runs/tf_30_mf_4p5_seed_2/last_model_1.pth
2026-05-21 16:06:46,288 INFO src.train.trainer: Epoch 22
2026-05-21 16:06:49,921 INFO src.train.trainer: Last model at epoch 22 saved to /root/autodl-tmp/em_eqf/experiments/clf_pre_v1/clf_pre_AZDX_v1/runs/tf_30_mf_4p5_seed_2/last_model_1.pth
2026-05-21 16:06:49,921 INFO src.train.trainer: Epoch 23
2026-05-21 16:06:53,251 INFO src.train.trainer: Last model at epoch 23 saved to /root/autodl-tmp/em_eqf/experiments/clf_pre_v1/clf_pre_AZDX_v1/runs/tf_30_mf_4p5_seed_2/last_model_1.pth
2026-05-21 16:06:53,251 INFO src.train.trainer: Epoch 24
2026-05-21 16:06:56,300 INFO src.train.trainer: Last model at epoch 24 saved to /root/autodl-tmp/em_eqf/experiments/clf_pre_v1/clf_pre_AZDX_v1/runs/tf_30_mf_4p5_seed_2/last_model_1.pth
2026-05-21 16:06:56,301 INFO src.train.trainer: Epoch 25
2026-05-21 16:06:59,588 INFO src.train.trainer: Last model at epoch 25 saved to /root/autodl-tmp/em_eqf/experiments/clf_pre_v1/clf_pre_AZDX_v1/runs/tf_30_mf_4p5_seed_2/last_model_1.pth
2026-05-21 16:06:59,589 INFO src.train.trainer: Epoch 26
2026-05-21 16:07:03,277 INFO src.train.trainer: Last model at epoch 26 saved to /root/autodl-tmp/em_eqf/experiments/clf_pre_v1/clf_pre_AZDX_v1/runs/tf_30_mf_4p5_seed_2/last_model_1.pth
2026-05-21 16:07:03,277 INFO src.train.trainer: Epoch 27
2026-05-21 16:07:06,988 INFO src.train.trainer: New best validation loss: 0.0687, saved to /root/autodl-tmp/em_eqf/experiments/clf_pre_v1/clf_pre_AZDX_v1/runs/tf_30_mf_4p5_seed_2/best_model_1.pth
2026-05-21 16:07:06,994 INFO src.train.trainer: Last model at epoch 27 saved to /root/autodl-tmp/em_eqf/experiments/clf_pre_v1/clf_pre_AZDX_v1/runs/tf_30_mf_4p5_seed_2/last_model_1.pth
2026-05-21 16:07:06,995 INFO src.train.trainer: Epoch 28
2026-05-21 16:07:10,993 INFO src.train.trainer: Last model at epoch 28 saved to /root/autodl-tmp/em_eqf/experiments/clf_pre_v1/clf_pre_AZDX_v1/runs/tf_30_mf_4p5_seed_2/last_model_1.pth
2026-05-21 16:07:10,993 INFO src.train.trainer: Epoch 29
2026-05-21 16:07:14,135 INFO src.train.trainer: New best validation loss: 0.0671, saved to /root/autodl-tmp/em_eqf/experiments/clf_pre_v1/clf_pre_AZDX_v1/runs/tf_30_mf_4p5_seed_2/best_model_1.pth
2026-05-21 16:07:14,141 INFO src.train.trainer: Last model at epoch 29 saved to /root/autodl-tmp/em_eqf/experiments/clf_pre_v1/clf_pre_AZDX_v1/runs/tf_30_mf_4p5_seed_2/last_model_1.pth
2026-05-21 16:07:14,141 INFO src.train.trainer: Epoch 30
2026-05-21 16:07:16,939 INFO src.train.trainer: Last model at epoch 30 saved to /root/autodl-tmp/em_eqf/experiments/clf_pre_v1/clf_pre_AZDX_v1/runs/tf_30_mf_4p5_seed_2/last_model_1.pth
2026-05-21 16:07:16,939 INFO src.train.trainer: Epoch 31
2026-05-21 16:07:19,986 INFO src.train.trainer: Last model at epoch 31 saved to /root/autodl-tmp/em_eqf/experiments/clf_pre_v1/clf_pre_AZDX_v1/runs/tf_30_mf_4p5_seed_2/last_model_1.pth
2026-05-21 16:07:19,986 INFO src.train.trainer: Epoch 32
2026-05-21 16:07:23,403 INFO src.train.trainer: Last model at epoch 32 saved to /root/autodl-tmp/em_eqf/experiments/clf_pre_v1/clf_pre_AZDX_v1/runs/tf_30_mf_4p5_seed_2/last_model_1.pth
2026-05-21 16:07:23,403 INFO src.train.trainer: Epoch 33
2026-05-21 16:07:27,264 INFO src.train.trainer: Last model at epoch 33 saved to /root/autodl-tmp/em_eqf/experiments/clf_pre_v1/clf_pre_AZDX_v1/runs/tf_30_mf_4p5_seed_2/last_model_1.pth
2026-05-21 16:07:27,264 INFO src.train.trainer: Epoch 34
2026-05-21 16:07:31,165 INFO src.train.trainer: Last model at epoch 34 saved to /root/autodl-tmp/em_eqf/experiments/clf_pre_v1/clf_pre_AZDX_v1/runs/tf_30_mf_4p5_seed_2/last_model_1.pth
2026-05-21 16:07:31,165 INFO src.train.trainer: Epoch 35
2026-05-21 16:07:35,016 INFO src.train.trainer: Last model at epoch 35 saved to /root/autodl-tmp/em_eqf/experiments/clf_pre_v1/clf_pre_AZDX_v1/runs/tf_30_mf_4p5_seed_2/last_model_1.pth
2026-05-21 16:07:35,016 INFO src.train.trainer: Epoch 36
2026-05-21 16:07:38,915 INFO src.train.trainer: Last model at epoch 36 saved to /root/autodl-tmp/em_eqf/experiments/clf_pre_v1/clf_pre_AZDX_v1/runs/tf_30_mf_4p5_seed_2/last_model_1.pth
2026-05-21 16:07:38,916 INFO src.train.trainer: Epoch 37
2026-05-21 16:07:42,751 INFO src.train.trainer: Last model at epoch 37 saved to /root/autodl-tmp/em_eqf/experiments/clf_pre_v1/clf_pre_AZDX_v1/runs/tf_30_mf_4p5_seed_2/last_model_1.pth
2026-05-21 16:07:42,752 INFO src.train.trainer: Epoch 38
2026-05-21 16:07:46,461 INFO src.train.trainer: Last model at epoch 38 saved to /root/autodl-tmp/em_eqf/experiments/clf_pre_v1/clf_pre_AZDX_v1/runs/tf_30_mf_4p5_seed_2/last_model_1.pth
2026-05-21 16:07:46,461 INFO src.train.trainer: Epoch 39
2026-05-21 16:07:49,822 INFO src.train.trainer: Last model at epoch 39 saved to /root/autodl-tmp/em_eqf/experiments/clf_pre_v1/clf_pre_AZDX_v1/runs/tf_30_mf_4p5_seed_2/last_model_1.pth
2026-05-21 16:07:49,822 INFO src.train.trainer: Early stopping triggered at epoch 39 (best epoch: 29, best val loss: 0.067111)
2026-05-21 16:07:58,427 INFO src.data.preprocessing: CSV files found: ['chuandian_2021.csv']
2026-05-21 16:07:58,962 INFO src.utils.file_utils: Loading cached data from: data/ChuanDian/classifier/classifier_Mc_3_Mf_4.5_Tfore_30_Twindow_180_context_len_1_dt_10.pkl
2026-05-21 16:07:59,248 INFO src.data.preprocessing: Catalog statistics: {'tau_unfiltered': 0.15339908988298961, 'tau_q025': 0.08114294020924717, 'tau_q05': 0.5134664350189269, 'tau_mean': 1.3070542199341526, 'tau_max': 25.18216435192153, 'tau_min': 0.0, 'time_max': 18770.72654999979, 'time_mean': 10030.9430649837, 'mag_completeness': 3.0, 'mag_mean': 3.456916005014626, 'mag_max': 8.0, 'mag_min': 3.0, 'b_value': 0.856738547623331, 'b_std': 0.0071499224812533796, 'b_n': 14358}
2026-05-21 16:07:59,263 INFO src.data.event_loader: lengths of samples: min=32, max=981, avg=135.26
2026-05-21 16:07:59,263 INFO src.data.event_loader: Number of positive samples: 836
2026-05-21 16:07:59,263 INFO src.data.event_loader: Number of negative samples: 594
2026-05-21 16:07:59,264 INFO src.data.event_loader: Positive samples: 706, Negative samples: 438
2026-05-21 16:07:59,264 INFO src.data.event_loader: Total samples: 1144, Positive ratio: 0.62, Negative ratio: 0.38
2026-05-21 16:07:59,265 INFO src.data.event_loader: Positive samples: 83, Negative samples: 60
2026-05-21 16:07:59,265 INFO src.data.event_loader: Total samples: 143, Positive ratio: 0.58, Negative ratio: 0.42
2026-05-21 16:07:59,265 INFO src.data.event_loader: Positive samples: 47, Negative samples: 96
2026-05-21 16:07:59,265 INFO src.data.event_loader: Total samples: 143, Positive ratio: 0.33, Negative ratio: 0.67
2026-05-21 16:07:59,592 INFO src.models.adapters.mixer_task: using time scale base 1.3070542199341526 (key: tau_mean)
2026-05-21 16:07:59,593 INFO src.models.adapters.mixer_task: tau mean: tensor(1.3071)
2026-05-21 16:07:59,640 INFO src.train.config_setup: Restoring model from checkpoint.
2026-05-21 16:07:59,641 INFO src.train.config_setup: Loading model weights: load_specific_parts=None
2026-05-21 16:07:59,642 INFO src.train.config_setup: Checkpoint loaded: <All keys matched successfully>
2026-05-21 16:07:59,642 INFO src.train.config_setup: Full load summary: loaded=56, missing=0, unexpected=0
2026-05-21 16:07:59,643 INFO src.train.config_setup: Checkpoint hyperparameters loaded.
2026-05-21 16:07:59,643 INFO src.train.config_setup: Checkpoint train metrics available.
2026-05-21 16:07:59,643 INFO src.train.config_setup: Checkpoint val metrics available.
2026-05-21 16:07:59,643 INFO src.train.config_setup: Freeze skipped (checkpoint_restore): freeze_parts is empty.
2026-05-21 16:07:59,643 INFO src.train.config_setup: Using classification criterion: focal
2026-05-21 16:07:59,644 INFO src.train.config_setup: Criterion config: {'alpha': 0.5, 'gamma': 2.0}
2026-05-21 16:07:59,644 INFO src.train.config_setup: Not resuming optimizer/scheduler state; reset training state to start_epoch=0, best_val_loss=inf.
2026-05-21 16:07:59,644 INFO src.cli.common: Using threshold 0.4719829559326172 from checkpoint val_metrics for testing.
2026-05-21 16:08:04,387 INFO src.utils.metrics: ROC curve saved to /root/autodl-tmp/em_eqf/experiments/clf_pre_v1/clf_pre_AZDX_v1/runs/tf_30_mf_4p5_seed_2/roc_curve.png
2026-05-21 16:08:04,508 INFO src.utils.metrics: PR curve saved to /root/autodl-tmp/em_eqf/experiments/clf_pre_v1/clf_pre_AZDX_v1/runs/tf_30_mf_4p5_seed_2/pr_curve.png
2026-05-21 16:08:04,571 INFO src.utils.metrics: Confusion matrix saved to /root/autodl-tmp/em_eqf/experiments/clf_pre_v1/clf_pre_AZDX_v1/runs/tf_30_mf_4p5_seed_2/confusion_matrix.png
2026-05-21 16:08:04,572 INFO src.cli.workflows: Test loss: 0.06952508091926575
2026-05-21 16:08:05,525 INFO src.train.classifier_train_step: Prediction distribution plot has been saved to: /root/autodl-tmp/em_eqf/experiments/clf_pre_v1/clf_pre_AZDX_v1/runs/tf_30_mf_4p5_seed_2/train_pred_distribution.png
2026-05-21 16:08:05,908 INFO src.train.classifier_train_step: Prediction distribution plot has been saved to: /root/autodl-tmp/em_eqf/experiments/clf_pre_v1/clf_pre_AZDX_v1/runs/tf_30_mf_4p5_seed_2/val_pred_distribution.png
2026-05-21 16:08:06,213 INFO src.train.classifier_train_step: Prediction distribution plot has been saved to: /root/autodl-tmp/em_eqf/experiments/clf_pre_v1/clf_pre_AZDX_v1/runs/tf_30_mf_4p5_seed_2/test_pred_distribution.png
2026-05-21 16:08:06,213 INFO src.cli.common: Saved test metrics to /root/autodl-tmp/em_eqf/experiments/clf_pre_v1/clf_pre_AZDX_v1/runs/tf_30_mf_4p5_seed_2/metrics_test_best_1.json
2026-05-21 16:08:06,213 INFO src.cli.common: Metrics: {'precision': 0.35772357723577236, 'recall': 0.9361702127659575, 'f1': 0.5176470588235295, 'auc': 0.7952127659574468, 'pr_auc': 0.7577843313158523, 'fpr': 0.8229166666666666, 'tpr': 0.9361702127659575, 'R': 0.11325354609929084, 'conf': 4.5904462415014985e-27, 'threshold': 0.4719829559326172}
