2026-05-21 19:12:02,876 INFO src.data.preprocessing: CSV files found: ['chuandian_2021.csv']
2026-05-21 19:12:03,422 INFO src.utils.file_utils: Loading cached data from: data/ChuanDian/classifier/classifier_Mc_3_Mf_5.5_Tfore_90_Twindow_180_context_len_1_dt_10.pkl
2026-05-21 19:12:04,302 INFO src.data.preprocessing: Catalog statistics: {'tau_unfiltered': 0.15339908988298961, 'tau_q025': 0.08114294020924717, 'tau_q05': 0.5134664350189269, 'tau_mean': 1.3070542199341526, 'tau_max': 25.18216435192153, 'tau_min': 0.0, 'time_max': 18770.72654999979, 'time_mean': 10030.9430649837, 'mag_completeness': 3.0, 'mag_mean': 3.456916005014626, 'mag_max': 8.0, 'mag_min': 3.0, 'b_value': 0.856738547623331, 'b_std': 0.0071499224812533796, 'b_n': 14358}
2026-05-21 19:12:04,320 INFO src.data.event_loader: lengths of samples: min=32, max=749, avg=124.26
2026-05-21 19:12:04,320 INFO src.data.event_loader: Number of positive samples: 471
2026-05-21 19:12:04,321 INFO src.data.event_loader: Number of negative samples: 1055
2026-05-21 19:12:04,343 INFO src.data.event_loader: Positive samples: 390, Negative samples: 830
2026-05-21 19:12:04,344 INFO src.data.event_loader: Total samples: 1220, Positive ratio: 0.32, Negative ratio: 0.68
2026-05-21 19:12:04,344 INFO src.data.event_loader: Positive samples: 62, Negative samples: 90
2026-05-21 19:12:04,344 INFO src.data.event_loader: Total samples: 152, Positive ratio: 0.41, Negative ratio: 0.59
2026-05-21 19:12:04,344 INFO src.data.event_loader: Positive samples: 19, Negative samples: 135
2026-05-21 19:12:04,344 INFO src.data.event_loader: Total samples: 154, Positive ratio: 0.12, Negative ratio: 0.88
2026-05-21 19:12:04,473 INFO src.cli.workflows: No resume path provided. Training will start from scratch.
2026-05-21 19:12:05,133 INFO src.models.adapters.mixer_task: using time scale base 1.3070542199341526 (key: tau_mean)
2026-05-21 19:12:05,133 INFO src.models.adapters.mixer_task: tau mean: tensor(1.3071)
2026-05-21 19:12:05,218 INFO src.train.config_setup: No checkpoint restore requested; initializing model from scratch.
2026-05-21 19:12:05,218 INFO src.train.config_setup: Freeze skipped (fresh_init): freeze_parts is empty.
2026-05-21 19:12:05,218 INFO src.train.config_setup: Using classification criterion: focal
2026-05-21 19:12:05,218 INFO src.train.config_setup: Criterion config: {'alpha': 0.75, 'gamma': 2.0}
2026-05-21 19:12:05,219 INFO src.train.trainer: Epoch 1
2026-05-21 19:12:21,077 INFO src.train.trainer: New best validation loss: 0.0805, saved to /root/autodl-tmp/em_eqf/experiments/clf_pre_v2/clf_pre_scratch_v2/runs/tf_90_mf_5p5_seed_7/best_model_1.pth
2026-05-21 19:12:21,084 INFO src.train.trainer: Last model at epoch 1 saved to /root/autodl-tmp/em_eqf/experiments/clf_pre_v2/clf_pre_scratch_v2/runs/tf_90_mf_5p5_seed_7/last_model_1.pth
2026-05-21 19:12:21,084 INFO src.train.trainer: Epoch 2
2026-05-21 19:12:24,337 INFO src.train.trainer: Last model at epoch 2 saved to /root/autodl-tmp/em_eqf/experiments/clf_pre_v2/clf_pre_scratch_v2/runs/tf_90_mf_5p5_seed_7/last_model_1.pth
2026-05-21 19:12:24,338 INFO src.train.trainer: Epoch 3
2026-05-21 19:12:27,691 INFO src.train.trainer: New best validation loss: 0.0719, saved to /root/autodl-tmp/em_eqf/experiments/clf_pre_v2/clf_pre_scratch_v2/runs/tf_90_mf_5p5_seed_7/best_model_1.pth
2026-05-21 19:12:27,707 INFO src.train.trainer: Last model at epoch 3 saved to /root/autodl-tmp/em_eqf/experiments/clf_pre_v2/clf_pre_scratch_v2/runs/tf_90_mf_5p5_seed_7/last_model_1.pth
2026-05-21 19:12:27,707 INFO src.train.trainer: Epoch 4
2026-05-21 19:12:30,628 INFO src.train.trainer: Last model at epoch 4 saved to /root/autodl-tmp/em_eqf/experiments/clf_pre_v2/clf_pre_scratch_v2/runs/tf_90_mf_5p5_seed_7/last_model_1.pth
2026-05-21 19:12:30,629 INFO src.train.trainer: Epoch 5
2026-05-21 19:12:33,801 INFO src.train.trainer: New best validation loss: 0.0625, saved to /root/autodl-tmp/em_eqf/experiments/clf_pre_v2/clf_pre_scratch_v2/runs/tf_90_mf_5p5_seed_7/best_model_1.pth
2026-05-21 19:12:33,807 INFO src.train.trainer: Last model at epoch 5 saved to /root/autodl-tmp/em_eqf/experiments/clf_pre_v2/clf_pre_scratch_v2/runs/tf_90_mf_5p5_seed_7/last_model_1.pth
2026-05-21 19:12:33,807 INFO src.train.trainer: Epoch 6
2026-05-21 19:12:36,904 INFO src.train.trainer: Last model at epoch 6 saved to /root/autodl-tmp/em_eqf/experiments/clf_pre_v2/clf_pre_scratch_v2/runs/tf_90_mf_5p5_seed_7/last_model_1.pth
2026-05-21 19:12:36,905 INFO src.train.trainer: Epoch 7
2026-05-21 19:12:39,932 INFO src.train.trainer: New best validation loss: 0.0612, saved to /root/autodl-tmp/em_eqf/experiments/clf_pre_v2/clf_pre_scratch_v2/runs/tf_90_mf_5p5_seed_7/best_model_1.pth
2026-05-21 19:12:39,939 INFO src.train.trainer: Last model at epoch 7 saved to /root/autodl-tmp/em_eqf/experiments/clf_pre_v2/clf_pre_scratch_v2/runs/tf_90_mf_5p5_seed_7/last_model_1.pth
2026-05-21 19:12:39,939 INFO src.train.trainer: Epoch 8
2026-05-21 19:12:42,851 INFO src.train.trainer: Last model at epoch 8 saved to /root/autodl-tmp/em_eqf/experiments/clf_pre_v2/clf_pre_scratch_v2/runs/tf_90_mf_5p5_seed_7/last_model_1.pth
2026-05-21 19:12:42,851 INFO src.train.trainer: Epoch 9
2026-05-21 19:12:45,775 INFO src.train.trainer: Last model at epoch 9 saved to /root/autodl-tmp/em_eqf/experiments/clf_pre_v2/clf_pre_scratch_v2/runs/tf_90_mf_5p5_seed_7/last_model_1.pth
2026-05-21 19:12:45,776 INFO src.train.trainer: Epoch 10
2026-05-21 19:12:48,820 INFO src.train.trainer: Last model at epoch 10 saved to /root/autodl-tmp/em_eqf/experiments/clf_pre_v2/clf_pre_scratch_v2/runs/tf_90_mf_5p5_seed_7/last_model_1.pth
2026-05-21 19:12:48,820 INFO src.train.trainer: Epoch 11
2026-05-21 19:12:51,901 INFO src.train.trainer: Last model at epoch 11 saved to /root/autodl-tmp/em_eqf/experiments/clf_pre_v2/clf_pre_scratch_v2/runs/tf_90_mf_5p5_seed_7/last_model_1.pth
2026-05-21 19:12:51,901 INFO src.train.trainer: Epoch 12
2026-05-21 19:12:54,637 INFO src.train.trainer: Last model at epoch 12 saved to /root/autodl-tmp/em_eqf/experiments/clf_pre_v2/clf_pre_scratch_v2/runs/tf_90_mf_5p5_seed_7/last_model_1.pth
2026-05-21 19:12:54,637 INFO src.train.trainer: Epoch 13
2026-05-21 19:12:57,085 INFO src.train.trainer: Last model at epoch 13 saved to /root/autodl-tmp/em_eqf/experiments/clf_pre_v2/clf_pre_scratch_v2/runs/tf_90_mf_5p5_seed_7/last_model_1.pth
2026-05-21 19:12:57,085 INFO src.train.trainer: Epoch 14
2026-05-21 19:12:59,461 INFO src.train.trainer: Last model at epoch 14 saved to /root/autodl-tmp/em_eqf/experiments/clf_pre_v2/clf_pre_scratch_v2/runs/tf_90_mf_5p5_seed_7/last_model_1.pth
2026-05-21 19:12:59,461 INFO src.train.trainer: Epoch 15
2026-05-21 19:13:01,997 INFO src.train.trainer: Last model at epoch 15 saved to /root/autodl-tmp/em_eqf/experiments/clf_pre_v2/clf_pre_scratch_v2/runs/tf_90_mf_5p5_seed_7/last_model_1.pth
2026-05-21 19:13:01,998 INFO src.train.trainer: Epoch 16
2026-05-21 19:13:04,966 INFO src.train.trainer: New best validation loss: 0.0591, saved to /root/autodl-tmp/em_eqf/experiments/clf_pre_v2/clf_pre_scratch_v2/runs/tf_90_mf_5p5_seed_7/best_model_1.pth
2026-05-21 19:13:04,972 INFO src.train.trainer: Last model at epoch 16 saved to /root/autodl-tmp/em_eqf/experiments/clf_pre_v2/clf_pre_scratch_v2/runs/tf_90_mf_5p5_seed_7/last_model_1.pth
2026-05-21 19:13:04,972 INFO src.train.trainer: Epoch 17
2026-05-21 19:13:07,549 INFO src.train.trainer: Last model at epoch 17 saved to /root/autodl-tmp/em_eqf/experiments/clf_pre_v2/clf_pre_scratch_v2/runs/tf_90_mf_5p5_seed_7/last_model_1.pth
2026-05-21 19:13:07,549 INFO src.train.trainer: Epoch 18
2026-05-21 19:13:10,086 INFO src.train.trainer: Last model at epoch 18 saved to /root/autodl-tmp/em_eqf/experiments/clf_pre_v2/clf_pre_scratch_v2/runs/tf_90_mf_5p5_seed_7/last_model_1.pth
2026-05-21 19:13:10,086 INFO src.train.trainer: Epoch 19
2026-05-21 19:13:12,515 INFO src.train.trainer: Last model at epoch 19 saved to /root/autodl-tmp/em_eqf/experiments/clf_pre_v2/clf_pre_scratch_v2/runs/tf_90_mf_5p5_seed_7/last_model_1.pth
2026-05-21 19:13:12,515 INFO src.train.trainer: Epoch 20
2026-05-21 19:13:14,448 INFO src.train.trainer: Last model at epoch 20 saved to /root/autodl-tmp/em_eqf/experiments/clf_pre_v2/clf_pre_scratch_v2/runs/tf_90_mf_5p5_seed_7/last_model_1.pth
2026-05-21 19:13:14,448 INFO src.train.trainer: Epoch 21
2026-05-21 19:13:16,673 INFO src.train.trainer: Last model at epoch 21 saved to /root/autodl-tmp/em_eqf/experiments/clf_pre_v2/clf_pre_scratch_v2/runs/tf_90_mf_5p5_seed_7/last_model_1.pth
2026-05-21 19:13:16,674 INFO src.train.trainer: Epoch 22
2026-05-21 19:13:19,519 INFO src.train.trainer: Last model at epoch 22 saved to /root/autodl-tmp/em_eqf/experiments/clf_pre_v2/clf_pre_scratch_v2/runs/tf_90_mf_5p5_seed_7/last_model_1.pth
2026-05-21 19:13:19,520 INFO src.train.trainer: Epoch 23
2026-05-21 19:13:21,981 INFO src.train.trainer: Last model at epoch 23 saved to /root/autodl-tmp/em_eqf/experiments/clf_pre_v2/clf_pre_scratch_v2/runs/tf_90_mf_5p5_seed_7/last_model_1.pth
2026-05-21 19:13:21,981 INFO src.train.trainer: Epoch 24
2026-05-21 19:13:24,082 INFO src.train.trainer: Last model at epoch 24 saved to /root/autodl-tmp/em_eqf/experiments/clf_pre_v2/clf_pre_scratch_v2/runs/tf_90_mf_5p5_seed_7/last_model_1.pth
2026-05-21 19:13:24,082 INFO src.train.trainer: Epoch 25
2026-05-21 19:13:25,871 INFO src.train.trainer: New best validation loss: 0.0555, saved to /root/autodl-tmp/em_eqf/experiments/clf_pre_v2/clf_pre_scratch_v2/runs/tf_90_mf_5p5_seed_7/best_model_1.pth
2026-05-21 19:13:25,879 INFO src.train.trainer: Last model at epoch 25 saved to /root/autodl-tmp/em_eqf/experiments/clf_pre_v2/clf_pre_scratch_v2/runs/tf_90_mf_5p5_seed_7/last_model_1.pth
2026-05-21 19:13:25,879 INFO src.train.trainer: Epoch 26
2026-05-21 19:13:27,762 INFO src.train.trainer: Last model at epoch 26 saved to /root/autodl-tmp/em_eqf/experiments/clf_pre_v2/clf_pre_scratch_v2/runs/tf_90_mf_5p5_seed_7/last_model_1.pth
2026-05-21 19:13:27,762 INFO src.train.trainer: Epoch 27
2026-05-21 19:13:29,659 INFO src.train.trainer: Last model at epoch 27 saved to /root/autodl-tmp/em_eqf/experiments/clf_pre_v2/clf_pre_scratch_v2/runs/tf_90_mf_5p5_seed_7/last_model_1.pth
2026-05-21 19:13:29,659 INFO src.train.trainer: Epoch 28
2026-05-21 19:13:31,567 INFO src.train.trainer: New best validation loss: 0.0554, saved to /root/autodl-tmp/em_eqf/experiments/clf_pre_v2/clf_pre_scratch_v2/runs/tf_90_mf_5p5_seed_7/best_model_1.pth
2026-05-21 19:13:31,574 INFO src.train.trainer: Last model at epoch 28 saved to /root/autodl-tmp/em_eqf/experiments/clf_pre_v2/clf_pre_scratch_v2/runs/tf_90_mf_5p5_seed_7/last_model_1.pth
2026-05-21 19:13:31,574 INFO src.train.trainer: Epoch 29
2026-05-21 19:13:33,553 INFO src.train.trainer: Last model at epoch 29 saved to /root/autodl-tmp/em_eqf/experiments/clf_pre_v2/clf_pre_scratch_v2/runs/tf_90_mf_5p5_seed_7/last_model_1.pth
2026-05-21 19:13:33,553 INFO src.train.trainer: Epoch 30
2026-05-21 19:13:35,623 INFO src.train.trainer: Last model at epoch 30 saved to /root/autodl-tmp/em_eqf/experiments/clf_pre_v2/clf_pre_scratch_v2/runs/tf_90_mf_5p5_seed_7/last_model_1.pth
2026-05-21 19:13:35,623 INFO src.train.trainer: Epoch 31
2026-05-21 19:13:37,875 INFO src.train.trainer: Last model at epoch 31 saved to /root/autodl-tmp/em_eqf/experiments/clf_pre_v2/clf_pre_scratch_v2/runs/tf_90_mf_5p5_seed_7/last_model_1.pth
2026-05-21 19:13:37,875 INFO src.train.trainer: Epoch 32
2026-05-21 19:13:40,103 INFO src.train.trainer: Last model at epoch 32 saved to /root/autodl-tmp/em_eqf/experiments/clf_pre_v2/clf_pre_scratch_v2/runs/tf_90_mf_5p5_seed_7/last_model_1.pth
2026-05-21 19:13:40,104 INFO src.train.trainer: Epoch 33
2026-05-21 19:13:42,207 INFO src.train.trainer: Last model at epoch 33 saved to /root/autodl-tmp/em_eqf/experiments/clf_pre_v2/clf_pre_scratch_v2/runs/tf_90_mf_5p5_seed_7/last_model_1.pth
2026-05-21 19:13:42,207 INFO src.train.trainer: Epoch 34
2026-05-21 19:13:44,207 INFO src.train.trainer: Last model at epoch 34 saved to /root/autodl-tmp/em_eqf/experiments/clf_pre_v2/clf_pre_scratch_v2/runs/tf_90_mf_5p5_seed_7/last_model_1.pth
2026-05-21 19:13:44,207 INFO src.train.trainer: Epoch 35
2026-05-21 19:13:46,131 INFO src.train.trainer: Last model at epoch 35 saved to /root/autodl-tmp/em_eqf/experiments/clf_pre_v2/clf_pre_scratch_v2/runs/tf_90_mf_5p5_seed_7/last_model_1.pth
2026-05-21 19:13:46,131 INFO src.train.trainer: Epoch 36
2026-05-21 19:13:48,091 INFO src.train.trainer: Last model at epoch 36 saved to /root/autodl-tmp/em_eqf/experiments/clf_pre_v2/clf_pre_scratch_v2/runs/tf_90_mf_5p5_seed_7/last_model_1.pth
2026-05-21 19:13:48,091 INFO src.train.trainer: Epoch 37
2026-05-21 19:13:50,062 INFO src.train.trainer: Last model at epoch 37 saved to /root/autodl-tmp/em_eqf/experiments/clf_pre_v2/clf_pre_scratch_v2/runs/tf_90_mf_5p5_seed_7/last_model_1.pth
2026-05-21 19:13:50,063 INFO src.train.trainer: Epoch 38
2026-05-21 19:13:51,982 INFO src.train.trainer: Last model at epoch 38 saved to /root/autodl-tmp/em_eqf/experiments/clf_pre_v2/clf_pre_scratch_v2/runs/tf_90_mf_5p5_seed_7/last_model_1.pth
2026-05-21 19:13:51,982 INFO src.train.trainer: Early stopping triggered at epoch 38 (best epoch: 28, best val loss: 0.055443)
2026-05-21 19:13:59,428 INFO src.data.preprocessing: CSV files found: ['chuandian_2021.csv']
2026-05-21 19:13:59,955 INFO src.utils.file_utils: Loading cached data from: data/ChuanDian/classifier/classifier_Mc_3_Mf_5.5_Tfore_90_Twindow_180_context_len_1_dt_10.pkl
2026-05-21 19:14:00,759 INFO src.data.preprocessing: Catalog statistics: {'tau_unfiltered': 0.15339908988298961, 'tau_q025': 0.08114294020924717, 'tau_q05': 0.5134664350189269, 'tau_mean': 1.3070542199341526, 'tau_max': 25.18216435192153, 'tau_min': 0.0, 'time_max': 18770.72654999979, 'time_mean': 10030.9430649837, 'mag_completeness': 3.0, 'mag_mean': 3.456916005014626, 'mag_max': 8.0, 'mag_min': 3.0, 'b_value': 0.856738547623331, 'b_std': 0.0071499224812533796, 'b_n': 14358}
2026-05-21 19:14:00,791 INFO src.data.event_loader: lengths of samples: min=32, max=749, avg=124.26
2026-05-21 19:14:00,791 INFO src.data.event_loader: Number of positive samples: 471
2026-05-21 19:14:00,791 INFO src.data.event_loader: Number of negative samples: 1055
2026-05-21 19:14:00,792 INFO src.data.event_loader: Positive samples: 390, Negative samples: 830
2026-05-21 19:14:00,792 INFO src.data.event_loader: Total samples: 1220, Positive ratio: 0.32, Negative ratio: 0.68
2026-05-21 19:14:00,792 INFO src.data.event_loader: Positive samples: 62, Negative samples: 90
2026-05-21 19:14:00,792 INFO src.data.event_loader: Total samples: 152, Positive ratio: 0.41, Negative ratio: 0.59
2026-05-21 19:14:00,793 INFO src.data.event_loader: Positive samples: 19, Negative samples: 135
2026-05-21 19:14:00,793 INFO src.data.event_loader: Total samples: 154, Positive ratio: 0.12, Negative ratio: 0.88
2026-05-21 19:14:01,143 INFO src.models.adapters.mixer_task: using time scale base 1.3070542199341526 (key: tau_mean)
2026-05-21 19:14:01,143 INFO src.models.adapters.mixer_task: tau mean: tensor(1.3071)
2026-05-21 19:14:01,148 INFO src.train.config_setup: Restoring model from checkpoint.
2026-05-21 19:14:01,148 INFO src.train.config_setup: Loading model weights: load_specific_parts=None
2026-05-21 19:14:01,150 INFO src.train.config_setup: Checkpoint loaded: <All keys matched successfully>
2026-05-21 19:14:01,150 INFO src.train.config_setup: Full load summary: loaded=56, missing=0, unexpected=0
2026-05-21 19:14:01,151 INFO src.train.config_setup: Checkpoint hyperparameters loaded.
2026-05-21 19:14:01,151 INFO src.train.config_setup: Checkpoint train metrics available.
2026-05-21 19:14:01,151 INFO src.train.config_setup: Checkpoint val metrics available.
2026-05-21 19:14:01,151 INFO src.train.config_setup: Freeze skipped (checkpoint_restore): freeze_parts is empty.
2026-05-21 19:14:01,151 INFO src.train.config_setup: Using classification criterion: focal
2026-05-21 19:14:01,151 INFO src.train.config_setup: Criterion config: {'alpha': 0.75, 'gamma': 2.0}
2026-05-21 19:14:01,152 INFO src.train.config_setup: Not resuming optimizer/scheduler state; reset training state to start_epoch=0, best_val_loss=inf.
2026-05-21 19:14:01,152 INFO src.cli.common: Using threshold 0.6247798800468445 from checkpoint val_metrics for testing.
2026-05-21 19:14:05,543 INFO src.utils.metrics: ROC curve saved to /root/autodl-tmp/em_eqf/experiments/clf_pre_v2/clf_pre_scratch_v2/runs/tf_90_mf_5p5_seed_7/roc_curve.png
2026-05-21 19:14:05,651 INFO src.utils.metrics: PR curve saved to /root/autodl-tmp/em_eqf/experiments/clf_pre_v2/clf_pre_scratch_v2/runs/tf_90_mf_5p5_seed_7/pr_curve.png
2026-05-21 19:14:05,714 INFO src.utils.metrics: Confusion matrix saved to /root/autodl-tmp/em_eqf/experiments/clf_pre_v2/clf_pre_scratch_v2/runs/tf_90_mf_5p5_seed_7/confusion_matrix.png
2026-05-21 19:14:05,714 INFO src.cli.workflows: Test loss: 0.06253916397690773
2026-05-21 19:14:06,222 INFO src.train.classifier_train_step: Prediction distribution plot has been saved to: /root/autodl-tmp/em_eqf/experiments/clf_pre_v2/clf_pre_scratch_v2/runs/tf_90_mf_5p5_seed_7/train_pred_distribution.png
2026-05-21 19:14:06,452 INFO src.train.classifier_train_step: Prediction distribution plot has been saved to: /root/autodl-tmp/em_eqf/experiments/clf_pre_v2/clf_pre_scratch_v2/runs/tf_90_mf_5p5_seed_7/val_pred_distribution.png
2026-05-21 19:14:06,703 INFO src.train.classifier_train_step: Prediction distribution plot has been saved to: /root/autodl-tmp/em_eqf/experiments/clf_pre_v2/clf_pre_scratch_v2/runs/tf_90_mf_5p5_seed_7/test_pred_distribution.png
2026-05-21 19:14:06,703 INFO src.cli.common: Saved test metrics to /root/autodl-tmp/em_eqf/experiments/clf_pre_v2/clf_pre_scratch_v2/runs/tf_90_mf_5p5_seed_7/metrics_test_best_1.json
2026-05-21 19:14:06,703 INFO src.cli.common: Metrics: {'precision': 0.2, 'recall': 0.05263157894736842, 'f1': 0.08333333333333333, 'auc': 0.6265107212475634, 'pr_auc': 0.26306641536698444, 'fpr': 0.02962962962962963, 'tpr': 0.05263157894736842, 'R': 0.023001949317738787, 'conf': 1.0, 'threshold': 0.6247798800468445}
