2026-05-13 14:15:16,885 INFO src.data.preprocessing: CSV files found: ['chuandian_2021.csv']
2026-05-13 14:15:17,943 INFO src.utils.file_utils: Loading cached data from: data/ChuanDian/regressor/regressor_Mc_3_Mf_3_Tfore_180_Twindow_360_context_len_1_dt_10.pkl
2026-05-13 14:15:20,383 INFO src.data.preprocessing: Catalog statistics: {'tau_unfiltered': 0.15339908988298961, 'tau_q025': 0.08114294020924717, 'tau_q05': 0.5134664350189269, 'tau_mean': 1.3070542199341526, 'tau_max': 25.18216435192153, 'tau_min': 0.0, 'time_max': 18770.72654999979, 'time_mean': 10030.9430649837, 'mag_completeness': 3.0, 'mag_mean': 3.456916005014626, 'mag_max': 8.0, 'mag_min': 3.0, 'b_value': 0.856738547623331, 'b_std': 0.0071499224812533796, 'b_n': 14358}
2026-05-13 14:15:20,424 INFO src.data.event_loader: lengths of samples: min=96, max=1340, avg=265.71
2026-05-13 14:15:20,426 INFO src.cli.workflows: Loading checkpoint from: ./checkpoints/mixer_tpp_20260508-182744/last_model_1.pth
2026-05-13 14:15:21,500 INFO src.models.adapters.mixer_task: using time scale base 1.3070542199341526 (key: tau_mean)
2026-05-13 14:15:21,500 INFO src.models.adapters.mixer_task: tau mean: tensor(1.3071)
2026-05-13 14:15:21,507 INFO src.train.config_setup: Restoring model from checkpoint.
2026-05-13 14:15:21,508 INFO src.train.config_setup: Loading model weights: load_specific_parts=['base_model.encoder.input_proj', 'base_model.encoder.layers.0', 'base_model.encoder.layers.1']
2026-05-13 14:15:21,510 INFO src.train.config_setup: Selective load summary: requested_parts=['base_model.encoder.input_proj', 'base_model.encoder.layers.0', 'base_model.encoder.layers.1'], target_in_model=32, matched_in_checkpoint=28, loaded=28, missing_after_load=4, shape_mismatch=0, missing_in_model=0, out_of_scope_loaded=0
2026-05-13 14:15:21,510 INFO src.train.config_setup: Selective load coverage [base_model.encoder.input_proj]: target=4, hit=4, missing=0, complete=True
2026-05-13 14:15:21,510 INFO src.train.config_setup: Selective load coverage [base_model.encoder.layers.0]: target=14, hit=12, missing=2, complete=False
2026-05-13 14:15:21,510 WARNING src.train.config_setup: Selective load coverage missing preview [base_model.encoder.layers.0]: ['base_model.encoder.layers.0.mixer.conv1d.bias', 'base_model.encoder.layers.0.mixer.conv1d.weight']
2026-05-13 14:15:21,510 INFO src.train.config_setup: Selective load coverage [base_model.encoder.layers.1]: target=14, hit=12, missing=2, complete=False
2026-05-13 14:15:21,510 WARNING src.train.config_setup: Selective load coverage missing preview [base_model.encoder.layers.1]: ['base_model.encoder.layers.1.mixer.conv1d.bias', 'base_model.encoder.layers.1.mixer.conv1d.weight']
2026-05-13 14:15:21,510 WARNING src.train.config_setup: Checkpoint missing target parameter preview: ['base_model.encoder.layers.0.mixer.conv1d.bias', 'base_model.encoder.layers.0.mixer.conv1d.weight', 'base_model.encoder.layers.1.mixer.conv1d.bias', 'base_model.encoder.layers.1.mixer.conv1d.weight']
2026-05-13 14:15:21,510 WARNING src.train.config_setup: Target not-loaded parameter preview: ['base_model.encoder.layers.0.mixer.conv1d.bias', 'base_model.encoder.layers.0.mixer.conv1d.weight', 'base_model.encoder.layers.1.mixer.conv1d.bias', 'base_model.encoder.layers.1.mixer.conv1d.weight']
2026-05-13 14:15:21,510 INFO src.train.config_setup: Loaded parameter preview: ['base_model.encoder.layers.1.norm2.weight', 'base_model.encoder.layers.1.norm2.bias', 'base_model.encoder.layers.1.mixer.dt_bias', 'base_model.encoder.input_proj.3.bias', 'base_model.encoder.layers.0.norm2.bias', 'base_model.encoder.layers.1.mixer.out_proj.weight', 'base_model.encoder.layers.0.norm.weight', 'base_model.encoder.layers.1.mlp.fc1.weight', 'base_model.encoder.layers.1.mixer.norm.weight', 'base_model.encoder.layers.0.mixer.dt_bias'] ... (+18 more)
2026-05-13 14:15:21,511 INFO src.train.config_setup: Checkpoint hyperparameters loaded.
2026-05-13 14:15:21,511 INFO src.train.config_setup: Checkpoint train metrics available.
2026-05-13 14:15:21,511 INFO src.train.config_setup: Checkpoint val metrics available.
2026-05-13 14:15:21,511 INFO src.train.config_setup: Freeze skipped (checkpoint_restore): freeze_parts is empty.
2026-05-13 14:15:21,511 INFO src.train.config_setup: Using regression criterion: smooth_l1
2026-05-13 14:15:21,511 INFO src.train.config_setup: Criterion config: {'beta': 0.3}
2026-05-13 14:15:21,513 INFO src.train.config_setup: encoder_param_keywords: ['base_model.encoder.input_proj', 'base_model.encoder.layers.0', 'base_model.encoder.layers.1']
2026-05-13 14:15:21,513 INFO src.train.config_setup: encoder_lr grouping summary: lr=0.0003, matched=32
2026-05-13 14:15:21,513 INFO src.train.config_setup: Encoder LR coverage [base_model.encoder.input_proj]: target=4, hit=4, missing=0, complete=True
2026-05-13 14:15:21,513 INFO src.train.config_setup: Encoder LR coverage [base_model.encoder.layers.0]: target=14, hit=14, missing=0, complete=True
2026-05-13 14:15:21,513 INFO src.train.config_setup: Encoder LR coverage [base_model.encoder.layers.1]: target=14, hit=14, missing=0, complete=True
2026-05-13 14:15:21,513 INFO src.train.config_setup: encoder_lr matched preview: ['base_model.encoder.input_proj.0.weight', 'base_model.encoder.input_proj.0.bias', 'base_model.encoder.input_proj.3.weight', 'base_model.encoder.input_proj.3.bias', 'base_model.encoder.layers.0.norm.weight', 'base_model.encoder.layers.0.norm.bias', 'base_model.encoder.layers.0.mixer.dt_bias', 'base_model.encoder.layers.0.mixer.A_log', 'base_model.encoder.layers.0.mixer.D', 'base_model.encoder.layers.0.mixer.in_proj.weight'] ... (+22 more)
2026-05-13 14:15:21,513 INFO src.train.config_setup: Not resuming optimizer/scheduler state; reset training state to start_epoch=0, best_val_loss=inf.
2026-05-13 14:15:21,514 INFO src.train.trainer: Epoch 1
2026-05-13 14:15:37,085 INFO src.train.trainer: New best validation loss: 0.1974, saved to /root/autodl-tmp/em_eqf/experiments/reg_grid_r04_stable8/runs/r04s_g6_warm12_seed_0/best_model_1.pth
2026-05-13 14:15:37,093 INFO src.train.trainer: Last model at epoch 1 saved to /root/autodl-tmp/em_eqf/experiments/reg_grid_r04_stable8/runs/r04s_g6_warm12_seed_0/last_model_1.pth
2026-05-13 14:15:37,093 INFO src.train.trainer: Epoch 2
2026-05-13 14:15:40,490 INFO src.train.trainer: New best validation loss: 0.0509, saved to /root/autodl-tmp/em_eqf/experiments/reg_grid_r04_stable8/runs/r04s_g6_warm12_seed_0/best_model_1.pth
2026-05-13 14:15:40,501 INFO src.train.trainer: Last model at epoch 2 saved to /root/autodl-tmp/em_eqf/experiments/reg_grid_r04_stable8/runs/r04s_g6_warm12_seed_0/last_model_1.pth
2026-05-13 14:15:40,501 INFO src.train.trainer: Epoch 3
2026-05-13 14:15:43,777 INFO src.train.trainer: New best validation loss: 0.0341, saved to /root/autodl-tmp/em_eqf/experiments/reg_grid_r04_stable8/runs/r04s_g6_warm12_seed_0/best_model_1.pth
2026-05-13 14:15:43,787 INFO src.train.trainer: Last model at epoch 3 saved to /root/autodl-tmp/em_eqf/experiments/reg_grid_r04_stable8/runs/r04s_g6_warm12_seed_0/last_model_1.pth
2026-05-13 14:15:43,788 INFO src.train.trainer: Epoch 4
2026-05-13 14:15:46,827 INFO src.train.trainer: Last model at epoch 4 saved to /root/autodl-tmp/em_eqf/experiments/reg_grid_r04_stable8/runs/r04s_g6_warm12_seed_0/last_model_1.pth
2026-05-13 14:15:46,828 INFO src.train.trainer: Epoch 5
2026-05-13 14:15:49,739 INFO src.train.trainer: New best validation loss: 0.0299, saved to /root/autodl-tmp/em_eqf/experiments/reg_grid_r04_stable8/runs/r04s_g6_warm12_seed_0/best_model_1.pth
2026-05-13 14:15:49,759 INFO src.train.trainer: Last model at epoch 5 saved to /root/autodl-tmp/em_eqf/experiments/reg_grid_r04_stable8/runs/r04s_g6_warm12_seed_0/last_model_1.pth
2026-05-13 14:15:49,760 INFO src.train.trainer: Epoch 6
2026-05-13 14:15:52,720 INFO src.train.trainer: New best validation loss: 0.0294, saved to /root/autodl-tmp/em_eqf/experiments/reg_grid_r04_stable8/runs/r04s_g6_warm12_seed_0/best_model_1.pth
2026-05-13 14:15:52,732 INFO src.train.trainer: Last model at epoch 6 saved to /root/autodl-tmp/em_eqf/experiments/reg_grid_r04_stable8/runs/r04s_g6_warm12_seed_0/last_model_1.pth
2026-05-13 14:15:52,732 INFO src.train.trainer: Epoch 7
2026-05-13 14:15:55,803 INFO src.train.trainer: Last model at epoch 7 saved to /root/autodl-tmp/em_eqf/experiments/reg_grid_r04_stable8/runs/r04s_g6_warm12_seed_0/last_model_1.pth
2026-05-13 14:15:55,804 INFO src.train.trainer: Epoch 8
2026-05-13 14:15:58,813 INFO src.train.trainer: Last model at epoch 8 saved to /root/autodl-tmp/em_eqf/experiments/reg_grid_r04_stable8/runs/r04s_g6_warm12_seed_0/last_model_1.pth
2026-05-13 14:15:58,814 INFO src.train.trainer: Epoch 9
2026-05-13 14:16:01,420 INFO src.train.trainer: New best validation loss: 0.0284, saved to /root/autodl-tmp/em_eqf/experiments/reg_grid_r04_stable8/runs/r04s_g6_warm12_seed_0/best_model_1.pth
2026-05-13 14:16:01,433 INFO src.train.trainer: Last model at epoch 9 saved to /root/autodl-tmp/em_eqf/experiments/reg_grid_r04_stable8/runs/r04s_g6_warm12_seed_0/last_model_1.pth
2026-05-13 14:16:01,433 INFO src.train.trainer: Epoch 10
2026-05-13 14:16:04,263 INFO src.train.trainer: Last model at epoch 10 saved to /root/autodl-tmp/em_eqf/experiments/reg_grid_r04_stable8/runs/r04s_g6_warm12_seed_0/last_model_1.pth
2026-05-13 14:16:04,263 INFO src.train.trainer: Epoch 11
2026-05-13 14:16:07,192 INFO src.train.trainer: Last model at epoch 11 saved to /root/autodl-tmp/em_eqf/experiments/reg_grid_r04_stable8/runs/r04s_g6_warm12_seed_0/last_model_1.pth
2026-05-13 14:16:07,192 INFO src.train.trainer: Epoch 12
2026-05-13 14:16:10,043 INFO src.train.trainer: New best validation loss: 0.0283, saved to /root/autodl-tmp/em_eqf/experiments/reg_grid_r04_stable8/runs/r04s_g6_warm12_seed_0/best_model_1.pth
2026-05-13 14:16:10,057 INFO src.train.trainer: Last model at epoch 12 saved to /root/autodl-tmp/em_eqf/experiments/reg_grid_r04_stable8/runs/r04s_g6_warm12_seed_0/last_model_1.pth
2026-05-13 14:16:10,058 INFO src.train.trainer: Epoch 13
2026-05-13 14:16:13,000 INFO src.train.trainer: Last model at epoch 13 saved to /root/autodl-tmp/em_eqf/experiments/reg_grid_r04_stable8/runs/r04s_g6_warm12_seed_0/last_model_1.pth
2026-05-13 14:16:13,000 INFO src.train.trainer: Epoch 14
2026-05-13 14:16:15,612 INFO src.train.trainer: Last model at epoch 14 saved to /root/autodl-tmp/em_eqf/experiments/reg_grid_r04_stable8/runs/r04s_g6_warm12_seed_0/last_model_1.pth
2026-05-13 14:16:15,613 INFO src.train.trainer: Epoch 15
2026-05-13 14:16:18,548 INFO src.train.trainer: Last model at epoch 15 saved to /root/autodl-tmp/em_eqf/experiments/reg_grid_r04_stable8/runs/r04s_g6_warm12_seed_0/last_model_1.pth
2026-05-13 14:16:18,548 INFO src.train.trainer: Epoch 16
2026-05-13 14:16:21,118 INFO src.train.trainer: New best validation loss: 0.0281, saved to /root/autodl-tmp/em_eqf/experiments/reg_grid_r04_stable8/runs/r04s_g6_warm12_seed_0/best_model_1.pth
2026-05-13 14:16:21,129 INFO src.train.trainer: Last model at epoch 16 saved to /root/autodl-tmp/em_eqf/experiments/reg_grid_r04_stable8/runs/r04s_g6_warm12_seed_0/last_model_1.pth
2026-05-13 14:16:21,129 INFO src.train.trainer: Epoch 17
2026-05-13 14:16:23,794 INFO src.train.trainer: Last model at epoch 17 saved to /root/autodl-tmp/em_eqf/experiments/reg_grid_r04_stable8/runs/r04s_g6_warm12_seed_0/last_model_1.pth
2026-05-13 14:16:23,794 INFO src.train.trainer: Epoch 18
2026-05-13 14:16:26,459 INFO src.train.trainer: Last model at epoch 18 saved to /root/autodl-tmp/em_eqf/experiments/reg_grid_r04_stable8/runs/r04s_g6_warm12_seed_0/last_model_1.pth
2026-05-13 14:16:26,459 INFO src.train.trainer: Epoch 19
2026-05-13 14:16:29,206 INFO src.train.trainer: Last model at epoch 19 saved to /root/autodl-tmp/em_eqf/experiments/reg_grid_r04_stable8/runs/r04s_g6_warm12_seed_0/last_model_1.pth
2026-05-13 14:16:29,207 INFO src.train.trainer: Epoch 20
2026-05-13 14:16:32,088 INFO src.train.trainer: Last model at epoch 20 saved to /root/autodl-tmp/em_eqf/experiments/reg_grid_r04_stable8/runs/r04s_g6_warm12_seed_0/last_model_1.pth
2026-05-13 14:16:32,088 INFO src.train.trainer: Epoch 21
2026-05-13 14:16:34,654 INFO src.train.trainer: Last model at epoch 21 saved to /root/autodl-tmp/em_eqf/experiments/reg_grid_r04_stable8/runs/r04s_g6_warm12_seed_0/last_model_1.pth
2026-05-13 14:16:34,654 INFO src.train.trainer: Epoch 22
2026-05-13 14:16:37,474 INFO src.train.trainer: Last model at epoch 22 saved to /root/autodl-tmp/em_eqf/experiments/reg_grid_r04_stable8/runs/r04s_g6_warm12_seed_0/last_model_1.pth
2026-05-13 14:16:37,474 INFO src.train.trainer: Epoch 23
2026-05-13 14:16:40,628 INFO src.train.trainer: Last model at epoch 23 saved to /root/autodl-tmp/em_eqf/experiments/reg_grid_r04_stable8/runs/r04s_g6_warm12_seed_0/last_model_1.pth
2026-05-13 14:16:40,629 INFO src.train.trainer: Epoch 24
2026-05-13 14:16:43,864 INFO src.train.trainer: Last model at epoch 24 saved to /root/autodl-tmp/em_eqf/experiments/reg_grid_r04_stable8/runs/r04s_g6_warm12_seed_0/last_model_1.pth
2026-05-13 14:16:43,865 INFO src.train.trainer: Epoch 25
2026-05-13 14:16:46,691 INFO src.train.trainer: Last model at epoch 25 saved to /root/autodl-tmp/em_eqf/experiments/reg_grid_r04_stable8/runs/r04s_g6_warm12_seed_0/last_model_1.pth
2026-05-13 14:16:46,691 INFO src.train.trainer: Epoch 26
2026-05-13 14:16:49,355 INFO src.train.trainer: Last model at epoch 26 saved to /root/autodl-tmp/em_eqf/experiments/reg_grid_r04_stable8/runs/r04s_g6_warm12_seed_0/last_model_1.pth
2026-05-13 14:16:49,355 INFO src.train.trainer: Epoch 27
2026-05-13 14:16:52,051 INFO src.train.trainer: Last model at epoch 27 saved to /root/autodl-tmp/em_eqf/experiments/reg_grid_r04_stable8/runs/r04s_g6_warm12_seed_0/last_model_1.pth
2026-05-13 14:16:52,051 INFO src.train.trainer: Epoch 28
2026-05-13 14:16:54,694 INFO src.train.trainer: Last model at epoch 28 saved to /root/autodl-tmp/em_eqf/experiments/reg_grid_r04_stable8/runs/r04s_g6_warm12_seed_0/last_model_1.pth
2026-05-13 14:16:54,694 INFO src.train.trainer: Epoch 29
2026-05-13 14:16:57,418 INFO src.train.trainer: Last model at epoch 29 saved to /root/autodl-tmp/em_eqf/experiments/reg_grid_r04_stable8/runs/r04s_g6_warm12_seed_0/last_model_1.pth
2026-05-13 14:16:57,418 INFO src.train.trainer: Epoch 30
2026-05-13 14:17:00,383 INFO src.train.trainer: Last model at epoch 30 saved to /root/autodl-tmp/em_eqf/experiments/reg_grid_r04_stable8/runs/r04s_g6_warm12_seed_0/last_model_1.pth
2026-05-13 14:17:00,384 INFO src.train.trainer: Epoch 31
2026-05-13 14:17:03,346 INFO src.train.trainer: Last model at epoch 31 saved to /root/autodl-tmp/em_eqf/experiments/reg_grid_r04_stable8/runs/r04s_g6_warm12_seed_0/last_model_1.pth
2026-05-13 14:17:03,347 INFO src.train.trainer: Epoch 32
2026-05-13 14:17:06,210 INFO src.train.trainer: Last model at epoch 32 saved to /root/autodl-tmp/em_eqf/experiments/reg_grid_r04_stable8/runs/r04s_g6_warm12_seed_0/last_model_1.pth
2026-05-13 14:17:06,210 INFO src.train.trainer: Epoch 33
2026-05-13 14:17:09,256 INFO src.train.trainer: Last model at epoch 33 saved to /root/autodl-tmp/em_eqf/experiments/reg_grid_r04_stable8/runs/r04s_g6_warm12_seed_0/last_model_1.pth
2026-05-13 14:17:09,256 INFO src.train.trainer: Epoch 34
2026-05-13 14:17:11,959 INFO src.train.trainer: Last model at epoch 34 saved to /root/autodl-tmp/em_eqf/experiments/reg_grid_r04_stable8/runs/r04s_g6_warm12_seed_0/last_model_1.pth
2026-05-13 14:17:11,960 INFO src.train.trainer: Epoch 35
2026-05-13 14:17:14,757 INFO src.train.trainer: Last model at epoch 35 saved to /root/autodl-tmp/em_eqf/experiments/reg_grid_r04_stable8/runs/r04s_g6_warm12_seed_0/last_model_1.pth
2026-05-13 14:17:14,758 INFO src.train.trainer: Epoch 36
2026-05-13 14:17:17,299 INFO src.train.trainer: Last model at epoch 36 saved to /root/autodl-tmp/em_eqf/experiments/reg_grid_r04_stable8/runs/r04s_g6_warm12_seed_0/last_model_1.pth
2026-05-13 14:17:17,299 INFO src.train.trainer: Epoch 37
2026-05-13 14:17:20,132 INFO src.train.trainer: Last model at epoch 37 saved to /root/autodl-tmp/em_eqf/experiments/reg_grid_r04_stable8/runs/r04s_g6_warm12_seed_0/last_model_1.pth
2026-05-13 14:17:20,132 INFO src.train.trainer: Epoch 38
2026-05-13 14:17:22,948 INFO src.train.trainer: Last model at epoch 38 saved to /root/autodl-tmp/em_eqf/experiments/reg_grid_r04_stable8/runs/r04s_g6_warm12_seed_0/last_model_1.pth
2026-05-13 14:17:22,948 INFO src.train.trainer: Epoch 39
2026-05-13 14:17:25,969 INFO src.train.trainer: Last model at epoch 39 saved to /root/autodl-tmp/em_eqf/experiments/reg_grid_r04_stable8/runs/r04s_g6_warm12_seed_0/last_model_1.pth
2026-05-13 14:17:25,969 INFO src.train.trainer: Epoch 40
2026-05-13 14:17:28,854 INFO src.train.trainer: Last model at epoch 40 saved to /root/autodl-tmp/em_eqf/experiments/reg_grid_r04_stable8/runs/r04s_g6_warm12_seed_0/last_model_1.pth
2026-05-13 14:17:28,854 INFO src.train.trainer: Epoch 41
2026-05-13 14:17:31,620 INFO src.train.trainer: Last model at epoch 41 saved to /root/autodl-tmp/em_eqf/experiments/reg_grid_r04_stable8/runs/r04s_g6_warm12_seed_0/last_model_1.pth
2026-05-13 14:17:31,620 INFO src.train.trainer: Epoch 42
2026-05-13 14:17:34,537 INFO src.train.trainer: Last model at epoch 42 saved to /root/autodl-tmp/em_eqf/experiments/reg_grid_r04_stable8/runs/r04s_g6_warm12_seed_0/last_model_1.pth
2026-05-13 14:17:34,537 INFO src.train.trainer: Epoch 43
2026-05-13 14:17:37,033 INFO src.train.trainer: Last model at epoch 43 saved to /root/autodl-tmp/em_eqf/experiments/reg_grid_r04_stable8/runs/r04s_g6_warm12_seed_0/last_model_1.pth
2026-05-13 14:17:37,034 INFO src.train.trainer: Epoch 44
2026-05-13 14:17:39,787 INFO src.train.trainer: Last model at epoch 44 saved to /root/autodl-tmp/em_eqf/experiments/reg_grid_r04_stable8/runs/r04s_g6_warm12_seed_0/last_model_1.pth
2026-05-13 14:17:39,787 INFO src.train.trainer: Epoch 45
2026-05-13 14:17:42,536 INFO src.train.trainer: Last model at epoch 45 saved to /root/autodl-tmp/em_eqf/experiments/reg_grid_r04_stable8/runs/r04s_g6_warm12_seed_0/last_model_1.pth
2026-05-13 14:17:42,536 INFO src.train.trainer: Epoch 46
2026-05-13 14:17:45,224 INFO src.train.trainer: Last model at epoch 46 saved to /root/autodl-tmp/em_eqf/experiments/reg_grid_r04_stable8/runs/r04s_g6_warm12_seed_0/last_model_1.pth
2026-05-13 14:17:45,225 INFO src.train.trainer: Epoch 47
2026-05-13 14:17:48,030 INFO src.train.trainer: Last model at epoch 47 saved to /root/autodl-tmp/em_eqf/experiments/reg_grid_r04_stable8/runs/r04s_g6_warm12_seed_0/last_model_1.pth
2026-05-13 14:17:48,030 INFO src.train.trainer: Epoch 48
2026-05-13 14:17:50,787 INFO src.train.trainer: Last model at epoch 48 saved to /root/autodl-tmp/em_eqf/experiments/reg_grid_r04_stable8/runs/r04s_g6_warm12_seed_0/last_model_1.pth
2026-05-13 14:17:50,787 INFO src.train.trainer: Epoch 49
2026-05-13 14:17:53,493 INFO src.train.trainer: Last model at epoch 49 saved to /root/autodl-tmp/em_eqf/experiments/reg_grid_r04_stable8/runs/r04s_g6_warm12_seed_0/last_model_1.pth
2026-05-13 14:17:53,493 INFO src.train.trainer: Epoch 50
2026-05-13 14:17:56,289 INFO src.train.trainer: Last model at epoch 50 saved to /root/autodl-tmp/em_eqf/experiments/reg_grid_r04_stable8/runs/r04s_g6_warm12_seed_0/last_model_1.pth
2026-05-13 14:17:56,290 INFO src.train.trainer: Epoch 51
2026-05-13 14:17:59,019 INFO src.train.trainer: Last model at epoch 51 saved to /root/autodl-tmp/em_eqf/experiments/reg_grid_r04_stable8/runs/r04s_g6_warm12_seed_0/last_model_1.pth
2026-05-13 14:17:59,019 INFO src.train.trainer: Epoch 52
2026-05-13 14:18:01,801 INFO src.train.trainer: Last model at epoch 52 saved to /root/autodl-tmp/em_eqf/experiments/reg_grid_r04_stable8/runs/r04s_g6_warm12_seed_0/last_model_1.pth
2026-05-13 14:18:01,801 INFO src.train.trainer: Epoch 53
2026-05-13 14:18:04,710 INFO src.train.trainer: Last model at epoch 53 saved to /root/autodl-tmp/em_eqf/experiments/reg_grid_r04_stable8/runs/r04s_g6_warm12_seed_0/last_model_1.pth
2026-05-13 14:18:04,711 INFO src.train.trainer: Epoch 54
2026-05-13 14:18:07,431 INFO src.train.trainer: Last model at epoch 54 saved to /root/autodl-tmp/em_eqf/experiments/reg_grid_r04_stable8/runs/r04s_g6_warm12_seed_0/last_model_1.pth
2026-05-13 14:18:07,431 INFO src.train.trainer: Epoch 55
2026-05-13 14:18:10,140 INFO src.train.trainer: Last model at epoch 55 saved to /root/autodl-tmp/em_eqf/experiments/reg_grid_r04_stable8/runs/r04s_g6_warm12_seed_0/last_model_1.pth
2026-05-13 14:18:10,140 INFO src.train.trainer: Epoch 56
2026-05-13 14:18:13,184 INFO src.train.trainer: Last model at epoch 56 saved to /root/autodl-tmp/em_eqf/experiments/reg_grid_r04_stable8/runs/r04s_g6_warm12_seed_0/last_model_1.pth
2026-05-13 14:18:13,184 INFO src.train.trainer: Epoch 57
2026-05-13 14:18:16,097 INFO src.train.trainer: Last model at epoch 57 saved to /root/autodl-tmp/em_eqf/experiments/reg_grid_r04_stable8/runs/r04s_g6_warm12_seed_0/last_model_1.pth
2026-05-13 14:18:16,097 INFO src.train.trainer: Epoch 58
2026-05-13 14:18:19,010 INFO src.train.trainer: Last model at epoch 58 saved to /root/autodl-tmp/em_eqf/experiments/reg_grid_r04_stable8/runs/r04s_g6_warm12_seed_0/last_model_1.pth
2026-05-13 14:18:19,010 INFO src.train.trainer: Epoch 59
2026-05-13 14:18:21,771 INFO src.train.trainer: Last model at epoch 59 saved to /root/autodl-tmp/em_eqf/experiments/reg_grid_r04_stable8/runs/r04s_g6_warm12_seed_0/last_model_1.pth
2026-05-13 14:18:21,771 INFO src.train.trainer: Epoch 60
2026-05-13 14:18:24,501 INFO src.train.trainer: Last model at epoch 60 saved to /root/autodl-tmp/em_eqf/experiments/reg_grid_r04_stable8/runs/r04s_g6_warm12_seed_0/last_model_1.pth
2026-05-13 14:18:24,509 INFO src.train.trainer: Saved epoch 60 snapshot to /root/autodl-tmp/em_eqf/experiments/reg_grid_r04_stable8/runs/r04s_g6_warm12_seed_0/epoch_60_model_1.pth
2026-05-13 14:18:24,509 INFO src.train.trainer: Epoch 61
2026-05-13 14:18:27,383 INFO src.train.trainer: Last model at epoch 61 saved to /root/autodl-tmp/em_eqf/experiments/reg_grid_r04_stable8/runs/r04s_g6_warm12_seed_0/last_model_1.pth
2026-05-13 14:18:27,383 INFO src.train.trainer: Epoch 62
2026-05-13 14:18:30,086 INFO src.train.trainer: Last model at epoch 62 saved to /root/autodl-tmp/em_eqf/experiments/reg_grid_r04_stable8/runs/r04s_g6_warm12_seed_0/last_model_1.pth
2026-05-13 14:18:30,086 INFO src.train.trainer: Epoch 63
2026-05-13 14:18:32,911 INFO src.train.trainer: Last model at epoch 63 saved to /root/autodl-tmp/em_eqf/experiments/reg_grid_r04_stable8/runs/r04s_g6_warm12_seed_0/last_model_1.pth
2026-05-13 14:18:32,911 INFO src.train.trainer: Epoch 64
2026-05-13 14:18:35,635 INFO src.train.trainer: Last model at epoch 64 saved to /root/autodl-tmp/em_eqf/experiments/reg_grid_r04_stable8/runs/r04s_g6_warm12_seed_0/last_model_1.pth
2026-05-13 14:18:35,635 INFO src.train.trainer: Epoch 65
2026-05-13 14:18:38,384 INFO src.train.trainer: Last model at epoch 65 saved to /root/autodl-tmp/em_eqf/experiments/reg_grid_r04_stable8/runs/r04s_g6_warm12_seed_0/last_model_1.pth
2026-05-13 14:18:38,385 INFO src.train.trainer: Epoch 66
2026-05-13 14:18:41,212 INFO src.train.trainer: Last model at epoch 66 saved to /root/autodl-tmp/em_eqf/experiments/reg_grid_r04_stable8/runs/r04s_g6_warm12_seed_0/last_model_1.pth
2026-05-13 14:18:41,212 INFO src.train.trainer: Epoch 67
2026-05-13 14:18:43,923 INFO src.train.trainer: Last model at epoch 67 saved to /root/autodl-tmp/em_eqf/experiments/reg_grid_r04_stable8/runs/r04s_g6_warm12_seed_0/last_model_1.pth
2026-05-13 14:18:43,923 INFO src.train.trainer: Epoch 68
2026-05-13 14:18:46,884 INFO src.train.trainer: Last model at epoch 68 saved to /root/autodl-tmp/em_eqf/experiments/reg_grid_r04_stable8/runs/r04s_g6_warm12_seed_0/last_model_1.pth
2026-05-13 14:18:46,884 INFO src.train.trainer: Epoch 69
2026-05-13 14:18:49,673 INFO src.train.trainer: Last model at epoch 69 saved to /root/autodl-tmp/em_eqf/experiments/reg_grid_r04_stable8/runs/r04s_g6_warm12_seed_0/last_model_1.pth
2026-05-13 14:18:49,673 INFO src.train.trainer: Epoch 70
2026-05-13 14:18:52,513 INFO src.train.trainer: Last model at epoch 70 saved to /root/autodl-tmp/em_eqf/experiments/reg_grid_r04_stable8/runs/r04s_g6_warm12_seed_0/last_model_1.pth
2026-05-13 14:18:52,513 INFO src.train.trainer: Epoch 71
2026-05-13 14:18:55,399 INFO src.train.trainer: Last model at epoch 71 saved to /root/autodl-tmp/em_eqf/experiments/reg_grid_r04_stable8/runs/r04s_g6_warm12_seed_0/last_model_1.pth
2026-05-13 14:18:55,399 INFO src.train.trainer: Epoch 72
2026-05-13 14:18:58,050 INFO src.train.trainer: Last model at epoch 72 saved to /root/autodl-tmp/em_eqf/experiments/reg_grid_r04_stable8/runs/r04s_g6_warm12_seed_0/last_model_1.pth
2026-05-13 14:18:58,050 INFO src.train.trainer: Epoch 73
2026-05-13 14:19:01,098 INFO src.train.trainer: Last model at epoch 73 saved to /root/autodl-tmp/em_eqf/experiments/reg_grid_r04_stable8/runs/r04s_g6_warm12_seed_0/last_model_1.pth
2026-05-13 14:19:01,098 INFO src.train.trainer: Epoch 74
2026-05-13 14:19:03,998 INFO src.train.trainer: Last model at epoch 74 saved to /root/autodl-tmp/em_eqf/experiments/reg_grid_r04_stable8/runs/r04s_g6_warm12_seed_0/last_model_1.pth
2026-05-13 14:19:03,998 INFO src.train.trainer: Epoch 75
2026-05-13 14:19:06,737 INFO src.train.trainer: Last model at epoch 75 saved to /root/autodl-tmp/em_eqf/experiments/reg_grid_r04_stable8/runs/r04s_g6_warm12_seed_0/last_model_1.pth
2026-05-13 14:19:06,737 INFO src.train.trainer: Epoch 76
2026-05-13 14:19:09,468 INFO src.train.trainer: Last model at epoch 76 saved to /root/autodl-tmp/em_eqf/experiments/reg_grid_r04_stable8/runs/r04s_g6_warm12_seed_0/last_model_1.pth
2026-05-13 14:19:09,469 INFO src.train.trainer: Epoch 77
2026-05-13 14:19:12,129 INFO src.train.trainer: Last model at epoch 77 saved to /root/autodl-tmp/em_eqf/experiments/reg_grid_r04_stable8/runs/r04s_g6_warm12_seed_0/last_model_1.pth
2026-05-13 14:19:12,130 INFO src.train.trainer: Epoch 78
2026-05-13 14:19:14,869 INFO src.train.trainer: Last model at epoch 78 saved to /root/autodl-tmp/em_eqf/experiments/reg_grid_r04_stable8/runs/r04s_g6_warm12_seed_0/last_model_1.pth
2026-05-13 14:19:14,870 INFO src.train.trainer: Epoch 79
2026-05-13 14:19:17,713 INFO src.train.trainer: Last model at epoch 79 saved to /root/autodl-tmp/em_eqf/experiments/reg_grid_r04_stable8/runs/r04s_g6_warm12_seed_0/last_model_1.pth
2026-05-13 14:19:17,713 INFO src.train.trainer: Epoch 80
2026-05-13 14:19:20,452 INFO src.train.trainer: Last model at epoch 80 saved to /root/autodl-tmp/em_eqf/experiments/reg_grid_r04_stable8/runs/r04s_g6_warm12_seed_0/last_model_1.pth
2026-05-13 14:19:20,462 INFO src.train.trainer: Saved epoch 80 snapshot to /root/autodl-tmp/em_eqf/experiments/reg_grid_r04_stable8/runs/r04s_g6_warm12_seed_0/epoch_80_model_1.pth
2026-05-13 14:19:20,462 INFO src.train.trainer: Epoch 81
2026-05-13 14:19:23,409 INFO src.train.trainer: Last model at epoch 81 saved to /root/autodl-tmp/em_eqf/experiments/reg_grid_r04_stable8/runs/r04s_g6_warm12_seed_0/last_model_1.pth
2026-05-13 14:19:23,412 INFO src.train.trainer: Epoch 82
2026-05-13 14:19:26,267 INFO src.train.trainer: Last model at epoch 82 saved to /root/autodl-tmp/em_eqf/experiments/reg_grid_r04_stable8/runs/r04s_g6_warm12_seed_0/last_model_1.pth
2026-05-13 14:19:26,267 INFO src.train.trainer: Epoch 83
2026-05-13 14:19:29,149 INFO src.train.trainer: Last model at epoch 83 saved to /root/autodl-tmp/em_eqf/experiments/reg_grid_r04_stable8/runs/r04s_g6_warm12_seed_0/last_model_1.pth
2026-05-13 14:19:29,149 INFO src.train.trainer: Epoch 84
2026-05-13 14:19:32,018 INFO src.train.trainer: Last model at epoch 84 saved to /root/autodl-tmp/em_eqf/experiments/reg_grid_r04_stable8/runs/r04s_g6_warm12_seed_0/last_model_1.pth
2026-05-13 14:19:32,018 INFO src.train.trainer: Epoch 85
2026-05-13 14:19:34,899 INFO src.train.trainer: Last model at epoch 85 saved to /root/autodl-tmp/em_eqf/experiments/reg_grid_r04_stable8/runs/r04s_g6_warm12_seed_0/last_model_1.pth
2026-05-13 14:19:34,900 INFO src.train.trainer: Epoch 86
2026-05-13 14:19:37,725 INFO src.train.trainer: Last model at epoch 86 saved to /root/autodl-tmp/em_eqf/experiments/reg_grid_r04_stable8/runs/r04s_g6_warm12_seed_0/last_model_1.pth
2026-05-13 14:19:37,725 INFO src.train.trainer: Epoch 87
2026-05-13 14:19:40,511 INFO src.train.trainer: Last model at epoch 87 saved to /root/autodl-tmp/em_eqf/experiments/reg_grid_r04_stable8/runs/r04s_g6_warm12_seed_0/last_model_1.pth
2026-05-13 14:19:40,512 INFO src.train.trainer: Epoch 88
2026-05-13 14:19:44,561 INFO src.train.trainer: Last model at epoch 88 saved to /root/autodl-tmp/em_eqf/experiments/reg_grid_r04_stable8/runs/r04s_g6_warm12_seed_0/last_model_1.pth
2026-05-13 14:19:44,562 INFO src.train.trainer: Epoch 89
2026-05-13 14:19:48,594 INFO src.train.trainer: Last model at epoch 89 saved to /root/autodl-tmp/em_eqf/experiments/reg_grid_r04_stable8/runs/r04s_g6_warm12_seed_0/last_model_1.pth
2026-05-13 14:19:48,595 INFO src.train.trainer: Epoch 90
2026-05-13 14:19:52,890 INFO src.train.trainer: Last model at epoch 90 saved to /root/autodl-tmp/em_eqf/experiments/reg_grid_r04_stable8/runs/r04s_g6_warm12_seed_0/last_model_1.pth
2026-05-13 14:19:52,890 INFO src.train.trainer: Epoch 91
2026-05-13 14:19:56,675 INFO src.train.trainer: Last model at epoch 91 saved to /root/autodl-tmp/em_eqf/experiments/reg_grid_r04_stable8/runs/r04s_g6_warm12_seed_0/last_model_1.pth
2026-05-13 14:19:56,675 INFO src.train.trainer: Epoch 92
2026-05-13 14:19:59,843 INFO src.train.trainer: Last model at epoch 92 saved to /root/autodl-tmp/em_eqf/experiments/reg_grid_r04_stable8/runs/r04s_g6_warm12_seed_0/last_model_1.pth
2026-05-13 14:19:59,843 INFO src.train.trainer: Epoch 93
2026-05-13 14:20:02,960 INFO src.train.trainer: Last model at epoch 93 saved to /root/autodl-tmp/em_eqf/experiments/reg_grid_r04_stable8/runs/r04s_g6_warm12_seed_0/last_model_1.pth
2026-05-13 14:20:02,960 INFO src.train.trainer: Epoch 94
2026-05-13 14:20:06,444 INFO src.train.trainer: Last model at epoch 94 saved to /root/autodl-tmp/em_eqf/experiments/reg_grid_r04_stable8/runs/r04s_g6_warm12_seed_0/last_model_1.pth
2026-05-13 14:20:06,444 INFO src.train.trainer: Epoch 95
2026-05-13 14:20:10,038 INFO src.train.trainer: Last model at epoch 95 saved to /root/autodl-tmp/em_eqf/experiments/reg_grid_r04_stable8/runs/r04s_g6_warm12_seed_0/last_model_1.pth
2026-05-13 14:20:10,038 INFO src.train.trainer: Epoch 96
2026-05-13 14:20:13,614 INFO src.train.trainer: Last model at epoch 96 saved to /root/autodl-tmp/em_eqf/experiments/reg_grid_r04_stable8/runs/r04s_g6_warm12_seed_0/last_model_1.pth
2026-05-13 14:20:13,614 INFO src.train.trainer: Epoch 97
2026-05-13 14:20:17,203 INFO src.train.trainer: Last model at epoch 97 saved to /root/autodl-tmp/em_eqf/experiments/reg_grid_r04_stable8/runs/r04s_g6_warm12_seed_0/last_model_1.pth
2026-05-13 14:20:17,203 INFO src.train.trainer: Epoch 98
2026-05-13 14:20:20,498 INFO src.train.trainer: Last model at epoch 98 saved to /root/autodl-tmp/em_eqf/experiments/reg_grid_r04_stable8/runs/r04s_g6_warm12_seed_0/last_model_1.pth
2026-05-13 14:20:20,499 INFO src.train.trainer: Epoch 99
2026-05-13 14:20:23,956 INFO src.train.trainer: Last model at epoch 99 saved to /root/autodl-tmp/em_eqf/experiments/reg_grid_r04_stable8/runs/r04s_g6_warm12_seed_0/last_model_1.pth
2026-05-13 14:20:23,956 INFO src.train.trainer: Epoch 100
2026-05-13 14:20:26,699 INFO src.train.trainer: Last model at epoch 100 saved to /root/autodl-tmp/em_eqf/experiments/reg_grid_r04_stable8/runs/r04s_g6_warm12_seed_0/last_model_1.pth
2026-05-13 14:20:26,707 INFO src.train.trainer: Saved epoch 100 snapshot to /root/autodl-tmp/em_eqf/experiments/reg_grid_r04_stable8/runs/r04s_g6_warm12_seed_0/epoch_100_model_1.pth
2026-05-13 14:20:26,707 INFO src.train.trainer: Epoch 101
2026-05-13 14:20:29,697 INFO src.train.trainer: Last model at epoch 101 saved to /root/autodl-tmp/em_eqf/experiments/reg_grid_r04_stable8/runs/r04s_g6_warm12_seed_0/last_model_1.pth
2026-05-13 14:20:29,698 INFO src.train.trainer: Epoch 102
2026-05-13 14:20:32,461 INFO src.train.trainer: Last model at epoch 102 saved to /root/autodl-tmp/em_eqf/experiments/reg_grid_r04_stable8/runs/r04s_g6_warm12_seed_0/last_model_1.pth
2026-05-13 14:20:32,461 INFO src.train.trainer: Epoch 103
2026-05-13 14:20:35,232 INFO src.train.trainer: Last model at epoch 103 saved to /root/autodl-tmp/em_eqf/experiments/reg_grid_r04_stable8/runs/r04s_g6_warm12_seed_0/last_model_1.pth
2026-05-13 14:20:35,233 INFO src.train.trainer: Epoch 104
2026-05-13 14:20:38,269 INFO src.train.trainer: Last model at epoch 104 saved to /root/autodl-tmp/em_eqf/experiments/reg_grid_r04_stable8/runs/r04s_g6_warm12_seed_0/last_model_1.pth
2026-05-13 14:20:38,270 INFO src.train.trainer: Epoch 105
2026-05-13 14:20:41,421 INFO src.train.trainer: Last model at epoch 105 saved to /root/autodl-tmp/em_eqf/experiments/reg_grid_r04_stable8/runs/r04s_g6_warm12_seed_0/last_model_1.pth
2026-05-13 14:20:41,421 INFO src.train.trainer: Epoch 106
2026-05-13 14:20:44,936 INFO src.train.trainer: Last model at epoch 106 saved to /root/autodl-tmp/em_eqf/experiments/reg_grid_r04_stable8/runs/r04s_g6_warm12_seed_0/last_model_1.pth
2026-05-13 14:20:44,937 INFO src.train.trainer: Epoch 107
2026-05-13 14:20:48,442 INFO src.train.trainer: Last model at epoch 107 saved to /root/autodl-tmp/em_eqf/experiments/reg_grid_r04_stable8/runs/r04s_g6_warm12_seed_0/last_model_1.pth
2026-05-13 14:20:48,443 INFO src.train.trainer: Epoch 108
2026-05-13 14:20:51,569 INFO src.train.trainer: Last model at epoch 108 saved to /root/autodl-tmp/em_eqf/experiments/reg_grid_r04_stable8/runs/r04s_g6_warm12_seed_0/last_model_1.pth
2026-05-13 14:20:51,570 INFO src.train.trainer: Epoch 109
2026-05-13 14:20:55,022 INFO src.train.trainer: Last model at epoch 109 saved to /root/autodl-tmp/em_eqf/experiments/reg_grid_r04_stable8/runs/r04s_g6_warm12_seed_0/last_model_1.pth
2026-05-13 14:20:55,022 INFO src.train.trainer: Epoch 110
2026-05-13 14:20:58,125 INFO src.train.trainer: Last model at epoch 110 saved to /root/autodl-tmp/em_eqf/experiments/reg_grid_r04_stable8/runs/r04s_g6_warm12_seed_0/last_model_1.pth
2026-05-13 14:20:58,126 INFO src.train.trainer: Epoch 111
2026-05-13 14:21:01,183 INFO src.train.trainer: Last model at epoch 111 saved to /root/autodl-tmp/em_eqf/experiments/reg_grid_r04_stable8/runs/r04s_g6_warm12_seed_0/last_model_1.pth
2026-05-13 14:21:01,184 INFO src.train.trainer: Epoch 112
2026-05-13 14:21:04,466 INFO src.train.trainer: Last model at epoch 112 saved to /root/autodl-tmp/em_eqf/experiments/reg_grid_r04_stable8/runs/r04s_g6_warm12_seed_0/last_model_1.pth
2026-05-13 14:21:04,466 INFO src.train.trainer: Epoch 113
2026-05-13 14:21:07,671 INFO src.train.trainer: Last model at epoch 113 saved to /root/autodl-tmp/em_eqf/experiments/reg_grid_r04_stable8/runs/r04s_g6_warm12_seed_0/last_model_1.pth
2026-05-13 14:21:07,671 INFO src.train.trainer: Epoch 114
2026-05-13 14:21:11,041 INFO src.train.trainer: Last model at epoch 114 saved to /root/autodl-tmp/em_eqf/experiments/reg_grid_r04_stable8/runs/r04s_g6_warm12_seed_0/last_model_1.pth
2026-05-13 14:21:11,042 INFO src.train.trainer: Epoch 115
2026-05-13 14:21:14,219 INFO src.train.trainer: Last model at epoch 115 saved to /root/autodl-tmp/em_eqf/experiments/reg_grid_r04_stable8/runs/r04s_g6_warm12_seed_0/last_model_1.pth
2026-05-13 14:21:14,220 INFO src.train.trainer: Epoch 116
2026-05-13 14:21:17,025 INFO src.train.trainer: Last model at epoch 116 saved to /root/autodl-tmp/em_eqf/experiments/reg_grid_r04_stable8/runs/r04s_g6_warm12_seed_0/last_model_1.pth
2026-05-13 14:21:17,025 INFO src.train.trainer: Epoch 117
2026-05-13 14:21:20,238 INFO src.train.trainer: Last model at epoch 117 saved to /root/autodl-tmp/em_eqf/experiments/reg_grid_r04_stable8/runs/r04s_g6_warm12_seed_0/last_model_1.pth
2026-05-13 14:21:20,238 INFO src.train.trainer: Epoch 118
2026-05-13 14:21:23,239 INFO src.train.trainer: Last model at epoch 118 saved to /root/autodl-tmp/em_eqf/experiments/reg_grid_r04_stable8/runs/r04s_g6_warm12_seed_0/last_model_1.pth
2026-05-13 14:21:23,239 INFO src.train.trainer: Epoch 119
2026-05-13 14:21:26,278 INFO src.train.trainer: Last model at epoch 119 saved to /root/autodl-tmp/em_eqf/experiments/reg_grid_r04_stable8/runs/r04s_g6_warm12_seed_0/last_model_1.pth
2026-05-13 14:21:26,278 INFO src.train.trainer: Epoch 120
2026-05-13 14:21:29,352 INFO src.train.trainer: Last model at epoch 120 saved to /root/autodl-tmp/em_eqf/experiments/reg_grid_r04_stable8/runs/r04s_g6_warm12_seed_0/last_model_1.pth
2026-05-13 14:21:29,360 INFO src.train.trainer: Saved epoch 120 snapshot to /root/autodl-tmp/em_eqf/experiments/reg_grid_r04_stable8/runs/r04s_g6_warm12_seed_0/epoch_120_model_1.pth
2026-05-13 14:21:29,360 INFO src.train.trainer: Epoch 121
2026-05-13 14:21:32,710 INFO src.train.trainer: Last model at epoch 121 saved to /root/autodl-tmp/em_eqf/experiments/reg_grid_r04_stable8/runs/r04s_g6_warm12_seed_0/last_model_1.pth
2026-05-13 14:21:32,711 INFO src.train.trainer: Epoch 122
2026-05-13 14:21:35,988 INFO src.train.trainer: Last model at epoch 122 saved to /root/autodl-tmp/em_eqf/experiments/reg_grid_r04_stable8/runs/r04s_g6_warm12_seed_0/last_model_1.pth
2026-05-13 14:21:35,988 INFO src.train.trainer: Epoch 123
2026-05-13 14:21:39,750 INFO src.train.trainer: Last model at epoch 123 saved to /root/autodl-tmp/em_eqf/experiments/reg_grid_r04_stable8/runs/r04s_g6_warm12_seed_0/last_model_1.pth
2026-05-13 14:21:39,751 INFO src.train.trainer: Epoch 124
2026-05-13 14:21:43,375 INFO src.train.trainer: Last model at epoch 124 saved to /root/autodl-tmp/em_eqf/experiments/reg_grid_r04_stable8/runs/r04s_g6_warm12_seed_0/last_model_1.pth
2026-05-13 14:21:43,375 INFO src.train.trainer: Epoch 125
2026-05-13 14:21:46,735 INFO src.train.trainer: Last model at epoch 125 saved to /root/autodl-tmp/em_eqf/experiments/reg_grid_r04_stable8/runs/r04s_g6_warm12_seed_0/last_model_1.pth
2026-05-13 14:21:46,735 INFO src.train.trainer: Epoch 126
2026-05-13 14:21:49,903 INFO src.train.trainer: Last model at epoch 126 saved to /root/autodl-tmp/em_eqf/experiments/reg_grid_r04_stable8/runs/r04s_g6_warm12_seed_0/last_model_1.pth
2026-05-13 14:21:49,904 INFO src.train.trainer: Epoch 127
2026-05-13 14:21:52,883 INFO src.train.trainer: Last model at epoch 127 saved to /root/autodl-tmp/em_eqf/experiments/reg_grid_r04_stable8/runs/r04s_g6_warm12_seed_0/last_model_1.pth
2026-05-13 14:21:52,883 INFO src.train.trainer: Epoch 128
2026-05-13 14:21:55,904 INFO src.train.trainer: Last model at epoch 128 saved to /root/autodl-tmp/em_eqf/experiments/reg_grid_r04_stable8/runs/r04s_g6_warm12_seed_0/last_model_1.pth
2026-05-13 14:21:55,904 INFO src.train.trainer: Epoch 129
2026-05-13 14:21:59,060 INFO src.train.trainer: Last model at epoch 129 saved to /root/autodl-tmp/em_eqf/experiments/reg_grid_r04_stable8/runs/r04s_g6_warm12_seed_0/last_model_1.pth
2026-05-13 14:21:59,060 INFO src.train.trainer: Epoch 130
2026-05-13 14:22:02,343 INFO src.train.trainer: Last model at epoch 130 saved to /root/autodl-tmp/em_eqf/experiments/reg_grid_r04_stable8/runs/r04s_g6_warm12_seed_0/last_model_1.pth
2026-05-13 14:22:02,344 INFO src.train.trainer: Epoch 131
2026-05-13 14:22:05,711 INFO src.train.trainer: Last model at epoch 131 saved to /root/autodl-tmp/em_eqf/experiments/reg_grid_r04_stable8/runs/r04s_g6_warm12_seed_0/last_model_1.pth
2026-05-13 14:22:05,711 INFO src.train.trainer: Epoch 132
2026-05-13 14:22:08,820 INFO src.train.trainer: Last model at epoch 132 saved to /root/autodl-tmp/em_eqf/experiments/reg_grid_r04_stable8/runs/r04s_g6_warm12_seed_0/last_model_1.pth
2026-05-13 14:22:08,820 INFO src.train.trainer: Epoch 133
2026-05-13 14:22:11,718 INFO src.train.trainer: Last model at epoch 133 saved to /root/autodl-tmp/em_eqf/experiments/reg_grid_r04_stable8/runs/r04s_g6_warm12_seed_0/last_model_1.pth
2026-05-13 14:22:11,718 INFO src.train.trainer: Epoch 134
2026-05-13 14:22:14,552 INFO src.train.trainer: Last model at epoch 134 saved to /root/autodl-tmp/em_eqf/experiments/reg_grid_r04_stable8/runs/r04s_g6_warm12_seed_0/last_model_1.pth
2026-05-13 14:22:14,552 INFO src.train.trainer: Epoch 135
2026-05-13 14:22:17,435 INFO src.train.trainer: Last model at epoch 135 saved to /root/autodl-tmp/em_eqf/experiments/reg_grid_r04_stable8/runs/r04s_g6_warm12_seed_0/last_model_1.pth
2026-05-13 14:22:17,435 INFO src.train.trainer: Epoch 136
2026-05-13 14:22:20,472 INFO src.train.trainer: Last model at epoch 136 saved to /root/autodl-tmp/em_eqf/experiments/reg_grid_r04_stable8/runs/r04s_g6_warm12_seed_0/last_model_1.pth
2026-05-13 14:22:20,472 INFO src.train.trainer: Epoch 137
2026-05-13 14:22:23,630 INFO src.train.trainer: Last model at epoch 137 saved to /root/autodl-tmp/em_eqf/experiments/reg_grid_r04_stable8/runs/r04s_g6_warm12_seed_0/last_model_1.pth
2026-05-13 14:22:23,631 INFO src.train.trainer: Epoch 138
2026-05-13 14:22:27,064 INFO src.train.trainer: Last model at epoch 138 saved to /root/autodl-tmp/em_eqf/experiments/reg_grid_r04_stable8/runs/r04s_g6_warm12_seed_0/last_model_1.pth
2026-05-13 14:22:27,064 INFO src.train.trainer: Epoch 139
2026-05-13 14:22:29,960 INFO src.train.trainer: Last model at epoch 139 saved to /root/autodl-tmp/em_eqf/experiments/reg_grid_r04_stable8/runs/r04s_g6_warm12_seed_0/last_model_1.pth
2026-05-13 14:22:29,960 INFO src.train.trainer: Epoch 140
2026-05-13 14:22:32,917 INFO src.train.trainer: Last model at epoch 140 saved to /root/autodl-tmp/em_eqf/experiments/reg_grid_r04_stable8/runs/r04s_g6_warm12_seed_0/last_model_1.pth
2026-05-13 14:22:32,926 INFO src.train.trainer: Saved epoch 140 snapshot to /root/autodl-tmp/em_eqf/experiments/reg_grid_r04_stable8/runs/r04s_g6_warm12_seed_0/epoch_140_model_1.pth
2026-05-13 14:22:32,926 INFO src.train.trainer: Epoch 141
2026-05-13 14:22:36,085 INFO src.train.trainer: Last model at epoch 141 saved to /root/autodl-tmp/em_eqf/experiments/reg_grid_r04_stable8/runs/r04s_g6_warm12_seed_0/last_model_1.pth
2026-05-13 14:22:36,085 INFO src.train.trainer: Epoch 142
2026-05-13 14:22:39,443 INFO src.train.trainer: Last model at epoch 142 saved to /root/autodl-tmp/em_eqf/experiments/reg_grid_r04_stable8/runs/r04s_g6_warm12_seed_0/last_model_1.pth
2026-05-13 14:22:39,444 INFO src.train.trainer: Epoch 143
2026-05-13 14:22:42,661 INFO src.train.trainer: Last model at epoch 143 saved to /root/autodl-tmp/em_eqf/experiments/reg_grid_r04_stable8/runs/r04s_g6_warm12_seed_0/last_model_1.pth
2026-05-13 14:22:42,662 INFO src.train.trainer: Epoch 144
2026-05-13 14:22:45,706 INFO src.train.trainer: Last model at epoch 144 saved to /root/autodl-tmp/em_eqf/experiments/reg_grid_r04_stable8/runs/r04s_g6_warm12_seed_0/last_model_1.pth
2026-05-13 14:22:45,707 INFO src.train.trainer: Epoch 145
2026-05-13 14:22:48,766 INFO src.train.trainer: Last model at epoch 145 saved to /root/autodl-tmp/em_eqf/experiments/reg_grid_r04_stable8/runs/r04s_g6_warm12_seed_0/last_model_1.pth
2026-05-13 14:22:48,767 INFO src.train.trainer: Epoch 146
2026-05-13 14:22:51,673 INFO src.train.trainer: Last model at epoch 146 saved to /root/autodl-tmp/em_eqf/experiments/reg_grid_r04_stable8/runs/r04s_g6_warm12_seed_0/last_model_1.pth
2026-05-13 14:22:51,674 INFO src.train.trainer: Epoch 147
2026-05-13 14:22:54,764 INFO src.train.trainer: Last model at epoch 147 saved to /root/autodl-tmp/em_eqf/experiments/reg_grid_r04_stable8/runs/r04s_g6_warm12_seed_0/last_model_1.pth
2026-05-13 14:22:54,764 INFO src.train.trainer: Epoch 148
2026-05-13 14:22:58,017 INFO src.train.trainer: Last model at epoch 148 saved to /root/autodl-tmp/em_eqf/experiments/reg_grid_r04_stable8/runs/r04s_g6_warm12_seed_0/last_model_1.pth
2026-05-13 14:22:58,018 INFO src.train.trainer: Epoch 149
2026-05-13 14:23:01,379 INFO src.train.trainer: Last model at epoch 149 saved to /root/autodl-tmp/em_eqf/experiments/reg_grid_r04_stable8/runs/r04s_g6_warm12_seed_0/last_model_1.pth
2026-05-13 14:23:01,379 INFO src.train.trainer: Epoch 150
2026-05-13 14:23:04,902 INFO src.train.trainer: Last model at epoch 150 saved to /root/autodl-tmp/em_eqf/experiments/reg_grid_r04_stable8/runs/r04s_g6_warm12_seed_0/last_model_1.pth
2026-05-13 14:23:15,855 INFO src.data.preprocessing: CSV files found: ['chuandian_2021.csv']
2026-05-13 14:23:17,171 INFO src.utils.file_utils: Loading cached data from: data/ChuanDian/regressor/regressor_Mc_3_Mf_3_Tfore_180_Twindow_360_context_len_1_dt_10.pkl
2026-05-13 14:23:19,792 INFO src.data.preprocessing: Catalog statistics: {'tau_unfiltered': 0.15339908988298961, 'tau_q025': 0.08114294020924717, 'tau_q05': 0.5134664350189269, 'tau_mean': 1.3070542199341526, 'tau_max': 25.18216435192153, 'tau_min': 0.0, 'time_max': 18770.72654999979, 'time_mean': 10030.9430649837, 'mag_completeness': 3.0, 'mag_mean': 3.456916005014626, 'mag_max': 8.0, 'mag_min': 3.0, 'b_value': 0.856738547623331, 'b_std': 0.0071499224812533796, 'b_n': 14358}
2026-05-13 14:23:19,874 INFO src.data.event_loader: lengths of samples: min=96, max=1340, avg=265.71
2026-05-13 14:23:20,790 INFO src.models.adapters.mixer_task: using time scale base 1.3070542199341526 (key: tau_mean)
2026-05-13 14:23:20,790 INFO src.models.adapters.mixer_task: tau mean: tensor(1.3071)
2026-05-13 14:23:20,859 INFO src.train.config_setup: Restoring model from checkpoint.
2026-05-13 14:23:20,860 INFO src.train.config_setup: Loading model weights: load_specific_parts=None
2026-05-13 14:23:20,862 INFO src.train.config_setup: Checkpoint loaded: <All keys matched successfully>
2026-05-13 14:23:20,862 INFO src.train.config_setup: Full load summary: loaded=68, missing=0, unexpected=0
2026-05-13 14:23:20,863 INFO src.train.config_setup: Checkpoint hyperparameters loaded.
2026-05-13 14:23:20,863 INFO src.train.config_setup: Checkpoint train metrics available.
2026-05-13 14:23:20,863 INFO src.train.config_setup: Checkpoint val metrics available.
2026-05-13 14:23:20,863 INFO src.train.config_setup: Freeze skipped (checkpoint_restore): freeze_parts is empty.
2026-05-13 14:23:20,863 INFO src.train.config_setup: Using regression criterion: smooth_l1
2026-05-13 14:23:20,864 INFO src.train.config_setup: Criterion config: {'beta': 0.3}
2026-05-13 14:23:20,865 INFO src.train.config_setup: encoder_param_keywords: ['base_model.encoder.input_proj', 'base_model.encoder.layers.0', 'base_model.encoder.layers.1']
2026-05-13 14:23:20,865 INFO src.train.config_setup: encoder_lr grouping summary: lr=0.0003, matched=32
2026-05-13 14:23:20,865 INFO src.train.config_setup: Encoder LR coverage [base_model.encoder.input_proj]: target=4, hit=4, missing=0, complete=True
2026-05-13 14:23:20,865 INFO src.train.config_setup: Encoder LR coverage [base_model.encoder.layers.0]: target=14, hit=14, missing=0, complete=True
2026-05-13 14:23:20,865 INFO src.train.config_setup: Encoder LR coverage [base_model.encoder.layers.1]: target=14, hit=14, missing=0, complete=True
2026-05-13 14:23:20,865 INFO src.train.config_setup: encoder_lr matched preview: ['base_model.encoder.input_proj.0.weight', 'base_model.encoder.input_proj.0.bias', 'base_model.encoder.input_proj.3.weight', 'base_model.encoder.input_proj.3.bias', 'base_model.encoder.layers.0.norm.weight', 'base_model.encoder.layers.0.norm.bias', 'base_model.encoder.layers.0.mixer.dt_bias', 'base_model.encoder.layers.0.mixer.A_log', 'base_model.encoder.layers.0.mixer.D', 'base_model.encoder.layers.0.mixer.in_proj.weight'] ... (+22 more)
2026-05-13 14:23:20,866 INFO src.train.config_setup: Not resuming optimizer/scheduler state; reset training state to start_epoch=0, best_val_loss=inf.
2026-05-13 14:23:27,727 INFO src.cli.workflows: Test loss: 0.03593600665529569
2026-05-13 14:23:30,775 INFO src.cli.common: Saved test metrics to /root/autodl-tmp/em_eqf/experiments/reg_grid_r04_stable8/runs/r04s_g6_warm12_seed_0/metrics_test_best_1.json
2026-05-13 14:23:30,776 INFO src.cli.common: Metrics: {'RMSE': 0.8826215175549845, 'MAE': 0.768782164718284, 'MSE': 0.7790207432510639, 'MAPE': 16.780520356544855, 'R2': -1.3279740081087752, 'PearsonR': -0.17149340048313827, 'PearsonR_diff': 0.04647171278200716, 'DA': 0.03296703296703297, 'SpearmanR': -0.2435699095940988, 'SpearmanR_diff': -0.11778071114048909, 'DTW': 140.6598194539547, 'DTW_normalized': 0.7686328931910092}
2026-05-13 14:23:42,746 INFO src.data.preprocessing: CSV files found: ['chuandian_2021.csv']
2026-05-13 14:23:44,036 INFO src.utils.file_utils: Loading cached data from: data/ChuanDian/regressor/regressor_Mc_3_Mf_3_Tfore_180_Twindow_360_context_len_1_dt_10.pkl
2026-05-13 14:23:46,784 INFO src.data.preprocessing: Catalog statistics: {'tau_unfiltered': 0.15339908988298961, 'tau_q025': 0.08114294020924717, 'tau_q05': 0.5134664350189269, 'tau_mean': 1.3070542199341526, 'tau_max': 25.18216435192153, 'tau_min': 0.0, 'time_max': 18770.72654999979, 'time_mean': 10030.9430649837, 'mag_completeness': 3.0, 'mag_mean': 3.456916005014626, 'mag_max': 8.0, 'mag_min': 3.0, 'b_value': 0.856738547623331, 'b_std': 0.0071499224812533796, 'b_n': 14358}
2026-05-13 14:23:46,827 INFO src.data.event_loader: lengths of samples: min=96, max=1340, avg=265.71
2026-05-13 14:23:47,719 INFO src.models.adapters.mixer_task: using time scale base 1.3070542199341526 (key: tau_mean)
2026-05-13 14:23:47,719 INFO src.models.adapters.mixer_task: tau mean: tensor(1.3071)
2026-05-13 14:23:47,783 INFO src.train.config_setup: Restoring model from checkpoint.
2026-05-13 14:23:47,784 INFO src.train.config_setup: Loading model weights: load_specific_parts=None
2026-05-13 14:23:47,785 INFO src.train.config_setup: Checkpoint loaded: <All keys matched successfully>
2026-05-13 14:23:47,786 INFO src.train.config_setup: Full load summary: loaded=68, missing=0, unexpected=0
2026-05-13 14:23:47,787 INFO src.train.config_setup: Checkpoint hyperparameters loaded.
2026-05-13 14:23:47,787 INFO src.train.config_setup: Checkpoint train metrics available.
2026-05-13 14:23:47,787 INFO src.train.config_setup: Checkpoint val metrics available.
2026-05-13 14:23:47,787 INFO src.train.config_setup: Freeze skipped (checkpoint_restore): freeze_parts is empty.
2026-05-13 14:23:47,787 INFO src.train.config_setup: Using regression criterion: smooth_l1
2026-05-13 14:23:47,787 INFO src.train.config_setup: Criterion config: {'beta': 0.3}
2026-05-13 14:23:47,788 INFO src.train.config_setup: encoder_param_keywords: ['base_model.encoder.input_proj', 'base_model.encoder.layers.0', 'base_model.encoder.layers.1']
2026-05-13 14:23:47,788 INFO src.train.config_setup: encoder_lr grouping summary: lr=0.0003, matched=32
2026-05-13 14:23:47,788 INFO src.train.config_setup: Encoder LR coverage [base_model.encoder.input_proj]: target=4, hit=4, missing=0, complete=True
2026-05-13 14:23:47,788 INFO src.train.config_setup: Encoder LR coverage [base_model.encoder.layers.0]: target=14, hit=14, missing=0, complete=True
2026-05-13 14:23:47,788 INFO src.train.config_setup: Encoder LR coverage [base_model.encoder.layers.1]: target=14, hit=14, missing=0, complete=True
2026-05-13 14:23:47,788 INFO src.train.config_setup: encoder_lr matched preview: ['base_model.encoder.input_proj.0.weight', 'base_model.encoder.input_proj.0.bias', 'base_model.encoder.input_proj.3.weight', 'base_model.encoder.input_proj.3.bias', 'base_model.encoder.layers.0.norm.weight', 'base_model.encoder.layers.0.norm.bias', 'base_model.encoder.layers.0.mixer.dt_bias', 'base_model.encoder.layers.0.mixer.A_log', 'base_model.encoder.layers.0.mixer.D', 'base_model.encoder.layers.0.mixer.in_proj.weight'] ... (+22 more)
2026-05-13 14:23:47,789 INFO src.train.config_setup: Not resuming optimizer/scheduler state; reset training state to start_epoch=0, best_val_loss=inf.
2026-05-13 14:23:55,992 INFO src.cli.workflows: Test loss: 0.02798643335700035
2026-05-13 14:23:58,637 INFO src.cli.common: Saved test metrics to /root/autodl-tmp/em_eqf/experiments/reg_grid_r04_stable8/runs/r04s_g6_warm12_seed_0/metrics_test_last_1.json
2026-05-13 14:23:58,637 INFO src.cli.common: Metrics: {'RMSE': 0.7800363839241082, 'MAE': 0.6848916201317896, 'MSE': 0.6084567602453987, 'MAPE': 14.223625279813412, 'R2': -0.8182718947868355, 'PearsonR': 0.18061524678656107, 'PearsonR_diff': -0.03492130404436628, 'DA': 0.04395604395604396, 'SpearmanR': 0.25346230065960973, 'SpearmanR_diff': 0.0006032858105654351, 'DTW': 79.39149615168571, 'DTW_normalized': 0.4338333123042935}
