2026-05-08 14:07:18,148 INFO src.data.preprocessing: CSV files found: ['chuandian_2021.csv']
2026-05-08 14:07:19,114 INFO src.utils.file_utils: Loading cached data from: data/ChuanDian/classifier/classifier_Mc_3_Mf_4.5_Tfore_30_Twindow_180_context_len_1_dt_10.pkl
2026-05-08 14:07:19,462 INFO src.data.preprocessing: Catalog statistics: {'tau_unfiltered': 0.15339908988298961, 'tau_q025': 0.08114294020924717, 'tau_q05': 0.5134664350189269, 'tau_mean': 1.3070542199341526, 'tau_max': 25.18216435192153, 'tau_min': 0.0, 'time_max': 18770.72654999979, 'time_mean': 10030.9430649837, 'mag_completeness': 3.0, 'mag_mean': 3.456916005014626, 'mag_max': 8.0, 'mag_min': 3.0, 'b_value': 0.856738547623331, 'b_std': 0.0071499224812533796, 'b_n': 14358}
2026-05-08 14:07:19,464 INFO src.data.preparation: stats {'tau_unfiltered': 0.15339908988298961, 'tau_q025': 0.08114294020924717, 'tau_q05': 0.5134664350189269, 'tau_mean': 1.3070542199341526, 'tau_max': 25.18216435192153, 'tau_min': 0.0, 'time_max': 18770.72654999979, 'time_mean': 10030.9430649837, 'mag_completeness': 3.0, 'mag_mean': 3.456916005014626, 'mag_max': 8.0, 'mag_min': 3.0, 'b_value': 0.856738547623331, 'b_std': 0.0071499224812533796, 'b_n': 14358}
2026-05-08 14:07:19,481 INFO src.data.event_loader: lengths of samples: min=32, max=981, avg=135.26
2026-05-08 14:07:19,482 INFO src.data.event_loader: Number of positive samples: 836
2026-05-08 14:07:19,482 INFO src.data.event_loader: Number of negative samples: 594
2026-05-08 14:07:19,483 INFO src.data.event_loader: Positive samples: 706, Negative samples: 438
2026-05-08 14:07:19,483 INFO src.data.event_loader: Total samples: 1144, Positive ratio: 0.62, Negative ratio: 0.38
2026-05-08 14:07:19,483 INFO src.data.event_loader: Positive samples: 83, Negative samples: 60
2026-05-08 14:07:19,483 INFO src.data.event_loader: Total samples: 143, Positive ratio: 0.58, Negative ratio: 0.42
2026-05-08 14:07:19,483 INFO src.data.event_loader: Positive samples: 47, Negative samples: 96
2026-05-08 14:07:19,483 INFO src.data.event_loader: Total samples: 143, Positive ratio: 0.33, Negative ratio: 0.67
2026-05-08 14:07:19,651 INFO __main__: No resume path provided. Training will start from scratch.
2026-05-08 14:07:20,164 INFO src.models.adapters.mixer_task: using time scale base 1.3070542199341526 (key: tau_mean)
2026-05-08 14:07:20,164 INFO src.models.adapters.mixer_task: tau mean: tensor(1.3071)
2026-05-08 14:07:20,170 INFO src.train.config_setup: Using classification criterion: bce
2026-05-08 14:07:20,170 INFO src.train.config_setup: Criterion config: {}
2026-05-08 14:07:20,171 INFO src.train.trainer: Epoch 1
2026-05-08 14:07:33,958 INFO src.train.trainer: New best validation loss: 0.6925, saved to checkpoints/clf_mixer_attnpl_t_20260508-140717/best_model_1.pth
2026-05-08 14:07:33,964 INFO src.train.trainer: Last model at epoch 1 saved to checkpoints/clf_mixer_attnpl_t_20260508-140717/last_model_1.pth
2026-05-08 14:07:33,964 INFO src.train.trainer: Epoch 2
2026-05-08 14:07:36,706 INFO src.train.trainer: New best validation loss: 0.6851, saved to checkpoints/clf_mixer_attnpl_t_20260508-140717/best_model_1.pth
2026-05-08 14:07:36,715 INFO src.train.trainer: Last model at epoch 2 saved to checkpoints/clf_mixer_attnpl_t_20260508-140717/last_model_1.pth
2026-05-08 14:07:36,715 INFO src.train.trainer: Epoch 3
2026-05-08 14:07:39,637 INFO src.train.trainer: New best validation loss: 0.6690, saved to checkpoints/clf_mixer_attnpl_t_20260508-140717/best_model_1.pth
2026-05-08 14:07:39,646 INFO src.train.trainer: Last model at epoch 3 saved to checkpoints/clf_mixer_attnpl_t_20260508-140717/last_model_1.pth
2026-05-08 14:07:39,646 INFO src.train.trainer: Epoch 4
2026-05-08 14:07:42,509 INFO src.train.trainer: New best validation loss: 0.6511, saved to checkpoints/clf_mixer_attnpl_t_20260508-140717/best_model_1.pth
2026-05-08 14:07:42,516 INFO src.train.trainer: Last model at epoch 4 saved to checkpoints/clf_mixer_attnpl_t_20260508-140717/last_model_1.pth
2026-05-08 14:07:42,516 INFO src.train.trainer: Epoch 5
2026-05-08 14:07:45,503 INFO src.train.trainer: Last model at epoch 5 saved to checkpoints/clf_mixer_attnpl_t_20260508-140717/last_model_1.pth
2026-05-08 14:07:45,504 INFO src.train.trainer: Epoch 6
2026-05-08 14:07:48,208 INFO src.train.trainer: New best validation loss: 0.6367, saved to checkpoints/clf_mixer_attnpl_t_20260508-140717/best_model_1.pth
2026-05-08 14:07:48,216 INFO src.train.trainer: Last model at epoch 6 saved to checkpoints/clf_mixer_attnpl_t_20260508-140717/last_model_1.pth
2026-05-08 14:07:48,216 INFO src.train.trainer: Epoch 7
2026-05-08 14:07:50,844 INFO src.train.trainer: New best validation loss: 0.6333, saved to checkpoints/clf_mixer_attnpl_t_20260508-140717/best_model_1.pth
2026-05-08 14:07:50,851 INFO src.train.trainer: Last model at epoch 7 saved to checkpoints/clf_mixer_attnpl_t_20260508-140717/last_model_1.pth
2026-05-08 14:07:50,852 INFO src.train.trainer: Epoch 8
2026-05-08 14:07:53,619 INFO src.train.trainer: Last model at epoch 8 saved to checkpoints/clf_mixer_attnpl_t_20260508-140717/last_model_1.pth
2026-05-08 14:07:53,619 INFO src.train.trainer: Epoch 9
2026-05-08 14:07:56,262 INFO src.train.trainer: New best validation loss: 0.6326, saved to checkpoints/clf_mixer_attnpl_t_20260508-140717/best_model_1.pth
2026-05-08 14:07:56,270 INFO src.train.trainer: Last model at epoch 9 saved to checkpoints/clf_mixer_attnpl_t_20260508-140717/last_model_1.pth
2026-05-08 14:07:56,270 INFO src.train.trainer: Epoch 10
2026-05-08 14:07:58,850 INFO src.train.trainer: Last model at epoch 10 saved to checkpoints/clf_mixer_attnpl_t_20260508-140717/last_model_1.pth
2026-05-08 14:07:58,850 INFO src.train.trainer: Epoch 11
2026-05-08 14:08:01,577 INFO src.train.trainer: New best validation loss: 0.6207, saved to checkpoints/clf_mixer_attnpl_t_20260508-140717/best_model_1.pth
2026-05-08 14:08:01,586 INFO src.train.trainer: Last model at epoch 11 saved to checkpoints/clf_mixer_attnpl_t_20260508-140717/last_model_1.pth
2026-05-08 14:08:01,587 INFO src.train.trainer: Epoch 12
2026-05-08 14:08:04,326 INFO src.train.trainer: Last model at epoch 12 saved to checkpoints/clf_mixer_attnpl_t_20260508-140717/last_model_1.pth
2026-05-08 14:08:04,326 INFO src.train.trainer: Epoch 13
2026-05-08 14:08:07,068 INFO src.train.trainer: New best validation loss: 0.6020, saved to checkpoints/clf_mixer_attnpl_t_20260508-140717/best_model_1.pth
2026-05-08 14:08:07,075 INFO src.train.trainer: Last model at epoch 13 saved to checkpoints/clf_mixer_attnpl_t_20260508-140717/last_model_1.pth
2026-05-08 14:08:07,076 INFO src.train.trainer: Epoch 14
2026-05-08 14:08:09,731 INFO src.train.trainer: Last model at epoch 14 saved to checkpoints/clf_mixer_attnpl_t_20260508-140717/last_model_1.pth
2026-05-08 14:08:09,731 INFO src.train.trainer: Epoch 15
2026-05-08 14:08:12,518 INFO src.train.trainer: Last model at epoch 15 saved to checkpoints/clf_mixer_attnpl_t_20260508-140717/last_model_1.pth
2026-05-08 14:08:12,518 INFO src.train.trainer: Epoch 16
2026-05-08 14:08:15,112 INFO src.train.trainer: Last model at epoch 16 saved to checkpoints/clf_mixer_attnpl_t_20260508-140717/last_model_1.pth
2026-05-08 14:08:15,112 INFO src.train.trainer: Epoch 17
2026-05-08 14:08:17,846 INFO src.train.trainer: Last model at epoch 17 saved to checkpoints/clf_mixer_attnpl_t_20260508-140717/last_model_1.pth
2026-05-08 14:08:17,846 INFO src.train.trainer: Epoch 18
2026-05-08 14:08:20,619 INFO src.train.trainer: New best validation loss: 0.5740, saved to checkpoints/clf_mixer_attnpl_t_20260508-140717/best_model_1.pth
2026-05-08 14:08:20,628 INFO src.train.trainer: Last model at epoch 18 saved to checkpoints/clf_mixer_attnpl_t_20260508-140717/last_model_1.pth
2026-05-08 14:08:20,628 INFO src.train.trainer: Epoch 19
2026-05-08 14:08:23,383 INFO src.train.trainer: Last model at epoch 19 saved to checkpoints/clf_mixer_attnpl_t_20260508-140717/last_model_1.pth
2026-05-08 14:08:23,383 INFO src.train.trainer: Epoch 20
2026-05-08 14:08:26,028 INFO src.train.trainer: Last model at epoch 20 saved to checkpoints/clf_mixer_attnpl_t_20260508-140717/last_model_1.pth
2026-05-08 14:08:26,028 INFO src.train.trainer: Epoch 21
2026-05-08 14:08:28,775 INFO src.train.trainer: Last model at epoch 21 saved to checkpoints/clf_mixer_attnpl_t_20260508-140717/last_model_1.pth
2026-05-08 14:08:28,775 INFO src.train.trainer: Epoch 22
2026-05-08 14:08:31,532 INFO src.train.trainer: Last model at epoch 22 saved to checkpoints/clf_mixer_attnpl_t_20260508-140717/last_model_1.pth
2026-05-08 14:08:31,533 INFO src.train.trainer: Epoch 23
2026-05-08 14:08:34,032 INFO src.train.trainer: Last model at epoch 23 saved to checkpoints/clf_mixer_attnpl_t_20260508-140717/last_model_1.pth
2026-05-08 14:08:34,032 INFO src.train.trainer: Epoch 24
2026-05-08 14:08:36,721 INFO src.train.trainer: Last model at epoch 24 saved to checkpoints/clf_mixer_attnpl_t_20260508-140717/last_model_1.pth
2026-05-08 14:08:36,721 INFO src.train.trainer: Epoch 25
2026-05-08 14:08:39,436 INFO src.train.trainer: Last model at epoch 25 saved to checkpoints/clf_mixer_attnpl_t_20260508-140717/last_model_1.pth
2026-05-08 14:08:39,436 INFO src.train.trainer: Epoch 26
2026-05-08 14:08:42,228 INFO src.train.trainer: Last model at epoch 26 saved to checkpoints/clf_mixer_attnpl_t_20260508-140717/last_model_1.pth
2026-05-08 14:08:42,229 INFO src.train.trainer: Epoch 27
2026-05-08 14:08:44,804 INFO src.train.trainer: Last model at epoch 27 saved to checkpoints/clf_mixer_attnpl_t_20260508-140717/last_model_1.pth
2026-05-08 14:08:44,804 INFO src.train.trainer: Epoch 28
2026-05-08 14:08:47,526 INFO src.train.trainer: Last model at epoch 28 saved to checkpoints/clf_mixer_attnpl_t_20260508-140717/last_model_1.pth
2026-05-08 14:08:47,527 INFO src.train.trainer: Early stopping triggered at epoch 28 (best epoch: 18, best val loss: 0.574021)
2026-05-08 14:09:26,648 INFO src.data.preprocessing: CSV files found: ['chuandian_2021.csv']
2026-05-08 14:09:27,681 INFO src.utils.file_utils: Loading cached data from: data/ChuanDian/classifier/classifier_Mc_3_Mf_4.5_Tfore_30_Twindow_180_context_len_1_dt_10.pkl
2026-05-08 14:09:28,026 INFO src.data.preprocessing: Catalog statistics: {'tau_unfiltered': 0.15339908988298961, 'tau_q025': 0.08114294020924717, 'tau_q05': 0.5134664350189269, 'tau_mean': 1.3070542199341526, 'tau_max': 25.18216435192153, 'tau_min': 0.0, 'time_max': 18770.72654999979, 'time_mean': 10030.9430649837, 'mag_completeness': 3.0, 'mag_mean': 3.456916005014626, 'mag_max': 8.0, 'mag_min': 3.0, 'b_value': 0.856738547623331, 'b_std': 0.0071499224812533796, 'b_n': 14358}
2026-05-08 14:09:28,027 INFO src.data.preparation: stats {'tau_unfiltered': 0.15339908988298961, 'tau_q025': 0.08114294020924717, 'tau_q05': 0.5134664350189269, 'tau_mean': 1.3070542199341526, 'tau_max': 25.18216435192153, 'tau_min': 0.0, 'time_max': 18770.72654999979, 'time_mean': 10030.9430649837, 'mag_completeness': 3.0, 'mag_mean': 3.456916005014626, 'mag_max': 8.0, 'mag_min': 3.0, 'b_value': 0.856738547623331, 'b_std': 0.0071499224812533796, 'b_n': 14358}
2026-05-08 14:09:28,045 INFO src.data.event_loader: lengths of samples: min=32, max=981, avg=135.26
2026-05-08 14:09:28,045 INFO src.data.event_loader: Number of positive samples: 836
2026-05-08 14:09:28,046 INFO src.data.event_loader: Number of negative samples: 594
2026-05-08 14:09:28,046 INFO src.data.event_loader: Positive samples: 706, Negative samples: 438
2026-05-08 14:09:28,046 INFO src.data.event_loader: Total samples: 1144, Positive ratio: 0.62, Negative ratio: 0.38
2026-05-08 14:09:28,047 INFO src.data.event_loader: Positive samples: 83, Negative samples: 60
2026-05-08 14:09:28,047 INFO src.data.event_loader: Total samples: 143, Positive ratio: 0.58, Negative ratio: 0.42
2026-05-08 14:09:28,047 INFO src.data.event_loader: Positive samples: 47, Negative samples: 96
2026-05-08 14:09:28,047 INFO src.data.event_loader: Total samples: 143, Positive ratio: 0.33, Negative ratio: 0.67
2026-05-08 14:09:28,885 INFO src.models.adapters.mixer_task: using time scale base 1.3070542199341526 (key: tau_mean)
2026-05-08 14:09:28,885 INFO src.models.adapters.mixer_task: tau mean: tensor(1.3071)
2026-05-08 14:09:28,890 INFO src.train.config_setup: load_specific_parts: None
2026-05-08 14:09:28,892 INFO src.train.config_setup: Checkpoint loaded: <All keys matched successfully>
2026-05-08 14:09:28,893 INFO src.train.config_setup: hyperparameters: {'model': 'clf_mixer_attnpl_t', 'use_ema': False, 'batch_size': 64, 'accumulation_steps': 1, 'warmup_ratio': 0.1, 'learning_rate': 0.0006, 'weight_decay': 0.001, 'scheduler_factor': None, 'scheduler_patience': None, 'scheduler_threshold': None, 'scheduler_min_lr': 1e-06, 'scheduler_type': 'step_warmup', 'step_lr_step_size_ratio': 0.2, 'step_lr_gamma': 0.5, 'd_model': 64, 'mixer_model_config': {'input_dim': 1, 'dropout_prob': 0.1, 'd_model': 64, 'n_layer': 3, 'd_intermediate': 128, 'attn_layer_idx': [1], 'input_proj_type': 'mlp', 'input_proj_hidden': 128, 'input_proj_activation': 'silu', 'input_proj_dropout': 0.1, 'input_init': 'kaiming_uniform', 'input_init_scale': 1.5, 'ssm_cfg': {'layer': 'Mamba2Rotary', 'use_conv': False, 'rotary_emb_scale_base': 1024}, 'attn_cfg': {'layer': 'MHATime', 'num_heads': 4, 'rotary_emb_dim': 8, 'rotary_emb_scale_base': 1024, 'causal': True}, 'norm_epsilon': 1e-05, 'rms_norm': False, 'initializer_cfg': {'initializer_range': 0.02}, 'fused_add_norm': False, 'residual_in_fp32': True}, 'extractor_name': 'attn_time_biased_mh', 'time_bias_type': 'log', 'mlp_out': 1, 'mlp_dropout': 0.5, 'mlp_hdw': [128], 'dim': 1, 'epochs': 100, 'early_stopping_patience': 10, 'early_stopping_min_delta': 0.0, 'save_dir': 'checkpoints/clf_mixer_attnpl_t_20260508-140717', 'cuda_id': '0', 'dataset': 'ChuanDian', 'seed': 0, 'Mc': 3, 'Mf': 4.5, 'Twindow': 180, 'Tfore': 30, 'dt': 10, 'context_len': 1, 'split_by_time': True, 'use_sampler': False, 'time_order': ['train', 'val', 'test'], 'features_input_keys': ['mag'], 'normalize_time_by_token': True, 'time_scale_base_key': 'tau_mean', 'cuda': True, 'task_type': 'classification', 'stats': {'tau_unfiltered': 0.15339908988298961, 'tau_q025': 0.08114294020924717, 'tau_q05': 0.5134664350189269, 'tau_mean': 1.3070542199341526, 'tau_max': 25.18216435192153, 'tau_min': 0.0, 'time_max': 18770.72654999979, 'time_mean': 10030.9430649837, 'mag_completeness': 3.0, 'mag_mean': 3.456916005014626, 'mag_max': 8.0, 'mag_min': 3.0, 'b_value': 0.856738547623331, 'b_std': 0.0071499224812533796, 'b_n': 14358}, 'start_epoch': 0, 'best_val_loss': inf}
2026-05-08 14:09:28,893 INFO src.train.config_setup: train_metrics: {'precision': 0.6197183098591549, 'recall': 0.9971671388101983, 'f1': 0.7643865363735071, 'auc': 0.7349496164642271, 'pr_auc': 0.8485998950839576, 'fpr': 0.9863013698630136, 'tpr': 0.9971671388101983, 'R': 0.010865768947184606, 'conf': 0.0, 'threshold': 0.3491457402706146}
2026-05-08 14:09:28,893 INFO src.train.config_setup: val_metrics: {'precision': 0.6090225563909775, 'recall': 0.9759036144578314, 'f1': 0.75, 'auc': 0.7419678714859439, 'pr_auc': 0.8359997165314113, 'fpr': 0.8666666666666667, 'tpr': 0.9759036144578314, 'R': 0.10923694779116466, 'conf': 5.4394157569436914e-14, 'threshold': 0.41767191886901855}
2026-05-08 14:09:28,893 INFO src.train.config_setup: Using classification criterion: bce
2026-05-08 14:09:28,893 INFO src.train.config_setup: Criterion config: {}
2026-05-08 14:09:28,894 INFO __main__: Using threshold 0.41767191886901855 from checkpoint val_metrics for testing.
2026-05-08 14:09:34,093 INFO src.utils.metrics: ROC curve saved to checkpoints/clf_mixer_attnpl_t_20260508-140717/roc_curve.png
2026-05-08 14:09:34,213 INFO src.utils.metrics: PR curve saved to checkpoints/clf_mixer_attnpl_t_20260508-140717/pr_curve.png
2026-05-08 14:09:34,276 INFO src.utils.metrics: Confusion matrix saved to checkpoints/clf_mixer_attnpl_t_20260508-140717/confusion_matrix.png
2026-05-08 14:09:34,276 INFO __main__: Test loss: 0.5367782612641653
2026-05-08 14:09:35,139 INFO src.train.classifier_train_step: Prediction distribution plot has been saved to: checkpoints/clf_mixer_attnpl_t_20260508-140717/train_pred_distribution.png
2026-05-08 14:09:35,828 INFO src.train.classifier_train_step: Prediction distribution plot has been saved to: checkpoints/clf_mixer_attnpl_t_20260508-140717/val_pred_distribution.png
2026-05-08 14:09:36,503 INFO src.train.classifier_train_step: Prediction distribution plot has been saved to: checkpoints/clf_mixer_attnpl_t_20260508-140717/test_pred_distribution.png
2026-05-08 14:09:36,504 INFO __main__: Saved test metrics to checkpoints/clf_mixer_attnpl_t_20260508-140717/metrics_test_best_1.json
2026-05-08 14:09:36,504 INFO __main__: Metrics: {'precision': 0.46078431372549017, 'recall': 1.0, 'f1': 0.6308724832214765, 'auc': 0.8794326241134751, 'pr_auc': 0.8267763906440811, 'fpr': 0.5729166666666666, 'tpr': 1.0, 'R': 0.42708333333333337, 'conf': 0.8268052795414003, 'threshold': 0.41767191886901855}
