2026-05-21 18:42:06,140 INFO src.data.preprocessing: CSV files found: ['chuandian_2021.csv']
2026-05-21 18:42:07,029 INFO src.utils.file_utils: Loading cached data from: data/ChuanDian/classifier/classifier_Mc_3_Mf_5.5_Tfore_90_Twindow_180_context_len_1_dt_10.pkl
2026-05-21 18:42:08,120 INFO src.data.preprocessing: Catalog statistics: {'tau_unfiltered': 0.15339908988298961, 'tau_q025': 0.08114294020924717, 'tau_q05': 0.5134664350189269, 'tau_mean': 1.3070542199341526, 'tau_max': 25.18216435192153, 'tau_min': 0.0, 'time_max': 18770.72654999979, 'time_mean': 10030.9430649837, 'mag_completeness': 3.0, 'mag_mean': 3.456916005014626, 'mag_max': 8.0, 'mag_min': 3.0, 'b_value': 0.856738547623331, 'b_std': 0.0071499224812533796, 'b_n': 14358}
2026-05-21 18:42:08,139 INFO src.data.event_loader: lengths of samples: min=32, max=749, avg=124.26
2026-05-21 18:42:08,140 INFO src.data.event_loader: Number of positive samples: 471
2026-05-21 18:42:08,140 INFO src.data.event_loader: Number of negative samples: 1055
2026-05-21 18:42:08,168 INFO src.data.event_loader: Positive samples: 390, Negative samples: 830
2026-05-21 18:42:08,168 INFO src.data.event_loader: Total samples: 1220, Positive ratio: 0.32, Negative ratio: 0.68
2026-05-21 18:42:08,169 INFO src.data.event_loader: Positive samples: 62, Negative samples: 90
2026-05-21 18:42:08,169 INFO src.data.event_loader: Total samples: 152, Positive ratio: 0.41, Negative ratio: 0.59
2026-05-21 18:42:08,169 INFO src.data.event_loader: Positive samples: 19, Negative samples: 135
2026-05-21 18:42:08,169 INFO src.data.event_loader: Total samples: 154, Positive ratio: 0.12, Negative ratio: 0.88
2026-05-21 18:42:08,267 INFO src.cli.workflows: Loading checkpoint from: ./checkpoints/mixer_tpp_20260510-211348/last_model_1.pth
2026-05-21 18:42:08,769 INFO src.models.adapters.mixer_task: using time scale base 1.3070542199341526 (key: tau_mean)
2026-05-21 18:42:08,769 INFO src.models.adapters.mixer_task: tau mean: tensor(1.3071)
2026-05-21 18:42:08,775 INFO src.train.config_setup: Restoring model from checkpoint.
2026-05-21 18:42:08,775 INFO src.train.config_setup: Loading model weights: load_specific_parts=['encoder']
2026-05-21 18:42:08,777 INFO src.train.config_setup: Selective load summary: requested_parts=['encoder'], target_in_model=40, matched_in_checkpoint=30, loaded=30, missing_after_load=10, shape_mismatch=0, missing_in_model=0, out_of_scope_loaded=0
2026-05-21 18:42:08,777 INFO src.train.config_setup: Selective load coverage [encoder]: target=40, hit=30, missing=10, complete=False
2026-05-21 18:42:08,777 WARNING src.train.config_setup: Selective load coverage missing preview [encoder]: ['base_model.encoder.layers.2.mixer.in_proj.bias', 'base_model.encoder.layers.2.mixer.in_proj.weight', 'base_model.encoder.layers.2.mixer.out_proj.bias', 'base_model.encoder.layers.2.mixer.out_proj.weight', 'base_model.encoder.layers.2.mlp.fc1.weight', 'base_model.encoder.layers.2.mlp.fc2.weight', 'base_model.encoder.layers.2.norm.bias', 'base_model.encoder.layers.2.norm.weight'] ... (+2 more)
2026-05-21 18:42:08,777 WARNING src.train.config_setup: Checkpoint missing target parameter preview: ['base_model.encoder.layers.2.mixer.in_proj.bias', 'base_model.encoder.layers.2.mixer.in_proj.weight', 'base_model.encoder.layers.2.mixer.out_proj.bias', 'base_model.encoder.layers.2.mixer.out_proj.weight', 'base_model.encoder.layers.2.mlp.fc1.weight', 'base_model.encoder.layers.2.mlp.fc2.weight', 'base_model.encoder.layers.2.norm.bias', 'base_model.encoder.layers.2.norm.weight', 'base_model.encoder.layers.2.norm2.bias', 'base_model.encoder.layers.2.norm2.weight']
2026-05-21 18:42:08,777 WARNING src.train.config_setup: Target not-loaded parameter preview: ['base_model.encoder.layers.2.mixer.in_proj.bias', 'base_model.encoder.layers.2.mixer.in_proj.weight', 'base_model.encoder.layers.2.mixer.out_proj.bias', 'base_model.encoder.layers.2.mixer.out_proj.weight', 'base_model.encoder.layers.2.mlp.fc1.weight', 'base_model.encoder.layers.2.mlp.fc2.weight', 'base_model.encoder.layers.2.norm.bias', 'base_model.encoder.layers.2.norm.weight', 'base_model.encoder.layers.2.norm2.bias', 'base_model.encoder.layers.2.norm2.weight']
2026-05-21 18:42:08,777 INFO src.train.config_setup: Loaded parameter preview: ['base_model.encoder.layers.0.mlp.fc1.weight', 'base_model.encoder.layers.1.norm2.weight', 'base_model.encoder.norm_f.weight', 'base_model.encoder.input_proj.0.weight', 'base_model.encoder.layers.0.norm2.bias', 'base_model.encoder.layers.1.mixer.out_proj.weight', 'base_model.encoder.layers.0.mixer.A_log', 'base_model.encoder.norm_f.bias', 'base_model.encoder.layers.0.norm2.weight', 'base_model.encoder.layers.0.mixer.dt_bias'] ... (+20 more)
2026-05-21 18:42:08,778 INFO src.train.config_setup: Checkpoint hyperparameters loaded.
2026-05-21 18:42:08,778 INFO src.train.config_setup: Checkpoint train metrics available.
2026-05-21 18:42:08,778 INFO src.train.config_setup: Checkpoint val metrics available.
2026-05-21 18:42:08,778 INFO src.train.config_setup: Freeze skipped (checkpoint_restore): freeze_parts is empty.
2026-05-21 18:42:08,779 INFO src.train.config_setup: Using classification criterion: focal
2026-05-21 18:42:08,779 INFO src.train.config_setup: Criterion config: {'alpha': 0.75, 'gamma': 2.0}
2026-05-21 18:42:08,780 INFO src.train.config_setup: Not resuming optimizer/scheduler state; reset training state to start_epoch=0, best_val_loss=inf.
2026-05-21 18:42:08,780 INFO src.train.trainer: Epoch 1
2026-05-21 18:42:24,503 INFO src.train.trainer: New best validation loss: 0.0650, saved to /root/autodl-tmp/em_eqf/experiments/clf_pre_v2/clf_pre_AZDX_minus_b_v2/runs/tf_90_mf_5p5_seed_4/best_model_1.pth
2026-05-21 18:42:24,508 INFO src.train.trainer: Last model at epoch 1 saved to /root/autodl-tmp/em_eqf/experiments/clf_pre_v2/clf_pre_AZDX_minus_b_v2/runs/tf_90_mf_5p5_seed_4/last_model_1.pth
2026-05-21 18:42:24,508 INFO src.train.trainer: Epoch 2
2026-05-21 18:42:27,443 INFO src.train.trainer: Last model at epoch 2 saved to /root/autodl-tmp/em_eqf/experiments/clf_pre_v2/clf_pre_AZDX_minus_b_v2/runs/tf_90_mf_5p5_seed_4/last_model_1.pth
2026-05-21 18:42:27,443 INFO src.train.trainer: Epoch 3
2026-05-21 18:42:30,142 INFO src.train.trainer: Last model at epoch 3 saved to /root/autodl-tmp/em_eqf/experiments/clf_pre_v2/clf_pre_AZDX_minus_b_v2/runs/tf_90_mf_5p5_seed_4/last_model_1.pth
2026-05-21 18:42:30,142 INFO src.train.trainer: Epoch 4
2026-05-21 18:42:32,489 INFO src.train.trainer: Last model at epoch 4 saved to /root/autodl-tmp/em_eqf/experiments/clf_pre_v2/clf_pre_AZDX_minus_b_v2/runs/tf_90_mf_5p5_seed_4/last_model_1.pth
2026-05-21 18:42:32,489 INFO src.train.trainer: Epoch 5
2026-05-21 18:42:34,674 INFO src.train.trainer: Last model at epoch 5 saved to /root/autodl-tmp/em_eqf/experiments/clf_pre_v2/clf_pre_AZDX_minus_b_v2/runs/tf_90_mf_5p5_seed_4/last_model_1.pth
2026-05-21 18:42:34,675 INFO src.train.trainer: Epoch 6
2026-05-21 18:42:36,755 INFO src.train.trainer: New best validation loss: 0.0619, saved to /root/autodl-tmp/em_eqf/experiments/clf_pre_v2/clf_pre_AZDX_minus_b_v2/runs/tf_90_mf_5p5_seed_4/best_model_1.pth
2026-05-21 18:42:36,762 INFO src.train.trainer: Last model at epoch 6 saved to /root/autodl-tmp/em_eqf/experiments/clf_pre_v2/clf_pre_AZDX_minus_b_v2/runs/tf_90_mf_5p5_seed_4/last_model_1.pth
2026-05-21 18:42:36,763 INFO src.train.trainer: Epoch 7
2026-05-21 18:42:38,860 INFO src.train.trainer: Last model at epoch 7 saved to /root/autodl-tmp/em_eqf/experiments/clf_pre_v2/clf_pre_AZDX_minus_b_v2/runs/tf_90_mf_5p5_seed_4/last_model_1.pth
2026-05-21 18:42:38,860 INFO src.train.trainer: Epoch 8
2026-05-21 18:42:40,870 INFO src.train.trainer: Last model at epoch 8 saved to /root/autodl-tmp/em_eqf/experiments/clf_pre_v2/clf_pre_AZDX_minus_b_v2/runs/tf_90_mf_5p5_seed_4/last_model_1.pth
2026-05-21 18:42:40,871 INFO src.train.trainer: Epoch 9
2026-05-21 18:42:42,980 INFO src.train.trainer: Last model at epoch 9 saved to /root/autodl-tmp/em_eqf/experiments/clf_pre_v2/clf_pre_AZDX_minus_b_v2/runs/tf_90_mf_5p5_seed_4/last_model_1.pth
2026-05-21 18:42:42,980 INFO src.train.trainer: Epoch 10
2026-05-21 18:42:45,064 INFO src.train.trainer: Last model at epoch 10 saved to /root/autodl-tmp/em_eqf/experiments/clf_pre_v2/clf_pre_AZDX_minus_b_v2/runs/tf_90_mf_5p5_seed_4/last_model_1.pth
2026-05-21 18:42:45,064 INFO src.train.trainer: Epoch 11
2026-05-21 18:42:47,072 INFO src.train.trainer: Last model at epoch 11 saved to /root/autodl-tmp/em_eqf/experiments/clf_pre_v2/clf_pre_AZDX_minus_b_v2/runs/tf_90_mf_5p5_seed_4/last_model_1.pth
2026-05-21 18:42:47,072 INFO src.train.trainer: Epoch 12
2026-05-21 18:42:49,206 INFO src.train.trainer: Last model at epoch 12 saved to /root/autodl-tmp/em_eqf/experiments/clf_pre_v2/clf_pre_AZDX_minus_b_v2/runs/tf_90_mf_5p5_seed_4/last_model_1.pth
2026-05-21 18:42:49,207 INFO src.train.trainer: Epoch 13
2026-05-21 18:42:51,345 INFO src.train.trainer: Last model at epoch 13 saved to /root/autodl-tmp/em_eqf/experiments/clf_pre_v2/clf_pre_AZDX_minus_b_v2/runs/tf_90_mf_5p5_seed_4/last_model_1.pth
2026-05-21 18:42:51,345 INFO src.train.trainer: Epoch 14
2026-05-21 18:42:53,400 INFO src.train.trainer: Last model at epoch 14 saved to /root/autodl-tmp/em_eqf/experiments/clf_pre_v2/clf_pre_AZDX_minus_b_v2/runs/tf_90_mf_5p5_seed_4/last_model_1.pth
2026-05-21 18:42:53,401 INFO src.train.trainer: Epoch 15
2026-05-21 18:42:55,445 INFO src.train.trainer: Last model at epoch 15 saved to /root/autodl-tmp/em_eqf/experiments/clf_pre_v2/clf_pre_AZDX_minus_b_v2/runs/tf_90_mf_5p5_seed_4/last_model_1.pth
2026-05-21 18:42:55,445 INFO src.train.trainer: Epoch 16
2026-05-21 18:42:57,558 INFO src.train.trainer: New best validation loss: 0.0592, saved to /root/autodl-tmp/em_eqf/experiments/clf_pre_v2/clf_pre_AZDX_minus_b_v2/runs/tf_90_mf_5p5_seed_4/best_model_1.pth
2026-05-21 18:42:57,564 INFO src.train.trainer: Last model at epoch 16 saved to /root/autodl-tmp/em_eqf/experiments/clf_pre_v2/clf_pre_AZDX_minus_b_v2/runs/tf_90_mf_5p5_seed_4/last_model_1.pth
2026-05-21 18:42:57,565 INFO src.train.trainer: Epoch 17
2026-05-21 18:42:59,606 INFO src.train.trainer: Last model at epoch 17 saved to /root/autodl-tmp/em_eqf/experiments/clf_pre_v2/clf_pre_AZDX_minus_b_v2/runs/tf_90_mf_5p5_seed_4/last_model_1.pth
2026-05-21 18:42:59,606 INFO src.train.trainer: Epoch 18
2026-05-21 18:43:01,690 INFO src.train.trainer: Last model at epoch 18 saved to /root/autodl-tmp/em_eqf/experiments/clf_pre_v2/clf_pre_AZDX_minus_b_v2/runs/tf_90_mf_5p5_seed_4/last_model_1.pth
2026-05-21 18:43:01,690 INFO src.train.trainer: Epoch 19
2026-05-21 18:43:03,695 INFO src.train.trainer: New best validation loss: 0.0589, saved to /root/autodl-tmp/em_eqf/experiments/clf_pre_v2/clf_pre_AZDX_minus_b_v2/runs/tf_90_mf_5p5_seed_4/best_model_1.pth
2026-05-21 18:43:03,702 INFO src.train.trainer: Last model at epoch 19 saved to /root/autodl-tmp/em_eqf/experiments/clf_pre_v2/clf_pre_AZDX_minus_b_v2/runs/tf_90_mf_5p5_seed_4/last_model_1.pth
2026-05-21 18:43:03,702 INFO src.train.trainer: Epoch 20
2026-05-21 18:43:05,765 INFO src.train.trainer: Last model at epoch 20 saved to /root/autodl-tmp/em_eqf/experiments/clf_pre_v2/clf_pre_AZDX_minus_b_v2/runs/tf_90_mf_5p5_seed_4/last_model_1.pth
2026-05-21 18:43:05,765 INFO src.train.trainer: Epoch 21
2026-05-21 18:43:07,799 INFO src.train.trainer: New best validation loss: 0.0565, saved to /root/autodl-tmp/em_eqf/experiments/clf_pre_v2/clf_pre_AZDX_minus_b_v2/runs/tf_90_mf_5p5_seed_4/best_model_1.pth
2026-05-21 18:43:07,806 INFO src.train.trainer: Last model at epoch 21 saved to /root/autodl-tmp/em_eqf/experiments/clf_pre_v2/clf_pre_AZDX_minus_b_v2/runs/tf_90_mf_5p5_seed_4/last_model_1.pth
2026-05-21 18:43:07,806 INFO src.train.trainer: Epoch 22
2026-05-21 18:43:09,849 INFO src.train.trainer: Last model at epoch 22 saved to /root/autodl-tmp/em_eqf/experiments/clf_pre_v2/clf_pre_AZDX_minus_b_v2/runs/tf_90_mf_5p5_seed_4/last_model_1.pth
2026-05-21 18:43:09,849 INFO src.train.trainer: Epoch 23
2026-05-21 18:43:11,974 INFO src.train.trainer: Last model at epoch 23 saved to /root/autodl-tmp/em_eqf/experiments/clf_pre_v2/clf_pre_AZDX_minus_b_v2/runs/tf_90_mf_5p5_seed_4/last_model_1.pth
2026-05-21 18:43:11,975 INFO src.train.trainer: Epoch 24
2026-05-21 18:43:14,442 INFO src.train.trainer: Last model at epoch 24 saved to /root/autodl-tmp/em_eqf/experiments/clf_pre_v2/clf_pre_AZDX_minus_b_v2/runs/tf_90_mf_5p5_seed_4/last_model_1.pth
2026-05-21 18:43:14,442 INFO src.train.trainer: Epoch 25
2026-05-21 18:43:16,620 INFO src.train.trainer: Last model at epoch 25 saved to /root/autodl-tmp/em_eqf/experiments/clf_pre_v2/clf_pre_AZDX_minus_b_v2/runs/tf_90_mf_5p5_seed_4/last_model_1.pth
2026-05-21 18:43:16,620 INFO src.train.trainer: Epoch 26
2026-05-21 18:43:18,628 INFO src.train.trainer: Last model at epoch 26 saved to /root/autodl-tmp/em_eqf/experiments/clf_pre_v2/clf_pre_AZDX_minus_b_v2/runs/tf_90_mf_5p5_seed_4/last_model_1.pth
2026-05-21 18:43:18,628 INFO src.train.trainer: Epoch 27
2026-05-21 18:43:20,695 INFO src.train.trainer: Last model at epoch 27 saved to /root/autodl-tmp/em_eqf/experiments/clf_pre_v2/clf_pre_AZDX_minus_b_v2/runs/tf_90_mf_5p5_seed_4/last_model_1.pth
2026-05-21 18:43:20,695 INFO src.train.trainer: Epoch 28
2026-05-21 18:43:22,760 INFO src.train.trainer: New best validation loss: 0.0554, saved to /root/autodl-tmp/em_eqf/experiments/clf_pre_v2/clf_pre_AZDX_minus_b_v2/runs/tf_90_mf_5p5_seed_4/best_model_1.pth
2026-05-21 18:43:22,766 INFO src.train.trainer: Last model at epoch 28 saved to /root/autodl-tmp/em_eqf/experiments/clf_pre_v2/clf_pre_AZDX_minus_b_v2/runs/tf_90_mf_5p5_seed_4/last_model_1.pth
2026-05-21 18:43:22,766 INFO src.train.trainer: Epoch 29
2026-05-21 18:43:24,728 INFO src.train.trainer: Last model at epoch 29 saved to /root/autodl-tmp/em_eqf/experiments/clf_pre_v2/clf_pre_AZDX_minus_b_v2/runs/tf_90_mf_5p5_seed_4/last_model_1.pth
2026-05-21 18:43:24,728 INFO src.train.trainer: Epoch 30
2026-05-21 18:43:26,681 INFO src.train.trainer: Last model at epoch 30 saved to /root/autodl-tmp/em_eqf/experiments/clf_pre_v2/clf_pre_AZDX_minus_b_v2/runs/tf_90_mf_5p5_seed_4/last_model_1.pth
2026-05-21 18:43:26,681 INFO src.train.trainer: Epoch 31
2026-05-21 18:43:28,678 INFO src.train.trainer: Last model at epoch 31 saved to /root/autodl-tmp/em_eqf/experiments/clf_pre_v2/clf_pre_AZDX_minus_b_v2/runs/tf_90_mf_5p5_seed_4/last_model_1.pth
2026-05-21 18:43:28,678 INFO src.train.trainer: Epoch 32
2026-05-21 18:43:30,675 INFO src.train.trainer: Last model at epoch 32 saved to /root/autodl-tmp/em_eqf/experiments/clf_pre_v2/clf_pre_AZDX_minus_b_v2/runs/tf_90_mf_5p5_seed_4/last_model_1.pth
2026-05-21 18:43:30,675 INFO src.train.trainer: Epoch 33
2026-05-21 18:43:32,728 INFO src.train.trainer: Last model at epoch 33 saved to /root/autodl-tmp/em_eqf/experiments/clf_pre_v2/clf_pre_AZDX_minus_b_v2/runs/tf_90_mf_5p5_seed_4/last_model_1.pth
2026-05-21 18:43:32,728 INFO src.train.trainer: Epoch 34
2026-05-21 18:43:34,746 INFO src.train.trainer: Last model at epoch 34 saved to /root/autodl-tmp/em_eqf/experiments/clf_pre_v2/clf_pre_AZDX_minus_b_v2/runs/tf_90_mf_5p5_seed_4/last_model_1.pth
2026-05-21 18:43:34,747 INFO src.train.trainer: Epoch 35
2026-05-21 18:43:37,003 INFO src.train.trainer: Last model at epoch 35 saved to /root/autodl-tmp/em_eqf/experiments/clf_pre_v2/clf_pre_AZDX_minus_b_v2/runs/tf_90_mf_5p5_seed_4/last_model_1.pth
2026-05-21 18:43:37,003 INFO src.train.trainer: Epoch 36
2026-05-21 18:43:39,157 INFO src.train.trainer: Last model at epoch 36 saved to /root/autodl-tmp/em_eqf/experiments/clf_pre_v2/clf_pre_AZDX_minus_b_v2/runs/tf_90_mf_5p5_seed_4/last_model_1.pth
2026-05-21 18:43:39,157 INFO src.train.trainer: Epoch 37
2026-05-21 18:43:41,169 INFO src.train.trainer: Last model at epoch 37 saved to /root/autodl-tmp/em_eqf/experiments/clf_pre_v2/clf_pre_AZDX_minus_b_v2/runs/tf_90_mf_5p5_seed_4/last_model_1.pth
2026-05-21 18:43:41,169 INFO src.train.trainer: Epoch 38
2026-05-21 18:43:43,216 INFO src.train.trainer: Last model at epoch 38 saved to /root/autodl-tmp/em_eqf/experiments/clf_pre_v2/clf_pre_AZDX_minus_b_v2/runs/tf_90_mf_5p5_seed_4/last_model_1.pth
2026-05-21 18:43:43,217 INFO src.train.trainer: Early stopping triggered at epoch 38 (best epoch: 28, best val loss: 0.055430)
2026-05-21 18:43:51,181 INFO src.data.preprocessing: CSV files found: ['chuandian_2021.csv']
2026-05-21 18:43:51,735 INFO src.utils.file_utils: Loading cached data from: data/ChuanDian/classifier/classifier_Mc_3_Mf_5.5_Tfore_90_Twindow_180_context_len_1_dt_10.pkl
2026-05-21 18:43:52,529 INFO src.data.preprocessing: Catalog statistics: {'tau_unfiltered': 0.15339908988298961, 'tau_q025': 0.08114294020924717, 'tau_q05': 0.5134664350189269, 'tau_mean': 1.3070542199341526, 'tau_max': 25.18216435192153, 'tau_min': 0.0, 'time_max': 18770.72654999979, 'time_mean': 10030.9430649837, 'mag_completeness': 3.0, 'mag_mean': 3.456916005014626, 'mag_max': 8.0, 'mag_min': 3.0, 'b_value': 0.856738547623331, 'b_std': 0.0071499224812533796, 'b_n': 14358}
2026-05-21 18:43:52,547 INFO src.data.event_loader: lengths of samples: min=32, max=749, avg=124.26
2026-05-21 18:43:52,547 INFO src.data.event_loader: Number of positive samples: 471
2026-05-21 18:43:52,548 INFO src.data.event_loader: Number of negative samples: 1055
2026-05-21 18:43:52,548 INFO src.data.event_loader: Positive samples: 390, Negative samples: 830
2026-05-21 18:43:52,549 INFO src.data.event_loader: Total samples: 1220, Positive ratio: 0.32, Negative ratio: 0.68
2026-05-21 18:43:52,549 INFO src.data.event_loader: Positive samples: 62, Negative samples: 90
2026-05-21 18:43:52,549 INFO src.data.event_loader: Total samples: 152, Positive ratio: 0.41, Negative ratio: 0.59
2026-05-21 18:43:52,549 INFO src.data.event_loader: Positive samples: 19, Negative samples: 135
2026-05-21 18:43:52,549 INFO src.data.event_loader: Total samples: 154, Positive ratio: 0.12, Negative ratio: 0.88
2026-05-21 18:43:52,910 INFO src.models.adapters.mixer_task: using time scale base 1.3070542199341526 (key: tau_mean)
2026-05-21 18:43:52,910 INFO src.models.adapters.mixer_task: tau mean: tensor(1.3071)
2026-05-21 18:43:52,915 INFO src.train.config_setup: Restoring model from checkpoint.
2026-05-21 18:43:52,916 INFO src.train.config_setup: Loading model weights: load_specific_parts=None
2026-05-21 18:43:52,917 INFO src.train.config_setup: Checkpoint loaded: <All keys matched successfully>
2026-05-21 18:43:52,917 INFO src.train.config_setup: Full load summary: loaded=56, missing=0, unexpected=0
2026-05-21 18:43:52,918 INFO src.train.config_setup: Checkpoint hyperparameters loaded.
2026-05-21 18:43:52,918 INFO src.train.config_setup: Checkpoint train metrics available.
2026-05-21 18:43:52,918 INFO src.train.config_setup: Checkpoint val metrics available.
2026-05-21 18:43:52,918 INFO src.train.config_setup: Freeze skipped (checkpoint_restore): freeze_parts is empty.
2026-05-21 18:43:52,918 INFO src.train.config_setup: Using classification criterion: focal
2026-05-21 18:43:52,919 INFO src.train.config_setup: Criterion config: {'alpha': 0.75, 'gamma': 2.0}
2026-05-21 18:43:52,919 INFO src.train.config_setup: Not resuming optimizer/scheduler state; reset training state to start_epoch=0, best_val_loss=inf.
2026-05-21 18:43:52,919 INFO src.cli.common: Using threshold 0.5918872952461243 from checkpoint val_metrics for testing.
2026-05-21 18:43:57,322 INFO src.utils.metrics: ROC curve saved to /root/autodl-tmp/em_eqf/experiments/clf_pre_v2/clf_pre_AZDX_minus_b_v2/runs/tf_90_mf_5p5_seed_4/roc_curve.png
2026-05-21 18:43:57,428 INFO src.utils.metrics: PR curve saved to /root/autodl-tmp/em_eqf/experiments/clf_pre_v2/clf_pre_AZDX_minus_b_v2/runs/tf_90_mf_5p5_seed_4/pr_curve.png
2026-05-21 18:43:57,490 INFO src.utils.metrics: Confusion matrix saved to /root/autodl-tmp/em_eqf/experiments/clf_pre_v2/clf_pre_AZDX_minus_b_v2/runs/tf_90_mf_5p5_seed_4/confusion_matrix.png
2026-05-21 18:43:57,490 INFO src.cli.workflows: Test loss: 0.0572944221397241
2026-05-21 18:43:58,044 INFO src.train.classifier_train_step: Prediction distribution plot has been saved to: /root/autodl-tmp/em_eqf/experiments/clf_pre_v2/clf_pre_AZDX_minus_b_v2/runs/tf_90_mf_5p5_seed_4/train_pred_distribution.png
2026-05-21 18:43:58,316 INFO src.train.classifier_train_step: Prediction distribution plot has been saved to: /root/autodl-tmp/em_eqf/experiments/clf_pre_v2/clf_pre_AZDX_minus_b_v2/runs/tf_90_mf_5p5_seed_4/val_pred_distribution.png
2026-05-21 18:43:58,592 INFO src.train.classifier_train_step: Prediction distribution plot has been saved to: /root/autodl-tmp/em_eqf/experiments/clf_pre_v2/clf_pre_AZDX_minus_b_v2/runs/tf_90_mf_5p5_seed_4/test_pred_distribution.png
2026-05-21 18:43:58,593 INFO src.cli.common: Saved test metrics to /root/autodl-tmp/em_eqf/experiments/clf_pre_v2/clf_pre_AZDX_minus_b_v2/runs/tf_90_mf_5p5_seed_4/metrics_test_best_1.json
2026-05-21 18:43:58,593 INFO src.cli.common: Metrics: {'precision': 1.0, 'recall': 0.05263157894736842, 'f1': 0.1, 'auc': 0.4674463937621832, 'pr_auc': 0.21741233287038694, 'fpr': 0.0, 'tpr': 0.05263157894736842, 'R': 0.05263157894736842, 'conf': 1.0, 'threshold': 0.5918872952461243}
