2026-05-21 15:58:31,987 INFO src.data.preprocessing: CSV files found: ['chuandian_2021.csv']
2026-05-21 15:58:32,529 INFO src.utils.file_utils: Loading cached data from: data/ChuanDian/classifier/classifier_Mc_3_Mf_4.0_Tfore_10_Twindow_180_context_len_1_dt_10.pkl
2026-05-21 15:58:32,788 INFO src.data.preprocessing: Catalog statistics: {'tau_unfiltered': 0.15339908988298961, 'tau_q025': 0.08114294020924717, 'tau_q05': 0.5134664350189269, 'tau_mean': 1.3070542199341526, 'tau_max': 25.18216435192153, 'tau_min': 0.0, 'time_max': 18770.72654999979, 'time_mean': 10030.9430649837, 'mag_completeness': 3.0, 'mag_mean': 3.456916005014626, 'mag_max': 8.0, 'mag_min': 3.0, 'b_value': 0.856738547623331, 'b_std': 0.0071499224812533796, 'b_n': 14358}
2026-05-21 15:58:32,803 INFO src.data.event_loader: lengths of samples: min=32, max=981, avg=135.51
2026-05-21 15:58:32,804 INFO src.data.event_loader: Number of positive samples: 780
2026-05-21 15:58:32,804 INFO src.data.event_loader: Number of negative samples: 683
2026-05-21 15:58:32,808 INFO src.data.event_loader: Positive samples: 594, Negative samples: 576
2026-05-21 15:58:32,808 INFO src.data.event_loader: Total samples: 1170, Positive ratio: 0.51, Negative ratio: 0.49
2026-05-21 15:58:32,808 INFO src.data.event_loader: Positive samples: 107, Negative samples: 39
2026-05-21 15:58:32,808 INFO src.data.event_loader: Total samples: 146, Positive ratio: 0.73, Negative ratio: 0.27
2026-05-21 15:58:32,809 INFO src.data.event_loader: Positive samples: 79, Negative samples: 68
2026-05-21 15:58:32,809 INFO src.data.event_loader: Total samples: 147, Positive ratio: 0.54, Negative ratio: 0.46
2026-05-21 15:58:32,850 INFO src.cli.workflows: Loading checkpoint from: ./checkpoints/mixer_tpp_20260508-182744/last_model_1.pth
2026-05-21 15:58:33,453 INFO src.models.adapters.mixer_task: using time scale base 1.3070542199341526 (key: tau_mean)
2026-05-21 15:58:33,453 INFO src.models.adapters.mixer_task: tau mean: tensor(1.3071)
2026-05-21 15:58:33,459 INFO src.train.config_setup: Restoring model from checkpoint.
2026-05-21 15:58:33,460 INFO src.train.config_setup: Loading model weights: load_specific_parts=['encoder']
2026-05-21 15:58:33,461 INFO src.train.config_setup: Selective load summary: requested_parts=['encoder'], target_in_model=40, matched_in_checkpoint=30, loaded=30, missing_after_load=10, shape_mismatch=0, missing_in_model=0, out_of_scope_loaded=0
2026-05-21 15:58:33,461 INFO src.train.config_setup: Selective load coverage [encoder]: target=40, hit=30, missing=10, complete=False
2026-05-21 15:58:33,461 WARNING src.train.config_setup: Selective load coverage missing preview [encoder]: ['base_model.encoder.layers.2.mixer.in_proj.bias', 'base_model.encoder.layers.2.mixer.in_proj.weight', 'base_model.encoder.layers.2.mixer.out_proj.bias', 'base_model.encoder.layers.2.mixer.out_proj.weight', 'base_model.encoder.layers.2.mlp.fc1.weight', 'base_model.encoder.layers.2.mlp.fc2.weight', 'base_model.encoder.layers.2.norm.bias', 'base_model.encoder.layers.2.norm.weight'] ... (+2 more)
2026-05-21 15:58:33,461 WARNING src.train.config_setup: Checkpoint missing target parameter preview: ['base_model.encoder.layers.2.mixer.in_proj.bias', 'base_model.encoder.layers.2.mixer.in_proj.weight', 'base_model.encoder.layers.2.mixer.out_proj.bias', 'base_model.encoder.layers.2.mixer.out_proj.weight', 'base_model.encoder.layers.2.mlp.fc1.weight', 'base_model.encoder.layers.2.mlp.fc2.weight', 'base_model.encoder.layers.2.norm.bias', 'base_model.encoder.layers.2.norm.weight', 'base_model.encoder.layers.2.norm2.bias', 'base_model.encoder.layers.2.norm2.weight']
2026-05-21 15:58:33,461 WARNING src.train.config_setup: Target not-loaded parameter preview: ['base_model.encoder.layers.2.mixer.in_proj.bias', 'base_model.encoder.layers.2.mixer.in_proj.weight', 'base_model.encoder.layers.2.mixer.out_proj.bias', 'base_model.encoder.layers.2.mixer.out_proj.weight', 'base_model.encoder.layers.2.mlp.fc1.weight', 'base_model.encoder.layers.2.mlp.fc2.weight', 'base_model.encoder.layers.2.norm.bias', 'base_model.encoder.layers.2.norm.weight', 'base_model.encoder.layers.2.norm2.bias', 'base_model.encoder.layers.2.norm2.weight']
2026-05-21 15:58:33,461 INFO src.train.config_setup: Loaded parameter preview: ['base_model.encoder.input_proj.0.bias', 'base_model.encoder.layers.1.mixer.dt_bias', 'base_model.encoder.layers.0.mixer.D', 'base_model.encoder.layers.1.mixer.A_log', 'base_model.encoder.layers.0.mixer.norm.weight', 'base_model.encoder.layers.0.norm.weight', 'base_model.encoder.layers.1.mixer.norm.weight', 'base_model.encoder.layers.1.mlp.fc2.weight', 'base_model.encoder.layers.1.norm.bias', 'base_model.encoder.layers.0.mlp.fc2.weight'] ... (+20 more)
2026-05-21 15:58:33,463 INFO src.train.config_setup: Checkpoint hyperparameters loaded.
2026-05-21 15:58:33,463 INFO src.train.config_setup: Checkpoint train metrics available.
2026-05-21 15:58:33,463 INFO src.train.config_setup: Checkpoint val metrics available.
2026-05-21 15:58:33,463 INFO src.train.config_setup: Freeze skipped (checkpoint_restore): freeze_parts is empty.
2026-05-21 15:58:33,463 INFO src.train.config_setup: Using classification criterion: focal
2026-05-21 15:58:33,463 INFO src.train.config_setup: Criterion config: {'alpha': 0.5, 'gamma': 2.0}
2026-05-21 15:58:33,465 INFO src.train.config_setup: Not resuming optimizer/scheduler state; reset training state to start_epoch=0, best_val_loss=inf.
2026-05-21 15:58:33,465 INFO src.train.trainer: Epoch 1
2026-05-21 15:58:52,414 INFO src.train.trainer: New best validation loss: 0.0974, saved to /root/autodl-tmp/em_eqf/experiments/clf_pre_v1/clf_pre_AZDX_v1/runs/tf_10_mf_4p0_seed_1/best_model_1.pth
2026-05-21 15:58:52,418 INFO src.train.trainer: Last model at epoch 1 saved to /root/autodl-tmp/em_eqf/experiments/clf_pre_v1/clf_pre_AZDX_v1/runs/tf_10_mf_4p0_seed_1/last_model_1.pth
2026-05-21 15:58:52,419 INFO src.train.trainer: Epoch 2
2026-05-21 15:58:56,301 INFO src.train.trainer: New best validation loss: 0.0828, saved to /root/autodl-tmp/em_eqf/experiments/clf_pre_v1/clf_pre_AZDX_v1/runs/tf_10_mf_4p0_seed_1/best_model_1.pth
2026-05-21 15:58:56,308 INFO src.train.trainer: Last model at epoch 2 saved to /root/autodl-tmp/em_eqf/experiments/clf_pre_v1/clf_pre_AZDX_v1/runs/tf_10_mf_4p0_seed_1/last_model_1.pth
2026-05-21 15:58:56,308 INFO src.train.trainer: Epoch 3
2026-05-21 15:58:59,743 INFO src.train.trainer: Last model at epoch 3 saved to /root/autodl-tmp/em_eqf/experiments/clf_pre_v1/clf_pre_AZDX_v1/runs/tf_10_mf_4p0_seed_1/last_model_1.pth
2026-05-21 15:58:59,744 INFO src.train.trainer: Epoch 4
2026-05-21 15:59:02,702 INFO src.train.trainer: Last model at epoch 4 saved to /root/autodl-tmp/em_eqf/experiments/clf_pre_v1/clf_pre_AZDX_v1/runs/tf_10_mf_4p0_seed_1/last_model_1.pth
2026-05-21 15:59:02,702 INFO src.train.trainer: Epoch 5
2026-05-21 15:59:06,106 INFO src.train.trainer: Last model at epoch 5 saved to /root/autodl-tmp/em_eqf/experiments/clf_pre_v1/clf_pre_AZDX_v1/runs/tf_10_mf_4p0_seed_1/last_model_1.pth
2026-05-21 15:59:06,106 INFO src.train.trainer: Epoch 6
2026-05-21 15:59:09,927 INFO src.train.trainer: Last model at epoch 6 saved to /root/autodl-tmp/em_eqf/experiments/clf_pre_v1/clf_pre_AZDX_v1/runs/tf_10_mf_4p0_seed_1/last_model_1.pth
2026-05-21 15:59:09,927 INFO src.train.trainer: Epoch 7
2026-05-21 15:59:13,947 INFO src.train.trainer: Last model at epoch 7 saved to /root/autodl-tmp/em_eqf/experiments/clf_pre_v1/clf_pre_AZDX_v1/runs/tf_10_mf_4p0_seed_1/last_model_1.pth
2026-05-21 15:59:13,947 INFO src.train.trainer: Epoch 8
2026-05-21 15:59:17,536 INFO src.train.trainer: Last model at epoch 8 saved to /root/autodl-tmp/em_eqf/experiments/clf_pre_v1/clf_pre_AZDX_v1/runs/tf_10_mf_4p0_seed_1/last_model_1.pth
2026-05-21 15:59:17,537 INFO src.train.trainer: Epoch 9
2026-05-21 15:59:20,943 INFO src.train.trainer: New best validation loss: 0.0799, saved to /root/autodl-tmp/em_eqf/experiments/clf_pre_v1/clf_pre_AZDX_v1/runs/tf_10_mf_4p0_seed_1/best_model_1.pth
2026-05-21 15:59:20,951 INFO src.train.trainer: Last model at epoch 9 saved to /root/autodl-tmp/em_eqf/experiments/clf_pre_v1/clf_pre_AZDX_v1/runs/tf_10_mf_4p0_seed_1/last_model_1.pth
2026-05-21 15:59:20,951 INFO src.train.trainer: Epoch 10
2026-05-21 15:59:24,217 INFO src.train.trainer: New best validation loss: 0.0756, saved to /root/autodl-tmp/em_eqf/experiments/clf_pre_v1/clf_pre_AZDX_v1/runs/tf_10_mf_4p0_seed_1/best_model_1.pth
2026-05-21 15:59:24,223 INFO src.train.trainer: Last model at epoch 10 saved to /root/autodl-tmp/em_eqf/experiments/clf_pre_v1/clf_pre_AZDX_v1/runs/tf_10_mf_4p0_seed_1/last_model_1.pth
2026-05-21 15:59:24,224 INFO src.train.trainer: Epoch 11
2026-05-21 15:59:27,686 INFO src.train.trainer: Last model at epoch 11 saved to /root/autodl-tmp/em_eqf/experiments/clf_pre_v1/clf_pre_AZDX_v1/runs/tf_10_mf_4p0_seed_1/last_model_1.pth
2026-05-21 15:59:27,686 INFO src.train.trainer: Epoch 12
2026-05-21 15:59:31,259 INFO src.train.trainer: New best validation loss: 0.0753, saved to /root/autodl-tmp/em_eqf/experiments/clf_pre_v1/clf_pre_AZDX_v1/runs/tf_10_mf_4p0_seed_1/best_model_1.pth
2026-05-21 15:59:31,265 INFO src.train.trainer: Last model at epoch 12 saved to /root/autodl-tmp/em_eqf/experiments/clf_pre_v1/clf_pre_AZDX_v1/runs/tf_10_mf_4p0_seed_1/last_model_1.pth
2026-05-21 15:59:31,265 INFO src.train.trainer: Epoch 13
2026-05-21 15:59:34,276 INFO src.train.trainer: Last model at epoch 13 saved to /root/autodl-tmp/em_eqf/experiments/clf_pre_v1/clf_pre_AZDX_v1/runs/tf_10_mf_4p0_seed_1/last_model_1.pth
2026-05-21 15:59:34,277 INFO src.train.trainer: Epoch 14
2026-05-21 15:59:37,284 INFO src.train.trainer: New best validation loss: 0.0668, saved to /root/autodl-tmp/em_eqf/experiments/clf_pre_v1/clf_pre_AZDX_v1/runs/tf_10_mf_4p0_seed_1/best_model_1.pth
2026-05-21 15:59:37,290 INFO src.train.trainer: Last model at epoch 14 saved to /root/autodl-tmp/em_eqf/experiments/clf_pre_v1/clf_pre_AZDX_v1/runs/tf_10_mf_4p0_seed_1/last_model_1.pth
2026-05-21 15:59:37,290 INFO src.train.trainer: Epoch 15
2026-05-21 15:59:40,406 INFO src.train.trainer: Last model at epoch 15 saved to /root/autodl-tmp/em_eqf/experiments/clf_pre_v1/clf_pre_AZDX_v1/runs/tf_10_mf_4p0_seed_1/last_model_1.pth
2026-05-21 15:59:40,406 INFO src.train.trainer: Epoch 16
2026-05-21 15:59:43,335 INFO src.train.trainer: Last model at epoch 16 saved to /root/autodl-tmp/em_eqf/experiments/clf_pre_v1/clf_pre_AZDX_v1/runs/tf_10_mf_4p0_seed_1/last_model_1.pth
2026-05-21 15:59:43,335 INFO src.train.trainer: Epoch 17
2026-05-21 15:59:46,734 INFO src.train.trainer: Last model at epoch 17 saved to /root/autodl-tmp/em_eqf/experiments/clf_pre_v1/clf_pre_AZDX_v1/runs/tf_10_mf_4p0_seed_1/last_model_1.pth
2026-05-21 15:59:46,734 INFO src.train.trainer: Epoch 18
2026-05-21 15:59:49,922 INFO src.train.trainer: New best validation loss: 0.0589, saved to /root/autodl-tmp/em_eqf/experiments/clf_pre_v1/clf_pre_AZDX_v1/runs/tf_10_mf_4p0_seed_1/best_model_1.pth
2026-05-21 15:59:49,927 INFO src.train.trainer: Last model at epoch 18 saved to /root/autodl-tmp/em_eqf/experiments/clf_pre_v1/clf_pre_AZDX_v1/runs/tf_10_mf_4p0_seed_1/last_model_1.pth
2026-05-21 15:59:49,928 INFO src.train.trainer: Epoch 19
2026-05-21 15:59:53,023 INFO src.train.trainer: Last model at epoch 19 saved to /root/autodl-tmp/em_eqf/experiments/clf_pre_v1/clf_pre_AZDX_v1/runs/tf_10_mf_4p0_seed_1/last_model_1.pth
2026-05-21 15:59:53,023 INFO src.train.trainer: Epoch 20
2026-05-21 15:59:56,523 INFO src.train.trainer: Last model at epoch 20 saved to /root/autodl-tmp/em_eqf/experiments/clf_pre_v1/clf_pre_AZDX_v1/runs/tf_10_mf_4p0_seed_1/last_model_1.pth
2026-05-21 15:59:56,523 INFO src.train.trainer: Epoch 21
2026-05-21 15:59:59,816 INFO src.train.trainer: Last model at epoch 21 saved to /root/autodl-tmp/em_eqf/experiments/clf_pre_v1/clf_pre_AZDX_v1/runs/tf_10_mf_4p0_seed_1/last_model_1.pth
2026-05-21 15:59:59,817 INFO src.train.trainer: Epoch 22
2026-05-21 16:00:03,026 INFO src.train.trainer: Last model at epoch 22 saved to /root/autodl-tmp/em_eqf/experiments/clf_pre_v1/clf_pre_AZDX_v1/runs/tf_10_mf_4p0_seed_1/last_model_1.pth
2026-05-21 16:00:03,027 INFO src.train.trainer: Epoch 23
2026-05-21 16:00:06,084 INFO src.train.trainer: Last model at epoch 23 saved to /root/autodl-tmp/em_eqf/experiments/clf_pre_v1/clf_pre_AZDX_v1/runs/tf_10_mf_4p0_seed_1/last_model_1.pth
2026-05-21 16:00:06,085 INFO src.train.trainer: Epoch 24
2026-05-21 16:00:09,377 INFO src.train.trainer: Last model at epoch 24 saved to /root/autodl-tmp/em_eqf/experiments/clf_pre_v1/clf_pre_AZDX_v1/runs/tf_10_mf_4p0_seed_1/last_model_1.pth
2026-05-21 16:00:09,377 INFO src.train.trainer: Epoch 25
2026-05-21 16:00:13,225 INFO src.train.trainer: Last model at epoch 25 saved to /root/autodl-tmp/em_eqf/experiments/clf_pre_v1/clf_pre_AZDX_v1/runs/tf_10_mf_4p0_seed_1/last_model_1.pth
2026-05-21 16:00:13,225 INFO src.train.trainer: Epoch 26
2026-05-21 16:00:16,587 INFO src.train.trainer: Last model at epoch 26 saved to /root/autodl-tmp/em_eqf/experiments/clf_pre_v1/clf_pre_AZDX_v1/runs/tf_10_mf_4p0_seed_1/last_model_1.pth
2026-05-21 16:00:16,587 INFO src.train.trainer: Epoch 27
2026-05-21 16:00:19,895 INFO src.train.trainer: New best validation loss: 0.0565, saved to /root/autodl-tmp/em_eqf/experiments/clf_pre_v1/clf_pre_AZDX_v1/runs/tf_10_mf_4p0_seed_1/best_model_1.pth
2026-05-21 16:00:19,901 INFO src.train.trainer: Last model at epoch 27 saved to /root/autodl-tmp/em_eqf/experiments/clf_pre_v1/clf_pre_AZDX_v1/runs/tf_10_mf_4p0_seed_1/last_model_1.pth
2026-05-21 16:00:19,901 INFO src.train.trainer: Epoch 28
2026-05-21 16:00:22,821 INFO src.train.trainer: Last model at epoch 28 saved to /root/autodl-tmp/em_eqf/experiments/clf_pre_v1/clf_pre_AZDX_v1/runs/tf_10_mf_4p0_seed_1/last_model_1.pth
2026-05-21 16:00:22,822 INFO src.train.trainer: Epoch 29
2026-05-21 16:00:25,654 INFO src.train.trainer: Last model at epoch 29 saved to /root/autodl-tmp/em_eqf/experiments/clf_pre_v1/clf_pre_AZDX_v1/runs/tf_10_mf_4p0_seed_1/last_model_1.pth
2026-05-21 16:00:25,654 INFO src.train.trainer: Epoch 30
2026-05-21 16:00:28,672 INFO src.train.trainer: New best validation loss: 0.0538, saved to /root/autodl-tmp/em_eqf/experiments/clf_pre_v1/clf_pre_AZDX_v1/runs/tf_10_mf_4p0_seed_1/best_model_1.pth
2026-05-21 16:00:28,678 INFO src.train.trainer: Last model at epoch 30 saved to /root/autodl-tmp/em_eqf/experiments/clf_pre_v1/clf_pre_AZDX_v1/runs/tf_10_mf_4p0_seed_1/last_model_1.pth
2026-05-21 16:00:28,678 INFO src.train.trainer: Epoch 31
2026-05-21 16:00:31,692 INFO src.train.trainer: Last model at epoch 31 saved to /root/autodl-tmp/em_eqf/experiments/clf_pre_v1/clf_pre_AZDX_v1/runs/tf_10_mf_4p0_seed_1/last_model_1.pth
2026-05-21 16:00:31,692 INFO src.train.trainer: Epoch 32
2026-05-21 16:00:35,086 INFO src.train.trainer: Last model at epoch 32 saved to /root/autodl-tmp/em_eqf/experiments/clf_pre_v1/clf_pre_AZDX_v1/runs/tf_10_mf_4p0_seed_1/last_model_1.pth
2026-05-21 16:00:35,086 INFO src.train.trainer: Epoch 33
2026-05-21 16:00:38,738 INFO src.train.trainer: Last model at epoch 33 saved to /root/autodl-tmp/em_eqf/experiments/clf_pre_v1/clf_pre_AZDX_v1/runs/tf_10_mf_4p0_seed_1/last_model_1.pth
2026-05-21 16:00:38,738 INFO src.train.trainer: Epoch 34
2026-05-21 16:00:41,854 INFO src.train.trainer: New best validation loss: 0.0531, saved to /root/autodl-tmp/em_eqf/experiments/clf_pre_v1/clf_pre_AZDX_v1/runs/tf_10_mf_4p0_seed_1/best_model_1.pth
2026-05-21 16:00:41,861 INFO src.train.trainer: Last model at epoch 34 saved to /root/autodl-tmp/em_eqf/experiments/clf_pre_v1/clf_pre_AZDX_v1/runs/tf_10_mf_4p0_seed_1/last_model_1.pth
2026-05-21 16:00:41,861 INFO src.train.trainer: Epoch 35
2026-05-21 16:00:44,903 INFO src.train.trainer: Last model at epoch 35 saved to /root/autodl-tmp/em_eqf/experiments/clf_pre_v1/clf_pre_AZDX_v1/runs/tf_10_mf_4p0_seed_1/last_model_1.pth
2026-05-21 16:00:44,903 INFO src.train.trainer: Epoch 36
2026-05-21 16:00:47,478 INFO src.train.trainer: Last model at epoch 36 saved to /root/autodl-tmp/em_eqf/experiments/clf_pre_v1/clf_pre_AZDX_v1/runs/tf_10_mf_4p0_seed_1/last_model_1.pth
2026-05-21 16:00:47,478 INFO src.train.trainer: Epoch 37
2026-05-21 16:00:50,105 INFO src.train.trainer: New best validation loss: 0.0531, saved to /root/autodl-tmp/em_eqf/experiments/clf_pre_v1/clf_pre_AZDX_v1/runs/tf_10_mf_4p0_seed_1/best_model_1.pth
2026-05-21 16:00:50,112 INFO src.train.trainer: Last model at epoch 37 saved to /root/autodl-tmp/em_eqf/experiments/clf_pre_v1/clf_pre_AZDX_v1/runs/tf_10_mf_4p0_seed_1/last_model_1.pth
2026-05-21 16:00:50,112 INFO src.train.trainer: Epoch 38
2026-05-21 16:00:53,451 INFO src.train.trainer: New best validation loss: 0.0529, saved to /root/autodl-tmp/em_eqf/experiments/clf_pre_v1/clf_pre_AZDX_v1/runs/tf_10_mf_4p0_seed_1/best_model_1.pth
2026-05-21 16:00:53,457 INFO src.train.trainer: Last model at epoch 38 saved to /root/autodl-tmp/em_eqf/experiments/clf_pre_v1/clf_pre_AZDX_v1/runs/tf_10_mf_4p0_seed_1/last_model_1.pth
2026-05-21 16:00:53,458 INFO src.train.trainer: Epoch 39
2026-05-21 16:00:57,304 INFO src.train.trainer: Last model at epoch 39 saved to /root/autodl-tmp/em_eqf/experiments/clf_pre_v1/clf_pre_AZDX_v1/runs/tf_10_mf_4p0_seed_1/last_model_1.pth
2026-05-21 16:00:57,304 INFO src.train.trainer: Epoch 40
2026-05-21 16:01:00,906 INFO src.train.trainer: Last model at epoch 40 saved to /root/autodl-tmp/em_eqf/experiments/clf_pre_v1/clf_pre_AZDX_v1/runs/tf_10_mf_4p0_seed_1/last_model_1.pth
2026-05-21 16:01:00,906 INFO src.train.trainer: Epoch 41
2026-05-21 16:01:04,388 INFO src.train.trainer: Last model at epoch 41 saved to /root/autodl-tmp/em_eqf/experiments/clf_pre_v1/clf_pre_AZDX_v1/runs/tf_10_mf_4p0_seed_1/last_model_1.pth
2026-05-21 16:01:04,389 INFO src.train.trainer: Epoch 42
2026-05-21 16:01:07,641 INFO src.train.trainer: New best validation loss: 0.0502, saved to /root/autodl-tmp/em_eqf/experiments/clf_pre_v1/clf_pre_AZDX_v1/runs/tf_10_mf_4p0_seed_1/best_model_1.pth
2026-05-21 16:01:07,647 INFO src.train.trainer: Last model at epoch 42 saved to /root/autodl-tmp/em_eqf/experiments/clf_pre_v1/clf_pre_AZDX_v1/runs/tf_10_mf_4p0_seed_1/last_model_1.pth
2026-05-21 16:01:07,647 INFO src.train.trainer: Epoch 43
2026-05-21 16:01:10,873 INFO src.train.trainer: Last model at epoch 43 saved to /root/autodl-tmp/em_eqf/experiments/clf_pre_v1/clf_pre_AZDX_v1/runs/tf_10_mf_4p0_seed_1/last_model_1.pth
2026-05-21 16:01:10,873 INFO src.train.trainer: Epoch 44
2026-05-21 16:01:14,249 INFO src.train.trainer: Last model at epoch 44 saved to /root/autodl-tmp/em_eqf/experiments/clf_pre_v1/clf_pre_AZDX_v1/runs/tf_10_mf_4p0_seed_1/last_model_1.pth
2026-05-21 16:01:14,249 INFO src.train.trainer: Epoch 45
2026-05-21 16:01:17,216 INFO src.train.trainer: Last model at epoch 45 saved to /root/autodl-tmp/em_eqf/experiments/clf_pre_v1/clf_pre_AZDX_v1/runs/tf_10_mf_4p0_seed_1/last_model_1.pth
2026-05-21 16:01:17,216 INFO src.train.trainer: Epoch 46
2026-05-21 16:01:20,171 INFO src.train.trainer: Last model at epoch 46 saved to /root/autodl-tmp/em_eqf/experiments/clf_pre_v1/clf_pre_AZDX_v1/runs/tf_10_mf_4p0_seed_1/last_model_1.pth
2026-05-21 16:01:20,172 INFO src.train.trainer: Epoch 47
2026-05-21 16:01:23,221 INFO src.train.trainer: Last model at epoch 47 saved to /root/autodl-tmp/em_eqf/experiments/clf_pre_v1/clf_pre_AZDX_v1/runs/tf_10_mf_4p0_seed_1/last_model_1.pth
2026-05-21 16:01:23,221 INFO src.train.trainer: Epoch 48
2026-05-21 16:01:26,368 INFO src.train.trainer: Last model at epoch 48 saved to /root/autodl-tmp/em_eqf/experiments/clf_pre_v1/clf_pre_AZDX_v1/runs/tf_10_mf_4p0_seed_1/last_model_1.pth
2026-05-21 16:01:26,368 INFO src.train.trainer: Epoch 49
2026-05-21 16:01:29,023 INFO src.train.trainer: Last model at epoch 49 saved to /root/autodl-tmp/em_eqf/experiments/clf_pre_v1/clf_pre_AZDX_v1/runs/tf_10_mf_4p0_seed_1/last_model_1.pth
2026-05-21 16:01:29,024 INFO src.train.trainer: Epoch 50
2026-05-21 16:01:31,889 INFO src.train.trainer: Last model at epoch 50 saved to /root/autodl-tmp/em_eqf/experiments/clf_pre_v1/clf_pre_AZDX_v1/runs/tf_10_mf_4p0_seed_1/last_model_1.pth
2026-05-21 16:01:31,889 INFO src.train.trainer: Epoch 51
2026-05-21 16:01:34,690 INFO src.train.trainer: Last model at epoch 51 saved to /root/autodl-tmp/em_eqf/experiments/clf_pre_v1/clf_pre_AZDX_v1/runs/tf_10_mf_4p0_seed_1/last_model_1.pth
2026-05-21 16:01:34,691 INFO src.train.trainer: Epoch 52
2026-05-21 16:01:37,626 INFO src.train.trainer: Last model at epoch 52 saved to /root/autodl-tmp/em_eqf/experiments/clf_pre_v1/clf_pre_AZDX_v1/runs/tf_10_mf_4p0_seed_1/last_model_1.pth
2026-05-21 16:01:37,626 INFO src.train.trainer: Early stopping triggered at epoch 52 (best epoch: 42, best val loss: 0.050177)
2026-05-21 16:01:47,032 INFO src.data.preprocessing: CSV files found: ['chuandian_2021.csv']
2026-05-21 16:01:47,574 INFO src.utils.file_utils: Loading cached data from: data/ChuanDian/classifier/classifier_Mc_3_Mf_4.0_Tfore_10_Twindow_180_context_len_1_dt_10.pkl
2026-05-21 16:01:47,817 INFO src.data.preprocessing: Catalog statistics: {'tau_unfiltered': 0.15339908988298961, 'tau_q025': 0.08114294020924717, 'tau_q05': 0.5134664350189269, 'tau_mean': 1.3070542199341526, 'tau_max': 25.18216435192153, 'tau_min': 0.0, 'time_max': 18770.72654999979, 'time_mean': 10030.9430649837, 'mag_completeness': 3.0, 'mag_mean': 3.456916005014626, 'mag_max': 8.0, 'mag_min': 3.0, 'b_value': 0.856738547623331, 'b_std': 0.0071499224812533796, 'b_n': 14358}
2026-05-21 16:01:47,831 INFO src.data.event_loader: lengths of samples: min=32, max=981, avg=135.51
2026-05-21 16:01:47,831 INFO src.data.event_loader: Number of positive samples: 780
2026-05-21 16:01:47,832 INFO src.data.event_loader: Number of negative samples: 683
2026-05-21 16:01:47,832 INFO src.data.event_loader: Positive samples: 594, Negative samples: 576
2026-05-21 16:01:47,832 INFO src.data.event_loader: Total samples: 1170, Positive ratio: 0.51, Negative ratio: 0.49
2026-05-21 16:01:47,833 INFO src.data.event_loader: Positive samples: 107, Negative samples: 39
2026-05-21 16:01:47,833 INFO src.data.event_loader: Total samples: 146, Positive ratio: 0.73, Negative ratio: 0.27
2026-05-21 16:01:47,833 INFO src.data.event_loader: Positive samples: 79, Negative samples: 68
2026-05-21 16:01:47,833 INFO src.data.event_loader: Total samples: 147, Positive ratio: 0.54, Negative ratio: 0.46
2026-05-21 16:01:48,234 INFO src.models.adapters.mixer_task: using time scale base 1.3070542199341526 (key: tau_mean)
2026-05-21 16:01:48,234 INFO src.models.adapters.mixer_task: tau mean: tensor(1.3071)
2026-05-21 16:01:48,281 INFO src.train.config_setup: Restoring model from checkpoint.
2026-05-21 16:01:48,282 INFO src.train.config_setup: Loading model weights: load_specific_parts=None
2026-05-21 16:01:48,283 INFO src.train.config_setup: Checkpoint loaded: <All keys matched successfully>
2026-05-21 16:01:48,283 INFO src.train.config_setup: Full load summary: loaded=56, missing=0, unexpected=0
2026-05-21 16:01:48,284 INFO src.train.config_setup: Checkpoint hyperparameters loaded.
2026-05-21 16:01:48,284 INFO src.train.config_setup: Checkpoint train metrics available.
2026-05-21 16:01:48,284 INFO src.train.config_setup: Checkpoint val metrics available.
2026-05-21 16:01:48,285 INFO src.train.config_setup: Freeze skipped (checkpoint_restore): freeze_parts is empty.
2026-05-21 16:01:48,285 INFO src.train.config_setup: Using classification criterion: focal
2026-05-21 16:01:48,285 INFO src.train.config_setup: Criterion config: {'alpha': 0.5, 'gamma': 2.0}
2026-05-21 16:01:48,286 INFO src.train.config_setup: Not resuming optimizer/scheduler state; reset training state to start_epoch=0, best_val_loss=inf.
2026-05-21 16:01:48,286 INFO src.cli.common: Using threshold 0.4222928583621979 from checkpoint val_metrics for testing.
2026-05-21 16:01:53,565 INFO src.utils.metrics: ROC curve saved to /root/autodl-tmp/em_eqf/experiments/clf_pre_v1/clf_pre_AZDX_v1/runs/tf_10_mf_4p0_seed_1/roc_curve.png
2026-05-21 16:01:53,707 INFO src.utils.metrics: PR curve saved to /root/autodl-tmp/em_eqf/experiments/clf_pre_v1/clf_pre_AZDX_v1/runs/tf_10_mf_4p0_seed_1/pr_curve.png
2026-05-21 16:01:53,769 INFO src.utils.metrics: Confusion matrix saved to /root/autodl-tmp/em_eqf/experiments/clf_pre_v1/clf_pre_AZDX_v1/runs/tf_10_mf_4p0_seed_1/confusion_matrix.png
2026-05-21 16:01:53,769 INFO src.cli.workflows: Test loss: 0.061020647486050926
2026-05-21 16:01:54,806 INFO src.train.classifier_train_step: Prediction distribution plot has been saved to: /root/autodl-tmp/em_eqf/experiments/clf_pre_v1/clf_pre_AZDX_v1/runs/tf_10_mf_4p0_seed_1/train_pred_distribution.png
2026-05-21 16:01:55,132 INFO src.train.classifier_train_step: Prediction distribution plot has been saved to: /root/autodl-tmp/em_eqf/experiments/clf_pre_v1/clf_pre_AZDX_v1/runs/tf_10_mf_4p0_seed_1/val_pred_distribution.png
2026-05-21 16:01:55,613 INFO src.train.classifier_train_step: Prediction distribution plot has been saved to: /root/autodl-tmp/em_eqf/experiments/clf_pre_v1/clf_pre_AZDX_v1/runs/tf_10_mf_4p0_seed_1/test_pred_distribution.png
2026-05-21 16:01:55,614 INFO src.cli.common: Saved test metrics to /root/autodl-tmp/em_eqf/experiments/clf_pre_v1/clf_pre_AZDX_v1/runs/tf_10_mf_4p0_seed_1/metrics_test_best_1.json
2026-05-21 16:01:55,614 INFO src.cli.common: Metrics: {'precision': 0.5703703703703704, 'recall': 0.9746835443037974, 'f1': 0.719626168224299, 'auc': 0.828927773641102, 'pr_auc': 0.8803843433663521, 'fpr': 0.8529411764705882, 'tpr': 0.9746835443037974, 'R': 0.12174236783320924, 'conf': 3.4762733240233277e-15, 'threshold': 0.4222928583621979}
