2026-05-13 13:38:32,612 INFO src.data.preprocessing: CSV files found: ['chuandian_2021.csv']
2026-05-13 13:38:33,613 INFO src.utils.file_utils: Loading cached data from: data/ChuanDian/classifier/classifier_Mc_3_Mf_4.0_Tfore_10_Twindow_180_context_len_1_dt_10.pkl
2026-05-13 13:38:33,971 INFO src.data.preprocessing: Catalog statistics: {'tau_unfiltered': 0.15339908988298961, 'tau_q025': 0.08114294020924717, 'tau_q05': 0.5134664350189269, 'tau_mean': 1.3070542199341526, 'tau_max': 25.18216435192153, 'tau_min': 0.0, 'time_max': 18770.72654999979, 'time_mean': 10030.9430649837, 'mag_completeness': 3.0, 'mag_mean': 3.456916005014626, 'mag_max': 8.0, 'mag_min': 3.0, 'b_value': 0.856738547623331, 'b_std': 0.0071499224812533796, 'b_n': 14358}
2026-05-13 13:38:33,991 INFO src.data.event_loader: lengths of samples: min=32, max=981, avg=135.51
2026-05-13 13:38:33,991 INFO src.data.event_loader: Number of positive samples: 780
2026-05-13 13:38:33,992 INFO src.data.event_loader: Number of negative samples: 683
2026-05-13 13:38:34,013 INFO src.data.event_loader: Positive samples: 594, Negative samples: 576
2026-05-13 13:38:34,014 INFO src.data.event_loader: Total samples: 1170, Positive ratio: 0.51, Negative ratio: 0.49
2026-05-13 13:38:34,014 INFO src.data.event_loader: Positive samples: 107, Negative samples: 39
2026-05-13 13:38:34,014 INFO src.data.event_loader: Total samples: 146, Positive ratio: 0.73, Negative ratio: 0.27
2026-05-13 13:38:34,014 INFO src.data.event_loader: Positive samples: 79, Negative samples: 68
2026-05-13 13:38:34,014 INFO src.data.event_loader: Total samples: 147, Positive ratio: 0.54, Negative ratio: 0.46
2026-05-13 13:38:34,161 INFO src.cli.workflows: Loading checkpoint from: ./checkpoints/mixer_tpp_20260508-182744/last_model_1.pth
2026-05-13 13:38:34,679 INFO src.models.adapters.mixer_task: using time scale base 1.3070542199341526 (key: tau_mean)
2026-05-13 13:38:34,679 INFO src.models.adapters.mixer_task: tau mean: tensor(1.3071)
2026-05-13 13:38:34,687 INFO src.train.config_setup: Restoring model from checkpoint.
2026-05-13 13:38:34,688 INFO src.train.config_setup: Loading model weights: load_specific_parts=['encoder']
2026-05-13 13:38:34,689 INFO src.train.config_setup: Selective load summary: requested_parts=['encoder'], target_in_model=40, matched_in_checkpoint=30, loaded=30, missing_after_load=10, shape_mismatch=0, missing_in_model=0, out_of_scope_loaded=0
2026-05-13 13:38:34,689 INFO src.train.config_setup: Selective load coverage [encoder]: target=40, hit=30, missing=10, complete=False
2026-05-13 13:38:34,689 WARNING src.train.config_setup: Selective load coverage missing preview [encoder]: ['base_model.encoder.layers.2.mixer.in_proj.bias', 'base_model.encoder.layers.2.mixer.in_proj.weight', 'base_model.encoder.layers.2.mixer.out_proj.bias', 'base_model.encoder.layers.2.mixer.out_proj.weight', 'base_model.encoder.layers.2.mlp.fc1.weight', 'base_model.encoder.layers.2.mlp.fc2.weight', 'base_model.encoder.layers.2.norm.bias', 'base_model.encoder.layers.2.norm.weight'] ... (+2 more)
2026-05-13 13:38:34,689 WARNING src.train.config_setup: Checkpoint missing target parameter preview: ['base_model.encoder.layers.2.mixer.in_proj.bias', 'base_model.encoder.layers.2.mixer.in_proj.weight', 'base_model.encoder.layers.2.mixer.out_proj.bias', 'base_model.encoder.layers.2.mixer.out_proj.weight', 'base_model.encoder.layers.2.mlp.fc1.weight', 'base_model.encoder.layers.2.mlp.fc2.weight', 'base_model.encoder.layers.2.norm.bias', 'base_model.encoder.layers.2.norm.weight', 'base_model.encoder.layers.2.norm2.bias', 'base_model.encoder.layers.2.norm2.weight']
2026-05-13 13:38:34,689 WARNING src.train.config_setup: Target not-loaded parameter preview: ['base_model.encoder.layers.2.mixer.in_proj.bias', 'base_model.encoder.layers.2.mixer.in_proj.weight', 'base_model.encoder.layers.2.mixer.out_proj.bias', 'base_model.encoder.layers.2.mixer.out_proj.weight', 'base_model.encoder.layers.2.mlp.fc1.weight', 'base_model.encoder.layers.2.mlp.fc2.weight', 'base_model.encoder.layers.2.norm.bias', 'base_model.encoder.layers.2.norm.weight', 'base_model.encoder.layers.2.norm2.bias', 'base_model.encoder.layers.2.norm2.weight']
2026-05-13 13:38:34,689 INFO src.train.config_setup: Loaded parameter preview: ['base_model.encoder.layers.1.norm.bias', 'base_model.encoder.input_proj.0.weight', 'base_model.encoder.layers.1.mlp.fc1.weight', 'base_model.encoder.layers.0.mixer.D', 'base_model.encoder.input_proj.0.bias', 'base_model.encoder.layers.0.norm.weight', 'base_model.encoder.layers.1.mlp.fc2.weight', 'base_model.encoder.norm_f.bias', 'base_model.encoder.layers.1.norm2.weight', 'base_model.encoder.layers.0.mixer.norm.weight'] ... (+20 more)
2026-05-13 13:38:34,690 INFO src.train.config_setup: Checkpoint hyperparameters loaded.
2026-05-13 13:38:34,690 INFO src.train.config_setup: Checkpoint train metrics available.
2026-05-13 13:38:34,690 INFO src.train.config_setup: Checkpoint val metrics available.
2026-05-13 13:38:34,690 INFO src.train.config_setup: Freeze skipped (checkpoint_restore): freeze_parts is empty.
2026-05-13 13:38:34,690 INFO src.train.config_setup: Using classification criterion: focal
2026-05-13 13:38:34,690 INFO src.train.config_setup: Criterion config: {'alpha': 0.5, 'gamma': 2.0}
2026-05-13 13:38:34,691 INFO src.train.config_setup: Not resuming optimizer/scheduler state; reset training state to start_epoch=0, best_val_loss=inf.
2026-05-13 13:38:34,691 INFO src.train.trainer: Epoch 1
2026-05-13 13:38:51,851 INFO src.train.trainer: New best validation loss: 0.1072, saved to /root/autodl-tmp/em_eqf/experiments/clf_grid_10/runs/tf_10_mf_4p0_seed_0/best_model_1.pth
2026-05-13 13:38:51,857 INFO src.train.trainer: Last model at epoch 1 saved to /root/autodl-tmp/em_eqf/experiments/clf_grid_10/runs/tf_10_mf_4p0_seed_0/last_model_1.pth
2026-05-13 13:38:51,857 INFO src.train.trainer: Epoch 2
2026-05-13 13:38:54,494 INFO src.train.trainer: New best validation loss: 0.0816, saved to /root/autodl-tmp/em_eqf/experiments/clf_grid_10/runs/tf_10_mf_4p0_seed_0/best_model_1.pth
2026-05-13 13:38:54,503 INFO src.train.trainer: Last model at epoch 2 saved to /root/autodl-tmp/em_eqf/experiments/clf_grid_10/runs/tf_10_mf_4p0_seed_0/last_model_1.pth
2026-05-13 13:38:54,503 INFO src.train.trainer: Epoch 3
2026-05-13 13:38:57,199 INFO src.train.trainer: Last model at epoch 3 saved to /root/autodl-tmp/em_eqf/experiments/clf_grid_10/runs/tf_10_mf_4p0_seed_0/last_model_1.pth
2026-05-13 13:38:57,199 INFO src.train.trainer: Epoch 4
2026-05-13 13:38:59,933 INFO src.train.trainer: Last model at epoch 4 saved to /root/autodl-tmp/em_eqf/experiments/clf_grid_10/runs/tf_10_mf_4p0_seed_0/last_model_1.pth
2026-05-13 13:38:59,934 INFO src.train.trainer: Epoch 5
2026-05-13 13:39:02,728 INFO src.train.trainer: Last model at epoch 5 saved to /root/autodl-tmp/em_eqf/experiments/clf_grid_10/runs/tf_10_mf_4p0_seed_0/last_model_1.pth
2026-05-13 13:39:02,728 INFO src.train.trainer: Epoch 6
2026-05-13 13:39:05,393 INFO src.train.trainer: Last model at epoch 6 saved to /root/autodl-tmp/em_eqf/experiments/clf_grid_10/runs/tf_10_mf_4p0_seed_0/last_model_1.pth
2026-05-13 13:39:05,394 INFO src.train.trainer: Epoch 7
2026-05-13 13:39:08,129 INFO src.train.trainer: New best validation loss: 0.0792, saved to /root/autodl-tmp/em_eqf/experiments/clf_grid_10/runs/tf_10_mf_4p0_seed_0/best_model_1.pth
2026-05-13 13:39:08,141 INFO src.train.trainer: Last model at epoch 7 saved to /root/autodl-tmp/em_eqf/experiments/clf_grid_10/runs/tf_10_mf_4p0_seed_0/last_model_1.pth
2026-05-13 13:39:08,141 INFO src.train.trainer: Epoch 8
2026-05-13 13:39:10,706 INFO src.train.trainer: Last model at epoch 8 saved to /root/autodl-tmp/em_eqf/experiments/clf_grid_10/runs/tf_10_mf_4p0_seed_0/last_model_1.pth
2026-05-13 13:39:10,707 INFO src.train.trainer: Epoch 9
2026-05-13 13:39:13,277 INFO src.train.trainer: Last model at epoch 9 saved to /root/autodl-tmp/em_eqf/experiments/clf_grid_10/runs/tf_10_mf_4p0_seed_0/last_model_1.pth
2026-05-13 13:39:13,277 INFO src.train.trainer: Epoch 10
2026-05-13 13:39:15,681 INFO src.train.trainer: New best validation loss: 0.0770, saved to /root/autodl-tmp/em_eqf/experiments/clf_grid_10/runs/tf_10_mf_4p0_seed_0/best_model_1.pth
2026-05-13 13:39:15,690 INFO src.train.trainer: Last model at epoch 10 saved to /root/autodl-tmp/em_eqf/experiments/clf_grid_10/runs/tf_10_mf_4p0_seed_0/last_model_1.pth
2026-05-13 13:39:15,690 INFO src.train.trainer: Epoch 11
2026-05-13 13:39:17,941 INFO src.train.trainer: New best validation loss: 0.0755, saved to /root/autodl-tmp/em_eqf/experiments/clf_grid_10/runs/tf_10_mf_4p0_seed_0/best_model_1.pth
2026-05-13 13:39:17,950 INFO src.train.trainer: Last model at epoch 11 saved to /root/autodl-tmp/em_eqf/experiments/clf_grid_10/runs/tf_10_mf_4p0_seed_0/last_model_1.pth
2026-05-13 13:39:17,950 INFO src.train.trainer: Epoch 12
2026-05-13 13:39:20,698 INFO src.train.trainer: Last model at epoch 12 saved to /root/autodl-tmp/em_eqf/experiments/clf_grid_10/runs/tf_10_mf_4p0_seed_0/last_model_1.pth
2026-05-13 13:39:20,698 INFO src.train.trainer: Epoch 13
2026-05-13 13:39:23,193 INFO src.train.trainer: Last model at epoch 13 saved to /root/autodl-tmp/em_eqf/experiments/clf_grid_10/runs/tf_10_mf_4p0_seed_0/last_model_1.pth
2026-05-13 13:39:23,193 INFO src.train.trainer: Epoch 14
2026-05-13 13:39:25,544 INFO src.train.trainer: New best validation loss: 0.0716, saved to /root/autodl-tmp/em_eqf/experiments/clf_grid_10/runs/tf_10_mf_4p0_seed_0/best_model_1.pth
2026-05-13 13:39:25,552 INFO src.train.trainer: Last model at epoch 14 saved to /root/autodl-tmp/em_eqf/experiments/clf_grid_10/runs/tf_10_mf_4p0_seed_0/last_model_1.pth
2026-05-13 13:39:25,552 INFO src.train.trainer: Epoch 15
2026-05-13 13:39:28,827 INFO src.train.trainer: Last model at epoch 15 saved to /root/autodl-tmp/em_eqf/experiments/clf_grid_10/runs/tf_10_mf_4p0_seed_0/last_model_1.pth
2026-05-13 13:39:28,828 INFO src.train.trainer: Epoch 16
2026-05-13 13:39:32,318 INFO src.train.trainer: Last model at epoch 16 saved to /root/autodl-tmp/em_eqf/experiments/clf_grid_10/runs/tf_10_mf_4p0_seed_0/last_model_1.pth
2026-05-13 13:39:32,318 INFO src.train.trainer: Epoch 17
2026-05-13 13:39:34,762 INFO src.train.trainer: Last model at epoch 17 saved to /root/autodl-tmp/em_eqf/experiments/clf_grid_10/runs/tf_10_mf_4p0_seed_0/last_model_1.pth
2026-05-13 13:39:34,762 INFO src.train.trainer: Epoch 18
2026-05-13 13:39:36,994 INFO src.train.trainer: Last model at epoch 18 saved to /root/autodl-tmp/em_eqf/experiments/clf_grid_10/runs/tf_10_mf_4p0_seed_0/last_model_1.pth
2026-05-13 13:39:36,994 INFO src.train.trainer: Epoch 19
2026-05-13 13:39:39,180 INFO src.train.trainer: New best validation loss: 0.0714, saved to /root/autodl-tmp/em_eqf/experiments/clf_grid_10/runs/tf_10_mf_4p0_seed_0/best_model_1.pth
2026-05-13 13:39:39,187 INFO src.train.trainer: Last model at epoch 19 saved to /root/autodl-tmp/em_eqf/experiments/clf_grid_10/runs/tf_10_mf_4p0_seed_0/last_model_1.pth
2026-05-13 13:39:39,188 INFO src.train.trainer: Epoch 20
2026-05-13 13:39:41,413 INFO src.train.trainer: Last model at epoch 20 saved to /root/autodl-tmp/em_eqf/experiments/clf_grid_10/runs/tf_10_mf_4p0_seed_0/last_model_1.pth
2026-05-13 13:39:41,413 INFO src.train.trainer: Epoch 21
2026-05-13 13:39:43,503 INFO src.train.trainer: Last model at epoch 21 saved to /root/autodl-tmp/em_eqf/experiments/clf_grid_10/runs/tf_10_mf_4p0_seed_0/last_model_1.pth
2026-05-13 13:39:43,503 INFO src.train.trainer: Epoch 22
2026-05-13 13:39:45,413 INFO src.train.trainer: Last model at epoch 22 saved to /root/autodl-tmp/em_eqf/experiments/clf_grid_10/runs/tf_10_mf_4p0_seed_0/last_model_1.pth
2026-05-13 13:39:45,413 INFO src.train.trainer: Epoch 23
2026-05-13 13:39:47,375 INFO src.train.trainer: New best validation loss: 0.0637, saved to /root/autodl-tmp/em_eqf/experiments/clf_grid_10/runs/tf_10_mf_4p0_seed_0/best_model_1.pth
2026-05-13 13:39:47,387 INFO src.train.trainer: Last model at epoch 23 saved to /root/autodl-tmp/em_eqf/experiments/clf_grid_10/runs/tf_10_mf_4p0_seed_0/last_model_1.pth
2026-05-13 13:39:47,387 INFO src.train.trainer: Epoch 24
2026-05-13 13:39:49,424 INFO src.train.trainer: Last model at epoch 24 saved to /root/autodl-tmp/em_eqf/experiments/clf_grid_10/runs/tf_10_mf_4p0_seed_0/last_model_1.pth
2026-05-13 13:39:49,424 INFO src.train.trainer: Epoch 25
2026-05-13 13:39:51,710 INFO src.train.trainer: Last model at epoch 25 saved to /root/autodl-tmp/em_eqf/experiments/clf_grid_10/runs/tf_10_mf_4p0_seed_0/last_model_1.pth
2026-05-13 13:39:51,711 INFO src.train.trainer: Epoch 26
2026-05-13 13:39:54,766 INFO src.train.trainer: Last model at epoch 26 saved to /root/autodl-tmp/em_eqf/experiments/clf_grid_10/runs/tf_10_mf_4p0_seed_0/last_model_1.pth
2026-05-13 13:39:54,767 INFO src.train.trainer: Epoch 27
2026-05-13 13:39:58,338 INFO src.train.trainer: Last model at epoch 27 saved to /root/autodl-tmp/em_eqf/experiments/clf_grid_10/runs/tf_10_mf_4p0_seed_0/last_model_1.pth
2026-05-13 13:39:58,338 INFO src.train.trainer: Epoch 28
2026-05-13 13:40:01,997 INFO src.train.trainer: Last model at epoch 28 saved to /root/autodl-tmp/em_eqf/experiments/clf_grid_10/runs/tf_10_mf_4p0_seed_0/last_model_1.pth
2026-05-13 13:40:01,997 INFO src.train.trainer: Epoch 29
2026-05-13 13:40:04,703 INFO src.train.trainer: Last model at epoch 29 saved to /root/autodl-tmp/em_eqf/experiments/clf_grid_10/runs/tf_10_mf_4p0_seed_0/last_model_1.pth
2026-05-13 13:40:04,704 INFO src.train.trainer: Epoch 30
2026-05-13 13:40:07,288 INFO src.train.trainer: Last model at epoch 30 saved to /root/autodl-tmp/em_eqf/experiments/clf_grid_10/runs/tf_10_mf_4p0_seed_0/last_model_1.pth
2026-05-13 13:40:07,288 INFO src.train.trainer: Epoch 31
2026-05-13 13:40:09,282 INFO src.train.trainer: Last model at epoch 31 saved to /root/autodl-tmp/em_eqf/experiments/clf_grid_10/runs/tf_10_mf_4p0_seed_0/last_model_1.pth
2026-05-13 13:40:09,283 INFO src.train.trainer: Epoch 32
2026-05-13 13:40:11,185 INFO src.train.trainer: Last model at epoch 32 saved to /root/autodl-tmp/em_eqf/experiments/clf_grid_10/runs/tf_10_mf_4p0_seed_0/last_model_1.pth
2026-05-13 13:40:11,185 INFO src.train.trainer: Epoch 33
2026-05-13 13:40:13,189 INFO src.train.trainer: Last model at epoch 33 saved to /root/autodl-tmp/em_eqf/experiments/clf_grid_10/runs/tf_10_mf_4p0_seed_0/last_model_1.pth
2026-05-13 13:40:13,189 INFO src.train.trainer: Early stopping triggered at epoch 33 (best epoch: 23, best val loss: 0.063692)
2026-05-13 13:40:25,052 INFO src.data.preprocessing: CSV files found: ['chuandian_2021.csv']
2026-05-13 13:40:25,798 INFO src.utils.file_utils: Loading cached data from: data/ChuanDian/classifier/classifier_Mc_3_Mf_4.0_Tfore_10_Twindow_180_context_len_1_dt_10.pkl
2026-05-13 13:40:26,098 INFO src.data.preprocessing: Catalog statistics: {'tau_unfiltered': 0.15339908988298961, 'tau_q025': 0.08114294020924717, 'tau_q05': 0.5134664350189269, 'tau_mean': 1.3070542199341526, 'tau_max': 25.18216435192153, 'tau_min': 0.0, 'time_max': 18770.72654999979, 'time_mean': 10030.9430649837, 'mag_completeness': 3.0, 'mag_mean': 3.456916005014626, 'mag_max': 8.0, 'mag_min': 3.0, 'b_value': 0.856738547623331, 'b_std': 0.0071499224812533796, 'b_n': 14358}
2026-05-13 13:40:26,116 INFO src.data.event_loader: lengths of samples: min=32, max=981, avg=135.51
2026-05-13 13:40:26,116 INFO src.data.event_loader: Number of positive samples: 780
2026-05-13 13:40:26,117 INFO src.data.event_loader: Number of negative samples: 683
2026-05-13 13:40:26,118 INFO src.data.event_loader: Positive samples: 594, Negative samples: 576
2026-05-13 13:40:26,118 INFO src.data.event_loader: Total samples: 1170, Positive ratio: 0.51, Negative ratio: 0.49
2026-05-13 13:40:26,118 INFO src.data.event_loader: Positive samples: 107, Negative samples: 39
2026-05-13 13:40:26,118 INFO src.data.event_loader: Total samples: 146, Positive ratio: 0.73, Negative ratio: 0.27
2026-05-13 13:40:26,118 INFO src.data.event_loader: Positive samples: 79, Negative samples: 68
2026-05-13 13:40:26,118 INFO src.data.event_loader: Total samples: 147, Positive ratio: 0.54, Negative ratio: 0.46
2026-05-13 13:40:26,607 INFO src.models.adapters.mixer_task: using time scale base 1.3070542199341526 (key: tau_mean)
2026-05-13 13:40:26,607 INFO src.models.adapters.mixer_task: tau mean: tensor(1.3071)
2026-05-13 13:40:26,703 INFO src.train.config_setup: Restoring model from checkpoint.
2026-05-13 13:40:26,703 INFO src.train.config_setup: Loading model weights: load_specific_parts=None
2026-05-13 13:40:26,705 INFO src.train.config_setup: Checkpoint loaded: <All keys matched successfully>
2026-05-13 13:40:26,705 INFO src.train.config_setup: Full load summary: loaded=56, missing=0, unexpected=0
2026-05-13 13:40:26,706 INFO src.train.config_setup: Checkpoint hyperparameters loaded.
2026-05-13 13:40:26,706 INFO src.train.config_setup: Checkpoint train metrics available.
2026-05-13 13:40:26,706 INFO src.train.config_setup: Checkpoint val metrics available.
2026-05-13 13:40:26,706 INFO src.train.config_setup: Freeze skipped (checkpoint_restore): freeze_parts is empty.
2026-05-13 13:40:26,706 INFO src.train.config_setup: Using classification criterion: focal
2026-05-13 13:40:26,706 INFO src.train.config_setup: Criterion config: {'alpha': 0.5, 'gamma': 2.0}
2026-05-13 13:40:26,707 INFO src.train.config_setup: Not resuming optimizer/scheduler state; reset training state to start_epoch=0, best_val_loss=inf.
2026-05-13 13:40:26,707 INFO src.cli.common: Using threshold 0.4205462634563446 from checkpoint val_metrics for testing.
2026-05-13 13:40:32,604 INFO src.utils.metrics: ROC curve saved to /root/autodl-tmp/em_eqf/experiments/clf_grid_10/runs/tf_10_mf_4p0_seed_0/roc_curve.png
2026-05-13 13:40:32,712 INFO src.utils.metrics: PR curve saved to /root/autodl-tmp/em_eqf/experiments/clf_grid_10/runs/tf_10_mf_4p0_seed_0/pr_curve.png
2026-05-13 13:40:32,774 INFO src.utils.metrics: Confusion matrix saved to /root/autodl-tmp/em_eqf/experiments/clf_grid_10/runs/tf_10_mf_4p0_seed_0/confusion_matrix.png
2026-05-13 13:40:32,774 INFO src.cli.workflows: Test loss: 0.07291103651126225
2026-05-13 13:40:34,363 INFO src.train.classifier_train_step: Prediction distribution plot has been saved to: /root/autodl-tmp/em_eqf/experiments/clf_grid_10/runs/tf_10_mf_4p0_seed_0/train_pred_distribution.png
2026-05-13 13:40:34,800 INFO src.train.classifier_train_step: Prediction distribution plot has been saved to: /root/autodl-tmp/em_eqf/experiments/clf_grid_10/runs/tf_10_mf_4p0_seed_0/val_pred_distribution.png
2026-05-13 13:40:35,226 INFO src.train.classifier_train_step: Prediction distribution plot has been saved to: /root/autodl-tmp/em_eqf/experiments/clf_grid_10/runs/tf_10_mf_4p0_seed_0/test_pred_distribution.png
2026-05-13 13:40:35,227 INFO src.cli.common: Saved test metrics to /root/autodl-tmp/em_eqf/experiments/clf_grid_10/runs/tf_10_mf_4p0_seed_0/metrics_test_best_1.json
2026-05-13 13:40:35,227 INFO src.cli.common: Metrics: {'precision': 0.6407766990291263, 'recall': 0.8354430379746836, 'f1': 0.7252747252747253, 'auc': 0.7835070737155622, 'pr_auc': 0.8272048244182841, 'fpr': 0.5441176470588235, 'tpr': 0.8354430379746836, 'R': 0.29132539091586007, 'conf': 0.9971245844218628, 'threshold': 0.4205462634563446}
