2026-05-21 16:31:36,589 INFO src.data.preprocessing: CSV files found: ['chuandian_2021.csv']
2026-05-21 16:31:37,137 INFO src.utils.file_utils: Loading cached data from: data/ChuanDian/classifier/classifier_Mc_3_Mf_4.0_Tfore_10_Twindow_180_context_len_1_dt_10.pkl
2026-05-21 16:31:37,390 INFO src.data.preprocessing: Catalog statistics: {'tau_unfiltered': 0.15339908988298961, 'tau_q025': 0.08114294020924717, 'tau_q05': 0.5134664350189269, 'tau_mean': 1.3070542199341526, 'tau_max': 25.18216435192153, 'tau_min': 0.0, 'time_max': 18770.72654999979, 'time_mean': 10030.9430649837, 'mag_completeness': 3.0, 'mag_mean': 3.456916005014626, 'mag_max': 8.0, 'mag_min': 3.0, 'b_value': 0.856738547623331, 'b_std': 0.0071499224812533796, 'b_n': 14358}
2026-05-21 16:31:37,405 INFO src.data.event_loader: lengths of samples: min=32, max=981, avg=135.51
2026-05-21 16:31:37,405 INFO src.data.event_loader: Number of positive samples: 780
2026-05-21 16:31:37,405 INFO src.data.event_loader: Number of negative samples: 683
2026-05-21 16:31:37,427 INFO src.data.event_loader: Positive samples: 594, Negative samples: 576
2026-05-21 16:31:37,427 INFO src.data.event_loader: Total samples: 1170, Positive ratio: 0.51, Negative ratio: 0.49
2026-05-21 16:31:37,428 INFO src.data.event_loader: Positive samples: 107, Negative samples: 39
2026-05-21 16:31:37,428 INFO src.data.event_loader: Total samples: 146, Positive ratio: 0.73, Negative ratio: 0.27
2026-05-21 16:31:37,428 INFO src.data.event_loader: Positive samples: 79, Negative samples: 68
2026-05-21 16:31:37,428 INFO src.data.event_loader: Total samples: 147, Positive ratio: 0.54, Negative ratio: 0.46
2026-05-21 16:31:37,466 INFO src.cli.workflows: Loading checkpoint from: ./checkpoints/mixer_tpp_20260514-211059/last_model_1.pth
2026-05-21 16:31:37,959 INFO src.models.adapters.mixer_task: using time scale base 1.3070542199341526 (key: tau_mean)
2026-05-21 16:31:37,959 INFO src.models.adapters.mixer_task: tau mean: tensor(1.3071)
2026-05-21 16:31:37,964 INFO src.train.config_setup: Restoring model from checkpoint.
2026-05-21 16:31:37,965 INFO src.train.config_setup: Loading model weights: load_specific_parts=['encoder']
2026-05-21 16:31:37,966 INFO src.train.config_setup: Selective load summary: requested_parts=['encoder'], target_in_model=40, matched_in_checkpoint=30, loaded=30, missing_after_load=10, shape_mismatch=0, missing_in_model=0, out_of_scope_loaded=0
2026-05-21 16:31:37,966 INFO src.train.config_setup: Selective load coverage [encoder]: target=40, hit=30, missing=10, complete=False
2026-05-21 16:31:37,966 WARNING src.train.config_setup: Selective load coverage missing preview [encoder]: ['base_model.encoder.layers.2.mixer.in_proj.bias', 'base_model.encoder.layers.2.mixer.in_proj.weight', 'base_model.encoder.layers.2.mixer.out_proj.bias', 'base_model.encoder.layers.2.mixer.out_proj.weight', 'base_model.encoder.layers.2.mlp.fc1.weight', 'base_model.encoder.layers.2.mlp.fc2.weight', 'base_model.encoder.layers.2.norm.bias', 'base_model.encoder.layers.2.norm.weight'] ... (+2 more)
2026-05-21 16:31:37,966 WARNING src.train.config_setup: Checkpoint missing target parameter preview: ['base_model.encoder.layers.2.mixer.in_proj.bias', 'base_model.encoder.layers.2.mixer.in_proj.weight', 'base_model.encoder.layers.2.mixer.out_proj.bias', 'base_model.encoder.layers.2.mixer.out_proj.weight', 'base_model.encoder.layers.2.mlp.fc1.weight', 'base_model.encoder.layers.2.mlp.fc2.weight', 'base_model.encoder.layers.2.norm.bias', 'base_model.encoder.layers.2.norm.weight', 'base_model.encoder.layers.2.norm2.bias', 'base_model.encoder.layers.2.norm2.weight']
2026-05-21 16:31:37,966 WARNING src.train.config_setup: Target not-loaded parameter preview: ['base_model.encoder.layers.2.mixer.in_proj.bias', 'base_model.encoder.layers.2.mixer.in_proj.weight', 'base_model.encoder.layers.2.mixer.out_proj.bias', 'base_model.encoder.layers.2.mixer.out_proj.weight', 'base_model.encoder.layers.2.mlp.fc1.weight', 'base_model.encoder.layers.2.mlp.fc2.weight', 'base_model.encoder.layers.2.norm.bias', 'base_model.encoder.layers.2.norm.weight', 'base_model.encoder.layers.2.norm2.bias', 'base_model.encoder.layers.2.norm2.weight']
2026-05-21 16:31:37,966 INFO src.train.config_setup: Loaded parameter preview: ['base_model.encoder.layers.0.mixer.D', 'base_model.encoder.layers.0.norm.bias', 'base_model.encoder.layers.1.mixer.out_proj.weight', 'base_model.encoder.layers.1.mlp.fc1.weight', 'base_model.encoder.layers.0.mlp.fc2.weight', 'base_model.encoder.input_proj.0.weight', 'base_model.encoder.norm_f.bias', 'base_model.encoder.layers.0.mlp.fc1.weight', 'base_model.encoder.layers.1.norm.bias', 'base_model.encoder.layers.0.norm.weight'] ... (+20 more)
2026-05-21 16:31:37,967 INFO src.train.config_setup: Checkpoint hyperparameters loaded.
2026-05-21 16:31:37,967 INFO src.train.config_setup: Checkpoint train metrics available.
2026-05-21 16:31:37,967 INFO src.train.config_setup: Checkpoint val metrics available.
2026-05-21 16:31:37,967 INFO src.train.config_setup: Freeze skipped (checkpoint_restore): freeze_parts is empty.
2026-05-21 16:31:37,967 INFO src.train.config_setup: Using classification criterion: focal
2026-05-21 16:31:37,967 INFO src.train.config_setup: Criterion config: {'alpha': 0.5, 'gamma': 2.0}
2026-05-21 16:31:37,968 INFO src.train.config_setup: Not resuming optimizer/scheduler state; reset training state to start_epoch=0, best_val_loss=inf.
2026-05-21 16:31:37,969 INFO src.train.trainer: Epoch 1
2026-05-21 16:31:57,958 INFO src.train.trainer: New best validation loss: 0.0848, saved to /root/autodl-tmp/em_eqf/experiments/clf_pre_v1/clf_pre_SCEDC_v1/runs/tf_10_mf_4p0_seed_1/best_model_1.pth
2026-05-21 16:31:57,963 INFO src.train.trainer: Last model at epoch 1 saved to /root/autodl-tmp/em_eqf/experiments/clf_pre_v1/clf_pre_SCEDC_v1/runs/tf_10_mf_4p0_seed_1/last_model_1.pth
2026-05-21 16:31:57,963 INFO src.train.trainer: Epoch 2
2026-05-21 16:32:02,249 INFO src.train.trainer: New best validation loss: 0.0798, saved to /root/autodl-tmp/em_eqf/experiments/clf_pre_v1/clf_pre_SCEDC_v1/runs/tf_10_mf_4p0_seed_1/best_model_1.pth
2026-05-21 16:32:02,256 INFO src.train.trainer: Last model at epoch 2 saved to /root/autodl-tmp/em_eqf/experiments/clf_pre_v1/clf_pre_SCEDC_v1/runs/tf_10_mf_4p0_seed_1/last_model_1.pth
2026-05-21 16:32:02,256 INFO src.train.trainer: Epoch 3
2026-05-21 16:32:06,145 INFO src.train.trainer: Last model at epoch 3 saved to /root/autodl-tmp/em_eqf/experiments/clf_pre_v1/clf_pre_SCEDC_v1/runs/tf_10_mf_4p0_seed_1/last_model_1.pth
2026-05-21 16:32:06,145 INFO src.train.trainer: Epoch 4
2026-05-21 16:32:09,696 INFO src.train.trainer: Last model at epoch 4 saved to /root/autodl-tmp/em_eqf/experiments/clf_pre_v1/clf_pre_SCEDC_v1/runs/tf_10_mf_4p0_seed_1/last_model_1.pth
2026-05-21 16:32:09,696 INFO src.train.trainer: Epoch 5
2026-05-21 16:32:12,740 INFO src.train.trainer: Last model at epoch 5 saved to /root/autodl-tmp/em_eqf/experiments/clf_pre_v1/clf_pre_SCEDC_v1/runs/tf_10_mf_4p0_seed_1/last_model_1.pth
2026-05-21 16:32:12,740 INFO src.train.trainer: Epoch 6
2026-05-21 16:32:15,934 INFO src.train.trainer: New best validation loss: 0.0785, saved to /root/autodl-tmp/em_eqf/experiments/clf_pre_v1/clf_pre_SCEDC_v1/runs/tf_10_mf_4p0_seed_1/best_model_1.pth
2026-05-21 16:32:15,941 INFO src.train.trainer: Last model at epoch 6 saved to /root/autodl-tmp/em_eqf/experiments/clf_pre_v1/clf_pre_SCEDC_v1/runs/tf_10_mf_4p0_seed_1/last_model_1.pth
2026-05-21 16:32:15,941 INFO src.train.trainer: Epoch 7
2026-05-21 16:32:19,188 INFO src.train.trainer: New best validation loss: 0.0774, saved to /root/autodl-tmp/em_eqf/experiments/clf_pre_v1/clf_pre_SCEDC_v1/runs/tf_10_mf_4p0_seed_1/best_model_1.pth
2026-05-21 16:32:19,202 INFO src.train.trainer: Last model at epoch 7 saved to /root/autodl-tmp/em_eqf/experiments/clf_pre_v1/clf_pre_SCEDC_v1/runs/tf_10_mf_4p0_seed_1/last_model_1.pth
2026-05-21 16:32:19,202 INFO src.train.trainer: Epoch 8
2026-05-21 16:32:22,494 INFO src.train.trainer: Last model at epoch 8 saved to /root/autodl-tmp/em_eqf/experiments/clf_pre_v1/clf_pre_SCEDC_v1/runs/tf_10_mf_4p0_seed_1/last_model_1.pth
2026-05-21 16:32:22,494 INFO src.train.trainer: Epoch 9
2026-05-21 16:32:25,913 INFO src.train.trainer: Last model at epoch 9 saved to /root/autodl-tmp/em_eqf/experiments/clf_pre_v1/clf_pre_SCEDC_v1/runs/tf_10_mf_4p0_seed_1/last_model_1.pth
2026-05-21 16:32:25,913 INFO src.train.trainer: Epoch 10
2026-05-21 16:32:29,253 INFO src.train.trainer: New best validation loss: 0.0767, saved to /root/autodl-tmp/em_eqf/experiments/clf_pre_v1/clf_pre_SCEDC_v1/runs/tf_10_mf_4p0_seed_1/best_model_1.pth
2026-05-21 16:32:29,260 INFO src.train.trainer: Last model at epoch 10 saved to /root/autodl-tmp/em_eqf/experiments/clf_pre_v1/clf_pre_SCEDC_v1/runs/tf_10_mf_4p0_seed_1/last_model_1.pth
2026-05-21 16:32:29,261 INFO src.train.trainer: Epoch 11
2026-05-21 16:32:32,571 INFO src.train.trainer: New best validation loss: 0.0681, saved to /root/autodl-tmp/em_eqf/experiments/clf_pre_v1/clf_pre_SCEDC_v1/runs/tf_10_mf_4p0_seed_1/best_model_1.pth
2026-05-21 16:32:32,580 INFO src.train.trainer: Last model at epoch 11 saved to /root/autodl-tmp/em_eqf/experiments/clf_pre_v1/clf_pre_SCEDC_v1/runs/tf_10_mf_4p0_seed_1/last_model_1.pth
2026-05-21 16:32:32,580 INFO src.train.trainer: Epoch 12
2026-05-21 16:32:35,491 INFO src.train.trainer: New best validation loss: 0.0571, saved to /root/autodl-tmp/em_eqf/experiments/clf_pre_v1/clf_pre_SCEDC_v1/runs/tf_10_mf_4p0_seed_1/best_model_1.pth
2026-05-21 16:32:35,499 INFO src.train.trainer: Last model at epoch 12 saved to /root/autodl-tmp/em_eqf/experiments/clf_pre_v1/clf_pre_SCEDC_v1/runs/tf_10_mf_4p0_seed_1/last_model_1.pth
2026-05-21 16:32:35,499 INFO src.train.trainer: Epoch 13
2026-05-21 16:32:38,320 INFO src.train.trainer: Last model at epoch 13 saved to /root/autodl-tmp/em_eqf/experiments/clf_pre_v1/clf_pre_SCEDC_v1/runs/tf_10_mf_4p0_seed_1/last_model_1.pth
2026-05-21 16:32:38,320 INFO src.train.trainer: Epoch 14
2026-05-21 16:32:41,027 INFO src.train.trainer: Last model at epoch 14 saved to /root/autodl-tmp/em_eqf/experiments/clf_pre_v1/clf_pre_SCEDC_v1/runs/tf_10_mf_4p0_seed_1/last_model_1.pth
2026-05-21 16:32:41,027 INFO src.train.trainer: Epoch 15
2026-05-21 16:32:43,813 INFO src.train.trainer: Last model at epoch 15 saved to /root/autodl-tmp/em_eqf/experiments/clf_pre_v1/clf_pre_SCEDC_v1/runs/tf_10_mf_4p0_seed_1/last_model_1.pth
2026-05-21 16:32:43,813 INFO src.train.trainer: Epoch 16
2026-05-21 16:32:47,027 INFO src.train.trainer: Last model at epoch 16 saved to /root/autodl-tmp/em_eqf/experiments/clf_pre_v1/clf_pre_SCEDC_v1/runs/tf_10_mf_4p0_seed_1/last_model_1.pth
2026-05-21 16:32:47,027 INFO src.train.trainer: Epoch 17
2026-05-21 16:32:50,327 INFO src.train.trainer: New best validation loss: 0.0546, saved to /root/autodl-tmp/em_eqf/experiments/clf_pre_v1/clf_pre_SCEDC_v1/runs/tf_10_mf_4p0_seed_1/best_model_1.pth
2026-05-21 16:32:50,335 INFO src.train.trainer: Last model at epoch 17 saved to /root/autodl-tmp/em_eqf/experiments/clf_pre_v1/clf_pre_SCEDC_v1/runs/tf_10_mf_4p0_seed_1/last_model_1.pth
2026-05-21 16:32:50,335 INFO src.train.trainer: Epoch 18
2026-05-21 16:32:52,820 INFO src.train.trainer: New best validation loss: 0.0521, saved to /root/autodl-tmp/em_eqf/experiments/clf_pre_v1/clf_pre_SCEDC_v1/runs/tf_10_mf_4p0_seed_1/best_model_1.pth
2026-05-21 16:32:52,828 INFO src.train.trainer: Last model at epoch 18 saved to /root/autodl-tmp/em_eqf/experiments/clf_pre_v1/clf_pre_SCEDC_v1/runs/tf_10_mf_4p0_seed_1/last_model_1.pth
2026-05-21 16:32:52,828 INFO src.train.trainer: Epoch 19
2026-05-21 16:32:55,083 INFO src.train.trainer: Last model at epoch 19 saved to /root/autodl-tmp/em_eqf/experiments/clf_pre_v1/clf_pre_SCEDC_v1/runs/tf_10_mf_4p0_seed_1/last_model_1.pth
2026-05-21 16:32:55,083 INFO src.train.trainer: Epoch 20
2026-05-21 16:32:57,220 INFO src.train.trainer: Last model at epoch 20 saved to /root/autodl-tmp/em_eqf/experiments/clf_pre_v1/clf_pre_SCEDC_v1/runs/tf_10_mf_4p0_seed_1/last_model_1.pth
2026-05-21 16:32:57,220 INFO src.train.trainer: Epoch 21
2026-05-21 16:32:59,281 INFO src.train.trainer: Last model at epoch 21 saved to /root/autodl-tmp/em_eqf/experiments/clf_pre_v1/clf_pre_SCEDC_v1/runs/tf_10_mf_4p0_seed_1/last_model_1.pth
2026-05-21 16:32:59,281 INFO src.train.trainer: Epoch 22
2026-05-21 16:33:01,323 INFO src.train.trainer: Last model at epoch 22 saved to /root/autodl-tmp/em_eqf/experiments/clf_pre_v1/clf_pre_SCEDC_v1/runs/tf_10_mf_4p0_seed_1/last_model_1.pth
2026-05-21 16:33:01,323 INFO src.train.trainer: Epoch 23
2026-05-21 16:33:04,507 INFO src.train.trainer: Last model at epoch 23 saved to /root/autodl-tmp/em_eqf/experiments/clf_pre_v1/clf_pre_SCEDC_v1/runs/tf_10_mf_4p0_seed_1/last_model_1.pth
2026-05-21 16:33:04,507 INFO src.train.trainer: Epoch 24
2026-05-21 16:33:07,816 INFO src.train.trainer: New best validation loss: 0.0510, saved to /root/autodl-tmp/em_eqf/experiments/clf_pre_v1/clf_pre_SCEDC_v1/runs/tf_10_mf_4p0_seed_1/best_model_1.pth
2026-05-21 16:33:07,823 INFO src.train.trainer: Last model at epoch 24 saved to /root/autodl-tmp/em_eqf/experiments/clf_pre_v1/clf_pre_SCEDC_v1/runs/tf_10_mf_4p0_seed_1/last_model_1.pth
2026-05-21 16:33:07,823 INFO src.train.trainer: Epoch 25
2026-05-21 16:33:11,616 INFO src.train.trainer: Last model at epoch 25 saved to /root/autodl-tmp/em_eqf/experiments/clf_pre_v1/clf_pre_SCEDC_v1/runs/tf_10_mf_4p0_seed_1/last_model_1.pth
2026-05-21 16:33:11,616 INFO src.train.trainer: Epoch 26
2026-05-21 16:33:14,602 INFO src.train.trainer: Last model at epoch 26 saved to /root/autodl-tmp/em_eqf/experiments/clf_pre_v1/clf_pre_SCEDC_v1/runs/tf_10_mf_4p0_seed_1/last_model_1.pth
2026-05-21 16:33:14,602 INFO src.train.trainer: Epoch 27
2026-05-21 16:33:17,468 INFO src.train.trainer: Last model at epoch 27 saved to /root/autodl-tmp/em_eqf/experiments/clf_pre_v1/clf_pre_SCEDC_v1/runs/tf_10_mf_4p0_seed_1/last_model_1.pth
2026-05-21 16:33:17,468 INFO src.train.trainer: Epoch 28
2026-05-21 16:33:20,528 INFO src.train.trainer: Last model at epoch 28 saved to /root/autodl-tmp/em_eqf/experiments/clf_pre_v1/clf_pre_SCEDC_v1/runs/tf_10_mf_4p0_seed_1/last_model_1.pth
2026-05-21 16:33:20,528 INFO src.train.trainer: Epoch 29
2026-05-21 16:33:23,591 INFO src.train.trainer: Last model at epoch 29 saved to /root/autodl-tmp/em_eqf/experiments/clf_pre_v1/clf_pre_SCEDC_v1/runs/tf_10_mf_4p0_seed_1/last_model_1.pth
2026-05-21 16:33:23,591 INFO src.train.trainer: Epoch 30
2026-05-21 16:33:27,349 INFO src.train.trainer: New best validation loss: 0.0450, saved to /root/autodl-tmp/em_eqf/experiments/clf_pre_v1/clf_pre_SCEDC_v1/runs/tf_10_mf_4p0_seed_1/best_model_1.pth
2026-05-21 16:33:27,355 INFO src.train.trainer: Last model at epoch 30 saved to /root/autodl-tmp/em_eqf/experiments/clf_pre_v1/clf_pre_SCEDC_v1/runs/tf_10_mf_4p0_seed_1/last_model_1.pth
2026-05-21 16:33:27,355 INFO src.train.trainer: Epoch 31
2026-05-21 16:33:31,216 INFO src.train.trainer: Last model at epoch 31 saved to /root/autodl-tmp/em_eqf/experiments/clf_pre_v1/clf_pre_SCEDC_v1/runs/tf_10_mf_4p0_seed_1/last_model_1.pth
2026-05-21 16:33:31,216 INFO src.train.trainer: Epoch 32
2026-05-21 16:33:34,717 INFO src.train.trainer: Last model at epoch 32 saved to /root/autodl-tmp/em_eqf/experiments/clf_pre_v1/clf_pre_SCEDC_v1/runs/tf_10_mf_4p0_seed_1/last_model_1.pth
2026-05-21 16:33:34,717 INFO src.train.trainer: Epoch 33
2026-05-21 16:33:38,138 INFO src.train.trainer: Last model at epoch 33 saved to /root/autodl-tmp/em_eqf/experiments/clf_pre_v1/clf_pre_SCEDC_v1/runs/tf_10_mf_4p0_seed_1/last_model_1.pth
2026-05-21 16:33:38,138 INFO src.train.trainer: Epoch 34
2026-05-21 16:33:41,020 INFO src.train.trainer: Last model at epoch 34 saved to /root/autodl-tmp/em_eqf/experiments/clf_pre_v1/clf_pre_SCEDC_v1/runs/tf_10_mf_4p0_seed_1/last_model_1.pth
2026-05-21 16:33:41,021 INFO src.train.trainer: Epoch 35
2026-05-21 16:33:43,865 INFO src.train.trainer: Last model at epoch 35 saved to /root/autodl-tmp/em_eqf/experiments/clf_pre_v1/clf_pre_SCEDC_v1/runs/tf_10_mf_4p0_seed_1/last_model_1.pth
2026-05-21 16:33:43,865 INFO src.train.trainer: Epoch 36
2026-05-21 16:33:46,933 INFO src.train.trainer: Last model at epoch 36 saved to /root/autodl-tmp/em_eqf/experiments/clf_pre_v1/clf_pre_SCEDC_v1/runs/tf_10_mf_4p0_seed_1/last_model_1.pth
2026-05-21 16:33:46,933 INFO src.train.trainer: Epoch 37
2026-05-21 16:33:49,961 INFO src.train.trainer: Last model at epoch 37 saved to /root/autodl-tmp/em_eqf/experiments/clf_pre_v1/clf_pre_SCEDC_v1/runs/tf_10_mf_4p0_seed_1/last_model_1.pth
2026-05-21 16:33:49,962 INFO src.train.trainer: Epoch 38
2026-05-21 16:33:53,004 INFO src.train.trainer: Last model at epoch 38 saved to /root/autodl-tmp/em_eqf/experiments/clf_pre_v1/clf_pre_SCEDC_v1/runs/tf_10_mf_4p0_seed_1/last_model_1.pth
2026-05-21 16:33:53,005 INFO src.train.trainer: Epoch 39
2026-05-21 16:33:56,019 INFO src.train.trainer: Last model at epoch 39 saved to /root/autodl-tmp/em_eqf/experiments/clf_pre_v1/clf_pre_SCEDC_v1/runs/tf_10_mf_4p0_seed_1/last_model_1.pth
2026-05-21 16:33:56,019 INFO src.train.trainer: Epoch 40
2026-05-21 16:33:59,118 INFO src.train.trainer: Last model at epoch 40 saved to /root/autodl-tmp/em_eqf/experiments/clf_pre_v1/clf_pre_SCEDC_v1/runs/tf_10_mf_4p0_seed_1/last_model_1.pth
2026-05-21 16:33:59,118 INFO src.train.trainer: Early stopping triggered at epoch 40 (best epoch: 30, best val loss: 0.045026)
2026-05-21 16:34:09,487 INFO src.data.preprocessing: CSV files found: ['chuandian_2021.csv']
2026-05-21 16:34:10,224 INFO src.utils.file_utils: Loading cached data from: data/ChuanDian/classifier/classifier_Mc_3_Mf_4.0_Tfore_10_Twindow_180_context_len_1_dt_10.pkl
2026-05-21 16:34:10,543 INFO src.data.preprocessing: Catalog statistics: {'tau_unfiltered': 0.15339908988298961, 'tau_q025': 0.08114294020924717, 'tau_q05': 0.5134664350189269, 'tau_mean': 1.3070542199341526, 'tau_max': 25.18216435192153, 'tau_min': 0.0, 'time_max': 18770.72654999979, 'time_mean': 10030.9430649837, 'mag_completeness': 3.0, 'mag_mean': 3.456916005014626, 'mag_max': 8.0, 'mag_min': 3.0, 'b_value': 0.856738547623331, 'b_std': 0.0071499224812533796, 'b_n': 14358}
2026-05-21 16:34:10,565 INFO src.data.event_loader: lengths of samples: min=32, max=981, avg=135.51
2026-05-21 16:34:10,565 INFO src.data.event_loader: Number of positive samples: 780
2026-05-21 16:34:10,566 INFO src.data.event_loader: Number of negative samples: 683
2026-05-21 16:34:10,566 INFO src.data.event_loader: Positive samples: 594, Negative samples: 576
2026-05-21 16:34:10,567 INFO src.data.event_loader: Total samples: 1170, Positive ratio: 0.51, Negative ratio: 0.49
2026-05-21 16:34:10,567 INFO src.data.event_loader: Positive samples: 107, Negative samples: 39
2026-05-21 16:34:10,567 INFO src.data.event_loader: Total samples: 146, Positive ratio: 0.73, Negative ratio: 0.27
2026-05-21 16:34:10,567 INFO src.data.event_loader: Positive samples: 79, Negative samples: 68
2026-05-21 16:34:10,567 INFO src.data.event_loader: Total samples: 147, Positive ratio: 0.54, Negative ratio: 0.46
2026-05-21 16:34:11,040 INFO src.models.adapters.mixer_task: using time scale base 1.3070542199341526 (key: tau_mean)
2026-05-21 16:34:11,041 INFO src.models.adapters.mixer_task: tau mean: tensor(1.3071)
2026-05-21 16:34:11,063 INFO src.train.config_setup: Restoring model from checkpoint.
2026-05-21 16:34:11,064 INFO src.train.config_setup: Loading model weights: load_specific_parts=None
2026-05-21 16:34:11,066 INFO src.train.config_setup: Checkpoint loaded: <All keys matched successfully>
2026-05-21 16:34:11,066 INFO src.train.config_setup: Full load summary: loaded=56, missing=0, unexpected=0
2026-05-21 16:34:11,067 INFO src.train.config_setup: Checkpoint hyperparameters loaded.
2026-05-21 16:34:11,067 INFO src.train.config_setup: Checkpoint train metrics available.
2026-05-21 16:34:11,067 INFO src.train.config_setup: Checkpoint val metrics available.
2026-05-21 16:34:11,067 INFO src.train.config_setup: Freeze skipped (checkpoint_restore): freeze_parts is empty.
2026-05-21 16:34:11,067 INFO src.train.config_setup: Using classification criterion: focal
2026-05-21 16:34:11,067 INFO src.train.config_setup: Criterion config: {'alpha': 0.5, 'gamma': 2.0}
2026-05-21 16:34:11,068 INFO src.train.config_setup: Not resuming optimizer/scheduler state; reset training state to start_epoch=0, best_val_loss=inf.
2026-05-21 16:34:11,068 INFO src.cli.common: Using threshold 0.4616028964519501 from checkpoint val_metrics for testing.
2026-05-21 16:34:15,869 INFO src.utils.metrics: ROC curve saved to /root/autodl-tmp/em_eqf/experiments/clf_pre_v1/clf_pre_SCEDC_v1/runs/tf_10_mf_4p0_seed_1/roc_curve.png
2026-05-21 16:34:15,995 INFO src.utils.metrics: PR curve saved to /root/autodl-tmp/em_eqf/experiments/clf_pre_v1/clf_pre_SCEDC_v1/runs/tf_10_mf_4p0_seed_1/pr_curve.png
2026-05-21 16:34:16,060 INFO src.utils.metrics: Confusion matrix saved to /root/autodl-tmp/em_eqf/experiments/clf_pre_v1/clf_pre_SCEDC_v1/runs/tf_10_mf_4p0_seed_1/confusion_matrix.png
2026-05-21 16:34:16,060 INFO src.cli.workflows: Test loss: 0.06420803815126419
2026-05-21 16:34:17,401 INFO src.train.classifier_train_step: Prediction distribution plot has been saved to: /root/autodl-tmp/em_eqf/experiments/clf_pre_v1/clf_pre_SCEDC_v1/runs/tf_10_mf_4p0_seed_1/train_pred_distribution.png
2026-05-21 16:34:17,824 INFO src.train.classifier_train_step: Prediction distribution plot has been saved to: /root/autodl-tmp/em_eqf/experiments/clf_pre_v1/clf_pre_SCEDC_v1/runs/tf_10_mf_4p0_seed_1/val_pred_distribution.png
2026-05-21 16:34:18,239 INFO src.train.classifier_train_step: Prediction distribution plot has been saved to: /root/autodl-tmp/em_eqf/experiments/clf_pre_v1/clf_pre_SCEDC_v1/runs/tf_10_mf_4p0_seed_1/test_pred_distribution.png
2026-05-21 16:34:18,239 INFO src.cli.common: Saved test metrics to /root/autodl-tmp/em_eqf/experiments/clf_pre_v1/clf_pre_SCEDC_v1/runs/tf_10_mf_4p0_seed_1/metrics_test_best_1.json
2026-05-21 16:34:18,239 INFO src.cli.common: Metrics: {'precision': 0.5932203389830508, 'recall': 0.8860759493670886, 'f1': 0.7106598984771574, 'auc': 0.7900223380491438, 'pr_auc': 0.8564734161333616, 'fpr': 0.7058823529411765, 'tpr': 0.8860759493670886, 'R': 0.18019359642591204, 'conf': 0.005796893667598245, 'threshold': 0.4616028964519501}
