2026-05-21 16:31:36,231 INFO src.data.preprocessing: CSV files found: ['chuandian_2021.csv']
2026-05-21 16:31:36,819 INFO src.utils.file_utils: Loading cached data from: data/ChuanDian/classifier/classifier_Mc_3_Mf_4.0_Tfore_10_Twindow_180_context_len_1_dt_10.pkl
2026-05-21 16:31:37,072 INFO src.data.preprocessing: Catalog statistics: {'tau_unfiltered': 0.15339908988298961, 'tau_q025': 0.08114294020924717, 'tau_q05': 0.5134664350189269, 'tau_mean': 1.3070542199341526, 'tau_max': 25.18216435192153, 'tau_min': 0.0, 'time_max': 18770.72654999979, 'time_mean': 10030.9430649837, 'mag_completeness': 3.0, 'mag_mean': 3.456916005014626, 'mag_max': 8.0, 'mag_min': 3.0, 'b_value': 0.856738547623331, 'b_std': 0.0071499224812533796, 'b_n': 14358}
2026-05-21 16:31:37,086 INFO src.data.event_loader: lengths of samples: min=32, max=981, avg=135.51
2026-05-21 16:31:37,087 INFO src.data.event_loader: Number of positive samples: 780
2026-05-21 16:31:37,087 INFO src.data.event_loader: Number of negative samples: 683
2026-05-21 16:31:37,111 INFO src.data.event_loader: Positive samples: 594, Negative samples: 576
2026-05-21 16:31:37,111 INFO src.data.event_loader: Total samples: 1170, Positive ratio: 0.51, Negative ratio: 0.49
2026-05-21 16:31:37,112 INFO src.data.event_loader: Positive samples: 107, Negative samples: 39
2026-05-21 16:31:37,112 INFO src.data.event_loader: Total samples: 146, Positive ratio: 0.73, Negative ratio: 0.27
2026-05-21 16:31:37,112 INFO src.data.event_loader: Positive samples: 79, Negative samples: 68
2026-05-21 16:31:37,112 INFO src.data.event_loader: Total samples: 147, Positive ratio: 0.54, Negative ratio: 0.46
2026-05-21 16:31:37,152 INFO src.cli.workflows: Loading checkpoint from: ./checkpoints/mixer_tpp_20260514-211059/last_model_1.pth
2026-05-21 16:31:37,610 INFO src.models.adapters.mixer_task: using time scale base 1.3070542199341526 (key: tau_mean)
2026-05-21 16:31:37,610 INFO src.models.adapters.mixer_task: tau mean: tensor(1.3071)
2026-05-21 16:31:37,615 INFO src.train.config_setup: Restoring model from checkpoint.
2026-05-21 16:31:37,615 INFO src.train.config_setup: Loading model weights: load_specific_parts=['encoder']
2026-05-21 16:31:37,616 INFO src.train.config_setup: Selective load summary: requested_parts=['encoder'], target_in_model=40, matched_in_checkpoint=30, loaded=30, missing_after_load=10, shape_mismatch=0, missing_in_model=0, out_of_scope_loaded=0
2026-05-21 16:31:37,616 INFO src.train.config_setup: Selective load coverage [encoder]: target=40, hit=30, missing=10, complete=False
2026-05-21 16:31:37,616 WARNING src.train.config_setup: Selective load coverage missing preview [encoder]: ['base_model.encoder.layers.2.mixer.in_proj.bias', 'base_model.encoder.layers.2.mixer.in_proj.weight', 'base_model.encoder.layers.2.mixer.out_proj.bias', 'base_model.encoder.layers.2.mixer.out_proj.weight', 'base_model.encoder.layers.2.mlp.fc1.weight', 'base_model.encoder.layers.2.mlp.fc2.weight', 'base_model.encoder.layers.2.norm.bias', 'base_model.encoder.layers.2.norm.weight'] ... (+2 more)
2026-05-21 16:31:37,616 WARNING src.train.config_setup: Checkpoint missing target parameter preview: ['base_model.encoder.layers.2.mixer.in_proj.bias', 'base_model.encoder.layers.2.mixer.in_proj.weight', 'base_model.encoder.layers.2.mixer.out_proj.bias', 'base_model.encoder.layers.2.mixer.out_proj.weight', 'base_model.encoder.layers.2.mlp.fc1.weight', 'base_model.encoder.layers.2.mlp.fc2.weight', 'base_model.encoder.layers.2.norm.bias', 'base_model.encoder.layers.2.norm.weight', 'base_model.encoder.layers.2.norm2.bias', 'base_model.encoder.layers.2.norm2.weight']
2026-05-21 16:31:37,616 WARNING src.train.config_setup: Target not-loaded parameter preview: ['base_model.encoder.layers.2.mixer.in_proj.bias', 'base_model.encoder.layers.2.mixer.in_proj.weight', 'base_model.encoder.layers.2.mixer.out_proj.bias', 'base_model.encoder.layers.2.mixer.out_proj.weight', 'base_model.encoder.layers.2.mlp.fc1.weight', 'base_model.encoder.layers.2.mlp.fc2.weight', 'base_model.encoder.layers.2.norm.bias', 'base_model.encoder.layers.2.norm.weight', 'base_model.encoder.layers.2.norm2.bias', 'base_model.encoder.layers.2.norm2.weight']
2026-05-21 16:31:37,616 INFO src.train.config_setup: Loaded parameter preview: ['base_model.encoder.layers.0.norm2.bias', 'base_model.encoder.layers.0.norm2.weight', 'base_model.encoder.layers.1.mixer.D', 'base_model.encoder.layers.0.mixer.D', 'base_model.encoder.layers.0.mlp.fc1.weight', 'base_model.encoder.layers.1.mixer.out_proj.weight', 'base_model.encoder.layers.1.norm2.weight', 'base_model.encoder.layers.0.norm.bias', 'base_model.encoder.norm_f.weight', 'base_model.encoder.layers.0.mlp.fc2.weight'] ... (+20 more)
2026-05-21 16:31:37,617 INFO src.train.config_setup: Checkpoint hyperparameters loaded.
2026-05-21 16:31:37,618 INFO src.train.config_setup: Checkpoint train metrics available.
2026-05-21 16:31:37,618 INFO src.train.config_setup: Checkpoint val metrics available.
2026-05-21 16:31:37,618 INFO src.train.config_setup: Freeze skipped (checkpoint_restore): freeze_parts is empty.
2026-05-21 16:31:37,618 INFO src.train.config_setup: Using classification criterion: focal
2026-05-21 16:31:37,618 INFO src.train.config_setup: Criterion config: {'alpha': 0.5, 'gamma': 2.0}
2026-05-21 16:31:37,619 INFO src.train.config_setup: Not resuming optimizer/scheduler state; reset training state to start_epoch=0, best_val_loss=inf.
2026-05-21 16:31:37,619 INFO src.train.trainer: Epoch 1
2026-05-21 16:31:58,377 INFO src.train.trainer: New best validation loss: 0.0973, saved to /root/autodl-tmp/em_eqf/experiments/clf_pre_v1/clf_pre_SCEDC_v1/runs/tf_10_mf_4p0_seed_4/best_model_1.pth
2026-05-21 16:31:58,405 INFO src.train.trainer: Last model at epoch 1 saved to /root/autodl-tmp/em_eqf/experiments/clf_pre_v1/clf_pre_SCEDC_v1/runs/tf_10_mf_4p0_seed_4/last_model_1.pth
2026-05-21 16:31:58,405 INFO src.train.trainer: Epoch 2
2026-05-21 16:32:02,127 INFO src.train.trainer: Last model at epoch 2 saved to /root/autodl-tmp/em_eqf/experiments/clf_pre_v1/clf_pre_SCEDC_v1/runs/tf_10_mf_4p0_seed_4/last_model_1.pth
2026-05-21 16:32:02,127 INFO src.train.trainer: Epoch 3
2026-05-21 16:32:06,220 INFO src.train.trainer: New best validation loss: 0.0763, saved to /root/autodl-tmp/em_eqf/experiments/clf_pre_v1/clf_pre_SCEDC_v1/runs/tf_10_mf_4p0_seed_4/best_model_1.pth
2026-05-21 16:32:06,228 INFO src.train.trainer: Last model at epoch 3 saved to /root/autodl-tmp/em_eqf/experiments/clf_pre_v1/clf_pre_SCEDC_v1/runs/tf_10_mf_4p0_seed_4/last_model_1.pth
2026-05-21 16:32:06,228 INFO src.train.trainer: Epoch 4
2026-05-21 16:32:10,070 INFO src.train.trainer: Last model at epoch 4 saved to /root/autodl-tmp/em_eqf/experiments/clf_pre_v1/clf_pre_SCEDC_v1/runs/tf_10_mf_4p0_seed_4/last_model_1.pth
2026-05-21 16:32:10,070 INFO src.train.trainer: Epoch 5
2026-05-21 16:32:13,618 INFO src.train.trainer: Last model at epoch 5 saved to /root/autodl-tmp/em_eqf/experiments/clf_pre_v1/clf_pre_SCEDC_v1/runs/tf_10_mf_4p0_seed_4/last_model_1.pth
2026-05-21 16:32:13,618 INFO src.train.trainer: Epoch 6
2026-05-21 16:32:17,012 INFO src.train.trainer: Last model at epoch 6 saved to /root/autodl-tmp/em_eqf/experiments/clf_pre_v1/clf_pre_SCEDC_v1/runs/tf_10_mf_4p0_seed_4/last_model_1.pth
2026-05-21 16:32:17,012 INFO src.train.trainer: Epoch 7
2026-05-21 16:32:20,155 INFO src.train.trainer: New best validation loss: 0.0753, saved to /root/autodl-tmp/em_eqf/experiments/clf_pre_v1/clf_pre_SCEDC_v1/runs/tf_10_mf_4p0_seed_4/best_model_1.pth
2026-05-21 16:32:20,162 INFO src.train.trainer: Last model at epoch 7 saved to /root/autodl-tmp/em_eqf/experiments/clf_pre_v1/clf_pre_SCEDC_v1/runs/tf_10_mf_4p0_seed_4/last_model_1.pth
2026-05-21 16:32:20,162 INFO src.train.trainer: Epoch 8
2026-05-21 16:32:23,266 INFO src.train.trainer: Last model at epoch 8 saved to /root/autodl-tmp/em_eqf/experiments/clf_pre_v1/clf_pre_SCEDC_v1/runs/tf_10_mf_4p0_seed_4/last_model_1.pth
2026-05-21 16:32:23,266 INFO src.train.trainer: Epoch 9
2026-05-21 16:32:26,763 INFO src.train.trainer: Last model at epoch 9 saved to /root/autodl-tmp/em_eqf/experiments/clf_pre_v1/clf_pre_SCEDC_v1/runs/tf_10_mf_4p0_seed_4/last_model_1.pth
2026-05-21 16:32:26,763 INFO src.train.trainer: Epoch 10
2026-05-21 16:32:29,909 INFO src.train.trainer: Last model at epoch 10 saved to /root/autodl-tmp/em_eqf/experiments/clf_pre_v1/clf_pre_SCEDC_v1/runs/tf_10_mf_4p0_seed_4/last_model_1.pth
2026-05-21 16:32:29,909 INFO src.train.trainer: Epoch 11
2026-05-21 16:32:33,018 INFO src.train.trainer: Last model at epoch 11 saved to /root/autodl-tmp/em_eqf/experiments/clf_pre_v1/clf_pre_SCEDC_v1/runs/tf_10_mf_4p0_seed_4/last_model_1.pth
2026-05-21 16:32:33,019 INFO src.train.trainer: Epoch 12
2026-05-21 16:32:35,981 INFO src.train.trainer: Last model at epoch 12 saved to /root/autodl-tmp/em_eqf/experiments/clf_pre_v1/clf_pre_SCEDC_v1/runs/tf_10_mf_4p0_seed_4/last_model_1.pth
2026-05-21 16:32:35,981 INFO src.train.trainer: Epoch 13
2026-05-21 16:32:38,917 INFO src.train.trainer: Last model at epoch 13 saved to /root/autodl-tmp/em_eqf/experiments/clf_pre_v1/clf_pre_SCEDC_v1/runs/tf_10_mf_4p0_seed_4/last_model_1.pth
2026-05-21 16:32:38,917 INFO src.train.trainer: Epoch 14
2026-05-21 16:32:41,855 INFO src.train.trainer: Last model at epoch 14 saved to /root/autodl-tmp/em_eqf/experiments/clf_pre_v1/clf_pre_SCEDC_v1/runs/tf_10_mf_4p0_seed_4/last_model_1.pth
2026-05-21 16:32:41,855 INFO src.train.trainer: Epoch 15
2026-05-21 16:32:44,631 INFO src.train.trainer: New best validation loss: 0.0631, saved to /root/autodl-tmp/em_eqf/experiments/clf_pre_v1/clf_pre_SCEDC_v1/runs/tf_10_mf_4p0_seed_4/best_model_1.pth
2026-05-21 16:32:44,638 INFO src.train.trainer: Last model at epoch 15 saved to /root/autodl-tmp/em_eqf/experiments/clf_pre_v1/clf_pre_SCEDC_v1/runs/tf_10_mf_4p0_seed_4/last_model_1.pth
2026-05-21 16:32:44,638 INFO src.train.trainer: Epoch 16
2026-05-21 16:32:47,917 INFO src.train.trainer: New best validation loss: 0.0630, saved to /root/autodl-tmp/em_eqf/experiments/clf_pre_v1/clf_pre_SCEDC_v1/runs/tf_10_mf_4p0_seed_4/best_model_1.pth
2026-05-21 16:32:47,924 INFO src.train.trainer: Last model at epoch 16 saved to /root/autodl-tmp/em_eqf/experiments/clf_pre_v1/clf_pre_SCEDC_v1/runs/tf_10_mf_4p0_seed_4/last_model_1.pth
2026-05-21 16:32:47,925 INFO src.train.trainer: Epoch 17
2026-05-21 16:32:51,188 INFO src.train.trainer: Last model at epoch 17 saved to /root/autodl-tmp/em_eqf/experiments/clf_pre_v1/clf_pre_SCEDC_v1/runs/tf_10_mf_4p0_seed_4/last_model_1.pth
2026-05-21 16:32:51,188 INFO src.train.trainer: Epoch 18
2026-05-21 16:32:53,824 INFO src.train.trainer: Last model at epoch 18 saved to /root/autodl-tmp/em_eqf/experiments/clf_pre_v1/clf_pre_SCEDC_v1/runs/tf_10_mf_4p0_seed_4/last_model_1.pth
2026-05-21 16:32:53,825 INFO src.train.trainer: Epoch 19
2026-05-21 16:32:56,126 INFO src.train.trainer: New best validation loss: 0.0617, saved to /root/autodl-tmp/em_eqf/experiments/clf_pre_v1/clf_pre_SCEDC_v1/runs/tf_10_mf_4p0_seed_4/best_model_1.pth
2026-05-21 16:32:56,133 INFO src.train.trainer: Last model at epoch 19 saved to /root/autodl-tmp/em_eqf/experiments/clf_pre_v1/clf_pre_SCEDC_v1/runs/tf_10_mf_4p0_seed_4/last_model_1.pth
2026-05-21 16:32:56,133 INFO src.train.trainer: Epoch 20
2026-05-21 16:32:58,273 INFO src.train.trainer: Last model at epoch 20 saved to /root/autodl-tmp/em_eqf/experiments/clf_pre_v1/clf_pre_SCEDC_v1/runs/tf_10_mf_4p0_seed_4/last_model_1.pth
2026-05-21 16:32:58,273 INFO src.train.trainer: Epoch 21
2026-05-21 16:33:00,522 INFO src.train.trainer: New best validation loss: 0.0592, saved to /root/autodl-tmp/em_eqf/experiments/clf_pre_v1/clf_pre_SCEDC_v1/runs/tf_10_mf_4p0_seed_4/best_model_1.pth
2026-05-21 16:33:00,530 INFO src.train.trainer: Last model at epoch 21 saved to /root/autodl-tmp/em_eqf/experiments/clf_pre_v1/clf_pre_SCEDC_v1/runs/tf_10_mf_4p0_seed_4/last_model_1.pth
2026-05-21 16:33:00,530 INFO src.train.trainer: Epoch 22
2026-05-21 16:33:03,442 INFO src.train.trainer: Last model at epoch 22 saved to /root/autodl-tmp/em_eqf/experiments/clf_pre_v1/clf_pre_SCEDC_v1/runs/tf_10_mf_4p0_seed_4/last_model_1.pth
2026-05-21 16:33:03,442 INFO src.train.trainer: Epoch 23
2026-05-21 16:33:06,681 INFO src.train.trainer: Last model at epoch 23 saved to /root/autodl-tmp/em_eqf/experiments/clf_pre_v1/clf_pre_SCEDC_v1/runs/tf_10_mf_4p0_seed_4/last_model_1.pth
2026-05-21 16:33:06,682 INFO src.train.trainer: Epoch 24
2026-05-21 16:33:10,179 INFO src.train.trainer: Last model at epoch 24 saved to /root/autodl-tmp/em_eqf/experiments/clf_pre_v1/clf_pre_SCEDC_v1/runs/tf_10_mf_4p0_seed_4/last_model_1.pth
2026-05-21 16:33:10,179 INFO src.train.trainer: Epoch 25
2026-05-21 16:33:13,309 INFO src.train.trainer: Last model at epoch 25 saved to /root/autodl-tmp/em_eqf/experiments/clf_pre_v1/clf_pre_SCEDC_v1/runs/tf_10_mf_4p0_seed_4/last_model_1.pth
2026-05-21 16:33:13,310 INFO src.train.trainer: Epoch 26
2026-05-21 16:33:16,138 INFO src.train.trainer: Last model at epoch 26 saved to /root/autodl-tmp/em_eqf/experiments/clf_pre_v1/clf_pre_SCEDC_v1/runs/tf_10_mf_4p0_seed_4/last_model_1.pth
2026-05-21 16:33:16,138 INFO src.train.trainer: Epoch 27
2026-05-21 16:33:18,756 INFO src.train.trainer: New best validation loss: 0.0552, saved to /root/autodl-tmp/em_eqf/experiments/clf_pre_v1/clf_pre_SCEDC_v1/runs/tf_10_mf_4p0_seed_4/best_model_1.pth
2026-05-21 16:33:18,765 INFO src.train.trainer: Last model at epoch 27 saved to /root/autodl-tmp/em_eqf/experiments/clf_pre_v1/clf_pre_SCEDC_v1/runs/tf_10_mf_4p0_seed_4/last_model_1.pth
2026-05-21 16:33:18,765 INFO src.train.trainer: Epoch 28
2026-05-21 16:33:22,306 INFO src.train.trainer: Last model at epoch 28 saved to /root/autodl-tmp/em_eqf/experiments/clf_pre_v1/clf_pre_SCEDC_v1/runs/tf_10_mf_4p0_seed_4/last_model_1.pth
2026-05-21 16:33:22,306 INFO src.train.trainer: Epoch 29
2026-05-21 16:33:25,428 INFO src.train.trainer: Last model at epoch 29 saved to /root/autodl-tmp/em_eqf/experiments/clf_pre_v1/clf_pre_SCEDC_v1/runs/tf_10_mf_4p0_seed_4/last_model_1.pth
2026-05-21 16:33:25,429 INFO src.train.trainer: Epoch 30
2026-05-21 16:33:29,163 INFO src.train.trainer: Last model at epoch 30 saved to /root/autodl-tmp/em_eqf/experiments/clf_pre_v1/clf_pre_SCEDC_v1/runs/tf_10_mf_4p0_seed_4/last_model_1.pth
2026-05-21 16:33:29,163 INFO src.train.trainer: Epoch 31
2026-05-21 16:33:32,791 INFO src.train.trainer: Last model at epoch 31 saved to /root/autodl-tmp/em_eqf/experiments/clf_pre_v1/clf_pre_SCEDC_v1/runs/tf_10_mf_4p0_seed_4/last_model_1.pth
2026-05-21 16:33:32,791 INFO src.train.trainer: Epoch 32
2026-05-21 16:33:36,354 INFO src.train.trainer: Last model at epoch 32 saved to /root/autodl-tmp/em_eqf/experiments/clf_pre_v1/clf_pre_SCEDC_v1/runs/tf_10_mf_4p0_seed_4/last_model_1.pth
2026-05-21 16:33:36,354 INFO src.train.trainer: Epoch 33
2026-05-21 16:33:39,617 INFO src.train.trainer: Last model at epoch 33 saved to /root/autodl-tmp/em_eqf/experiments/clf_pre_v1/clf_pre_SCEDC_v1/runs/tf_10_mf_4p0_seed_4/last_model_1.pth
2026-05-21 16:33:39,617 INFO src.train.trainer: Epoch 34
2026-05-21 16:33:42,633 INFO src.train.trainer: New best validation loss: 0.0530, saved to /root/autodl-tmp/em_eqf/experiments/clf_pre_v1/clf_pre_SCEDC_v1/runs/tf_10_mf_4p0_seed_4/best_model_1.pth
2026-05-21 16:33:42,639 INFO src.train.trainer: Last model at epoch 34 saved to /root/autodl-tmp/em_eqf/experiments/clf_pre_v1/clf_pre_SCEDC_v1/runs/tf_10_mf_4p0_seed_4/last_model_1.pth
2026-05-21 16:33:42,639 INFO src.train.trainer: Epoch 35
2026-05-21 16:33:45,577 INFO src.train.trainer: Last model at epoch 35 saved to /root/autodl-tmp/em_eqf/experiments/clf_pre_v1/clf_pre_SCEDC_v1/runs/tf_10_mf_4p0_seed_4/last_model_1.pth
2026-05-21 16:33:45,577 INFO src.train.trainer: Epoch 36
2026-05-21 16:33:48,614 INFO src.train.trainer: Last model at epoch 36 saved to /root/autodl-tmp/em_eqf/experiments/clf_pre_v1/clf_pre_SCEDC_v1/runs/tf_10_mf_4p0_seed_4/last_model_1.pth
2026-05-21 16:33:48,614 INFO src.train.trainer: Epoch 37
2026-05-21 16:33:51,890 INFO src.train.trainer: New best validation loss: 0.0527, saved to /root/autodl-tmp/em_eqf/experiments/clf_pre_v1/clf_pre_SCEDC_v1/runs/tf_10_mf_4p0_seed_4/best_model_1.pth
2026-05-21 16:33:51,905 INFO src.train.trainer: Last model at epoch 37 saved to /root/autodl-tmp/em_eqf/experiments/clf_pre_v1/clf_pre_SCEDC_v1/runs/tf_10_mf_4p0_seed_4/last_model_1.pth
2026-05-21 16:33:51,905 INFO src.train.trainer: Epoch 38
2026-05-21 16:33:55,039 INFO src.train.trainer: Last model at epoch 38 saved to /root/autodl-tmp/em_eqf/experiments/clf_pre_v1/clf_pre_SCEDC_v1/runs/tf_10_mf_4p0_seed_4/last_model_1.pth
2026-05-21 16:33:55,039 INFO src.train.trainer: Epoch 39
2026-05-21 16:33:58,203 INFO src.train.trainer: Last model at epoch 39 saved to /root/autodl-tmp/em_eqf/experiments/clf_pre_v1/clf_pre_SCEDC_v1/runs/tf_10_mf_4p0_seed_4/last_model_1.pth
2026-05-21 16:33:58,203 INFO src.train.trainer: Epoch 40
2026-05-21 16:34:00,984 INFO src.train.trainer: Last model at epoch 40 saved to /root/autodl-tmp/em_eqf/experiments/clf_pre_v1/clf_pre_SCEDC_v1/runs/tf_10_mf_4p0_seed_4/last_model_1.pth
2026-05-21 16:34:00,984 INFO src.train.trainer: Epoch 41
2026-05-21 16:34:03,687 INFO src.train.trainer: Last model at epoch 41 saved to /root/autodl-tmp/em_eqf/experiments/clf_pre_v1/clf_pre_SCEDC_v1/runs/tf_10_mf_4p0_seed_4/last_model_1.pth
2026-05-21 16:34:03,687 INFO src.train.trainer: Epoch 42
2026-05-21 16:34:06,107 INFO src.train.trainer: Last model at epoch 42 saved to /root/autodl-tmp/em_eqf/experiments/clf_pre_v1/clf_pre_SCEDC_v1/runs/tf_10_mf_4p0_seed_4/last_model_1.pth
2026-05-21 16:34:06,107 INFO src.train.trainer: Epoch 43
2026-05-21 16:34:08,401 INFO src.train.trainer: Last model at epoch 43 saved to /root/autodl-tmp/em_eqf/experiments/clf_pre_v1/clf_pre_SCEDC_v1/runs/tf_10_mf_4p0_seed_4/last_model_1.pth
2026-05-21 16:34:08,401 INFO src.train.trainer: Epoch 44
2026-05-21 16:34:10,625 INFO src.train.trainer: New best validation loss: 0.0505, saved to /root/autodl-tmp/em_eqf/experiments/clf_pre_v1/clf_pre_SCEDC_v1/runs/tf_10_mf_4p0_seed_4/best_model_1.pth
2026-05-21 16:34:10,631 INFO src.train.trainer: Last model at epoch 44 saved to /root/autodl-tmp/em_eqf/experiments/clf_pre_v1/clf_pre_SCEDC_v1/runs/tf_10_mf_4p0_seed_4/last_model_1.pth
2026-05-21 16:34:10,632 INFO src.train.trainer: Epoch 45
2026-05-21 16:34:12,950 INFO src.train.trainer: Last model at epoch 45 saved to /root/autodl-tmp/em_eqf/experiments/clf_pre_v1/clf_pre_SCEDC_v1/runs/tf_10_mf_4p0_seed_4/last_model_1.pth
2026-05-21 16:34:12,950 INFO src.train.trainer: Epoch 46
2026-05-21 16:34:15,916 INFO src.train.trainer: Last model at epoch 46 saved to /root/autodl-tmp/em_eqf/experiments/clf_pre_v1/clf_pre_SCEDC_v1/runs/tf_10_mf_4p0_seed_4/last_model_1.pth
2026-05-21 16:34:15,916 INFO src.train.trainer: Epoch 47
2026-05-21 16:34:18,947 INFO src.train.trainer: Last model at epoch 47 saved to /root/autodl-tmp/em_eqf/experiments/clf_pre_v1/clf_pre_SCEDC_v1/runs/tf_10_mf_4p0_seed_4/last_model_1.pth
2026-05-21 16:34:18,948 INFO src.train.trainer: Epoch 48
2026-05-21 16:34:22,019 INFO src.train.trainer: Last model at epoch 48 saved to /root/autodl-tmp/em_eqf/experiments/clf_pre_v1/clf_pre_SCEDC_v1/runs/tf_10_mf_4p0_seed_4/last_model_1.pth
2026-05-21 16:34:22,019 INFO src.train.trainer: Epoch 49
2026-05-21 16:34:24,859 INFO src.train.trainer: Last model at epoch 49 saved to /root/autodl-tmp/em_eqf/experiments/clf_pre_v1/clf_pre_SCEDC_v1/runs/tf_10_mf_4p0_seed_4/last_model_1.pth
2026-05-21 16:34:24,859 INFO src.train.trainer: Epoch 50
2026-05-21 16:34:27,117 INFO src.train.trainer: New best validation loss: 0.0485, saved to /root/autodl-tmp/em_eqf/experiments/clf_pre_v1/clf_pre_SCEDC_v1/runs/tf_10_mf_4p0_seed_4/best_model_1.pth
2026-05-21 16:34:27,123 INFO src.train.trainer: Last model at epoch 50 saved to /root/autodl-tmp/em_eqf/experiments/clf_pre_v1/clf_pre_SCEDC_v1/runs/tf_10_mf_4p0_seed_4/last_model_1.pth
2026-05-21 16:34:27,123 INFO src.train.trainer: Epoch 51
2026-05-21 16:34:29,330 INFO src.train.trainer: Last model at epoch 51 saved to /root/autodl-tmp/em_eqf/experiments/clf_pre_v1/clf_pre_SCEDC_v1/runs/tf_10_mf_4p0_seed_4/last_model_1.pth
2026-05-21 16:34:29,331 INFO src.train.trainer: Epoch 52
2026-05-21 16:34:31,851 INFO src.train.trainer: Last model at epoch 52 saved to /root/autodl-tmp/em_eqf/experiments/clf_pre_v1/clf_pre_SCEDC_v1/runs/tf_10_mf_4p0_seed_4/last_model_1.pth
2026-05-21 16:34:31,851 INFO src.train.trainer: Epoch 53
2026-05-21 16:34:34,605 INFO src.train.trainer: Last model at epoch 53 saved to /root/autodl-tmp/em_eqf/experiments/clf_pre_v1/clf_pre_SCEDC_v1/runs/tf_10_mf_4p0_seed_4/last_model_1.pth
2026-05-21 16:34:34,605 INFO src.train.trainer: Epoch 54
2026-05-21 16:34:37,859 INFO src.train.trainer: Last model at epoch 54 saved to /root/autodl-tmp/em_eqf/experiments/clf_pre_v1/clf_pre_SCEDC_v1/runs/tf_10_mf_4p0_seed_4/last_model_1.pth
2026-05-21 16:34:37,859 INFO src.train.trainer: Epoch 55
2026-05-21 16:34:41,469 INFO src.train.trainer: Last model at epoch 55 saved to /root/autodl-tmp/em_eqf/experiments/clf_pre_v1/clf_pre_SCEDC_v1/runs/tf_10_mf_4p0_seed_4/last_model_1.pth
2026-05-21 16:34:41,469 INFO src.train.trainer: Epoch 56
2026-05-21 16:34:45,018 INFO src.train.trainer: Last model at epoch 56 saved to /root/autodl-tmp/em_eqf/experiments/clf_pre_v1/clf_pre_SCEDC_v1/runs/tf_10_mf_4p0_seed_4/last_model_1.pth
2026-05-21 16:34:45,018 INFO src.train.trainer: Epoch 57
2026-05-21 16:34:48,123 INFO src.train.trainer: Last model at epoch 57 saved to /root/autodl-tmp/em_eqf/experiments/clf_pre_v1/clf_pre_SCEDC_v1/runs/tf_10_mf_4p0_seed_4/last_model_1.pth
2026-05-21 16:34:48,123 INFO src.train.trainer: Epoch 58
2026-05-21 16:34:50,586 INFO src.train.trainer: Last model at epoch 58 saved to /root/autodl-tmp/em_eqf/experiments/clf_pre_v1/clf_pre_SCEDC_v1/runs/tf_10_mf_4p0_seed_4/last_model_1.pth
2026-05-21 16:34:50,586 INFO src.train.trainer: Epoch 59
2026-05-21 16:34:53,106 INFO src.train.trainer: Last model at epoch 59 saved to /root/autodl-tmp/em_eqf/experiments/clf_pre_v1/clf_pre_SCEDC_v1/runs/tf_10_mf_4p0_seed_4/last_model_1.pth
2026-05-21 16:34:53,106 INFO src.train.trainer: Epoch 60
2026-05-21 16:34:55,429 INFO src.train.trainer: Last model at epoch 60 saved to /root/autodl-tmp/em_eqf/experiments/clf_pre_v1/clf_pre_SCEDC_v1/runs/tf_10_mf_4p0_seed_4/last_model_1.pth
2026-05-21 16:34:55,429 INFO src.train.trainer: Early stopping triggered at epoch 60 (best epoch: 50, best val loss: 0.048498)
2026-05-21 16:35:05,110 INFO src.data.preprocessing: CSV files found: ['chuandian_2021.csv']
2026-05-21 16:35:05,719 INFO src.utils.file_utils: Loading cached data from: data/ChuanDian/classifier/classifier_Mc_3_Mf_4.0_Tfore_10_Twindow_180_context_len_1_dt_10.pkl
2026-05-21 16:35:06,025 INFO src.data.preprocessing: Catalog statistics: {'tau_unfiltered': 0.15339908988298961, 'tau_q025': 0.08114294020924717, 'tau_q05': 0.5134664350189269, 'tau_mean': 1.3070542199341526, 'tau_max': 25.18216435192153, 'tau_min': 0.0, 'time_max': 18770.72654999979, 'time_mean': 10030.9430649837, 'mag_completeness': 3.0, 'mag_mean': 3.456916005014626, 'mag_max': 8.0, 'mag_min': 3.0, 'b_value': 0.856738547623331, 'b_std': 0.0071499224812533796, 'b_n': 14358}
2026-05-21 16:35:06,041 INFO src.data.event_loader: lengths of samples: min=32, max=981, avg=135.51
2026-05-21 16:35:06,041 INFO src.data.event_loader: Number of positive samples: 780
2026-05-21 16:35:06,041 INFO src.data.event_loader: Number of negative samples: 683
2026-05-21 16:35:06,042 INFO src.data.event_loader: Positive samples: 594, Negative samples: 576
2026-05-21 16:35:06,042 INFO src.data.event_loader: Total samples: 1170, Positive ratio: 0.51, Negative ratio: 0.49
2026-05-21 16:35:06,043 INFO src.data.event_loader: Positive samples: 107, Negative samples: 39
2026-05-21 16:35:06,043 INFO src.data.event_loader: Total samples: 146, Positive ratio: 0.73, Negative ratio: 0.27
2026-05-21 16:35:06,043 INFO src.data.event_loader: Positive samples: 79, Negative samples: 68
2026-05-21 16:35:06,043 INFO src.data.event_loader: Total samples: 147, Positive ratio: 0.54, Negative ratio: 0.46
2026-05-21 16:35:06,438 INFO src.models.adapters.mixer_task: using time scale base 1.3070542199341526 (key: tau_mean)
2026-05-21 16:35:06,439 INFO src.models.adapters.mixer_task: tau mean: tensor(1.3071)
2026-05-21 16:35:06,491 INFO src.train.config_setup: Restoring model from checkpoint.
2026-05-21 16:35:06,492 INFO src.train.config_setup: Loading model weights: load_specific_parts=None
2026-05-21 16:35:06,494 INFO src.train.config_setup: Checkpoint loaded: <All keys matched successfully>
2026-05-21 16:35:06,494 INFO src.train.config_setup: Full load summary: loaded=56, missing=0, unexpected=0
2026-05-21 16:35:06,495 INFO src.train.config_setup: Checkpoint hyperparameters loaded.
2026-05-21 16:35:06,495 INFO src.train.config_setup: Checkpoint train metrics available.
2026-05-21 16:35:06,495 INFO src.train.config_setup: Checkpoint val metrics available.
2026-05-21 16:35:06,495 INFO src.train.config_setup: Freeze skipped (checkpoint_restore): freeze_parts is empty.
2026-05-21 16:35:06,495 INFO src.train.config_setup: Using classification criterion: focal
2026-05-21 16:35:06,495 INFO src.train.config_setup: Criterion config: {'alpha': 0.5, 'gamma': 2.0}
2026-05-21 16:35:06,497 INFO src.train.config_setup: Not resuming optimizer/scheduler state; reset training state to start_epoch=0, best_val_loss=inf.
2026-05-21 16:35:06,497 INFO src.cli.common: Using threshold 0.41774672269821167 from checkpoint val_metrics for testing.
2026-05-21 16:35:11,608 INFO src.utils.metrics: ROC curve saved to /root/autodl-tmp/em_eqf/experiments/clf_pre_v1/clf_pre_SCEDC_v1/runs/tf_10_mf_4p0_seed_4/roc_curve.png
2026-05-21 16:35:11,716 INFO src.utils.metrics: PR curve saved to /root/autodl-tmp/em_eqf/experiments/clf_pre_v1/clf_pre_SCEDC_v1/runs/tf_10_mf_4p0_seed_4/pr_curve.png
2026-05-21 16:35:11,835 INFO src.utils.metrics: Confusion matrix saved to /root/autodl-tmp/em_eqf/experiments/clf_pre_v1/clf_pre_SCEDC_v1/runs/tf_10_mf_4p0_seed_4/confusion_matrix.png
2026-05-21 16:35:11,835 INFO src.cli.workflows: Test loss: 0.059205482403437294
2026-05-21 16:35:13,266 INFO src.train.classifier_train_step: Prediction distribution plot has been saved to: /root/autodl-tmp/em_eqf/experiments/clf_pre_v1/clf_pre_SCEDC_v1/runs/tf_10_mf_4p0_seed_4/train_pred_distribution.png
2026-05-21 16:35:13,695 INFO src.train.classifier_train_step: Prediction distribution plot has been saved to: /root/autodl-tmp/em_eqf/experiments/clf_pre_v1/clf_pre_SCEDC_v1/runs/tf_10_mf_4p0_seed_4/val_pred_distribution.png
2026-05-21 16:35:14,161 INFO src.train.classifier_train_step: Prediction distribution plot has been saved to: /root/autodl-tmp/em_eqf/experiments/clf_pre_v1/clf_pre_SCEDC_v1/runs/tf_10_mf_4p0_seed_4/test_pred_distribution.png
2026-05-21 16:35:14,161 INFO src.cli.common: Saved test metrics to /root/autodl-tmp/em_eqf/experiments/clf_pre_v1/clf_pre_SCEDC_v1/runs/tf_10_mf_4p0_seed_4/metrics_test_best_1.json
2026-05-21 16:35:14,161 INFO src.cli.common: Metrics: {'precision': 0.6071428571428571, 'recall': 0.8607594936708861, 'f1': 0.7120418848167539, 'auc': 0.8138495904690991, 'pr_auc': 0.8809909010574231, 'fpr': 0.6470588235294118, 'tpr': 0.8607594936708861, 'R': 0.2137006701414743, 'conf': 0.2645621068278606, 'threshold': 0.41774672269821167}
