2026-05-14 12:01:30,152 INFO src.data.preprocessing: CSV files found: ['chuandian_2021.csv']
2026-05-14 12:01:31,358 INFO src.utils.file_utils: Loading cached data from: data/ChuanDian/classifier/classifier_Mc_3_Mf_4.0_Tfore_10_Twindow_180_context_len_1_dt_10.pkl
2026-05-14 12:01:31,726 INFO src.data.preprocessing: Catalog statistics: {'tau_unfiltered': 0.15339908988298961, 'tau_q025': 0.08114294020924717, 'tau_q05': 0.5134664350189269, 'tau_mean': 1.3070542199341526, 'tau_max': 25.18216435192153, 'tau_min': 0.0, 'time_max': 18770.72654999979, 'time_mean': 10030.9430649837, 'mag_completeness': 3.0, 'mag_mean': 3.456916005014626, 'mag_max': 8.0, 'mag_min': 3.0, 'b_value': 0.856738547623331, 'b_std': 0.0071499224812533796, 'b_n': 14358}
2026-05-14 12:01:31,748 INFO src.data.event_loader: lengths of samples: min=32, max=981, avg=135.51
2026-05-14 12:01:31,749 INFO src.data.event_loader: Number of positive samples: 780
2026-05-14 12:01:31,749 INFO src.data.event_loader: Number of negative samples: 683
2026-05-14 12:01:31,773 INFO src.data.event_loader: Positive samples: 594, Negative samples: 576
2026-05-14 12:01:31,773 INFO src.data.event_loader: Total samples: 1170, Positive ratio: 0.51, Negative ratio: 0.49
2026-05-14 12:01:31,773 INFO src.data.event_loader: Positive samples: 107, Negative samples: 39
2026-05-14 12:01:31,773 INFO src.data.event_loader: Total samples: 146, Positive ratio: 0.73, Negative ratio: 0.27
2026-05-14 12:01:31,774 INFO src.data.event_loader: Positive samples: 79, Negative samples: 68
2026-05-14 12:01:31,774 INFO src.data.event_loader: Total samples: 147, Positive ratio: 0.54, Negative ratio: 0.46
2026-05-14 12:01:31,947 INFO src.cli.workflows: Loading checkpoint from: ./checkpoints/mixer_tpp_20260508-182744/last_model_1.pth
2026-05-14 12:01:32,516 INFO src.models.adapters.mixer_task: using time scale base 1.3070542199341526 (key: tau_mean)
2026-05-14 12:01:32,517 INFO src.models.adapters.mixer_task: tau mean: tensor(1.3071)
2026-05-14 12:01:32,523 INFO src.train.config_setup: Restoring model from checkpoint.
2026-05-14 12:01:32,523 INFO src.train.config_setup: Loading model weights: load_specific_parts=['encoder']
2026-05-14 12:01:32,525 INFO src.train.config_setup: Selective load summary: requested_parts=['encoder'], target_in_model=40, matched_in_checkpoint=30, loaded=30, missing_after_load=10, shape_mismatch=0, missing_in_model=0, out_of_scope_loaded=0
2026-05-14 12:01:32,525 INFO src.train.config_setup: Selective load coverage [encoder]: target=40, hit=30, missing=10, complete=False
2026-05-14 12:01:32,525 WARNING src.train.config_setup: Selective load coverage missing preview [encoder]: ['base_model.encoder.layers.2.mixer.in_proj.bias', 'base_model.encoder.layers.2.mixer.in_proj.weight', 'base_model.encoder.layers.2.mixer.out_proj.bias', 'base_model.encoder.layers.2.mixer.out_proj.weight', 'base_model.encoder.layers.2.mlp.fc1.weight', 'base_model.encoder.layers.2.mlp.fc2.weight', 'base_model.encoder.layers.2.norm.bias', 'base_model.encoder.layers.2.norm.weight'] ... (+2 more)
2026-05-14 12:01:32,525 WARNING src.train.config_setup: Checkpoint missing target parameter preview: ['base_model.encoder.layers.2.mixer.in_proj.bias', 'base_model.encoder.layers.2.mixer.in_proj.weight', 'base_model.encoder.layers.2.mixer.out_proj.bias', 'base_model.encoder.layers.2.mixer.out_proj.weight', 'base_model.encoder.layers.2.mlp.fc1.weight', 'base_model.encoder.layers.2.mlp.fc2.weight', 'base_model.encoder.layers.2.norm.bias', 'base_model.encoder.layers.2.norm.weight', 'base_model.encoder.layers.2.norm2.bias', 'base_model.encoder.layers.2.norm2.weight']
2026-05-14 12:01:32,525 WARNING src.train.config_setup: Target not-loaded parameter preview: ['base_model.encoder.layers.2.mixer.in_proj.bias', 'base_model.encoder.layers.2.mixer.in_proj.weight', 'base_model.encoder.layers.2.mixer.out_proj.bias', 'base_model.encoder.layers.2.mixer.out_proj.weight', 'base_model.encoder.layers.2.mlp.fc1.weight', 'base_model.encoder.layers.2.mlp.fc2.weight', 'base_model.encoder.layers.2.norm.bias', 'base_model.encoder.layers.2.norm.weight', 'base_model.encoder.layers.2.norm2.bias', 'base_model.encoder.layers.2.norm2.weight']
2026-05-14 12:01:32,525 INFO src.train.config_setup: Loaded parameter preview: ['base_model.encoder.layers.0.mlp.fc2.weight', 'base_model.encoder.layers.1.mixer.dt_bias', 'base_model.encoder.layers.1.mlp.fc2.weight', 'base_model.encoder.layers.1.norm.bias', 'base_model.encoder.norm_f.bias', 'base_model.encoder.layers.0.mixer.norm.weight', 'base_model.encoder.layers.1.mixer.D', 'base_model.encoder.layers.0.mixer.A_log', 'base_model.encoder.layers.1.norm.weight', 'base_model.encoder.layers.1.mlp.fc1.weight'] ... (+20 more)
2026-05-14 12:01:32,526 INFO src.train.config_setup: Checkpoint hyperparameters loaded.
2026-05-14 12:01:32,526 INFO src.train.config_setup: Checkpoint train metrics available.
2026-05-14 12:01:32,526 INFO src.train.config_setup: Checkpoint val metrics available.
2026-05-14 12:01:32,526 INFO src.train.config_setup: Freeze skipped (checkpoint_restore): freeze_parts is empty.
2026-05-14 12:01:32,527 INFO src.train.config_setup: Using classification criterion: focal
2026-05-14 12:01:32,527 INFO src.train.config_setup: Criterion config: {'alpha': 0.5, 'gamma': 2.0}
2026-05-14 12:01:32,528 INFO src.train.config_setup: Not resuming optimizer/scheduler state; reset training state to start_epoch=0, best_val_loss=inf.
2026-05-14 12:01:32,528 INFO src.train.trainer: Epoch 1
2026-05-14 12:01:52,515 INFO src.train.trainer: New best validation loss: 0.0857, saved to /root/autodl-tmp/em_eqf/experiments/clf_grid_r_1/runs/tf_10_mf_4p0_seed_2/best_model_1.pth
2026-05-14 12:01:52,524 INFO src.train.trainer: Last model at epoch 1 saved to /root/autodl-tmp/em_eqf/experiments/clf_grid_r_1/runs/tf_10_mf_4p0_seed_2/last_model_1.pth
2026-05-14 12:01:52,524 INFO src.train.trainer: Epoch 2
2026-05-14 12:01:55,733 INFO src.train.trainer: Last model at epoch 2 saved to /root/autodl-tmp/em_eqf/experiments/clf_grid_r_1/runs/tf_10_mf_4p0_seed_2/last_model_1.pth
2026-05-14 12:01:55,734 INFO src.train.trainer: Epoch 3
2026-05-14 12:01:58,975 INFO src.train.trainer: Last model at epoch 3 saved to /root/autodl-tmp/em_eqf/experiments/clf_grid_r_1/runs/tf_10_mf_4p0_seed_2/last_model_1.pth
2026-05-14 12:01:58,975 INFO src.train.trainer: Epoch 4
2026-05-14 12:02:01,980 INFO src.train.trainer: Last model at epoch 4 saved to /root/autodl-tmp/em_eqf/experiments/clf_grid_r_1/runs/tf_10_mf_4p0_seed_2/last_model_1.pth
2026-05-14 12:02:01,980 INFO src.train.trainer: Epoch 5
2026-05-14 12:02:05,233 INFO src.train.trainer: Last model at epoch 5 saved to /root/autodl-tmp/em_eqf/experiments/clf_grid_r_1/runs/tf_10_mf_4p0_seed_2/last_model_1.pth
2026-05-14 12:02:05,233 INFO src.train.trainer: Epoch 6
2026-05-14 12:02:08,728 INFO src.train.trainer: New best validation loss: 0.0785, saved to /root/autodl-tmp/em_eqf/experiments/clf_grid_r_1/runs/tf_10_mf_4p0_seed_2/best_model_1.pth
2026-05-14 12:02:08,737 INFO src.train.trainer: Last model at epoch 6 saved to /root/autodl-tmp/em_eqf/experiments/clf_grid_r_1/runs/tf_10_mf_4p0_seed_2/last_model_1.pth
2026-05-14 12:02:08,737 INFO src.train.trainer: Epoch 7
2026-05-14 12:02:11,997 INFO src.train.trainer: Last model at epoch 7 saved to /root/autodl-tmp/em_eqf/experiments/clf_grid_r_1/runs/tf_10_mf_4p0_seed_2/last_model_1.pth
2026-05-14 12:02:11,998 INFO src.train.trainer: Epoch 8
2026-05-14 12:02:15,022 INFO src.train.trainer: Last model at epoch 8 saved to /root/autodl-tmp/em_eqf/experiments/clf_grid_r_1/runs/tf_10_mf_4p0_seed_2/last_model_1.pth
2026-05-14 12:02:15,023 INFO src.train.trainer: Epoch 9
2026-05-14 12:02:17,818 INFO src.train.trainer: New best validation loss: 0.0741, saved to /root/autodl-tmp/em_eqf/experiments/clf_grid_r_1/runs/tf_10_mf_4p0_seed_2/best_model_1.pth
2026-05-14 12:02:17,830 INFO src.train.trainer: Last model at epoch 9 saved to /root/autodl-tmp/em_eqf/experiments/clf_grid_r_1/runs/tf_10_mf_4p0_seed_2/last_model_1.pth
2026-05-14 12:02:17,830 INFO src.train.trainer: Epoch 10
2026-05-14 12:02:20,884 INFO src.train.trainer: Last model at epoch 10 saved to /root/autodl-tmp/em_eqf/experiments/clf_grid_r_1/runs/tf_10_mf_4p0_seed_2/last_model_1.pth
2026-05-14 12:02:20,885 INFO src.train.trainer: Epoch 11
2026-05-14 12:02:24,086 INFO src.train.trainer: New best validation loss: 0.0733, saved to /root/autodl-tmp/em_eqf/experiments/clf_grid_r_1/runs/tf_10_mf_4p0_seed_2/best_model_1.pth
2026-05-14 12:02:24,097 INFO src.train.trainer: Last model at epoch 11 saved to /root/autodl-tmp/em_eqf/experiments/clf_grid_r_1/runs/tf_10_mf_4p0_seed_2/last_model_1.pth
2026-05-14 12:02:24,097 INFO src.train.trainer: Epoch 12
2026-05-14 12:02:27,062 INFO src.train.trainer: New best validation loss: 0.0730, saved to /root/autodl-tmp/em_eqf/experiments/clf_grid_r_1/runs/tf_10_mf_4p0_seed_2/best_model_1.pth
2026-05-14 12:02:27,072 INFO src.train.trainer: Last model at epoch 12 saved to /root/autodl-tmp/em_eqf/experiments/clf_grid_r_1/runs/tf_10_mf_4p0_seed_2/last_model_1.pth
2026-05-14 12:02:27,072 INFO src.train.trainer: Epoch 13
2026-05-14 12:02:30,021 INFO src.train.trainer: New best validation loss: 0.0669, saved to /root/autodl-tmp/em_eqf/experiments/clf_grid_r_1/runs/tf_10_mf_4p0_seed_2/best_model_1.pth
2026-05-14 12:02:30,028 INFO src.train.trainer: Last model at epoch 13 saved to /root/autodl-tmp/em_eqf/experiments/clf_grid_r_1/runs/tf_10_mf_4p0_seed_2/last_model_1.pth
2026-05-14 12:02:30,028 INFO src.train.trainer: Epoch 14
2026-05-14 12:02:33,086 INFO src.train.trainer: Last model at epoch 14 saved to /root/autodl-tmp/em_eqf/experiments/clf_grid_r_1/runs/tf_10_mf_4p0_seed_2/last_model_1.pth
2026-05-14 12:02:33,086 INFO src.train.trainer: Epoch 15
2026-05-14 12:02:36,273 INFO src.train.trainer: Last model at epoch 15 saved to /root/autodl-tmp/em_eqf/experiments/clf_grid_r_1/runs/tf_10_mf_4p0_seed_2/last_model_1.pth
2026-05-14 12:02:36,273 INFO src.train.trainer: Epoch 16
2026-05-14 12:02:39,252 INFO src.train.trainer: Last model at epoch 16 saved to /root/autodl-tmp/em_eqf/experiments/clf_grid_r_1/runs/tf_10_mf_4p0_seed_2/last_model_1.pth
2026-05-14 12:02:39,253 INFO src.train.trainer: Epoch 17
2026-05-14 12:02:42,239 INFO src.train.trainer: Last model at epoch 17 saved to /root/autodl-tmp/em_eqf/experiments/clf_grid_r_1/runs/tf_10_mf_4p0_seed_2/last_model_1.pth
2026-05-14 12:02:42,239 INFO src.train.trainer: Epoch 18
2026-05-14 12:02:45,023 INFO src.train.trainer: Last model at epoch 18 saved to /root/autodl-tmp/em_eqf/experiments/clf_grid_r_1/runs/tf_10_mf_4p0_seed_2/last_model_1.pth
2026-05-14 12:02:45,023 INFO src.train.trainer: Epoch 19
2026-05-14 12:02:47,624 INFO src.train.trainer: Last model at epoch 19 saved to /root/autodl-tmp/em_eqf/experiments/clf_grid_r_1/runs/tf_10_mf_4p0_seed_2/last_model_1.pth
2026-05-14 12:02:47,624 INFO src.train.trainer: Epoch 20
2026-05-14 12:02:50,121 INFO src.train.trainer: Last model at epoch 20 saved to /root/autodl-tmp/em_eqf/experiments/clf_grid_r_1/runs/tf_10_mf_4p0_seed_2/last_model_1.pth
2026-05-14 12:02:50,121 INFO src.train.trainer: Epoch 21
2026-05-14 12:02:52,926 INFO src.train.trainer: New best validation loss: 0.0642, saved to /root/autodl-tmp/em_eqf/experiments/clf_grid_r_1/runs/tf_10_mf_4p0_seed_2/best_model_1.pth
2026-05-14 12:02:52,937 INFO src.train.trainer: Last model at epoch 21 saved to /root/autodl-tmp/em_eqf/experiments/clf_grid_r_1/runs/tf_10_mf_4p0_seed_2/last_model_1.pth
2026-05-14 12:02:52,937 INFO src.train.trainer: Epoch 22
2026-05-14 12:02:55,766 INFO src.train.trainer: New best validation loss: 0.0637, saved to /root/autodl-tmp/em_eqf/experiments/clf_grid_r_1/runs/tf_10_mf_4p0_seed_2/best_model_1.pth
2026-05-14 12:02:55,797 INFO src.train.trainer: Last model at epoch 22 saved to /root/autodl-tmp/em_eqf/experiments/clf_grid_r_1/runs/tf_10_mf_4p0_seed_2/last_model_1.pth
2026-05-14 12:02:55,797 INFO src.train.trainer: Epoch 23
2026-05-14 12:02:58,725 INFO src.train.trainer: Last model at epoch 23 saved to /root/autodl-tmp/em_eqf/experiments/clf_grid_r_1/runs/tf_10_mf_4p0_seed_2/last_model_1.pth
2026-05-14 12:02:58,725 INFO src.train.trainer: Epoch 24
2026-05-14 12:03:02,008 INFO src.train.trainer: Last model at epoch 24 saved to /root/autodl-tmp/em_eqf/experiments/clf_grid_r_1/runs/tf_10_mf_4p0_seed_2/last_model_1.pth
2026-05-14 12:03:02,009 INFO src.train.trainer: Epoch 25
2026-05-14 12:03:04,359 INFO src.train.trainer: Last model at epoch 25 saved to /root/autodl-tmp/em_eqf/experiments/clf_grid_r_1/runs/tf_10_mf_4p0_seed_2/last_model_1.pth
2026-05-14 12:03:04,359 INFO src.train.trainer: Epoch 26
2026-05-14 12:03:07,156 INFO src.train.trainer: Last model at epoch 26 saved to /root/autodl-tmp/em_eqf/experiments/clf_grid_r_1/runs/tf_10_mf_4p0_seed_2/last_model_1.pth
2026-05-14 12:03:07,157 INFO src.train.trainer: Epoch 27
2026-05-14 12:03:09,939 INFO src.train.trainer: Last model at epoch 27 saved to /root/autodl-tmp/em_eqf/experiments/clf_grid_r_1/runs/tf_10_mf_4p0_seed_2/last_model_1.pth
2026-05-14 12:03:09,939 INFO src.train.trainer: Epoch 28
2026-05-14 12:03:12,314 INFO src.train.trainer: New best validation loss: 0.0611, saved to /root/autodl-tmp/em_eqf/experiments/clf_grid_r_1/runs/tf_10_mf_4p0_seed_2/best_model_1.pth
2026-05-14 12:03:12,327 INFO src.train.trainer: Last model at epoch 28 saved to /root/autodl-tmp/em_eqf/experiments/clf_grid_r_1/runs/tf_10_mf_4p0_seed_2/last_model_1.pth
2026-05-14 12:03:12,327 INFO src.train.trainer: Epoch 29
2026-05-14 12:03:14,909 INFO src.train.trainer: Last model at epoch 29 saved to /root/autodl-tmp/em_eqf/experiments/clf_grid_r_1/runs/tf_10_mf_4p0_seed_2/last_model_1.pth
2026-05-14 12:03:14,910 INFO src.train.trainer: Epoch 30
2026-05-14 12:03:17,311 INFO src.train.trainer: Last model at epoch 30 saved to /root/autodl-tmp/em_eqf/experiments/clf_grid_r_1/runs/tf_10_mf_4p0_seed_2/last_model_1.pth
2026-05-14 12:03:17,311 INFO src.train.trainer: Epoch 31
2026-05-14 12:03:19,729 INFO src.train.trainer: Last model at epoch 31 saved to /root/autodl-tmp/em_eqf/experiments/clf_grid_r_1/runs/tf_10_mf_4p0_seed_2/last_model_1.pth
2026-05-14 12:03:19,729 INFO src.train.trainer: Epoch 32
2026-05-14 12:03:22,369 INFO src.train.trainer: Last model at epoch 32 saved to /root/autodl-tmp/em_eqf/experiments/clf_grid_r_1/runs/tf_10_mf_4p0_seed_2/last_model_1.pth
2026-05-14 12:03:22,369 INFO src.train.trainer: Epoch 33
2026-05-14 12:03:25,404 INFO src.train.trainer: Last model at epoch 33 saved to /root/autodl-tmp/em_eqf/experiments/clf_grid_r_1/runs/tf_10_mf_4p0_seed_2/last_model_1.pth
2026-05-14 12:03:25,404 INFO src.train.trainer: Epoch 34
2026-05-14 12:03:28,019 INFO src.train.trainer: New best validation loss: 0.0586, saved to /root/autodl-tmp/em_eqf/experiments/clf_grid_r_1/runs/tf_10_mf_4p0_seed_2/best_model_1.pth
2026-05-14 12:03:28,029 INFO src.train.trainer: Last model at epoch 34 saved to /root/autodl-tmp/em_eqf/experiments/clf_grid_r_1/runs/tf_10_mf_4p0_seed_2/last_model_1.pth
2026-05-14 12:03:28,029 INFO src.train.trainer: Epoch 35
2026-05-14 12:03:30,385 INFO src.train.trainer: New best validation loss: 0.0560, saved to /root/autodl-tmp/em_eqf/experiments/clf_grid_r_1/runs/tf_10_mf_4p0_seed_2/best_model_1.pth
2026-05-14 12:03:30,395 INFO src.train.trainer: Last model at epoch 35 saved to /root/autodl-tmp/em_eqf/experiments/clf_grid_r_1/runs/tf_10_mf_4p0_seed_2/last_model_1.pth
2026-05-14 12:03:30,396 INFO src.train.trainer: Epoch 36
2026-05-14 12:03:32,798 INFO src.train.trainer: Last model at epoch 36 saved to /root/autodl-tmp/em_eqf/experiments/clf_grid_r_1/runs/tf_10_mf_4p0_seed_2/last_model_1.pth
2026-05-14 12:03:32,799 INFO src.train.trainer: Epoch 37
2026-05-14 12:03:35,223 INFO src.train.trainer: Last model at epoch 37 saved to /root/autodl-tmp/em_eqf/experiments/clf_grid_r_1/runs/tf_10_mf_4p0_seed_2/last_model_1.pth
2026-05-14 12:03:35,224 INFO src.train.trainer: Epoch 38
2026-05-14 12:03:37,565 INFO src.train.trainer: Last model at epoch 38 saved to /root/autodl-tmp/em_eqf/experiments/clf_grid_r_1/runs/tf_10_mf_4p0_seed_2/last_model_1.pth
2026-05-14 12:03:37,566 INFO src.train.trainer: Epoch 39
2026-05-14 12:03:39,876 INFO src.train.trainer: Last model at epoch 39 saved to /root/autodl-tmp/em_eqf/experiments/clf_grid_r_1/runs/tf_10_mf_4p0_seed_2/last_model_1.pth
2026-05-14 12:03:39,897 INFO src.train.trainer: Epoch 40
2026-05-14 12:03:42,321 INFO src.train.trainer: Last model at epoch 40 saved to /root/autodl-tmp/em_eqf/experiments/clf_grid_r_1/runs/tf_10_mf_4p0_seed_2/last_model_1.pth
2026-05-14 12:03:42,321 INFO src.train.trainer: Epoch 41
2026-05-14 12:03:44,298 INFO src.train.trainer: Last model at epoch 41 saved to /root/autodl-tmp/em_eqf/experiments/clf_grid_r_1/runs/tf_10_mf_4p0_seed_2/last_model_1.pth
2026-05-14 12:03:44,298 INFO src.train.trainer: Epoch 42
2026-05-14 12:03:47,135 INFO src.train.trainer: Last model at epoch 42 saved to /root/autodl-tmp/em_eqf/experiments/clf_grid_r_1/runs/tf_10_mf_4p0_seed_2/last_model_1.pth
2026-05-14 12:03:47,136 INFO src.train.trainer: Epoch 43
2026-05-14 12:03:49,954 INFO src.train.trainer: Last model at epoch 43 saved to /root/autodl-tmp/em_eqf/experiments/clf_grid_r_1/runs/tf_10_mf_4p0_seed_2/last_model_1.pth
2026-05-14 12:03:49,954 INFO src.train.trainer: Epoch 44
2026-05-14 12:03:52,693 INFO src.train.trainer: New best validation loss: 0.0535, saved to /root/autodl-tmp/em_eqf/experiments/clf_grid_r_1/runs/tf_10_mf_4p0_seed_2/best_model_1.pth
2026-05-14 12:03:52,707 INFO src.train.trainer: Last model at epoch 44 saved to /root/autodl-tmp/em_eqf/experiments/clf_grid_r_1/runs/tf_10_mf_4p0_seed_2/last_model_1.pth
2026-05-14 12:03:52,707 INFO src.train.trainer: Epoch 45
2026-05-14 12:03:55,422 INFO src.train.trainer: Last model at epoch 45 saved to /root/autodl-tmp/em_eqf/experiments/clf_grid_r_1/runs/tf_10_mf_4p0_seed_2/last_model_1.pth
2026-05-14 12:03:55,423 INFO src.train.trainer: Epoch 46
2026-05-14 12:03:57,633 INFO src.train.trainer: Last model at epoch 46 saved to /root/autodl-tmp/em_eqf/experiments/clf_grid_r_1/runs/tf_10_mf_4p0_seed_2/last_model_1.pth
2026-05-14 12:03:57,633 INFO src.train.trainer: Epoch 47
2026-05-14 12:04:00,380 INFO src.train.trainer: Last model at epoch 47 saved to /root/autodl-tmp/em_eqf/experiments/clf_grid_r_1/runs/tf_10_mf_4p0_seed_2/last_model_1.pth
2026-05-14 12:04:00,380 INFO src.train.trainer: Epoch 48
2026-05-14 12:04:02,967 INFO src.train.trainer: Last model at epoch 48 saved to /root/autodl-tmp/em_eqf/experiments/clf_grid_r_1/runs/tf_10_mf_4p0_seed_2/last_model_1.pth
2026-05-14 12:04:02,967 INFO src.train.trainer: Epoch 49
2026-05-14 12:04:05,303 INFO src.train.trainer: Last model at epoch 49 saved to /root/autodl-tmp/em_eqf/experiments/clf_grid_r_1/runs/tf_10_mf_4p0_seed_2/last_model_1.pth
2026-05-14 12:04:05,303 INFO src.train.trainer: Epoch 50
2026-05-14 12:04:07,247 INFO src.train.trainer: Last model at epoch 50 saved to /root/autodl-tmp/em_eqf/experiments/clf_grid_r_1/runs/tf_10_mf_4p0_seed_2/last_model_1.pth
2026-05-14 12:04:07,247 INFO src.train.trainer: Epoch 51
2026-05-14 12:04:09,210 INFO src.train.trainer: Last model at epoch 51 saved to /root/autodl-tmp/em_eqf/experiments/clf_grid_r_1/runs/tf_10_mf_4p0_seed_2/last_model_1.pth
2026-05-14 12:04:09,211 INFO src.train.trainer: Epoch 52
2026-05-14 12:04:11,162 INFO src.train.trainer: Last model at epoch 52 saved to /root/autodl-tmp/em_eqf/experiments/clf_grid_r_1/runs/tf_10_mf_4p0_seed_2/last_model_1.pth
2026-05-14 12:04:11,162 INFO src.train.trainer: Epoch 53
2026-05-14 12:04:12,921 INFO src.train.trainer: Last model at epoch 53 saved to /root/autodl-tmp/em_eqf/experiments/clf_grid_r_1/runs/tf_10_mf_4p0_seed_2/last_model_1.pth
2026-05-14 12:04:12,921 INFO src.train.trainer: Epoch 54
2026-05-14 12:04:15,109 INFO src.train.trainer: Last model at epoch 54 saved to /root/autodl-tmp/em_eqf/experiments/clf_grid_r_1/runs/tf_10_mf_4p0_seed_2/last_model_1.pth
2026-05-14 12:04:15,109 INFO src.train.trainer: Early stopping triggered at epoch 54 (best epoch: 44, best val loss: 0.053530)
2026-05-14 12:04:26,864 INFO src.data.preprocessing: CSV files found: ['chuandian_2021.csv']
2026-05-14 12:04:27,772 INFO src.utils.file_utils: Loading cached data from: data/ChuanDian/classifier/classifier_Mc_3_Mf_4.0_Tfore_10_Twindow_180_context_len_1_dt_10.pkl
2026-05-14 12:04:28,120 INFO src.data.preprocessing: Catalog statistics: {'tau_unfiltered': 0.15339908988298961, 'tau_q025': 0.08114294020924717, 'tau_q05': 0.5134664350189269, 'tau_mean': 1.3070542199341526, 'tau_max': 25.18216435192153, 'tau_min': 0.0, 'time_max': 18770.72654999979, 'time_mean': 10030.9430649837, 'mag_completeness': 3.0, 'mag_mean': 3.456916005014626, 'mag_max': 8.0, 'mag_min': 3.0, 'b_value': 0.856738547623331, 'b_std': 0.0071499224812533796, 'b_n': 14358}
2026-05-14 12:04:28,152 INFO src.data.event_loader: lengths of samples: min=32, max=981, avg=135.51
2026-05-14 12:04:28,152 INFO src.data.event_loader: Number of positive samples: 780
2026-05-14 12:04:28,153 INFO src.data.event_loader: Number of negative samples: 683
2026-05-14 12:04:28,154 INFO src.data.event_loader: Positive samples: 594, Negative samples: 576
2026-05-14 12:04:28,154 INFO src.data.event_loader: Total samples: 1170, Positive ratio: 0.51, Negative ratio: 0.49
2026-05-14 12:04:28,155 INFO src.data.event_loader: Positive samples: 107, Negative samples: 39
2026-05-14 12:04:28,155 INFO src.data.event_loader: Total samples: 146, Positive ratio: 0.73, Negative ratio: 0.27
2026-05-14 12:04:28,155 INFO src.data.event_loader: Positive samples: 79, Negative samples: 68
2026-05-14 12:04:28,155 INFO src.data.event_loader: Total samples: 147, Positive ratio: 0.54, Negative ratio: 0.46
2026-05-14 12:04:28,707 INFO src.models.adapters.mixer_task: using time scale base 1.3070542199341526 (key: tau_mean)
2026-05-14 12:04:28,707 INFO src.models.adapters.mixer_task: tau mean: tensor(1.3071)
2026-05-14 12:04:28,773 INFO src.train.config_setup: Restoring model from checkpoint.
2026-05-14 12:04:28,774 INFO src.train.config_setup: Loading model weights: load_specific_parts=None
2026-05-14 12:04:28,775 INFO src.train.config_setup: Checkpoint loaded: <All keys matched successfully>
2026-05-14 12:04:28,776 INFO src.train.config_setup: Full load summary: loaded=56, missing=0, unexpected=0
2026-05-14 12:04:28,777 INFO src.train.config_setup: Checkpoint hyperparameters loaded.
2026-05-14 12:04:28,777 INFO src.train.config_setup: Checkpoint train metrics available.
2026-05-14 12:04:28,777 INFO src.train.config_setup: Checkpoint val metrics available.
2026-05-14 12:04:28,777 INFO src.train.config_setup: Freeze skipped (checkpoint_restore): freeze_parts is empty.
2026-05-14 12:04:28,777 INFO src.train.config_setup: Using classification criterion: focal
2026-05-14 12:04:28,777 INFO src.train.config_setup: Criterion config: {'alpha': 0.5, 'gamma': 2.0}
2026-05-14 12:04:28,778 INFO src.train.config_setup: Not resuming optimizer/scheduler state; reset training state to start_epoch=0, best_val_loss=inf.
2026-05-14 12:04:28,778 INFO src.cli.common: Using threshold 0.46933865547180176 from checkpoint val_metrics for testing.
2026-05-14 12:04:33,543 INFO src.utils.metrics: ROC curve saved to /root/autodl-tmp/em_eqf/experiments/clf_grid_r_1/runs/tf_10_mf_4p0_seed_2/roc_curve.png
2026-05-14 12:04:33,655 INFO src.utils.metrics: PR curve saved to /root/autodl-tmp/em_eqf/experiments/clf_grid_r_1/runs/tf_10_mf_4p0_seed_2/pr_curve.png
2026-05-14 12:04:33,718 INFO src.utils.metrics: Confusion matrix saved to /root/autodl-tmp/em_eqf/experiments/clf_grid_r_1/runs/tf_10_mf_4p0_seed_2/confusion_matrix.png
2026-05-14 12:04:33,718 INFO src.cli.workflows: Test loss: 0.06681003669897716
2026-05-14 12:04:34,815 INFO src.train.classifier_train_step: Prediction distribution plot has been saved to: /root/autodl-tmp/em_eqf/experiments/clf_grid_r_1/runs/tf_10_mf_4p0_seed_2/train_pred_distribution.png
2026-05-14 12:04:35,135 INFO src.train.classifier_train_step: Prediction distribution plot has been saved to: /root/autodl-tmp/em_eqf/experiments/clf_grid_r_1/runs/tf_10_mf_4p0_seed_2/val_pred_distribution.png
2026-05-14 12:04:35,451 INFO src.train.classifier_train_step: Prediction distribution plot has been saved to: /root/autodl-tmp/em_eqf/experiments/clf_grid_r_1/runs/tf_10_mf_4p0_seed_2/test_pred_distribution.png
2026-05-14 12:04:35,452 INFO src.cli.common: Saved test metrics to /root/autodl-tmp/em_eqf/experiments/clf_grid_r_1/runs/tf_10_mf_4p0_seed_2/metrics_test_best_1.json
2026-05-14 12:04:35,452 INFO src.cli.common: Metrics: {'precision': 0.6633663366336634, 'recall': 0.8481012658227848, 'f1': 0.7444444444444445, 'auc': 0.808078927773641, 'pr_auc': 0.8624086543270368, 'fpr': 0.5, 'tpr': 0.8481012658227848, 'R': 0.3481012658227848, 'conf': 0.999996664067153, 'threshold': 0.46933865547180176}
