2026-05-14 21:21:56,538 INFO src.data.preprocessing: CSV files found: ['chuandian_2021.csv']
2026-05-14 21:21:57,642 INFO src.utils.file_utils: Loading cached data from: data/ChuanDian/regressor/regressor_Mc_3_Mf_3_Tfore_180_Twindow_360_context_len_1_dt_10.pkl
2026-05-14 21:21:59,985 INFO src.data.preprocessing: Catalog statistics: {'tau_unfiltered': 0.15339908988298961, 'tau_q025': 0.08114294020924717, 'tau_q05': 0.5134664350189269, 'tau_mean': 1.3070542199341526, 'tau_max': 25.18216435192153, 'tau_min': 0.0, 'time_max': 18770.72654999979, 'time_mean': 10030.9430649837, 'mag_completeness': 3.0, 'mag_mean': 3.456916005014626, 'mag_max': 8.0, 'mag_min': 3.0, 'b_value': 0.856738547623331, 'b_std': 0.0071499224812533796, 'b_n': 14358}
2026-05-14 21:22:00,025 INFO src.data.event_loader: lengths of samples: min=96, max=1340, avg=265.71
2026-05-14 21:22:00,027 INFO src.cli.workflows: No resume path provided. Training will start from scratch.
2026-05-14 21:22:02,518 INFO src.models.adapters.mixer_task: using time scale base 1.3070542199341526 (key: tau_mean)
2026-05-14 21:22:02,518 INFO src.models.adapters.mixer_task: tau mean: tensor(1.3071)
2026-05-14 21:22:02,526 INFO src.train.config_setup: No checkpoint restore requested; initializing model from scratch.
2026-05-14 21:22:02,526 INFO src.train.config_setup: Freeze skipped (fresh_init): freeze_parts is empty.
2026-05-14 21:22:02,527 INFO src.train.config_setup: Using regression criterion: smooth_l1
2026-05-14 21:22:02,527 INFO src.train.config_setup: Criterion config: {'beta': 0.3}
2026-05-14 21:22:02,527 INFO src.train.config_setup: encoder_param_keywords: ['encoder']
2026-05-14 21:22:02,527 INFO src.train.config_setup: encoder_lr grouping summary: lr=0.0003, matched=44
2026-05-14 21:22:02,527 INFO src.train.config_setup: Encoder LR coverage [encoder]: target=44, hit=44, missing=0, complete=True
2026-05-14 21:22:02,527 INFO src.train.config_setup: encoder_lr matched preview: ['base_model.encoder.input_proj.0.weight', 'base_model.encoder.input_proj.0.bias', 'base_model.encoder.input_proj.3.weight', 'base_model.encoder.input_proj.3.bias', 'base_model.encoder.layers.0.norm.weight', 'base_model.encoder.layers.0.norm.bias', 'base_model.encoder.layers.0.mixer.dt_bias', 'base_model.encoder.layers.0.mixer.A_log', 'base_model.encoder.layers.0.mixer.D', 'base_model.encoder.layers.0.mixer.in_proj.weight'] ... (+34 more)
2026-05-14 21:22:02,528 INFO src.train.trainer: Epoch 1
2026-05-14 21:22:33,565 INFO src.train.trainer: New best validation loss: 0.0346, saved to /root/autodl-tmp/em_eqf/experiments/reg_mixer_attnpl_ab/runs/reg_ab_log_pretrain_seed_1/best_model_1.pth
2026-05-14 21:22:33,573 INFO src.train.trainer: Last model at epoch 1 saved to /root/autodl-tmp/em_eqf/experiments/reg_mixer_attnpl_ab/runs/reg_ab_log_pretrain_seed_1/last_model_1.pth
2026-05-14 21:22:33,573 INFO src.train.trainer: Epoch 2
2026-05-14 21:22:36,450 INFO src.train.trainer: New best validation loss: 0.0286, saved to /root/autodl-tmp/em_eqf/experiments/reg_mixer_attnpl_ab/runs/reg_ab_log_pretrain_seed_1/best_model_1.pth
2026-05-14 21:22:36,466 INFO src.train.trainer: Last model at epoch 2 saved to /root/autodl-tmp/em_eqf/experiments/reg_mixer_attnpl_ab/runs/reg_ab_log_pretrain_seed_1/last_model_1.pth
2026-05-14 21:22:36,466 INFO src.train.trainer: Epoch 3
2026-05-14 21:22:39,520 INFO src.train.trainer: Last model at epoch 3 saved to /root/autodl-tmp/em_eqf/experiments/reg_mixer_attnpl_ab/runs/reg_ab_log_pretrain_seed_1/last_model_1.pth
2026-05-14 21:22:39,521 INFO src.train.trainer: Epoch 4
2026-05-14 21:22:42,624 INFO src.train.trainer: Last model at epoch 4 saved to /root/autodl-tmp/em_eqf/experiments/reg_mixer_attnpl_ab/runs/reg_ab_log_pretrain_seed_1/last_model_1.pth
2026-05-14 21:22:42,624 INFO src.train.trainer: Epoch 5
2026-05-14 21:22:45,443 INFO src.train.trainer: Last model at epoch 5 saved to /root/autodl-tmp/em_eqf/experiments/reg_mixer_attnpl_ab/runs/reg_ab_log_pretrain_seed_1/last_model_1.pth
2026-05-14 21:22:45,444 INFO src.train.trainer: Epoch 6
2026-05-14 21:22:48,401 INFO src.train.trainer: Last model at epoch 6 saved to /root/autodl-tmp/em_eqf/experiments/reg_mixer_attnpl_ab/runs/reg_ab_log_pretrain_seed_1/last_model_1.pth
2026-05-14 21:22:48,401 INFO src.train.trainer: Epoch 7
2026-05-14 21:22:51,525 INFO src.train.trainer: Last model at epoch 7 saved to /root/autodl-tmp/em_eqf/experiments/reg_mixer_attnpl_ab/runs/reg_ab_log_pretrain_seed_1/last_model_1.pth
2026-05-14 21:22:51,525 INFO src.train.trainer: Epoch 8
2026-05-14 21:22:54,642 INFO src.train.trainer: Last model at epoch 8 saved to /root/autodl-tmp/em_eqf/experiments/reg_mixer_attnpl_ab/runs/reg_ab_log_pretrain_seed_1/last_model_1.pth
2026-05-14 21:22:54,643 INFO src.train.trainer: Epoch 9
2026-05-14 21:22:57,720 INFO src.train.trainer: Last model at epoch 9 saved to /root/autodl-tmp/em_eqf/experiments/reg_mixer_attnpl_ab/runs/reg_ab_log_pretrain_seed_1/last_model_1.pth
2026-05-14 21:22:57,720 INFO src.train.trainer: Epoch 10
2026-05-14 21:23:00,621 INFO src.train.trainer: Last model at epoch 10 saved to /root/autodl-tmp/em_eqf/experiments/reg_mixer_attnpl_ab/runs/reg_ab_log_pretrain_seed_1/last_model_1.pth
2026-05-14 21:23:00,622 INFO src.train.trainer: Epoch 11
2026-05-14 21:23:03,614 INFO src.train.trainer: Last model at epoch 11 saved to /root/autodl-tmp/em_eqf/experiments/reg_mixer_attnpl_ab/runs/reg_ab_log_pretrain_seed_1/last_model_1.pth
2026-05-14 21:23:03,614 INFO src.train.trainer: Epoch 12
2026-05-14 21:23:06,796 INFO src.train.trainer: Last model at epoch 12 saved to /root/autodl-tmp/em_eqf/experiments/reg_mixer_attnpl_ab/runs/reg_ab_log_pretrain_seed_1/last_model_1.pth
2026-05-14 21:23:06,796 INFO src.train.trainer: Epoch 13
2026-05-14 21:23:10,099 INFO src.train.trainer: Last model at epoch 13 saved to /root/autodl-tmp/em_eqf/experiments/reg_mixer_attnpl_ab/runs/reg_ab_log_pretrain_seed_1/last_model_1.pth
2026-05-14 21:23:10,099 INFO src.train.trainer: Epoch 14
2026-05-14 21:23:13,159 INFO src.train.trainer: Last model at epoch 14 saved to /root/autodl-tmp/em_eqf/experiments/reg_mixer_attnpl_ab/runs/reg_ab_log_pretrain_seed_1/last_model_1.pth
2026-05-14 21:23:13,159 INFO src.train.trainer: Epoch 15
2026-05-14 21:23:16,111 INFO src.train.trainer: Last model at epoch 15 saved to /root/autodl-tmp/em_eqf/experiments/reg_mixer_attnpl_ab/runs/reg_ab_log_pretrain_seed_1/last_model_1.pth
2026-05-14 21:23:16,112 INFO src.train.trainer: Epoch 16
2026-05-14 21:23:19,249 INFO src.train.trainer: Last model at epoch 16 saved to /root/autodl-tmp/em_eqf/experiments/reg_mixer_attnpl_ab/runs/reg_ab_log_pretrain_seed_1/last_model_1.pth
2026-05-14 21:23:19,249 INFO src.train.trainer: Epoch 17
2026-05-14 21:23:22,307 INFO src.train.trainer: Last model at epoch 17 saved to /root/autodl-tmp/em_eqf/experiments/reg_mixer_attnpl_ab/runs/reg_ab_log_pretrain_seed_1/last_model_1.pth
2026-05-14 21:23:22,308 INFO src.train.trainer: Epoch 18
2026-05-14 21:23:25,422 INFO src.train.trainer: Last model at epoch 18 saved to /root/autodl-tmp/em_eqf/experiments/reg_mixer_attnpl_ab/runs/reg_ab_log_pretrain_seed_1/last_model_1.pth
2026-05-14 21:23:25,423 INFO src.train.trainer: Epoch 19
2026-05-14 21:23:28,520 INFO src.train.trainer: Last model at epoch 19 saved to /root/autodl-tmp/em_eqf/experiments/reg_mixer_attnpl_ab/runs/reg_ab_log_pretrain_seed_1/last_model_1.pth
2026-05-14 21:23:28,520 INFO src.train.trainer: Epoch 20
2026-05-14 21:23:31,646 INFO src.train.trainer: Last model at epoch 20 saved to /root/autodl-tmp/em_eqf/experiments/reg_mixer_attnpl_ab/runs/reg_ab_log_pretrain_seed_1/last_model_1.pth
2026-05-14 21:23:31,646 INFO src.train.trainer: Epoch 21
2026-05-14 21:23:34,752 INFO src.train.trainer: Last model at epoch 21 saved to /root/autodl-tmp/em_eqf/experiments/reg_mixer_attnpl_ab/runs/reg_ab_log_pretrain_seed_1/last_model_1.pth
2026-05-14 21:23:34,752 INFO src.train.trainer: Epoch 22
2026-05-14 21:23:38,201 INFO src.train.trainer: Last model at epoch 22 saved to /root/autodl-tmp/em_eqf/experiments/reg_mixer_attnpl_ab/runs/reg_ab_log_pretrain_seed_1/last_model_1.pth
2026-05-14 21:23:38,202 INFO src.train.trainer: Epoch 23
2026-05-14 21:23:41,240 INFO src.train.trainer: Last model at epoch 23 saved to /root/autodl-tmp/em_eqf/experiments/reg_mixer_attnpl_ab/runs/reg_ab_log_pretrain_seed_1/last_model_1.pth
2026-05-14 21:23:41,240 INFO src.train.trainer: Epoch 24
2026-05-14 21:23:44,444 INFO src.train.trainer: Last model at epoch 24 saved to /root/autodl-tmp/em_eqf/experiments/reg_mixer_attnpl_ab/runs/reg_ab_log_pretrain_seed_1/last_model_1.pth
2026-05-14 21:23:44,445 INFO src.train.trainer: Epoch 25
2026-05-14 21:23:47,397 INFO src.train.trainer: Last model at epoch 25 saved to /root/autodl-tmp/em_eqf/experiments/reg_mixer_attnpl_ab/runs/reg_ab_log_pretrain_seed_1/last_model_1.pth
2026-05-14 21:23:47,398 INFO src.train.trainer: Epoch 26
2026-05-14 21:23:50,622 INFO src.train.trainer: Last model at epoch 26 saved to /root/autodl-tmp/em_eqf/experiments/reg_mixer_attnpl_ab/runs/reg_ab_log_pretrain_seed_1/last_model_1.pth
2026-05-14 21:23:50,623 INFO src.train.trainer: Epoch 27
2026-05-14 21:23:53,234 INFO src.train.trainer: Last model at epoch 27 saved to /root/autodl-tmp/em_eqf/experiments/reg_mixer_attnpl_ab/runs/reg_ab_log_pretrain_seed_1/last_model_1.pth
2026-05-14 21:23:53,234 INFO src.train.trainer: Epoch 28
2026-05-14 21:23:55,950 INFO src.train.trainer: Last model at epoch 28 saved to /root/autodl-tmp/em_eqf/experiments/reg_mixer_attnpl_ab/runs/reg_ab_log_pretrain_seed_1/last_model_1.pth
2026-05-14 21:23:55,951 INFO src.train.trainer: Epoch 29
2026-05-14 21:23:58,671 INFO src.train.trainer: Last model at epoch 29 saved to /root/autodl-tmp/em_eqf/experiments/reg_mixer_attnpl_ab/runs/reg_ab_log_pretrain_seed_1/last_model_1.pth
2026-05-14 21:23:58,671 INFO src.train.trainer: Epoch 30
2026-05-14 21:24:01,488 INFO src.train.trainer: Last model at epoch 30 saved to /root/autodl-tmp/em_eqf/experiments/reg_mixer_attnpl_ab/runs/reg_ab_log_pretrain_seed_1/last_model_1.pth
2026-05-14 21:24:01,489 INFO src.train.trainer: Epoch 31
2026-05-14 21:24:04,416 INFO src.train.trainer: Last model at epoch 31 saved to /root/autodl-tmp/em_eqf/experiments/reg_mixer_attnpl_ab/runs/reg_ab_log_pretrain_seed_1/last_model_1.pth
2026-05-14 21:24:04,417 INFO src.train.trainer: Epoch 32
2026-05-14 21:24:07,329 INFO src.train.trainer: Last model at epoch 32 saved to /root/autodl-tmp/em_eqf/experiments/reg_mixer_attnpl_ab/runs/reg_ab_log_pretrain_seed_1/last_model_1.pth
2026-05-14 21:24:07,330 INFO src.train.trainer: Epoch 33
2026-05-14 21:24:10,200 INFO src.train.trainer: Last model at epoch 33 saved to /root/autodl-tmp/em_eqf/experiments/reg_mixer_attnpl_ab/runs/reg_ab_log_pretrain_seed_1/last_model_1.pth
2026-05-14 21:24:10,200 INFO src.train.trainer: Epoch 34
2026-05-14 21:24:13,211 INFO src.train.trainer: Last model at epoch 34 saved to /root/autodl-tmp/em_eqf/experiments/reg_mixer_attnpl_ab/runs/reg_ab_log_pretrain_seed_1/last_model_1.pth
2026-05-14 21:24:13,212 INFO src.train.trainer: Epoch 35
2026-05-14 21:24:16,204 INFO src.train.trainer: Last model at epoch 35 saved to /root/autodl-tmp/em_eqf/experiments/reg_mixer_attnpl_ab/runs/reg_ab_log_pretrain_seed_1/last_model_1.pth
2026-05-14 21:24:16,205 INFO src.train.trainer: Epoch 36
2026-05-14 21:24:19,191 INFO src.train.trainer: Last model at epoch 36 saved to /root/autodl-tmp/em_eqf/experiments/reg_mixer_attnpl_ab/runs/reg_ab_log_pretrain_seed_1/last_model_1.pth
2026-05-14 21:24:19,191 INFO src.train.trainer: Epoch 37
2026-05-14 21:24:22,218 INFO src.train.trainer: Last model at epoch 37 saved to /root/autodl-tmp/em_eqf/experiments/reg_mixer_attnpl_ab/runs/reg_ab_log_pretrain_seed_1/last_model_1.pth
2026-05-14 21:24:22,219 INFO src.train.trainer: Epoch 38
2026-05-14 21:24:25,312 INFO src.train.trainer: Last model at epoch 38 saved to /root/autodl-tmp/em_eqf/experiments/reg_mixer_attnpl_ab/runs/reg_ab_log_pretrain_seed_1/last_model_1.pth
2026-05-14 21:24:25,312 INFO src.train.trainer: Epoch 39
2026-05-14 21:24:28,438 INFO src.train.trainer: Last model at epoch 39 saved to /root/autodl-tmp/em_eqf/experiments/reg_mixer_attnpl_ab/runs/reg_ab_log_pretrain_seed_1/last_model_1.pth
2026-05-14 21:24:28,438 INFO src.train.trainer: Epoch 40
2026-05-14 21:24:31,467 INFO src.train.trainer: Last model at epoch 40 saved to /root/autodl-tmp/em_eqf/experiments/reg_mixer_attnpl_ab/runs/reg_ab_log_pretrain_seed_1/last_model_1.pth
2026-05-14 21:24:31,468 INFO src.train.trainer: Epoch 41
2026-05-14 21:24:34,576 INFO src.train.trainer: Last model at epoch 41 saved to /root/autodl-tmp/em_eqf/experiments/reg_mixer_attnpl_ab/runs/reg_ab_log_pretrain_seed_1/last_model_1.pth
2026-05-14 21:24:34,576 INFO src.train.trainer: Epoch 42
2026-05-14 21:24:37,696 INFO src.train.trainer: Last model at epoch 42 saved to /root/autodl-tmp/em_eqf/experiments/reg_mixer_attnpl_ab/runs/reg_ab_log_pretrain_seed_1/last_model_1.pth
2026-05-14 21:24:37,696 INFO src.train.trainer: Epoch 43
2026-05-14 21:24:40,831 INFO src.train.trainer: Last model at epoch 43 saved to /root/autodl-tmp/em_eqf/experiments/reg_mixer_attnpl_ab/runs/reg_ab_log_pretrain_seed_1/last_model_1.pth
2026-05-14 21:24:40,831 INFO src.train.trainer: Epoch 44
2026-05-14 21:24:43,862 INFO src.train.trainer: Last model at epoch 44 saved to /root/autodl-tmp/em_eqf/experiments/reg_mixer_attnpl_ab/runs/reg_ab_log_pretrain_seed_1/last_model_1.pth
2026-05-14 21:24:43,862 INFO src.train.trainer: Epoch 45
2026-05-14 21:24:47,044 INFO src.train.trainer: Last model at epoch 45 saved to /root/autodl-tmp/em_eqf/experiments/reg_mixer_attnpl_ab/runs/reg_ab_log_pretrain_seed_1/last_model_1.pth
2026-05-14 21:24:47,044 INFO src.train.trainer: Epoch 46
2026-05-14 21:24:50,125 INFO src.train.trainer: Last model at epoch 46 saved to /root/autodl-tmp/em_eqf/experiments/reg_mixer_attnpl_ab/runs/reg_ab_log_pretrain_seed_1/last_model_1.pth
2026-05-14 21:24:50,126 INFO src.train.trainer: Epoch 47
2026-05-14 21:24:53,117 INFO src.train.trainer: Last model at epoch 47 saved to /root/autodl-tmp/em_eqf/experiments/reg_mixer_attnpl_ab/runs/reg_ab_log_pretrain_seed_1/last_model_1.pth
2026-05-14 21:24:53,117 INFO src.train.trainer: Epoch 48
2026-05-14 21:24:56,204 INFO src.train.trainer: Last model at epoch 48 saved to /root/autodl-tmp/em_eqf/experiments/reg_mixer_attnpl_ab/runs/reg_ab_log_pretrain_seed_1/last_model_1.pth
2026-05-14 21:24:56,204 INFO src.train.trainer: Epoch 49
2026-05-14 21:24:59,239 INFO src.train.trainer: Last model at epoch 49 saved to /root/autodl-tmp/em_eqf/experiments/reg_mixer_attnpl_ab/runs/reg_ab_log_pretrain_seed_1/last_model_1.pth
2026-05-14 21:24:59,239 INFO src.train.trainer: Epoch 50
2026-05-14 21:25:02,422 INFO src.train.trainer: Last model at epoch 50 saved to /root/autodl-tmp/em_eqf/experiments/reg_mixer_attnpl_ab/runs/reg_ab_log_pretrain_seed_1/last_model_1.pth
2026-05-14 21:25:02,423 INFO src.train.trainer: Epoch 51
2026-05-14 21:25:05,563 INFO src.train.trainer: Last model at epoch 51 saved to /root/autodl-tmp/em_eqf/experiments/reg_mixer_attnpl_ab/runs/reg_ab_log_pretrain_seed_1/last_model_1.pth
2026-05-14 21:25:05,563 INFO src.train.trainer: Epoch 52
2026-05-14 21:25:08,480 INFO src.train.trainer: Last model at epoch 52 saved to /root/autodl-tmp/em_eqf/experiments/reg_mixer_attnpl_ab/runs/reg_ab_log_pretrain_seed_1/last_model_1.pth
2026-05-14 21:25:08,480 INFO src.train.trainer: Epoch 53
2026-05-14 21:25:11,455 INFO src.train.trainer: Last model at epoch 53 saved to /root/autodl-tmp/em_eqf/experiments/reg_mixer_attnpl_ab/runs/reg_ab_log_pretrain_seed_1/last_model_1.pth
2026-05-14 21:25:11,456 INFO src.train.trainer: Epoch 54
2026-05-14 21:25:14,357 INFO src.train.trainer: Last model at epoch 54 saved to /root/autodl-tmp/em_eqf/experiments/reg_mixer_attnpl_ab/runs/reg_ab_log_pretrain_seed_1/last_model_1.pth
2026-05-14 21:25:14,357 INFO src.train.trainer: Epoch 55
2026-05-14 21:25:17,373 INFO src.train.trainer: Last model at epoch 55 saved to /root/autodl-tmp/em_eqf/experiments/reg_mixer_attnpl_ab/runs/reg_ab_log_pretrain_seed_1/last_model_1.pth
2026-05-14 21:25:17,374 INFO src.train.trainer: Epoch 56
2026-05-14 21:25:20,529 INFO src.train.trainer: Last model at epoch 56 saved to /root/autodl-tmp/em_eqf/experiments/reg_mixer_attnpl_ab/runs/reg_ab_log_pretrain_seed_1/last_model_1.pth
2026-05-14 21:25:20,530 INFO src.train.trainer: Epoch 57
2026-05-14 21:25:23,518 INFO src.train.trainer: Last model at epoch 57 saved to /root/autodl-tmp/em_eqf/experiments/reg_mixer_attnpl_ab/runs/reg_ab_log_pretrain_seed_1/last_model_1.pth
2026-05-14 21:25:23,518 INFO src.train.trainer: Epoch 58
2026-05-14 21:25:26,602 INFO src.train.trainer: Last model at epoch 58 saved to /root/autodl-tmp/em_eqf/experiments/reg_mixer_attnpl_ab/runs/reg_ab_log_pretrain_seed_1/last_model_1.pth
2026-05-14 21:25:26,602 INFO src.train.trainer: Epoch 59
2026-05-14 21:25:29,539 INFO src.train.trainer: Last model at epoch 59 saved to /root/autodl-tmp/em_eqf/experiments/reg_mixer_attnpl_ab/runs/reg_ab_log_pretrain_seed_1/last_model_1.pth
2026-05-14 21:25:29,540 INFO src.train.trainer: Epoch 60
2026-05-14 21:25:32,746 INFO src.train.trainer: Last model at epoch 60 saved to /root/autodl-tmp/em_eqf/experiments/reg_mixer_attnpl_ab/runs/reg_ab_log_pretrain_seed_1/last_model_1.pth
2026-05-14 21:25:32,762 INFO src.train.trainer: Saved epoch 60 snapshot to /root/autodl-tmp/em_eqf/experiments/reg_mixer_attnpl_ab/runs/reg_ab_log_pretrain_seed_1/epoch_60_model_1.pth
2026-05-14 21:25:32,762 INFO src.train.trainer: Epoch 61
2026-05-14 21:25:35,865 INFO src.train.trainer: Last model at epoch 61 saved to /root/autodl-tmp/em_eqf/experiments/reg_mixer_attnpl_ab/runs/reg_ab_log_pretrain_seed_1/last_model_1.pth
2026-05-14 21:25:35,865 INFO src.train.trainer: Epoch 62
2026-05-14 21:25:38,944 INFO src.train.trainer: Last model at epoch 62 saved to /root/autodl-tmp/em_eqf/experiments/reg_mixer_attnpl_ab/runs/reg_ab_log_pretrain_seed_1/last_model_1.pth
2026-05-14 21:25:38,944 INFO src.train.trainer: Epoch 63
2026-05-14 21:25:42,016 INFO src.train.trainer: Last model at epoch 63 saved to /root/autodl-tmp/em_eqf/experiments/reg_mixer_attnpl_ab/runs/reg_ab_log_pretrain_seed_1/last_model_1.pth
2026-05-14 21:25:42,016 INFO src.train.trainer: Epoch 64
2026-05-14 21:25:45,042 INFO src.train.trainer: Last model at epoch 64 saved to /root/autodl-tmp/em_eqf/experiments/reg_mixer_attnpl_ab/runs/reg_ab_log_pretrain_seed_1/last_model_1.pth
2026-05-14 21:25:45,043 INFO src.train.trainer: Epoch 65
2026-05-14 21:25:48,227 INFO src.train.trainer: Last model at epoch 65 saved to /root/autodl-tmp/em_eqf/experiments/reg_mixer_attnpl_ab/runs/reg_ab_log_pretrain_seed_1/last_model_1.pth
2026-05-14 21:25:48,228 INFO src.train.trainer: Epoch 66
2026-05-14 21:25:51,206 INFO src.train.trainer: Last model at epoch 66 saved to /root/autodl-tmp/em_eqf/experiments/reg_mixer_attnpl_ab/runs/reg_ab_log_pretrain_seed_1/last_model_1.pth
2026-05-14 21:25:51,206 INFO src.train.trainer: Epoch 67
2026-05-14 21:25:54,210 INFO src.train.trainer: Last model at epoch 67 saved to /root/autodl-tmp/em_eqf/experiments/reg_mixer_attnpl_ab/runs/reg_ab_log_pretrain_seed_1/last_model_1.pth
2026-05-14 21:25:54,211 INFO src.train.trainer: Epoch 68
2026-05-14 21:25:57,325 INFO src.train.trainer: Last model at epoch 68 saved to /root/autodl-tmp/em_eqf/experiments/reg_mixer_attnpl_ab/runs/reg_ab_log_pretrain_seed_1/last_model_1.pth
2026-05-14 21:25:57,326 INFO src.train.trainer: Epoch 69
2026-05-14 21:26:00,297 INFO src.train.trainer: Last model at epoch 69 saved to /root/autodl-tmp/em_eqf/experiments/reg_mixer_attnpl_ab/runs/reg_ab_log_pretrain_seed_1/last_model_1.pth
2026-05-14 21:26:00,297 INFO src.train.trainer: Epoch 70
2026-05-14 21:26:03,419 INFO src.train.trainer: Last model at epoch 70 saved to /root/autodl-tmp/em_eqf/experiments/reg_mixer_attnpl_ab/runs/reg_ab_log_pretrain_seed_1/last_model_1.pth
2026-05-14 21:26:03,419 INFO src.train.trainer: Epoch 71
2026-05-14 21:26:06,534 INFO src.train.trainer: Last model at epoch 71 saved to /root/autodl-tmp/em_eqf/experiments/reg_mixer_attnpl_ab/runs/reg_ab_log_pretrain_seed_1/last_model_1.pth
2026-05-14 21:26:06,534 INFO src.train.trainer: Epoch 72
2026-05-14 21:26:09,481 INFO src.train.trainer: Last model at epoch 72 saved to /root/autodl-tmp/em_eqf/experiments/reg_mixer_attnpl_ab/runs/reg_ab_log_pretrain_seed_1/last_model_1.pth
2026-05-14 21:26:09,481 INFO src.train.trainer: Epoch 73
2026-05-14 21:26:11,927 INFO src.train.trainer: Last model at epoch 73 saved to /root/autodl-tmp/em_eqf/experiments/reg_mixer_attnpl_ab/runs/reg_ab_log_pretrain_seed_1/last_model_1.pth
2026-05-14 21:26:11,927 INFO src.train.trainer: Epoch 74
2026-05-14 21:26:14,843 INFO src.train.trainer: Last model at epoch 74 saved to /root/autodl-tmp/em_eqf/experiments/reg_mixer_attnpl_ab/runs/reg_ab_log_pretrain_seed_1/last_model_1.pth
2026-05-14 21:26:14,843 INFO src.train.trainer: Epoch 75
2026-05-14 21:26:17,520 INFO src.train.trainer: Last model at epoch 75 saved to /root/autodl-tmp/em_eqf/experiments/reg_mixer_attnpl_ab/runs/reg_ab_log_pretrain_seed_1/last_model_1.pth
2026-05-14 21:26:17,520 INFO src.train.trainer: Epoch 76
2026-05-14 21:26:20,592 INFO src.train.trainer: Last model at epoch 76 saved to /root/autodl-tmp/em_eqf/experiments/reg_mixer_attnpl_ab/runs/reg_ab_log_pretrain_seed_1/last_model_1.pth
2026-05-14 21:26:20,592 INFO src.train.trainer: Epoch 77
2026-05-14 21:26:23,937 INFO src.train.trainer: Last model at epoch 77 saved to /root/autodl-tmp/em_eqf/experiments/reg_mixer_attnpl_ab/runs/reg_ab_log_pretrain_seed_1/last_model_1.pth
2026-05-14 21:26:23,937 INFO src.train.trainer: Epoch 78
2026-05-14 21:26:27,124 INFO src.train.trainer: Last model at epoch 78 saved to /root/autodl-tmp/em_eqf/experiments/reg_mixer_attnpl_ab/runs/reg_ab_log_pretrain_seed_1/last_model_1.pth
2026-05-14 21:26:27,124 INFO src.train.trainer: Epoch 79
2026-05-14 21:26:30,313 INFO src.train.trainer: Last model at epoch 79 saved to /root/autodl-tmp/em_eqf/experiments/reg_mixer_attnpl_ab/runs/reg_ab_log_pretrain_seed_1/last_model_1.pth
2026-05-14 21:26:30,313 INFO src.train.trainer: Epoch 80
2026-05-14 21:26:33,397 INFO src.train.trainer: Last model at epoch 80 saved to /root/autodl-tmp/em_eqf/experiments/reg_mixer_attnpl_ab/runs/reg_ab_log_pretrain_seed_1/last_model_1.pth
2026-05-14 21:26:33,404 INFO src.train.trainer: Saved epoch 80 snapshot to /root/autodl-tmp/em_eqf/experiments/reg_mixer_attnpl_ab/runs/reg_ab_log_pretrain_seed_1/epoch_80_model_1.pth
2026-05-14 21:26:33,405 INFO src.train.trainer: Epoch 81
2026-05-14 21:26:36,146 INFO src.train.trainer: Last model at epoch 81 saved to /root/autodl-tmp/em_eqf/experiments/reg_mixer_attnpl_ab/runs/reg_ab_log_pretrain_seed_1/last_model_1.pth
2026-05-14 21:26:36,146 INFO src.train.trainer: Epoch 82
2026-05-14 21:26:39,248 INFO src.train.trainer: Last model at epoch 82 saved to /root/autodl-tmp/em_eqf/experiments/reg_mixer_attnpl_ab/runs/reg_ab_log_pretrain_seed_1/last_model_1.pth
2026-05-14 21:26:39,248 INFO src.train.trainer: Epoch 83
2026-05-14 21:26:42,164 INFO src.train.trainer: Last model at epoch 83 saved to /root/autodl-tmp/em_eqf/experiments/reg_mixer_attnpl_ab/runs/reg_ab_log_pretrain_seed_1/last_model_1.pth
2026-05-14 21:26:42,164 INFO src.train.trainer: Epoch 84
2026-05-14 21:26:45,161 INFO src.train.trainer: Last model at epoch 84 saved to /root/autodl-tmp/em_eqf/experiments/reg_mixer_attnpl_ab/runs/reg_ab_log_pretrain_seed_1/last_model_1.pth
2026-05-14 21:26:45,162 INFO src.train.trainer: Epoch 85
2026-05-14 21:26:48,577 INFO src.train.trainer: Last model at epoch 85 saved to /root/autodl-tmp/em_eqf/experiments/reg_mixer_attnpl_ab/runs/reg_ab_log_pretrain_seed_1/last_model_1.pth
2026-05-14 21:26:48,578 INFO src.train.trainer: Epoch 86
2026-05-14 21:26:51,550 INFO src.train.trainer: Last model at epoch 86 saved to /root/autodl-tmp/em_eqf/experiments/reg_mixer_attnpl_ab/runs/reg_ab_log_pretrain_seed_1/last_model_1.pth
2026-05-14 21:26:51,551 INFO src.train.trainer: Epoch 87
2026-05-14 21:26:54,519 INFO src.train.trainer: Last model at epoch 87 saved to /root/autodl-tmp/em_eqf/experiments/reg_mixer_attnpl_ab/runs/reg_ab_log_pretrain_seed_1/last_model_1.pth
2026-05-14 21:26:54,519 INFO src.train.trainer: Epoch 88
2026-05-14 21:26:57,452 INFO src.train.trainer: Last model at epoch 88 saved to /root/autodl-tmp/em_eqf/experiments/reg_mixer_attnpl_ab/runs/reg_ab_log_pretrain_seed_1/last_model_1.pth
2026-05-14 21:26:57,452 INFO src.train.trainer: Epoch 89
2026-05-14 21:27:00,438 INFO src.train.trainer: Last model at epoch 89 saved to /root/autodl-tmp/em_eqf/experiments/reg_mixer_attnpl_ab/runs/reg_ab_log_pretrain_seed_1/last_model_1.pth
2026-05-14 21:27:00,438 INFO src.train.trainer: Epoch 90
2026-05-14 21:27:03,325 INFO src.train.trainer: Last model at epoch 90 saved to /root/autodl-tmp/em_eqf/experiments/reg_mixer_attnpl_ab/runs/reg_ab_log_pretrain_seed_1/last_model_1.pth
2026-05-14 21:27:03,325 INFO src.train.trainer: Epoch 91
2026-05-14 21:27:06,417 INFO src.train.trainer: Last model at epoch 91 saved to /root/autodl-tmp/em_eqf/experiments/reg_mixer_attnpl_ab/runs/reg_ab_log_pretrain_seed_1/last_model_1.pth
2026-05-14 21:27:06,417 INFO src.train.trainer: Epoch 92
2026-05-14 21:27:09,424 INFO src.train.trainer: Last model at epoch 92 saved to /root/autodl-tmp/em_eqf/experiments/reg_mixer_attnpl_ab/runs/reg_ab_log_pretrain_seed_1/last_model_1.pth
2026-05-14 21:27:09,424 INFO src.train.trainer: Epoch 93
2026-05-14 21:27:12,449 INFO src.train.trainer: Last model at epoch 93 saved to /root/autodl-tmp/em_eqf/experiments/reg_mixer_attnpl_ab/runs/reg_ab_log_pretrain_seed_1/last_model_1.pth
2026-05-14 21:27:12,450 INFO src.train.trainer: Epoch 94
2026-05-14 21:27:15,605 INFO src.train.trainer: Last model at epoch 94 saved to /root/autodl-tmp/em_eqf/experiments/reg_mixer_attnpl_ab/runs/reg_ab_log_pretrain_seed_1/last_model_1.pth
2026-05-14 21:27:15,605 INFO src.train.trainer: Epoch 95
2026-05-14 21:27:18,754 INFO src.train.trainer: Last model at epoch 95 saved to /root/autodl-tmp/em_eqf/experiments/reg_mixer_attnpl_ab/runs/reg_ab_log_pretrain_seed_1/last_model_1.pth
2026-05-14 21:27:18,754 INFO src.train.trainer: Epoch 96
2026-05-14 21:27:22,156 INFO src.train.trainer: Last model at epoch 96 saved to /root/autodl-tmp/em_eqf/experiments/reg_mixer_attnpl_ab/runs/reg_ab_log_pretrain_seed_1/last_model_1.pth
2026-05-14 21:27:22,156 INFO src.train.trainer: Epoch 97
2026-05-14 21:27:25,592 INFO src.train.trainer: Last model at epoch 97 saved to /root/autodl-tmp/em_eqf/experiments/reg_mixer_attnpl_ab/runs/reg_ab_log_pretrain_seed_1/last_model_1.pth
2026-05-14 21:27:25,592 INFO src.train.trainer: Epoch 98
2026-05-14 21:27:28,753 INFO src.train.trainer: Last model at epoch 98 saved to /root/autodl-tmp/em_eqf/experiments/reg_mixer_attnpl_ab/runs/reg_ab_log_pretrain_seed_1/last_model_1.pth
2026-05-14 21:27:28,753 INFO src.train.trainer: Epoch 99
2026-05-14 21:27:32,357 INFO src.train.trainer: Last model at epoch 99 saved to /root/autodl-tmp/em_eqf/experiments/reg_mixer_attnpl_ab/runs/reg_ab_log_pretrain_seed_1/last_model_1.pth
2026-05-14 21:27:32,357 INFO src.train.trainer: Epoch 100
2026-05-14 21:27:35,575 INFO src.train.trainer: Last model at epoch 100 saved to /root/autodl-tmp/em_eqf/experiments/reg_mixer_attnpl_ab/runs/reg_ab_log_pretrain_seed_1/last_model_1.pth
2026-05-14 21:27:35,603 INFO src.train.trainer: Saved epoch 100 snapshot to /root/autodl-tmp/em_eqf/experiments/reg_mixer_attnpl_ab/runs/reg_ab_log_pretrain_seed_1/epoch_100_model_1.pth
2026-05-14 21:27:35,604 INFO src.train.trainer: Epoch 101
2026-05-14 21:27:39,456 INFO src.train.trainer: Last model at epoch 101 saved to /root/autodl-tmp/em_eqf/experiments/reg_mixer_attnpl_ab/runs/reg_ab_log_pretrain_seed_1/last_model_1.pth
2026-05-14 21:27:39,456 INFO src.train.trainer: Epoch 102
2026-05-14 21:27:43,208 INFO src.train.trainer: Last model at epoch 102 saved to /root/autodl-tmp/em_eqf/experiments/reg_mixer_attnpl_ab/runs/reg_ab_log_pretrain_seed_1/last_model_1.pth
2026-05-14 21:27:43,209 INFO src.train.trainer: Epoch 103
2026-05-14 21:27:46,787 INFO src.train.trainer: Last model at epoch 103 saved to /root/autodl-tmp/em_eqf/experiments/reg_mixer_attnpl_ab/runs/reg_ab_log_pretrain_seed_1/last_model_1.pth
2026-05-14 21:27:46,787 INFO src.train.trainer: Epoch 104
2026-05-14 21:27:50,642 INFO src.train.trainer: Last model at epoch 104 saved to /root/autodl-tmp/em_eqf/experiments/reg_mixer_attnpl_ab/runs/reg_ab_log_pretrain_seed_1/last_model_1.pth
2026-05-14 21:27:50,643 INFO src.train.trainer: Epoch 105
2026-05-14 21:27:53,925 INFO src.train.trainer: Last model at epoch 105 saved to /root/autodl-tmp/em_eqf/experiments/reg_mixer_attnpl_ab/runs/reg_ab_log_pretrain_seed_1/last_model_1.pth
2026-05-14 21:27:53,926 INFO src.train.trainer: Epoch 106
2026-05-14 21:27:57,033 INFO src.train.trainer: Last model at epoch 106 saved to /root/autodl-tmp/em_eqf/experiments/reg_mixer_attnpl_ab/runs/reg_ab_log_pretrain_seed_1/last_model_1.pth
2026-05-14 21:27:57,033 INFO src.train.trainer: Epoch 107
2026-05-14 21:27:59,919 INFO src.train.trainer: Last model at epoch 107 saved to /root/autodl-tmp/em_eqf/experiments/reg_mixer_attnpl_ab/runs/reg_ab_log_pretrain_seed_1/last_model_1.pth
2026-05-14 21:27:59,919 INFO src.train.trainer: Epoch 108
2026-05-14 21:28:02,874 INFO src.train.trainer: Last model at epoch 108 saved to /root/autodl-tmp/em_eqf/experiments/reg_mixer_attnpl_ab/runs/reg_ab_log_pretrain_seed_1/last_model_1.pth
2026-05-14 21:28:02,874 INFO src.train.trainer: Epoch 109
2026-05-14 21:28:05,854 INFO src.train.trainer: Last model at epoch 109 saved to /root/autodl-tmp/em_eqf/experiments/reg_mixer_attnpl_ab/runs/reg_ab_log_pretrain_seed_1/last_model_1.pth
2026-05-14 21:28:05,854 INFO src.train.trainer: Epoch 110
2026-05-14 21:28:08,920 INFO src.train.trainer: Last model at epoch 110 saved to /root/autodl-tmp/em_eqf/experiments/reg_mixer_attnpl_ab/runs/reg_ab_log_pretrain_seed_1/last_model_1.pth
2026-05-14 21:28:08,920 INFO src.train.trainer: Epoch 111
2026-05-14 21:28:11,925 INFO src.train.trainer: Last model at epoch 111 saved to /root/autodl-tmp/em_eqf/experiments/reg_mixer_attnpl_ab/runs/reg_ab_log_pretrain_seed_1/last_model_1.pth
2026-05-14 21:28:11,925 INFO src.train.trainer: Epoch 112
2026-05-14 21:28:15,044 INFO src.train.trainer: Last model at epoch 112 saved to /root/autodl-tmp/em_eqf/experiments/reg_mixer_attnpl_ab/runs/reg_ab_log_pretrain_seed_1/last_model_1.pth
2026-05-14 21:28:15,044 INFO src.train.trainer: Epoch 113
2026-05-14 21:28:18,322 INFO src.train.trainer: Last model at epoch 113 saved to /root/autodl-tmp/em_eqf/experiments/reg_mixer_attnpl_ab/runs/reg_ab_log_pretrain_seed_1/last_model_1.pth
2026-05-14 21:28:18,322 INFO src.train.trainer: Epoch 114
2026-05-14 21:28:21,455 INFO src.train.trainer: Last model at epoch 114 saved to /root/autodl-tmp/em_eqf/experiments/reg_mixer_attnpl_ab/runs/reg_ab_log_pretrain_seed_1/last_model_1.pth
2026-05-14 21:28:21,456 INFO src.train.trainer: Epoch 115
2026-05-14 21:28:24,579 INFO src.train.trainer: Last model at epoch 115 saved to /root/autodl-tmp/em_eqf/experiments/reg_mixer_attnpl_ab/runs/reg_ab_log_pretrain_seed_1/last_model_1.pth
2026-05-14 21:28:24,579 INFO src.train.trainer: Epoch 116
2026-05-14 21:28:27,647 INFO src.train.trainer: Last model at epoch 116 saved to /root/autodl-tmp/em_eqf/experiments/reg_mixer_attnpl_ab/runs/reg_ab_log_pretrain_seed_1/last_model_1.pth
2026-05-14 21:28:27,647 INFO src.train.trainer: Epoch 117
2026-05-14 21:28:31,016 INFO src.train.trainer: Last model at epoch 117 saved to /root/autodl-tmp/em_eqf/experiments/reg_mixer_attnpl_ab/runs/reg_ab_log_pretrain_seed_1/last_model_1.pth
2026-05-14 21:28:31,016 INFO src.train.trainer: Epoch 118
2026-05-14 21:28:34,147 INFO src.train.trainer: Last model at epoch 118 saved to /root/autodl-tmp/em_eqf/experiments/reg_mixer_attnpl_ab/runs/reg_ab_log_pretrain_seed_1/last_model_1.pth
2026-05-14 21:28:34,147 INFO src.train.trainer: Epoch 119
2026-05-14 21:28:37,094 INFO src.train.trainer: Last model at epoch 119 saved to /root/autodl-tmp/em_eqf/experiments/reg_mixer_attnpl_ab/runs/reg_ab_log_pretrain_seed_1/last_model_1.pth
2026-05-14 21:28:37,094 INFO src.train.trainer: Epoch 120
2026-05-14 21:28:39,954 INFO src.train.trainer: Last model at epoch 120 saved to /root/autodl-tmp/em_eqf/experiments/reg_mixer_attnpl_ab/runs/reg_ab_log_pretrain_seed_1/last_model_1.pth
2026-05-14 21:28:39,961 INFO src.train.trainer: Saved epoch 120 snapshot to /root/autodl-tmp/em_eqf/experiments/reg_mixer_attnpl_ab/runs/reg_ab_log_pretrain_seed_1/epoch_120_model_1.pth
2026-05-14 21:28:39,961 INFO src.train.trainer: Epoch 121
2026-05-14 21:28:42,795 INFO src.train.trainer: Last model at epoch 121 saved to /root/autodl-tmp/em_eqf/experiments/reg_mixer_attnpl_ab/runs/reg_ab_log_pretrain_seed_1/last_model_1.pth
2026-05-14 21:28:42,796 INFO src.train.trainer: Epoch 122
2026-05-14 21:28:45,525 INFO src.train.trainer: Last model at epoch 122 saved to /root/autodl-tmp/em_eqf/experiments/reg_mixer_attnpl_ab/runs/reg_ab_log_pretrain_seed_1/last_model_1.pth
2026-05-14 21:28:45,525 INFO src.train.trainer: Epoch 123
2026-05-14 21:28:48,426 INFO src.train.trainer: Last model at epoch 123 saved to /root/autodl-tmp/em_eqf/experiments/reg_mixer_attnpl_ab/runs/reg_ab_log_pretrain_seed_1/last_model_1.pth
2026-05-14 21:28:48,426 INFO src.train.trainer: Epoch 124
2026-05-14 21:28:51,317 INFO src.train.trainer: Last model at epoch 124 saved to /root/autodl-tmp/em_eqf/experiments/reg_mixer_attnpl_ab/runs/reg_ab_log_pretrain_seed_1/last_model_1.pth
2026-05-14 21:28:51,317 INFO src.train.trainer: Epoch 125
2026-05-14 21:28:54,216 INFO src.train.trainer: Last model at epoch 125 saved to /root/autodl-tmp/em_eqf/experiments/reg_mixer_attnpl_ab/runs/reg_ab_log_pretrain_seed_1/last_model_1.pth
2026-05-14 21:28:54,216 INFO src.train.trainer: Epoch 126
2026-05-14 21:28:57,149 INFO src.train.trainer: Last model at epoch 126 saved to /root/autodl-tmp/em_eqf/experiments/reg_mixer_attnpl_ab/runs/reg_ab_log_pretrain_seed_1/last_model_1.pth
2026-05-14 21:28:57,150 INFO src.train.trainer: Epoch 127
2026-05-14 21:29:00,084 INFO src.train.trainer: Last model at epoch 127 saved to /root/autodl-tmp/em_eqf/experiments/reg_mixer_attnpl_ab/runs/reg_ab_log_pretrain_seed_1/last_model_1.pth
2026-05-14 21:29:00,084 INFO src.train.trainer: Epoch 128
2026-05-14 21:29:03,095 INFO src.train.trainer: Last model at epoch 128 saved to /root/autodl-tmp/em_eqf/experiments/reg_mixer_attnpl_ab/runs/reg_ab_log_pretrain_seed_1/last_model_1.pth
2026-05-14 21:29:03,096 INFO src.train.trainer: Epoch 129
2026-05-14 21:29:06,399 INFO src.train.trainer: Last model at epoch 129 saved to /root/autodl-tmp/em_eqf/experiments/reg_mixer_attnpl_ab/runs/reg_ab_log_pretrain_seed_1/last_model_1.pth
2026-05-14 21:29:06,399 INFO src.train.trainer: Epoch 130
2026-05-14 21:29:09,847 INFO src.train.trainer: Last model at epoch 130 saved to /root/autodl-tmp/em_eqf/experiments/reg_mixer_attnpl_ab/runs/reg_ab_log_pretrain_seed_1/last_model_1.pth
2026-05-14 21:29:09,847 INFO src.train.trainer: Epoch 131
2026-05-14 21:29:12,951 INFO src.train.trainer: Last model at epoch 131 saved to /root/autodl-tmp/em_eqf/experiments/reg_mixer_attnpl_ab/runs/reg_ab_log_pretrain_seed_1/last_model_1.pth
2026-05-14 21:29:12,951 INFO src.train.trainer: Epoch 132
2026-05-14 21:29:16,147 INFO src.train.trainer: Last model at epoch 132 saved to /root/autodl-tmp/em_eqf/experiments/reg_mixer_attnpl_ab/runs/reg_ab_log_pretrain_seed_1/last_model_1.pth
2026-05-14 21:29:16,147 INFO src.train.trainer: Epoch 133
2026-05-14 21:29:19,070 INFO src.train.trainer: Last model at epoch 133 saved to /root/autodl-tmp/em_eqf/experiments/reg_mixer_attnpl_ab/runs/reg_ab_log_pretrain_seed_1/last_model_1.pth
2026-05-14 21:29:19,070 INFO src.train.trainer: Epoch 134
2026-05-14 21:29:22,031 INFO src.train.trainer: Last model at epoch 134 saved to /root/autodl-tmp/em_eqf/experiments/reg_mixer_attnpl_ab/runs/reg_ab_log_pretrain_seed_1/last_model_1.pth
2026-05-14 21:29:22,032 INFO src.train.trainer: Epoch 135
2026-05-14 21:29:25,065 INFO src.train.trainer: Last model at epoch 135 saved to /root/autodl-tmp/em_eqf/experiments/reg_mixer_attnpl_ab/runs/reg_ab_log_pretrain_seed_1/last_model_1.pth
2026-05-14 21:29:25,065 INFO src.train.trainer: Epoch 136
2026-05-14 21:29:28,104 INFO src.train.trainer: Last model at epoch 136 saved to /root/autodl-tmp/em_eqf/experiments/reg_mixer_attnpl_ab/runs/reg_ab_log_pretrain_seed_1/last_model_1.pth
2026-05-14 21:29:28,104 INFO src.train.trainer: Epoch 137
2026-05-14 21:29:31,091 INFO src.train.trainer: Last model at epoch 137 saved to /root/autodl-tmp/em_eqf/experiments/reg_mixer_attnpl_ab/runs/reg_ab_log_pretrain_seed_1/last_model_1.pth
2026-05-14 21:29:31,091 INFO src.train.trainer: Epoch 138
2026-05-14 21:29:34,001 INFO src.train.trainer: Last model at epoch 138 saved to /root/autodl-tmp/em_eqf/experiments/reg_mixer_attnpl_ab/runs/reg_ab_log_pretrain_seed_1/last_model_1.pth
2026-05-14 21:29:34,001 INFO src.train.trainer: Epoch 139
2026-05-14 21:29:37,154 INFO src.train.trainer: Last model at epoch 139 saved to /root/autodl-tmp/em_eqf/experiments/reg_mixer_attnpl_ab/runs/reg_ab_log_pretrain_seed_1/last_model_1.pth
2026-05-14 21:29:37,155 INFO src.train.trainer: Epoch 140
2026-05-14 21:29:40,745 INFO src.train.trainer: Last model at epoch 140 saved to /root/autodl-tmp/em_eqf/experiments/reg_mixer_attnpl_ab/runs/reg_ab_log_pretrain_seed_1/last_model_1.pth
2026-05-14 21:29:40,754 INFO src.train.trainer: Saved epoch 140 snapshot to /root/autodl-tmp/em_eqf/experiments/reg_mixer_attnpl_ab/runs/reg_ab_log_pretrain_seed_1/epoch_140_model_1.pth
2026-05-14 21:29:40,754 INFO src.train.trainer: Epoch 141
2026-05-14 21:29:44,053 INFO src.train.trainer: Last model at epoch 141 saved to /root/autodl-tmp/em_eqf/experiments/reg_mixer_attnpl_ab/runs/reg_ab_log_pretrain_seed_1/last_model_1.pth
2026-05-14 21:29:44,053 INFO src.train.trainer: Epoch 142
2026-05-14 21:29:47,020 INFO src.train.trainer: Last model at epoch 142 saved to /root/autodl-tmp/em_eqf/experiments/reg_mixer_attnpl_ab/runs/reg_ab_log_pretrain_seed_1/last_model_1.pth
2026-05-14 21:29:47,020 INFO src.train.trainer: Epoch 143
2026-05-14 21:29:50,355 INFO src.train.trainer: Last model at epoch 143 saved to /root/autodl-tmp/em_eqf/experiments/reg_mixer_attnpl_ab/runs/reg_ab_log_pretrain_seed_1/last_model_1.pth
2026-05-14 21:29:50,356 INFO src.train.trainer: Epoch 144
2026-05-14 21:29:53,629 INFO src.train.trainer: Last model at epoch 144 saved to /root/autodl-tmp/em_eqf/experiments/reg_mixer_attnpl_ab/runs/reg_ab_log_pretrain_seed_1/last_model_1.pth
2026-05-14 21:29:53,629 INFO src.train.trainer: Epoch 145
2026-05-14 21:29:56,933 INFO src.train.trainer: Last model at epoch 145 saved to /root/autodl-tmp/em_eqf/experiments/reg_mixer_attnpl_ab/runs/reg_ab_log_pretrain_seed_1/last_model_1.pth
2026-05-14 21:29:56,933 INFO src.train.trainer: Epoch 146
2026-05-14 21:29:59,870 INFO src.train.trainer: Last model at epoch 146 saved to /root/autodl-tmp/em_eqf/experiments/reg_mixer_attnpl_ab/runs/reg_ab_log_pretrain_seed_1/last_model_1.pth
2026-05-14 21:29:59,871 INFO src.train.trainer: Epoch 147
2026-05-14 21:30:03,045 INFO src.train.trainer: Last model at epoch 147 saved to /root/autodl-tmp/em_eqf/experiments/reg_mixer_attnpl_ab/runs/reg_ab_log_pretrain_seed_1/last_model_1.pth
2026-05-14 21:30:03,045 INFO src.train.trainer: Epoch 148
2026-05-14 21:30:05,868 INFO src.train.trainer: Last model at epoch 148 saved to /root/autodl-tmp/em_eqf/experiments/reg_mixer_attnpl_ab/runs/reg_ab_log_pretrain_seed_1/last_model_1.pth
2026-05-14 21:30:05,868 INFO src.train.trainer: Epoch 149
2026-05-14 21:30:08,675 INFO src.train.trainer: Last model at epoch 149 saved to /root/autodl-tmp/em_eqf/experiments/reg_mixer_attnpl_ab/runs/reg_ab_log_pretrain_seed_1/last_model_1.pth
2026-05-14 21:30:08,676 INFO src.train.trainer: Epoch 150
2026-05-14 21:30:11,812 INFO src.train.trainer: Last model at epoch 150 saved to /root/autodl-tmp/em_eqf/experiments/reg_mixer_attnpl_ab/runs/reg_ab_log_pretrain_seed_1/last_model_1.pth
2026-05-14 21:30:22,649 INFO src.data.preprocessing: CSV files found: ['chuandian_2021.csv']
2026-05-14 21:30:23,626 INFO src.utils.file_utils: Loading cached data from: data/ChuanDian/regressor/regressor_Mc_3_Mf_3_Tfore_180_Twindow_360_context_len_1_dt_10.pkl
2026-05-14 21:30:25,872 INFO src.data.preprocessing: Catalog statistics: {'tau_unfiltered': 0.15339908988298961, 'tau_q025': 0.08114294020924717, 'tau_q05': 0.5134664350189269, 'tau_mean': 1.3070542199341526, 'tau_max': 25.18216435192153, 'tau_min': 0.0, 'time_max': 18770.72654999979, 'time_mean': 10030.9430649837, 'mag_completeness': 3.0, 'mag_mean': 3.456916005014626, 'mag_max': 8.0, 'mag_min': 3.0, 'b_value': 0.856738547623331, 'b_std': 0.0071499224812533796, 'b_n': 14358}
2026-05-14 21:30:25,910 INFO src.data.event_loader: lengths of samples: min=96, max=1340, avg=265.71
2026-05-14 21:30:26,756 INFO src.models.adapters.mixer_task: using time scale base 1.3070542199341526 (key: tau_mean)
2026-05-14 21:30:26,756 INFO src.models.adapters.mixer_task: tau mean: tensor(1.3071)
2026-05-14 21:30:26,762 INFO src.train.config_setup: Restoring model from checkpoint.
2026-05-14 21:30:26,762 INFO src.train.config_setup: Loading model weights: load_specific_parts=None
2026-05-14 21:30:26,764 INFO src.train.config_setup: Checkpoint loaded: <All keys matched successfully>
2026-05-14 21:30:26,764 INFO src.train.config_setup: Full load summary: loaded=68, missing=0, unexpected=0
2026-05-14 21:30:26,765 INFO src.train.config_setup: Checkpoint hyperparameters loaded.
2026-05-14 21:30:26,765 INFO src.train.config_setup: Checkpoint train metrics available.
2026-05-14 21:30:26,765 INFO src.train.config_setup: Checkpoint val metrics available.
2026-05-14 21:30:26,765 INFO src.train.config_setup: Freeze skipped (checkpoint_restore): freeze_parts is empty.
2026-05-14 21:30:26,765 INFO src.train.config_setup: Using regression criterion: smooth_l1
2026-05-14 21:30:26,765 INFO src.train.config_setup: Criterion config: {'beta': 0.3}
2026-05-14 21:30:26,766 INFO src.train.config_setup: encoder_param_keywords: ['encoder']
2026-05-14 21:30:26,766 INFO src.train.config_setup: encoder_lr grouping summary: lr=0.0003, matched=44
2026-05-14 21:30:26,766 INFO src.train.config_setup: Encoder LR coverage [encoder]: target=44, hit=44, missing=0, complete=True
2026-05-14 21:30:26,766 INFO src.train.config_setup: encoder_lr matched preview: ['base_model.encoder.input_proj.0.weight', 'base_model.encoder.input_proj.0.bias', 'base_model.encoder.input_proj.3.weight', 'base_model.encoder.input_proj.3.bias', 'base_model.encoder.layers.0.norm.weight', 'base_model.encoder.layers.0.norm.bias', 'base_model.encoder.layers.0.mixer.dt_bias', 'base_model.encoder.layers.0.mixer.A_log', 'base_model.encoder.layers.0.mixer.D', 'base_model.encoder.layers.0.mixer.in_proj.weight'] ... (+34 more)
2026-05-14 21:30:26,766 INFO src.train.config_setup: Not resuming optimizer/scheduler state; reset training state to start_epoch=0, best_val_loss=inf.
2026-05-14 21:30:37,342 INFO src.cli.workflows: Test loss: 0.03377822351952394
2026-05-14 21:30:40,999 INFO src.cli.common: Saved test metrics to /root/autodl-tmp/em_eqf/experiments/reg_mixer_attnpl_ab/runs/reg_ab_log_pretrain_seed_1/metrics_test_best_1.json
2026-05-14 21:30:41,000 INFO src.cli.common: Metrics: {'RMSE': 0.8557617203917802, 'MAE': 0.7427327755044718, 'MSE': 0.7323281220878994, 'MAPE': 16.191135138711285, 'R2': -1.1884408706666507, 'PearsonR': 0.2140330604118329, 'PearsonR_diff': 0.22242853241640176, 'DA': 0.07692307692307693, 'SpearmanR': 0.2153671931570035, 'SpearmanR_diff': 0.20196865454821855, 'DTW': 123.57269248366356, 'DTW_normalized': 0.6752606146648282}
2026-05-14 21:30:51,355 INFO src.data.preprocessing: CSV files found: ['chuandian_2021.csv']
2026-05-14 21:30:52,266 INFO src.utils.file_utils: Loading cached data from: data/ChuanDian/regressor/regressor_Mc_3_Mf_3_Tfore_180_Twindow_360_context_len_1_dt_10.pkl
2026-05-14 21:30:54,487 INFO src.data.preprocessing: Catalog statistics: {'tau_unfiltered': 0.15339908988298961, 'tau_q025': 0.08114294020924717, 'tau_q05': 0.5134664350189269, 'tau_mean': 1.3070542199341526, 'tau_max': 25.18216435192153, 'tau_min': 0.0, 'time_max': 18770.72654999979, 'time_mean': 10030.9430649837, 'mag_completeness': 3.0, 'mag_mean': 3.456916005014626, 'mag_max': 8.0, 'mag_min': 3.0, 'b_value': 0.856738547623331, 'b_std': 0.0071499224812533796, 'b_n': 14358}
2026-05-14 21:30:54,526 INFO src.data.event_loader: lengths of samples: min=96, max=1340, avg=265.71
2026-05-14 21:30:55,344 INFO src.models.adapters.mixer_task: using time scale base 1.3070542199341526 (key: tau_mean)
2026-05-14 21:30:55,344 INFO src.models.adapters.mixer_task: tau mean: tensor(1.3071)
2026-05-14 21:30:55,350 INFO src.train.config_setup: Restoring model from checkpoint.
2026-05-14 21:30:55,351 INFO src.train.config_setup: Loading model weights: load_specific_parts=None
2026-05-14 21:30:55,353 INFO src.train.config_setup: Checkpoint loaded: <All keys matched successfully>
2026-05-14 21:30:55,353 INFO src.train.config_setup: Full load summary: loaded=68, missing=0, unexpected=0
2026-05-14 21:30:55,354 INFO src.train.config_setup: Checkpoint hyperparameters loaded.
2026-05-14 21:30:55,354 INFO src.train.config_setup: Checkpoint train metrics available.
2026-05-14 21:30:55,354 INFO src.train.config_setup: Checkpoint val metrics available.
2026-05-14 21:30:55,354 INFO src.train.config_setup: Freeze skipped (checkpoint_restore): freeze_parts is empty.
2026-05-14 21:30:55,354 INFO src.train.config_setup: Using regression criterion: smooth_l1
2026-05-14 21:30:55,354 INFO src.train.config_setup: Criterion config: {'beta': 0.3}
2026-05-14 21:30:55,355 INFO src.train.config_setup: encoder_param_keywords: ['encoder']
2026-05-14 21:30:55,355 INFO src.train.config_setup: encoder_lr grouping summary: lr=0.0003, matched=44
2026-05-14 21:30:55,355 INFO src.train.config_setup: Encoder LR coverage [encoder]: target=44, hit=44, missing=0, complete=True
2026-05-14 21:30:55,355 INFO src.train.config_setup: encoder_lr matched preview: ['base_model.encoder.input_proj.0.weight', 'base_model.encoder.input_proj.0.bias', 'base_model.encoder.input_proj.3.weight', 'base_model.encoder.input_proj.3.bias', 'base_model.encoder.layers.0.norm.weight', 'base_model.encoder.layers.0.norm.bias', 'base_model.encoder.layers.0.mixer.dt_bias', 'base_model.encoder.layers.0.mixer.A_log', 'base_model.encoder.layers.0.mixer.D', 'base_model.encoder.layers.0.mixer.in_proj.weight'] ... (+34 more)
2026-05-14 21:30:55,355 INFO src.train.config_setup: Not resuming optimizer/scheduler state; reset training state to start_epoch=0, best_val_loss=inf.
2026-05-14 21:31:02,221 INFO src.cli.workflows: Test loss: 0.043267774706085525
2026-05-14 21:31:06,222 INFO src.cli.common: Saved test metrics to /root/autodl-tmp/em_eqf/experiments/reg_mixer_attnpl_ab/runs/reg_ab_log_pretrain_seed_1/metrics_test_last_1.json
2026-05-14 21:31:06,223 INFO src.cli.common: Metrics: {'RMSE': 0.9633847705501262, 'MAE': 0.797351206912369, 'MSE': 0.9281102161279192, 'MAPE': 17.12516217134621, 'R2': -1.7735031172458617, 'PearsonR': -0.033780865074867925, 'PearsonR_diff': 0.023931173861413507, 'DA': 0.04945054945054945, 'SpearmanR': -0.23181604174255035, 'SpearmanR_diff': 0.04181401554340626, 'DTW': 106.62731891870499, 'DTW_normalized': 0.5826629449109562}
