2026-05-10 12:58:11,450 INFO src.data.preprocessing: CSV files found: ['chuandian_2021.csv']
2026-05-10 12:58:12,198 INFO src.utils.file_utils: Loading cached data from: data/ChuanDian/classifier/classifier_Mc_3_Mf_4.5_Tfore_30_Twindow_180_context_len_1_dt_10.pkl
2026-05-10 12:58:12,527 INFO src.data.preprocessing: Catalog statistics: {'tau_unfiltered': 0.15339908988298961, 'tau_q025': 0.08114294020924717, 'tau_q05': 0.5134664350189269, 'tau_mean': 1.3070542199341526, 'tau_max': 25.18216435192153, 'tau_min': 0.0, 'time_max': 18770.72654999979, 'time_mean': 10030.9430649837, 'mag_completeness': 3.0, 'mag_mean': 3.456916005014626, 'mag_max': 8.0, 'mag_min': 3.0, 'b_value': 0.856738547623331, 'b_std': 0.0071499224812533796, 'b_n': 14358}
2026-05-10 12:58:12,545 INFO src.data.event_loader: lengths of samples: min=32, max=981, avg=135.26
2026-05-10 12:58:12,545 INFO src.data.event_loader: Number of positive samples: 836
2026-05-10 12:58:12,545 INFO src.data.event_loader: Number of negative samples: 594
2026-05-10 12:58:12,546 INFO src.data.event_loader: Positive samples: 706, Negative samples: 438
2026-05-10 12:58:12,546 INFO src.data.event_loader: Total samples: 1144, Positive ratio: 0.62, Negative ratio: 0.38
2026-05-10 12:58:12,547 INFO src.data.event_loader: Positive samples: 83, Negative samples: 60
2026-05-10 12:58:12,547 INFO src.data.event_loader: Total samples: 143, Positive ratio: 0.58, Negative ratio: 0.42
2026-05-10 12:58:12,547 INFO src.data.event_loader: Positive samples: 47, Negative samples: 96
2026-05-10 12:58:12,547 INFO src.data.event_loader: Total samples: 143, Positive ratio: 0.33, Negative ratio: 0.67
2026-05-10 12:58:12,694 INFO src.cli.workflows: Loading checkpoint from: ./checkpoints/mixer_tpp_20260508-182744/last_model_1.pth
2026-05-10 12:58:13,249 INFO src.models.adapters.mixer_task: using time scale base 1.3070542199341526 (key: tau_mean)
2026-05-10 12:58:13,249 INFO src.models.adapters.mixer_task: tau mean: tensor(1.3071)
2026-05-10 12:58:13,254 INFO src.train.config_setup: Restoring model from checkpoint.
2026-05-10 12:58:13,254 INFO src.train.config_setup: Loading model weights: load_specific_parts=['encoder']
2026-05-10 12:58:13,255 INFO src.train.config_setup: Selective load summary: requested_parts=['encoder'], target_in_model=40, matched_in_checkpoint=30, loaded=30, missing_after_load=10, shape_mismatch=0, missing_in_model=0, out_of_scope_loaded=0
2026-05-10 12:58:13,255 INFO src.train.config_setup: Selective load coverage [encoder]: target=40, hit=30, missing=10, complete=False
2026-05-10 12:58:13,255 WARNING src.train.config_setup: Selective load coverage missing preview [encoder]: ['base_model.encoder.layers.2.mixer.in_proj.bias', 'base_model.encoder.layers.2.mixer.in_proj.weight', 'base_model.encoder.layers.2.mixer.out_proj.bias', 'base_model.encoder.layers.2.mixer.out_proj.weight', 'base_model.encoder.layers.2.mlp.fc1.weight', 'base_model.encoder.layers.2.mlp.fc2.weight', 'base_model.encoder.layers.2.norm.bias', 'base_model.encoder.layers.2.norm.weight'] ... (+2 more)
2026-05-10 12:58:13,255 WARNING src.train.config_setup: Checkpoint missing target parameter preview: ['base_model.encoder.layers.2.mixer.in_proj.bias', 'base_model.encoder.layers.2.mixer.in_proj.weight', 'base_model.encoder.layers.2.mixer.out_proj.bias', 'base_model.encoder.layers.2.mixer.out_proj.weight', 'base_model.encoder.layers.2.mlp.fc1.weight', 'base_model.encoder.layers.2.mlp.fc2.weight', 'base_model.encoder.layers.2.norm.bias', 'base_model.encoder.layers.2.norm.weight', 'base_model.encoder.layers.2.norm2.bias', 'base_model.encoder.layers.2.norm2.weight']
2026-05-10 12:58:13,255 WARNING src.train.config_setup: Target not-loaded parameter preview: ['base_model.encoder.layers.2.mixer.in_proj.bias', 'base_model.encoder.layers.2.mixer.in_proj.weight', 'base_model.encoder.layers.2.mixer.out_proj.bias', 'base_model.encoder.layers.2.mixer.out_proj.weight', 'base_model.encoder.layers.2.mlp.fc1.weight', 'base_model.encoder.layers.2.mlp.fc2.weight', 'base_model.encoder.layers.2.norm.bias', 'base_model.encoder.layers.2.norm.weight', 'base_model.encoder.layers.2.norm2.bias', 'base_model.encoder.layers.2.norm2.weight']
2026-05-10 12:58:13,255 INFO src.train.config_setup: Loaded parameter preview: ['base_model.encoder.layers.0.mixer.dt_bias', 'base_model.encoder.layers.1.mixer.D', 'base_model.encoder.norm_f.bias', 'base_model.encoder.norm_f.weight', 'base_model.encoder.layers.0.mixer.in_proj.weight', 'base_model.encoder.input_proj.0.weight', 'base_model.encoder.layers.1.mlp.fc2.weight', 'base_model.encoder.layers.0.mixer.A_log', 'base_model.encoder.input_proj.3.bias', 'base_model.encoder.layers.0.mixer.norm.weight'] ... (+20 more)
2026-05-10 12:58:13,257 INFO src.train.config_setup: Checkpoint hyperparameters loaded.
2026-05-10 12:58:13,257 INFO src.train.config_setup: Checkpoint train metrics available.
2026-05-10 12:58:13,257 INFO src.train.config_setup: Checkpoint val metrics available.
2026-05-10 12:58:13,257 INFO src.train.config_setup: Freeze skipped (checkpoint_restore): freeze_parts is empty.
2026-05-10 12:58:13,257 INFO src.train.config_setup: Using classification criterion: bce
2026-05-10 12:58:13,257 INFO src.train.config_setup: Criterion config: {}
2026-05-10 12:58:13,258 INFO src.train.config_setup: Not resuming optimizer/scheduler state; reset training state to start_epoch=0, best_val_loss=inf.
2026-05-10 12:58:13,258 INFO src.train.trainer: Epoch 1
2026-05-10 12:58:26,263 INFO src.train.trainer: New best validation loss: 0.6900, saved to /root/autodl-tmp/em_eqf/experiments/clf_grid_2/runs/tf_30_mf_4p5_seed_0/best_model_1.pth
2026-05-10 12:58:26,270 INFO src.train.trainer: Last model at epoch 1 saved to /root/autodl-tmp/em_eqf/experiments/clf_grid_2/runs/tf_30_mf_4p5_seed_0/last_model_1.pth
2026-05-10 12:58:26,270 INFO src.train.trainer: Epoch 2
2026-05-10 12:58:28,169 INFO src.train.trainer: New best validation loss: 0.6874, saved to /root/autodl-tmp/em_eqf/experiments/clf_grid_2/runs/tf_30_mf_4p5_seed_0/best_model_1.pth
2026-05-10 12:58:28,178 INFO src.train.trainer: Last model at epoch 2 saved to /root/autodl-tmp/em_eqf/experiments/clf_grid_2/runs/tf_30_mf_4p5_seed_0/last_model_1.pth
2026-05-10 12:58:28,178 INFO src.train.trainer: Epoch 3
2026-05-10 12:58:30,130 INFO src.train.trainer: New best validation loss: 0.6541, saved to /root/autodl-tmp/em_eqf/experiments/clf_grid_2/runs/tf_30_mf_4p5_seed_0/best_model_1.pth
2026-05-10 12:58:30,139 INFO src.train.trainer: Last model at epoch 3 saved to /root/autodl-tmp/em_eqf/experiments/clf_grid_2/runs/tf_30_mf_4p5_seed_0/last_model_1.pth
2026-05-10 12:58:30,139 INFO src.train.trainer: Epoch 4
2026-05-10 12:58:31,888 INFO src.train.trainer: New best validation loss: 0.6291, saved to /root/autodl-tmp/em_eqf/experiments/clf_grid_2/runs/tf_30_mf_4p5_seed_0/best_model_1.pth
2026-05-10 12:58:31,896 INFO src.train.trainer: Last model at epoch 4 saved to /root/autodl-tmp/em_eqf/experiments/clf_grid_2/runs/tf_30_mf_4p5_seed_0/last_model_1.pth
2026-05-10 12:58:31,896 INFO src.train.trainer: Epoch 5
2026-05-10 12:58:33,780 INFO src.train.trainer: New best validation loss: 0.6176, saved to /root/autodl-tmp/em_eqf/experiments/clf_grid_2/runs/tf_30_mf_4p5_seed_0/best_model_1.pth
2026-05-10 12:58:33,789 INFO src.train.trainer: Last model at epoch 5 saved to /root/autodl-tmp/em_eqf/experiments/clf_grid_2/runs/tf_30_mf_4p5_seed_0/last_model_1.pth
2026-05-10 12:58:33,789 INFO src.train.trainer: Epoch 6
2026-05-10 12:58:35,638 INFO src.train.trainer: Last model at epoch 6 saved to /root/autodl-tmp/em_eqf/experiments/clf_grid_2/runs/tf_30_mf_4p5_seed_0/last_model_1.pth
2026-05-10 12:58:35,638 INFO src.train.trainer: Epoch 7
2026-05-10 12:58:37,460 INFO src.train.trainer: Last model at epoch 7 saved to /root/autodl-tmp/em_eqf/experiments/clf_grid_2/runs/tf_30_mf_4p5_seed_0/last_model_1.pth
2026-05-10 12:58:37,461 INFO src.train.trainer: Epoch 8
2026-05-10 12:58:39,444 INFO src.train.trainer: Last model at epoch 8 saved to /root/autodl-tmp/em_eqf/experiments/clf_grid_2/runs/tf_30_mf_4p5_seed_0/last_model_1.pth
2026-05-10 12:58:39,444 INFO src.train.trainer: Epoch 9
2026-05-10 12:58:41,450 INFO src.train.trainer: New best validation loss: 0.5808, saved to /root/autodl-tmp/em_eqf/experiments/clf_grid_2/runs/tf_30_mf_4p5_seed_0/best_model_1.pth
2026-05-10 12:58:41,458 INFO src.train.trainer: Last model at epoch 9 saved to /root/autodl-tmp/em_eqf/experiments/clf_grid_2/runs/tf_30_mf_4p5_seed_0/last_model_1.pth
2026-05-10 12:58:41,458 INFO src.train.trainer: Epoch 10
2026-05-10 12:58:43,426 INFO src.train.trainer: Last model at epoch 10 saved to /root/autodl-tmp/em_eqf/experiments/clf_grid_2/runs/tf_30_mf_4p5_seed_0/last_model_1.pth
2026-05-10 12:58:43,427 INFO src.train.trainer: Epoch 11
2026-05-10 12:58:45,163 INFO src.train.trainer: Last model at epoch 11 saved to /root/autodl-tmp/em_eqf/experiments/clf_grid_2/runs/tf_30_mf_4p5_seed_0/last_model_1.pth
2026-05-10 12:58:45,163 INFO src.train.trainer: Epoch 12
2026-05-10 12:58:46,987 INFO src.train.trainer: Last model at epoch 12 saved to /root/autodl-tmp/em_eqf/experiments/clf_grid_2/runs/tf_30_mf_4p5_seed_0/last_model_1.pth
2026-05-10 12:58:46,987 INFO src.train.trainer: Epoch 13
2026-05-10 12:58:48,708 INFO src.train.trainer: Last model at epoch 13 saved to /root/autodl-tmp/em_eqf/experiments/clf_grid_2/runs/tf_30_mf_4p5_seed_0/last_model_1.pth
2026-05-10 12:58:48,709 INFO src.train.trainer: Epoch 14
2026-05-10 12:58:50,398 INFO src.train.trainer: Last model at epoch 14 saved to /root/autodl-tmp/em_eqf/experiments/clf_grid_2/runs/tf_30_mf_4p5_seed_0/last_model_1.pth
2026-05-10 12:58:50,398 INFO src.train.trainer: Epoch 15
2026-05-10 12:58:52,058 INFO src.train.trainer: Last model at epoch 15 saved to /root/autodl-tmp/em_eqf/experiments/clf_grid_2/runs/tf_30_mf_4p5_seed_0/last_model_1.pth
2026-05-10 12:58:52,058 INFO src.train.trainer: Epoch 16
2026-05-10 12:58:53,769 INFO src.train.trainer: Last model at epoch 16 saved to /root/autodl-tmp/em_eqf/experiments/clf_grid_2/runs/tf_30_mf_4p5_seed_0/last_model_1.pth
2026-05-10 12:58:53,769 INFO src.train.trainer: Epoch 17
2026-05-10 12:58:55,516 INFO src.train.trainer: Last model at epoch 17 saved to /root/autodl-tmp/em_eqf/experiments/clf_grid_2/runs/tf_30_mf_4p5_seed_0/last_model_1.pth
2026-05-10 12:58:55,516 INFO src.train.trainer: Epoch 18
2026-05-10 12:58:57,561 INFO src.train.trainer: Last model at epoch 18 saved to /root/autodl-tmp/em_eqf/experiments/clf_grid_2/runs/tf_30_mf_4p5_seed_0/last_model_1.pth
2026-05-10 12:58:57,561 INFO src.train.trainer: Epoch 19
2026-05-10 12:58:59,558 INFO src.train.trainer: Last model at epoch 19 saved to /root/autodl-tmp/em_eqf/experiments/clf_grid_2/runs/tf_30_mf_4p5_seed_0/last_model_1.pth
2026-05-10 12:58:59,559 INFO src.train.trainer: Early stopping triggered at epoch 19 (best epoch: 9, best val loss: 0.580762)
2026-05-10 12:59:09,112 INFO src.data.preprocessing: CSV files found: ['chuandian_2021.csv']
2026-05-10 12:59:09,957 INFO src.utils.file_utils: Loading cached data from: data/ChuanDian/classifier/classifier_Mc_3_Mf_4.5_Tfore_30_Twindow_180_context_len_1_dt_10.pkl
2026-05-10 12:59:10,349 INFO src.data.preprocessing: Catalog statistics: {'tau_unfiltered': 0.15339908988298961, 'tau_q025': 0.08114294020924717, 'tau_q05': 0.5134664350189269, 'tau_mean': 1.3070542199341526, 'tau_max': 25.18216435192153, 'tau_min': 0.0, 'time_max': 18770.72654999979, 'time_mean': 10030.9430649837, 'mag_completeness': 3.0, 'mag_mean': 3.456916005014626, 'mag_max': 8.0, 'mag_min': 3.0, 'b_value': 0.856738547623331, 'b_std': 0.0071499224812533796, 'b_n': 14358}
2026-05-10 12:59:10,369 INFO src.data.event_loader: lengths of samples: min=32, max=981, avg=135.26
2026-05-10 12:59:10,369 INFO src.data.event_loader: Number of positive samples: 836
2026-05-10 12:59:10,369 INFO src.data.event_loader: Number of negative samples: 594
2026-05-10 12:59:10,370 INFO src.data.event_loader: Positive samples: 706, Negative samples: 438
2026-05-10 12:59:10,370 INFO src.data.event_loader: Total samples: 1144, Positive ratio: 0.62, Negative ratio: 0.38
2026-05-10 12:59:10,371 INFO src.data.event_loader: Positive samples: 83, Negative samples: 60
2026-05-10 12:59:10,371 INFO src.data.event_loader: Total samples: 143, Positive ratio: 0.58, Negative ratio: 0.42
2026-05-10 12:59:10,371 INFO src.data.event_loader: Positive samples: 47, Negative samples: 96
2026-05-10 12:59:10,371 INFO src.data.event_loader: Total samples: 143, Positive ratio: 0.33, Negative ratio: 0.67
2026-05-10 12:59:10,890 INFO src.models.adapters.mixer_task: using time scale base 1.3070542199341526 (key: tau_mean)
2026-05-10 12:59:10,891 INFO src.models.adapters.mixer_task: tau mean: tensor(1.3071)
2026-05-10 12:59:10,897 INFO src.train.config_setup: Restoring model from checkpoint.
2026-05-10 12:59:10,898 INFO src.train.config_setup: Loading model weights: load_specific_parts=None
2026-05-10 12:59:10,899 INFO src.train.config_setup: Checkpoint loaded: <All keys matched successfully>
2026-05-10 12:59:10,899 INFO src.train.config_setup: Full load summary: loaded=56, missing=0, unexpected=0
2026-05-10 12:59:10,900 INFO src.train.config_setup: Checkpoint hyperparameters loaded.
2026-05-10 12:59:10,900 INFO src.train.config_setup: Checkpoint train metrics available.
2026-05-10 12:59:10,900 INFO src.train.config_setup: Checkpoint val metrics available.
2026-05-10 12:59:10,901 INFO src.train.config_setup: Freeze skipped (checkpoint_restore): freeze_parts is empty.
2026-05-10 12:59:10,901 INFO src.train.config_setup: Using classification criterion: bce
2026-05-10 12:59:10,901 INFO src.train.config_setup: Criterion config: {}
2026-05-10 12:59:10,902 INFO src.train.config_setup: Not resuming optimizer/scheduler state; reset training state to start_epoch=0, best_val_loss=inf.
2026-05-10 12:59:10,902 INFO src.cli.common: Using threshold 0.35914772748947144 from checkpoint val_metrics for testing.
2026-05-10 12:59:15,597 INFO src.utils.metrics: ROC curve saved to /root/autodl-tmp/em_eqf/experiments/clf_grid_2/runs/tf_30_mf_4p5_seed_0/roc_curve.png
2026-05-10 12:59:15,717 INFO src.utils.metrics: PR curve saved to /root/autodl-tmp/em_eqf/experiments/clf_grid_2/runs/tf_30_mf_4p5_seed_0/pr_curve.png
2026-05-10 12:59:15,780 INFO src.utils.metrics: Confusion matrix saved to /root/autodl-tmp/em_eqf/experiments/clf_grid_2/runs/tf_30_mf_4p5_seed_0/confusion_matrix.png
2026-05-10 12:59:15,780 INFO src.cli.workflows: Test loss: 0.48312633236249286
2026-05-10 12:59:16,473 INFO src.train.classifier_train_step: Prediction distribution plot has been saved to: /root/autodl-tmp/em_eqf/experiments/clf_grid_2/runs/tf_30_mf_4p5_seed_0/train_pred_distribution.png
2026-05-10 12:59:16,804 INFO src.train.classifier_train_step: Prediction distribution plot has been saved to: /root/autodl-tmp/em_eqf/experiments/clf_grid_2/runs/tf_30_mf_4p5_seed_0/val_pred_distribution.png
2026-05-10 12:59:17,127 INFO src.train.classifier_train_step: Prediction distribution plot has been saved to: /root/autodl-tmp/em_eqf/experiments/clf_grid_2/runs/tf_30_mf_4p5_seed_0/test_pred_distribution.png
2026-05-10 12:59:17,127 INFO src.cli.common: Saved test metrics to /root/autodl-tmp/em_eqf/experiments/clf_grid_2/runs/tf_30_mf_4p5_seed_0/metrics_test_best_1.json
2026-05-10 12:59:17,127 INFO src.cli.common: Metrics: {'precision': 0.4387755102040816, 'recall': 0.9148936170212766, 'f1': 0.593103448275862, 'auc': 0.8707890070921985, 'pr_auc': 0.8372712449610034, 'fpr': 0.5729166666666666, 'tpr': 0.9148936170212766, 'R': 0.34197695035460995, 'conf': 0.6033119405930532, 'threshold': 0.35914772748947144}
