2026-02-14 02:23:53,561 INFO src.data.preprocessing: CSV files found: ['chuandian_2021.csv']
2026-02-14 02:23:54,095 INFO src.utils.file_utils: Loading cached data from: data/ChuanDian/processed/rf_classifier/rf_Mag_elaps_[5.5, 6, 6.5, 7]_Mc_3_Mf_3_Tfore_180_Twindow_360_context_len_0_dMag_0.1_dt_10.pkl
2026-02-14 02:23:54,110 INFO src.data.lstm_loader: Original number of samples: 1818, number of samples after cleaning: 1818
2026-02-14 02:23:54,110 INFO src.data.lstm_loader: Replaced NaN values in X with 0.0
2026-02-14 02:23:54,135 INFO src.data.lstm_loader: Train set: 1454 samples
2026-02-14 02:23:54,135 INFO src.data.lstm_loader: Validation set: 181 samples
2026-02-14 02:23:54,135 INFO src.data.lstm_loader: Test set: 183 samples
2026-02-14 02:23:54,137 INFO __main__: No resume path provided. Training will start from scratch.
2026-02-14 02:23:54,335 INFO src.train.config_setup: Using regression criterion: smooth_l1
2026-02-14 02:23:54,335 INFO src.train.config_setup: Criterion config: {'beta': 0.6}
2026-02-14 02:23:54,336 INFO src.train.trainer: Epoch 1
2026-02-14 02:23:54,811 INFO src.train.trainer: New best validation loss: 0.1877, saved to checkpoints/lstm_20260214-022353/best_model_1.pth
2026-02-14 02:23:54,819 INFO src.train.trainer: Last model at epoch 1 saved to checkpoints/lstm_20260214-022353/last_model_1.pth
2026-02-14 02:23:54,819 INFO src.train.trainer: Epoch 2
2026-02-14 02:23:54,976 INFO src.train.trainer: New best validation loss: 0.1231, saved to checkpoints/lstm_20260214-022353/best_model_1.pth
2026-02-14 02:23:55,002 INFO src.train.trainer: Last model at epoch 2 saved to checkpoints/lstm_20260214-022353/last_model_1.pth
2026-02-14 02:23:55,002 INFO src.train.trainer: Epoch 3
2026-02-14 02:23:55,182 INFO src.train.trainer: New best validation loss: 0.0296, saved to checkpoints/lstm_20260214-022353/best_model_1.pth
2026-02-14 02:23:55,199 INFO src.train.trainer: Last model at epoch 3 saved to checkpoints/lstm_20260214-022353/last_model_1.pth
2026-02-14 02:23:55,200 INFO src.train.trainer: Epoch 4
2026-02-14 02:23:55,378 INFO src.train.trainer: Last model at epoch 4 saved to checkpoints/lstm_20260214-022353/last_model_1.pth
2026-02-14 02:23:55,378 INFO src.train.trainer: Epoch 5
2026-02-14 02:23:55,548 INFO src.train.trainer: New best validation loss: 0.0291, saved to checkpoints/lstm_20260214-022353/best_model_1.pth
2026-02-14 02:23:55,566 INFO src.train.trainer: Last model at epoch 5 saved to checkpoints/lstm_20260214-022353/last_model_1.pth
2026-02-14 02:23:55,566 INFO src.train.trainer: Epoch 6
2026-02-14 02:23:55,745 INFO src.train.trainer: Last model at epoch 6 saved to checkpoints/lstm_20260214-022353/last_model_1.pth
2026-02-14 02:23:55,745 INFO src.train.trainer: Epoch 7
2026-02-14 02:23:55,909 INFO src.train.trainer: Last model at epoch 7 saved to checkpoints/lstm_20260214-022353/last_model_1.pth
2026-02-14 02:23:55,909 INFO src.train.trainer: Epoch 8
2026-02-14 02:23:56,072 INFO src.train.trainer: Last model at epoch 8 saved to checkpoints/lstm_20260214-022353/last_model_1.pth
2026-02-14 02:23:56,072 INFO src.train.trainer: Epoch 9
2026-02-14 02:23:56,229 INFO src.train.trainer: Last model at epoch 9 saved to checkpoints/lstm_20260214-022353/last_model_1.pth
2026-02-14 02:23:56,229 INFO src.train.trainer: Epoch 10
2026-02-14 02:23:56,381 INFO src.train.trainer: Last model at epoch 10 saved to checkpoints/lstm_20260214-022353/last_model_1.pth
2026-02-14 02:23:56,381 INFO src.train.trainer: Epoch 11
2026-02-14 02:23:56,559 INFO src.train.trainer: Last model at epoch 11 saved to checkpoints/lstm_20260214-022353/last_model_1.pth
2026-02-14 02:23:56,559 INFO src.train.trainer: Epoch 12
2026-02-14 02:23:56,717 INFO src.train.trainer: Last model at epoch 12 saved to checkpoints/lstm_20260214-022353/last_model_1.pth
2026-02-14 02:23:56,717 INFO src.train.trainer: Epoch 13
2026-02-14 02:23:56,858 INFO src.train.trainer: Last model at epoch 13 saved to checkpoints/lstm_20260214-022353/last_model_1.pth
2026-02-14 02:23:56,858 INFO src.train.trainer: Epoch 14
2026-02-14 02:23:57,004 INFO src.train.trainer: Last model at epoch 14 saved to checkpoints/lstm_20260214-022353/last_model_1.pth
2026-02-14 02:23:57,004 INFO src.train.trainer: Epoch 15
2026-02-14 02:23:57,156 INFO src.train.trainer: Last model at epoch 15 saved to checkpoints/lstm_20260214-022353/last_model_1.pth
2026-02-14 02:23:57,156 INFO src.train.trainer: Epoch 16
2026-02-14 02:23:57,301 INFO src.train.trainer: Last model at epoch 16 saved to checkpoints/lstm_20260214-022353/last_model_1.pth
2026-02-14 02:23:57,301 INFO src.train.trainer: Epoch 17
2026-02-14 02:23:57,453 INFO src.train.trainer: Last model at epoch 17 saved to checkpoints/lstm_20260214-022353/last_model_1.pth
2026-02-14 02:23:57,453 INFO src.train.trainer: Epoch 18
2026-02-14 02:23:57,600 INFO src.train.trainer: Last model at epoch 18 saved to checkpoints/lstm_20260214-022353/last_model_1.pth
2026-02-14 02:23:57,600 INFO src.train.trainer: Epoch 19
2026-02-14 02:23:57,754 INFO src.train.trainer: Last model at epoch 19 saved to checkpoints/lstm_20260214-022353/last_model_1.pth
2026-02-14 02:23:57,754 INFO src.train.trainer: Epoch 20
2026-02-14 02:23:57,914 INFO src.train.trainer: Last model at epoch 20 saved to checkpoints/lstm_20260214-022353/last_model_1.pth
2026-02-14 02:23:57,914 INFO src.train.trainer: Epoch 21
2026-02-14 02:23:58,085 INFO src.train.trainer: Last model at epoch 21 saved to checkpoints/lstm_20260214-022353/last_model_1.pth
2026-02-14 02:23:58,085 INFO src.train.trainer: Epoch 22
2026-02-14 02:23:58,252 INFO src.train.trainer: Last model at epoch 22 saved to checkpoints/lstm_20260214-022353/last_model_1.pth
2026-02-14 02:23:58,252 INFO src.train.trainer: Epoch 23
2026-02-14 02:23:58,427 INFO src.train.trainer: Last model at epoch 23 saved to checkpoints/lstm_20260214-022353/last_model_1.pth
2026-02-14 02:23:58,427 INFO src.train.trainer: Epoch 24
2026-02-14 02:23:58,590 INFO src.train.trainer: Last model at epoch 24 saved to checkpoints/lstm_20260214-022353/last_model_1.pth
2026-02-14 02:23:58,590 INFO src.train.trainer: Epoch 25
2026-02-14 02:23:58,751 INFO src.train.trainer: Last model at epoch 25 saved to checkpoints/lstm_20260214-022353/last_model_1.pth
2026-02-14 02:23:58,751 INFO src.train.trainer: Epoch 26
2026-02-14 02:23:58,912 INFO src.train.trainer: Last model at epoch 26 saved to checkpoints/lstm_20260214-022353/last_model_1.pth
2026-02-14 02:23:58,912 INFO src.train.trainer: Epoch 27
2026-02-14 02:23:59,075 INFO src.train.trainer: Last model at epoch 27 saved to checkpoints/lstm_20260214-022353/last_model_1.pth
2026-02-14 02:23:59,076 INFO src.train.trainer: Epoch 28
2026-02-14 02:23:59,232 INFO src.train.trainer: Last model at epoch 28 saved to checkpoints/lstm_20260214-022353/last_model_1.pth
2026-02-14 02:23:59,232 INFO src.train.trainer: Epoch 29
2026-02-14 02:23:59,393 INFO src.train.trainer: Last model at epoch 29 saved to checkpoints/lstm_20260214-022353/last_model_1.pth
2026-02-14 02:23:59,393 INFO src.train.trainer: Epoch 30
2026-02-14 02:23:59,557 INFO src.train.trainer: Last model at epoch 30 saved to checkpoints/lstm_20260214-022353/last_model_1.pth
2026-02-14 02:23:59,557 INFO src.train.trainer: Epoch 31
2026-02-14 02:23:59,727 INFO src.train.trainer: Last model at epoch 31 saved to checkpoints/lstm_20260214-022353/last_model_1.pth
2026-02-14 02:23:59,728 INFO src.train.trainer: Epoch 32
2026-02-14 02:23:59,899 INFO src.train.trainer: Last model at epoch 32 saved to checkpoints/lstm_20260214-022353/last_model_1.pth
2026-02-14 02:23:59,899 INFO src.train.trainer: Epoch 33
2026-02-14 02:24:00,059 INFO src.train.trainer: Last model at epoch 33 saved to checkpoints/lstm_20260214-022353/last_model_1.pth
2026-02-14 02:24:00,060 INFO src.train.trainer: Epoch 34
2026-02-14 02:24:00,221 INFO src.train.trainer: New best validation loss: 0.0278, saved to checkpoints/lstm_20260214-022353/best_model_1.pth
2026-02-14 02:24:00,239 INFO src.train.trainer: Last model at epoch 34 saved to checkpoints/lstm_20260214-022353/last_model_1.pth
2026-02-14 02:24:00,239 INFO src.train.trainer: Epoch 35
2026-02-14 02:24:00,401 INFO src.train.trainer: Last model at epoch 35 saved to checkpoints/lstm_20260214-022353/last_model_1.pth
2026-02-14 02:24:00,401 INFO src.train.trainer: Epoch 36
2026-02-14 02:24:00,569 INFO src.train.trainer: Last model at epoch 36 saved to checkpoints/lstm_20260214-022353/last_model_1.pth
2026-02-14 02:24:00,569 INFO src.train.trainer: Epoch 37
2026-02-14 02:24:00,729 INFO src.train.trainer: Last model at epoch 37 saved to checkpoints/lstm_20260214-022353/last_model_1.pth
2026-02-14 02:24:00,729 INFO src.train.trainer: Epoch 38
2026-02-14 02:24:00,897 INFO src.train.trainer: Last model at epoch 38 saved to checkpoints/lstm_20260214-022353/last_model_1.pth
2026-02-14 02:24:00,897 INFO src.train.trainer: Epoch 39
2026-02-14 02:24:01,061 INFO src.train.trainer: Last model at epoch 39 saved to checkpoints/lstm_20260214-022353/last_model_1.pth
2026-02-14 02:24:01,062 INFO src.train.trainer: Epoch 40
2026-02-14 02:24:01,245 INFO src.train.trainer: Last model at epoch 40 saved to checkpoints/lstm_20260214-022353/last_model_1.pth
2026-02-14 02:24:01,245 INFO src.train.trainer: Epoch 41
2026-02-14 02:24:01,415 INFO src.train.trainer: New best validation loss: 0.0263, saved to checkpoints/lstm_20260214-022353/best_model_1.pth
2026-02-14 02:24:01,435 INFO src.train.trainer: Last model at epoch 41 saved to checkpoints/lstm_20260214-022353/last_model_1.pth
2026-02-14 02:24:01,435 INFO src.train.trainer: Epoch 42
2026-02-14 02:24:01,605 INFO src.train.trainer: Last model at epoch 42 saved to checkpoints/lstm_20260214-022353/last_model_1.pth
2026-02-14 02:24:01,605 INFO src.train.trainer: Epoch 43
2026-02-14 02:24:01,762 INFO src.train.trainer: Last model at epoch 43 saved to checkpoints/lstm_20260214-022353/last_model_1.pth
2026-02-14 02:24:01,762 INFO src.train.trainer: Epoch 44
2026-02-14 02:24:01,939 INFO src.train.trainer: Last model at epoch 44 saved to checkpoints/lstm_20260214-022353/last_model_1.pth
2026-02-14 02:24:01,939 INFO src.train.trainer: Epoch 45
2026-02-14 02:24:02,090 INFO src.train.trainer: Last model at epoch 45 saved to checkpoints/lstm_20260214-022353/last_model_1.pth
2026-02-14 02:24:02,090 INFO src.train.trainer: Epoch 46
2026-02-14 02:24:02,256 INFO src.train.trainer: Last model at epoch 46 saved to checkpoints/lstm_20260214-022353/last_model_1.pth
2026-02-14 02:24:02,256 INFO src.train.trainer: Epoch 47
2026-02-14 02:24:02,421 INFO src.train.trainer: Last model at epoch 47 saved to checkpoints/lstm_20260214-022353/last_model_1.pth
2026-02-14 02:24:02,421 INFO src.train.trainer: Epoch 48
2026-02-14 02:24:02,576 INFO src.train.trainer: Last model at epoch 48 saved to checkpoints/lstm_20260214-022353/last_model_1.pth
2026-02-14 02:24:02,576 INFO src.train.trainer: Epoch 49
2026-02-14 02:24:02,741 INFO src.train.trainer: Last model at epoch 49 saved to checkpoints/lstm_20260214-022353/last_model_1.pth
2026-02-14 02:24:02,741 INFO src.train.trainer: Epoch 50
2026-02-14 02:24:02,895 INFO src.train.trainer: Last model at epoch 50 saved to checkpoints/lstm_20260214-022353/last_model_1.pth
2026-02-14 02:24:02,895 INFO src.train.trainer: Epoch 51
2026-02-14 02:24:03,060 INFO src.train.trainer: New best validation loss: 0.0248, saved to checkpoints/lstm_20260214-022353/best_model_1.pth
2026-02-14 02:24:03,077 INFO src.train.trainer: Last model at epoch 51 saved to checkpoints/lstm_20260214-022353/last_model_1.pth
2026-02-14 02:24:03,077 INFO src.train.trainer: Epoch 52
2026-02-14 02:24:03,236 INFO src.train.trainer: Last model at epoch 52 saved to checkpoints/lstm_20260214-022353/last_model_1.pth
2026-02-14 02:24:03,236 INFO src.train.trainer: Epoch 53
2026-02-14 02:24:03,416 INFO src.train.trainer: Last model at epoch 53 saved to checkpoints/lstm_20260214-022353/last_model_1.pth
2026-02-14 02:24:03,416 INFO src.train.trainer: Epoch 54
2026-02-14 02:24:03,595 INFO src.train.trainer: Last model at epoch 54 saved to checkpoints/lstm_20260214-022353/last_model_1.pth
2026-02-14 02:24:03,595 INFO src.train.trainer: Epoch 55
2026-02-14 02:24:03,744 INFO src.train.trainer: Last model at epoch 55 saved to checkpoints/lstm_20260214-022353/last_model_1.pth
2026-02-14 02:24:03,744 INFO src.train.trainer: Epoch 56
2026-02-14 02:24:03,908 INFO src.train.trainer: Last model at epoch 56 saved to checkpoints/lstm_20260214-022353/last_model_1.pth
2026-02-14 02:24:03,908 INFO src.train.trainer: Epoch 57
2026-02-14 02:24:04,068 INFO src.train.trainer: Last model at epoch 57 saved to checkpoints/lstm_20260214-022353/last_model_1.pth
2026-02-14 02:24:04,068 INFO src.train.trainer: Epoch 58
2026-02-14 02:24:04,219 INFO src.train.trainer: Last model at epoch 58 saved to checkpoints/lstm_20260214-022353/last_model_1.pth
2026-02-14 02:24:04,219 INFO src.train.trainer: Epoch 59
2026-02-14 02:24:04,372 INFO src.train.trainer: Last model at epoch 59 saved to checkpoints/lstm_20260214-022353/last_model_1.pth
2026-02-14 02:24:04,373 INFO src.train.trainer: Epoch 60
2026-02-14 02:24:04,520 INFO src.train.trainer: Last model at epoch 60 saved to checkpoints/lstm_20260214-022353/last_model_1.pth
2026-02-14 02:24:04,520 INFO src.train.trainer: Epoch 61
2026-02-14 02:24:04,675 INFO src.train.trainer: Last model at epoch 61 saved to checkpoints/lstm_20260214-022353/last_model_1.pth
2026-02-14 02:24:04,675 INFO src.train.trainer: Epoch 62
2026-02-14 02:24:04,838 INFO src.train.trainer: Last model at epoch 62 saved to checkpoints/lstm_20260214-022353/last_model_1.pth
2026-02-14 02:24:04,838 INFO src.train.trainer: Epoch 63
2026-02-14 02:24:04,996 INFO src.train.trainer: Last model at epoch 63 saved to checkpoints/lstm_20260214-022353/last_model_1.pth
2026-02-14 02:24:04,996 INFO src.train.trainer: Epoch 64
2026-02-14 02:24:05,154 INFO src.train.trainer: Last model at epoch 64 saved to checkpoints/lstm_20260214-022353/last_model_1.pth
2026-02-14 02:24:05,154 INFO src.train.trainer: Epoch 65
2026-02-14 02:24:05,316 INFO src.train.trainer: Last model at epoch 65 saved to checkpoints/lstm_20260214-022353/last_model_1.pth
2026-02-14 02:24:05,316 INFO src.train.trainer: Epoch 66
2026-02-14 02:24:05,478 INFO src.train.trainer: Last model at epoch 66 saved to checkpoints/lstm_20260214-022353/last_model_1.pth
2026-02-14 02:24:05,478 INFO src.train.trainer: Epoch 67
2026-02-14 02:24:05,650 INFO src.train.trainer: Last model at epoch 67 saved to checkpoints/lstm_20260214-022353/last_model_1.pth
2026-02-14 02:24:05,650 INFO src.train.trainer: Epoch 68
2026-02-14 02:24:05,824 INFO src.train.trainer: Last model at epoch 68 saved to checkpoints/lstm_20260214-022353/last_model_1.pth
2026-02-14 02:24:05,824 INFO src.train.trainer: Epoch 69
2026-02-14 02:24:06,000 INFO src.train.trainer: Last model at epoch 69 saved to checkpoints/lstm_20260214-022353/last_model_1.pth
2026-02-14 02:24:06,000 INFO src.train.trainer: Epoch 70
2026-02-14 02:24:06,161 INFO src.train.trainer: Last model at epoch 70 saved to checkpoints/lstm_20260214-022353/last_model_1.pth
2026-02-14 02:24:06,161 INFO src.train.trainer: Epoch 71
2026-02-14 02:24:06,328 INFO src.train.trainer: Last model at epoch 71 saved to checkpoints/lstm_20260214-022353/last_model_1.pth
2026-02-14 02:24:06,328 INFO src.train.trainer: Epoch 72
2026-02-14 02:24:06,487 INFO src.train.trainer: Last model at epoch 72 saved to checkpoints/lstm_20260214-022353/last_model_1.pth
2026-02-14 02:24:06,487 INFO src.train.trainer: Epoch 73
2026-02-14 02:24:06,661 INFO src.train.trainer: Last model at epoch 73 saved to checkpoints/lstm_20260214-022353/last_model_1.pth
2026-02-14 02:24:06,661 INFO src.train.trainer: Epoch 74
2026-02-14 02:24:06,843 INFO src.train.trainer: Last model at epoch 74 saved to checkpoints/lstm_20260214-022353/last_model_1.pth
2026-02-14 02:24:06,843 INFO src.train.trainer: Epoch 75
2026-02-14 02:24:07,007 INFO src.train.trainer: Last model at epoch 75 saved to checkpoints/lstm_20260214-022353/last_model_1.pth
2026-02-14 02:24:07,007 INFO src.train.trainer: Epoch 76
2026-02-14 02:24:07,172 INFO src.train.trainer: Last model at epoch 76 saved to checkpoints/lstm_20260214-022353/last_model_1.pth
2026-02-14 02:24:07,173 INFO src.train.trainer: Epoch 77
2026-02-14 02:24:07,338 INFO src.train.trainer: New best validation loss: 0.0244, saved to checkpoints/lstm_20260214-022353/best_model_1.pth
2026-02-14 02:24:07,358 INFO src.train.trainer: Last model at epoch 77 saved to checkpoints/lstm_20260214-022353/last_model_1.pth
2026-02-14 02:24:07,358 INFO src.train.trainer: Epoch 78
2026-02-14 02:24:07,527 INFO src.train.trainer: Last model at epoch 78 saved to checkpoints/lstm_20260214-022353/last_model_1.pth
2026-02-14 02:24:07,527 INFO src.train.trainer: Epoch 79
2026-02-14 02:24:07,693 INFO src.train.trainer: Last model at epoch 79 saved to checkpoints/lstm_20260214-022353/last_model_1.pth
2026-02-14 02:24:07,693 INFO src.train.trainer: Epoch 80
2026-02-14 02:24:07,853 INFO src.train.trainer: Last model at epoch 80 saved to checkpoints/lstm_20260214-022353/last_model_1.pth
2026-02-14 02:24:07,853 INFO src.train.trainer: Epoch 81
2026-02-14 02:24:08,025 INFO src.train.trainer: Last model at epoch 81 saved to checkpoints/lstm_20260214-022353/last_model_1.pth
2026-02-14 02:24:08,026 INFO src.train.trainer: Epoch 82
2026-02-14 02:24:08,181 INFO src.train.trainer: Last model at epoch 82 saved to checkpoints/lstm_20260214-022353/last_model_1.pth
2026-02-14 02:24:08,181 INFO src.train.trainer: Epoch 83
2026-02-14 02:24:08,356 INFO src.train.trainer: Last model at epoch 83 saved to checkpoints/lstm_20260214-022353/last_model_1.pth
2026-02-14 02:24:08,356 INFO src.train.trainer: Epoch 84
2026-02-14 02:24:08,505 INFO src.train.trainer: Last model at epoch 84 saved to checkpoints/lstm_20260214-022353/last_model_1.pth
2026-02-14 02:24:08,505 INFO src.train.trainer: Epoch 85
2026-02-14 02:24:08,657 INFO src.train.trainer: Last model at epoch 85 saved to checkpoints/lstm_20260214-022353/last_model_1.pth
2026-02-14 02:24:08,657 INFO src.train.trainer: Epoch 86
2026-02-14 02:24:08,818 INFO src.train.trainer: Last model at epoch 86 saved to checkpoints/lstm_20260214-022353/last_model_1.pth
2026-02-14 02:24:08,818 INFO src.train.trainer: Epoch 87
2026-02-14 02:24:08,996 INFO src.train.trainer: Last model at epoch 87 saved to checkpoints/lstm_20260214-022353/last_model_1.pth
2026-02-14 02:24:08,996 INFO src.train.trainer: Epoch 88
2026-02-14 02:24:09,156 INFO src.train.trainer: Last model at epoch 88 saved to checkpoints/lstm_20260214-022353/last_model_1.pth
2026-02-14 02:24:09,156 INFO src.train.trainer: Epoch 89
2026-02-14 02:24:09,318 INFO src.train.trainer: Last model at epoch 89 saved to checkpoints/lstm_20260214-022353/last_model_1.pth
2026-02-14 02:24:09,318 INFO src.train.trainer: Epoch 90
2026-02-14 02:24:09,496 INFO src.train.trainer: Last model at epoch 90 saved to checkpoints/lstm_20260214-022353/last_model_1.pth
2026-02-14 02:24:09,496 INFO src.train.trainer: Epoch 91
2026-02-14 02:24:09,665 INFO src.train.trainer: Last model at epoch 91 saved to checkpoints/lstm_20260214-022353/last_model_1.pth
2026-02-14 02:24:09,665 INFO src.train.trainer: Epoch 92
2026-02-14 02:24:09,831 INFO src.train.trainer: Last model at epoch 92 saved to checkpoints/lstm_20260214-022353/last_model_1.pth
2026-02-14 02:24:09,831 INFO src.train.trainer: Epoch 93
2026-02-14 02:24:10,004 INFO src.train.trainer: Last model at epoch 93 saved to checkpoints/lstm_20260214-022353/last_model_1.pth
2026-02-14 02:24:10,004 INFO src.train.trainer: Epoch 94
2026-02-14 02:24:10,156 INFO src.train.trainer: Last model at epoch 94 saved to checkpoints/lstm_20260214-022353/last_model_1.pth
2026-02-14 02:24:10,156 INFO src.train.trainer: Epoch 95
2026-02-14 02:24:10,309 INFO src.train.trainer: Last model at epoch 95 saved to checkpoints/lstm_20260214-022353/last_model_1.pth
2026-02-14 02:24:10,309 INFO src.train.trainer: Epoch 96
2026-02-14 02:24:10,475 INFO src.train.trainer: Last model at epoch 96 saved to checkpoints/lstm_20260214-022353/last_model_1.pth
2026-02-14 02:24:10,475 INFO src.train.trainer: Epoch 97
2026-02-14 02:24:10,653 INFO src.train.trainer: Last model at epoch 97 saved to checkpoints/lstm_20260214-022353/last_model_1.pth
2026-02-14 02:24:10,653 INFO src.train.trainer: Epoch 98
2026-02-14 02:24:10,824 INFO src.train.trainer: Last model at epoch 98 saved to checkpoints/lstm_20260214-022353/last_model_1.pth
2026-02-14 02:24:10,824 INFO src.train.trainer: Epoch 99
2026-02-14 02:24:10,988 INFO src.train.trainer: Last model at epoch 99 saved to checkpoints/lstm_20260214-022353/last_model_1.pth
2026-02-14 02:24:10,988 INFO src.train.trainer: Epoch 100
2026-02-14 02:24:11,161 INFO src.train.trainer: Last model at epoch 100 saved to checkpoints/lstm_20260214-022353/last_model_1.pth
2026-02-14 02:24:11,162 INFO src.train.trainer: Epoch 101
2026-02-14 02:24:11,338 INFO src.train.trainer: Last model at epoch 101 saved to checkpoints/lstm_20260214-022353/last_model_1.pth
2026-02-14 02:24:11,338 INFO src.train.trainer: Epoch 102
2026-02-14 02:24:11,530 INFO src.train.trainer: Last model at epoch 102 saved to checkpoints/lstm_20260214-022353/last_model_1.pth
2026-02-14 02:24:11,530 INFO src.train.trainer: Epoch 103
2026-02-14 02:24:11,700 INFO src.train.trainer: Last model at epoch 103 saved to checkpoints/lstm_20260214-022353/last_model_1.pth
2026-02-14 02:24:11,701 INFO src.train.trainer: Epoch 104
2026-02-14 02:24:11,870 INFO src.train.trainer: Last model at epoch 104 saved to checkpoints/lstm_20260214-022353/last_model_1.pth
2026-02-14 02:24:11,870 INFO src.train.trainer: Epoch 105
2026-02-14 02:24:12,038 INFO src.train.trainer: Last model at epoch 105 saved to checkpoints/lstm_20260214-022353/last_model_1.pth
2026-02-14 02:24:12,038 INFO src.train.trainer: Epoch 106
2026-02-14 02:24:12,216 INFO src.train.trainer: Last model at epoch 106 saved to checkpoints/lstm_20260214-022353/last_model_1.pth
2026-02-14 02:24:12,217 INFO src.train.trainer: Epoch 107
2026-02-14 02:24:12,376 INFO src.train.trainer: Last model at epoch 107 saved to checkpoints/lstm_20260214-022353/last_model_1.pth
2026-02-14 02:24:12,376 INFO src.train.trainer: Epoch 108
2026-02-14 02:24:12,532 INFO src.train.trainer: Last model at epoch 108 saved to checkpoints/lstm_20260214-022353/last_model_1.pth
2026-02-14 02:24:12,532 INFO src.train.trainer: Epoch 109
2026-02-14 02:24:12,711 INFO src.train.trainer: Last model at epoch 109 saved to checkpoints/lstm_20260214-022353/last_model_1.pth
2026-02-14 02:24:12,711 INFO src.train.trainer: Epoch 110
2026-02-14 02:24:12,894 INFO src.train.trainer: Last model at epoch 110 saved to checkpoints/lstm_20260214-022353/last_model_1.pth
2026-02-14 02:24:12,894 INFO src.train.trainer: Epoch 111
2026-02-14 02:24:13,065 INFO src.train.trainer: Last model at epoch 111 saved to checkpoints/lstm_20260214-022353/last_model_1.pth
2026-02-14 02:24:13,065 INFO src.train.trainer: Epoch 112
2026-02-14 02:24:13,240 INFO src.train.trainer: Last model at epoch 112 saved to checkpoints/lstm_20260214-022353/last_model_1.pth
2026-02-14 02:24:13,240 INFO src.train.trainer: Epoch 113
2026-02-14 02:24:13,425 INFO src.train.trainer: Last model at epoch 113 saved to checkpoints/lstm_20260214-022353/last_model_1.pth
2026-02-14 02:24:13,425 INFO src.train.trainer: Epoch 114
2026-02-14 02:24:13,603 INFO src.train.trainer: Last model at epoch 114 saved to checkpoints/lstm_20260214-022353/last_model_1.pth
2026-02-14 02:24:13,603 INFO src.train.trainer: Epoch 115
2026-02-14 02:24:13,770 INFO src.train.trainer: Last model at epoch 115 saved to checkpoints/lstm_20260214-022353/last_model_1.pth
2026-02-14 02:24:13,770 INFO src.train.trainer: Epoch 116
2026-02-14 02:24:13,937 INFO src.train.trainer: Last model at epoch 116 saved to checkpoints/lstm_20260214-022353/last_model_1.pth
2026-02-14 02:24:13,937 INFO src.train.trainer: Epoch 117
2026-02-14 02:24:14,099 INFO src.train.trainer: Last model at epoch 117 saved to checkpoints/lstm_20260214-022353/last_model_1.pth
2026-02-14 02:24:14,099 INFO src.train.trainer: Epoch 118
2026-02-14 02:24:14,268 INFO src.train.trainer: Last model at epoch 118 saved to checkpoints/lstm_20260214-022353/last_model_1.pth
2026-02-14 02:24:14,268 INFO src.train.trainer: Epoch 119
2026-02-14 02:24:14,434 INFO src.train.trainer: Last model at epoch 119 saved to checkpoints/lstm_20260214-022353/last_model_1.pth
2026-02-14 02:24:14,434 INFO src.train.trainer: Epoch 120
2026-02-14 02:24:14,627 INFO src.train.trainer: Last model at epoch 120 saved to checkpoints/lstm_20260214-022353/last_model_1.pth
2026-02-14 02:24:14,627 INFO src.train.trainer: Epoch 121
2026-02-14 02:24:14,802 INFO src.train.trainer: Last model at epoch 121 saved to checkpoints/lstm_20260214-022353/last_model_1.pth
2026-02-14 02:24:14,803 INFO src.train.trainer: Epoch 122
2026-02-14 02:24:14,977 INFO src.train.trainer: Last model at epoch 122 saved to checkpoints/lstm_20260214-022353/last_model_1.pth
2026-02-14 02:24:14,977 INFO src.train.trainer: Epoch 123
2026-02-14 02:24:15,159 INFO src.train.trainer: Last model at epoch 123 saved to checkpoints/lstm_20260214-022353/last_model_1.pth
2026-02-14 02:24:15,159 INFO src.train.trainer: Epoch 124
2026-02-14 02:24:15,327 INFO src.train.trainer: Last model at epoch 124 saved to checkpoints/lstm_20260214-022353/last_model_1.pth
2026-02-14 02:24:15,327 INFO src.train.trainer: Epoch 125
2026-02-14 02:24:15,493 INFO src.train.trainer: Last model at epoch 125 saved to checkpoints/lstm_20260214-022353/last_model_1.pth
2026-02-14 02:24:15,493 INFO src.train.trainer: Epoch 126
2026-02-14 02:24:15,663 INFO src.train.trainer: Last model at epoch 126 saved to checkpoints/lstm_20260214-022353/last_model_1.pth
2026-02-14 02:24:15,663 INFO src.train.trainer: Epoch 127
2026-02-14 02:24:15,825 INFO src.train.trainer: Last model at epoch 127 saved to checkpoints/lstm_20260214-022353/last_model_1.pth
2026-02-14 02:24:15,825 INFO src.train.trainer: Epoch 128
2026-02-14 02:24:15,993 INFO src.train.trainer: Last model at epoch 128 saved to checkpoints/lstm_20260214-022353/last_model_1.pth
2026-02-14 02:24:15,993 INFO src.train.trainer: Epoch 129
2026-02-14 02:24:16,167 INFO src.train.trainer: Last model at epoch 129 saved to checkpoints/lstm_20260214-022353/last_model_1.pth
2026-02-14 02:24:16,167 INFO src.train.trainer: Epoch 130
2026-02-14 02:24:16,353 INFO src.train.trainer: Last model at epoch 130 saved to checkpoints/lstm_20260214-022353/last_model_1.pth
2026-02-14 02:24:16,353 INFO src.train.trainer: Epoch 131
2026-02-14 02:24:16,523 INFO src.train.trainer: Last model at epoch 131 saved to checkpoints/lstm_20260214-022353/last_model_1.pth
2026-02-14 02:24:16,523 INFO src.train.trainer: Epoch 132
2026-02-14 02:24:16,694 INFO src.train.trainer: Last model at epoch 132 saved to checkpoints/lstm_20260214-022353/last_model_1.pth
2026-02-14 02:24:16,694 INFO src.train.trainer: Epoch 133
2026-02-14 02:24:16,871 INFO src.train.trainer: Last model at epoch 133 saved to checkpoints/lstm_20260214-022353/last_model_1.pth
2026-02-14 02:24:16,871 INFO src.train.trainer: Epoch 134
2026-02-14 02:24:17,063 INFO src.train.trainer: Last model at epoch 134 saved to checkpoints/lstm_20260214-022353/last_model_1.pth
2026-02-14 02:24:17,064 INFO src.train.trainer: Epoch 135
2026-02-14 02:24:17,235 INFO src.train.trainer: Last model at epoch 135 saved to checkpoints/lstm_20260214-022353/last_model_1.pth
2026-02-14 02:24:17,236 INFO src.train.trainer: Epoch 136
2026-02-14 02:24:17,430 INFO src.train.trainer: Last model at epoch 136 saved to checkpoints/lstm_20260214-022353/last_model_1.pth
2026-02-14 02:24:17,430 INFO src.train.trainer: Epoch 137
2026-02-14 02:24:17,606 INFO src.train.trainer: Last model at epoch 137 saved to checkpoints/lstm_20260214-022353/last_model_1.pth
2026-02-14 02:24:17,606 INFO src.train.trainer: Epoch 138
2026-02-14 02:24:17,762 INFO src.train.trainer: Last model at epoch 138 saved to checkpoints/lstm_20260214-022353/last_model_1.pth
2026-02-14 02:24:17,763 INFO src.train.trainer: Epoch 139
2026-02-14 02:24:17,914 INFO src.train.trainer: Last model at epoch 139 saved to checkpoints/lstm_20260214-022353/last_model_1.pth
2026-02-14 02:24:17,914 INFO src.train.trainer: Epoch 140
2026-02-14 02:24:18,067 INFO src.train.trainer: Last model at epoch 140 saved to checkpoints/lstm_20260214-022353/last_model_1.pth
2026-02-14 02:24:18,068 INFO src.train.trainer: Epoch 141
2026-02-14 02:24:18,238 INFO src.train.trainer: Last model at epoch 141 saved to checkpoints/lstm_20260214-022353/last_model_1.pth
2026-02-14 02:24:18,238 INFO src.train.trainer: Epoch 142
2026-02-14 02:24:18,446 INFO src.train.trainer: Last model at epoch 142 saved to checkpoints/lstm_20260214-022353/last_model_1.pth
2026-02-14 02:24:18,446 INFO src.train.trainer: Epoch 143
2026-02-14 02:24:18,642 INFO src.train.trainer: Last model at epoch 143 saved to checkpoints/lstm_20260214-022353/last_model_1.pth
2026-02-14 02:24:18,642 INFO src.train.trainer: Epoch 144
2026-02-14 02:24:18,826 INFO src.train.trainer: Last model at epoch 144 saved to checkpoints/lstm_20260214-022353/last_model_1.pth
2026-02-14 02:24:18,826 INFO src.train.trainer: Epoch 145
2026-02-14 02:24:19,002 INFO src.train.trainer: Last model at epoch 145 saved to checkpoints/lstm_20260214-022353/last_model_1.pth
2026-02-14 02:24:19,002 INFO src.train.trainer: Epoch 146
2026-02-14 02:24:19,194 INFO src.train.trainer: Last model at epoch 146 saved to checkpoints/lstm_20260214-022353/last_model_1.pth
2026-02-14 02:24:19,194 INFO src.train.trainer: Epoch 147
2026-02-14 02:24:19,371 INFO src.train.trainer: Last model at epoch 147 saved to checkpoints/lstm_20260214-022353/last_model_1.pth
2026-02-14 02:24:19,371 INFO src.train.trainer: Epoch 148
2026-02-14 02:24:19,565 INFO src.train.trainer: Last model at epoch 148 saved to checkpoints/lstm_20260214-022353/last_model_1.pth
2026-02-14 02:24:19,565 INFO src.train.trainer: Epoch 149
2026-02-14 02:24:19,743 INFO src.train.trainer: Last model at epoch 149 saved to checkpoints/lstm_20260214-022353/last_model_1.pth
2026-02-14 02:24:19,743 INFO src.train.trainer: Epoch 150
2026-02-14 02:24:19,901 INFO src.train.trainer: Last model at epoch 150 saved to checkpoints/lstm_20260214-022353/last_model_1.pth
2026-02-14 02:24:19,901 INFO src.train.trainer: Epoch 151
2026-02-14 02:24:20,045 INFO src.train.trainer: Last model at epoch 151 saved to checkpoints/lstm_20260214-022353/last_model_1.pth
2026-02-14 02:24:20,045 INFO src.train.trainer: Epoch 152
2026-02-14 02:24:20,204 INFO src.train.trainer: Last model at epoch 152 saved to checkpoints/lstm_20260214-022353/last_model_1.pth
2026-02-14 02:24:20,204 INFO src.train.trainer: Epoch 153
2026-02-14 02:24:20,371 INFO src.train.trainer: Last model at epoch 153 saved to checkpoints/lstm_20260214-022353/last_model_1.pth
2026-02-14 02:24:20,371 INFO src.train.trainer: Epoch 154
2026-02-14 02:24:20,529 INFO src.train.trainer: Last model at epoch 154 saved to checkpoints/lstm_20260214-022353/last_model_1.pth
2026-02-14 02:24:20,529 INFO src.train.trainer: Epoch 155
2026-02-14 02:24:20,676 INFO src.train.trainer: Last model at epoch 155 saved to checkpoints/lstm_20260214-022353/last_model_1.pth
2026-02-14 02:24:20,677 INFO src.train.trainer: Epoch 156
2026-02-14 02:24:20,844 INFO src.train.trainer: Last model at epoch 156 saved to checkpoints/lstm_20260214-022353/last_model_1.pth
2026-02-14 02:24:20,844 INFO src.train.trainer: Epoch 157
2026-02-14 02:24:21,024 INFO src.train.trainer: Last model at epoch 157 saved to checkpoints/lstm_20260214-022353/last_model_1.pth
2026-02-14 02:24:21,024 INFO src.train.trainer: Epoch 158
2026-02-14 02:24:21,224 INFO src.train.trainer: Last model at epoch 158 saved to checkpoints/lstm_20260214-022353/last_model_1.pth
2026-02-14 02:24:21,224 INFO src.train.trainer: Epoch 159
2026-02-14 02:24:21,418 INFO src.train.trainer: Last model at epoch 159 saved to checkpoints/lstm_20260214-022353/last_model_1.pth
2026-02-14 02:24:21,418 INFO src.train.trainer: Epoch 160
2026-02-14 02:24:21,610 INFO src.train.trainer: Last model at epoch 160 saved to checkpoints/lstm_20260214-022353/last_model_1.pth
2026-02-14 02:24:21,610 INFO src.train.trainer: Epoch 161
2026-02-14 02:24:21,804 INFO src.train.trainer: Last model at epoch 161 saved to checkpoints/lstm_20260214-022353/last_model_1.pth
2026-02-14 02:24:21,804 INFO src.train.trainer: Epoch 162
2026-02-14 02:24:21,974 INFO src.train.trainer: Last model at epoch 162 saved to checkpoints/lstm_20260214-022353/last_model_1.pth
2026-02-14 02:24:21,974 INFO src.train.trainer: Epoch 163
2026-02-14 02:24:22,148 INFO src.train.trainer: Last model at epoch 163 saved to checkpoints/lstm_20260214-022353/last_model_1.pth
2026-02-14 02:24:22,148 INFO src.train.trainer: Epoch 164
2026-02-14 02:24:22,326 INFO src.train.trainer: Last model at epoch 164 saved to checkpoints/lstm_20260214-022353/last_model_1.pth
2026-02-14 02:24:22,326 INFO src.train.trainer: Epoch 165
2026-02-14 02:24:22,482 INFO src.train.trainer: Last model at epoch 165 saved to checkpoints/lstm_20260214-022353/last_model_1.pth
2026-02-14 02:24:22,482 INFO src.train.trainer: Epoch 166
2026-02-14 02:24:22,632 INFO src.train.trainer: Last model at epoch 166 saved to checkpoints/lstm_20260214-022353/last_model_1.pth
2026-02-14 02:24:22,632 INFO src.train.trainer: Epoch 167
2026-02-14 02:24:22,799 INFO src.train.trainer: Last model at epoch 167 saved to checkpoints/lstm_20260214-022353/last_model_1.pth
2026-02-14 02:24:22,799 INFO src.train.trainer: Epoch 168
2026-02-14 02:24:22,950 INFO src.train.trainer: Last model at epoch 168 saved to checkpoints/lstm_20260214-022353/last_model_1.pth
2026-02-14 02:24:22,950 INFO src.train.trainer: Epoch 169
2026-02-14 02:24:23,110 INFO src.train.trainer: Last model at epoch 169 saved to checkpoints/lstm_20260214-022353/last_model_1.pth
2026-02-14 02:24:23,110 INFO src.train.trainer: Epoch 170
2026-02-14 02:24:23,265 INFO src.train.trainer: Last model at epoch 170 saved to checkpoints/lstm_20260214-022353/last_model_1.pth
2026-02-14 02:24:23,265 INFO src.train.trainer: Epoch 171
2026-02-14 02:24:23,436 INFO src.train.trainer: Last model at epoch 171 saved to checkpoints/lstm_20260214-022353/last_model_1.pth
2026-02-14 02:24:23,436 INFO src.train.trainer: Epoch 172
2026-02-14 02:24:23,603 INFO src.train.trainer: Last model at epoch 172 saved to checkpoints/lstm_20260214-022353/last_model_1.pth
2026-02-14 02:24:23,603 INFO src.train.trainer: Epoch 173
2026-02-14 02:24:23,780 INFO src.train.trainer: Last model at epoch 173 saved to checkpoints/lstm_20260214-022353/last_model_1.pth
2026-02-14 02:24:23,781 INFO src.train.trainer: Epoch 174
2026-02-14 02:24:23,973 INFO src.train.trainer: Last model at epoch 174 saved to checkpoints/lstm_20260214-022353/last_model_1.pth
2026-02-14 02:24:23,973 INFO src.train.trainer: Epoch 175
2026-02-14 02:24:24,141 INFO src.train.trainer: Last model at epoch 175 saved to checkpoints/lstm_20260214-022353/last_model_1.pth
2026-02-14 02:24:24,141 INFO src.train.trainer: Epoch 176
2026-02-14 02:24:24,323 INFO src.train.trainer: Last model at epoch 176 saved to checkpoints/lstm_20260214-022353/last_model_1.pth
2026-02-14 02:24:24,324 INFO src.train.trainer: Epoch 177
2026-02-14 02:24:24,497 INFO src.train.trainer: Last model at epoch 177 saved to checkpoints/lstm_20260214-022353/last_model_1.pth
2026-02-14 02:24:24,497 INFO src.train.trainer: Epoch 178
2026-02-14 02:24:24,654 INFO src.train.trainer: Last model at epoch 178 saved to checkpoints/lstm_20260214-022353/last_model_1.pth
2026-02-14 02:24:24,654 INFO src.train.trainer: Epoch 179
2026-02-14 02:24:24,808 INFO src.train.trainer: Last model at epoch 179 saved to checkpoints/lstm_20260214-022353/last_model_1.pth
2026-02-14 02:24:24,808 INFO src.train.trainer: Epoch 180
2026-02-14 02:24:24,972 INFO src.train.trainer: Last model at epoch 180 saved to checkpoints/lstm_20260214-022353/last_model_1.pth
2026-02-14 02:24:24,972 INFO src.train.trainer: Epoch 181
2026-02-14 02:24:25,137 INFO src.train.trainer: Last model at epoch 181 saved to checkpoints/lstm_20260214-022353/last_model_1.pth
2026-02-14 02:24:25,137 INFO src.train.trainer: Epoch 182
2026-02-14 02:24:25,301 INFO src.train.trainer: Last model at epoch 182 saved to checkpoints/lstm_20260214-022353/last_model_1.pth
2026-02-14 02:24:25,301 INFO src.train.trainer: Epoch 183
2026-02-14 02:24:25,468 INFO src.train.trainer: Last model at epoch 183 saved to checkpoints/lstm_20260214-022353/last_model_1.pth
2026-02-14 02:24:25,469 INFO src.train.trainer: Epoch 184
2026-02-14 02:24:25,637 INFO src.train.trainer: Last model at epoch 184 saved to checkpoints/lstm_20260214-022353/last_model_1.pth
2026-02-14 02:24:25,637 INFO src.train.trainer: Epoch 185
2026-02-14 02:24:25,794 INFO src.train.trainer: Last model at epoch 185 saved to checkpoints/lstm_20260214-022353/last_model_1.pth
2026-02-14 02:24:25,795 INFO src.train.trainer: Epoch 186
2026-02-14 02:24:25,966 INFO src.train.trainer: Last model at epoch 186 saved to checkpoints/lstm_20260214-022353/last_model_1.pth
2026-02-14 02:24:25,966 INFO src.train.trainer: Epoch 187
2026-02-14 02:24:26,154 INFO src.train.trainer: Last model at epoch 187 saved to checkpoints/lstm_20260214-022353/last_model_1.pth
2026-02-14 02:24:26,155 INFO src.train.trainer: Epoch 188
2026-02-14 02:24:26,335 INFO src.train.trainer: Last model at epoch 188 saved to checkpoints/lstm_20260214-022353/last_model_1.pth
2026-02-14 02:24:26,336 INFO src.train.trainer: Epoch 189
2026-02-14 02:24:26,501 INFO src.train.trainer: Last model at epoch 189 saved to checkpoints/lstm_20260214-022353/last_model_1.pth
2026-02-14 02:24:26,501 INFO src.train.trainer: Epoch 190
2026-02-14 02:24:26,677 INFO src.train.trainer: Last model at epoch 190 saved to checkpoints/lstm_20260214-022353/last_model_1.pth
2026-02-14 02:24:26,677 INFO src.train.trainer: Epoch 191
2026-02-14 02:24:26,861 INFO src.train.trainer: Last model at epoch 191 saved to checkpoints/lstm_20260214-022353/last_model_1.pth
2026-02-14 02:24:26,862 INFO src.train.trainer: Epoch 192
2026-02-14 02:24:27,018 INFO src.train.trainer: Last model at epoch 192 saved to checkpoints/lstm_20260214-022353/last_model_1.pth
2026-02-14 02:24:27,018 INFO src.train.trainer: Epoch 193
2026-02-14 02:24:27,174 INFO src.train.trainer: Last model at epoch 193 saved to checkpoints/lstm_20260214-022353/last_model_1.pth
2026-02-14 02:24:27,174 INFO src.train.trainer: Epoch 194
2026-02-14 02:24:27,319 INFO src.train.trainer: Last model at epoch 194 saved to checkpoints/lstm_20260214-022353/last_model_1.pth
2026-02-14 02:24:27,319 INFO src.train.trainer: Epoch 195
2026-02-14 02:24:27,466 INFO src.train.trainer: Last model at epoch 195 saved to checkpoints/lstm_20260214-022353/last_model_1.pth
2026-02-14 02:24:27,466 INFO src.train.trainer: Epoch 196
2026-02-14 02:24:27,609 INFO src.train.trainer: Last model at epoch 196 saved to checkpoints/lstm_20260214-022353/last_model_1.pth
2026-02-14 02:24:27,610 INFO src.train.trainer: Epoch 197
2026-02-14 02:24:27,753 INFO src.train.trainer: Last model at epoch 197 saved to checkpoints/lstm_20260214-022353/last_model_1.pth
2026-02-14 02:24:27,753 INFO src.train.trainer: Epoch 198
2026-02-14 02:24:27,894 INFO src.train.trainer: Last model at epoch 198 saved to checkpoints/lstm_20260214-022353/last_model_1.pth
2026-02-14 02:24:27,895 INFO src.train.trainer: Epoch 199
2026-02-14 02:24:28,051 INFO src.train.trainer: Last model at epoch 199 saved to checkpoints/lstm_20260214-022353/last_model_1.pth
2026-02-14 02:24:28,051 INFO src.train.trainer: Epoch 200
2026-02-14 02:24:28,212 INFO src.train.trainer: Last model at epoch 200 saved to checkpoints/lstm_20260214-022353/last_model_1.pth
2026-02-14 02:24:28,213 INFO src.train.trainer: Epoch 201
2026-02-14 02:24:28,371 INFO src.train.trainer: Last model at epoch 201 saved to checkpoints/lstm_20260214-022353/last_model_1.pth
2026-02-14 02:24:28,371 INFO src.train.trainer: Epoch 202
2026-02-14 02:24:28,527 INFO src.train.trainer: Last model at epoch 202 saved to checkpoints/lstm_20260214-022353/last_model_1.pth
2026-02-14 02:24:28,528 INFO src.train.trainer: Epoch 203
2026-02-14 02:24:28,689 INFO src.train.trainer: Last model at epoch 203 saved to checkpoints/lstm_20260214-022353/last_model_1.pth
2026-02-14 02:24:28,689 INFO src.train.trainer: Epoch 204
2026-02-14 02:24:28,841 INFO src.train.trainer: Last model at epoch 204 saved to checkpoints/lstm_20260214-022353/last_model_1.pth
2026-02-14 02:24:28,841 INFO src.train.trainer: Epoch 205
2026-02-14 02:24:29,016 INFO src.train.trainer: Last model at epoch 205 saved to checkpoints/lstm_20260214-022353/last_model_1.pth
2026-02-14 02:24:29,016 INFO src.train.trainer: Epoch 206
2026-02-14 02:24:29,183 INFO src.train.trainer: Last model at epoch 206 saved to checkpoints/lstm_20260214-022353/last_model_1.pth
2026-02-14 02:24:29,183 INFO src.train.trainer: Epoch 207
2026-02-14 02:24:29,343 INFO src.train.trainer: Last model at epoch 207 saved to checkpoints/lstm_20260214-022353/last_model_1.pth
2026-02-14 02:24:29,343 INFO src.train.trainer: Epoch 208
2026-02-14 02:24:29,496 INFO src.train.trainer: Last model at epoch 208 saved to checkpoints/lstm_20260214-022353/last_model_1.pth
2026-02-14 02:24:29,497 INFO src.train.trainer: Epoch 209
2026-02-14 02:24:29,648 INFO src.train.trainer: Last model at epoch 209 saved to checkpoints/lstm_20260214-022353/last_model_1.pth
2026-02-14 02:24:29,648 INFO src.train.trainer: Epoch 210
2026-02-14 02:24:29,801 INFO src.train.trainer: Last model at epoch 210 saved to checkpoints/lstm_20260214-022353/last_model_1.pth
2026-02-14 02:24:29,801 INFO src.train.trainer: Epoch 211
2026-02-14 02:24:29,957 INFO src.train.trainer: Last model at epoch 211 saved to checkpoints/lstm_20260214-022353/last_model_1.pth
2026-02-14 02:24:29,957 INFO src.train.trainer: Epoch 212
2026-02-14 02:24:30,112 INFO src.train.trainer: Last model at epoch 212 saved to checkpoints/lstm_20260214-022353/last_model_1.pth
2026-02-14 02:24:30,112 INFO src.train.trainer: Epoch 213
2026-02-14 02:24:30,265 INFO src.train.trainer: Last model at epoch 213 saved to checkpoints/lstm_20260214-022353/last_model_1.pth
2026-02-14 02:24:30,265 INFO src.train.trainer: Epoch 214
2026-02-14 02:24:30,425 INFO src.train.trainer: Last model at epoch 214 saved to checkpoints/lstm_20260214-022353/last_model_1.pth
2026-02-14 02:24:30,425 INFO src.train.trainer: Epoch 215
2026-02-14 02:24:30,583 INFO src.train.trainer: Last model at epoch 215 saved to checkpoints/lstm_20260214-022353/last_model_1.pth
2026-02-14 02:24:30,583 INFO src.train.trainer: Epoch 216
2026-02-14 02:24:30,741 INFO src.train.trainer: Last model at epoch 216 saved to checkpoints/lstm_20260214-022353/last_model_1.pth
2026-02-14 02:24:30,741 INFO src.train.trainer: Epoch 217
2026-02-14 02:24:30,904 INFO src.train.trainer: Last model at epoch 217 saved to checkpoints/lstm_20260214-022353/last_model_1.pth
2026-02-14 02:24:30,904 INFO src.train.trainer: Epoch 218
2026-02-14 02:24:31,068 INFO src.train.trainer: Last model at epoch 218 saved to checkpoints/lstm_20260214-022353/last_model_1.pth
2026-02-14 02:24:31,068 INFO src.train.trainer: Epoch 219
2026-02-14 02:24:31,234 INFO src.train.trainer: Last model at epoch 219 saved to checkpoints/lstm_20260214-022353/last_model_1.pth
2026-02-14 02:24:31,235 INFO src.train.trainer: Epoch 220
2026-02-14 02:24:31,405 INFO src.train.trainer: Last model at epoch 220 saved to checkpoints/lstm_20260214-022353/last_model_1.pth
2026-02-14 02:24:31,405 INFO src.train.trainer: Epoch 221
2026-02-14 02:24:31,576 INFO src.train.trainer: Last model at epoch 221 saved to checkpoints/lstm_20260214-022353/last_model_1.pth
2026-02-14 02:24:31,577 INFO src.train.trainer: Epoch 222
2026-02-14 02:24:31,748 INFO src.train.trainer: Last model at epoch 222 saved to checkpoints/lstm_20260214-022353/last_model_1.pth
2026-02-14 02:24:31,748 INFO src.train.trainer: Epoch 223
2026-02-14 02:24:31,910 INFO src.train.trainer: Last model at epoch 223 saved to checkpoints/lstm_20260214-022353/last_model_1.pth
2026-02-14 02:24:31,910 INFO src.train.trainer: Epoch 224
2026-02-14 02:24:32,070 INFO src.train.trainer: Last model at epoch 224 saved to checkpoints/lstm_20260214-022353/last_model_1.pth
2026-02-14 02:24:32,070 INFO src.train.trainer: Epoch 225
2026-02-14 02:24:32,231 INFO src.train.trainer: Last model at epoch 225 saved to checkpoints/lstm_20260214-022353/last_model_1.pth
2026-02-14 02:24:32,231 INFO src.train.trainer: Epoch 226
2026-02-14 02:24:32,385 INFO src.train.trainer: Last model at epoch 226 saved to checkpoints/lstm_20260214-022353/last_model_1.pth
2026-02-14 02:24:32,385 INFO src.train.trainer: Epoch 227
2026-02-14 02:24:32,537 INFO src.train.trainer: Last model at epoch 227 saved to checkpoints/lstm_20260214-022353/last_model_1.pth
2026-02-14 02:24:32,537 INFO src.train.trainer: Epoch 228
2026-02-14 02:24:32,695 INFO src.train.trainer: Last model at epoch 228 saved to checkpoints/lstm_20260214-022353/last_model_1.pth
2026-02-14 02:24:32,695 INFO src.train.trainer: Epoch 229
2026-02-14 02:24:32,846 INFO src.train.trainer: Last model at epoch 229 saved to checkpoints/lstm_20260214-022353/last_model_1.pth
2026-02-14 02:24:32,846 INFO src.train.trainer: Epoch 230
2026-02-14 02:24:32,993 INFO src.train.trainer: Last model at epoch 230 saved to checkpoints/lstm_20260214-022353/last_model_1.pth
2026-02-14 02:24:32,993 INFO src.train.trainer: Epoch 231
2026-02-14 02:24:33,149 INFO src.train.trainer: Last model at epoch 231 saved to checkpoints/lstm_20260214-022353/last_model_1.pth
2026-02-14 02:24:33,149 INFO src.train.trainer: Epoch 232
2026-02-14 02:24:33,315 INFO src.train.trainer: Last model at epoch 232 saved to checkpoints/lstm_20260214-022353/last_model_1.pth
2026-02-14 02:24:33,315 INFO src.train.trainer: Epoch 233
2026-02-14 02:24:33,479 INFO src.train.trainer: Last model at epoch 233 saved to checkpoints/lstm_20260214-022353/last_model_1.pth
2026-02-14 02:24:33,480 INFO src.train.trainer: Epoch 234
2026-02-14 02:24:33,660 INFO src.train.trainer: Last model at epoch 234 saved to checkpoints/lstm_20260214-022353/last_model_1.pth
2026-02-14 02:24:33,661 INFO src.train.trainer: Epoch 235
2026-02-14 02:24:33,827 INFO src.train.trainer: Last model at epoch 235 saved to checkpoints/lstm_20260214-022353/last_model_1.pth
2026-02-14 02:24:33,827 INFO src.train.trainer: Epoch 236
2026-02-14 02:24:33,999 INFO src.train.trainer: Last model at epoch 236 saved to checkpoints/lstm_20260214-022353/last_model_1.pth
2026-02-14 02:24:33,999 INFO src.train.trainer: Epoch 237
2026-02-14 02:24:34,167 INFO src.train.trainer: Last model at epoch 237 saved to checkpoints/lstm_20260214-022353/last_model_1.pth
2026-02-14 02:24:34,167 INFO src.train.trainer: Epoch 238
2026-02-14 02:24:34,330 INFO src.train.trainer: Last model at epoch 238 saved to checkpoints/lstm_20260214-022353/last_model_1.pth
2026-02-14 02:24:34,330 INFO src.train.trainer: Epoch 239
2026-02-14 02:24:34,490 INFO src.train.trainer: Last model at epoch 239 saved to checkpoints/lstm_20260214-022353/last_model_1.pth
2026-02-14 02:24:34,490 INFO src.train.trainer: Epoch 240
2026-02-14 02:24:34,661 INFO src.train.trainer: Last model at epoch 240 saved to checkpoints/lstm_20260214-022353/last_model_1.pth
2026-02-14 02:24:34,661 INFO src.train.trainer: Epoch 241
2026-02-14 02:24:34,840 INFO src.train.trainer: Last model at epoch 241 saved to checkpoints/lstm_20260214-022353/last_model_1.pth
2026-02-14 02:24:34,840 INFO src.train.trainer: Epoch 242
2026-02-14 02:24:35,021 INFO src.train.trainer: Last model at epoch 242 saved to checkpoints/lstm_20260214-022353/last_model_1.pth
2026-02-14 02:24:35,021 INFO src.train.trainer: Epoch 243
2026-02-14 02:24:35,187 INFO src.train.trainer: Last model at epoch 243 saved to checkpoints/lstm_20260214-022353/last_model_1.pth
2026-02-14 02:24:35,187 INFO src.train.trainer: Epoch 244
2026-02-14 02:24:35,366 INFO src.train.trainer: Last model at epoch 244 saved to checkpoints/lstm_20260214-022353/last_model_1.pth
2026-02-14 02:24:35,366 INFO src.train.trainer: Epoch 245
2026-02-14 02:24:35,533 INFO src.train.trainer: Last model at epoch 245 saved to checkpoints/lstm_20260214-022353/last_model_1.pth
2026-02-14 02:24:35,533 INFO src.train.trainer: Epoch 246
2026-02-14 02:24:35,704 INFO src.train.trainer: Last model at epoch 246 saved to checkpoints/lstm_20260214-022353/last_model_1.pth
2026-02-14 02:24:35,705 INFO src.train.trainer: Epoch 247
2026-02-14 02:24:35,877 INFO src.train.trainer: Last model at epoch 247 saved to checkpoints/lstm_20260214-022353/last_model_1.pth
2026-02-14 02:24:35,878 INFO src.train.trainer: Epoch 248
2026-02-14 02:24:36,073 INFO src.train.trainer: Last model at epoch 248 saved to checkpoints/lstm_20260214-022353/last_model_1.pth
2026-02-14 02:24:36,073 INFO src.train.trainer: Epoch 249
2026-02-14 02:24:36,254 INFO src.train.trainer: Last model at epoch 249 saved to checkpoints/lstm_20260214-022353/last_model_1.pth
2026-02-14 02:24:36,254 INFO src.train.trainer: Epoch 250
2026-02-14 02:24:36,436 INFO src.train.trainer: Last model at epoch 250 saved to checkpoints/lstm_20260214-022353/last_model_1.pth
2026-02-14 02:24:36,436 INFO src.train.trainer: Epoch 251
2026-02-14 02:24:36,614 INFO src.train.trainer: Last model at epoch 251 saved to checkpoints/lstm_20260214-022353/last_model_1.pth
2026-02-14 02:24:36,615 INFO src.train.trainer: Epoch 252
2026-02-14 02:24:36,790 INFO src.train.trainer: Last model at epoch 252 saved to checkpoints/lstm_20260214-022353/last_model_1.pth
2026-02-14 02:24:36,790 INFO src.train.trainer: Epoch 253
2026-02-14 02:24:36,966 INFO src.train.trainer: Last model at epoch 253 saved to checkpoints/lstm_20260214-022353/last_model_1.pth
2026-02-14 02:24:36,966 INFO src.train.trainer: Epoch 254
2026-02-14 02:24:37,137 INFO src.train.trainer: Last model at epoch 254 saved to checkpoints/lstm_20260214-022353/last_model_1.pth
2026-02-14 02:24:37,137 INFO src.train.trainer: Epoch 255
2026-02-14 02:24:37,301 INFO src.train.trainer: Last model at epoch 255 saved to checkpoints/lstm_20260214-022353/last_model_1.pth
2026-02-14 02:24:37,302 INFO src.train.trainer: Epoch 256
2026-02-14 02:24:37,464 INFO src.train.trainer: Last model at epoch 256 saved to checkpoints/lstm_20260214-022353/last_model_1.pth
2026-02-14 02:24:37,464 INFO src.train.trainer: Epoch 257
2026-02-14 02:24:37,616 INFO src.train.trainer: Last model at epoch 257 saved to checkpoints/lstm_20260214-022353/last_model_1.pth
2026-02-14 02:24:37,617 INFO src.train.trainer: Epoch 258
2026-02-14 02:24:37,780 INFO src.train.trainer: Last model at epoch 258 saved to checkpoints/lstm_20260214-022353/last_model_1.pth
2026-02-14 02:24:37,780 INFO src.train.trainer: Epoch 259
2026-02-14 02:24:37,932 INFO src.train.trainer: Last model at epoch 259 saved to checkpoints/lstm_20260214-022353/last_model_1.pth
2026-02-14 02:24:37,932 INFO src.train.trainer: Epoch 260
2026-02-14 02:24:38,097 INFO src.train.trainer: Last model at epoch 260 saved to checkpoints/lstm_20260214-022353/last_model_1.pth
2026-02-14 02:24:38,097 INFO src.train.trainer: Epoch 261
2026-02-14 02:24:38,273 INFO src.train.trainer: Last model at epoch 261 saved to checkpoints/lstm_20260214-022353/last_model_1.pth
2026-02-14 02:24:38,274 INFO src.train.trainer: Epoch 262
2026-02-14 02:24:38,439 INFO src.train.trainer: Last model at epoch 262 saved to checkpoints/lstm_20260214-022353/last_model_1.pth
2026-02-14 02:24:38,440 INFO src.train.trainer: Epoch 263
2026-02-14 02:24:38,598 INFO src.train.trainer: Last model at epoch 263 saved to checkpoints/lstm_20260214-022353/last_model_1.pth
2026-02-14 02:24:38,598 INFO src.train.trainer: Epoch 264
2026-02-14 02:24:38,757 INFO src.train.trainer: Last model at epoch 264 saved to checkpoints/lstm_20260214-022353/last_model_1.pth
2026-02-14 02:24:38,758 INFO src.train.trainer: Epoch 265
2026-02-14 02:24:38,920 INFO src.train.trainer: Last model at epoch 265 saved to checkpoints/lstm_20260214-022353/last_model_1.pth
2026-02-14 02:24:38,920 INFO src.train.trainer: Epoch 266
2026-02-14 02:24:39,079 INFO src.train.trainer: Last model at epoch 266 saved to checkpoints/lstm_20260214-022353/last_model_1.pth
2026-02-14 02:24:39,080 INFO src.train.trainer: Epoch 267
2026-02-14 02:24:39,241 INFO src.train.trainer: Last model at epoch 267 saved to checkpoints/lstm_20260214-022353/last_model_1.pth
2026-02-14 02:24:39,241 INFO src.train.trainer: Epoch 268
2026-02-14 02:24:39,412 INFO src.train.trainer: Last model at epoch 268 saved to checkpoints/lstm_20260214-022353/last_model_1.pth
2026-02-14 02:24:39,412 INFO src.train.trainer: Epoch 269
2026-02-14 02:24:39,579 INFO src.train.trainer: Last model at epoch 269 saved to checkpoints/lstm_20260214-022353/last_model_1.pth
2026-02-14 02:24:39,580 INFO src.train.trainer: Epoch 270
2026-02-14 02:24:39,746 INFO src.train.trainer: Last model at epoch 270 saved to checkpoints/lstm_20260214-022353/last_model_1.pth
2026-02-14 02:24:39,746 INFO src.train.trainer: Epoch 271
2026-02-14 02:24:39,909 INFO src.train.trainer: Last model at epoch 271 saved to checkpoints/lstm_20260214-022353/last_model_1.pth
2026-02-14 02:24:39,909 INFO src.train.trainer: Epoch 272
2026-02-14 02:24:40,071 INFO src.train.trainer: Last model at epoch 272 saved to checkpoints/lstm_20260214-022353/last_model_1.pth
2026-02-14 02:24:40,071 INFO src.train.trainer: Epoch 273
2026-02-14 02:24:40,233 INFO src.train.trainer: Last model at epoch 273 saved to checkpoints/lstm_20260214-022353/last_model_1.pth
2026-02-14 02:24:40,233 INFO src.train.trainer: Epoch 274
2026-02-14 02:24:40,393 INFO src.train.trainer: Last model at epoch 274 saved to checkpoints/lstm_20260214-022353/last_model_1.pth
2026-02-14 02:24:40,393 INFO src.train.trainer: Epoch 275
2026-02-14 02:24:40,549 INFO src.train.trainer: Last model at epoch 275 saved to checkpoints/lstm_20260214-022353/last_model_1.pth
2026-02-14 02:24:40,549 INFO src.train.trainer: Epoch 276
2026-02-14 02:24:40,708 INFO src.train.trainer: Last model at epoch 276 saved to checkpoints/lstm_20260214-022353/last_model_1.pth
2026-02-14 02:24:40,708 INFO src.train.trainer: Epoch 277
2026-02-14 02:24:40,858 INFO src.train.trainer: Last model at epoch 277 saved to checkpoints/lstm_20260214-022353/last_model_1.pth
2026-02-14 02:24:40,858 INFO src.train.trainer: Epoch 278
2026-02-14 02:24:41,008 INFO src.train.trainer: Last model at epoch 278 saved to checkpoints/lstm_20260214-022353/last_model_1.pth
2026-02-14 02:24:41,008 INFO src.train.trainer: Epoch 279
2026-02-14 02:24:41,175 INFO src.train.trainer: Last model at epoch 279 saved to checkpoints/lstm_20260214-022353/last_model_1.pth
2026-02-14 02:24:41,175 INFO src.train.trainer: Epoch 280
2026-02-14 02:24:41,346 INFO src.train.trainer: Last model at epoch 280 saved to checkpoints/lstm_20260214-022353/last_model_1.pth
2026-02-14 02:24:41,346 INFO src.train.trainer: Epoch 281
2026-02-14 02:24:41,524 INFO src.train.trainer: Last model at epoch 281 saved to checkpoints/lstm_20260214-022353/last_model_1.pth
2026-02-14 02:24:41,524 INFO src.train.trainer: Epoch 282
2026-02-14 02:24:41,696 INFO src.train.trainer: Last model at epoch 282 saved to checkpoints/lstm_20260214-022353/last_model_1.pth
2026-02-14 02:24:41,697 INFO src.train.trainer: Epoch 283
2026-02-14 02:24:41,863 INFO src.train.trainer: Last model at epoch 283 saved to checkpoints/lstm_20260214-022353/last_model_1.pth
2026-02-14 02:24:41,863 INFO src.train.trainer: Epoch 284
2026-02-14 02:24:42,025 INFO src.train.trainer: Last model at epoch 284 saved to checkpoints/lstm_20260214-022353/last_model_1.pth
2026-02-14 02:24:42,025 INFO src.train.trainer: Epoch 285
2026-02-14 02:24:42,184 INFO src.train.trainer: Last model at epoch 285 saved to checkpoints/lstm_20260214-022353/last_model_1.pth
2026-02-14 02:24:42,184 INFO src.train.trainer: Epoch 286
2026-02-14 02:24:42,338 INFO src.train.trainer: Last model at epoch 286 saved to checkpoints/lstm_20260214-022353/last_model_1.pth
2026-02-14 02:24:42,338 INFO src.train.trainer: Epoch 287
2026-02-14 02:24:42,486 INFO src.train.trainer: Last model at epoch 287 saved to checkpoints/lstm_20260214-022353/last_model_1.pth
2026-02-14 02:24:42,486 INFO src.train.trainer: Epoch 288
2026-02-14 02:24:42,632 INFO src.train.trainer: Last model at epoch 288 saved to checkpoints/lstm_20260214-022353/last_model_1.pth
2026-02-14 02:24:42,633 INFO src.train.trainer: Epoch 289
2026-02-14 02:24:42,785 INFO src.train.trainer: Last model at epoch 289 saved to checkpoints/lstm_20260214-022353/last_model_1.pth
2026-02-14 02:24:42,785 INFO src.train.trainer: Epoch 290
2026-02-14 02:24:42,949 INFO src.train.trainer: Last model at epoch 290 saved to checkpoints/lstm_20260214-022353/last_model_1.pth
2026-02-14 02:24:42,950 INFO src.train.trainer: Epoch 291
2026-02-14 02:24:43,104 INFO src.train.trainer: Last model at epoch 291 saved to checkpoints/lstm_20260214-022353/last_model_1.pth
2026-02-14 02:24:43,104 INFO src.train.trainer: Epoch 292
2026-02-14 02:24:43,268 INFO src.train.trainer: Last model at epoch 292 saved to checkpoints/lstm_20260214-022353/last_model_1.pth
2026-02-14 02:24:43,268 INFO src.train.trainer: Epoch 293
2026-02-14 02:24:43,430 INFO src.train.trainer: Last model at epoch 293 saved to checkpoints/lstm_20260214-022353/last_model_1.pth
2026-02-14 02:24:43,430 INFO src.train.trainer: Epoch 294
2026-02-14 02:24:43,582 INFO src.train.trainer: Last model at epoch 294 saved to checkpoints/lstm_20260214-022353/last_model_1.pth
2026-02-14 02:24:43,582 INFO src.train.trainer: Epoch 295
2026-02-14 02:24:43,737 INFO src.train.trainer: Last model at epoch 295 saved to checkpoints/lstm_20260214-022353/last_model_1.pth
2026-02-14 02:24:43,737 INFO src.train.trainer: Epoch 296
2026-02-14 02:24:43,891 INFO src.train.trainer: Last model at epoch 296 saved to checkpoints/lstm_20260214-022353/last_model_1.pth
2026-02-14 02:24:43,891 INFO src.train.trainer: Epoch 297
2026-02-14 02:24:44,049 INFO src.train.trainer: Last model at epoch 297 saved to checkpoints/lstm_20260214-022353/last_model_1.pth
2026-02-14 02:24:44,049 INFO src.train.trainer: Epoch 298
2026-02-14 02:24:44,203 INFO src.train.trainer: Last model at epoch 298 saved to checkpoints/lstm_20260214-022353/last_model_1.pth
2026-02-14 02:24:44,203 INFO src.train.trainer: Epoch 299
2026-02-14 02:24:44,363 INFO src.train.trainer: Last model at epoch 299 saved to checkpoints/lstm_20260214-022353/last_model_1.pth
2026-02-14 02:24:44,363 INFO src.train.trainer: Epoch 300
2026-02-14 02:24:44,518 INFO src.train.trainer: Last model at epoch 300 saved to checkpoints/lstm_20260214-022353/last_model_1.pth
2026-02-14 02:25:00,285 INFO src.data.preprocessing: CSV files found: ['chuandian_2021.csv']
2026-02-14 02:25:00,803 INFO src.utils.file_utils: Loading cached data from: data/ChuanDian/processed/rf_classifier/rf_Mag_elaps_[5.5, 6, 6.5, 7]_Mc_3_Mf_3_Tfore_180_Twindow_360_context_len_0_dMag_0.1_dt_10.pkl
2026-02-14 02:25:00,816 INFO src.data.lstm_loader: Original number of samples: 1818, number of samples after cleaning: 1818
2026-02-14 02:25:00,817 INFO src.data.lstm_loader: Replaced NaN values in X with 0.0
2026-02-14 02:25:00,833 INFO src.data.lstm_loader: Train set: 1454 samples
2026-02-14 02:25:00,833 INFO src.data.lstm_loader: Validation set: 181 samples
2026-02-14 02:25:00,833 INFO src.data.lstm_loader: Test set: 183 samples
2026-02-14 02:25:00,861 INFO src.train.config_setup: load_specific_parts: None
2026-02-14 02:25:00,861 INFO src.train.config_setup: Checkpoint loaded: <All keys matched successfully>
2026-02-14 02:25:00,861 INFO src.train.config_setup: hyperparameters: {'model': 'lstm', 'task_type': 'regression', 'use_ema': False, 'batch_size': 64, 'accumulation_steps': 1, 'warmup_ratio': 0.1, 'learning_rate': 0.001, 'weight_decay': 0.01, 'scheduler_factor': None, 'scheduler_patience': None, 'scheduler_threshold': None, 'scheduler_min_lr': 1e-06, 'scheduler_type': 'step_warmup', 'step_lr_step_size_ratio': 0.2, 'step_lr_gamma': 0.5, 'lstm_hidden_size': 256, 'lstm_num_layers': 4, 'lstm_dropout': 0.3, 'epochs': 300, 'save_dir': 'checkpoints/lstm_20260214-022353', 'cuda_id': '0', 'dataset': 'ChuanDian', 'criterion_name': 'smooth_l1', 'criterion_cfg': {'beta': 0.6}, 'seed': 0, 'Mc': 3, 'Mf': 3, 'Mag_elaps': [5.5, 6, 6.5, 7], 'Twindow': 360, 'Tfore': 180, 'dt': 10, 'context_len': 0, 'dMag': 0.1, 'split_by_time': True, 'time_step': 5, 'feature_cols': ['Num', 'Mag_max', 'Mag_mean', 'b_lsq', 'a_lsq', 'b_std_lsq', 'std_gr_lsq', 'b_mlk', 'a_mlk', 'b_std_mlk', 'std_gr_mlk', 'dM_lsq', 'dM_mlk', 'Energy_sqrt', 'prob_x7_lsq', 'prob_x7_mlk', 'beta', 'zvalue', 'T_elaps5.5', 'T_elaps6', 'T_elaps6.5', 'T_elaps7'], 'time_order': ['train', 'val', 'test'], 'cuda': True, 'start_epoch': 0, 'best_val_loss': inf}
2026-02-14 02:25:00,861 INFO src.train.config_setup: train_metrics: {'RMSE': 0.1731934659013149, 'MAE': 0.13499579231730024, 'MSE': 0.02999597663090993, 'MAPE': 43.364703324948664, 'R2': 0.08717539772897465, 'PearsonR': 0.29750161429993266, 'PearsonR_diff': 0.012255481799830041, 'DA': 0.04542326221610461}
2026-02-14 02:25:00,861 INFO src.train.config_setup: val_metrics: {'RMSE': 0.16979310165096986, 'MAE': 0.1364078809049248, 'MSE': 0.028829697368256586, 'MAPE': 38.48411429801607, 'R2': 0.11286466362081204, 'PearsonR': 0.35305313243761904, 'PearsonR_diff': -0.13664684401593694, 'DA': 0.03888888888888889}
2026-02-14 02:25:00,862 INFO src.train.config_setup: Using regression criterion: smooth_l1
2026-02-14 02:25:00,862 INFO src.train.config_setup: Criterion config: {'beta': 0.6}
2026-02-14 02:25:01,007 INFO __main__: Test loss: 0.03064289502799511
2026-02-14 02:25:01,736 INFO __main__: Saved test metrics to checkpoints/lstm_20260214-022353/metrics_test_best_1.json
2026-02-14 02:25:01,736 INFO __main__: Metrics: {'RMSE': 0.8320974837089083, 'MAE': 0.7043770336713947, 'MSE': 0.692386222394697, 'MAPE': 15.351070195316241, 'R2': -1.069080469002687, 'PearsonR': 0.6316758466644686, 'PearsonR_diff': 0.021403092216236316, 'DA': 0.04395604395604396, 'SpearmanR': 0.38372786909866, 'SpearmanR_diff': 0.11068647303360549, 'DTW': 109.38378810882568, 'DTW_normalized': 0.5977256180810147}
2026-02-14 02:25:44,811 INFO src.data.preprocessing: CSV files found: ['chuandian_2021.csv']
2026-02-14 02:25:45,378 INFO src.utils.file_utils: Loading cached data from: data/ChuanDian/processed/rf_classifier/rf_Mag_elaps_[5.5, 6, 6.5, 7]_Mc_3_Mf_3_Tfore_180_Twindow_360_context_len_0_dMag_0.1_dt_10.pkl
2026-02-14 02:25:45,394 INFO src.data.lstm_loader: Original number of samples: 1818, number of samples after cleaning: 1818
2026-02-14 02:25:45,394 INFO src.data.lstm_loader: Replaced NaN values in X with 0.0
2026-02-14 02:25:45,423 INFO src.data.lstm_loader: Train set: 1454 samples
2026-02-14 02:25:45,423 INFO src.data.lstm_loader: Validation set: 181 samples
2026-02-14 02:25:45,423 INFO src.data.lstm_loader: Test set: 183 samples
2026-02-14 02:25:45,455 INFO src.train.config_setup: load_specific_parts: None
2026-02-14 02:25:45,456 INFO src.train.config_setup: Checkpoint loaded: <All keys matched successfully>
2026-02-14 02:25:45,456 INFO src.train.config_setup: hyperparameters: {'model': 'lstm', 'task_type': 'regression', 'use_ema': False, 'batch_size': 64, 'accumulation_steps': 1, 'warmup_ratio': 0.1, 'learning_rate': 0.001, 'weight_decay': 0.01, 'scheduler_factor': None, 'scheduler_patience': None, 'scheduler_threshold': None, 'scheduler_min_lr': 1e-06, 'scheduler_type': 'step_warmup', 'step_lr_step_size_ratio': 0.2, 'step_lr_gamma': 0.5, 'lstm_hidden_size': 256, 'lstm_num_layers': 4, 'lstm_dropout': 0.3, 'epochs': 300, 'save_dir': 'checkpoints/lstm_20260214-022353', 'cuda_id': '0', 'dataset': 'ChuanDian', 'criterion_name': 'smooth_l1', 'criterion_cfg': {'beta': 0.6}, 'seed': 0, 'Mc': 3, 'Mf': 3, 'Mag_elaps': [5.5, 6, 6.5, 7], 'Twindow': 360, 'Tfore': 180, 'dt': 10, 'context_len': 0, 'dMag': 0.1, 'split_by_time': True, 'time_step': 5, 'feature_cols': ['Num', 'Mag_max', 'Mag_mean', 'b_lsq', 'a_lsq', 'b_std_lsq', 'std_gr_lsq', 'b_mlk', 'a_mlk', 'b_std_mlk', 'std_gr_mlk', 'dM_lsq', 'dM_mlk', 'Energy_sqrt', 'prob_x7_lsq', 'prob_x7_mlk', 'beta', 'zvalue', 'T_elaps5.5', 'T_elaps6', 'T_elaps6.5', 'T_elaps7'], 'time_order': ['train', 'val', 'test'], 'cuda': True, 'start_epoch': 0, 'best_val_loss': inf}
2026-02-14 02:25:45,456 INFO src.train.config_setup: train_metrics: {'RMSE': 0.10016316310774721, 'MAE': 0.07348040343765708, 'MSE': 0.010032659243749173, 'MAPE': 22.380566047341393, 'R2': 0.6946904481029976, 'PearsonR': 0.8343442996605775, 'PearsonR_diff': 0.1467031924217705, 'DA': 0.05849965588437715}
2026-02-14 02:25:45,456 INFO src.train.config_setup: val_metrics: {'RMSE': 0.20441336851676764, 'MAE': 0.1649846819059625, 'MSE': 0.041784825228371854, 'MAPE': 38.642172466941666, 'R2': -0.28578508858481655, 'PearsonR': 0.2076370438688487, 'PearsonR_diff': 0.060210592889404196, 'DA': 0.03333333333333333}
2026-02-14 02:25:45,457 INFO src.train.config_setup: Using regression criterion: smooth_l1
2026-02-14 02:25:45,457 INFO src.train.config_setup: Criterion config: {'beta': 0.6}
2026-02-14 02:25:45,608 INFO __main__: Test loss: 0.027258535847067833
2026-02-14 02:25:46,375 INFO __main__: Saved test metrics to checkpoints/lstm_20260214-022353/metrics_test_last_1.json
2026-02-14 02:25:46,376 INFO __main__: Metrics: {'RMSE': 0.7786785802338432, 'MAE': 0.630647586343067, 'MSE': 0.6063403313149938, 'MAPE': 13.349332920574374, 'R2': -0.8119467090974293, 'PearsonR': 0.041928458831528355, 'PearsonR_diff': -0.07191252288834421, 'DA': 0.038461538461538464, 'SpearmanR': 0.016054864188288234, 'SpearmanR_diff': -0.0700384080804724, 'DTW': 60.26078748703003, 'DTW_normalized': 0.32929392069415314}
