2026-05-21 19:03:02,300 INFO src.data.preprocessing: CSV files found: ['chuandian_2021.csv']
2026-05-21 19:03:02,849 INFO src.utils.file_utils: Loading cached data from: data/ChuanDian/classifier/classifier_Mc_3_Mf_4.0_Tfore_10_Twindow_180_context_len_1_dt_10.pkl
2026-05-21 19:03:03,093 INFO src.data.preprocessing: Catalog statistics: {'tau_unfiltered': 0.15339908988298961, 'tau_q025': 0.08114294020924717, 'tau_q05': 0.5134664350189269, 'tau_mean': 1.3070542199341526, 'tau_max': 25.18216435192153, 'tau_min': 0.0, 'time_max': 18770.72654999979, 'time_mean': 10030.9430649837, 'mag_completeness': 3.0, 'mag_mean': 3.456916005014626, 'mag_max': 8.0, 'mag_min': 3.0, 'b_value': 0.856738547623331, 'b_std': 0.0071499224812533796, 'b_n': 14358}
2026-05-21 19:03:03,108 INFO src.data.event_loader: lengths of samples: min=32, max=981, avg=135.51
2026-05-21 19:03:03,109 INFO src.data.event_loader: Number of positive samples: 780
2026-05-21 19:03:03,109 INFO src.data.event_loader: Number of negative samples: 683
2026-05-21 19:03:03,136 INFO src.data.event_loader: Positive samples: 594, Negative samples: 576
2026-05-21 19:03:03,136 INFO src.data.event_loader: Total samples: 1170, Positive ratio: 0.51, Negative ratio: 0.49
2026-05-21 19:03:03,136 INFO src.data.event_loader: Positive samples: 107, Negative samples: 39
2026-05-21 19:03:03,136 INFO src.data.event_loader: Total samples: 146, Positive ratio: 0.73, Negative ratio: 0.27
2026-05-21 19:03:03,136 INFO src.data.event_loader: Positive samples: 79, Negative samples: 68
2026-05-21 19:03:03,136 INFO src.data.event_loader: Total samples: 147, Positive ratio: 0.54, Negative ratio: 0.46
2026-05-21 19:03:03,172 INFO src.cli.workflows: No resume path provided. Training will start from scratch.
2026-05-21 19:03:03,702 INFO src.models.adapters.mixer_task: using time scale base 1.3070542199341526 (key: tau_mean)
2026-05-21 19:03:03,702 INFO src.models.adapters.mixer_task: tau mean: tensor(1.3071)
2026-05-21 19:03:03,708 INFO src.train.config_setup: No checkpoint restore requested; initializing model from scratch.
2026-05-21 19:03:03,708 INFO src.train.config_setup: Freeze skipped (fresh_init): freeze_parts is empty.
2026-05-21 19:03:03,708 INFO src.train.config_setup: Using classification criterion: focal
2026-05-21 19:03:03,708 INFO src.train.config_setup: Criterion config: {'alpha': 0.5, 'gamma': 2.0}
2026-05-21 19:03:03,709 INFO src.train.trainer: Epoch 1
2026-05-21 19:03:23,843 INFO src.train.trainer: New best validation loss: 0.0754, saved to /root/autodl-tmp/em_eqf/experiments/clf_pre_v2/clf_pre_scratch_v2/runs/tf_10_mf_4p0_seed_2/best_model_1.pth
2026-05-21 19:03:23,849 INFO src.train.trainer: Last model at epoch 1 saved to /root/autodl-tmp/em_eqf/experiments/clf_pre_v2/clf_pre_scratch_v2/runs/tf_10_mf_4p0_seed_2/last_model_1.pth
2026-05-21 19:03:23,849 INFO src.train.trainer: Epoch 2
2026-05-21 19:03:27,524 INFO src.train.trainer: Last model at epoch 2 saved to /root/autodl-tmp/em_eqf/experiments/clf_pre_v2/clf_pre_scratch_v2/runs/tf_10_mf_4p0_seed_2/last_model_1.pth
2026-05-21 19:03:27,524 INFO src.train.trainer: Epoch 3
2026-05-21 19:03:30,833 INFO src.train.trainer: Last model at epoch 3 saved to /root/autodl-tmp/em_eqf/experiments/clf_pre_v2/clf_pre_scratch_v2/runs/tf_10_mf_4p0_seed_2/last_model_1.pth
2026-05-21 19:03:30,833 INFO src.train.trainer: Epoch 4
2026-05-21 19:03:33,945 INFO src.train.trainer: Last model at epoch 4 saved to /root/autodl-tmp/em_eqf/experiments/clf_pre_v2/clf_pre_scratch_v2/runs/tf_10_mf_4p0_seed_2/last_model_1.pth
2026-05-21 19:03:33,945 INFO src.train.trainer: Epoch 5
2026-05-21 19:03:37,139 INFO src.train.trainer: Last model at epoch 5 saved to /root/autodl-tmp/em_eqf/experiments/clf_pre_v2/clf_pre_scratch_v2/runs/tf_10_mf_4p0_seed_2/last_model_1.pth
2026-05-21 19:03:37,140 INFO src.train.trainer: Epoch 6
2026-05-21 19:03:40,197 INFO src.train.trainer: Last model at epoch 6 saved to /root/autodl-tmp/em_eqf/experiments/clf_pre_v2/clf_pre_scratch_v2/runs/tf_10_mf_4p0_seed_2/last_model_1.pth
2026-05-21 19:03:40,197 INFO src.train.trainer: Epoch 7
2026-05-21 19:03:43,261 INFO src.train.trainer: Last model at epoch 7 saved to /root/autodl-tmp/em_eqf/experiments/clf_pre_v2/clf_pre_scratch_v2/runs/tf_10_mf_4p0_seed_2/last_model_1.pth
2026-05-21 19:03:43,262 INFO src.train.trainer: Epoch 8
2026-05-21 19:03:46,185 INFO src.train.trainer: Last model at epoch 8 saved to /root/autodl-tmp/em_eqf/experiments/clf_pre_v2/clf_pre_scratch_v2/runs/tf_10_mf_4p0_seed_2/last_model_1.pth
2026-05-21 19:03:46,185 INFO src.train.trainer: Epoch 9
2026-05-21 19:03:49,004 INFO src.train.trainer: New best validation loss: 0.0724, saved to /root/autodl-tmp/em_eqf/experiments/clf_pre_v2/clf_pre_scratch_v2/runs/tf_10_mf_4p0_seed_2/best_model_1.pth
2026-05-21 19:03:49,011 INFO src.train.trainer: Last model at epoch 9 saved to /root/autodl-tmp/em_eqf/experiments/clf_pre_v2/clf_pre_scratch_v2/runs/tf_10_mf_4p0_seed_2/last_model_1.pth
2026-05-21 19:03:49,011 INFO src.train.trainer: Epoch 10
2026-05-21 19:03:51,939 INFO src.train.trainer: Last model at epoch 10 saved to /root/autodl-tmp/em_eqf/experiments/clf_pre_v2/clf_pre_scratch_v2/runs/tf_10_mf_4p0_seed_2/last_model_1.pth
2026-05-21 19:03:51,939 INFO src.train.trainer: Epoch 11
2026-05-21 19:03:55,061 INFO src.train.trainer: Last model at epoch 11 saved to /root/autodl-tmp/em_eqf/experiments/clf_pre_v2/clf_pre_scratch_v2/runs/tf_10_mf_4p0_seed_2/last_model_1.pth
2026-05-21 19:03:55,061 INFO src.train.trainer: Epoch 12
2026-05-21 19:03:58,125 INFO src.train.trainer: Last model at epoch 12 saved to /root/autodl-tmp/em_eqf/experiments/clf_pre_v2/clf_pre_scratch_v2/runs/tf_10_mf_4p0_seed_2/last_model_1.pth
2026-05-21 19:03:58,125 INFO src.train.trainer: Epoch 13
2026-05-21 19:04:00,915 INFO src.train.trainer: Last model at epoch 13 saved to /root/autodl-tmp/em_eqf/experiments/clf_pre_v2/clf_pre_scratch_v2/runs/tf_10_mf_4p0_seed_2/last_model_1.pth
2026-05-21 19:04:00,915 INFO src.train.trainer: Epoch 14
2026-05-21 19:04:03,837 INFO src.train.trainer: Last model at epoch 14 saved to /root/autodl-tmp/em_eqf/experiments/clf_pre_v2/clf_pre_scratch_v2/runs/tf_10_mf_4p0_seed_2/last_model_1.pth
2026-05-21 19:04:03,837 INFO src.train.trainer: Epoch 15
2026-05-21 19:04:06,912 INFO src.train.trainer: Last model at epoch 15 saved to /root/autodl-tmp/em_eqf/experiments/clf_pre_v2/clf_pre_scratch_v2/runs/tf_10_mf_4p0_seed_2/last_model_1.pth
2026-05-21 19:04:06,912 INFO src.train.trainer: Epoch 16
2026-05-21 19:04:09,915 INFO src.train.trainer: Last model at epoch 16 saved to /root/autodl-tmp/em_eqf/experiments/clf_pre_v2/clf_pre_scratch_v2/runs/tf_10_mf_4p0_seed_2/last_model_1.pth
2026-05-21 19:04:09,916 INFO src.train.trainer: Epoch 17
2026-05-21 19:04:12,877 INFO src.train.trainer: New best validation loss: 0.0679, saved to /root/autodl-tmp/em_eqf/experiments/clf_pre_v2/clf_pre_scratch_v2/runs/tf_10_mf_4p0_seed_2/best_model_1.pth
2026-05-21 19:04:12,884 INFO src.train.trainer: Last model at epoch 17 saved to /root/autodl-tmp/em_eqf/experiments/clf_pre_v2/clf_pre_scratch_v2/runs/tf_10_mf_4p0_seed_2/last_model_1.pth
2026-05-21 19:04:12,884 INFO src.train.trainer: Epoch 18
2026-05-21 19:04:15,692 INFO src.train.trainer: New best validation loss: 0.0670, saved to /root/autodl-tmp/em_eqf/experiments/clf_pre_v2/clf_pre_scratch_v2/runs/tf_10_mf_4p0_seed_2/best_model_1.pth
2026-05-21 19:04:15,699 INFO src.train.trainer: Last model at epoch 18 saved to /root/autodl-tmp/em_eqf/experiments/clf_pre_v2/clf_pre_scratch_v2/runs/tf_10_mf_4p0_seed_2/last_model_1.pth
2026-05-21 19:04:15,699 INFO src.train.trainer: Epoch 19
2026-05-21 19:04:18,855 INFO src.train.trainer: Last model at epoch 19 saved to /root/autodl-tmp/em_eqf/experiments/clf_pre_v2/clf_pre_scratch_v2/runs/tf_10_mf_4p0_seed_2/last_model_1.pth
2026-05-21 19:04:18,855 INFO src.train.trainer: Epoch 20
2026-05-21 19:04:21,954 INFO src.train.trainer: Last model at epoch 20 saved to /root/autodl-tmp/em_eqf/experiments/clf_pre_v2/clf_pre_scratch_v2/runs/tf_10_mf_4p0_seed_2/last_model_1.pth
2026-05-21 19:04:21,954 INFO src.train.trainer: Epoch 21
2026-05-21 19:04:25,005 INFO src.train.trainer: Last model at epoch 21 saved to /root/autodl-tmp/em_eqf/experiments/clf_pre_v2/clf_pre_scratch_v2/runs/tf_10_mf_4p0_seed_2/last_model_1.pth
2026-05-21 19:04:25,005 INFO src.train.trainer: Epoch 22
2026-05-21 19:04:28,205 INFO src.train.trainer: Last model at epoch 22 saved to /root/autodl-tmp/em_eqf/experiments/clf_pre_v2/clf_pre_scratch_v2/runs/tf_10_mf_4p0_seed_2/last_model_1.pth
2026-05-21 19:04:28,205 INFO src.train.trainer: Epoch 23
2026-05-21 19:04:31,418 INFO src.train.trainer: Last model at epoch 23 saved to /root/autodl-tmp/em_eqf/experiments/clf_pre_v2/clf_pre_scratch_v2/runs/tf_10_mf_4p0_seed_2/last_model_1.pth
2026-05-21 19:04:31,418 INFO src.train.trainer: Epoch 24
2026-05-21 19:04:34,545 INFO src.train.trainer: Last model at epoch 24 saved to /root/autodl-tmp/em_eqf/experiments/clf_pre_v2/clf_pre_scratch_v2/runs/tf_10_mf_4p0_seed_2/last_model_1.pth
2026-05-21 19:04:34,545 INFO src.train.trainer: Epoch 25
2026-05-21 19:04:37,597 INFO src.train.trainer: New best validation loss: 0.0595, saved to /root/autodl-tmp/em_eqf/experiments/clf_pre_v2/clf_pre_scratch_v2/runs/tf_10_mf_4p0_seed_2/best_model_1.pth
2026-05-21 19:04:37,605 INFO src.train.trainer: Last model at epoch 25 saved to /root/autodl-tmp/em_eqf/experiments/clf_pre_v2/clf_pre_scratch_v2/runs/tf_10_mf_4p0_seed_2/last_model_1.pth
2026-05-21 19:04:37,605 INFO src.train.trainer: Epoch 26
2026-05-21 19:04:40,662 INFO src.train.trainer: Last model at epoch 26 saved to /root/autodl-tmp/em_eqf/experiments/clf_pre_v2/clf_pre_scratch_v2/runs/tf_10_mf_4p0_seed_2/last_model_1.pth
2026-05-21 19:04:40,662 INFO src.train.trainer: Epoch 27
2026-05-21 19:04:43,658 INFO src.train.trainer: Last model at epoch 27 saved to /root/autodl-tmp/em_eqf/experiments/clf_pre_v2/clf_pre_scratch_v2/runs/tf_10_mf_4p0_seed_2/last_model_1.pth
2026-05-21 19:04:43,658 INFO src.train.trainer: Epoch 28
2026-05-21 19:04:46,375 INFO src.train.trainer: Last model at epoch 28 saved to /root/autodl-tmp/em_eqf/experiments/clf_pre_v2/clf_pre_scratch_v2/runs/tf_10_mf_4p0_seed_2/last_model_1.pth
2026-05-21 19:04:46,375 INFO src.train.trainer: Epoch 29
2026-05-21 19:04:49,104 INFO src.train.trainer: New best validation loss: 0.0554, saved to /root/autodl-tmp/em_eqf/experiments/clf_pre_v2/clf_pre_scratch_v2/runs/tf_10_mf_4p0_seed_2/best_model_1.pth
2026-05-21 19:04:49,112 INFO src.train.trainer: Last model at epoch 29 saved to /root/autodl-tmp/em_eqf/experiments/clf_pre_v2/clf_pre_scratch_v2/runs/tf_10_mf_4p0_seed_2/last_model_1.pth
2026-05-21 19:04:49,113 INFO src.train.trainer: Epoch 30
2026-05-21 19:04:51,776 INFO src.train.trainer: Last model at epoch 30 saved to /root/autodl-tmp/em_eqf/experiments/clf_pre_v2/clf_pre_scratch_v2/runs/tf_10_mf_4p0_seed_2/last_model_1.pth
2026-05-21 19:04:51,776 INFO src.train.trainer: Epoch 31
2026-05-21 19:04:54,493 INFO src.train.trainer: Last model at epoch 31 saved to /root/autodl-tmp/em_eqf/experiments/clf_pre_v2/clf_pre_scratch_v2/runs/tf_10_mf_4p0_seed_2/last_model_1.pth
2026-05-21 19:04:54,493 INFO src.train.trainer: Epoch 32
2026-05-21 19:04:57,174 INFO src.train.trainer: New best validation loss: 0.0522, saved to /root/autodl-tmp/em_eqf/experiments/clf_pre_v2/clf_pre_scratch_v2/runs/tf_10_mf_4p0_seed_2/best_model_1.pth
2026-05-21 19:04:57,181 INFO src.train.trainer: Last model at epoch 32 saved to /root/autodl-tmp/em_eqf/experiments/clf_pre_v2/clf_pre_scratch_v2/runs/tf_10_mf_4p0_seed_2/last_model_1.pth
2026-05-21 19:04:57,181 INFO src.train.trainer: Epoch 33
2026-05-21 19:05:00,484 INFO src.train.trainer: Last model at epoch 33 saved to /root/autodl-tmp/em_eqf/experiments/clf_pre_v2/clf_pre_scratch_v2/runs/tf_10_mf_4p0_seed_2/last_model_1.pth
2026-05-21 19:05:00,484 INFO src.train.trainer: Epoch 34
2026-05-21 19:05:03,770 INFO src.train.trainer: Last model at epoch 34 saved to /root/autodl-tmp/em_eqf/experiments/clf_pre_v2/clf_pre_scratch_v2/runs/tf_10_mf_4p0_seed_2/last_model_1.pth
2026-05-21 19:05:03,771 INFO src.train.trainer: Epoch 35
2026-05-21 19:05:06,229 INFO src.train.trainer: Last model at epoch 35 saved to /root/autodl-tmp/em_eqf/experiments/clf_pre_v2/clf_pre_scratch_v2/runs/tf_10_mf_4p0_seed_2/last_model_1.pth
2026-05-21 19:05:06,229 INFO src.train.trainer: Epoch 36
2026-05-21 19:05:08,761 INFO src.train.trainer: Last model at epoch 36 saved to /root/autodl-tmp/em_eqf/experiments/clf_pre_v2/clf_pre_scratch_v2/runs/tf_10_mf_4p0_seed_2/last_model_1.pth
2026-05-21 19:05:08,761 INFO src.train.trainer: Epoch 37
2026-05-21 19:05:11,440 INFO src.train.trainer: Last model at epoch 37 saved to /root/autodl-tmp/em_eqf/experiments/clf_pre_v2/clf_pre_scratch_v2/runs/tf_10_mf_4p0_seed_2/last_model_1.pth
2026-05-21 19:05:11,440 INFO src.train.trainer: Epoch 38
2026-05-21 19:05:14,027 INFO src.train.trainer: Last model at epoch 38 saved to /root/autodl-tmp/em_eqf/experiments/clf_pre_v2/clf_pre_scratch_v2/runs/tf_10_mf_4p0_seed_2/last_model_1.pth
2026-05-21 19:05:14,027 INFO src.train.trainer: Epoch 39
2026-05-21 19:05:16,624 INFO src.train.trainer: Last model at epoch 39 saved to /root/autodl-tmp/em_eqf/experiments/clf_pre_v2/clf_pre_scratch_v2/runs/tf_10_mf_4p0_seed_2/last_model_1.pth
2026-05-21 19:05:16,624 INFO src.train.trainer: Epoch 40
2026-05-21 19:05:19,962 INFO src.train.trainer: Last model at epoch 40 saved to /root/autodl-tmp/em_eqf/experiments/clf_pre_v2/clf_pre_scratch_v2/runs/tf_10_mf_4p0_seed_2/last_model_1.pth
2026-05-21 19:05:19,962 INFO src.train.trainer: Epoch 41
2026-05-21 19:05:23,020 INFO src.train.trainer: Last model at epoch 41 saved to /root/autodl-tmp/em_eqf/experiments/clf_pre_v2/clf_pre_scratch_v2/runs/tf_10_mf_4p0_seed_2/last_model_1.pth
2026-05-21 19:05:23,020 INFO src.train.trainer: Epoch 42
2026-05-21 19:05:26,040 INFO src.train.trainer: Last model at epoch 42 saved to /root/autodl-tmp/em_eqf/experiments/clf_pre_v2/clf_pre_scratch_v2/runs/tf_10_mf_4p0_seed_2/last_model_1.pth
2026-05-21 19:05:26,040 INFO src.train.trainer: Early stopping triggered at epoch 42 (best epoch: 32, best val loss: 0.052165)
2026-05-21 19:05:35,150 INFO src.data.preprocessing: CSV files found: ['chuandian_2021.csv']
2026-05-21 19:05:35,770 INFO src.utils.file_utils: Loading cached data from: data/ChuanDian/classifier/classifier_Mc_3_Mf_4.0_Tfore_10_Twindow_180_context_len_1_dt_10.pkl
2026-05-21 19:05:36,024 INFO src.data.preprocessing: Catalog statistics: {'tau_unfiltered': 0.15339908988298961, 'tau_q025': 0.08114294020924717, 'tau_q05': 0.5134664350189269, 'tau_mean': 1.3070542199341526, 'tau_max': 25.18216435192153, 'tau_min': 0.0, 'time_max': 18770.72654999979, 'time_mean': 10030.9430649837, 'mag_completeness': 3.0, 'mag_mean': 3.456916005014626, 'mag_max': 8.0, 'mag_min': 3.0, 'b_value': 0.856738547623331, 'b_std': 0.0071499224812533796, 'b_n': 14358}
2026-05-21 19:05:36,045 INFO src.data.event_loader: lengths of samples: min=32, max=981, avg=135.51
2026-05-21 19:05:36,045 INFO src.data.event_loader: Number of positive samples: 780
2026-05-21 19:05:36,046 INFO src.data.event_loader: Number of negative samples: 683
2026-05-21 19:05:36,047 INFO src.data.event_loader: Positive samples: 594, Negative samples: 576
2026-05-21 19:05:36,047 INFO src.data.event_loader: Total samples: 1170, Positive ratio: 0.51, Negative ratio: 0.49
2026-05-21 19:05:36,047 INFO src.data.event_loader: Positive samples: 107, Negative samples: 39
2026-05-21 19:05:36,047 INFO src.data.event_loader: Total samples: 146, Positive ratio: 0.73, Negative ratio: 0.27
2026-05-21 19:05:36,047 INFO src.data.event_loader: Positive samples: 79, Negative samples: 68
2026-05-21 19:05:36,047 INFO src.data.event_loader: Total samples: 147, Positive ratio: 0.54, Negative ratio: 0.46
2026-05-21 19:05:36,418 INFO src.models.adapters.mixer_task: using time scale base 1.3070542199341526 (key: tau_mean)
2026-05-21 19:05:36,418 INFO src.models.adapters.mixer_task: tau mean: tensor(1.3071)
2026-05-21 19:05:36,461 INFO src.train.config_setup: Restoring model from checkpoint.
2026-05-21 19:05:36,462 INFO src.train.config_setup: Loading model weights: load_specific_parts=None
2026-05-21 19:05:36,463 INFO src.train.config_setup: Checkpoint loaded: <All keys matched successfully>
2026-05-21 19:05:36,463 INFO src.train.config_setup: Full load summary: loaded=56, missing=0, unexpected=0
2026-05-21 19:05:36,464 INFO src.train.config_setup: Checkpoint hyperparameters loaded.
2026-05-21 19:05:36,464 INFO src.train.config_setup: Checkpoint train metrics available.
2026-05-21 19:05:36,464 INFO src.train.config_setup: Checkpoint val metrics available.
2026-05-21 19:05:36,464 INFO src.train.config_setup: Freeze skipped (checkpoint_restore): freeze_parts is empty.
2026-05-21 19:05:36,464 INFO src.train.config_setup: Using classification criterion: focal
2026-05-21 19:05:36,464 INFO src.train.config_setup: Criterion config: {'alpha': 0.5, 'gamma': 2.0}
2026-05-21 19:05:36,465 INFO src.train.config_setup: Not resuming optimizer/scheduler state; reset training state to start_epoch=0, best_val_loss=inf.
2026-05-21 19:05:36,465 INFO src.cli.common: Using threshold 0.4318457543849945 from checkpoint val_metrics for testing.
2026-05-21 19:05:40,967 INFO src.utils.metrics: ROC curve saved to /root/autodl-tmp/em_eqf/experiments/clf_pre_v2/clf_pre_scratch_v2/runs/tf_10_mf_4p0_seed_2/roc_curve.png
2026-05-21 19:05:41,135 INFO src.utils.metrics: PR curve saved to /root/autodl-tmp/em_eqf/experiments/clf_pre_v2/clf_pre_scratch_v2/runs/tf_10_mf_4p0_seed_2/pr_curve.png
2026-05-21 19:05:41,198 INFO src.utils.metrics: Confusion matrix saved to /root/autodl-tmp/em_eqf/experiments/clf_pre_v2/clf_pre_scratch_v2/runs/tf_10_mf_4p0_seed_2/confusion_matrix.png
2026-05-21 19:05:41,198 INFO src.cli.workflows: Test loss: 0.06358718872070312
2026-05-21 19:05:42,169 INFO src.train.classifier_train_step: Prediction distribution plot has been saved to: /root/autodl-tmp/em_eqf/experiments/clf_pre_v2/clf_pre_scratch_v2/runs/tf_10_mf_4p0_seed_2/train_pred_distribution.png
2026-05-21 19:05:42,456 INFO src.train.classifier_train_step: Prediction distribution plot has been saved to: /root/autodl-tmp/em_eqf/experiments/clf_pre_v2/clf_pre_scratch_v2/runs/tf_10_mf_4p0_seed_2/val_pred_distribution.png
2026-05-21 19:05:42,774 INFO src.train.classifier_train_step: Prediction distribution plot has been saved to: /root/autodl-tmp/em_eqf/experiments/clf_pre_v2/clf_pre_scratch_v2/runs/tf_10_mf_4p0_seed_2/test_pred_distribution.png
2026-05-21 19:05:42,774 INFO src.cli.common: Saved test metrics to /root/autodl-tmp/em_eqf/experiments/clf_pre_v2/clf_pre_scratch_v2/runs/tf_10_mf_4p0_seed_2/metrics_test_best_1.json
2026-05-21 19:05:42,774 INFO src.cli.common: Metrics: {'precision': 0.5413533834586466, 'recall': 0.9113924050632911, 'f1': 0.6792452830188679, 'auc': 0.7702903946388682, 'pr_auc': 0.8537213237062089, 'fpr': 0.8970588235294118, 'tpr': 0.9113924050632911, 'R': 0.014333581533879314, 'conf': 1.5772124159197024e-29, 'threshold': 0.4318457543849945}
