2026-05-15 14:27:52,129 INFO src.data.preprocessing: CSV files found: ['chuandian_2021.csv']
2026-05-15 14:27:52,862 INFO src.utils.file_utils: Loading cached data from: data/ChuanDian/regressor/regressor_Mc_3_Mf_3_Tfore_180_Twindow_360_context_len_1_dt_10.pkl
2026-05-15 14:27:55,059 INFO src.data.preprocessing: Catalog statistics: {'tau_unfiltered': 0.15339908988298961, 'tau_q025': 0.08114294020924717, 'tau_q05': 0.5134664350189269, 'tau_mean': 1.3070542199341526, 'tau_max': 25.18216435192153, 'tau_min': 0.0, 'time_max': 18770.72654999979, 'time_mean': 10030.9430649837, 'mag_completeness': 3.0, 'mag_mean': 3.456916005014626, 'mag_max': 8.0, 'mag_min': 3.0, 'b_value': 0.856738547623331, 'b_std': 0.0071499224812533796, 'b_n': 14358}
2026-05-15 14:27:55,098 INFO src.data.event_loader: lengths of samples: min=96, max=1340, avg=265.71
2026-05-15 14:27:55,099 INFO src.cli.workflows: Loading checkpoint from: ./checkpoints/mixer_tpp_20260508-182744/last_model_1.pth
2026-05-15 14:27:56,583 INFO src.models.adapters.mixer_task: using time scale base 1.3070542199341526 (key: tau_mean)
2026-05-15 14:27:56,583 INFO src.models.adapters.mixer_task: tau mean: tensor(1.3071)
2026-05-15 14:27:56,685 INFO src.train.config_setup: Restoring model from checkpoint.
2026-05-15 14:27:56,685 INFO src.train.config_setup: Loading model weights: load_specific_parts=['base_model.encoder.input_proj', 'base_model.encoder.layers.0', 'base_model.encoder.layers.1']
2026-05-15 14:27:56,687 INFO src.train.config_setup: Selective load summary: requested_parts=['base_model.encoder.input_proj', 'base_model.encoder.layers.0', 'base_model.encoder.layers.1'], target_in_model=32, matched_in_checkpoint=28, loaded=28, missing_after_load=4, shape_mismatch=0, missing_in_model=0, out_of_scope_loaded=0
2026-05-15 14:27:56,687 INFO src.train.config_setup: Selective load coverage [base_model.encoder.input_proj]: target=4, hit=4, missing=0, complete=True
2026-05-15 14:27:56,687 INFO src.train.config_setup: Selective load coverage [base_model.encoder.layers.0]: target=14, hit=12, missing=2, complete=False
2026-05-15 14:27:56,687 WARNING src.train.config_setup: Selective load coverage missing preview [base_model.encoder.layers.0]: ['base_model.encoder.layers.0.mixer.conv1d.bias', 'base_model.encoder.layers.0.mixer.conv1d.weight']
2026-05-15 14:27:56,687 INFO src.train.config_setup: Selective load coverage [base_model.encoder.layers.1]: target=14, hit=12, missing=2, complete=False
2026-05-15 14:27:56,687 WARNING src.train.config_setup: Selective load coverage missing preview [base_model.encoder.layers.1]: ['base_model.encoder.layers.1.mixer.conv1d.bias', 'base_model.encoder.layers.1.mixer.conv1d.weight']
2026-05-15 14:27:56,687 WARNING src.train.config_setup: Checkpoint missing target parameter preview: ['base_model.encoder.layers.0.mixer.conv1d.bias', 'base_model.encoder.layers.0.mixer.conv1d.weight', 'base_model.encoder.layers.1.mixer.conv1d.bias', 'base_model.encoder.layers.1.mixer.conv1d.weight']
2026-05-15 14:27:56,687 WARNING src.train.config_setup: Target not-loaded parameter preview: ['base_model.encoder.layers.0.mixer.conv1d.bias', 'base_model.encoder.layers.0.mixer.conv1d.weight', 'base_model.encoder.layers.1.mixer.conv1d.bias', 'base_model.encoder.layers.1.mixer.conv1d.weight']
2026-05-15 14:27:56,687 INFO src.train.config_setup: Loaded parameter preview: ['base_model.encoder.layers.1.mixer.in_proj.weight', 'base_model.encoder.layers.0.mixer.out_proj.weight', 'base_model.encoder.layers.0.mixer.dt_bias', 'base_model.encoder.layers.0.mixer.D', 'base_model.encoder.layers.1.mixer.out_proj.weight', 'base_model.encoder.layers.0.norm2.weight', 'base_model.encoder.layers.1.mlp.fc1.weight', 'base_model.encoder.layers.0.norm.bias', 'base_model.encoder.input_proj.0.bias', 'base_model.encoder.layers.0.mixer.in_proj.weight'] ... (+18 more)
2026-05-15 14:27:56,689 INFO src.train.config_setup: Checkpoint hyperparameters loaded.
2026-05-15 14:27:56,689 INFO src.train.config_setup: Checkpoint train metrics available.
2026-05-15 14:27:56,689 INFO src.train.config_setup: Checkpoint val metrics available.
2026-05-15 14:27:56,689 INFO src.train.config_setup: Freeze skipped (checkpoint_restore): freeze_parts is empty.
2026-05-15 14:27:56,689 INFO src.train.config_setup: Using regression criterion: smooth_l1
2026-05-15 14:27:56,689 INFO src.train.config_setup: Criterion config: {'beta': 0.2}
2026-05-15 14:27:56,690 INFO src.train.config_setup: encoder_param_keywords: ['base_model.encoder.input_proj', 'base_model.encoder.layers.0', 'base_model.encoder.layers.1']
2026-05-15 14:27:56,690 INFO src.train.config_setup: encoder_lr grouping summary: lr=0.0004, matched=32
2026-05-15 14:27:56,690 INFO src.train.config_setup: Encoder LR coverage [base_model.encoder.input_proj]: target=4, hit=4, missing=0, complete=True
2026-05-15 14:27:56,690 INFO src.train.config_setup: Encoder LR coverage [base_model.encoder.layers.0]: target=14, hit=14, missing=0, complete=True
2026-05-15 14:27:56,690 INFO src.train.config_setup: Encoder LR coverage [base_model.encoder.layers.1]: target=14, hit=14, missing=0, complete=True
2026-05-15 14:27:56,690 INFO src.train.config_setup: encoder_lr matched preview: ['base_model.encoder.input_proj.0.weight', 'base_model.encoder.input_proj.0.bias', 'base_model.encoder.input_proj.3.weight', 'base_model.encoder.input_proj.3.bias', 'base_model.encoder.layers.0.norm.weight', 'base_model.encoder.layers.0.norm.bias', 'base_model.encoder.layers.0.mixer.dt_bias', 'base_model.encoder.layers.0.mixer.A_log', 'base_model.encoder.layers.0.mixer.D', 'base_model.encoder.layers.0.mixer.in_proj.weight'] ... (+22 more)
2026-05-15 14:27:56,691 INFO src.train.config_setup: Not resuming optimizer/scheduler state; reset training state to start_epoch=0, best_val_loss=inf.
2026-05-15 14:27:56,691 INFO src.train.trainer: Epoch 1
2026-05-15 14:28:15,773 INFO src.train.trainer: New best validation loss: 0.0455, saved to /root/autodl-tmp/em_eqf/experiments/reg_mixer_attnpl_a_b_c/runs/reg_ab_minus_txpos_seed_3/best_model_1.pth
2026-05-15 14:28:15,783 INFO src.train.trainer: Last model at epoch 1 saved to /root/autodl-tmp/em_eqf/experiments/reg_mixer_attnpl_a_b_c/runs/reg_ab_minus_txpos_seed_3/last_model_1.pth
2026-05-15 14:28:15,784 INFO src.train.trainer: Epoch 2
2026-05-15 14:28:18,443 INFO src.train.trainer: New best validation loss: 0.0447, saved to /root/autodl-tmp/em_eqf/experiments/reg_mixer_attnpl_a_b_c/runs/reg_ab_minus_txpos_seed_3/best_model_1.pth
2026-05-15 14:28:18,453 INFO src.train.trainer: Last model at epoch 2 saved to /root/autodl-tmp/em_eqf/experiments/reg_mixer_attnpl_a_b_c/runs/reg_ab_minus_txpos_seed_3/last_model_1.pth
2026-05-15 14:28:18,454 INFO src.train.trainer: Epoch 3
2026-05-15 14:28:21,148 INFO src.train.trainer: Last model at epoch 3 saved to /root/autodl-tmp/em_eqf/experiments/reg_mixer_attnpl_a_b_c/runs/reg_ab_minus_txpos_seed_3/last_model_1.pth
2026-05-15 14:28:21,148 INFO src.train.trainer: Epoch 4
2026-05-15 14:28:24,043 INFO src.train.trainer: New best validation loss: 0.0424, saved to /root/autodl-tmp/em_eqf/experiments/reg_mixer_attnpl_a_b_c/runs/reg_ab_minus_txpos_seed_3/best_model_1.pth
2026-05-15 14:28:24,059 INFO src.train.trainer: Last model at epoch 4 saved to /root/autodl-tmp/em_eqf/experiments/reg_mixer_attnpl_a_b_c/runs/reg_ab_minus_txpos_seed_3/last_model_1.pth
2026-05-15 14:28:24,059 INFO src.train.trainer: Epoch 5
2026-05-15 14:28:26,863 INFO src.train.trainer: New best validation loss: 0.0417, saved to /root/autodl-tmp/em_eqf/experiments/reg_mixer_attnpl_a_b_c/runs/reg_ab_minus_txpos_seed_3/best_model_1.pth
2026-05-15 14:28:26,874 INFO src.train.trainer: Last model at epoch 5 saved to /root/autodl-tmp/em_eqf/experiments/reg_mixer_attnpl_a_b_c/runs/reg_ab_minus_txpos_seed_3/last_model_1.pth
2026-05-15 14:28:26,874 INFO src.train.trainer: Epoch 6
2026-05-15 14:28:29,549 INFO src.train.trainer: Last model at epoch 6 saved to /root/autodl-tmp/em_eqf/experiments/reg_mixer_attnpl_a_b_c/runs/reg_ab_minus_txpos_seed_3/last_model_1.pth
2026-05-15 14:28:29,550 INFO src.train.trainer: Epoch 7
2026-05-15 14:28:32,324 INFO src.train.trainer: Last model at epoch 7 saved to /root/autodl-tmp/em_eqf/experiments/reg_mixer_attnpl_a_b_c/runs/reg_ab_minus_txpos_seed_3/last_model_1.pth
2026-05-15 14:28:32,325 INFO src.train.trainer: Epoch 8
2026-05-15 14:28:35,135 INFO src.train.trainer: Last model at epoch 8 saved to /root/autodl-tmp/em_eqf/experiments/reg_mixer_attnpl_a_b_c/runs/reg_ab_minus_txpos_seed_3/last_model_1.pth
2026-05-15 14:28:35,136 INFO src.train.trainer: Epoch 9
2026-05-15 14:28:38,231 INFO src.train.trainer: Last model at epoch 9 saved to /root/autodl-tmp/em_eqf/experiments/reg_mixer_attnpl_a_b_c/runs/reg_ab_minus_txpos_seed_3/last_model_1.pth
2026-05-15 14:28:38,232 INFO src.train.trainer: Epoch 10
2026-05-15 14:28:40,953 INFO src.train.trainer: Last model at epoch 10 saved to /root/autodl-tmp/em_eqf/experiments/reg_mixer_attnpl_a_b_c/runs/reg_ab_minus_txpos_seed_3/last_model_1.pth
2026-05-15 14:28:40,954 INFO src.train.trainer: Epoch 11
2026-05-15 14:28:43,711 INFO src.train.trainer: Last model at epoch 11 saved to /root/autodl-tmp/em_eqf/experiments/reg_mixer_attnpl_a_b_c/runs/reg_ab_minus_txpos_seed_3/last_model_1.pth
2026-05-15 14:28:43,711 INFO src.train.trainer: Epoch 12
2026-05-15 14:28:46,202 INFO src.train.trainer: Last model at epoch 12 saved to /root/autodl-tmp/em_eqf/experiments/reg_mixer_attnpl_a_b_c/runs/reg_ab_minus_txpos_seed_3/last_model_1.pth
2026-05-15 14:28:46,203 INFO src.train.trainer: Epoch 13
2026-05-15 14:28:48,652 INFO src.train.trainer: Last model at epoch 13 saved to /root/autodl-tmp/em_eqf/experiments/reg_mixer_attnpl_a_b_c/runs/reg_ab_minus_txpos_seed_3/last_model_1.pth
2026-05-15 14:28:48,653 INFO src.train.trainer: Epoch 14
2026-05-15 14:28:50,927 INFO src.train.trainer: Last model at epoch 14 saved to /root/autodl-tmp/em_eqf/experiments/reg_mixer_attnpl_a_b_c/runs/reg_ab_minus_txpos_seed_3/last_model_1.pth
2026-05-15 14:28:50,927 INFO src.train.trainer: Epoch 15
2026-05-15 14:28:53,660 INFO src.train.trainer: Last model at epoch 15 saved to /root/autodl-tmp/em_eqf/experiments/reg_mixer_attnpl_a_b_c/runs/reg_ab_minus_txpos_seed_3/last_model_1.pth
2026-05-15 14:28:53,661 INFO src.train.trainer: Epoch 16
2026-05-15 14:28:56,029 INFO src.train.trainer: Last model at epoch 16 saved to /root/autodl-tmp/em_eqf/experiments/reg_mixer_attnpl_a_b_c/runs/reg_ab_minus_txpos_seed_3/last_model_1.pth
2026-05-15 14:28:56,029 INFO src.train.trainer: Epoch 17
2026-05-15 14:28:58,722 INFO src.train.trainer: Last model at epoch 17 saved to /root/autodl-tmp/em_eqf/experiments/reg_mixer_attnpl_a_b_c/runs/reg_ab_minus_txpos_seed_3/last_model_1.pth
2026-05-15 14:28:58,722 INFO src.train.trainer: Epoch 18
2026-05-15 14:29:01,664 INFO src.train.trainer: Last model at epoch 18 saved to /root/autodl-tmp/em_eqf/experiments/reg_mixer_attnpl_a_b_c/runs/reg_ab_minus_txpos_seed_3/last_model_1.pth
2026-05-15 14:29:01,664 INFO src.train.trainer: Epoch 19
2026-05-15 14:29:04,640 INFO src.train.trainer: Last model at epoch 19 saved to /root/autodl-tmp/em_eqf/experiments/reg_mixer_attnpl_a_b_c/runs/reg_ab_minus_txpos_seed_3/last_model_1.pth
2026-05-15 14:29:04,641 INFO src.train.trainer: Epoch 20
2026-05-15 14:29:07,500 INFO src.train.trainer: Last model at epoch 20 saved to /root/autodl-tmp/em_eqf/experiments/reg_mixer_attnpl_a_b_c/runs/reg_ab_minus_txpos_seed_3/last_model_1.pth
2026-05-15 14:29:07,501 INFO src.train.trainer: Epoch 21
2026-05-15 14:29:10,267 INFO src.train.trainer: Last model at epoch 21 saved to /root/autodl-tmp/em_eqf/experiments/reg_mixer_attnpl_a_b_c/runs/reg_ab_minus_txpos_seed_3/last_model_1.pth
2026-05-15 14:29:10,267 INFO src.train.trainer: Epoch 22
2026-05-15 14:29:12,774 INFO src.train.trainer: Last model at epoch 22 saved to /root/autodl-tmp/em_eqf/experiments/reg_mixer_attnpl_a_b_c/runs/reg_ab_minus_txpos_seed_3/last_model_1.pth
2026-05-15 14:29:12,774 INFO src.train.trainer: Epoch 23
2026-05-15 14:29:15,176 INFO src.train.trainer: Last model at epoch 23 saved to /root/autodl-tmp/em_eqf/experiments/reg_mixer_attnpl_a_b_c/runs/reg_ab_minus_txpos_seed_3/last_model_1.pth
2026-05-15 14:29:15,176 INFO src.train.trainer: Epoch 24
2026-05-15 14:29:17,738 INFO src.train.trainer: Last model at epoch 24 saved to /root/autodl-tmp/em_eqf/experiments/reg_mixer_attnpl_a_b_c/runs/reg_ab_minus_txpos_seed_3/last_model_1.pth
2026-05-15 14:29:17,738 INFO src.train.trainer: Epoch 25
2026-05-15 14:29:20,408 INFO src.train.trainer: Last model at epoch 25 saved to /root/autodl-tmp/em_eqf/experiments/reg_mixer_attnpl_a_b_c/runs/reg_ab_minus_txpos_seed_3/last_model_1.pth
2026-05-15 14:29:20,409 INFO src.train.trainer: Epoch 26
2026-05-15 14:29:23,093 INFO src.train.trainer: Last model at epoch 26 saved to /root/autodl-tmp/em_eqf/experiments/reg_mixer_attnpl_a_b_c/runs/reg_ab_minus_txpos_seed_3/last_model_1.pth
2026-05-15 14:29:23,094 INFO src.train.trainer: Epoch 27
2026-05-15 14:29:25,816 INFO src.train.trainer: Last model at epoch 27 saved to /root/autodl-tmp/em_eqf/experiments/reg_mixer_attnpl_a_b_c/runs/reg_ab_minus_txpos_seed_3/last_model_1.pth
2026-05-15 14:29:25,817 INFO src.train.trainer: Epoch 28
2026-05-15 14:29:28,617 INFO src.train.trainer: Last model at epoch 28 saved to /root/autodl-tmp/em_eqf/experiments/reg_mixer_attnpl_a_b_c/runs/reg_ab_minus_txpos_seed_3/last_model_1.pth
2026-05-15 14:29:28,617 INFO src.train.trainer: Epoch 29
2026-05-15 14:29:31,590 INFO src.train.trainer: Last model at epoch 29 saved to /root/autodl-tmp/em_eqf/experiments/reg_mixer_attnpl_a_b_c/runs/reg_ab_minus_txpos_seed_3/last_model_1.pth
2026-05-15 14:29:31,590 INFO src.train.trainer: Epoch 30
2026-05-15 14:29:34,842 INFO src.train.trainer: Last model at epoch 30 saved to /root/autodl-tmp/em_eqf/experiments/reg_mixer_attnpl_a_b_c/runs/reg_ab_minus_txpos_seed_3/last_model_1.pth
2026-05-15 14:29:34,842 INFO src.train.trainer: Epoch 31
2026-05-15 14:29:37,998 INFO src.train.trainer: New best validation loss: 0.0380, saved to /root/autodl-tmp/em_eqf/experiments/reg_mixer_attnpl_a_b_c/runs/reg_ab_minus_txpos_seed_3/best_model_1.pth
2026-05-15 14:29:38,015 INFO src.train.trainer: Last model at epoch 31 saved to /root/autodl-tmp/em_eqf/experiments/reg_mixer_attnpl_a_b_c/runs/reg_ab_minus_txpos_seed_3/last_model_1.pth
2026-05-15 14:29:38,015 INFO src.train.trainer: Epoch 32
2026-05-15 14:29:41,218 INFO src.train.trainer: Last model at epoch 32 saved to /root/autodl-tmp/em_eqf/experiments/reg_mixer_attnpl_a_b_c/runs/reg_ab_minus_txpos_seed_3/last_model_1.pth
2026-05-15 14:29:41,218 INFO src.train.trainer: Epoch 33
2026-05-15 14:29:43,874 INFO src.train.trainer: Last model at epoch 33 saved to /root/autodl-tmp/em_eqf/experiments/reg_mixer_attnpl_a_b_c/runs/reg_ab_minus_txpos_seed_3/last_model_1.pth
2026-05-15 14:29:43,874 INFO src.train.trainer: Epoch 34
2026-05-15 14:29:47,046 INFO src.train.trainer: Last model at epoch 34 saved to /root/autodl-tmp/em_eqf/experiments/reg_mixer_attnpl_a_b_c/runs/reg_ab_minus_txpos_seed_3/last_model_1.pth
2026-05-15 14:29:47,047 INFO src.train.trainer: Epoch 35
2026-05-15 14:29:50,050 INFO src.train.trainer: Last model at epoch 35 saved to /root/autodl-tmp/em_eqf/experiments/reg_mixer_attnpl_a_b_c/runs/reg_ab_minus_txpos_seed_3/last_model_1.pth
2026-05-15 14:29:50,050 INFO src.train.trainer: Epoch 36
2026-05-15 14:29:52,585 INFO src.train.trainer: Last model at epoch 36 saved to /root/autodl-tmp/em_eqf/experiments/reg_mixer_attnpl_a_b_c/runs/reg_ab_minus_txpos_seed_3/last_model_1.pth
2026-05-15 14:29:52,585 INFO src.train.trainer: Epoch 37
2026-05-15 14:29:55,275 INFO src.train.trainer: Last model at epoch 37 saved to /root/autodl-tmp/em_eqf/experiments/reg_mixer_attnpl_a_b_c/runs/reg_ab_minus_txpos_seed_3/last_model_1.pth
2026-05-15 14:29:55,275 INFO src.train.trainer: Epoch 38
2026-05-15 14:29:58,420 INFO src.train.trainer: Last model at epoch 38 saved to /root/autodl-tmp/em_eqf/experiments/reg_mixer_attnpl_a_b_c/runs/reg_ab_minus_txpos_seed_3/last_model_1.pth
2026-05-15 14:29:58,420 INFO src.train.trainer: Epoch 39
2026-05-15 14:30:01,342 INFO src.train.trainer: Last model at epoch 39 saved to /root/autodl-tmp/em_eqf/experiments/reg_mixer_attnpl_a_b_c/runs/reg_ab_minus_txpos_seed_3/last_model_1.pth
2026-05-15 14:30:01,342 INFO src.train.trainer: Epoch 40
2026-05-15 14:30:04,221 INFO src.train.trainer: Last model at epoch 40 saved to /root/autodl-tmp/em_eqf/experiments/reg_mixer_attnpl_a_b_c/runs/reg_ab_minus_txpos_seed_3/last_model_1.pth
2026-05-15 14:30:04,221 INFO src.train.trainer: Epoch 41
2026-05-15 14:30:07,427 INFO src.train.trainer: Last model at epoch 41 saved to /root/autodl-tmp/em_eqf/experiments/reg_mixer_attnpl_a_b_c/runs/reg_ab_minus_txpos_seed_3/last_model_1.pth
2026-05-15 14:30:07,427 INFO src.train.trainer: Epoch 42
2026-05-15 14:30:10,354 INFO src.train.trainer: Last model at epoch 42 saved to /root/autodl-tmp/em_eqf/experiments/reg_mixer_attnpl_a_b_c/runs/reg_ab_minus_txpos_seed_3/last_model_1.pth
2026-05-15 14:30:10,354 INFO src.train.trainer: Epoch 43
2026-05-15 14:30:13,159 INFO src.train.trainer: Last model at epoch 43 saved to /root/autodl-tmp/em_eqf/experiments/reg_mixer_attnpl_a_b_c/runs/reg_ab_minus_txpos_seed_3/last_model_1.pth
2026-05-15 14:30:13,159 INFO src.train.trainer: Epoch 44
2026-05-15 14:30:15,917 INFO src.train.trainer: Last model at epoch 44 saved to /root/autodl-tmp/em_eqf/experiments/reg_mixer_attnpl_a_b_c/runs/reg_ab_minus_txpos_seed_3/last_model_1.pth
2026-05-15 14:30:15,917 INFO src.train.trainer: Epoch 45
2026-05-15 14:30:18,717 INFO src.train.trainer: Last model at epoch 45 saved to /root/autodl-tmp/em_eqf/experiments/reg_mixer_attnpl_a_b_c/runs/reg_ab_minus_txpos_seed_3/last_model_1.pth
2026-05-15 14:30:18,718 INFO src.train.trainer: Epoch 46
2026-05-15 14:30:21,096 INFO src.train.trainer: Last model at epoch 46 saved to /root/autodl-tmp/em_eqf/experiments/reg_mixer_attnpl_a_b_c/runs/reg_ab_minus_txpos_seed_3/last_model_1.pth
2026-05-15 14:30:21,097 INFO src.train.trainer: Epoch 47
2026-05-15 14:30:23,777 INFO src.train.trainer: Last model at epoch 47 saved to /root/autodl-tmp/em_eqf/experiments/reg_mixer_attnpl_a_b_c/runs/reg_ab_minus_txpos_seed_3/last_model_1.pth
2026-05-15 14:30:23,778 INFO src.train.trainer: Epoch 48
2026-05-15 14:30:26,621 INFO src.train.trainer: Last model at epoch 48 saved to /root/autodl-tmp/em_eqf/experiments/reg_mixer_attnpl_a_b_c/runs/reg_ab_minus_txpos_seed_3/last_model_1.pth
2026-05-15 14:30:26,622 INFO src.train.trainer: Epoch 49
2026-05-15 14:30:28,980 INFO src.train.trainer: Last model at epoch 49 saved to /root/autodl-tmp/em_eqf/experiments/reg_mixer_attnpl_a_b_c/runs/reg_ab_minus_txpos_seed_3/last_model_1.pth
2026-05-15 14:30:28,981 INFO src.train.trainer: Epoch 50
2026-05-15 14:30:31,386 INFO src.train.trainer: Last model at epoch 50 saved to /root/autodl-tmp/em_eqf/experiments/reg_mixer_attnpl_a_b_c/runs/reg_ab_minus_txpos_seed_3/last_model_1.pth
2026-05-15 14:30:31,386 INFO src.train.trainer: Epoch 51
2026-05-15 14:30:33,778 INFO src.train.trainer: Last model at epoch 51 saved to /root/autodl-tmp/em_eqf/experiments/reg_mixer_attnpl_a_b_c/runs/reg_ab_minus_txpos_seed_3/last_model_1.pth
2026-05-15 14:30:33,778 INFO src.train.trainer: Epoch 52
2026-05-15 14:30:36,110 INFO src.train.trainer: Last model at epoch 52 saved to /root/autodl-tmp/em_eqf/experiments/reg_mixer_attnpl_a_b_c/runs/reg_ab_minus_txpos_seed_3/last_model_1.pth
2026-05-15 14:30:36,110 INFO src.train.trainer: Epoch 53
2026-05-15 14:30:38,855 INFO src.train.trainer: Last model at epoch 53 saved to /root/autodl-tmp/em_eqf/experiments/reg_mixer_attnpl_a_b_c/runs/reg_ab_minus_txpos_seed_3/last_model_1.pth
2026-05-15 14:30:38,856 INFO src.train.trainer: Epoch 54
2026-05-15 14:30:41,584 INFO src.train.trainer: Last model at epoch 54 saved to /root/autodl-tmp/em_eqf/experiments/reg_mixer_attnpl_a_b_c/runs/reg_ab_minus_txpos_seed_3/last_model_1.pth
2026-05-15 14:30:41,584 INFO src.train.trainer: Epoch 55
2026-05-15 14:30:44,422 INFO src.train.trainer: Last model at epoch 55 saved to /root/autodl-tmp/em_eqf/experiments/reg_mixer_attnpl_a_b_c/runs/reg_ab_minus_txpos_seed_3/last_model_1.pth
2026-05-15 14:30:44,422 INFO src.train.trainer: Epoch 56
2026-05-15 14:30:47,151 INFO src.train.trainer: Last model at epoch 56 saved to /root/autodl-tmp/em_eqf/experiments/reg_mixer_attnpl_a_b_c/runs/reg_ab_minus_txpos_seed_3/last_model_1.pth
2026-05-15 14:30:47,152 INFO src.train.trainer: Epoch 57
2026-05-15 14:30:49,520 INFO src.train.trainer: Last model at epoch 57 saved to /root/autodl-tmp/em_eqf/experiments/reg_mixer_attnpl_a_b_c/runs/reg_ab_minus_txpos_seed_3/last_model_1.pth
2026-05-15 14:30:49,520 INFO src.train.trainer: Epoch 58
2026-05-15 14:30:51,700 INFO src.train.trainer: Last model at epoch 58 saved to /root/autodl-tmp/em_eqf/experiments/reg_mixer_attnpl_a_b_c/runs/reg_ab_minus_txpos_seed_3/last_model_1.pth
2026-05-15 14:30:51,701 INFO src.train.trainer: Epoch 59
2026-05-15 14:30:54,190 INFO src.train.trainer: Last model at epoch 59 saved to /root/autodl-tmp/em_eqf/experiments/reg_mixer_attnpl_a_b_c/runs/reg_ab_minus_txpos_seed_3/last_model_1.pth
2026-05-15 14:30:54,190 INFO src.train.trainer: Epoch 60
2026-05-15 14:30:56,868 INFO src.train.trainer: Last model at epoch 60 saved to /root/autodl-tmp/em_eqf/experiments/reg_mixer_attnpl_a_b_c/runs/reg_ab_minus_txpos_seed_3/last_model_1.pth
2026-05-15 14:30:56,880 INFO src.train.trainer: Saved epoch 60 snapshot to /root/autodl-tmp/em_eqf/experiments/reg_mixer_attnpl_a_b_c/runs/reg_ab_minus_txpos_seed_3/epoch_60_model_1.pth
2026-05-15 14:30:56,880 INFO src.train.trainer: Epoch 61
2026-05-15 14:30:59,456 INFO src.train.trainer: Last model at epoch 61 saved to /root/autodl-tmp/em_eqf/experiments/reg_mixer_attnpl_a_b_c/runs/reg_ab_minus_txpos_seed_3/last_model_1.pth
2026-05-15 14:30:59,456 INFO src.train.trainer: Epoch 62
2026-05-15 14:31:02,116 INFO src.train.trainer: Last model at epoch 62 saved to /root/autodl-tmp/em_eqf/experiments/reg_mixer_attnpl_a_b_c/runs/reg_ab_minus_txpos_seed_3/last_model_1.pth
2026-05-15 14:31:02,117 INFO src.train.trainer: Epoch 63
2026-05-15 14:31:04,671 INFO src.train.trainer: Last model at epoch 63 saved to /root/autodl-tmp/em_eqf/experiments/reg_mixer_attnpl_a_b_c/runs/reg_ab_minus_txpos_seed_3/last_model_1.pth
2026-05-15 14:31:04,671 INFO src.train.trainer: Epoch 64
2026-05-15 14:31:07,467 INFO src.train.trainer: Last model at epoch 64 saved to /root/autodl-tmp/em_eqf/experiments/reg_mixer_attnpl_a_b_c/runs/reg_ab_minus_txpos_seed_3/last_model_1.pth
2026-05-15 14:31:07,468 INFO src.train.trainer: Epoch 65
2026-05-15 14:31:10,228 INFO src.train.trainer: Last model at epoch 65 saved to /root/autodl-tmp/em_eqf/experiments/reg_mixer_attnpl_a_b_c/runs/reg_ab_minus_txpos_seed_3/last_model_1.pth
2026-05-15 14:31:10,228 INFO src.train.trainer: Epoch 66
2026-05-15 14:31:13,082 INFO src.train.trainer: Last model at epoch 66 saved to /root/autodl-tmp/em_eqf/experiments/reg_mixer_attnpl_a_b_c/runs/reg_ab_minus_txpos_seed_3/last_model_1.pth
2026-05-15 14:31:13,082 INFO src.train.trainer: Epoch 67
2026-05-15 14:31:15,952 INFO src.train.trainer: Last model at epoch 67 saved to /root/autodl-tmp/em_eqf/experiments/reg_mixer_attnpl_a_b_c/runs/reg_ab_minus_txpos_seed_3/last_model_1.pth
2026-05-15 14:31:15,952 INFO src.train.trainer: Epoch 68
2026-05-15 14:31:18,521 INFO src.train.trainer: Last model at epoch 68 saved to /root/autodl-tmp/em_eqf/experiments/reg_mixer_attnpl_a_b_c/runs/reg_ab_minus_txpos_seed_3/last_model_1.pth
2026-05-15 14:31:18,521 INFO src.train.trainer: Epoch 69
2026-05-15 14:31:20,666 INFO src.train.trainer: Last model at epoch 69 saved to /root/autodl-tmp/em_eqf/experiments/reg_mixer_attnpl_a_b_c/runs/reg_ab_minus_txpos_seed_3/last_model_1.pth
2026-05-15 14:31:20,666 INFO src.train.trainer: Epoch 70
2026-05-15 14:31:23,089 INFO src.train.trainer: Last model at epoch 70 saved to /root/autodl-tmp/em_eqf/experiments/reg_mixer_attnpl_a_b_c/runs/reg_ab_minus_txpos_seed_3/last_model_1.pth
2026-05-15 14:31:23,089 INFO src.train.trainer: Epoch 71
2026-05-15 14:31:25,496 INFO src.train.trainer: Last model at epoch 71 saved to /root/autodl-tmp/em_eqf/experiments/reg_mixer_attnpl_a_b_c/runs/reg_ab_minus_txpos_seed_3/last_model_1.pth
2026-05-15 14:31:25,496 INFO src.train.trainer: Epoch 72
2026-05-15 14:31:28,042 INFO src.train.trainer: Last model at epoch 72 saved to /root/autodl-tmp/em_eqf/experiments/reg_mixer_attnpl_a_b_c/runs/reg_ab_minus_txpos_seed_3/last_model_1.pth
2026-05-15 14:31:28,043 INFO src.train.trainer: Epoch 73
2026-05-15 14:31:30,529 INFO src.train.trainer: Last model at epoch 73 saved to /root/autodl-tmp/em_eqf/experiments/reg_mixer_attnpl_a_b_c/runs/reg_ab_minus_txpos_seed_3/last_model_1.pth
2026-05-15 14:31:30,530 INFO src.train.trainer: Epoch 74
2026-05-15 14:31:33,328 INFO src.train.trainer: Last model at epoch 74 saved to /root/autodl-tmp/em_eqf/experiments/reg_mixer_attnpl_a_b_c/runs/reg_ab_minus_txpos_seed_3/last_model_1.pth
2026-05-15 14:31:33,328 INFO src.train.trainer: Epoch 75
2026-05-15 14:31:36,455 INFO src.train.trainer: Last model at epoch 75 saved to /root/autodl-tmp/em_eqf/experiments/reg_mixer_attnpl_a_b_c/runs/reg_ab_minus_txpos_seed_3/last_model_1.pth
2026-05-15 14:31:36,456 INFO src.train.trainer: Epoch 76
2026-05-15 14:31:39,142 INFO src.train.trainer: Last model at epoch 76 saved to /root/autodl-tmp/em_eqf/experiments/reg_mixer_attnpl_a_b_c/runs/reg_ab_minus_txpos_seed_3/last_model_1.pth
2026-05-15 14:31:39,143 INFO src.train.trainer: Epoch 77
2026-05-15 14:31:41,699 INFO src.train.trainer: Last model at epoch 77 saved to /root/autodl-tmp/em_eqf/experiments/reg_mixer_attnpl_a_b_c/runs/reg_ab_minus_txpos_seed_3/last_model_1.pth
2026-05-15 14:31:41,700 INFO src.train.trainer: Epoch 78
2026-05-15 14:31:44,726 INFO src.train.trainer: Last model at epoch 78 saved to /root/autodl-tmp/em_eqf/experiments/reg_mixer_attnpl_a_b_c/runs/reg_ab_minus_txpos_seed_3/last_model_1.pth
2026-05-15 14:31:44,727 INFO src.train.trainer: Epoch 79
2026-05-15 14:31:47,652 INFO src.train.trainer: Last model at epoch 79 saved to /root/autodl-tmp/em_eqf/experiments/reg_mixer_attnpl_a_b_c/runs/reg_ab_minus_txpos_seed_3/last_model_1.pth
2026-05-15 14:31:47,652 INFO src.train.trainer: Epoch 80
2026-05-15 14:31:50,536 INFO src.train.trainer: Last model at epoch 80 saved to /root/autodl-tmp/em_eqf/experiments/reg_mixer_attnpl_a_b_c/runs/reg_ab_minus_txpos_seed_3/last_model_1.pth
2026-05-15 14:31:50,546 INFO src.train.trainer: Saved epoch 80 snapshot to /root/autodl-tmp/em_eqf/experiments/reg_mixer_attnpl_a_b_c/runs/reg_ab_minus_txpos_seed_3/epoch_80_model_1.pth
2026-05-15 14:31:50,546 INFO src.train.trainer: Epoch 81
2026-05-15 14:31:53,028 INFO src.train.trainer: Last model at epoch 81 saved to /root/autodl-tmp/em_eqf/experiments/reg_mixer_attnpl_a_b_c/runs/reg_ab_minus_txpos_seed_3/last_model_1.pth
2026-05-15 14:31:53,028 INFO src.train.trainer: Epoch 82
2026-05-15 14:31:55,968 INFO src.train.trainer: Last model at epoch 82 saved to /root/autodl-tmp/em_eqf/experiments/reg_mixer_attnpl_a_b_c/runs/reg_ab_minus_txpos_seed_3/last_model_1.pth
2026-05-15 14:31:55,969 INFO src.train.trainer: Epoch 83
2026-05-15 14:31:59,000 INFO src.train.trainer: Last model at epoch 83 saved to /root/autodl-tmp/em_eqf/experiments/reg_mixer_attnpl_a_b_c/runs/reg_ab_minus_txpos_seed_3/last_model_1.pth
2026-05-15 14:31:59,000 INFO src.train.trainer: Epoch 84
2026-05-15 14:32:02,119 INFO src.train.trainer: Last model at epoch 84 saved to /root/autodl-tmp/em_eqf/experiments/reg_mixer_attnpl_a_b_c/runs/reg_ab_minus_txpos_seed_3/last_model_1.pth
2026-05-15 14:32:02,120 INFO src.train.trainer: Epoch 85
2026-05-15 14:32:05,805 INFO src.train.trainer: Last model at epoch 85 saved to /root/autodl-tmp/em_eqf/experiments/reg_mixer_attnpl_a_b_c/runs/reg_ab_minus_txpos_seed_3/last_model_1.pth
2026-05-15 14:32:05,805 INFO src.train.trainer: Epoch 86
2026-05-15 14:32:09,227 INFO src.train.trainer: Last model at epoch 86 saved to /root/autodl-tmp/em_eqf/experiments/reg_mixer_attnpl_a_b_c/runs/reg_ab_minus_txpos_seed_3/last_model_1.pth
2026-05-15 14:32:09,228 INFO src.train.trainer: Epoch 87
2026-05-15 14:32:12,306 INFO src.train.trainer: Last model at epoch 87 saved to /root/autodl-tmp/em_eqf/experiments/reg_mixer_attnpl_a_b_c/runs/reg_ab_minus_txpos_seed_3/last_model_1.pth
2026-05-15 14:32:12,306 INFO src.train.trainer: Epoch 88
2026-05-15 14:32:14,710 INFO src.train.trainer: Last model at epoch 88 saved to /root/autodl-tmp/em_eqf/experiments/reg_mixer_attnpl_a_b_c/runs/reg_ab_minus_txpos_seed_3/last_model_1.pth
2026-05-15 14:32:14,711 INFO src.train.trainer: Epoch 89
2026-05-15 14:32:17,570 INFO src.train.trainer: Last model at epoch 89 saved to /root/autodl-tmp/em_eqf/experiments/reg_mixer_attnpl_a_b_c/runs/reg_ab_minus_txpos_seed_3/last_model_1.pth
2026-05-15 14:32:17,571 INFO src.train.trainer: Epoch 90
2026-05-15 14:32:20,975 INFO src.train.trainer: Last model at epoch 90 saved to /root/autodl-tmp/em_eqf/experiments/reg_mixer_attnpl_a_b_c/runs/reg_ab_minus_txpos_seed_3/last_model_1.pth
2026-05-15 14:32:20,975 INFO src.train.trainer: Epoch 91
2026-05-15 14:32:24,115 INFO src.train.trainer: Last model at epoch 91 saved to /root/autodl-tmp/em_eqf/experiments/reg_mixer_attnpl_a_b_c/runs/reg_ab_minus_txpos_seed_3/last_model_1.pth
2026-05-15 14:32:24,116 INFO src.train.trainer: Epoch 92
2026-05-15 14:32:27,241 INFO src.train.trainer: Last model at epoch 92 saved to /root/autodl-tmp/em_eqf/experiments/reg_mixer_attnpl_a_b_c/runs/reg_ab_minus_txpos_seed_3/last_model_1.pth
2026-05-15 14:32:27,241 INFO src.train.trainer: Epoch 93
2026-05-15 14:32:30,483 INFO src.train.trainer: Last model at epoch 93 saved to /root/autodl-tmp/em_eqf/experiments/reg_mixer_attnpl_a_b_c/runs/reg_ab_minus_txpos_seed_3/last_model_1.pth
2026-05-15 14:32:30,484 INFO src.train.trainer: Epoch 94
2026-05-15 14:32:33,421 INFO src.train.trainer: Last model at epoch 94 saved to /root/autodl-tmp/em_eqf/experiments/reg_mixer_attnpl_a_b_c/runs/reg_ab_minus_txpos_seed_3/last_model_1.pth
2026-05-15 14:32:33,422 INFO src.train.trainer: Epoch 95
2026-05-15 14:32:36,597 INFO src.train.trainer: Last model at epoch 95 saved to /root/autodl-tmp/em_eqf/experiments/reg_mixer_attnpl_a_b_c/runs/reg_ab_minus_txpos_seed_3/last_model_1.pth
2026-05-15 14:32:36,597 INFO src.train.trainer: Epoch 96
2026-05-15 14:32:39,437 INFO src.train.trainer: Last model at epoch 96 saved to /root/autodl-tmp/em_eqf/experiments/reg_mixer_attnpl_a_b_c/runs/reg_ab_minus_txpos_seed_3/last_model_1.pth
2026-05-15 14:32:39,437 INFO src.train.trainer: Epoch 97
2026-05-15 14:32:42,856 INFO src.train.trainer: Last model at epoch 97 saved to /root/autodl-tmp/em_eqf/experiments/reg_mixer_attnpl_a_b_c/runs/reg_ab_minus_txpos_seed_3/last_model_1.pth
2026-05-15 14:32:42,856 INFO src.train.trainer: Epoch 98
2026-05-15 14:32:45,974 INFO src.train.trainer: Last model at epoch 98 saved to /root/autodl-tmp/em_eqf/experiments/reg_mixer_attnpl_a_b_c/runs/reg_ab_minus_txpos_seed_3/last_model_1.pth
2026-05-15 14:32:45,974 INFO src.train.trainer: Epoch 99
2026-05-15 14:32:49,148 INFO src.train.trainer: Last model at epoch 99 saved to /root/autodl-tmp/em_eqf/experiments/reg_mixer_attnpl_a_b_c/runs/reg_ab_minus_txpos_seed_3/last_model_1.pth
2026-05-15 14:32:49,148 INFO src.train.trainer: Epoch 100
2026-05-15 14:32:52,439 INFO src.train.trainer: Last model at epoch 100 saved to /root/autodl-tmp/em_eqf/experiments/reg_mixer_attnpl_a_b_c/runs/reg_ab_minus_txpos_seed_3/last_model_1.pth
2026-05-15 14:32:52,452 INFO src.train.trainer: Saved epoch 100 snapshot to /root/autodl-tmp/em_eqf/experiments/reg_mixer_attnpl_a_b_c/runs/reg_ab_minus_txpos_seed_3/epoch_100_model_1.pth
2026-05-15 14:32:52,452 INFO src.train.trainer: Epoch 101
2026-05-15 14:32:55,827 INFO src.train.trainer: Last model at epoch 101 saved to /root/autodl-tmp/em_eqf/experiments/reg_mixer_attnpl_a_b_c/runs/reg_ab_minus_txpos_seed_3/last_model_1.pth
2026-05-15 14:32:55,828 INFO src.train.trainer: Epoch 102
2026-05-15 14:32:59,048 INFO src.train.trainer: Last model at epoch 102 saved to /root/autodl-tmp/em_eqf/experiments/reg_mixer_attnpl_a_b_c/runs/reg_ab_minus_txpos_seed_3/last_model_1.pth
2026-05-15 14:32:59,048 INFO src.train.trainer: Epoch 103
2026-05-15 14:33:01,952 INFO src.train.trainer: Last model at epoch 103 saved to /root/autodl-tmp/em_eqf/experiments/reg_mixer_attnpl_a_b_c/runs/reg_ab_minus_txpos_seed_3/last_model_1.pth
2026-05-15 14:33:01,952 INFO src.train.trainer: Epoch 104
2026-05-15 14:33:05,043 INFO src.train.trainer: Last model at epoch 104 saved to /root/autodl-tmp/em_eqf/experiments/reg_mixer_attnpl_a_b_c/runs/reg_ab_minus_txpos_seed_3/last_model_1.pth
2026-05-15 14:33:05,044 INFO src.train.trainer: Epoch 105
2026-05-15 14:33:08,383 INFO src.train.trainer: Last model at epoch 105 saved to /root/autodl-tmp/em_eqf/experiments/reg_mixer_attnpl_a_b_c/runs/reg_ab_minus_txpos_seed_3/last_model_1.pth
2026-05-15 14:33:08,384 INFO src.train.trainer: Epoch 106
2026-05-15 14:33:11,380 INFO src.train.trainer: Last model at epoch 106 saved to /root/autodl-tmp/em_eqf/experiments/reg_mixer_attnpl_a_b_c/runs/reg_ab_minus_txpos_seed_3/last_model_1.pth
2026-05-15 14:33:11,380 INFO src.train.trainer: Epoch 107
2026-05-15 14:33:14,631 INFO src.train.trainer: Last model at epoch 107 saved to /root/autodl-tmp/em_eqf/experiments/reg_mixer_attnpl_a_b_c/runs/reg_ab_minus_txpos_seed_3/last_model_1.pth
2026-05-15 14:33:14,631 INFO src.train.trainer: Epoch 108
2026-05-15 14:33:17,945 INFO src.train.trainer: Last model at epoch 108 saved to /root/autodl-tmp/em_eqf/experiments/reg_mixer_attnpl_a_b_c/runs/reg_ab_minus_txpos_seed_3/last_model_1.pth
2026-05-15 14:33:17,946 INFO src.train.trainer: Epoch 109
2026-05-15 14:33:21,086 INFO src.train.trainer: Last model at epoch 109 saved to /root/autodl-tmp/em_eqf/experiments/reg_mixer_attnpl_a_b_c/runs/reg_ab_minus_txpos_seed_3/last_model_1.pth
2026-05-15 14:33:21,087 INFO src.train.trainer: Epoch 110
2026-05-15 14:33:24,238 INFO src.train.trainer: Last model at epoch 110 saved to /root/autodl-tmp/em_eqf/experiments/reg_mixer_attnpl_a_b_c/runs/reg_ab_minus_txpos_seed_3/last_model_1.pth
2026-05-15 14:33:24,238 INFO src.train.trainer: Epoch 111
2026-05-15 14:33:27,432 INFO src.train.trainer: Last model at epoch 111 saved to /root/autodl-tmp/em_eqf/experiments/reg_mixer_attnpl_a_b_c/runs/reg_ab_minus_txpos_seed_3/last_model_1.pth
2026-05-15 14:33:27,432 INFO src.train.trainer: Epoch 112
2026-05-15 14:33:30,891 INFO src.train.trainer: Last model at epoch 112 saved to /root/autodl-tmp/em_eqf/experiments/reg_mixer_attnpl_a_b_c/runs/reg_ab_minus_txpos_seed_3/last_model_1.pth
2026-05-15 14:33:30,892 INFO src.train.trainer: Epoch 113
2026-05-15 14:33:33,955 INFO src.train.trainer: Last model at epoch 113 saved to /root/autodl-tmp/em_eqf/experiments/reg_mixer_attnpl_a_b_c/runs/reg_ab_minus_txpos_seed_3/last_model_1.pth
2026-05-15 14:33:33,956 INFO src.train.trainer: Epoch 114
2026-05-15 14:33:36,880 INFO src.train.trainer: Last model at epoch 114 saved to /root/autodl-tmp/em_eqf/experiments/reg_mixer_attnpl_a_b_c/runs/reg_ab_minus_txpos_seed_3/last_model_1.pth
2026-05-15 14:33:36,880 INFO src.train.trainer: Epoch 115
2026-05-15 14:33:40,352 INFO src.train.trainer: Last model at epoch 115 saved to /root/autodl-tmp/em_eqf/experiments/reg_mixer_attnpl_a_b_c/runs/reg_ab_minus_txpos_seed_3/last_model_1.pth
2026-05-15 14:33:40,352 INFO src.train.trainer: Epoch 116
2026-05-15 14:33:43,345 INFO src.train.trainer: Last model at epoch 116 saved to /root/autodl-tmp/em_eqf/experiments/reg_mixer_attnpl_a_b_c/runs/reg_ab_minus_txpos_seed_3/last_model_1.pth
2026-05-15 14:33:43,345 INFO src.train.trainer: Epoch 117
2026-05-15 14:33:46,687 INFO src.train.trainer: Last model at epoch 117 saved to /root/autodl-tmp/em_eqf/experiments/reg_mixer_attnpl_a_b_c/runs/reg_ab_minus_txpos_seed_3/last_model_1.pth
2026-05-15 14:33:46,687 INFO src.train.trainer: Epoch 118
2026-05-15 14:33:49,937 INFO src.train.trainer: Last model at epoch 118 saved to /root/autodl-tmp/em_eqf/experiments/reg_mixer_attnpl_a_b_c/runs/reg_ab_minus_txpos_seed_3/last_model_1.pth
2026-05-15 14:33:49,937 INFO src.train.trainer: Epoch 119
2026-05-15 14:33:53,188 INFO src.train.trainer: Last model at epoch 119 saved to /root/autodl-tmp/em_eqf/experiments/reg_mixer_attnpl_a_b_c/runs/reg_ab_minus_txpos_seed_3/last_model_1.pth
2026-05-15 14:33:53,188 INFO src.train.trainer: Epoch 120
2026-05-15 14:33:56,340 INFO src.train.trainer: Last model at epoch 120 saved to /root/autodl-tmp/em_eqf/experiments/reg_mixer_attnpl_a_b_c/runs/reg_ab_minus_txpos_seed_3/last_model_1.pth
2026-05-15 14:33:56,356 INFO src.train.trainer: Saved epoch 120 snapshot to /root/autodl-tmp/em_eqf/experiments/reg_mixer_attnpl_a_b_c/runs/reg_ab_minus_txpos_seed_3/epoch_120_model_1.pth
2026-05-15 14:33:56,357 INFO src.train.trainer: Epoch 121
2026-05-15 14:33:59,662 INFO src.train.trainer: Last model at epoch 121 saved to /root/autodl-tmp/em_eqf/experiments/reg_mixer_attnpl_a_b_c/runs/reg_ab_minus_txpos_seed_3/last_model_1.pth
2026-05-15 14:33:59,663 INFO src.train.trainer: Epoch 122
2026-05-15 14:34:03,175 INFO src.train.trainer: Last model at epoch 122 saved to /root/autodl-tmp/em_eqf/experiments/reg_mixer_attnpl_a_b_c/runs/reg_ab_minus_txpos_seed_3/last_model_1.pth
2026-05-15 14:34:03,176 INFO src.train.trainer: Epoch 123
2026-05-15 14:34:06,236 INFO src.train.trainer: Last model at epoch 123 saved to /root/autodl-tmp/em_eqf/experiments/reg_mixer_attnpl_a_b_c/runs/reg_ab_minus_txpos_seed_3/last_model_1.pth
2026-05-15 14:34:06,236 INFO src.train.trainer: Epoch 124
2026-05-15 14:34:09,635 INFO src.train.trainer: Last model at epoch 124 saved to /root/autodl-tmp/em_eqf/experiments/reg_mixer_attnpl_a_b_c/runs/reg_ab_minus_txpos_seed_3/last_model_1.pth
2026-05-15 14:34:09,636 INFO src.train.trainer: Epoch 125
2026-05-15 14:34:13,214 INFO src.train.trainer: Last model at epoch 125 saved to /root/autodl-tmp/em_eqf/experiments/reg_mixer_attnpl_a_b_c/runs/reg_ab_minus_txpos_seed_3/last_model_1.pth
2026-05-15 14:34:13,214 INFO src.train.trainer: Epoch 126
2026-05-15 14:34:16,402 INFO src.train.trainer: Last model at epoch 126 saved to /root/autodl-tmp/em_eqf/experiments/reg_mixer_attnpl_a_b_c/runs/reg_ab_minus_txpos_seed_3/last_model_1.pth
2026-05-15 14:34:16,402 INFO src.train.trainer: Epoch 127
2026-05-15 14:34:19,848 INFO src.train.trainer: Last model at epoch 127 saved to /root/autodl-tmp/em_eqf/experiments/reg_mixer_attnpl_a_b_c/runs/reg_ab_minus_txpos_seed_3/last_model_1.pth
2026-05-15 14:34:19,849 INFO src.train.trainer: Epoch 128
2026-05-15 14:34:23,076 INFO src.train.trainer: Last model at epoch 128 saved to /root/autodl-tmp/em_eqf/experiments/reg_mixer_attnpl_a_b_c/runs/reg_ab_minus_txpos_seed_3/last_model_1.pth
2026-05-15 14:34:23,076 INFO src.train.trainer: Epoch 129
2026-05-15 14:34:26,003 INFO src.train.trainer: Last model at epoch 129 saved to /root/autodl-tmp/em_eqf/experiments/reg_mixer_attnpl_a_b_c/runs/reg_ab_minus_txpos_seed_3/last_model_1.pth
2026-05-15 14:34:26,004 INFO src.train.trainer: Epoch 130
2026-05-15 14:34:29,181 INFO src.train.trainer: Last model at epoch 130 saved to /root/autodl-tmp/em_eqf/experiments/reg_mixer_attnpl_a_b_c/runs/reg_ab_minus_txpos_seed_3/last_model_1.pth
2026-05-15 14:34:29,181 INFO src.train.trainer: Epoch 131
2026-05-15 14:34:32,734 INFO src.train.trainer: Last model at epoch 131 saved to /root/autodl-tmp/em_eqf/experiments/reg_mixer_attnpl_a_b_c/runs/reg_ab_minus_txpos_seed_3/last_model_1.pth
2026-05-15 14:34:32,734 INFO src.train.trainer: Epoch 132
2026-05-15 14:34:36,161 INFO src.train.trainer: Last model at epoch 132 saved to /root/autodl-tmp/em_eqf/experiments/reg_mixer_attnpl_a_b_c/runs/reg_ab_minus_txpos_seed_3/last_model_1.pth
2026-05-15 14:34:36,162 INFO src.train.trainer: Epoch 133
2026-05-15 14:34:39,432 INFO src.train.trainer: Last model at epoch 133 saved to /root/autodl-tmp/em_eqf/experiments/reg_mixer_attnpl_a_b_c/runs/reg_ab_minus_txpos_seed_3/last_model_1.pth
2026-05-15 14:34:39,433 INFO src.train.trainer: Epoch 134
2026-05-15 14:34:42,822 INFO src.train.trainer: Last model at epoch 134 saved to /root/autodl-tmp/em_eqf/experiments/reg_mixer_attnpl_a_b_c/runs/reg_ab_minus_txpos_seed_3/last_model_1.pth
2026-05-15 14:34:42,822 INFO src.train.trainer: Epoch 135
2026-05-15 14:34:46,013 INFO src.train.trainer: Last model at epoch 135 saved to /root/autodl-tmp/em_eqf/experiments/reg_mixer_attnpl_a_b_c/runs/reg_ab_minus_txpos_seed_3/last_model_1.pth
2026-05-15 14:34:46,013 INFO src.train.trainer: Epoch 136
2026-05-15 14:34:49,396 INFO src.train.trainer: Last model at epoch 136 saved to /root/autodl-tmp/em_eqf/experiments/reg_mixer_attnpl_a_b_c/runs/reg_ab_minus_txpos_seed_3/last_model_1.pth
2026-05-15 14:34:49,397 INFO src.train.trainer: Epoch 137
2026-05-15 14:34:52,723 INFO src.train.trainer: Last model at epoch 137 saved to /root/autodl-tmp/em_eqf/experiments/reg_mixer_attnpl_a_b_c/runs/reg_ab_minus_txpos_seed_3/last_model_1.pth
2026-05-15 14:34:52,724 INFO src.train.trainer: Epoch 138
2026-05-15 14:34:55,428 INFO src.train.trainer: Last model at epoch 138 saved to /root/autodl-tmp/em_eqf/experiments/reg_mixer_attnpl_a_b_c/runs/reg_ab_minus_txpos_seed_3/last_model_1.pth
2026-05-15 14:34:55,429 INFO src.train.trainer: Epoch 139
2026-05-15 14:34:58,379 INFO src.train.trainer: Last model at epoch 139 saved to /root/autodl-tmp/em_eqf/experiments/reg_mixer_attnpl_a_b_c/runs/reg_ab_minus_txpos_seed_3/last_model_1.pth
2026-05-15 14:34:58,379 INFO src.train.trainer: Epoch 140
2026-05-15 14:35:01,285 INFO src.train.trainer: Last model at epoch 140 saved to /root/autodl-tmp/em_eqf/experiments/reg_mixer_attnpl_a_b_c/runs/reg_ab_minus_txpos_seed_3/last_model_1.pth
2026-05-15 14:35:01,296 INFO src.train.trainer: Saved epoch 140 snapshot to /root/autodl-tmp/em_eqf/experiments/reg_mixer_attnpl_a_b_c/runs/reg_ab_minus_txpos_seed_3/epoch_140_model_1.pth
2026-05-15 14:35:01,297 INFO src.train.trainer: Epoch 141
2026-05-15 14:35:04,652 INFO src.train.trainer: Last model at epoch 141 saved to /root/autodl-tmp/em_eqf/experiments/reg_mixer_attnpl_a_b_c/runs/reg_ab_minus_txpos_seed_3/last_model_1.pth
2026-05-15 14:35:04,653 INFO src.train.trainer: Epoch 142
2026-05-15 14:35:07,948 INFO src.train.trainer: Last model at epoch 142 saved to /root/autodl-tmp/em_eqf/experiments/reg_mixer_attnpl_a_b_c/runs/reg_ab_minus_txpos_seed_3/last_model_1.pth
2026-05-15 14:35:07,949 INFO src.train.trainer: Epoch 143
2026-05-15 14:35:10,707 INFO src.train.trainer: Last model at epoch 143 saved to /root/autodl-tmp/em_eqf/experiments/reg_mixer_attnpl_a_b_c/runs/reg_ab_minus_txpos_seed_3/last_model_1.pth
2026-05-15 14:35:10,707 INFO src.train.trainer: Epoch 144
2026-05-15 14:35:13,208 INFO src.train.trainer: Last model at epoch 144 saved to /root/autodl-tmp/em_eqf/experiments/reg_mixer_attnpl_a_b_c/runs/reg_ab_minus_txpos_seed_3/last_model_1.pth
2026-05-15 14:35:13,208 INFO src.train.trainer: Epoch 145
2026-05-15 14:35:15,775 INFO src.train.trainer: Last model at epoch 145 saved to /root/autodl-tmp/em_eqf/experiments/reg_mixer_attnpl_a_b_c/runs/reg_ab_minus_txpos_seed_3/last_model_1.pth
2026-05-15 14:35:15,775 INFO src.train.trainer: Epoch 146
2026-05-15 14:35:18,483 INFO src.train.trainer: Last model at epoch 146 saved to /root/autodl-tmp/em_eqf/experiments/reg_mixer_attnpl_a_b_c/runs/reg_ab_minus_txpos_seed_3/last_model_1.pth
2026-05-15 14:35:18,484 INFO src.train.trainer: Epoch 147
2026-05-15 14:35:21,005 INFO src.train.trainer: Last model at epoch 147 saved to /root/autodl-tmp/em_eqf/experiments/reg_mixer_attnpl_a_b_c/runs/reg_ab_minus_txpos_seed_3/last_model_1.pth
2026-05-15 14:35:21,006 INFO src.train.trainer: Epoch 148
2026-05-15 14:35:23,395 INFO src.train.trainer: Last model at epoch 148 saved to /root/autodl-tmp/em_eqf/experiments/reg_mixer_attnpl_a_b_c/runs/reg_ab_minus_txpos_seed_3/last_model_1.pth
2026-05-15 14:35:23,395 INFO src.train.trainer: Epoch 149
2026-05-15 14:35:25,983 INFO src.train.trainer: Last model at epoch 149 saved to /root/autodl-tmp/em_eqf/experiments/reg_mixer_attnpl_a_b_c/runs/reg_ab_minus_txpos_seed_3/last_model_1.pth
2026-05-15 14:35:25,983 INFO src.train.trainer: Epoch 150
2026-05-15 14:35:28,405 INFO src.train.trainer: Last model at epoch 150 saved to /root/autodl-tmp/em_eqf/experiments/reg_mixer_attnpl_a_b_c/runs/reg_ab_minus_txpos_seed_3/last_model_1.pth
2026-05-15 14:35:37,533 INFO src.data.preprocessing: CSV files found: ['chuandian_2021.csv']
2026-05-15 14:35:38,487 INFO src.utils.file_utils: Loading cached data from: data/ChuanDian/regressor/regressor_Mc_3_Mf_3_Tfore_180_Twindow_360_context_len_1_dt_10.pkl
2026-05-15 14:35:41,032 INFO src.data.preprocessing: Catalog statistics: {'tau_unfiltered': 0.15339908988298961, 'tau_q025': 0.08114294020924717, 'tau_q05': 0.5134664350189269, 'tau_mean': 1.3070542199341526, 'tau_max': 25.18216435192153, 'tau_min': 0.0, 'time_max': 18770.72654999979, 'time_mean': 10030.9430649837, 'mag_completeness': 3.0, 'mag_mean': 3.456916005014626, 'mag_max': 8.0, 'mag_min': 3.0, 'b_value': 0.856738547623331, 'b_std': 0.0071499224812533796, 'b_n': 14358}
2026-05-15 14:35:41,124 INFO src.data.event_loader: lengths of samples: min=96, max=1340, avg=265.71
2026-05-15 14:35:42,063 INFO src.models.adapters.mixer_task: using time scale base 1.3070542199341526 (key: tau_mean)
2026-05-15 14:35:42,063 INFO src.models.adapters.mixer_task: tau mean: tensor(1.3071)
2026-05-15 14:35:42,069 INFO src.train.config_setup: Restoring model from checkpoint.
2026-05-15 14:35:42,069 INFO src.train.config_setup: Loading model weights: load_specific_parts=None
2026-05-15 14:35:42,071 INFO src.train.config_setup: Checkpoint loaded: <All keys matched successfully>
2026-05-15 14:35:42,071 INFO src.train.config_setup: Full load summary: loaded=68, missing=0, unexpected=0
2026-05-15 14:35:42,072 INFO src.train.config_setup: Checkpoint hyperparameters loaded.
2026-05-15 14:35:42,072 INFO src.train.config_setup: Checkpoint train metrics available.
2026-05-15 14:35:42,072 INFO src.train.config_setup: Checkpoint val metrics available.
2026-05-15 14:35:42,072 INFO src.train.config_setup: Freeze skipped (checkpoint_restore): freeze_parts is empty.
2026-05-15 14:35:42,072 INFO src.train.config_setup: Using regression criterion: smooth_l1
2026-05-15 14:35:42,072 INFO src.train.config_setup: Criterion config: {'beta': 0.2}
2026-05-15 14:35:42,073 INFO src.train.config_setup: encoder_param_keywords: ['base_model.encoder.input_proj', 'base_model.encoder.layers.0', 'base_model.encoder.layers.1']
2026-05-15 14:35:42,073 INFO src.train.config_setup: encoder_lr grouping summary: lr=0.0004, matched=32
2026-05-15 14:35:42,073 INFO src.train.config_setup: Encoder LR coverage [base_model.encoder.input_proj]: target=4, hit=4, missing=0, complete=True
2026-05-15 14:35:42,074 INFO src.train.config_setup: Encoder LR coverage [base_model.encoder.layers.0]: target=14, hit=14, missing=0, complete=True
2026-05-15 14:35:42,074 INFO src.train.config_setup: Encoder LR coverage [base_model.encoder.layers.1]: target=14, hit=14, missing=0, complete=True
2026-05-15 14:35:42,074 INFO src.train.config_setup: encoder_lr matched preview: ['base_model.encoder.input_proj.0.weight', 'base_model.encoder.input_proj.0.bias', 'base_model.encoder.input_proj.3.weight', 'base_model.encoder.input_proj.3.bias', 'base_model.encoder.layers.0.norm.weight', 'base_model.encoder.layers.0.norm.bias', 'base_model.encoder.layers.0.mixer.dt_bias', 'base_model.encoder.layers.0.mixer.A_log', 'base_model.encoder.layers.0.mixer.D', 'base_model.encoder.layers.0.mixer.in_proj.weight'] ... (+22 more)
2026-05-15 14:35:42,074 INFO src.train.config_setup: Not resuming optimizer/scheduler state; reset training state to start_epoch=0, best_val_loss=inf.
2026-05-15 14:35:47,738 INFO src.cli.workflows: Test loss: 0.039941554268201195
2026-05-15 14:35:49,717 INFO src.cli.common: Saved test metrics to /root/autodl-tmp/em_eqf/experiments/reg_mixer_attnpl_a_b_c/runs/reg_ab_minus_txpos_seed_3/metrics_test_best_1.json
2026-05-15 14:35:49,717 INFO src.cli.common: Metrics: {'RMSE': 0.7614970860136371, 'MAE': 0.614709106136541, 'MSE': 0.5798778120072605, 'MAPE': 13.255650031606256, 'R2': -0.7328684581596929, 'PearsonR': 0.11980353700386484, 'PearsonR_diff': -0.0028908941914432087, 'DA': 0.04945054945054945, 'SpearmanR': -0.05339483492948212, 'SpearmanR_diff': 0.0020641838028170284, 'DTW': 83.71873614192009, 'DTW_normalized': 0.4574794324695087}
2026-05-15 14:35:59,402 INFO src.data.preprocessing: CSV files found: ['chuandian_2021.csv']
2026-05-15 14:36:00,270 INFO src.utils.file_utils: Loading cached data from: data/ChuanDian/regressor/regressor_Mc_3_Mf_3_Tfore_180_Twindow_360_context_len_1_dt_10.pkl
2026-05-15 14:36:02,881 INFO src.data.preprocessing: Catalog statistics: {'tau_unfiltered': 0.15339908988298961, 'tau_q025': 0.08114294020924717, 'tau_q05': 0.5134664350189269, 'tau_mean': 1.3070542199341526, 'tau_max': 25.18216435192153, 'tau_min': 0.0, 'time_max': 18770.72654999979, 'time_mean': 10030.9430649837, 'mag_completeness': 3.0, 'mag_mean': 3.456916005014626, 'mag_max': 8.0, 'mag_min': 3.0, 'b_value': 0.856738547623331, 'b_std': 0.0071499224812533796, 'b_n': 14358}
2026-05-15 14:36:02,919 INFO src.data.event_loader: lengths of samples: min=96, max=1340, avg=265.71
2026-05-15 14:36:03,815 INFO src.models.adapters.mixer_task: using time scale base 1.3070542199341526 (key: tau_mean)
2026-05-15 14:36:03,815 INFO src.models.adapters.mixer_task: tau mean: tensor(1.3071)
2026-05-15 14:36:03,821 INFO src.train.config_setup: Restoring model from checkpoint.
2026-05-15 14:36:03,821 INFO src.train.config_setup: Loading model weights: load_specific_parts=None
2026-05-15 14:36:03,823 INFO src.train.config_setup: Checkpoint loaded: <All keys matched successfully>
2026-05-15 14:36:03,823 INFO src.train.config_setup: Full load summary: loaded=68, missing=0, unexpected=0
2026-05-15 14:36:03,824 INFO src.train.config_setup: Checkpoint hyperparameters loaded.
2026-05-15 14:36:03,824 INFO src.train.config_setup: Checkpoint train metrics available.
2026-05-15 14:36:03,824 INFO src.train.config_setup: Checkpoint val metrics available.
2026-05-15 14:36:03,824 INFO src.train.config_setup: Freeze skipped (checkpoint_restore): freeze_parts is empty.
2026-05-15 14:36:03,824 INFO src.train.config_setup: Using regression criterion: smooth_l1
2026-05-15 14:36:03,824 INFO src.train.config_setup: Criterion config: {'beta': 0.2}
2026-05-15 14:36:03,825 INFO src.train.config_setup: encoder_param_keywords: ['base_model.encoder.input_proj', 'base_model.encoder.layers.0', 'base_model.encoder.layers.1']
2026-05-15 14:36:03,825 INFO src.train.config_setup: encoder_lr grouping summary: lr=0.0004, matched=32
2026-05-15 14:36:03,825 INFO src.train.config_setup: Encoder LR coverage [base_model.encoder.input_proj]: target=4, hit=4, missing=0, complete=True
2026-05-15 14:36:03,825 INFO src.train.config_setup: Encoder LR coverage [base_model.encoder.layers.0]: target=14, hit=14, missing=0, complete=True
2026-05-15 14:36:03,825 INFO src.train.config_setup: Encoder LR coverage [base_model.encoder.layers.1]: target=14, hit=14, missing=0, complete=True
2026-05-15 14:36:03,825 INFO src.train.config_setup: encoder_lr matched preview: ['base_model.encoder.input_proj.0.weight', 'base_model.encoder.input_proj.0.bias', 'base_model.encoder.input_proj.3.weight', 'base_model.encoder.input_proj.3.bias', 'base_model.encoder.layers.0.norm.weight', 'base_model.encoder.layers.0.norm.bias', 'base_model.encoder.layers.0.mixer.dt_bias', 'base_model.encoder.layers.0.mixer.A_log', 'base_model.encoder.layers.0.mixer.D', 'base_model.encoder.layers.0.mixer.in_proj.weight'] ... (+22 more)
2026-05-15 14:36:03,826 INFO src.train.config_setup: Not resuming optimizer/scheduler state; reset training state to start_epoch=0, best_val_loss=inf.
2026-05-15 14:36:09,362 INFO src.cli.workflows: Test loss: 0.06313344712058704
2026-05-15 14:36:11,232 INFO src.cli.common: Saved test metrics to /root/autodl-tmp/em_eqf/experiments/reg_mixer_attnpl_a_b_c/runs/reg_ab_minus_txpos_seed_3/metrics_test_last_1.json
2026-05-15 14:36:11,232 INFO src.cli.common: Metrics: {'RMSE': 0.9853871087547872, 'MAE': 0.8032568365824028, 'MSE': 0.9709877541001188, 'MAPE': 17.367855428985226, 'R2': -1.9016355126868496, 'PearsonR': -0.16481535186550397, 'PearsonR_diff': -0.07922708608244934, 'DA': 0.02197802197802198, 'SpearmanR': -0.1875126952528388, 'SpearmanR_diff': -0.08093887472860581, 'DTW': 104.68878248333931, 'DTW_normalized': 0.5720698496357339}
