2026-05-21 17:17:54,750 INFO src.data.preprocessing: CSV files found: ['chuandian_2021.csv']
2026-05-21 17:17:55,471 INFO src.utils.file_utils: Loading cached data from: data/ChuanDian/classifier/classifier_Mc_3_Mf_4.5_Tfore_20_Twindow_180_context_len_1_dt_10.pkl
2026-05-21 17:17:56,359 INFO src.data.preprocessing: Catalog statistics: {'tau_unfiltered': 0.15339908988298961, 'tau_q025': 0.08114294020924717, 'tau_q05': 0.5134664350189269, 'tau_mean': 1.3070542199341526, 'tau_max': 25.18216435192153, 'tau_min': 0.0, 'time_max': 18770.72654999979, 'time_mean': 10030.9430649837, 'mag_completeness': 3.0, 'mag_mean': 3.456916005014626, 'mag_max': 8.0, 'mag_min': 3.0, 'b_value': 0.856738547623331, 'b_std': 0.0071499224812533796, 'b_n': 14358}
2026-05-21 17:17:56,417 INFO src.data.event_loader: lengths of samples: min=32, max=981, avg=133.42
2026-05-21 17:17:56,418 INFO src.data.event_loader: Number of positive samples: 623
2026-05-21 17:17:56,418 INFO src.data.event_loader: Number of negative samples: 845
2026-05-21 17:17:56,419 INFO src.data.event_loader: Positive samples: 528, Negative samples: 646
2026-05-21 17:17:56,419 INFO src.data.event_loader: Total samples: 1174, Positive ratio: 0.45, Negative ratio: 0.55
2026-05-21 17:17:56,420 INFO src.data.event_loader: Positive samples: 60, Negative samples: 86
2026-05-21 17:17:56,420 INFO src.data.event_loader: Total samples: 146, Positive ratio: 0.41, Negative ratio: 0.59
2026-05-21 17:17:56,420 INFO src.data.event_loader: Positive samples: 35, Negative samples: 113
2026-05-21 17:17:56,420 INFO src.data.event_loader: Total samples: 148, Positive ratio: 0.24, Negative ratio: 0.76
2026-05-21 17:17:56,485 INFO src.cli.workflows: No resume path provided. Training will start from scratch.
2026-05-21 17:17:57,149 INFO src.models.adapters.mixer_task: using time scale base 1.3070542199341526 (key: tau_mean)
2026-05-21 17:17:57,149 INFO src.models.adapters.mixer_task: tau mean: tensor(1.3071)
2026-05-21 17:17:57,164 INFO src.train.config_setup: No checkpoint restore requested; initializing model from scratch.
2026-05-21 17:17:57,164 INFO src.train.config_setup: Freeze skipped (fresh_init): freeze_parts is empty.
2026-05-21 17:17:57,165 INFO src.train.config_setup: Using classification criterion: focal
2026-05-21 17:17:57,165 INFO src.train.config_setup: Criterion config: {'alpha': 0.5, 'gamma': 2.0}
2026-05-21 17:17:57,166 INFO src.train.trainer: Epoch 1
2026-05-21 17:18:11,677 INFO src.train.trainer: New best validation loss: 0.0855, saved to /root/autodl-tmp/em_eqf/experiments/clf_pre_v1/clf_pre_scratch_v1/runs/tf_20_mf_4p5_seed_6/best_model_1.pth
2026-05-21 17:18:11,683 INFO src.train.trainer: Last model at epoch 1 saved to /root/autodl-tmp/em_eqf/experiments/clf_pre_v1/clf_pre_scratch_v1/runs/tf_20_mf_4p5_seed_6/last_model_1.pth
2026-05-21 17:18:11,683 INFO src.train.trainer: Epoch 2
2026-05-21 17:18:15,621 INFO src.train.trainer: Last model at epoch 2 saved to /root/autodl-tmp/em_eqf/experiments/clf_pre_v1/clf_pre_scratch_v1/runs/tf_20_mf_4p5_seed_6/last_model_1.pth
2026-05-21 17:18:15,621 INFO src.train.trainer: Epoch 3
2026-05-21 17:18:19,540 INFO src.train.trainer: Last model at epoch 3 saved to /root/autodl-tmp/em_eqf/experiments/clf_pre_v1/clf_pre_scratch_v1/runs/tf_20_mf_4p5_seed_6/last_model_1.pth
2026-05-21 17:18:19,540 INFO src.train.trainer: Epoch 4
2026-05-21 17:18:23,338 INFO src.train.trainer: Last model at epoch 4 saved to /root/autodl-tmp/em_eqf/experiments/clf_pre_v1/clf_pre_scratch_v1/runs/tf_20_mf_4p5_seed_6/last_model_1.pth
2026-05-21 17:18:23,339 INFO src.train.trainer: Epoch 5
2026-05-21 17:18:26,955 INFO src.train.trainer: Last model at epoch 5 saved to /root/autodl-tmp/em_eqf/experiments/clf_pre_v1/clf_pre_scratch_v1/runs/tf_20_mf_4p5_seed_6/last_model_1.pth
2026-05-21 17:18:26,955 INFO src.train.trainer: Epoch 6
2026-05-21 17:18:30,961 INFO src.train.trainer: Last model at epoch 6 saved to /root/autodl-tmp/em_eqf/experiments/clf_pre_v1/clf_pre_scratch_v1/runs/tf_20_mf_4p5_seed_6/last_model_1.pth
2026-05-21 17:18:30,961 INFO src.train.trainer: Epoch 7
2026-05-21 17:18:34,401 INFO src.train.trainer: Last model at epoch 7 saved to /root/autodl-tmp/em_eqf/experiments/clf_pre_v1/clf_pre_scratch_v1/runs/tf_20_mf_4p5_seed_6/last_model_1.pth
2026-05-21 17:18:34,401 INFO src.train.trainer: Epoch 8
2026-05-21 17:18:37,570 INFO src.train.trainer: Last model at epoch 8 saved to /root/autodl-tmp/em_eqf/experiments/clf_pre_v1/clf_pre_scratch_v1/runs/tf_20_mf_4p5_seed_6/last_model_1.pth
2026-05-21 17:18:37,570 INFO src.train.trainer: Epoch 9
2026-05-21 17:18:40,719 INFO src.train.trainer: Last model at epoch 9 saved to /root/autodl-tmp/em_eqf/experiments/clf_pre_v1/clf_pre_scratch_v1/runs/tf_20_mf_4p5_seed_6/last_model_1.pth
2026-05-21 17:18:40,719 INFO src.train.trainer: Epoch 10
2026-05-21 17:18:43,872 INFO src.train.trainer: Last model at epoch 10 saved to /root/autodl-tmp/em_eqf/experiments/clf_pre_v1/clf_pre_scratch_v1/runs/tf_20_mf_4p5_seed_6/last_model_1.pth
2026-05-21 17:18:43,872 INFO src.train.trainer: Epoch 11
2026-05-21 17:18:47,611 INFO src.train.trainer: Last model at epoch 11 saved to /root/autodl-tmp/em_eqf/experiments/clf_pre_v1/clf_pre_scratch_v1/runs/tf_20_mf_4p5_seed_6/last_model_1.pth
2026-05-21 17:18:47,611 INFO src.train.trainer: Early stopping triggered at epoch 11 (best epoch: 1, best val loss: 0.085497)
2026-05-21 17:18:56,725 INFO src.data.preprocessing: CSV files found: ['chuandian_2021.csv']
2026-05-21 17:18:57,441 INFO src.utils.file_utils: Loading cached data from: data/ChuanDian/classifier/classifier_Mc_3_Mf_4.5_Tfore_20_Twindow_180_context_len_1_dt_10.pkl
2026-05-21 17:18:58,306 INFO src.data.preprocessing: Catalog statistics: {'tau_unfiltered': 0.15339908988298961, 'tau_q025': 0.08114294020924717, 'tau_q05': 0.5134664350189269, 'tau_mean': 1.3070542199341526, 'tau_max': 25.18216435192153, 'tau_min': 0.0, 'time_max': 18770.72654999979, 'time_mean': 10030.9430649837, 'mag_completeness': 3.0, 'mag_mean': 3.456916005014626, 'mag_max': 8.0, 'mag_min': 3.0, 'b_value': 0.856738547623331, 'b_std': 0.0071499224812533796, 'b_n': 14358}
2026-05-21 17:18:58,323 INFO src.data.event_loader: lengths of samples: min=32, max=981, avg=133.42
2026-05-21 17:18:58,324 INFO src.data.event_loader: Number of positive samples: 623
2026-05-21 17:18:58,324 INFO src.data.event_loader: Number of negative samples: 845
2026-05-21 17:18:58,325 INFO src.data.event_loader: Positive samples: 528, Negative samples: 646
2026-05-21 17:18:58,325 INFO src.data.event_loader: Total samples: 1174, Positive ratio: 0.45, Negative ratio: 0.55
2026-05-21 17:18:58,325 INFO src.data.event_loader: Positive samples: 60, Negative samples: 86
2026-05-21 17:18:58,325 INFO src.data.event_loader: Total samples: 146, Positive ratio: 0.41, Negative ratio: 0.59
2026-05-21 17:18:58,326 INFO src.data.event_loader: Positive samples: 35, Negative samples: 113
2026-05-21 17:18:58,326 INFO src.data.event_loader: Total samples: 148, Positive ratio: 0.24, Negative ratio: 0.76
2026-05-21 17:18:58,723 INFO src.models.adapters.mixer_task: using time scale base 1.3070542199341526 (key: tau_mean)
2026-05-21 17:18:58,723 INFO src.models.adapters.mixer_task: tau mean: tensor(1.3071)
2026-05-21 17:18:58,729 INFO src.train.config_setup: Restoring model from checkpoint.
2026-05-21 17:18:58,730 INFO src.train.config_setup: Loading model weights: load_specific_parts=None
2026-05-21 17:18:58,732 INFO src.train.config_setup: Checkpoint loaded: <All keys matched successfully>
2026-05-21 17:18:58,732 INFO src.train.config_setup: Full load summary: loaded=56, missing=0, unexpected=0
2026-05-21 17:18:58,733 INFO src.train.config_setup: Checkpoint hyperparameters loaded.
2026-05-21 17:18:58,733 INFO src.train.config_setup: Checkpoint train metrics available.
2026-05-21 17:18:58,733 INFO src.train.config_setup: Checkpoint val metrics available.
2026-05-21 17:18:58,733 INFO src.train.config_setup: Freeze skipped (checkpoint_restore): freeze_parts is empty.
2026-05-21 17:18:58,733 INFO src.train.config_setup: Using classification criterion: focal
2026-05-21 17:18:58,733 INFO src.train.config_setup: Criterion config: {'alpha': 0.5, 'gamma': 2.0}
2026-05-21 17:18:58,734 INFO src.train.config_setup: Not resuming optimizer/scheduler state; reset training state to start_epoch=0, best_val_loss=inf.
2026-05-21 17:18:58,734 INFO src.cli.common: Using threshold 0.44743627309799194 from checkpoint val_metrics for testing.
2026-05-21 17:19:03,327 INFO src.utils.metrics: ROC curve saved to /root/autodl-tmp/em_eqf/experiments/clf_pre_v1/clf_pre_scratch_v1/runs/tf_20_mf_4p5_seed_6/roc_curve.png
2026-05-21 17:19:03,444 INFO src.utils.metrics: PR curve saved to /root/autodl-tmp/em_eqf/experiments/clf_pre_v1/clf_pre_scratch_v1/runs/tf_20_mf_4p5_seed_6/pr_curve.png
2026-05-21 17:19:03,511 INFO src.utils.metrics: Confusion matrix saved to /root/autodl-tmp/em_eqf/experiments/clf_pre_v1/clf_pre_scratch_v1/runs/tf_20_mf_4p5_seed_6/confusion_matrix.png
2026-05-21 17:19:03,511 INFO src.cli.workflows: Test loss: 0.08052009195089341
2026-05-21 17:19:05,428 INFO src.train.classifier_train_step: Prediction distribution plot has been saved to: /root/autodl-tmp/em_eqf/experiments/clf_pre_v1/clf_pre_scratch_v1/runs/tf_20_mf_4p5_seed_6/train_pred_distribution.png
2026-05-21 17:19:05,882 INFO src.train.classifier_train_step: Prediction distribution plot has been saved to: /root/autodl-tmp/em_eqf/experiments/clf_pre_v1/clf_pre_scratch_v1/runs/tf_20_mf_4p5_seed_6/val_pred_distribution.png
2026-05-21 17:19:06,393 INFO src.train.classifier_train_step: Prediction distribution plot has been saved to: /root/autodl-tmp/em_eqf/experiments/clf_pre_v1/clf_pre_scratch_v1/runs/tf_20_mf_4p5_seed_6/test_pred_distribution.png
2026-05-21 17:19:06,394 INFO src.cli.common: Saved test metrics to /root/autodl-tmp/em_eqf/experiments/clf_pre_v1/clf_pre_scratch_v1/runs/tf_20_mf_4p5_seed_6/metrics_test_best_1.json
2026-05-21 17:19:06,394 INFO src.cli.common: Metrics: {'precision': 0.23648648648648649, 'recall': 1.0, 'f1': 0.3825136612021858, 'auc': 0.33072060682680154, 'pr_auc': 0.18006588225176717, 'fpr': 1.0, 'tpr': 1.0, 'R': 0.0, 'conf': 0.0, 'threshold': 0.44743627309799194}
