2026-05-10 14:41:11,146 INFO src.data.preprocessing: CSV files found: ['chuandian_2021.csv']
2026-05-10 14:41:12,103 INFO src.utils.file_utils: Loading cached data from: data/ChuanDian/classifier/classifier_Mc_3_Mf_4.0_Tfore_10_Twindow_180_context_len_1_dt_10.pkl
2026-05-10 14:41:12,404 INFO src.data.preprocessing: Catalog statistics: {'tau_unfiltered': 0.15339908988298961, 'tau_q025': 0.08114294020924717, 'tau_q05': 0.5134664350189269, 'tau_mean': 1.3070542199341526, 'tau_max': 25.18216435192153, 'tau_min': 0.0, 'time_max': 18770.72654999979, 'time_mean': 10030.9430649837, 'mag_completeness': 3.0, 'mag_mean': 3.456916005014626, 'mag_max': 8.0, 'mag_min': 3.0, 'b_value': 0.856738547623331, 'b_std': 0.0071499224812533796, 'b_n': 14358}
2026-05-10 14:41:12,423 INFO src.data.event_loader: lengths of samples: min=32, max=981, avg=135.51
2026-05-10 14:41:12,423 INFO src.data.event_loader: Number of positive samples: 780
2026-05-10 14:41:12,424 INFO src.data.event_loader: Number of negative samples: 683
2026-05-10 14:41:12,444 INFO src.data.event_loader: Positive samples: 594, Negative samples: 576
2026-05-10 14:41:12,444 INFO src.data.event_loader: Total samples: 1170, Positive ratio: 0.51, Negative ratio: 0.49
2026-05-10 14:41:12,445 INFO src.data.event_loader: Positive samples: 107, Negative samples: 39
2026-05-10 14:41:12,445 INFO src.data.event_loader: Total samples: 146, Positive ratio: 0.73, Negative ratio: 0.27
2026-05-10 14:41:12,445 INFO src.data.event_loader: Positive samples: 79, Negative samples: 68
2026-05-10 14:41:12,445 INFO src.data.event_loader: Total samples: 147, Positive ratio: 0.54, Negative ratio: 0.46
2026-05-10 14:41:12,584 INFO src.cli.workflows: No resume path provided. Training will start from scratch.
2026-05-10 14:41:13,074 INFO src.models.adapters.mixer_task: using time scale base 1.3070542199341526 (key: tau_mean)
2026-05-10 14:41:13,074 INFO src.models.adapters.mixer_task: tau mean: tensor(1.3071)
2026-05-10 14:41:13,079 INFO src.train.config_setup: No checkpoint restore requested; initializing model from scratch.
2026-05-10 14:41:13,079 INFO src.train.config_setup: Freeze skipped (fresh_init): freeze_parts is empty.
2026-05-10 14:41:13,080 INFO src.train.config_setup: Using classification criterion: focal
2026-05-10 14:41:13,080 INFO src.train.config_setup: Criterion config: {'alpha': 0.5, 'gamma': 2.0}
2026-05-10 14:41:13,081 INFO src.train.trainer: Epoch 1
2026-05-10 14:41:28,479 INFO src.train.trainer: New best validation loss: 0.0809, saved to /root/autodl-tmp/em_eqf/experiments/clf_grid_4/runs/tf_10_mf_4p0_seed_1/best_model_1.pth
2026-05-10 14:41:28,485 INFO src.train.trainer: Last model at epoch 1 saved to /root/autodl-tmp/em_eqf/experiments/clf_grid_4/runs/tf_10_mf_4p0_seed_1/last_model_1.pth
2026-05-10 14:41:28,485 INFO src.train.trainer: Epoch 2
2026-05-10 14:41:30,888 INFO src.train.trainer: New best validation loss: 0.0797, saved to /root/autodl-tmp/em_eqf/experiments/clf_grid_4/runs/tf_10_mf_4p0_seed_1/best_model_1.pth
2026-05-10 14:41:30,896 INFO src.train.trainer: Last model at epoch 2 saved to /root/autodl-tmp/em_eqf/experiments/clf_grid_4/runs/tf_10_mf_4p0_seed_1/last_model_1.pth
2026-05-10 14:41:30,896 INFO src.train.trainer: Epoch 3
2026-05-10 14:41:33,360 INFO src.train.trainer: Last model at epoch 3 saved to /root/autodl-tmp/em_eqf/experiments/clf_grid_4/runs/tf_10_mf_4p0_seed_1/last_model_1.pth
2026-05-10 14:41:33,360 INFO src.train.trainer: Epoch 4
2026-05-10 14:41:35,752 INFO src.train.trainer: New best validation loss: 0.0769, saved to /root/autodl-tmp/em_eqf/experiments/clf_grid_4/runs/tf_10_mf_4p0_seed_1/best_model_1.pth
2026-05-10 14:41:35,762 INFO src.train.trainer: Last model at epoch 4 saved to /root/autodl-tmp/em_eqf/experiments/clf_grid_4/runs/tf_10_mf_4p0_seed_1/last_model_1.pth
2026-05-10 14:41:35,762 INFO src.train.trainer: Epoch 5
2026-05-10 14:41:38,071 INFO src.train.trainer: Last model at epoch 5 saved to /root/autodl-tmp/em_eqf/experiments/clf_grid_4/runs/tf_10_mf_4p0_seed_1/last_model_1.pth
2026-05-10 14:41:38,071 INFO src.train.trainer: Epoch 6
2026-05-10 14:41:40,378 INFO src.train.trainer: Last model at epoch 6 saved to /root/autodl-tmp/em_eqf/experiments/clf_grid_4/runs/tf_10_mf_4p0_seed_1/last_model_1.pth
2026-05-10 14:41:40,378 INFO src.train.trainer: Epoch 7
2026-05-10 14:41:42,683 INFO src.train.trainer: Last model at epoch 7 saved to /root/autodl-tmp/em_eqf/experiments/clf_grid_4/runs/tf_10_mf_4p0_seed_1/last_model_1.pth
2026-05-10 14:41:42,684 INFO src.train.trainer: Epoch 8
2026-05-10 14:41:44,796 INFO src.train.trainer: Last model at epoch 8 saved to /root/autodl-tmp/em_eqf/experiments/clf_grid_4/runs/tf_10_mf_4p0_seed_1/last_model_1.pth
2026-05-10 14:41:44,797 INFO src.train.trainer: Epoch 9
2026-05-10 14:41:46,822 INFO src.train.trainer: Last model at epoch 9 saved to /root/autodl-tmp/em_eqf/experiments/clf_grid_4/runs/tf_10_mf_4p0_seed_1/last_model_1.pth
2026-05-10 14:41:46,822 INFO src.train.trainer: Epoch 10
2026-05-10 14:41:48,852 INFO src.train.trainer: Last model at epoch 10 saved to /root/autodl-tmp/em_eqf/experiments/clf_grid_4/runs/tf_10_mf_4p0_seed_1/last_model_1.pth
2026-05-10 14:41:48,852 INFO src.train.trainer: Epoch 11
2026-05-10 14:41:50,885 INFO src.train.trainer: Last model at epoch 11 saved to /root/autodl-tmp/em_eqf/experiments/clf_grid_4/runs/tf_10_mf_4p0_seed_1/last_model_1.pth
2026-05-10 14:41:50,886 INFO src.train.trainer: Epoch 12
2026-05-10 14:41:53,039 INFO src.train.trainer: Last model at epoch 12 saved to /root/autodl-tmp/em_eqf/experiments/clf_grid_4/runs/tf_10_mf_4p0_seed_1/last_model_1.pth
2026-05-10 14:41:53,039 INFO src.train.trainer: Epoch 13
2026-05-10 14:41:55,110 INFO src.train.trainer: Last model at epoch 13 saved to /root/autodl-tmp/em_eqf/experiments/clf_grid_4/runs/tf_10_mf_4p0_seed_1/last_model_1.pth
2026-05-10 14:41:55,111 INFO src.train.trainer: Epoch 14
2026-05-10 14:41:57,180 INFO src.train.trainer: Last model at epoch 14 saved to /root/autodl-tmp/em_eqf/experiments/clf_grid_4/runs/tf_10_mf_4p0_seed_1/last_model_1.pth
2026-05-10 14:41:57,180 INFO src.train.trainer: Early stopping triggered at epoch 14 (best epoch: 4, best val loss: 0.076851)
2026-05-10 14:42:06,662 INFO src.data.preprocessing: CSV files found: ['chuandian_2021.csv']
2026-05-10 14:42:07,457 INFO src.utils.file_utils: Loading cached data from: data/ChuanDian/classifier/classifier_Mc_3_Mf_4.0_Tfore_10_Twindow_180_context_len_1_dt_10.pkl
2026-05-10 14:42:07,750 INFO src.data.preprocessing: Catalog statistics: {'tau_unfiltered': 0.15339908988298961, 'tau_q025': 0.08114294020924717, 'tau_q05': 0.5134664350189269, 'tau_mean': 1.3070542199341526, 'tau_max': 25.18216435192153, 'tau_min': 0.0, 'time_max': 18770.72654999979, 'time_mean': 10030.9430649837, 'mag_completeness': 3.0, 'mag_mean': 3.456916005014626, 'mag_max': 8.0, 'mag_min': 3.0, 'b_value': 0.856738547623331, 'b_std': 0.0071499224812533796, 'b_n': 14358}
2026-05-10 14:42:07,770 INFO src.data.event_loader: lengths of samples: min=32, max=981, avg=135.51
2026-05-10 14:42:07,770 INFO src.data.event_loader: Number of positive samples: 780
2026-05-10 14:42:07,771 INFO src.data.event_loader: Number of negative samples: 683
2026-05-10 14:42:07,772 INFO src.data.event_loader: Positive samples: 594, Negative samples: 576
2026-05-10 14:42:07,772 INFO src.data.event_loader: Total samples: 1170, Positive ratio: 0.51, Negative ratio: 0.49
2026-05-10 14:42:07,772 INFO src.data.event_loader: Positive samples: 107, Negative samples: 39
2026-05-10 14:42:07,772 INFO src.data.event_loader: Total samples: 146, Positive ratio: 0.73, Negative ratio: 0.27
2026-05-10 14:42:07,772 INFO src.data.event_loader: Positive samples: 79, Negative samples: 68
2026-05-10 14:42:07,772 INFO src.data.event_loader: Total samples: 147, Positive ratio: 0.54, Negative ratio: 0.46
2026-05-10 14:42:08,231 INFO src.models.adapters.mixer_task: using time scale base 1.3070542199341526 (key: tau_mean)
2026-05-10 14:42:08,231 INFO src.models.adapters.mixer_task: tau mean: tensor(1.3071)
2026-05-10 14:42:08,236 INFO src.train.config_setup: Restoring model from checkpoint.
2026-05-10 14:42:08,236 INFO src.train.config_setup: Loading model weights: load_specific_parts=None
2026-05-10 14:42:08,238 INFO src.train.config_setup: Checkpoint loaded: <All keys matched successfully>
2026-05-10 14:42:08,238 INFO src.train.config_setup: Full load summary: loaded=56, missing=0, unexpected=0
2026-05-10 14:42:08,239 INFO src.train.config_setup: Checkpoint hyperparameters loaded.
2026-05-10 14:42:08,239 INFO src.train.config_setup: Checkpoint train metrics available.
2026-05-10 14:42:08,239 INFO src.train.config_setup: Checkpoint val metrics available.
2026-05-10 14:42:08,239 INFO src.train.config_setup: Freeze skipped (checkpoint_restore): freeze_parts is empty.
2026-05-10 14:42:08,239 INFO src.train.config_setup: Using classification criterion: focal
2026-05-10 14:42:08,239 INFO src.train.config_setup: Criterion config: {'alpha': 0.5, 'gamma': 2.0}
2026-05-10 14:42:08,240 INFO src.train.config_setup: Not resuming optimizer/scheduler state; reset training state to start_epoch=0, best_val_loss=inf.
2026-05-10 14:42:08,240 INFO src.cli.common: Using threshold 0.47225525975227356 from checkpoint val_metrics for testing.
2026-05-10 14:42:13,273 INFO src.utils.metrics: ROC curve saved to /root/autodl-tmp/em_eqf/experiments/clf_grid_4/runs/tf_10_mf_4p0_seed_1/roc_curve.png
2026-05-10 14:42:13,385 INFO src.utils.metrics: PR curve saved to /root/autodl-tmp/em_eqf/experiments/clf_grid_4/runs/tf_10_mf_4p0_seed_1/pr_curve.png
2026-05-10 14:42:13,451 INFO src.utils.metrics: Confusion matrix saved to /root/autodl-tmp/em_eqf/experiments/clf_grid_4/runs/tf_10_mf_4p0_seed_1/confusion_matrix.png
2026-05-10 14:42:13,452 INFO src.cli.workflows: Test loss: 0.08538710077603658
2026-05-10 14:42:14,091 INFO src.train.classifier_train_step: Prediction distribution plot has been saved to: /root/autodl-tmp/em_eqf/experiments/clf_grid_4/runs/tf_10_mf_4p0_seed_1/train_pred_distribution.png
2026-05-10 14:42:14,374 INFO src.train.classifier_train_step: Prediction distribution plot has been saved to: /root/autodl-tmp/em_eqf/experiments/clf_grid_4/runs/tf_10_mf_4p0_seed_1/val_pred_distribution.png
2026-05-10 14:42:14,696 INFO src.train.classifier_train_step: Prediction distribution plot has been saved to: /root/autodl-tmp/em_eqf/experiments/clf_grid_4/runs/tf_10_mf_4p0_seed_1/test_pred_distribution.png
2026-05-10 14:42:14,696 INFO src.cli.common: Saved test metrics to /root/autodl-tmp/em_eqf/experiments/clf_grid_4/runs/tf_10_mf_4p0_seed_1/metrics_test_best_1.json
2026-05-10 14:42:14,696 INFO src.cli.common: Metrics: {'precision': 0.5691056910569106, 'recall': 0.8860759493670886, 'f1': 0.693069306930693, 'auc': 0.6716306775874907, 'pr_auc': 0.7196125643567679, 'fpr': 0.7794117647058824, 'tpr': 0.8860759493670886, 'R': 0.1066641846612062, 'conf': 1.4848041323268194e-08, 'threshold': 0.47225525975227356}
