2026-05-21 17:03:31,751 INFO src.data.preprocessing: CSV files found: ['chuandian_2021.csv']
2026-05-21 17:03:32,294 INFO src.utils.file_utils: Loading cached data from: data/ChuanDian/classifier/classifier_Mc_3_Mf_4.5_Tfore_20_Twindow_180_context_len_1_dt_10.pkl
2026-05-21 17:03:33,014 INFO src.data.preprocessing: Catalog statistics: {'tau_unfiltered': 0.15339908988298961, 'tau_q025': 0.08114294020924717, 'tau_q05': 0.5134664350189269, 'tau_mean': 1.3070542199341526, 'tau_max': 25.18216435192153, 'tau_min': 0.0, 'time_max': 18770.72654999979, 'time_mean': 10030.9430649837, 'mag_completeness': 3.0, 'mag_mean': 3.456916005014626, 'mag_max': 8.0, 'mag_min': 3.0, 'b_value': 0.856738547623331, 'b_std': 0.0071499224812533796, 'b_n': 14358}
2026-05-21 17:03:33,029 INFO src.data.event_loader: lengths of samples: min=32, max=981, avg=133.42
2026-05-21 17:03:33,029 INFO src.data.event_loader: Number of positive samples: 623
2026-05-21 17:03:33,030 INFO src.data.event_loader: Number of negative samples: 845
2026-05-21 17:03:33,030 INFO src.data.event_loader: Positive samples: 528, Negative samples: 646
2026-05-21 17:03:33,030 INFO src.data.event_loader: Total samples: 1174, Positive ratio: 0.45, Negative ratio: 0.55
2026-05-21 17:03:33,031 INFO src.data.event_loader: Positive samples: 60, Negative samples: 86
2026-05-21 17:03:33,031 INFO src.data.event_loader: Total samples: 146, Positive ratio: 0.41, Negative ratio: 0.59
2026-05-21 17:03:33,031 INFO src.data.event_loader: Positive samples: 35, Negative samples: 113
2026-05-21 17:03:33,031 INFO src.data.event_loader: Total samples: 148, Positive ratio: 0.24, Negative ratio: 0.76
2026-05-21 17:03:33,132 INFO src.cli.workflows: Loading checkpoint from: ./checkpoints/mixer_tpp_20260514-211318/last_model_1.pth
2026-05-21 17:03:33,809 INFO src.models.adapters.mixer_task: using time scale base 1.3070542199341526 (key: tau_mean)
2026-05-21 17:03:33,809 INFO src.models.adapters.mixer_task: tau mean: tensor(1.3071)
2026-05-21 17:03:33,839 INFO src.train.config_setup: Restoring model from checkpoint.
2026-05-21 17:03:33,839 INFO src.train.config_setup: Loading model weights: load_specific_parts=['encoder']
2026-05-21 17:03:33,840 INFO src.train.config_setup: Selective load summary: requested_parts=['encoder'], target_in_model=40, matched_in_checkpoint=30, loaded=30, missing_after_load=10, shape_mismatch=0, missing_in_model=0, out_of_scope_loaded=0
2026-05-21 17:03:33,840 INFO src.train.config_setup: Selective load coverage [encoder]: target=40, hit=30, missing=10, complete=False
2026-05-21 17:03:33,840 WARNING src.train.config_setup: Selective load coverage missing preview [encoder]: ['base_model.encoder.layers.2.mixer.in_proj.bias', 'base_model.encoder.layers.2.mixer.in_proj.weight', 'base_model.encoder.layers.2.mixer.out_proj.bias', 'base_model.encoder.layers.2.mixer.out_proj.weight', 'base_model.encoder.layers.2.mlp.fc1.weight', 'base_model.encoder.layers.2.mlp.fc2.weight', 'base_model.encoder.layers.2.norm.bias', 'base_model.encoder.layers.2.norm.weight'] ... (+2 more)
2026-05-21 17:03:33,840 WARNING src.train.config_setup: Checkpoint missing target parameter preview: ['base_model.encoder.layers.2.mixer.in_proj.bias', 'base_model.encoder.layers.2.mixer.in_proj.weight', 'base_model.encoder.layers.2.mixer.out_proj.bias', 'base_model.encoder.layers.2.mixer.out_proj.weight', 'base_model.encoder.layers.2.mlp.fc1.weight', 'base_model.encoder.layers.2.mlp.fc2.weight', 'base_model.encoder.layers.2.norm.bias', 'base_model.encoder.layers.2.norm.weight', 'base_model.encoder.layers.2.norm2.bias', 'base_model.encoder.layers.2.norm2.weight']
2026-05-21 17:03:33,840 WARNING src.train.config_setup: Target not-loaded parameter preview: ['base_model.encoder.layers.2.mixer.in_proj.bias', 'base_model.encoder.layers.2.mixer.in_proj.weight', 'base_model.encoder.layers.2.mixer.out_proj.bias', 'base_model.encoder.layers.2.mixer.out_proj.weight', 'base_model.encoder.layers.2.mlp.fc1.weight', 'base_model.encoder.layers.2.mlp.fc2.weight', 'base_model.encoder.layers.2.norm.bias', 'base_model.encoder.layers.2.norm.weight', 'base_model.encoder.layers.2.norm2.bias', 'base_model.encoder.layers.2.norm2.weight']
2026-05-21 17:03:33,840 INFO src.train.config_setup: Loaded parameter preview: ['base_model.encoder.layers.1.norm.weight', 'base_model.encoder.layers.0.norm2.bias', 'base_model.encoder.layers.0.mixer.in_proj.weight', 'base_model.encoder.layers.1.mixer.in_proj.weight', 'base_model.encoder.layers.0.mixer.A_log', 'base_model.encoder.layers.1.mixer.A_log', 'base_model.encoder.layers.0.mlp.fc1.weight', 'base_model.encoder.layers.1.mixer.dt_bias', 'base_model.encoder.layers.1.mixer.D', 'base_model.encoder.layers.0.mixer.out_proj.weight'] ... (+20 more)
2026-05-21 17:03:33,842 INFO src.train.config_setup: Checkpoint hyperparameters loaded.
2026-05-21 17:03:33,842 INFO src.train.config_setup: Checkpoint train metrics available.
2026-05-21 17:03:33,842 INFO src.train.config_setup: Checkpoint val metrics available.
2026-05-21 17:03:33,842 INFO src.train.config_setup: Freeze skipped (checkpoint_restore): freeze_parts is empty.
2026-05-21 17:03:33,842 INFO src.train.config_setup: Using classification criterion: focal
2026-05-21 17:03:33,842 INFO src.train.config_setup: Criterion config: {'alpha': 0.5, 'gamma': 2.0}
2026-05-21 17:03:33,843 INFO src.train.config_setup: Not resuming optimizer/scheduler state; reset training state to start_epoch=0, best_val_loss=inf.
2026-05-21 17:03:33,843 INFO src.train.trainer: Epoch 1
2026-05-21 17:03:48,643 INFO src.train.trainer: New best validation loss: 0.1039, saved to /root/autodl-tmp/em_eqf/experiments/clf_pre_v1/clf_pre_SCEDC_minus_b_v1/runs/tf_20_mf_4p5_seed_6/best_model_1.pth
2026-05-21 17:03:48,649 INFO src.train.trainer: Last model at epoch 1 saved to /root/autodl-tmp/em_eqf/experiments/clf_pre_v1/clf_pre_SCEDC_minus_b_v1/runs/tf_20_mf_4p5_seed_6/last_model_1.pth
2026-05-21 17:03:48,649 INFO src.train.trainer: Epoch 2
2026-05-21 17:03:52,127 INFO src.train.trainer: New best validation loss: 0.0886, saved to /root/autodl-tmp/em_eqf/experiments/clf_pre_v1/clf_pre_SCEDC_minus_b_v1/runs/tf_20_mf_4p5_seed_6/best_model_1.pth
2026-05-21 17:03:52,135 INFO src.train.trainer: Last model at epoch 2 saved to /root/autodl-tmp/em_eqf/experiments/clf_pre_v1/clf_pre_SCEDC_minus_b_v1/runs/tf_20_mf_4p5_seed_6/last_model_1.pth
2026-05-21 17:03:52,135 INFO src.train.trainer: Epoch 3
2026-05-21 17:03:55,751 INFO src.train.trainer: New best validation loss: 0.0871, saved to /root/autodl-tmp/em_eqf/experiments/clf_pre_v1/clf_pre_SCEDC_minus_b_v1/runs/tf_20_mf_4p5_seed_6/best_model_1.pth
2026-05-21 17:03:55,758 INFO src.train.trainer: Last model at epoch 3 saved to /root/autodl-tmp/em_eqf/experiments/clf_pre_v1/clf_pre_SCEDC_minus_b_v1/runs/tf_20_mf_4p5_seed_6/last_model_1.pth
2026-05-21 17:03:55,758 INFO src.train.trainer: Epoch 4
2026-05-21 17:03:59,421 INFO src.train.trainer: Last model at epoch 4 saved to /root/autodl-tmp/em_eqf/experiments/clf_pre_v1/clf_pre_SCEDC_minus_b_v1/runs/tf_20_mf_4p5_seed_6/last_model_1.pth
2026-05-21 17:03:59,422 INFO src.train.trainer: Epoch 5
2026-05-21 17:04:04,028 INFO src.train.trainer: New best validation loss: 0.0850, saved to /root/autodl-tmp/em_eqf/experiments/clf_pre_v1/clf_pre_SCEDC_minus_b_v1/runs/tf_20_mf_4p5_seed_6/best_model_1.pth
2026-05-21 17:04:04,035 INFO src.train.trainer: Last model at epoch 5 saved to /root/autodl-tmp/em_eqf/experiments/clf_pre_v1/clf_pre_SCEDC_minus_b_v1/runs/tf_20_mf_4p5_seed_6/last_model_1.pth
2026-05-21 17:04:04,035 INFO src.train.trainer: Epoch 6
2026-05-21 17:04:08,135 INFO src.train.trainer: Last model at epoch 6 saved to /root/autodl-tmp/em_eqf/experiments/clf_pre_v1/clf_pre_SCEDC_minus_b_v1/runs/tf_20_mf_4p5_seed_6/last_model_1.pth
2026-05-21 17:04:08,135 INFO src.train.trainer: Epoch 7
2026-05-21 17:04:11,609 INFO src.train.trainer: Last model at epoch 7 saved to /root/autodl-tmp/em_eqf/experiments/clf_pre_v1/clf_pre_SCEDC_minus_b_v1/runs/tf_20_mf_4p5_seed_6/last_model_1.pth
2026-05-21 17:04:11,609 INFO src.train.trainer: Epoch 8
2026-05-21 17:04:15,028 INFO src.train.trainer: Last model at epoch 8 saved to /root/autodl-tmp/em_eqf/experiments/clf_pre_v1/clf_pre_SCEDC_minus_b_v1/runs/tf_20_mf_4p5_seed_6/last_model_1.pth
2026-05-21 17:04:15,028 INFO src.train.trainer: Epoch 9
2026-05-21 17:04:18,407 INFO src.train.trainer: Last model at epoch 9 saved to /root/autodl-tmp/em_eqf/experiments/clf_pre_v1/clf_pre_SCEDC_minus_b_v1/runs/tf_20_mf_4p5_seed_6/last_model_1.pth
2026-05-21 17:04:18,408 INFO src.train.trainer: Epoch 10
2026-05-21 17:04:22,011 INFO src.train.trainer: Last model at epoch 10 saved to /root/autodl-tmp/em_eqf/experiments/clf_pre_v1/clf_pre_SCEDC_minus_b_v1/runs/tf_20_mf_4p5_seed_6/last_model_1.pth
2026-05-21 17:04:22,011 INFO src.train.trainer: Epoch 11
2026-05-21 17:04:26,067 INFO src.train.trainer: Last model at epoch 11 saved to /root/autodl-tmp/em_eqf/experiments/clf_pre_v1/clf_pre_SCEDC_minus_b_v1/runs/tf_20_mf_4p5_seed_6/last_model_1.pth
2026-05-21 17:04:26,067 INFO src.train.trainer: Epoch 12
2026-05-21 17:04:29,474 INFO src.train.trainer: Last model at epoch 12 saved to /root/autodl-tmp/em_eqf/experiments/clf_pre_v1/clf_pre_SCEDC_minus_b_v1/runs/tf_20_mf_4p5_seed_6/last_model_1.pth
2026-05-21 17:04:29,474 INFO src.train.trainer: Epoch 13
2026-05-21 17:04:33,135 INFO src.train.trainer: Last model at epoch 13 saved to /root/autodl-tmp/em_eqf/experiments/clf_pre_v1/clf_pre_SCEDC_minus_b_v1/runs/tf_20_mf_4p5_seed_6/last_model_1.pth
2026-05-21 17:04:33,136 INFO src.train.trainer: Epoch 14
2026-05-21 17:04:36,450 INFO src.train.trainer: New best validation loss: 0.0842, saved to /root/autodl-tmp/em_eqf/experiments/clf_pre_v1/clf_pre_SCEDC_minus_b_v1/runs/tf_20_mf_4p5_seed_6/best_model_1.pth
2026-05-21 17:04:36,504 INFO src.train.trainer: Last model at epoch 14 saved to /root/autodl-tmp/em_eqf/experiments/clf_pre_v1/clf_pre_SCEDC_minus_b_v1/runs/tf_20_mf_4p5_seed_6/last_model_1.pth
2026-05-21 17:04:36,505 INFO src.train.trainer: Epoch 15
2026-05-21 17:04:39,841 INFO src.train.trainer: New best validation loss: 0.0809, saved to /root/autodl-tmp/em_eqf/experiments/clf_pre_v1/clf_pre_SCEDC_minus_b_v1/runs/tf_20_mf_4p5_seed_6/best_model_1.pth
2026-05-21 17:04:39,848 INFO src.train.trainer: Last model at epoch 15 saved to /root/autodl-tmp/em_eqf/experiments/clf_pre_v1/clf_pre_SCEDC_minus_b_v1/runs/tf_20_mf_4p5_seed_6/last_model_1.pth
2026-05-21 17:04:39,848 INFO src.train.trainer: Epoch 16
2026-05-21 17:04:44,139 INFO src.train.trainer: New best validation loss: 0.0784, saved to /root/autodl-tmp/em_eqf/experiments/clf_pre_v1/clf_pre_SCEDC_minus_b_v1/runs/tf_20_mf_4p5_seed_6/best_model_1.pth
2026-05-21 17:04:44,146 INFO src.train.trainer: Last model at epoch 16 saved to /root/autodl-tmp/em_eqf/experiments/clf_pre_v1/clf_pre_SCEDC_minus_b_v1/runs/tf_20_mf_4p5_seed_6/last_model_1.pth
2026-05-21 17:04:44,146 INFO src.train.trainer: Epoch 17
2026-05-21 17:04:47,633 INFO src.train.trainer: New best validation loss: 0.0759, saved to /root/autodl-tmp/em_eqf/experiments/clf_pre_v1/clf_pre_SCEDC_minus_b_v1/runs/tf_20_mf_4p5_seed_6/best_model_1.pth
2026-05-21 17:04:47,640 INFO src.train.trainer: Last model at epoch 17 saved to /root/autodl-tmp/em_eqf/experiments/clf_pre_v1/clf_pre_SCEDC_minus_b_v1/runs/tf_20_mf_4p5_seed_6/last_model_1.pth
2026-05-21 17:04:47,640 INFO src.train.trainer: Epoch 18
2026-05-21 17:04:51,273 INFO src.train.trainer: Last model at epoch 18 saved to /root/autodl-tmp/em_eqf/experiments/clf_pre_v1/clf_pre_SCEDC_minus_b_v1/runs/tf_20_mf_4p5_seed_6/last_model_1.pth
2026-05-21 17:04:51,274 INFO src.train.trainer: Epoch 19
2026-05-21 17:04:54,832 INFO src.train.trainer: Last model at epoch 19 saved to /root/autodl-tmp/em_eqf/experiments/clf_pre_v1/clf_pre_SCEDC_minus_b_v1/runs/tf_20_mf_4p5_seed_6/last_model_1.pth
2026-05-21 17:04:54,832 INFO src.train.trainer: Epoch 20
2026-05-21 17:04:58,117 INFO src.train.trainer: New best validation loss: 0.0753, saved to /root/autodl-tmp/em_eqf/experiments/clf_pre_v1/clf_pre_SCEDC_minus_b_v1/runs/tf_20_mf_4p5_seed_6/best_model_1.pth
2026-05-21 17:04:58,123 INFO src.train.trainer: Last model at epoch 20 saved to /root/autodl-tmp/em_eqf/experiments/clf_pre_v1/clf_pre_SCEDC_minus_b_v1/runs/tf_20_mf_4p5_seed_6/last_model_1.pth
2026-05-21 17:04:58,124 INFO src.train.trainer: Epoch 21
2026-05-21 17:05:02,063 INFO src.train.trainer: Last model at epoch 21 saved to /root/autodl-tmp/em_eqf/experiments/clf_pre_v1/clf_pre_SCEDC_minus_b_v1/runs/tf_20_mf_4p5_seed_6/last_model_1.pth
2026-05-21 17:05:02,064 INFO src.train.trainer: Epoch 22
2026-05-21 17:05:05,839 INFO src.train.trainer: Last model at epoch 22 saved to /root/autodl-tmp/em_eqf/experiments/clf_pre_v1/clf_pre_SCEDC_minus_b_v1/runs/tf_20_mf_4p5_seed_6/last_model_1.pth
2026-05-21 17:05:05,840 INFO src.train.trainer: Epoch 23
2026-05-21 17:05:09,571 INFO src.train.trainer: Last model at epoch 23 saved to /root/autodl-tmp/em_eqf/experiments/clf_pre_v1/clf_pre_SCEDC_minus_b_v1/runs/tf_20_mf_4p5_seed_6/last_model_1.pth
2026-05-21 17:05:09,571 INFO src.train.trainer: Epoch 24
2026-05-21 17:05:13,419 INFO src.train.trainer: New best validation loss: 0.0749, saved to /root/autodl-tmp/em_eqf/experiments/clf_pre_v1/clf_pre_SCEDC_minus_b_v1/runs/tf_20_mf_4p5_seed_6/best_model_1.pth
2026-05-21 17:05:13,425 INFO src.train.trainer: Last model at epoch 24 saved to /root/autodl-tmp/em_eqf/experiments/clf_pre_v1/clf_pre_SCEDC_minus_b_v1/runs/tf_20_mf_4p5_seed_6/last_model_1.pth
2026-05-21 17:05:13,425 INFO src.train.trainer: Epoch 25
2026-05-21 17:05:17,060 INFO src.train.trainer: Last model at epoch 25 saved to /root/autodl-tmp/em_eqf/experiments/clf_pre_v1/clf_pre_SCEDC_minus_b_v1/runs/tf_20_mf_4p5_seed_6/last_model_1.pth
2026-05-21 17:05:17,060 INFO src.train.trainer: Epoch 26
2026-05-21 17:05:20,721 INFO src.train.trainer: Last model at epoch 26 saved to /root/autodl-tmp/em_eqf/experiments/clf_pre_v1/clf_pre_SCEDC_minus_b_v1/runs/tf_20_mf_4p5_seed_6/last_model_1.pth
2026-05-21 17:05:20,721 INFO src.train.trainer: Epoch 27
2026-05-21 17:05:24,023 INFO src.train.trainer: Last model at epoch 27 saved to /root/autodl-tmp/em_eqf/experiments/clf_pre_v1/clf_pre_SCEDC_minus_b_v1/runs/tf_20_mf_4p5_seed_6/last_model_1.pth
2026-05-21 17:05:24,024 INFO src.train.trainer: Epoch 28
2026-05-21 17:05:27,075 INFO src.train.trainer: Last model at epoch 28 saved to /root/autodl-tmp/em_eqf/experiments/clf_pre_v1/clf_pre_SCEDC_minus_b_v1/runs/tf_20_mf_4p5_seed_6/last_model_1.pth
2026-05-21 17:05:27,075 INFO src.train.trainer: Epoch 29
2026-05-21 17:05:30,884 INFO src.train.trainer: Last model at epoch 29 saved to /root/autodl-tmp/em_eqf/experiments/clf_pre_v1/clf_pre_SCEDC_minus_b_v1/runs/tf_20_mf_4p5_seed_6/last_model_1.pth
2026-05-21 17:05:30,884 INFO src.train.trainer: Epoch 30
2026-05-21 17:05:34,449 INFO src.train.trainer: Last model at epoch 30 saved to /root/autodl-tmp/em_eqf/experiments/clf_pre_v1/clf_pre_SCEDC_minus_b_v1/runs/tf_20_mf_4p5_seed_6/last_model_1.pth
2026-05-21 17:05:34,449 INFO src.train.trainer: Epoch 31
2026-05-21 17:05:37,548 INFO src.train.trainer: Last model at epoch 31 saved to /root/autodl-tmp/em_eqf/experiments/clf_pre_v1/clf_pre_SCEDC_minus_b_v1/runs/tf_20_mf_4p5_seed_6/last_model_1.pth
2026-05-21 17:05:37,548 INFO src.train.trainer: Epoch 32
2026-05-21 17:05:40,575 INFO src.train.trainer: Last model at epoch 32 saved to /root/autodl-tmp/em_eqf/experiments/clf_pre_v1/clf_pre_SCEDC_minus_b_v1/runs/tf_20_mf_4p5_seed_6/last_model_1.pth
2026-05-21 17:05:40,575 INFO src.train.trainer: Epoch 33
2026-05-21 17:05:43,982 INFO src.train.trainer: Last model at epoch 33 saved to /root/autodl-tmp/em_eqf/experiments/clf_pre_v1/clf_pre_SCEDC_minus_b_v1/runs/tf_20_mf_4p5_seed_6/last_model_1.pth
2026-05-21 17:05:43,983 INFO src.train.trainer: Epoch 34
2026-05-21 17:05:47,651 INFO src.train.trainer: Last model at epoch 34 saved to /root/autodl-tmp/em_eqf/experiments/clf_pre_v1/clf_pre_SCEDC_minus_b_v1/runs/tf_20_mf_4p5_seed_6/last_model_1.pth
2026-05-21 17:05:47,651 INFO src.train.trainer: Early stopping triggered at epoch 34 (best epoch: 24, best val loss: 0.074879)
2026-05-21 17:05:56,135 INFO src.data.preprocessing: CSV files found: ['chuandian_2021.csv']
2026-05-21 17:05:56,694 INFO src.utils.file_utils: Loading cached data from: data/ChuanDian/classifier/classifier_Mc_3_Mf_4.5_Tfore_20_Twindow_180_context_len_1_dt_10.pkl
2026-05-21 17:05:57,524 INFO src.data.preprocessing: Catalog statistics: {'tau_unfiltered': 0.15339908988298961, 'tau_q025': 0.08114294020924717, 'tau_q05': 0.5134664350189269, 'tau_mean': 1.3070542199341526, 'tau_max': 25.18216435192153, 'tau_min': 0.0, 'time_max': 18770.72654999979, 'time_mean': 10030.9430649837, 'mag_completeness': 3.0, 'mag_mean': 3.456916005014626, 'mag_max': 8.0, 'mag_min': 3.0, 'b_value': 0.856738547623331, 'b_std': 0.0071499224812533796, 'b_n': 14358}
2026-05-21 17:05:57,552 INFO src.data.event_loader: lengths of samples: min=32, max=981, avg=133.42
2026-05-21 17:05:57,553 INFO src.data.event_loader: Number of positive samples: 623
2026-05-21 17:05:57,553 INFO src.data.event_loader: Number of negative samples: 845
2026-05-21 17:05:57,554 INFO src.data.event_loader: Positive samples: 528, Negative samples: 646
2026-05-21 17:05:57,554 INFO src.data.event_loader: Total samples: 1174, Positive ratio: 0.45, Negative ratio: 0.55
2026-05-21 17:05:57,555 INFO src.data.event_loader: Positive samples: 60, Negative samples: 86
2026-05-21 17:05:57,555 INFO src.data.event_loader: Total samples: 146, Positive ratio: 0.41, Negative ratio: 0.59
2026-05-21 17:05:57,555 INFO src.data.event_loader: Positive samples: 35, Negative samples: 113
2026-05-21 17:05:57,555 INFO src.data.event_loader: Total samples: 148, Positive ratio: 0.24, Negative ratio: 0.76
2026-05-21 17:05:57,957 INFO src.models.adapters.mixer_task: using time scale base 1.3070542199341526 (key: tau_mean)
2026-05-21 17:05:57,957 INFO src.models.adapters.mixer_task: tau mean: tensor(1.3071)
2026-05-21 17:05:57,965 INFO src.train.config_setup: Restoring model from checkpoint.
2026-05-21 17:05:57,965 INFO src.train.config_setup: Loading model weights: load_specific_parts=None
2026-05-21 17:05:57,967 INFO src.train.config_setup: Checkpoint loaded: <All keys matched successfully>
2026-05-21 17:05:57,967 INFO src.train.config_setup: Full load summary: loaded=56, missing=0, unexpected=0
2026-05-21 17:05:57,968 INFO src.train.config_setup: Checkpoint hyperparameters loaded.
2026-05-21 17:05:57,968 INFO src.train.config_setup: Checkpoint train metrics available.
2026-05-21 17:05:57,968 INFO src.train.config_setup: Checkpoint val metrics available.
2026-05-21 17:05:57,968 INFO src.train.config_setup: Freeze skipped (checkpoint_restore): freeze_parts is empty.
2026-05-21 17:05:57,969 INFO src.train.config_setup: Using classification criterion: focal
2026-05-21 17:05:57,969 INFO src.train.config_setup: Criterion config: {'alpha': 0.5, 'gamma': 2.0}
2026-05-21 17:05:57,970 INFO src.train.config_setup: Not resuming optimizer/scheduler state; reset training state to start_epoch=0, best_val_loss=inf.
2026-05-21 17:05:57,970 INFO src.cli.common: Using threshold 0.46075454354286194 from checkpoint val_metrics for testing.
2026-05-21 17:06:02,665 INFO src.utils.metrics: ROC curve saved to /root/autodl-tmp/em_eqf/experiments/clf_pre_v1/clf_pre_SCEDC_minus_b_v1/runs/tf_20_mf_4p5_seed_6/roc_curve.png
2026-05-21 17:06:02,787 INFO src.utils.metrics: PR curve saved to /root/autodl-tmp/em_eqf/experiments/clf_pre_v1/clf_pre_SCEDC_minus_b_v1/runs/tf_20_mf_4p5_seed_6/pr_curve.png
2026-05-21 17:06:02,850 INFO src.utils.metrics: Confusion matrix saved to /root/autodl-tmp/em_eqf/experiments/clf_pre_v1/clf_pre_SCEDC_minus_b_v1/runs/tf_20_mf_4p5_seed_6/confusion_matrix.png
2026-05-21 17:06:02,850 INFO src.cli.workflows: Test loss: 0.06301378235220909
2026-05-21 17:06:03,848 INFO src.train.classifier_train_step: Prediction distribution plot has been saved to: /root/autodl-tmp/em_eqf/experiments/clf_pre_v1/clf_pre_SCEDC_minus_b_v1/runs/tf_20_mf_4p5_seed_6/train_pred_distribution.png
2026-05-21 17:06:04,315 INFO src.train.classifier_train_step: Prediction distribution plot has been saved to: /root/autodl-tmp/em_eqf/experiments/clf_pre_v1/clf_pre_SCEDC_minus_b_v1/runs/tf_20_mf_4p5_seed_6/val_pred_distribution.png
2026-05-21 17:06:04,697 INFO src.train.classifier_train_step: Prediction distribution plot has been saved to: /root/autodl-tmp/em_eqf/experiments/clf_pre_v1/clf_pre_SCEDC_minus_b_v1/runs/tf_20_mf_4p5_seed_6/test_pred_distribution.png
2026-05-21 17:06:04,698 INFO src.cli.common: Saved test metrics to /root/autodl-tmp/em_eqf/experiments/clf_pre_v1/clf_pre_SCEDC_minus_b_v1/runs/tf_20_mf_4p5_seed_6/metrics_test_best_1.json
2026-05-21 17:06:04,698 INFO src.cli.common: Metrics: {'precision': 0.5348837209302325, 'recall': 0.6571428571428571, 'f1': 0.5897435897435898, 'auc': 0.8194690265486725, 'pr_auc': 0.6833793073976538, 'fpr': 0.17699115044247787, 'tpr': 0.6571428571428571, 'R': 0.48015170670037927, 'conf': 1.0, 'threshold': 0.46075454354286194}
