2026-05-11 11:40:05,491 INFO src.data.preprocessing: CSV files found: ['chuandian_2021.csv']
2026-05-11 11:40:06,180 INFO src.utils.file_utils: Loading cached data from: data/ChuanDian/regressor/regressor_Mc_3_Mf_3_Tfore_180_Twindow_360_context_len_1_dt_10.pkl
2026-05-11 11:40:08,564 INFO src.data.preprocessing: Catalog statistics: {'tau_unfiltered': 0.15339908988298961, 'tau_q025': 0.08114294020924717, 'tau_q05': 0.5134664350189269, 'tau_mean': 1.3070542199341526, 'tau_max': 25.18216435192153, 'tau_min': 0.0, 'time_max': 18770.72654999979, 'time_mean': 10030.9430649837, 'mag_completeness': 3.0, 'mag_mean': 3.456916005014626, 'mag_max': 8.0, 'mag_min': 3.0, 'b_value': 0.856738547623331, 'b_std': 0.0071499224812533796, 'b_n': 14358}
2026-05-11 11:40:08,602 INFO src.data.event_loader: lengths of samples: min=96, max=1340, avg=265.71
2026-05-11 11:40:09,416 INFO src.models.adapters.mixer_task: using time scale base 1.3070542199341526 (key: tau_mean)
2026-05-11 11:40:09,416 INFO src.models.adapters.mixer_task: tau mean: tensor(1.3071)
2026-05-11 11:40:09,421 INFO src.train.config_setup: Restoring model from checkpoint.
2026-05-11 11:40:09,421 INFO src.train.config_setup: Loading model weights: load_specific_parts=None
2026-05-11 11:40:09,423 INFO src.train.config_setup: Checkpoint loaded: <All keys matched successfully>
2026-05-11 11:40:09,423 INFO src.train.config_setup: Full load summary: loaded=68, missing=0, unexpected=0
2026-05-11 11:40:09,424 INFO src.train.config_setup: Checkpoint hyperparameters loaded.
2026-05-11 11:40:09,424 INFO src.train.config_setup: Checkpoint train metrics available.
2026-05-11 11:40:09,424 INFO src.train.config_setup: Checkpoint val metrics available.
2026-05-11 11:40:09,424 INFO src.train.config_setup: Freeze skipped (checkpoint_restore): freeze_parts is empty.
2026-05-11 11:40:09,425 INFO src.train.config_setup: Using regression criterion: smooth_l1
2026-05-11 11:40:09,425 INFO src.train.config_setup: Criterion config: {'beta': 0.3}
2026-05-11 11:40:09,426 INFO src.train.config_setup: encoder_param_keywords: ['base_model.encoder.input_proj', 'base_model.encoder.layers.0', 'base_model.encoder.layers.1']
2026-05-11 11:40:09,426 INFO src.train.config_setup: encoder_lr grouping summary: lr=0.0004, matched=32
2026-05-11 11:40:09,426 INFO src.train.config_setup: Encoder LR coverage [base_model.encoder.input_proj]: target=4, hit=4, missing=0, complete=True
2026-05-11 11:40:09,426 INFO src.train.config_setup: Encoder LR coverage [base_model.encoder.layers.0]: target=14, hit=14, missing=0, complete=True
2026-05-11 11:40:09,426 INFO src.train.config_setup: Encoder LR coverage [base_model.encoder.layers.1]: target=14, hit=14, missing=0, complete=True
2026-05-11 11:40:09,426 INFO src.train.config_setup: encoder_lr matched preview: ['base_model.encoder.input_proj.0.weight', 'base_model.encoder.input_proj.0.bias', 'base_model.encoder.input_proj.3.weight', 'base_model.encoder.input_proj.3.bias', 'base_model.encoder.layers.0.norm.weight', 'base_model.encoder.layers.0.norm.bias', 'base_model.encoder.layers.0.mixer.dt_bias', 'base_model.encoder.layers.0.mixer.A_log', 'base_model.encoder.layers.0.mixer.D', 'base_model.encoder.layers.0.mixer.in_proj.weight'] ... (+22 more)
2026-05-11 11:40:09,427 INFO src.train.config_setup: Not resuming optimizer/scheduler state; reset training state to start_epoch=0, best_val_loss=inf.
2026-05-11 11:40:14,217 INFO src.cli.workflows: Test loss: 0.02850165870040655
2026-05-11 11:40:15,917 INFO src.cli.common: Saved test metrics to /root/autodl-tmp/em_eqf/experiments/reg_mixer_attnpl_t_optuna_profiles/run_20260511-001210/runs/base/optuna_trials/trial_0007_base/metrics_test_best_1.json
2026-05-11 11:40:15,917 INFO src.cli.common: Metrics: {'RMSE': 0.7984859226394666, 'MAE': 0.6982176816854321, 'MSE': 0.6375797686534003, 'MAPE': 15.158566574077897, 'R2': -0.9053011648019358, 'PearsonR': -0.026610110029422127, 'PearsonR_diff': 0.050902282376939834, 'DA': 0.054945054945054944, 'SpearmanR': 0.08198059175280105, 'SpearmanR_diff': 0.011424971477865023, 'DTW': 128.7186653316021, 'DTW_normalized': 0.7033806848721426}
2026-05-11 11:40:35,518 INFO src.data.preprocessing: CSV files found: ['chuandian_2021.csv']
2026-05-11 11:40:36,200 INFO src.utils.file_utils: Loading cached data from: data/ChuanDian/regressor/regressor_Mc_3_Mf_3_Tfore_180_Twindow_360_context_len_1_dt_10.pkl
2026-05-11 11:40:38,369 INFO src.data.preprocessing: Catalog statistics: {'tau_unfiltered': 0.15339908988298961, 'tau_q025': 0.08114294020924717, 'tau_q05': 0.5134664350189269, 'tau_mean': 1.3070542199341526, 'tau_max': 25.18216435192153, 'tau_min': 0.0, 'time_max': 18770.72654999979, 'time_mean': 10030.9430649837, 'mag_completeness': 3.0, 'mag_mean': 3.456916005014626, 'mag_max': 8.0, 'mag_min': 3.0, 'b_value': 0.856738547623331, 'b_std': 0.0071499224812533796, 'b_n': 14358}
2026-05-11 11:40:38,406 INFO src.data.event_loader: lengths of samples: min=96, max=1340, avg=265.71
2026-05-11 11:40:39,187 INFO src.models.adapters.mixer_task: using time scale base 1.3070542199341526 (key: tau_mean)
2026-05-11 11:40:39,187 INFO src.models.adapters.mixer_task: tau mean: tensor(1.3071)
2026-05-11 11:40:39,192 INFO src.train.config_setup: Restoring model from checkpoint.
2026-05-11 11:40:39,193 INFO src.train.config_setup: Loading model weights: load_specific_parts=None
2026-05-11 11:40:39,195 INFO src.train.config_setup: Checkpoint loaded: <All keys matched successfully>
2026-05-11 11:40:39,195 INFO src.train.config_setup: Full load summary: loaded=68, missing=0, unexpected=0
2026-05-11 11:40:39,196 INFO src.train.config_setup: Checkpoint hyperparameters loaded.
2026-05-11 11:40:39,196 INFO src.train.config_setup: Checkpoint train metrics available.
2026-05-11 11:40:39,196 INFO src.train.config_setup: Checkpoint val metrics available.
2026-05-11 11:40:39,196 INFO src.train.config_setup: Freeze skipped (checkpoint_restore): freeze_parts is empty.
2026-05-11 11:40:39,196 INFO src.train.config_setup: Using regression criterion: smooth_l1
2026-05-11 11:40:39,196 INFO src.train.config_setup: Criterion config: {'beta': 0.3}
2026-05-11 11:40:39,197 INFO src.train.config_setup: encoder_param_keywords: ['base_model.encoder.input_proj', 'base_model.encoder.layers.0', 'base_model.encoder.layers.1']
2026-05-11 11:40:39,197 INFO src.train.config_setup: encoder_lr grouping summary: lr=0.0004, matched=32
2026-05-11 11:40:39,197 INFO src.train.config_setup: Encoder LR coverage [base_model.encoder.input_proj]: target=4, hit=4, missing=0, complete=True
2026-05-11 11:40:39,197 INFO src.train.config_setup: Encoder LR coverage [base_model.encoder.layers.0]: target=14, hit=14, missing=0, complete=True
2026-05-11 11:40:39,197 INFO src.train.config_setup: Encoder LR coverage [base_model.encoder.layers.1]: target=14, hit=14, missing=0, complete=True
2026-05-11 11:40:39,197 INFO src.train.config_setup: encoder_lr matched preview: ['base_model.encoder.input_proj.0.weight', 'base_model.encoder.input_proj.0.bias', 'base_model.encoder.input_proj.3.weight', 'base_model.encoder.input_proj.3.bias', 'base_model.encoder.layers.0.norm.weight', 'base_model.encoder.layers.0.norm.bias', 'base_model.encoder.layers.0.mixer.dt_bias', 'base_model.encoder.layers.0.mixer.A_log', 'base_model.encoder.layers.0.mixer.D', 'base_model.encoder.layers.0.mixer.in_proj.weight'] ... (+22 more)
2026-05-11 11:40:39,198 INFO src.train.config_setup: Not resuming optimizer/scheduler state; reset training state to start_epoch=0, best_val_loss=inf.
2026-05-11 11:40:44,382 INFO src.cli.workflows: Test loss: 0.017686392180621624
2026-05-11 11:40:46,547 INFO src.cli.common: Saved test metrics to /root/autodl-tmp/em_eqf/experiments/reg_mixer_attnpl_t_optuna_profiles/run_20260511-001210/runs/base/optuna_trials/trial_0007_base/metrics_test_last_1.json
2026-05-11 11:40:46,547 INFO src.cli.common: Metrics: {'RMSE': 0.6239276813100061, 'MAE': 0.564683914673133, 'MSE': 0.38928575150488054, 'MAPE': 11.540657737893042, 'R2': -0.163315764158525, 'PearsonR': 0.1443553561573246, 'PearsonR_diff': 0.04394141430187982, 'DA': 0.04945054945054945, 'SpearmanR': 0.20051617018256102, 'SpearmanR_diff': 0.032139755829535044, 'DTW': 50.7404223382473, 'DTW_normalized': 0.2772700674221164}
