2026-05-14 12:28:45,462 INFO src.data.preprocessing: CSV files found: ['chuandian_2021.csv']
2026-05-14 12:28:46,551 INFO src.utils.file_utils: Loading cached data from: data/ChuanDian/classifier/classifier_Mc_3_Mf_4.5_Tfore_30_Twindow_180_context_len_1_dt_10.pkl
2026-05-14 12:28:47,071 INFO src.data.preprocessing: Catalog statistics: {'tau_unfiltered': 0.15339908988298961, 'tau_q025': 0.08114294020924717, 'tau_q05': 0.5134664350189269, 'tau_mean': 1.3070542199341526, 'tau_max': 25.18216435192153, 'tau_min': 0.0, 'time_max': 18770.72654999979, 'time_mean': 10030.9430649837, 'mag_completeness': 3.0, 'mag_mean': 3.456916005014626, 'mag_max': 8.0, 'mag_min': 3.0, 'b_value': 0.856738547623331, 'b_std': 0.0071499224812533796, 'b_n': 14358}
2026-05-14 12:28:47,101 INFO src.data.event_loader: lengths of samples: min=32, max=981, avg=135.26
2026-05-14 12:28:47,101 INFO src.data.event_loader: Number of positive samples: 836
2026-05-14 12:28:47,101 INFO src.data.event_loader: Number of negative samples: 594
2026-05-14 12:28:47,102 INFO src.data.event_loader: Positive samples: 706, Negative samples: 438
2026-05-14 12:28:47,103 INFO src.data.event_loader: Total samples: 1144, Positive ratio: 0.62, Negative ratio: 0.38
2026-05-14 12:28:47,103 INFO src.data.event_loader: Positive samples: 83, Negative samples: 60
2026-05-14 12:28:47,103 INFO src.data.event_loader: Total samples: 143, Positive ratio: 0.58, Negative ratio: 0.42
2026-05-14 12:28:47,104 INFO src.data.event_loader: Positive samples: 47, Negative samples: 96
2026-05-14 12:28:47,104 INFO src.data.event_loader: Total samples: 143, Positive ratio: 0.33, Negative ratio: 0.67
2026-05-14 12:28:47,329 INFO src.cli.workflows: No resume path provided. Training will start from scratch.
2026-05-14 12:28:48,012 INFO src.models.adapters.mixer_task: using time scale base 1.3070542199341526 (key: tau_mean)
2026-05-14 12:28:48,013 INFO src.models.adapters.mixer_task: tau mean: tensor(1.3071)
2026-05-14 12:28:48,027 INFO src.train.config_setup: No checkpoint restore requested; initializing model from scratch.
2026-05-14 12:28:48,027 INFO src.train.config_setup: Freeze skipped (fresh_init): freeze_parts is empty.
2026-05-14 12:28:48,027 INFO src.train.config_setup: Using classification criterion: focal
2026-05-14 12:28:48,027 INFO src.train.config_setup: Criterion config: {'alpha': 0.5, 'gamma': 2.0}
2026-05-14 12:28:48,028 INFO src.train.trainer: Epoch 1
2026-05-14 12:29:03,885 INFO src.train.trainer: New best validation loss: 0.0874, saved to /root/autodl-tmp/em_eqf/experiments/clf_grid_r_2_scratch/runs/tf_30_mf_4p5_seed_0/best_model_1.pth
2026-05-14 12:29:03,894 INFO src.train.trainer: Last model at epoch 1 saved to /root/autodl-tmp/em_eqf/experiments/clf_grid_r_2_scratch/runs/tf_30_mf_4p5_seed_0/last_model_1.pth
2026-05-14 12:29:03,894 INFO src.train.trainer: Epoch 2
2026-05-14 12:29:07,425 INFO src.train.trainer: New best validation loss: 0.0861, saved to /root/autodl-tmp/em_eqf/experiments/clf_grid_r_2_scratch/runs/tf_30_mf_4p5_seed_0/best_model_1.pth
2026-05-14 12:29:07,439 INFO src.train.trainer: Last model at epoch 2 saved to /root/autodl-tmp/em_eqf/experiments/clf_grid_r_2_scratch/runs/tf_30_mf_4p5_seed_0/last_model_1.pth
2026-05-14 12:29:07,439 INFO src.train.trainer: Epoch 3
2026-05-14 12:29:11,039 INFO src.train.trainer: Last model at epoch 3 saved to /root/autodl-tmp/em_eqf/experiments/clf_grid_r_2_scratch/runs/tf_30_mf_4p5_seed_0/last_model_1.pth
2026-05-14 12:29:11,039 INFO src.train.trainer: Epoch 4
2026-05-14 12:29:14,587 INFO src.train.trainer: New best validation loss: 0.0802, saved to /root/autodl-tmp/em_eqf/experiments/clf_grid_r_2_scratch/runs/tf_30_mf_4p5_seed_0/best_model_1.pth
2026-05-14 12:29:14,596 INFO src.train.trainer: Last model at epoch 4 saved to /root/autodl-tmp/em_eqf/experiments/clf_grid_r_2_scratch/runs/tf_30_mf_4p5_seed_0/last_model_1.pth
2026-05-14 12:29:14,596 INFO src.train.trainer: Epoch 5
2026-05-14 12:29:18,225 INFO src.train.trainer: New best validation loss: 0.0792, saved to /root/autodl-tmp/em_eqf/experiments/clf_grid_r_2_scratch/runs/tf_30_mf_4p5_seed_0/best_model_1.pth
2026-05-14 12:29:18,239 INFO src.train.trainer: Last model at epoch 5 saved to /root/autodl-tmp/em_eqf/experiments/clf_grid_r_2_scratch/runs/tf_30_mf_4p5_seed_0/last_model_1.pth
2026-05-14 12:29:18,239 INFO src.train.trainer: Epoch 6
2026-05-14 12:29:21,785 INFO src.train.trainer: New best validation loss: 0.0788, saved to /root/autodl-tmp/em_eqf/experiments/clf_grid_r_2_scratch/runs/tf_30_mf_4p5_seed_0/best_model_1.pth
2026-05-14 12:29:21,805 INFO src.train.trainer: Last model at epoch 6 saved to /root/autodl-tmp/em_eqf/experiments/clf_grid_r_2_scratch/runs/tf_30_mf_4p5_seed_0/last_model_1.pth
2026-05-14 12:29:21,806 INFO src.train.trainer: Epoch 7
2026-05-14 12:29:25,325 INFO src.train.trainer: Last model at epoch 7 saved to /root/autodl-tmp/em_eqf/experiments/clf_grid_r_2_scratch/runs/tf_30_mf_4p5_seed_0/last_model_1.pth
2026-05-14 12:29:25,325 INFO src.train.trainer: Epoch 8
2026-05-14 12:29:28,737 INFO src.train.trainer: Last model at epoch 8 saved to /root/autodl-tmp/em_eqf/experiments/clf_grid_r_2_scratch/runs/tf_30_mf_4p5_seed_0/last_model_1.pth
2026-05-14 12:29:28,737 INFO src.train.trainer: Epoch 9
2026-05-14 12:29:32,043 INFO src.train.trainer: New best validation loss: 0.0739, saved to /root/autodl-tmp/em_eqf/experiments/clf_grid_r_2_scratch/runs/tf_30_mf_4p5_seed_0/best_model_1.pth
2026-05-14 12:29:32,052 INFO src.train.trainer: Last model at epoch 9 saved to /root/autodl-tmp/em_eqf/experiments/clf_grid_r_2_scratch/runs/tf_30_mf_4p5_seed_0/last_model_1.pth
2026-05-14 12:29:32,053 INFO src.train.trainer: Epoch 10
2026-05-14 12:29:35,414 INFO src.train.trainer: Last model at epoch 10 saved to /root/autodl-tmp/em_eqf/experiments/clf_grid_r_2_scratch/runs/tf_30_mf_4p5_seed_0/last_model_1.pth
2026-05-14 12:29:35,414 INFO src.train.trainer: Epoch 11
2026-05-14 12:29:39,060 INFO src.train.trainer: Last model at epoch 11 saved to /root/autodl-tmp/em_eqf/experiments/clf_grid_r_2_scratch/runs/tf_30_mf_4p5_seed_0/last_model_1.pth
2026-05-14 12:29:39,060 INFO src.train.trainer: Epoch 12
2026-05-14 12:29:42,492 INFO src.train.trainer: Last model at epoch 12 saved to /root/autodl-tmp/em_eqf/experiments/clf_grid_r_2_scratch/runs/tf_30_mf_4p5_seed_0/last_model_1.pth
2026-05-14 12:29:42,493 INFO src.train.trainer: Epoch 13
2026-05-14 12:29:45,964 INFO src.train.trainer: New best validation loss: 0.0734, saved to /root/autodl-tmp/em_eqf/experiments/clf_grid_r_2_scratch/runs/tf_30_mf_4p5_seed_0/best_model_1.pth
2026-05-14 12:29:45,973 INFO src.train.trainer: Last model at epoch 13 saved to /root/autodl-tmp/em_eqf/experiments/clf_grid_r_2_scratch/runs/tf_30_mf_4p5_seed_0/last_model_1.pth
2026-05-14 12:29:45,973 INFO src.train.trainer: Epoch 14
2026-05-14 12:29:49,469 INFO src.train.trainer: Last model at epoch 14 saved to /root/autodl-tmp/em_eqf/experiments/clf_grid_r_2_scratch/runs/tf_30_mf_4p5_seed_0/last_model_1.pth
2026-05-14 12:29:49,470 INFO src.train.trainer: Epoch 15
2026-05-14 12:29:52,916 INFO src.train.trainer: New best validation loss: 0.0719, saved to /root/autodl-tmp/em_eqf/experiments/clf_grid_r_2_scratch/runs/tf_30_mf_4p5_seed_0/best_model_1.pth
2026-05-14 12:29:52,927 INFO src.train.trainer: Last model at epoch 15 saved to /root/autodl-tmp/em_eqf/experiments/clf_grid_r_2_scratch/runs/tf_30_mf_4p5_seed_0/last_model_1.pth
2026-05-14 12:29:52,927 INFO src.train.trainer: Epoch 16
2026-05-14 12:29:56,626 INFO src.train.trainer: Last model at epoch 16 saved to /root/autodl-tmp/em_eqf/experiments/clf_grid_r_2_scratch/runs/tf_30_mf_4p5_seed_0/last_model_1.pth
2026-05-14 12:29:56,626 INFO src.train.trainer: Epoch 17
2026-05-14 12:29:59,623 INFO src.train.trainer: New best validation loss: 0.0694, saved to /root/autodl-tmp/em_eqf/experiments/clf_grid_r_2_scratch/runs/tf_30_mf_4p5_seed_0/best_model_1.pth
2026-05-14 12:29:59,633 INFO src.train.trainer: Last model at epoch 17 saved to /root/autodl-tmp/em_eqf/experiments/clf_grid_r_2_scratch/runs/tf_30_mf_4p5_seed_0/last_model_1.pth
2026-05-14 12:29:59,633 INFO src.train.trainer: Epoch 18
2026-05-14 12:30:02,511 INFO src.train.trainer: New best validation loss: 0.0676, saved to /root/autodl-tmp/em_eqf/experiments/clf_grid_r_2_scratch/runs/tf_30_mf_4p5_seed_0/best_model_1.pth
2026-05-14 12:30:02,520 INFO src.train.trainer: Last model at epoch 18 saved to /root/autodl-tmp/em_eqf/experiments/clf_grid_r_2_scratch/runs/tf_30_mf_4p5_seed_0/last_model_1.pth
2026-05-14 12:30:02,520 INFO src.train.trainer: Epoch 19
2026-05-14 12:30:05,431 INFO src.train.trainer: Last model at epoch 19 saved to /root/autodl-tmp/em_eqf/experiments/clf_grid_r_2_scratch/runs/tf_30_mf_4p5_seed_0/last_model_1.pth
2026-05-14 12:30:05,431 INFO src.train.trainer: Epoch 20
2026-05-14 12:30:08,296 INFO src.train.trainer: Last model at epoch 20 saved to /root/autodl-tmp/em_eqf/experiments/clf_grid_r_2_scratch/runs/tf_30_mf_4p5_seed_0/last_model_1.pth
2026-05-14 12:30:08,297 INFO src.train.trainer: Epoch 21
2026-05-14 12:30:11,162 INFO src.train.trainer: Last model at epoch 21 saved to /root/autodl-tmp/em_eqf/experiments/clf_grid_r_2_scratch/runs/tf_30_mf_4p5_seed_0/last_model_1.pth
2026-05-14 12:30:11,162 INFO src.train.trainer: Epoch 22
2026-05-14 12:30:14,241 INFO src.train.trainer: Last model at epoch 22 saved to /root/autodl-tmp/em_eqf/experiments/clf_grid_r_2_scratch/runs/tf_30_mf_4p5_seed_0/last_model_1.pth
2026-05-14 12:30:14,242 INFO src.train.trainer: Epoch 23
2026-05-14 12:30:17,325 INFO src.train.trainer: Last model at epoch 23 saved to /root/autodl-tmp/em_eqf/experiments/clf_grid_r_2_scratch/runs/tf_30_mf_4p5_seed_0/last_model_1.pth
2026-05-14 12:30:17,326 INFO src.train.trainer: Epoch 24
2026-05-14 12:30:20,392 INFO src.train.trainer: Last model at epoch 24 saved to /root/autodl-tmp/em_eqf/experiments/clf_grid_r_2_scratch/runs/tf_30_mf_4p5_seed_0/last_model_1.pth
2026-05-14 12:30:20,393 INFO src.train.trainer: Epoch 25
2026-05-14 12:30:23,149 INFO src.train.trainer: Last model at epoch 25 saved to /root/autodl-tmp/em_eqf/experiments/clf_grid_r_2_scratch/runs/tf_30_mf_4p5_seed_0/last_model_1.pth
2026-05-14 12:30:23,149 INFO src.train.trainer: Epoch 26
2026-05-14 12:30:26,273 INFO src.train.trainer: Last model at epoch 26 saved to /root/autodl-tmp/em_eqf/experiments/clf_grid_r_2_scratch/runs/tf_30_mf_4p5_seed_0/last_model_1.pth
2026-05-14 12:30:26,274 INFO src.train.trainer: Epoch 27
2026-05-14 12:30:29,529 INFO src.train.trainer: Last model at epoch 27 saved to /root/autodl-tmp/em_eqf/experiments/clf_grid_r_2_scratch/runs/tf_30_mf_4p5_seed_0/last_model_1.pth
2026-05-14 12:30:29,529 INFO src.train.trainer: Epoch 28
2026-05-14 12:30:32,439 INFO src.train.trainer: Last model at epoch 28 saved to /root/autodl-tmp/em_eqf/experiments/clf_grid_r_2_scratch/runs/tf_30_mf_4p5_seed_0/last_model_1.pth
2026-05-14 12:30:32,440 INFO src.train.trainer: Early stopping triggered at epoch 28 (best epoch: 18, best val loss: 0.067552)
2026-05-14 12:30:43,602 INFO src.data.preprocessing: CSV files found: ['chuandian_2021.csv']
2026-05-14 12:30:44,598 INFO src.utils.file_utils: Loading cached data from: data/ChuanDian/classifier/classifier_Mc_3_Mf_4.5_Tfore_30_Twindow_180_context_len_1_dt_10.pkl
2026-05-14 12:30:44,997 INFO src.data.preprocessing: Catalog statistics: {'tau_unfiltered': 0.15339908988298961, 'tau_q025': 0.08114294020924717, 'tau_q05': 0.5134664350189269, 'tau_mean': 1.3070542199341526, 'tau_max': 25.18216435192153, 'tau_min': 0.0, 'time_max': 18770.72654999979, 'time_mean': 10030.9430649837, 'mag_completeness': 3.0, 'mag_mean': 3.456916005014626, 'mag_max': 8.0, 'mag_min': 3.0, 'b_value': 0.856738547623331, 'b_std': 0.0071499224812533796, 'b_n': 14358}
2026-05-14 12:30:45,018 INFO src.data.event_loader: lengths of samples: min=32, max=981, avg=135.26
2026-05-14 12:30:45,018 INFO src.data.event_loader: Number of positive samples: 836
2026-05-14 12:30:45,019 INFO src.data.event_loader: Number of negative samples: 594
2026-05-14 12:30:45,020 INFO src.data.event_loader: Positive samples: 706, Negative samples: 438
2026-05-14 12:30:45,020 INFO src.data.event_loader: Total samples: 1144, Positive ratio: 0.62, Negative ratio: 0.38
2026-05-14 12:30:45,020 INFO src.data.event_loader: Positive samples: 83, Negative samples: 60
2026-05-14 12:30:45,020 INFO src.data.event_loader: Total samples: 143, Positive ratio: 0.58, Negative ratio: 0.42
2026-05-14 12:30:45,021 INFO src.data.event_loader: Positive samples: 47, Negative samples: 96
2026-05-14 12:30:45,021 INFO src.data.event_loader: Total samples: 143, Positive ratio: 0.33, Negative ratio: 0.67
2026-05-14 12:30:45,590 INFO src.models.adapters.mixer_task: using time scale base 1.3070542199341526 (key: tau_mean)
2026-05-14 12:30:45,591 INFO src.models.adapters.mixer_task: tau mean: tensor(1.3071)
2026-05-14 12:30:45,640 INFO src.train.config_setup: Restoring model from checkpoint.
2026-05-14 12:30:45,640 INFO src.train.config_setup: Loading model weights: load_specific_parts=None
2026-05-14 12:30:45,642 INFO src.train.config_setup: Checkpoint loaded: <All keys matched successfully>
2026-05-14 12:30:45,642 INFO src.train.config_setup: Full load summary: loaded=56, missing=0, unexpected=0
2026-05-14 12:30:45,643 INFO src.train.config_setup: Checkpoint hyperparameters loaded.
2026-05-14 12:30:45,643 INFO src.train.config_setup: Checkpoint train metrics available.
2026-05-14 12:30:45,644 INFO src.train.config_setup: Checkpoint val metrics available.
2026-05-14 12:30:45,644 INFO src.train.config_setup: Freeze skipped (checkpoint_restore): freeze_parts is empty.
2026-05-14 12:30:45,644 INFO src.train.config_setup: Using classification criterion: focal
2026-05-14 12:30:45,644 INFO src.train.config_setup: Criterion config: {'alpha': 0.5, 'gamma': 2.0}
2026-05-14 12:30:45,645 INFO src.train.config_setup: Not resuming optimizer/scheduler state; reset training state to start_epoch=0, best_val_loss=inf.
2026-05-14 12:30:45,645 INFO src.cli.common: Using threshold 0.4777546525001526 from checkpoint val_metrics for testing.
2026-05-14 12:30:50,681 INFO src.utils.metrics: ROC curve saved to /root/autodl-tmp/em_eqf/experiments/clf_grid_r_2_scratch/runs/tf_30_mf_4p5_seed_0/roc_curve.png
2026-05-14 12:30:50,825 INFO src.utils.metrics: PR curve saved to /root/autodl-tmp/em_eqf/experiments/clf_grid_r_2_scratch/runs/tf_30_mf_4p5_seed_0/pr_curve.png
2026-05-14 12:30:50,901 INFO src.utils.metrics: Confusion matrix saved to /root/autodl-tmp/em_eqf/experiments/clf_grid_r_2_scratch/runs/tf_30_mf_4p5_seed_0/confusion_matrix.png
2026-05-14 12:30:50,901 INFO src.cli.workflows: Test loss: 0.07130399420857429
2026-05-14 12:30:52,819 INFO src.train.classifier_train_step: Prediction distribution plot has been saved to: /root/autodl-tmp/em_eqf/experiments/clf_grid_r_2_scratch/runs/tf_30_mf_4p5_seed_0/train_pred_distribution.png
2026-05-14 12:30:53,419 INFO src.train.classifier_train_step: Prediction distribution plot has been saved to: /root/autodl-tmp/em_eqf/experiments/clf_grid_r_2_scratch/runs/tf_30_mf_4p5_seed_0/val_pred_distribution.png
2026-05-14 12:30:53,915 INFO src.train.classifier_train_step: Prediction distribution plot has been saved to: /root/autodl-tmp/em_eqf/experiments/clf_grid_r_2_scratch/runs/tf_30_mf_4p5_seed_0/test_pred_distribution.png
2026-05-14 12:30:53,916 INFO src.cli.common: Saved test metrics to /root/autodl-tmp/em_eqf/experiments/clf_grid_r_2_scratch/runs/tf_30_mf_4p5_seed_0/metrics_test_best_1.json
2026-05-14 12:30:53,916 INFO src.cli.common: Metrics: {'precision': 0.34328358208955223, 'recall': 0.9787234042553191, 'f1': 0.5082872928176796, 'auc': 0.8133865248226951, 'pr_auc': 0.79144933752347, 'fpr': 0.9166666666666666, 'tpr': 0.9787234042553191, 'R': 0.06205673758865249, 'conf': 4.759632250777937e-60, 'threshold': 0.4777546525001526}
