2026-05-10 12:36:45,415 INFO src.data.preprocessing: CSV files found: ['chuandian_2021.csv']
2026-05-10 12:36:46,125 INFO src.utils.file_utils: Loading cached data from: data/ChuanDian/classifier/classifier_Mc_3_Mf_5.0_Tfore_60_Twindow_180_context_len_1_dt_10.pkl
2026-05-10 12:36:46,513 INFO src.data.preprocessing: Catalog statistics: {'tau_unfiltered': 0.15339908988298961, 'tau_q025': 0.08114294020924717, 'tau_q05': 0.5134664350189269, 'tau_mean': 1.3070542199341526, 'tau_max': 25.18216435192153, 'tau_min': 0.0, 'time_max': 18770.72654999979, 'time_mean': 10030.9430649837, 'mag_completeness': 3.0, 'mag_mean': 3.456916005014626, 'mag_max': 8.0, 'mag_min': 3.0, 'b_value': 0.856738547623331, 'b_std': 0.0071499224812533796, 'b_n': 14358}
2026-05-10 12:36:46,531 INFO src.data.event_loader: lengths of samples: min=32, max=981, avg=129.55
2026-05-10 12:36:46,531 INFO src.data.event_loader: Number of positive samples: 808
2026-05-10 12:36:46,531 INFO src.data.event_loader: Number of negative samples: 651
2026-05-10 12:36:46,552 INFO src.data.event_loader: Positive samples: 673, Negative samples: 494
2026-05-10 12:36:46,552 INFO src.data.event_loader: Total samples: 1167, Positive ratio: 0.58, Negative ratio: 0.42
2026-05-10 12:36:46,552 INFO src.data.event_loader: Positive samples: 87, Negative samples: 58
2026-05-10 12:36:46,552 INFO src.data.event_loader: Total samples: 145, Positive ratio: 0.60, Negative ratio: 0.40
2026-05-10 12:36:46,553 INFO src.data.event_loader: Positive samples: 48, Negative samples: 99
2026-05-10 12:36:46,553 INFO src.data.event_loader: Total samples: 147, Positive ratio: 0.33, Negative ratio: 0.67
2026-05-10 12:36:46,737 INFO src.cli.workflows: Loading checkpoint from: ./checkpoints/mixer_tpp_20260508-182744/last_model_1.pth
2026-05-10 12:36:47,463 INFO src.models.adapters.mixer_task: using time scale base 1.3070542199341526 (key: tau_mean)
2026-05-10 12:36:47,463 INFO src.models.adapters.mixer_task: tau mean: tensor(1.3071)
2026-05-10 12:36:47,509 INFO src.train.config_setup: Restoring model from checkpoint.
2026-05-10 12:36:47,509 INFO src.train.config_setup: Loading model weights: load_specific_parts=['encoder']
2026-05-10 12:36:47,510 INFO src.train.config_setup: Selective load summary: requested_parts=['encoder'], target_in_model=40, matched_in_checkpoint=30, loaded=30, missing_after_load=10, shape_mismatch=0, missing_in_model=0, out_of_scope_loaded=0
2026-05-10 12:36:47,510 INFO src.train.config_setup: Selective load coverage [encoder]: target=40, hit=30, missing=10, complete=False
2026-05-10 12:36:47,510 WARNING src.train.config_setup: Selective load coverage missing preview [encoder]: ['base_model.encoder.layers.2.mixer.in_proj.bias', 'base_model.encoder.layers.2.mixer.in_proj.weight', 'base_model.encoder.layers.2.mixer.out_proj.bias', 'base_model.encoder.layers.2.mixer.out_proj.weight', 'base_model.encoder.layers.2.mlp.fc1.weight', 'base_model.encoder.layers.2.mlp.fc2.weight', 'base_model.encoder.layers.2.norm.bias', 'base_model.encoder.layers.2.norm.weight'] ... (+2 more)
2026-05-10 12:36:47,510 WARNING src.train.config_setup: Checkpoint missing target parameter preview: ['base_model.encoder.layers.2.mixer.in_proj.bias', 'base_model.encoder.layers.2.mixer.in_proj.weight', 'base_model.encoder.layers.2.mixer.out_proj.bias', 'base_model.encoder.layers.2.mixer.out_proj.weight', 'base_model.encoder.layers.2.mlp.fc1.weight', 'base_model.encoder.layers.2.mlp.fc2.weight', 'base_model.encoder.layers.2.norm.bias', 'base_model.encoder.layers.2.norm.weight', 'base_model.encoder.layers.2.norm2.bias', 'base_model.encoder.layers.2.norm2.weight']
2026-05-10 12:36:47,510 WARNING src.train.config_setup: Target not-loaded parameter preview: ['base_model.encoder.layers.2.mixer.in_proj.bias', 'base_model.encoder.layers.2.mixer.in_proj.weight', 'base_model.encoder.layers.2.mixer.out_proj.bias', 'base_model.encoder.layers.2.mixer.out_proj.weight', 'base_model.encoder.layers.2.mlp.fc1.weight', 'base_model.encoder.layers.2.mlp.fc2.weight', 'base_model.encoder.layers.2.norm.bias', 'base_model.encoder.layers.2.norm.weight', 'base_model.encoder.layers.2.norm2.bias', 'base_model.encoder.layers.2.norm2.weight']
2026-05-10 12:36:47,511 INFO src.train.config_setup: Loaded parameter preview: ['base_model.encoder.input_proj.3.bias', 'base_model.encoder.layers.1.mixer.A_log', 'base_model.encoder.norm_f.weight', 'base_model.encoder.layers.0.norm2.bias', 'base_model.encoder.layers.1.norm.bias', 'base_model.encoder.layers.0.mlp.fc1.weight', 'base_model.encoder.layers.1.mixer.out_proj.weight', 'base_model.encoder.input_proj.0.weight', 'base_model.encoder.layers.1.mlp.fc2.weight', 'base_model.encoder.layers.0.norm.bias'] ... (+20 more)
2026-05-10 12:36:47,512 INFO src.train.config_setup: Checkpoint hyperparameters loaded.
2026-05-10 12:36:47,512 INFO src.train.config_setup: Checkpoint train metrics available.
2026-05-10 12:36:47,512 INFO src.train.config_setup: Checkpoint val metrics available.
2026-05-10 12:36:47,512 INFO src.train.config_setup: Freeze skipped (checkpoint_restore): freeze_parts is empty.
2026-05-10 12:36:47,512 INFO src.train.config_setup: Using classification criterion: bce
2026-05-10 12:36:47,512 INFO src.train.config_setup: Criterion config: {}
2026-05-10 12:36:47,513 INFO src.train.config_setup: Not resuming optimizer/scheduler state; reset training state to start_epoch=0, best_val_loss=inf.
2026-05-10 12:36:47,513 INFO src.train.trainer: Epoch 1
2026-05-10 12:37:00,374 INFO src.train.trainer: New best validation loss: 0.6896, saved to /root/autodl-tmp/em_eqf/experiments/clf_grid_1/runs/tf_60_mf_5p0_seed_1/best_model_1.pth
2026-05-10 12:37:00,380 INFO src.train.trainer: Last model at epoch 1 saved to /root/autodl-tmp/em_eqf/experiments/clf_grid_1/runs/tf_60_mf_5p0_seed_1/last_model_1.pth
2026-05-10 12:37:00,380 INFO src.train.trainer: Epoch 2
2026-05-10 12:37:02,414 INFO src.train.trainer: Last model at epoch 2 saved to /root/autodl-tmp/em_eqf/experiments/clf_grid_1/runs/tf_60_mf_5p0_seed_1/last_model_1.pth
2026-05-10 12:37:02,414 INFO src.train.trainer: Epoch 3
2026-05-10 12:37:04,796 INFO src.train.trainer: New best validation loss: 0.6850, saved to /root/autodl-tmp/em_eqf/experiments/clf_grid_1/runs/tf_60_mf_5p0_seed_1/best_model_1.pth
2026-05-10 12:37:04,806 INFO src.train.trainer: Last model at epoch 3 saved to /root/autodl-tmp/em_eqf/experiments/clf_grid_1/runs/tf_60_mf_5p0_seed_1/last_model_1.pth
2026-05-10 12:37:04,806 INFO src.train.trainer: Epoch 4
2026-05-10 12:37:07,150 INFO src.train.trainer: New best validation loss: 0.6846, saved to /root/autodl-tmp/em_eqf/experiments/clf_grid_1/runs/tf_60_mf_5p0_seed_1/best_model_1.pth
2026-05-10 12:37:07,159 INFO src.train.trainer: Last model at epoch 4 saved to /root/autodl-tmp/em_eqf/experiments/clf_grid_1/runs/tf_60_mf_5p0_seed_1/last_model_1.pth
2026-05-10 12:37:07,160 INFO src.train.trainer: Epoch 5
2026-05-10 12:37:09,762 INFO src.train.trainer: New best validation loss: 0.6453, saved to /root/autodl-tmp/em_eqf/experiments/clf_grid_1/runs/tf_60_mf_5p0_seed_1/best_model_1.pth
2026-05-10 12:37:09,770 INFO src.train.trainer: Last model at epoch 5 saved to /root/autodl-tmp/em_eqf/experiments/clf_grid_1/runs/tf_60_mf_5p0_seed_1/last_model_1.pth
2026-05-10 12:37:09,771 INFO src.train.trainer: Epoch 6
2026-05-10 12:37:12,077 INFO src.train.trainer: New best validation loss: 0.6095, saved to /root/autodl-tmp/em_eqf/experiments/clf_grid_1/runs/tf_60_mf_5p0_seed_1/best_model_1.pth
2026-05-10 12:37:12,085 INFO src.train.trainer: Last model at epoch 6 saved to /root/autodl-tmp/em_eqf/experiments/clf_grid_1/runs/tf_60_mf_5p0_seed_1/last_model_1.pth
2026-05-10 12:37:12,085 INFO src.train.trainer: Epoch 7
2026-05-10 12:37:14,165 INFO src.train.trainer: Last model at epoch 7 saved to /root/autodl-tmp/em_eqf/experiments/clf_grid_1/runs/tf_60_mf_5p0_seed_1/last_model_1.pth
2026-05-10 12:37:14,165 INFO src.train.trainer: Epoch 8
2026-05-10 12:37:15,967 INFO src.train.trainer: Last model at epoch 8 saved to /root/autodl-tmp/em_eqf/experiments/clf_grid_1/runs/tf_60_mf_5p0_seed_1/last_model_1.pth
2026-05-10 12:37:15,967 INFO src.train.trainer: Epoch 9
2026-05-10 12:37:17,726 INFO src.train.trainer: New best validation loss: 0.5982, saved to /root/autodl-tmp/em_eqf/experiments/clf_grid_1/runs/tf_60_mf_5p0_seed_1/best_model_1.pth
2026-05-10 12:37:17,733 INFO src.train.trainer: Last model at epoch 9 saved to /root/autodl-tmp/em_eqf/experiments/clf_grid_1/runs/tf_60_mf_5p0_seed_1/last_model_1.pth
2026-05-10 12:37:17,734 INFO src.train.trainer: Epoch 10
2026-05-10 12:37:19,544 INFO src.train.trainer: Last model at epoch 10 saved to /root/autodl-tmp/em_eqf/experiments/clf_grid_1/runs/tf_60_mf_5p0_seed_1/last_model_1.pth
2026-05-10 12:37:19,544 INFO src.train.trainer: Epoch 11
2026-05-10 12:37:21,289 INFO src.train.trainer: Last model at epoch 11 saved to /root/autodl-tmp/em_eqf/experiments/clf_grid_1/runs/tf_60_mf_5p0_seed_1/last_model_1.pth
2026-05-10 12:37:21,289 INFO src.train.trainer: Epoch 12
2026-05-10 12:37:22,970 INFO src.train.trainer: Last model at epoch 12 saved to /root/autodl-tmp/em_eqf/experiments/clf_grid_1/runs/tf_60_mf_5p0_seed_1/last_model_1.pth
2026-05-10 12:37:22,970 INFO src.train.trainer: Epoch 13
2026-05-10 12:37:24,616 INFO src.train.trainer: Last model at epoch 13 saved to /root/autodl-tmp/em_eqf/experiments/clf_grid_1/runs/tf_60_mf_5p0_seed_1/last_model_1.pth
2026-05-10 12:37:24,616 INFO src.train.trainer: Epoch 14
2026-05-10 12:37:26,549 INFO src.train.trainer: Last model at epoch 14 saved to /root/autodl-tmp/em_eqf/experiments/clf_grid_1/runs/tf_60_mf_5p0_seed_1/last_model_1.pth
2026-05-10 12:37:26,549 INFO src.train.trainer: Epoch 15
2026-05-10 12:37:28,766 INFO src.train.trainer: Last model at epoch 15 saved to /root/autodl-tmp/em_eqf/experiments/clf_grid_1/runs/tf_60_mf_5p0_seed_1/last_model_1.pth
2026-05-10 12:37:28,766 INFO src.train.trainer: Epoch 16
2026-05-10 12:37:30,838 INFO src.train.trainer: Last model at epoch 16 saved to /root/autodl-tmp/em_eqf/experiments/clf_grid_1/runs/tf_60_mf_5p0_seed_1/last_model_1.pth
2026-05-10 12:37:30,838 INFO src.train.trainer: Epoch 17
2026-05-10 12:37:32,903 INFO src.train.trainer: Last model at epoch 17 saved to /root/autodl-tmp/em_eqf/experiments/clf_grid_1/runs/tf_60_mf_5p0_seed_1/last_model_1.pth
2026-05-10 12:37:32,903 INFO src.train.trainer: Epoch 18
2026-05-10 12:37:34,940 INFO src.train.trainer: Last model at epoch 18 saved to /root/autodl-tmp/em_eqf/experiments/clf_grid_1/runs/tf_60_mf_5p0_seed_1/last_model_1.pth
2026-05-10 12:37:34,940 INFO src.train.trainer: Epoch 19
2026-05-10 12:37:36,756 INFO src.train.trainer: Last model at epoch 19 saved to /root/autodl-tmp/em_eqf/experiments/clf_grid_1/runs/tf_60_mf_5p0_seed_1/last_model_1.pth
2026-05-10 12:37:36,756 INFO src.train.trainer: Early stopping triggered at epoch 19 (best epoch: 9, best val loss: 0.598175)
2026-05-10 12:37:46,467 INFO src.data.preprocessing: CSV files found: ['chuandian_2021.csv']
2026-05-10 12:37:47,332 INFO src.utils.file_utils: Loading cached data from: data/ChuanDian/classifier/classifier_Mc_3_Mf_5.0_Tfore_60_Twindow_180_context_len_1_dt_10.pkl
2026-05-10 12:37:47,714 INFO src.data.preprocessing: Catalog statistics: {'tau_unfiltered': 0.15339908988298961, 'tau_q025': 0.08114294020924717, 'tau_q05': 0.5134664350189269, 'tau_mean': 1.3070542199341526, 'tau_max': 25.18216435192153, 'tau_min': 0.0, 'time_max': 18770.72654999979, 'time_mean': 10030.9430649837, 'mag_completeness': 3.0, 'mag_mean': 3.456916005014626, 'mag_max': 8.0, 'mag_min': 3.0, 'b_value': 0.856738547623331, 'b_std': 0.0071499224812533796, 'b_n': 14358}
2026-05-10 12:37:47,743 INFO src.data.event_loader: lengths of samples: min=32, max=981, avg=129.55
2026-05-10 12:37:47,743 INFO src.data.event_loader: Number of positive samples: 808
2026-05-10 12:37:47,744 INFO src.data.event_loader: Number of negative samples: 651
2026-05-10 12:37:47,745 INFO src.data.event_loader: Positive samples: 673, Negative samples: 494
2026-05-10 12:37:47,745 INFO src.data.event_loader: Total samples: 1167, Positive ratio: 0.58, Negative ratio: 0.42
2026-05-10 12:37:47,745 INFO src.data.event_loader: Positive samples: 87, Negative samples: 58
2026-05-10 12:37:47,745 INFO src.data.event_loader: Total samples: 145, Positive ratio: 0.60, Negative ratio: 0.40
2026-05-10 12:37:47,745 INFO src.data.event_loader: Positive samples: 48, Negative samples: 99
2026-05-10 12:37:47,745 INFO src.data.event_loader: Total samples: 147, Positive ratio: 0.33, Negative ratio: 0.67
2026-05-10 12:37:48,224 INFO src.models.adapters.mixer_task: using time scale base 1.3070542199341526 (key: tau_mean)
2026-05-10 12:37:48,224 INFO src.models.adapters.mixer_task: tau mean: tensor(1.3071)
2026-05-10 12:37:48,244 INFO src.train.config_setup: Restoring model from checkpoint.
2026-05-10 12:37:48,245 INFO src.train.config_setup: Loading model weights: load_specific_parts=None
2026-05-10 12:37:48,246 INFO src.train.config_setup: Checkpoint loaded: <All keys matched successfully>
2026-05-10 12:37:48,246 INFO src.train.config_setup: Full load summary: loaded=56, missing=0, unexpected=0
2026-05-10 12:37:48,247 INFO src.train.config_setup: Checkpoint hyperparameters loaded.
2026-05-10 12:37:48,247 INFO src.train.config_setup: Checkpoint train metrics available.
2026-05-10 12:37:48,247 INFO src.train.config_setup: Checkpoint val metrics available.
2026-05-10 12:37:48,247 INFO src.train.config_setup: Freeze skipped (checkpoint_restore): freeze_parts is empty.
2026-05-10 12:37:48,247 INFO src.train.config_setup: Using classification criterion: bce
2026-05-10 12:37:48,247 INFO src.train.config_setup: Criterion config: {}
2026-05-10 12:37:48,248 INFO src.train.config_setup: Not resuming optimizer/scheduler state; reset training state to start_epoch=0, best_val_loss=inf.
2026-05-10 12:37:48,248 INFO src.cli.common: Using threshold 0.4363195300102234 from checkpoint val_metrics for testing.
2026-05-10 12:37:52,960 INFO src.utils.metrics: ROC curve saved to /root/autodl-tmp/em_eqf/experiments/clf_grid_1/runs/tf_60_mf_5p0_seed_1/roc_curve.png
2026-05-10 12:37:53,076 INFO src.utils.metrics: PR curve saved to /root/autodl-tmp/em_eqf/experiments/clf_grid_1/runs/tf_60_mf_5p0_seed_1/pr_curve.png
2026-05-10 12:37:53,138 INFO src.utils.metrics: Confusion matrix saved to /root/autodl-tmp/em_eqf/experiments/clf_grid_1/runs/tf_60_mf_5p0_seed_1/confusion_matrix.png
2026-05-10 12:37:53,139 INFO src.cli.workflows: Test loss: 0.5296428799629211
2026-05-10 12:37:53,795 INFO src.train.classifier_train_step: Prediction distribution plot has been saved to: /root/autodl-tmp/em_eqf/experiments/clf_grid_1/runs/tf_60_mf_5p0_seed_1/train_pred_distribution.png
2026-05-10 12:37:54,154 INFO src.train.classifier_train_step: Prediction distribution plot has been saved to: /root/autodl-tmp/em_eqf/experiments/clf_grid_1/runs/tf_60_mf_5p0_seed_1/val_pred_distribution.png
2026-05-10 12:37:54,477 INFO src.train.classifier_train_step: Prediction distribution plot has been saved to: /root/autodl-tmp/em_eqf/experiments/clf_grid_1/runs/tf_60_mf_5p0_seed_1/test_pred_distribution.png
2026-05-10 12:37:54,477 INFO src.cli.common: Saved test metrics to /root/autodl-tmp/em_eqf/experiments/clf_grid_1/runs/tf_60_mf_5p0_seed_1/metrics_test_best_1.json
2026-05-10 12:37:54,477 INFO src.cli.common: Metrics: {'precision': 0.4430379746835443, 'recall': 0.7291666666666666, 'f1': 0.5511811023622047, 'auc': 0.7211700336700336, 'pr_auc': 0.6885687732850692, 'fpr': 0.4444444444444444, 'tpr': 0.7291666666666666, 'R': 0.2847222222222222, 'conf': 0.9999682453214007, 'threshold': 0.4363195300102234}
