2026-05-21 17:19:03,000 INFO src.data.preprocessing: CSV files found: ['chuandian_2021.csv']
2026-05-21 17:19:03,604 INFO src.utils.file_utils: Loading cached data from: data/ChuanDian/classifier/classifier_Mc_3_Mf_4.5_Tfore_30_Twindow_180_context_len_1_dt_10.pkl
2026-05-21 17:19:03,919 INFO src.data.preprocessing: Catalog statistics: {'tau_unfiltered': 0.15339908988298961, 'tau_q025': 0.08114294020924717, 'tau_q05': 0.5134664350189269, 'tau_mean': 1.3070542199341526, 'tau_max': 25.18216435192153, 'tau_min': 0.0, 'time_max': 18770.72654999979, 'time_mean': 10030.9430649837, 'mag_completeness': 3.0, 'mag_mean': 3.456916005014626, 'mag_max': 8.0, 'mag_min': 3.0, 'b_value': 0.856738547623331, 'b_std': 0.0071499224812533796, 'b_n': 14358}
2026-05-21 17:19:03,939 INFO src.data.event_loader: lengths of samples: min=32, max=981, avg=135.26
2026-05-21 17:19:03,940 INFO src.data.event_loader: Number of positive samples: 836
2026-05-21 17:19:03,940 INFO src.data.event_loader: Number of negative samples: 594
2026-05-21 17:19:03,941 INFO src.data.event_loader: Positive samples: 706, Negative samples: 438
2026-05-21 17:19:03,941 INFO src.data.event_loader: Total samples: 1144, Positive ratio: 0.62, Negative ratio: 0.38
2026-05-21 17:19:03,942 INFO src.data.event_loader: Positive samples: 83, Negative samples: 60
2026-05-21 17:19:03,942 INFO src.data.event_loader: Total samples: 143, Positive ratio: 0.58, Negative ratio: 0.42
2026-05-21 17:19:03,942 INFO src.data.event_loader: Positive samples: 47, Negative samples: 96
2026-05-21 17:19:03,942 INFO src.data.event_loader: Total samples: 143, Positive ratio: 0.33, Negative ratio: 0.67
2026-05-21 17:19:03,999 INFO src.cli.workflows: No resume path provided. Training will start from scratch.
2026-05-21 17:19:04,779 INFO src.models.adapters.mixer_task: using time scale base 1.3070542199341526 (key: tau_mean)
2026-05-21 17:19:04,779 INFO src.models.adapters.mixer_task: tau mean: tensor(1.3071)
2026-05-21 17:19:04,855 INFO src.train.config_setup: No checkpoint restore requested; initializing model from scratch.
2026-05-21 17:19:04,855 INFO src.train.config_setup: Freeze skipped (fresh_init): freeze_parts is empty.
2026-05-21 17:19:04,856 INFO src.train.config_setup: Using classification criterion: focal
2026-05-21 17:19:04,856 INFO src.train.config_setup: Criterion config: {'alpha': 0.5, 'gamma': 2.0}
2026-05-21 17:19:04,857 INFO src.train.trainer: Epoch 1
2026-05-21 17:19:21,070 INFO src.train.trainer: New best validation loss: 0.0910, saved to /root/autodl-tmp/em_eqf/experiments/clf_pre_v1/clf_pre_scratch_v1/runs/tf_30_mf_4p5_seed_1/best_model_1.pth
2026-05-21 17:19:21,075 INFO src.train.trainer: Last model at epoch 1 saved to /root/autodl-tmp/em_eqf/experiments/clf_pre_v1/clf_pre_scratch_v1/runs/tf_30_mf_4p5_seed_1/last_model_1.pth
2026-05-21 17:19:21,076 INFO src.train.trainer: Epoch 2
2026-05-21 17:19:25,325 INFO src.train.trainer: New best validation loss: 0.0898, saved to /root/autodl-tmp/em_eqf/experiments/clf_pre_v1/clf_pre_scratch_v1/runs/tf_30_mf_4p5_seed_1/best_model_1.pth
2026-05-21 17:19:25,333 INFO src.train.trainer: Last model at epoch 2 saved to /root/autodl-tmp/em_eqf/experiments/clf_pre_v1/clf_pre_scratch_v1/runs/tf_30_mf_4p5_seed_1/last_model_1.pth
2026-05-21 17:19:25,334 INFO src.train.trainer: Epoch 3
2026-05-21 17:19:29,379 INFO src.train.trainer: New best validation loss: 0.0878, saved to /root/autodl-tmp/em_eqf/experiments/clf_pre_v1/clf_pre_scratch_v1/runs/tf_30_mf_4p5_seed_1/best_model_1.pth
2026-05-21 17:19:29,387 INFO src.train.trainer: Last model at epoch 3 saved to /root/autodl-tmp/em_eqf/experiments/clf_pre_v1/clf_pre_scratch_v1/runs/tf_30_mf_4p5_seed_1/last_model_1.pth
2026-05-21 17:19:29,387 INFO src.train.trainer: Epoch 4
2026-05-21 17:19:32,856 INFO src.train.trainer: New best validation loss: 0.0866, saved to /root/autodl-tmp/em_eqf/experiments/clf_pre_v1/clf_pre_scratch_v1/runs/tf_30_mf_4p5_seed_1/best_model_1.pth
2026-05-21 17:19:32,862 INFO src.train.trainer: Last model at epoch 4 saved to /root/autodl-tmp/em_eqf/experiments/clf_pre_v1/clf_pre_scratch_v1/runs/tf_30_mf_4p5_seed_1/last_model_1.pth
2026-05-21 17:19:32,862 INFO src.train.trainer: Epoch 5
2026-05-21 17:19:36,544 INFO src.train.trainer: New best validation loss: 0.0832, saved to /root/autodl-tmp/em_eqf/experiments/clf_pre_v1/clf_pre_scratch_v1/runs/tf_30_mf_4p5_seed_1/best_model_1.pth
2026-05-21 17:19:36,550 INFO src.train.trainer: Last model at epoch 5 saved to /root/autodl-tmp/em_eqf/experiments/clf_pre_v1/clf_pre_scratch_v1/runs/tf_30_mf_4p5_seed_1/last_model_1.pth
2026-05-21 17:19:36,550 INFO src.train.trainer: Epoch 6
2026-05-21 17:19:40,517 INFO src.train.trainer: New best validation loss: 0.0811, saved to /root/autodl-tmp/em_eqf/experiments/clf_pre_v1/clf_pre_scratch_v1/runs/tf_30_mf_4p5_seed_1/best_model_1.pth
2026-05-21 17:19:40,526 INFO src.train.trainer: Last model at epoch 6 saved to /root/autodl-tmp/em_eqf/experiments/clf_pre_v1/clf_pre_scratch_v1/runs/tf_30_mf_4p5_seed_1/last_model_1.pth
2026-05-21 17:19:40,526 INFO src.train.trainer: Epoch 7
2026-05-21 17:19:44,413 INFO src.train.trainer: Last model at epoch 7 saved to /root/autodl-tmp/em_eqf/experiments/clf_pre_v1/clf_pre_scratch_v1/runs/tf_30_mf_4p5_seed_1/last_model_1.pth
2026-05-21 17:19:44,413 INFO src.train.trainer: Epoch 8
2026-05-21 17:19:48,151 INFO src.train.trainer: Last model at epoch 8 saved to /root/autodl-tmp/em_eqf/experiments/clf_pre_v1/clf_pre_scratch_v1/runs/tf_30_mf_4p5_seed_1/last_model_1.pth
2026-05-21 17:19:48,151 INFO src.train.trainer: Epoch 9
2026-05-21 17:19:51,826 INFO src.train.trainer: Last model at epoch 9 saved to /root/autodl-tmp/em_eqf/experiments/clf_pre_v1/clf_pre_scratch_v1/runs/tf_30_mf_4p5_seed_1/last_model_1.pth
2026-05-21 17:19:51,826 INFO src.train.trainer: Epoch 10
2026-05-21 17:19:55,510 INFO src.train.trainer: Last model at epoch 10 saved to /root/autodl-tmp/em_eqf/experiments/clf_pre_v1/clf_pre_scratch_v1/runs/tf_30_mf_4p5_seed_1/last_model_1.pth
2026-05-21 17:19:55,510 INFO src.train.trainer: Epoch 11
2026-05-21 17:19:59,027 INFO src.train.trainer: New best validation loss: 0.0806, saved to /root/autodl-tmp/em_eqf/experiments/clf_pre_v1/clf_pre_scratch_v1/runs/tf_30_mf_4p5_seed_1/best_model_1.pth
2026-05-21 17:19:59,034 INFO src.train.trainer: Last model at epoch 11 saved to /root/autodl-tmp/em_eqf/experiments/clf_pre_v1/clf_pre_scratch_v1/runs/tf_30_mf_4p5_seed_1/last_model_1.pth
2026-05-21 17:19:59,034 INFO src.train.trainer: Epoch 12
2026-05-21 17:20:02,487 INFO src.train.trainer: Last model at epoch 12 saved to /root/autodl-tmp/em_eqf/experiments/clf_pre_v1/clf_pre_scratch_v1/runs/tf_30_mf_4p5_seed_1/last_model_1.pth
2026-05-21 17:20:02,488 INFO src.train.trainer: Epoch 13
2026-05-21 17:20:05,923 INFO src.train.trainer: New best validation loss: 0.0715, saved to /root/autodl-tmp/em_eqf/experiments/clf_pre_v1/clf_pre_scratch_v1/runs/tf_30_mf_4p5_seed_1/best_model_1.pth
2026-05-21 17:20:05,929 INFO src.train.trainer: Last model at epoch 13 saved to /root/autodl-tmp/em_eqf/experiments/clf_pre_v1/clf_pre_scratch_v1/runs/tf_30_mf_4p5_seed_1/last_model_1.pth
2026-05-21 17:20:05,929 INFO src.train.trainer: Epoch 14
2026-05-21 17:20:09,285 INFO src.train.trainer: Last model at epoch 14 saved to /root/autodl-tmp/em_eqf/experiments/clf_pre_v1/clf_pre_scratch_v1/runs/tf_30_mf_4p5_seed_1/last_model_1.pth
2026-05-21 17:20:09,285 INFO src.train.trainer: Epoch 15
2026-05-21 17:20:12,709 INFO src.train.trainer: Last model at epoch 15 saved to /root/autodl-tmp/em_eqf/experiments/clf_pre_v1/clf_pre_scratch_v1/runs/tf_30_mf_4p5_seed_1/last_model_1.pth
2026-05-21 17:20:12,709 INFO src.train.trainer: Epoch 16
2026-05-21 17:20:16,160 INFO src.train.trainer: Last model at epoch 16 saved to /root/autodl-tmp/em_eqf/experiments/clf_pre_v1/clf_pre_scratch_v1/runs/tf_30_mf_4p5_seed_1/last_model_1.pth
2026-05-21 17:20:16,160 INFO src.train.trainer: Epoch 17
2026-05-21 17:20:19,683 INFO src.train.trainer: Last model at epoch 17 saved to /root/autodl-tmp/em_eqf/experiments/clf_pre_v1/clf_pre_scratch_v1/runs/tf_30_mf_4p5_seed_1/last_model_1.pth
2026-05-21 17:20:19,683 INFO src.train.trainer: Epoch 18
2026-05-21 17:20:23,027 INFO src.train.trainer: Last model at epoch 18 saved to /root/autodl-tmp/em_eqf/experiments/clf_pre_v1/clf_pre_scratch_v1/runs/tf_30_mf_4p5_seed_1/last_model_1.pth
2026-05-21 17:20:23,027 INFO src.train.trainer: Epoch 19
2026-05-21 17:20:26,324 INFO src.train.trainer: New best validation loss: 0.0703, saved to /root/autodl-tmp/em_eqf/experiments/clf_pre_v1/clf_pre_scratch_v1/runs/tf_30_mf_4p5_seed_1/best_model_1.pth
2026-05-21 17:20:26,331 INFO src.train.trainer: Last model at epoch 19 saved to /root/autodl-tmp/em_eqf/experiments/clf_pre_v1/clf_pre_scratch_v1/runs/tf_30_mf_4p5_seed_1/last_model_1.pth
2026-05-21 17:20:26,331 INFO src.train.trainer: Epoch 20
2026-05-21 17:20:29,521 INFO src.train.trainer: Last model at epoch 20 saved to /root/autodl-tmp/em_eqf/experiments/clf_pre_v1/clf_pre_scratch_v1/runs/tf_30_mf_4p5_seed_1/last_model_1.pth
2026-05-21 17:20:29,521 INFO src.train.trainer: Epoch 21
2026-05-21 17:20:32,845 INFO src.train.trainer: Last model at epoch 21 saved to /root/autodl-tmp/em_eqf/experiments/clf_pre_v1/clf_pre_scratch_v1/runs/tf_30_mf_4p5_seed_1/last_model_1.pth
2026-05-21 17:20:32,846 INFO src.train.trainer: Epoch 22
2026-05-21 17:20:36,568 INFO src.train.trainer: Last model at epoch 22 saved to /root/autodl-tmp/em_eqf/experiments/clf_pre_v1/clf_pre_scratch_v1/runs/tf_30_mf_4p5_seed_1/last_model_1.pth
2026-05-21 17:20:36,568 INFO src.train.trainer: Epoch 23
2026-05-21 17:20:40,274 INFO src.train.trainer: Last model at epoch 23 saved to /root/autodl-tmp/em_eqf/experiments/clf_pre_v1/clf_pre_scratch_v1/runs/tf_30_mf_4p5_seed_1/last_model_1.pth
2026-05-21 17:20:40,275 INFO src.train.trainer: Epoch 24
2026-05-21 17:20:43,496 INFO src.train.trainer: Last model at epoch 24 saved to /root/autodl-tmp/em_eqf/experiments/clf_pre_v1/clf_pre_scratch_v1/runs/tf_30_mf_4p5_seed_1/last_model_1.pth
2026-05-21 17:20:43,497 INFO src.train.trainer: Epoch 25
2026-05-21 17:20:46,739 INFO src.train.trainer: Last model at epoch 25 saved to /root/autodl-tmp/em_eqf/experiments/clf_pre_v1/clf_pre_scratch_v1/runs/tf_30_mf_4p5_seed_1/last_model_1.pth
2026-05-21 17:20:46,739 INFO src.train.trainer: Epoch 26
2026-05-21 17:20:49,880 INFO src.train.trainer: Last model at epoch 26 saved to /root/autodl-tmp/em_eqf/experiments/clf_pre_v1/clf_pre_scratch_v1/runs/tf_30_mf_4p5_seed_1/last_model_1.pth
2026-05-21 17:20:49,880 INFO src.train.trainer: Epoch 27
2026-05-21 17:20:53,233 INFO src.train.trainer: Last model at epoch 27 saved to /root/autodl-tmp/em_eqf/experiments/clf_pre_v1/clf_pre_scratch_v1/runs/tf_30_mf_4p5_seed_1/last_model_1.pth
2026-05-21 17:20:53,233 INFO src.train.trainer: Epoch 28
2026-05-21 17:20:56,711 INFO src.train.trainer: Last model at epoch 28 saved to /root/autodl-tmp/em_eqf/experiments/clf_pre_v1/clf_pre_scratch_v1/runs/tf_30_mf_4p5_seed_1/last_model_1.pth
2026-05-21 17:20:56,711 INFO src.train.trainer: Epoch 29
2026-05-21 17:21:00,186 INFO src.train.trainer: New best validation loss: 0.0701, saved to /root/autodl-tmp/em_eqf/experiments/clf_pre_v1/clf_pre_scratch_v1/runs/tf_30_mf_4p5_seed_1/best_model_1.pth
2026-05-21 17:21:00,194 INFO src.train.trainer: Last model at epoch 29 saved to /root/autodl-tmp/em_eqf/experiments/clf_pre_v1/clf_pre_scratch_v1/runs/tf_30_mf_4p5_seed_1/last_model_1.pth
2026-05-21 17:21:00,194 INFO src.train.trainer: Epoch 30
2026-05-21 17:21:03,754 INFO src.train.trainer: Last model at epoch 30 saved to /root/autodl-tmp/em_eqf/experiments/clf_pre_v1/clf_pre_scratch_v1/runs/tf_30_mf_4p5_seed_1/last_model_1.pth
2026-05-21 17:21:03,754 INFO src.train.trainer: Epoch 31
2026-05-21 17:21:07,315 INFO src.train.trainer: Last model at epoch 31 saved to /root/autodl-tmp/em_eqf/experiments/clf_pre_v1/clf_pre_scratch_v1/runs/tf_30_mf_4p5_seed_1/last_model_1.pth
2026-05-21 17:21:07,316 INFO src.train.trainer: Epoch 32
2026-05-21 17:21:10,759 INFO src.train.trainer: Last model at epoch 32 saved to /root/autodl-tmp/em_eqf/experiments/clf_pre_v1/clf_pre_scratch_v1/runs/tf_30_mf_4p5_seed_1/last_model_1.pth
2026-05-21 17:21:10,760 INFO src.train.trainer: Epoch 33
2026-05-21 17:21:13,901 INFO src.train.trainer: Last model at epoch 33 saved to /root/autodl-tmp/em_eqf/experiments/clf_pre_v1/clf_pre_scratch_v1/runs/tf_30_mf_4p5_seed_1/last_model_1.pth
2026-05-21 17:21:13,901 INFO src.train.trainer: Epoch 34
2026-05-21 17:21:17,227 INFO src.train.trainer: Last model at epoch 34 saved to /root/autodl-tmp/em_eqf/experiments/clf_pre_v1/clf_pre_scratch_v1/runs/tf_30_mf_4p5_seed_1/last_model_1.pth
2026-05-21 17:21:17,227 INFO src.train.trainer: Epoch 35
2026-05-21 17:21:20,958 INFO src.train.trainer: Last model at epoch 35 saved to /root/autodl-tmp/em_eqf/experiments/clf_pre_v1/clf_pre_scratch_v1/runs/tf_30_mf_4p5_seed_1/last_model_1.pth
2026-05-21 17:21:20,958 INFO src.train.trainer: Epoch 36
2026-05-21 17:21:24,484 INFO src.train.trainer: Last model at epoch 36 saved to /root/autodl-tmp/em_eqf/experiments/clf_pre_v1/clf_pre_scratch_v1/runs/tf_30_mf_4p5_seed_1/last_model_1.pth
2026-05-21 17:21:24,484 INFO src.train.trainer: Epoch 37
2026-05-21 17:21:27,912 INFO src.train.trainer: New best validation loss: 0.0698, saved to /root/autodl-tmp/em_eqf/experiments/clf_pre_v1/clf_pre_scratch_v1/runs/tf_30_mf_4p5_seed_1/best_model_1.pth
2026-05-21 17:21:27,921 INFO src.train.trainer: Last model at epoch 37 saved to /root/autodl-tmp/em_eqf/experiments/clf_pre_v1/clf_pre_scratch_v1/runs/tf_30_mf_4p5_seed_1/last_model_1.pth
2026-05-21 17:21:27,921 INFO src.train.trainer: Epoch 38
2026-05-21 17:21:31,083 INFO src.train.trainer: Last model at epoch 38 saved to /root/autodl-tmp/em_eqf/experiments/clf_pre_v1/clf_pre_scratch_v1/runs/tf_30_mf_4p5_seed_1/last_model_1.pth
2026-05-21 17:21:31,083 INFO src.train.trainer: Epoch 39
2026-05-21 17:21:34,031 INFO src.train.trainer: New best validation loss: 0.0696, saved to /root/autodl-tmp/em_eqf/experiments/clf_pre_v1/clf_pre_scratch_v1/runs/tf_30_mf_4p5_seed_1/best_model_1.pth
2026-05-21 17:21:34,039 INFO src.train.trainer: Last model at epoch 39 saved to /root/autodl-tmp/em_eqf/experiments/clf_pre_v1/clf_pre_scratch_v1/runs/tf_30_mf_4p5_seed_1/last_model_1.pth
2026-05-21 17:21:34,039 INFO src.train.trainer: Epoch 40
2026-05-21 17:21:37,151 INFO src.train.trainer: Last model at epoch 40 saved to /root/autodl-tmp/em_eqf/experiments/clf_pre_v1/clf_pre_scratch_v1/runs/tf_30_mf_4p5_seed_1/last_model_1.pth
2026-05-21 17:21:37,151 INFO src.train.trainer: Epoch 41
2026-05-21 17:21:40,775 INFO src.train.trainer: New best validation loss: 0.0675, saved to /root/autodl-tmp/em_eqf/experiments/clf_pre_v1/clf_pre_scratch_v1/runs/tf_30_mf_4p5_seed_1/best_model_1.pth
2026-05-21 17:21:40,782 INFO src.train.trainer: Last model at epoch 41 saved to /root/autodl-tmp/em_eqf/experiments/clf_pre_v1/clf_pre_scratch_v1/runs/tf_30_mf_4p5_seed_1/last_model_1.pth
2026-05-21 17:21:40,783 INFO src.train.trainer: Epoch 42
2026-05-21 17:21:43,938 INFO src.train.trainer: Last model at epoch 42 saved to /root/autodl-tmp/em_eqf/experiments/clf_pre_v1/clf_pre_scratch_v1/runs/tf_30_mf_4p5_seed_1/last_model_1.pth
2026-05-21 17:21:43,938 INFO src.train.trainer: Epoch 43
2026-05-21 17:21:46,827 INFO src.train.trainer: Last model at epoch 43 saved to /root/autodl-tmp/em_eqf/experiments/clf_pre_v1/clf_pre_scratch_v1/runs/tf_30_mf_4p5_seed_1/last_model_1.pth
2026-05-21 17:21:46,827 INFO src.train.trainer: Epoch 44
2026-05-21 17:21:49,805 INFO src.train.trainer: Last model at epoch 44 saved to /root/autodl-tmp/em_eqf/experiments/clf_pre_v1/clf_pre_scratch_v1/runs/tf_30_mf_4p5_seed_1/last_model_1.pth
2026-05-21 17:21:49,805 INFO src.train.trainer: Epoch 45
2026-05-21 17:21:53,244 INFO src.train.trainer: Last model at epoch 45 saved to /root/autodl-tmp/em_eqf/experiments/clf_pre_v1/clf_pre_scratch_v1/runs/tf_30_mf_4p5_seed_1/last_model_1.pth
2026-05-21 17:21:53,244 INFO src.train.trainer: Epoch 46
2026-05-21 17:21:57,320 INFO src.train.trainer: Last model at epoch 46 saved to /root/autodl-tmp/em_eqf/experiments/clf_pre_v1/clf_pre_scratch_v1/runs/tf_30_mf_4p5_seed_1/last_model_1.pth
2026-05-21 17:21:57,320 INFO src.train.trainer: Epoch 47
2026-05-21 17:22:01,114 INFO src.train.trainer: Last model at epoch 47 saved to /root/autodl-tmp/em_eqf/experiments/clf_pre_v1/clf_pre_scratch_v1/runs/tf_30_mf_4p5_seed_1/last_model_1.pth
2026-05-21 17:22:01,114 INFO src.train.trainer: Epoch 48
2026-05-21 17:22:04,708 INFO src.train.trainer: Last model at epoch 48 saved to /root/autodl-tmp/em_eqf/experiments/clf_pre_v1/clf_pre_scratch_v1/runs/tf_30_mf_4p5_seed_1/last_model_1.pth
2026-05-21 17:22:04,708 INFO src.train.trainer: Epoch 49
2026-05-21 17:22:08,125 INFO src.train.trainer: Last model at epoch 49 saved to /root/autodl-tmp/em_eqf/experiments/clf_pre_v1/clf_pre_scratch_v1/runs/tf_30_mf_4p5_seed_1/last_model_1.pth
2026-05-21 17:22:08,125 INFO src.train.trainer: Epoch 50
2026-05-21 17:22:11,806 INFO src.train.trainer: Last model at epoch 50 saved to /root/autodl-tmp/em_eqf/experiments/clf_pre_v1/clf_pre_scratch_v1/runs/tf_30_mf_4p5_seed_1/last_model_1.pth
2026-05-21 17:22:11,806 INFO src.train.trainer: Epoch 51
2026-05-21 17:22:15,449 INFO src.train.trainer: New best validation loss: 0.0665, saved to /root/autodl-tmp/em_eqf/experiments/clf_pre_v1/clf_pre_scratch_v1/runs/tf_30_mf_4p5_seed_1/best_model_1.pth
2026-05-21 17:22:15,457 INFO src.train.trainer: Last model at epoch 51 saved to /root/autodl-tmp/em_eqf/experiments/clf_pre_v1/clf_pre_scratch_v1/runs/tf_30_mf_4p5_seed_1/last_model_1.pth
2026-05-21 17:22:15,457 INFO src.train.trainer: Epoch 52
2026-05-21 17:22:18,982 INFO src.train.trainer: Last model at epoch 52 saved to /root/autodl-tmp/em_eqf/experiments/clf_pre_v1/clf_pre_scratch_v1/runs/tf_30_mf_4p5_seed_1/last_model_1.pth
2026-05-21 17:22:18,982 INFO src.train.trainer: Epoch 53
2026-05-21 17:22:22,246 INFO src.train.trainer: Last model at epoch 53 saved to /root/autodl-tmp/em_eqf/experiments/clf_pre_v1/clf_pre_scratch_v1/runs/tf_30_mf_4p5_seed_1/last_model_1.pth
2026-05-21 17:22:22,247 INFO src.train.trainer: Epoch 54
2026-05-21 17:22:25,546 INFO src.train.trainer: Last model at epoch 54 saved to /root/autodl-tmp/em_eqf/experiments/clf_pre_v1/clf_pre_scratch_v1/runs/tf_30_mf_4p5_seed_1/last_model_1.pth
2026-05-21 17:22:25,547 INFO src.train.trainer: Epoch 55
2026-05-21 17:22:29,020 INFO src.train.trainer: Last model at epoch 55 saved to /root/autodl-tmp/em_eqf/experiments/clf_pre_v1/clf_pre_scratch_v1/runs/tf_30_mf_4p5_seed_1/last_model_1.pth
2026-05-21 17:22:29,021 INFO src.train.trainer: Epoch 56
2026-05-21 17:22:32,346 INFO src.train.trainer: Last model at epoch 56 saved to /root/autodl-tmp/em_eqf/experiments/clf_pre_v1/clf_pre_scratch_v1/runs/tf_30_mf_4p5_seed_1/last_model_1.pth
2026-05-21 17:22:32,346 INFO src.train.trainer: Epoch 57
2026-05-21 17:22:35,918 INFO src.train.trainer: Last model at epoch 57 saved to /root/autodl-tmp/em_eqf/experiments/clf_pre_v1/clf_pre_scratch_v1/runs/tf_30_mf_4p5_seed_1/last_model_1.pth
2026-05-21 17:22:35,918 INFO src.train.trainer: Epoch 58
2026-05-21 17:22:39,339 INFO src.train.trainer: Last model at epoch 58 saved to /root/autodl-tmp/em_eqf/experiments/clf_pre_v1/clf_pre_scratch_v1/runs/tf_30_mf_4p5_seed_1/last_model_1.pth
2026-05-21 17:22:39,340 INFO src.train.trainer: Epoch 59
2026-05-21 17:22:42,680 INFO src.train.trainer: Last model at epoch 59 saved to /root/autodl-tmp/em_eqf/experiments/clf_pre_v1/clf_pre_scratch_v1/runs/tf_30_mf_4p5_seed_1/last_model_1.pth
2026-05-21 17:22:42,681 INFO src.train.trainer: Epoch 60
2026-05-21 17:22:45,628 INFO src.train.trainer: Last model at epoch 60 saved to /root/autodl-tmp/em_eqf/experiments/clf_pre_v1/clf_pre_scratch_v1/runs/tf_30_mf_4p5_seed_1/last_model_1.pth
2026-05-21 17:22:45,629 INFO src.train.trainer: Epoch 61
2026-05-21 17:22:48,541 INFO src.train.trainer: Last model at epoch 61 saved to /root/autodl-tmp/em_eqf/experiments/clf_pre_v1/clf_pre_scratch_v1/runs/tf_30_mf_4p5_seed_1/last_model_1.pth
2026-05-21 17:22:48,541 INFO src.train.trainer: Early stopping triggered at epoch 61 (best epoch: 51, best val loss: 0.066510)
2026-05-21 17:22:57,988 INFO src.data.preprocessing: CSV files found: ['chuandian_2021.csv']
2026-05-21 17:22:58,640 INFO src.utils.file_utils: Loading cached data from: data/ChuanDian/classifier/classifier_Mc_3_Mf_4.5_Tfore_30_Twindow_180_context_len_1_dt_10.pkl
2026-05-21 17:22:59,020 INFO src.data.preprocessing: Catalog statistics: {'tau_unfiltered': 0.15339908988298961, 'tau_q025': 0.08114294020924717, 'tau_q05': 0.5134664350189269, 'tau_mean': 1.3070542199341526, 'tau_max': 25.18216435192153, 'tau_min': 0.0, 'time_max': 18770.72654999979, 'time_mean': 10030.9430649837, 'mag_completeness': 3.0, 'mag_mean': 3.456916005014626, 'mag_max': 8.0, 'mag_min': 3.0, 'b_value': 0.856738547623331, 'b_std': 0.0071499224812533796, 'b_n': 14358}
2026-05-21 17:22:59,036 INFO src.data.event_loader: lengths of samples: min=32, max=981, avg=135.26
2026-05-21 17:22:59,036 INFO src.data.event_loader: Number of positive samples: 836
2026-05-21 17:22:59,037 INFO src.data.event_loader: Number of negative samples: 594
2026-05-21 17:22:59,038 INFO src.data.event_loader: Positive samples: 706, Negative samples: 438
2026-05-21 17:22:59,038 INFO src.data.event_loader: Total samples: 1144, Positive ratio: 0.62, Negative ratio: 0.38
2026-05-21 17:22:59,038 INFO src.data.event_loader: Positive samples: 83, Negative samples: 60
2026-05-21 17:22:59,038 INFO src.data.event_loader: Total samples: 143, Positive ratio: 0.58, Negative ratio: 0.42
2026-05-21 17:22:59,038 INFO src.data.event_loader: Positive samples: 47, Negative samples: 96
2026-05-21 17:22:59,038 INFO src.data.event_loader: Total samples: 143, Positive ratio: 0.33, Negative ratio: 0.67
2026-05-21 17:22:59,444 INFO src.models.adapters.mixer_task: using time scale base 1.3070542199341526 (key: tau_mean)
2026-05-21 17:22:59,444 INFO src.models.adapters.mixer_task: tau mean: tensor(1.3071)
2026-05-21 17:22:59,454 INFO src.train.config_setup: Restoring model from checkpoint.
2026-05-21 17:22:59,455 INFO src.train.config_setup: Loading model weights: load_specific_parts=None
2026-05-21 17:22:59,456 INFO src.train.config_setup: Checkpoint loaded: <All keys matched successfully>
2026-05-21 17:22:59,456 INFO src.train.config_setup: Full load summary: loaded=56, missing=0, unexpected=0
2026-05-21 17:22:59,457 INFO src.train.config_setup: Checkpoint hyperparameters loaded.
2026-05-21 17:22:59,457 INFO src.train.config_setup: Checkpoint train metrics available.
2026-05-21 17:22:59,457 INFO src.train.config_setup: Checkpoint val metrics available.
2026-05-21 17:22:59,457 INFO src.train.config_setup: Freeze skipped (checkpoint_restore): freeze_parts is empty.
2026-05-21 17:22:59,458 INFO src.train.config_setup: Using classification criterion: focal
2026-05-21 17:22:59,458 INFO src.train.config_setup: Criterion config: {'alpha': 0.5, 'gamma': 2.0}
2026-05-21 17:22:59,459 INFO src.train.config_setup: Not resuming optimizer/scheduler state; reset training state to start_epoch=0, best_val_loss=inf.
2026-05-21 17:22:59,459 INFO src.cli.common: Using threshold 0.45879271626472473 from checkpoint val_metrics for testing.
2026-05-21 17:23:03,930 INFO src.utils.metrics: ROC curve saved to /root/autodl-tmp/em_eqf/experiments/clf_pre_v1/clf_pre_scratch_v1/runs/tf_30_mf_4p5_seed_1/roc_curve.png
2026-05-21 17:23:04,058 INFO src.utils.metrics: PR curve saved to /root/autodl-tmp/em_eqf/experiments/clf_pre_v1/clf_pre_scratch_v1/runs/tf_30_mf_4p5_seed_1/pr_curve.png
2026-05-21 17:23:04,133 INFO src.utils.metrics: Confusion matrix saved to /root/autodl-tmp/em_eqf/experiments/clf_pre_v1/clf_pre_scratch_v1/runs/tf_30_mf_4p5_seed_1/confusion_matrix.png
2026-05-21 17:23:04,133 INFO src.cli.workflows: Test loss: 0.06472420170903206
2026-05-21 17:23:05,114 INFO src.train.classifier_train_step: Prediction distribution plot has been saved to: /root/autodl-tmp/em_eqf/experiments/clf_pre_v1/clf_pre_scratch_v1/runs/tf_30_mf_4p5_seed_1/train_pred_distribution.png
2026-05-21 17:23:05,512 INFO src.train.classifier_train_step: Prediction distribution plot has been saved to: /root/autodl-tmp/em_eqf/experiments/clf_pre_v1/clf_pre_scratch_v1/runs/tf_30_mf_4p5_seed_1/val_pred_distribution.png
2026-05-21 17:23:05,845 INFO src.train.classifier_train_step: Prediction distribution plot has been saved to: /root/autodl-tmp/em_eqf/experiments/clf_pre_v1/clf_pre_scratch_v1/runs/tf_30_mf_4p5_seed_1/test_pred_distribution.png
2026-05-21 17:23:05,846 INFO src.cli.common: Saved test metrics to /root/autodl-tmp/em_eqf/experiments/clf_pre_v1/clf_pre_scratch_v1/runs/tf_30_mf_4p5_seed_1/metrics_test_best_1.json
2026-05-21 17:23:05,846 INFO src.cli.common: Metrics: {'precision': 0.38596491228070173, 'recall': 0.9361702127659575, 'f1': 0.546583850931677, 'auc': 0.8654698581560284, 'pr_auc': 0.8264461507414055, 'fpr': 0.7291666666666666, 'tpr': 0.9361702127659575, 'R': 0.20700354609929084, 'conf': 3.6867959377923953e-10, 'threshold': 0.45879271626472473}
