2026-05-21 18:27:31,068 INFO src.data.preprocessing: CSV files found: ['chuandian_2021.csv']
2026-05-21 18:27:31,684 INFO src.utils.file_utils: Loading cached data from: data/ChuanDian/classifier/classifier_Mc_3_Mf_4.5_Tfore_30_Twindow_180_context_len_1_dt_10.pkl
2026-05-21 18:27:32,010 INFO src.data.preprocessing: Catalog statistics: {'tau_unfiltered': 0.15339908988298961, 'tau_q025': 0.08114294020924717, 'tau_q05': 0.5134664350189269, 'tau_mean': 1.3070542199341526, 'tau_max': 25.18216435192153, 'tau_min': 0.0, 'time_max': 18770.72654999979, 'time_mean': 10030.9430649837, 'mag_completeness': 3.0, 'mag_mean': 3.456916005014626, 'mag_max': 8.0, 'mag_min': 3.0, 'b_value': 0.856738547623331, 'b_std': 0.0071499224812533796, 'b_n': 14358}
2026-05-21 18:27:32,029 INFO src.data.event_loader: lengths of samples: min=32, max=981, avg=135.26
2026-05-21 18:27:32,029 INFO src.data.event_loader: Number of positive samples: 836
2026-05-21 18:27:32,030 INFO src.data.event_loader: Number of negative samples: 594
2026-05-21 18:27:32,031 INFO src.data.event_loader: Positive samples: 706, Negative samples: 438
2026-05-21 18:27:32,031 INFO src.data.event_loader: Total samples: 1144, Positive ratio: 0.62, Negative ratio: 0.38
2026-05-21 18:27:32,031 INFO src.data.event_loader: Positive samples: 83, Negative samples: 60
2026-05-21 18:27:32,031 INFO src.data.event_loader: Total samples: 143, Positive ratio: 0.58, Negative ratio: 0.42
2026-05-21 18:27:32,032 INFO src.data.event_loader: Positive samples: 47, Negative samples: 96
2026-05-21 18:27:32,032 INFO src.data.event_loader: Total samples: 143, Positive ratio: 0.33, Negative ratio: 0.67
2026-05-21 18:27:32,077 INFO src.cli.workflows: Loading checkpoint from: ./checkpoints/mixer_tpp_20260508-182744/last_model_1.pth
2026-05-21 18:27:32,997 INFO src.models.adapters.mixer_task: using time scale base 1.3070542199341526 (key: tau_mean)
2026-05-21 18:27:32,997 INFO src.models.adapters.mixer_task: tau mean: tensor(1.3071)
2026-05-21 18:27:33,060 INFO src.train.config_setup: Restoring model from checkpoint.
2026-05-21 18:27:33,061 INFO src.train.config_setup: Loading model weights: load_specific_parts=['encoder']
2026-05-21 18:27:33,062 INFO src.train.config_setup: Selective load summary: requested_parts=['encoder'], target_in_model=40, matched_in_checkpoint=30, loaded=30, missing_after_load=10, shape_mismatch=0, missing_in_model=0, out_of_scope_loaded=0
2026-05-21 18:27:33,062 INFO src.train.config_setup: Selective load coverage [encoder]: target=40, hit=30, missing=10, complete=False
2026-05-21 18:27:33,062 WARNING src.train.config_setup: Selective load coverage missing preview [encoder]: ['base_model.encoder.layers.2.mixer.in_proj.bias', 'base_model.encoder.layers.2.mixer.in_proj.weight', 'base_model.encoder.layers.2.mixer.out_proj.bias', 'base_model.encoder.layers.2.mixer.out_proj.weight', 'base_model.encoder.layers.2.mlp.fc1.weight', 'base_model.encoder.layers.2.mlp.fc2.weight', 'base_model.encoder.layers.2.norm.bias', 'base_model.encoder.layers.2.norm.weight'] ... (+2 more)
2026-05-21 18:27:33,062 WARNING src.train.config_setup: Checkpoint missing target parameter preview: ['base_model.encoder.layers.2.mixer.in_proj.bias', 'base_model.encoder.layers.2.mixer.in_proj.weight', 'base_model.encoder.layers.2.mixer.out_proj.bias', 'base_model.encoder.layers.2.mixer.out_proj.weight', 'base_model.encoder.layers.2.mlp.fc1.weight', 'base_model.encoder.layers.2.mlp.fc2.weight', 'base_model.encoder.layers.2.norm.bias', 'base_model.encoder.layers.2.norm.weight', 'base_model.encoder.layers.2.norm2.bias', 'base_model.encoder.layers.2.norm2.weight']
2026-05-21 18:27:33,062 WARNING src.train.config_setup: Target not-loaded parameter preview: ['base_model.encoder.layers.2.mixer.in_proj.bias', 'base_model.encoder.layers.2.mixer.in_proj.weight', 'base_model.encoder.layers.2.mixer.out_proj.bias', 'base_model.encoder.layers.2.mixer.out_proj.weight', 'base_model.encoder.layers.2.mlp.fc1.weight', 'base_model.encoder.layers.2.mlp.fc2.weight', 'base_model.encoder.layers.2.norm.bias', 'base_model.encoder.layers.2.norm.weight', 'base_model.encoder.layers.2.norm2.bias', 'base_model.encoder.layers.2.norm2.weight']
2026-05-21 18:27:33,062 INFO src.train.config_setup: Loaded parameter preview: ['base_model.encoder.input_proj.3.bias', 'base_model.encoder.layers.1.mixer.norm.weight', 'base_model.encoder.layers.1.mlp.fc1.weight', 'base_model.encoder.layers.0.norm.weight', 'base_model.encoder.norm_f.weight', 'base_model.encoder.layers.1.mixer.A_log', 'base_model.encoder.layers.0.norm.bias', 'base_model.encoder.layers.1.norm.bias', 'base_model.encoder.layers.1.mixer.dt_bias', 'base_model.encoder.layers.1.mixer.D'] ... (+20 more)
2026-05-21 18:27:33,063 INFO src.train.config_setup: Checkpoint hyperparameters loaded.
2026-05-21 18:27:33,063 INFO src.train.config_setup: Checkpoint train metrics available.
2026-05-21 18:27:33,063 INFO src.train.config_setup: Checkpoint val metrics available.
2026-05-21 18:27:33,063 INFO src.train.config_setup: Freeze skipped (checkpoint_restore): freeze_parts is empty.
2026-05-21 18:27:33,063 INFO src.train.config_setup: Using classification criterion: focal
2026-05-21 18:27:33,064 INFO src.train.config_setup: Criterion config: {'alpha': 0.5, 'gamma': 2.0}
2026-05-21 18:27:33,064 INFO src.train.config_setup: Not resuming optimizer/scheduler state; reset training state to start_epoch=0, best_val_loss=inf.
2026-05-21 18:27:33,065 INFO src.train.trainer: Epoch 1
2026-05-21 18:27:48,894 INFO src.train.trainer: New best validation loss: 0.0893, saved to /root/autodl-tmp/em_eqf/experiments/clf_pre_v2/clf_pre_AZDX_v2/runs/tf_30_mf_4p5_seed_4/best_model_1.pth
2026-05-21 18:27:48,899 INFO src.train.trainer: Last model at epoch 1 saved to /root/autodl-tmp/em_eqf/experiments/clf_pre_v2/clf_pre_AZDX_v2/runs/tf_30_mf_4p5_seed_4/last_model_1.pth
2026-05-21 18:27:48,900 INFO src.train.trainer: Epoch 2
2026-05-21 18:27:52,507 INFO src.train.trainer: New best validation loss: 0.0869, saved to /root/autodl-tmp/em_eqf/experiments/clf_pre_v2/clf_pre_AZDX_v2/runs/tf_30_mf_4p5_seed_4/best_model_1.pth
2026-05-21 18:27:52,516 INFO src.train.trainer: Last model at epoch 2 saved to /root/autodl-tmp/em_eqf/experiments/clf_pre_v2/clf_pre_AZDX_v2/runs/tf_30_mf_4p5_seed_4/last_model_1.pth
2026-05-21 18:27:52,516 INFO src.train.trainer: Epoch 3
2026-05-21 18:27:55,857 INFO src.train.trainer: Last model at epoch 3 saved to /root/autodl-tmp/em_eqf/experiments/clf_pre_v2/clf_pre_AZDX_v2/runs/tf_30_mf_4p5_seed_4/last_model_1.pth
2026-05-21 18:27:55,857 INFO src.train.trainer: Epoch 4
2026-05-21 18:27:59,225 INFO src.train.trainer: Last model at epoch 4 saved to /root/autodl-tmp/em_eqf/experiments/clf_pre_v2/clf_pre_AZDX_v2/runs/tf_30_mf_4p5_seed_4/last_model_1.pth
2026-05-21 18:27:59,225 INFO src.train.trainer: Epoch 5
2026-05-21 18:28:02,506 INFO src.train.trainer: New best validation loss: 0.0829, saved to /root/autodl-tmp/em_eqf/experiments/clf_pre_v2/clf_pre_AZDX_v2/runs/tf_30_mf_4p5_seed_4/best_model_1.pth
2026-05-21 18:28:02,515 INFO src.train.trainer: Last model at epoch 5 saved to /root/autodl-tmp/em_eqf/experiments/clf_pre_v2/clf_pre_AZDX_v2/runs/tf_30_mf_4p5_seed_4/last_model_1.pth
2026-05-21 18:28:02,515 INFO src.train.trainer: Epoch 6
2026-05-21 18:28:06,114 INFO src.train.trainer: New best validation loss: 0.0827, saved to /root/autodl-tmp/em_eqf/experiments/clf_pre_v2/clf_pre_AZDX_v2/runs/tf_30_mf_4p5_seed_4/best_model_1.pth
2026-05-21 18:28:06,122 INFO src.train.trainer: Last model at epoch 6 saved to /root/autodl-tmp/em_eqf/experiments/clf_pre_v2/clf_pre_AZDX_v2/runs/tf_30_mf_4p5_seed_4/last_model_1.pth
2026-05-21 18:28:06,123 INFO src.train.trainer: Epoch 7
2026-05-21 18:28:09,684 INFO src.train.trainer: New best validation loss: 0.0803, saved to /root/autodl-tmp/em_eqf/experiments/clf_pre_v2/clf_pre_AZDX_v2/runs/tf_30_mf_4p5_seed_4/best_model_1.pth
2026-05-21 18:28:09,690 INFO src.train.trainer: Last model at epoch 7 saved to /root/autodl-tmp/em_eqf/experiments/clf_pre_v2/clf_pre_AZDX_v2/runs/tf_30_mf_4p5_seed_4/last_model_1.pth
2026-05-21 18:28:09,690 INFO src.train.trainer: Epoch 8
2026-05-21 18:28:12,929 INFO src.train.trainer: Last model at epoch 8 saved to /root/autodl-tmp/em_eqf/experiments/clf_pre_v2/clf_pre_AZDX_v2/runs/tf_30_mf_4p5_seed_4/last_model_1.pth
2026-05-21 18:28:12,930 INFO src.train.trainer: Epoch 9
2026-05-21 18:28:16,085 INFO src.train.trainer: Last model at epoch 9 saved to /root/autodl-tmp/em_eqf/experiments/clf_pre_v2/clf_pre_AZDX_v2/runs/tf_30_mf_4p5_seed_4/last_model_1.pth
2026-05-21 18:28:16,085 INFO src.train.trainer: Epoch 10
2026-05-21 18:28:19,746 INFO src.train.trainer: Last model at epoch 10 saved to /root/autodl-tmp/em_eqf/experiments/clf_pre_v2/clf_pre_AZDX_v2/runs/tf_30_mf_4p5_seed_4/last_model_1.pth
2026-05-21 18:28:19,746 INFO src.train.trainer: Epoch 11
2026-05-21 18:28:23,427 INFO src.train.trainer: New best validation loss: 0.0721, saved to /root/autodl-tmp/em_eqf/experiments/clf_pre_v2/clf_pre_AZDX_v2/runs/tf_30_mf_4p5_seed_4/best_model_1.pth
2026-05-21 18:28:23,436 INFO src.train.trainer: Last model at epoch 11 saved to /root/autodl-tmp/em_eqf/experiments/clf_pre_v2/clf_pre_AZDX_v2/runs/tf_30_mf_4p5_seed_4/last_model_1.pth
2026-05-21 18:28:23,436 INFO src.train.trainer: Epoch 12
2026-05-21 18:28:26,650 INFO src.train.trainer: Last model at epoch 12 saved to /root/autodl-tmp/em_eqf/experiments/clf_pre_v2/clf_pre_AZDX_v2/runs/tf_30_mf_4p5_seed_4/last_model_1.pth
2026-05-21 18:28:26,650 INFO src.train.trainer: Epoch 13
2026-05-21 18:28:29,838 INFO src.train.trainer: Last model at epoch 13 saved to /root/autodl-tmp/em_eqf/experiments/clf_pre_v2/clf_pre_AZDX_v2/runs/tf_30_mf_4p5_seed_4/last_model_1.pth
2026-05-21 18:28:29,838 INFO src.train.trainer: Epoch 14
2026-05-21 18:28:33,072 INFO src.train.trainer: New best validation loss: 0.0721, saved to /root/autodl-tmp/em_eqf/experiments/clf_pre_v2/clf_pre_AZDX_v2/runs/tf_30_mf_4p5_seed_4/best_model_1.pth
2026-05-21 18:28:33,078 INFO src.train.trainer: Last model at epoch 14 saved to /root/autodl-tmp/em_eqf/experiments/clf_pre_v2/clf_pre_AZDX_v2/runs/tf_30_mf_4p5_seed_4/last_model_1.pth
2026-05-21 18:28:33,078 INFO src.train.trainer: Epoch 15
2026-05-21 18:28:36,652 INFO src.train.trainer: Last model at epoch 15 saved to /root/autodl-tmp/em_eqf/experiments/clf_pre_v2/clf_pre_AZDX_v2/runs/tf_30_mf_4p5_seed_4/last_model_1.pth
2026-05-21 18:28:36,652 INFO src.train.trainer: Epoch 16
2026-05-21 18:28:40,296 INFO src.train.trainer: Last model at epoch 16 saved to /root/autodl-tmp/em_eqf/experiments/clf_pre_v2/clf_pre_AZDX_v2/runs/tf_30_mf_4p5_seed_4/last_model_1.pth
2026-05-21 18:28:40,296 INFO src.train.trainer: Epoch 17
2026-05-21 18:28:43,849 INFO src.train.trainer: Last model at epoch 17 saved to /root/autodl-tmp/em_eqf/experiments/clf_pre_v2/clf_pre_AZDX_v2/runs/tf_30_mf_4p5_seed_4/last_model_1.pth
2026-05-21 18:28:43,849 INFO src.train.trainer: Epoch 18
2026-05-21 18:28:47,331 INFO src.train.trainer: Last model at epoch 18 saved to /root/autodl-tmp/em_eqf/experiments/clf_pre_v2/clf_pre_AZDX_v2/runs/tf_30_mf_4p5_seed_4/last_model_1.pth
2026-05-21 18:28:47,332 INFO src.train.trainer: Epoch 19
2026-05-21 18:28:50,848 INFO src.train.trainer: Last model at epoch 19 saved to /root/autodl-tmp/em_eqf/experiments/clf_pre_v2/clf_pre_AZDX_v2/runs/tf_30_mf_4p5_seed_4/last_model_1.pth
2026-05-21 18:28:50,848 INFO src.train.trainer: Epoch 20
2026-05-21 18:28:54,176 INFO src.train.trainer: Last model at epoch 20 saved to /root/autodl-tmp/em_eqf/experiments/clf_pre_v2/clf_pre_AZDX_v2/runs/tf_30_mf_4p5_seed_4/last_model_1.pth
2026-05-21 18:28:54,177 INFO src.train.trainer: Epoch 21
2026-05-21 18:28:57,690 INFO src.train.trainer: New best validation loss: 0.0696, saved to /root/autodl-tmp/em_eqf/experiments/clf_pre_v2/clf_pre_AZDX_v2/runs/tf_30_mf_4p5_seed_4/best_model_1.pth
2026-05-21 18:28:57,695 INFO src.train.trainer: Last model at epoch 21 saved to /root/autodl-tmp/em_eqf/experiments/clf_pre_v2/clf_pre_AZDX_v2/runs/tf_30_mf_4p5_seed_4/last_model_1.pth
2026-05-21 18:28:57,696 INFO src.train.trainer: Epoch 22
2026-05-21 18:29:01,044 INFO src.train.trainer: Last model at epoch 22 saved to /root/autodl-tmp/em_eqf/experiments/clf_pre_v2/clf_pre_AZDX_v2/runs/tf_30_mf_4p5_seed_4/last_model_1.pth
2026-05-21 18:29:01,044 INFO src.train.trainer: Epoch 23
2026-05-21 18:29:04,439 INFO src.train.trainer: Last model at epoch 23 saved to /root/autodl-tmp/em_eqf/experiments/clf_pre_v2/clf_pre_AZDX_v2/runs/tf_30_mf_4p5_seed_4/last_model_1.pth
2026-05-21 18:29:04,439 INFO src.train.trainer: Epoch 24
2026-05-21 18:29:07,754 INFO src.train.trainer: Last model at epoch 24 saved to /root/autodl-tmp/em_eqf/experiments/clf_pre_v2/clf_pre_AZDX_v2/runs/tf_30_mf_4p5_seed_4/last_model_1.pth
2026-05-21 18:29:07,754 INFO src.train.trainer: Epoch 25
2026-05-21 18:29:11,074 INFO src.train.trainer: Last model at epoch 25 saved to /root/autodl-tmp/em_eqf/experiments/clf_pre_v2/clf_pre_AZDX_v2/runs/tf_30_mf_4p5_seed_4/last_model_1.pth
2026-05-21 18:29:11,074 INFO src.train.trainer: Epoch 26
2026-05-21 18:29:14,658 INFO src.train.trainer: Last model at epoch 26 saved to /root/autodl-tmp/em_eqf/experiments/clf_pre_v2/clf_pre_AZDX_v2/runs/tf_30_mf_4p5_seed_4/last_model_1.pth
2026-05-21 18:29:14,658 INFO src.train.trainer: Epoch 27
2026-05-21 18:29:18,297 INFO src.train.trainer: Last model at epoch 27 saved to /root/autodl-tmp/em_eqf/experiments/clf_pre_v2/clf_pre_AZDX_v2/runs/tf_30_mf_4p5_seed_4/last_model_1.pth
2026-05-21 18:29:18,297 INFO src.train.trainer: Epoch 28
2026-05-21 18:29:21,581 INFO src.train.trainer: Last model at epoch 28 saved to /root/autodl-tmp/em_eqf/experiments/clf_pre_v2/clf_pre_AZDX_v2/runs/tf_30_mf_4p5_seed_4/last_model_1.pth
2026-05-21 18:29:21,581 INFO src.train.trainer: Epoch 29
2026-05-21 18:29:24,964 INFO src.train.trainer: Last model at epoch 29 saved to /root/autodl-tmp/em_eqf/experiments/clf_pre_v2/clf_pre_AZDX_v2/runs/tf_30_mf_4p5_seed_4/last_model_1.pth
2026-05-21 18:29:24,964 INFO src.train.trainer: Epoch 30
2026-05-21 18:29:28,582 INFO src.train.trainer: Last model at epoch 30 saved to /root/autodl-tmp/em_eqf/experiments/clf_pre_v2/clf_pre_AZDX_v2/runs/tf_30_mf_4p5_seed_4/last_model_1.pth
2026-05-21 18:29:28,582 INFO src.train.trainer: Epoch 31
2026-05-21 18:29:32,141 INFO src.train.trainer: Last model at epoch 31 saved to /root/autodl-tmp/em_eqf/experiments/clf_pre_v2/clf_pre_AZDX_v2/runs/tf_30_mf_4p5_seed_4/last_model_1.pth
2026-05-21 18:29:32,141 INFO src.train.trainer: Early stopping triggered at epoch 31 (best epoch: 21, best val loss: 0.069636)
2026-05-21 18:29:41,037 INFO src.data.preprocessing: CSV files found: ['chuandian_2021.csv']
2026-05-21 18:29:41,711 INFO src.utils.file_utils: Loading cached data from: data/ChuanDian/classifier/classifier_Mc_3_Mf_4.5_Tfore_30_Twindow_180_context_len_1_dt_10.pkl
2026-05-21 18:29:42,028 INFO src.data.preprocessing: Catalog statistics: {'tau_unfiltered': 0.15339908988298961, 'tau_q025': 0.08114294020924717, 'tau_q05': 0.5134664350189269, 'tau_mean': 1.3070542199341526, 'tau_max': 25.18216435192153, 'tau_min': 0.0, 'time_max': 18770.72654999979, 'time_mean': 10030.9430649837, 'mag_completeness': 3.0, 'mag_mean': 3.456916005014626, 'mag_max': 8.0, 'mag_min': 3.0, 'b_value': 0.856738547623331, 'b_std': 0.0071499224812533796, 'b_n': 14358}
2026-05-21 18:29:42,043 INFO src.data.event_loader: lengths of samples: min=32, max=981, avg=135.26
2026-05-21 18:29:42,043 INFO src.data.event_loader: Number of positive samples: 836
2026-05-21 18:29:42,044 INFO src.data.event_loader: Number of negative samples: 594
2026-05-21 18:29:42,044 INFO src.data.event_loader: Positive samples: 706, Negative samples: 438
2026-05-21 18:29:42,044 INFO src.data.event_loader: Total samples: 1144, Positive ratio: 0.62, Negative ratio: 0.38
2026-05-21 18:29:42,045 INFO src.data.event_loader: Positive samples: 83, Negative samples: 60
2026-05-21 18:29:42,045 INFO src.data.event_loader: Total samples: 143, Positive ratio: 0.58, Negative ratio: 0.42
2026-05-21 18:29:42,045 INFO src.data.event_loader: Positive samples: 47, Negative samples: 96
2026-05-21 18:29:42,045 INFO src.data.event_loader: Total samples: 143, Positive ratio: 0.33, Negative ratio: 0.67
2026-05-21 18:29:42,401 INFO src.models.adapters.mixer_task: using time scale base 1.3070542199341526 (key: tau_mean)
2026-05-21 18:29:42,401 INFO src.models.adapters.mixer_task: tau mean: tensor(1.3071)
2026-05-21 18:29:42,421 INFO src.train.config_setup: Restoring model from checkpoint.
2026-05-21 18:29:42,421 INFO src.train.config_setup: Loading model weights: load_specific_parts=None
2026-05-21 18:29:42,423 INFO src.train.config_setup: Checkpoint loaded: <All keys matched successfully>
2026-05-21 18:29:42,423 INFO src.train.config_setup: Full load summary: loaded=56, missing=0, unexpected=0
2026-05-21 18:29:42,424 INFO src.train.config_setup: Checkpoint hyperparameters loaded.
2026-05-21 18:29:42,424 INFO src.train.config_setup: Checkpoint train metrics available.
2026-05-21 18:29:42,424 INFO src.train.config_setup: Checkpoint val metrics available.
2026-05-21 18:29:42,424 INFO src.train.config_setup: Freeze skipped (checkpoint_restore): freeze_parts is empty.
2026-05-21 18:29:42,424 INFO src.train.config_setup: Using classification criterion: focal
2026-05-21 18:29:42,424 INFO src.train.config_setup: Criterion config: {'alpha': 0.5, 'gamma': 2.0}
2026-05-21 18:29:42,425 INFO src.train.config_setup: Not resuming optimizer/scheduler state; reset training state to start_epoch=0, best_val_loss=inf.
2026-05-21 18:29:42,425 INFO src.cli.common: Using threshold 0.47512805461883545 from checkpoint val_metrics for testing.
2026-05-21 18:29:47,065 INFO src.utils.metrics: ROC curve saved to /root/autodl-tmp/em_eqf/experiments/clf_pre_v2/clf_pre_AZDX_v2/runs/tf_30_mf_4p5_seed_4/roc_curve.png
2026-05-21 18:29:47,184 INFO src.utils.metrics: PR curve saved to /root/autodl-tmp/em_eqf/experiments/clf_pre_v2/clf_pre_AZDX_v2/runs/tf_30_mf_4p5_seed_4/pr_curve.png
2026-05-21 18:29:47,248 INFO src.utils.metrics: Confusion matrix saved to /root/autodl-tmp/em_eqf/experiments/clf_pre_v2/clf_pre_AZDX_v2/runs/tf_30_mf_4p5_seed_4/confusion_matrix.png
2026-05-21 18:29:47,248 INFO src.cli.workflows: Test loss: 0.07236373499035835
2026-05-21 18:29:48,625 INFO src.train.classifier_train_step: Prediction distribution plot has been saved to: /root/autodl-tmp/em_eqf/experiments/clf_pre_v2/clf_pre_AZDX_v2/runs/tf_30_mf_4p5_seed_4/train_pred_distribution.png
2026-05-21 18:29:49,073 INFO src.train.classifier_train_step: Prediction distribution plot has been saved to: /root/autodl-tmp/em_eqf/experiments/clf_pre_v2/clf_pre_AZDX_v2/runs/tf_30_mf_4p5_seed_4/val_pred_distribution.png
2026-05-21 18:29:49,609 INFO src.train.classifier_train_step: Prediction distribution plot has been saved to: /root/autodl-tmp/em_eqf/experiments/clf_pre_v2/clf_pre_AZDX_v2/runs/tf_30_mf_4p5_seed_4/test_pred_distribution.png
2026-05-21 18:29:49,610 INFO src.cli.common: Saved test metrics to /root/autodl-tmp/em_eqf/experiments/clf_pre_v2/clf_pre_AZDX_v2/runs/tf_30_mf_4p5_seed_4/metrics_test_best_1.json
2026-05-21 18:29:49,610 INFO src.cli.common: Metrics: {'precision': 0.36666666666666664, 'recall': 0.9361702127659575, 'f1': 0.5269461077844312, 'auc': 0.8100620567375887, 'pr_auc': 0.7802323705246148, 'fpr': 0.7916666666666666, 'tpr': 0.9361702127659575, 'R': 0.14450354609929084, 'conf': 4.3805949426559785e-20, 'threshold': 0.47512805461883545}
