2026-05-20 12:28:59,416 INFO src.data.preprocessing: CSV files found: ['chuandian_2021.csv']
2026-05-20 12:29:00,599 INFO src.utils.file_utils: Loading cached data from: data/ChuanDian/classifier/classifier_Mc_3_Mf_5.5_Tfore_90_Twindow_180_context_len_1_dt_10.pkl
2026-05-20 12:29:01,912 INFO src.data.preprocessing: Catalog statistics: {'tau_unfiltered': 0.15339908988298961, 'tau_q025': 0.08114294020924717, 'tau_q05': 0.5134664350189269, 'tau_mean': 1.3070542199341526, 'tau_max': 25.18216435192153, 'tau_min': 0.0, 'time_max': 18770.72654999979, 'time_mean': 10030.9430649837, 'mag_completeness': 3.0, 'mag_mean': 3.456916005014626, 'mag_max': 8.0, 'mag_min': 3.0, 'b_value': 0.856738547623331, 'b_std': 0.0071499224812533796, 'b_n': 14358}
2026-05-20 12:29:01,936 INFO src.data.event_loader: lengths of samples: min=32, max=749, avg=124.26
2026-05-20 12:29:01,937 INFO src.data.event_loader: Number of positive samples: 471
2026-05-20 12:29:01,937 INFO src.data.event_loader: Number of negative samples: 1055
2026-05-20 12:29:01,942 INFO src.data.event_loader: Positive samples: 390, Negative samples: 830
2026-05-20 12:29:01,942 INFO src.data.event_loader: Total samples: 1220, Positive ratio: 0.32, Negative ratio: 0.68
2026-05-20 12:29:01,943 INFO src.data.event_loader: Positive samples: 62, Negative samples: 90
2026-05-20 12:29:01,943 INFO src.data.event_loader: Total samples: 152, Positive ratio: 0.41, Negative ratio: 0.59
2026-05-20 12:29:01,943 INFO src.data.event_loader: Positive samples: 19, Negative samples: 135
2026-05-20 12:29:01,943 INFO src.data.event_loader: Total samples: 154, Positive ratio: 0.12, Negative ratio: 0.88
2026-05-20 12:29:02,194 INFO src.cli.workflows: Loading checkpoint from: ./checkpoints/mixer_tpp_20260508-182744/last_model_1.pth
2026-05-20 12:29:02,862 INFO src.models.adapters.mixer_task: using time scale base 1.3070542199341526 (key: tau_mean)
2026-05-20 12:29:02,862 INFO src.models.adapters.mixer_task: tau mean: tensor(1.3071)
2026-05-20 12:29:02,873 INFO src.train.config_setup: Restoring model from checkpoint.
2026-05-20 12:29:02,873 INFO src.train.config_setup: Loading model weights: load_specific_parts=['encoder']
2026-05-20 12:29:02,875 INFO src.train.config_setup: Selective load summary: requested_parts=['encoder'], target_in_model=40, matched_in_checkpoint=30, loaded=30, missing_after_load=10, shape_mismatch=0, missing_in_model=0, out_of_scope_loaded=0
2026-05-20 12:29:02,875 INFO src.train.config_setup: Selective load coverage [encoder]: target=40, hit=30, missing=10, complete=False
2026-05-20 12:29:02,875 WARNING src.train.config_setup: Selective load coverage missing preview [encoder]: ['base_model.encoder.layers.2.mixer.in_proj.bias', 'base_model.encoder.layers.2.mixer.in_proj.weight', 'base_model.encoder.layers.2.mixer.out_proj.bias', 'base_model.encoder.layers.2.mixer.out_proj.weight', 'base_model.encoder.layers.2.mlp.fc1.weight', 'base_model.encoder.layers.2.mlp.fc2.weight', 'base_model.encoder.layers.2.norm.bias', 'base_model.encoder.layers.2.norm.weight'] ... (+2 more)
2026-05-20 12:29:02,875 WARNING src.train.config_setup: Checkpoint missing target parameter preview: ['base_model.encoder.layers.2.mixer.in_proj.bias', 'base_model.encoder.layers.2.mixer.in_proj.weight', 'base_model.encoder.layers.2.mixer.out_proj.bias', 'base_model.encoder.layers.2.mixer.out_proj.weight', 'base_model.encoder.layers.2.mlp.fc1.weight', 'base_model.encoder.layers.2.mlp.fc2.weight', 'base_model.encoder.layers.2.norm.bias', 'base_model.encoder.layers.2.norm.weight', 'base_model.encoder.layers.2.norm2.bias', 'base_model.encoder.layers.2.norm2.weight']
2026-05-20 12:29:02,875 WARNING src.train.config_setup: Target not-loaded parameter preview: ['base_model.encoder.layers.2.mixer.in_proj.bias', 'base_model.encoder.layers.2.mixer.in_proj.weight', 'base_model.encoder.layers.2.mixer.out_proj.bias', 'base_model.encoder.layers.2.mixer.out_proj.weight', 'base_model.encoder.layers.2.mlp.fc1.weight', 'base_model.encoder.layers.2.mlp.fc2.weight', 'base_model.encoder.layers.2.norm.bias', 'base_model.encoder.layers.2.norm.weight', 'base_model.encoder.layers.2.norm2.bias', 'base_model.encoder.layers.2.norm2.weight']
2026-05-20 12:29:02,875 INFO src.train.config_setup: Loaded parameter preview: ['base_model.encoder.layers.1.norm2.weight', 'base_model.encoder.layers.0.mlp.fc2.weight', 'base_model.encoder.input_proj.3.bias', 'base_model.encoder.layers.1.mlp.fc2.weight', 'base_model.encoder.norm_f.bias', 'base_model.encoder.layers.1.mixer.D', 'base_model.encoder.layers.0.mixer.A_log', 'base_model.encoder.layers.1.mixer.dt_bias', 'base_model.encoder.layers.1.norm.bias', 'base_model.encoder.input_proj.0.bias'] ... (+20 more)
2026-05-20 12:29:02,876 INFO src.train.config_setup: Checkpoint hyperparameters loaded.
2026-05-20 12:29:02,876 INFO src.train.config_setup: Checkpoint train metrics available.
2026-05-20 12:29:02,876 INFO src.train.config_setup: Checkpoint val metrics available.
2026-05-20 12:29:02,876 INFO src.train.config_setup: Freeze skipped (checkpoint_restore): freeze_parts is empty.
2026-05-20 12:29:02,877 INFO src.train.config_setup: Using classification criterion: focal
2026-05-20 12:29:02,877 INFO src.train.config_setup: Criterion config: {'alpha': 0.25, 'gamma': 2.0}
2026-05-20 12:29:02,878 INFO src.train.config_setup: Not resuming optimizer/scheduler state; reset training state to start_epoch=0, best_val_loss=inf.
2026-05-20 12:29:02,878 INFO src.train.trainer: Epoch 1
2026-05-20 12:29:18,374 INFO src.train.trainer: New best validation loss: 0.0726, saved to /root/autodl-tmp/em_eqf/experiments/clf_grid_r_2_2/runs/tf_90_mf_5p5_seed_0/best_model_1.pth
2026-05-20 12:29:18,380 INFO src.train.trainer: Last model at epoch 1 saved to /root/autodl-tmp/em_eqf/experiments/clf_grid_r_2_2/runs/tf_90_mf_5p5_seed_0/last_model_1.pth
2026-05-20 12:29:18,381 INFO src.train.trainer: Epoch 2
2026-05-20 12:29:21,462 INFO src.train.trainer: New best validation loss: 0.0649, saved to /root/autodl-tmp/em_eqf/experiments/clf_grid_r_2_2/runs/tf_90_mf_5p5_seed_0/best_model_1.pth
2026-05-20 12:29:21,476 INFO src.train.trainer: Last model at epoch 2 saved to /root/autodl-tmp/em_eqf/experiments/clf_grid_r_2_2/runs/tf_90_mf_5p5_seed_0/last_model_1.pth
2026-05-20 12:29:21,476 INFO src.train.trainer: Epoch 3
2026-05-20 12:29:24,440 INFO src.train.trainer: New best validation loss: 0.0615, saved to /root/autodl-tmp/em_eqf/experiments/clf_grid_r_2_2/runs/tf_90_mf_5p5_seed_0/best_model_1.pth
2026-05-20 12:29:24,450 INFO src.train.trainer: Last model at epoch 3 saved to /root/autodl-tmp/em_eqf/experiments/clf_grid_r_2_2/runs/tf_90_mf_5p5_seed_0/last_model_1.pth
2026-05-20 12:29:24,450 INFO src.train.trainer: Epoch 4
2026-05-20 12:29:27,220 INFO src.train.trainer: New best validation loss: 0.0522, saved to /root/autodl-tmp/em_eqf/experiments/clf_grid_r_2_2/runs/tf_90_mf_5p5_seed_0/best_model_1.pth
2026-05-20 12:29:27,230 INFO src.train.trainer: Last model at epoch 4 saved to /root/autodl-tmp/em_eqf/experiments/clf_grid_r_2_2/runs/tf_90_mf_5p5_seed_0/last_model_1.pth
2026-05-20 12:29:27,230 INFO src.train.trainer: Epoch 5
2026-05-20 12:29:30,017 INFO src.train.trainer: Last model at epoch 5 saved to /root/autodl-tmp/em_eqf/experiments/clf_grid_r_2_2/runs/tf_90_mf_5p5_seed_0/last_model_1.pth
2026-05-20 12:29:30,018 INFO src.train.trainer: Epoch 6
2026-05-20 12:29:33,015 INFO src.train.trainer: Last model at epoch 6 saved to /root/autodl-tmp/em_eqf/experiments/clf_grid_r_2_2/runs/tf_90_mf_5p5_seed_0/last_model_1.pth
2026-05-20 12:29:33,015 INFO src.train.trainer: Epoch 7
2026-05-20 12:29:36,786 INFO src.train.trainer: Last model at epoch 7 saved to /root/autodl-tmp/em_eqf/experiments/clf_grid_r_2_2/runs/tf_90_mf_5p5_seed_0/last_model_1.pth
2026-05-20 12:29:36,786 INFO src.train.trainer: Epoch 8
2026-05-20 12:29:40,255 INFO src.train.trainer: Last model at epoch 8 saved to /root/autodl-tmp/em_eqf/experiments/clf_grid_r_2_2/runs/tf_90_mf_5p5_seed_0/last_model_1.pth
2026-05-20 12:29:40,255 INFO src.train.trainer: Epoch 9
2026-05-20 12:29:43,454 INFO src.train.trainer: Last model at epoch 9 saved to /root/autodl-tmp/em_eqf/experiments/clf_grid_r_2_2/runs/tf_90_mf_5p5_seed_0/last_model_1.pth
2026-05-20 12:29:43,455 INFO src.train.trainer: Epoch 10
2026-05-20 12:29:46,431 INFO src.train.trainer: Last model at epoch 10 saved to /root/autodl-tmp/em_eqf/experiments/clf_grid_r_2_2/runs/tf_90_mf_5p5_seed_0/last_model_1.pth
2026-05-20 12:29:46,431 INFO src.train.trainer: Epoch 11
2026-05-20 12:29:49,442 INFO src.train.trainer: Last model at epoch 11 saved to /root/autodl-tmp/em_eqf/experiments/clf_grid_r_2_2/runs/tf_90_mf_5p5_seed_0/last_model_1.pth
2026-05-20 12:29:49,442 INFO src.train.trainer: Epoch 12
2026-05-20 12:29:52,189 INFO src.train.trainer: Last model at epoch 12 saved to /root/autodl-tmp/em_eqf/experiments/clf_grid_r_2_2/runs/tf_90_mf_5p5_seed_0/last_model_1.pth
2026-05-20 12:29:52,189 INFO src.train.trainer: Epoch 13
2026-05-20 12:29:55,376 INFO src.train.trainer: Last model at epoch 13 saved to /root/autodl-tmp/em_eqf/experiments/clf_grid_r_2_2/runs/tf_90_mf_5p5_seed_0/last_model_1.pth
2026-05-20 12:29:55,376 INFO src.train.trainer: Epoch 14
2026-05-20 12:29:59,144 INFO src.train.trainer: Last model at epoch 14 saved to /root/autodl-tmp/em_eqf/experiments/clf_grid_r_2_2/runs/tf_90_mf_5p5_seed_0/last_model_1.pth
2026-05-20 12:29:59,145 INFO src.train.trainer: Early stopping triggered at epoch 14 (best epoch: 4, best val loss: 0.052159)
2026-05-20 12:30:11,745 INFO src.data.preprocessing: CSV files found: ['chuandian_2021.csv']
2026-05-20 12:30:13,234 INFO src.utils.file_utils: Loading cached data from: data/ChuanDian/classifier/classifier_Mc_3_Mf_5.5_Tfore_90_Twindow_180_context_len_1_dt_10.pkl
2026-05-20 12:30:14,527 INFO src.data.preprocessing: Catalog statistics: {'tau_unfiltered': 0.15339908988298961, 'tau_q025': 0.08114294020924717, 'tau_q05': 0.5134664350189269, 'tau_mean': 1.3070542199341526, 'tau_max': 25.18216435192153, 'tau_min': 0.0, 'time_max': 18770.72654999979, 'time_mean': 10030.9430649837, 'mag_completeness': 3.0, 'mag_mean': 3.456916005014626, 'mag_max': 8.0, 'mag_min': 3.0, 'b_value': 0.856738547623331, 'b_std': 0.0071499224812533796, 'b_n': 14358}
2026-05-20 12:30:14,551 INFO src.data.event_loader: lengths of samples: min=32, max=749, avg=124.26
2026-05-20 12:30:14,552 INFO src.data.event_loader: Number of positive samples: 471
2026-05-20 12:30:14,552 INFO src.data.event_loader: Number of negative samples: 1055
2026-05-20 12:30:14,553 INFO src.data.event_loader: Positive samples: 390, Negative samples: 830
2026-05-20 12:30:14,553 INFO src.data.event_loader: Total samples: 1220, Positive ratio: 0.32, Negative ratio: 0.68
2026-05-20 12:30:14,554 INFO src.data.event_loader: Positive samples: 62, Negative samples: 90
2026-05-20 12:30:14,554 INFO src.data.event_loader: Total samples: 152, Positive ratio: 0.41, Negative ratio: 0.59
2026-05-20 12:30:14,554 INFO src.data.event_loader: Positive samples: 19, Negative samples: 135
2026-05-20 12:30:14,554 INFO src.data.event_loader: Total samples: 154, Positive ratio: 0.12, Negative ratio: 0.88
2026-05-20 12:30:15,147 INFO src.models.adapters.mixer_task: using time scale base 1.3070542199341526 (key: tau_mean)
2026-05-20 12:30:15,147 INFO src.models.adapters.mixer_task: tau mean: tensor(1.3071)
2026-05-20 12:30:15,155 INFO src.train.config_setup: Restoring model from checkpoint.
2026-05-20 12:30:15,155 INFO src.train.config_setup: Loading model weights: load_specific_parts=None
2026-05-20 12:30:15,157 INFO src.train.config_setup: Checkpoint loaded: <All keys matched successfully>
2026-05-20 12:30:15,157 INFO src.train.config_setup: Full load summary: loaded=56, missing=0, unexpected=0
2026-05-20 12:30:15,158 INFO src.train.config_setup: Checkpoint hyperparameters loaded.
2026-05-20 12:30:15,158 INFO src.train.config_setup: Checkpoint train metrics available.
2026-05-20 12:30:15,158 INFO src.train.config_setup: Checkpoint val metrics available.
2026-05-20 12:30:15,158 INFO src.train.config_setup: Freeze skipped (checkpoint_restore): freeze_parts is empty.
2026-05-20 12:30:15,159 INFO src.train.config_setup: Using classification criterion: focal
2026-05-20 12:30:15,159 INFO src.train.config_setup: Criterion config: {'alpha': 0.25, 'gamma': 2.0}
2026-05-20 12:30:15,160 INFO src.train.config_setup: Not resuming optimizer/scheduler state; reset training state to start_epoch=0, best_val_loss=inf.
2026-05-20 12:30:15,160 INFO src.cli.common: Using threshold 0.3796006441116333 from checkpoint val_metrics for testing.
2026-05-20 12:30:20,491 INFO src.utils.metrics: ROC curve saved to /root/autodl-tmp/em_eqf/experiments/clf_grid_r_2_2/runs/tf_90_mf_5p5_seed_0/roc_curve.png
2026-05-20 12:30:20,652 INFO src.utils.metrics: PR curve saved to /root/autodl-tmp/em_eqf/experiments/clf_grid_r_2_2/runs/tf_90_mf_5p5_seed_0/pr_curve.png
2026-05-20 12:30:20,729 INFO src.utils.metrics: Confusion matrix saved to /root/autodl-tmp/em_eqf/experiments/clf_grid_r_2_2/runs/tf_90_mf_5p5_seed_0/confusion_matrix.png
2026-05-20 12:30:20,729 INFO src.cli.workflows: Test loss: 0.05044312849640846
2026-05-20 12:30:21,838 INFO src.train.classifier_train_step: Prediction distribution plot has been saved to: /root/autodl-tmp/em_eqf/experiments/clf_grid_r_2_2/runs/tf_90_mf_5p5_seed_0/train_pred_distribution.png
2026-05-20 12:30:22,322 INFO src.train.classifier_train_step: Prediction distribution plot has been saved to: /root/autodl-tmp/em_eqf/experiments/clf_grid_r_2_2/runs/tf_90_mf_5p5_seed_0/val_pred_distribution.png
2026-05-20 12:30:22,735 INFO src.train.classifier_train_step: Prediction distribution plot has been saved to: /root/autodl-tmp/em_eqf/experiments/clf_grid_r_2_2/runs/tf_90_mf_5p5_seed_0/test_pred_distribution.png
2026-05-20 12:30:22,735 INFO src.cli.common: Saved test metrics to /root/autodl-tmp/em_eqf/experiments/clf_grid_r_2_2/runs/tf_90_mf_5p5_seed_0/metrics_test_best_1.json
2026-05-20 12:30:22,735 INFO src.cli.common: Metrics: {'precision': 0.1111111111111111, 'recall': 0.05263157894736842, 'f1': 0.07142857142857142, 'auc': 0.40818713450292393, 'pr_auc': 0.15325436662407288, 'fpr': 0.05925925925925926, 'tpr': 0.05263157894736842, 'R': -0.006627680311890843, 'conf': 1.0, 'threshold': 0.3796006441116333}
