2026-05-21 16:15:24,049 INFO src.data.preprocessing: CSV files found: ['chuandian_2021.csv']
2026-05-21 16:15:24,608 INFO src.utils.file_utils: Loading cached data from: data/ChuanDian/classifier/classifier_Mc_3_Mf_4.0_Tfore_10_Twindow_180_context_len_1_dt_10.pkl
2026-05-21 16:15:24,859 INFO src.data.preprocessing: Catalog statistics: {'tau_unfiltered': 0.15339908988298961, 'tau_q025': 0.08114294020924717, 'tau_q05': 0.5134664350189269, 'tau_mean': 1.3070542199341526, 'tau_max': 25.18216435192153, 'tau_min': 0.0, 'time_max': 18770.72654999979, 'time_mean': 10030.9430649837, 'mag_completeness': 3.0, 'mag_mean': 3.456916005014626, 'mag_max': 8.0, 'mag_min': 3.0, 'b_value': 0.856738547623331, 'b_std': 0.0071499224812533796, 'b_n': 14358}
2026-05-21 16:15:24,873 INFO src.data.event_loader: lengths of samples: min=32, max=981, avg=135.51
2026-05-21 16:15:24,874 INFO src.data.event_loader: Number of positive samples: 780
2026-05-21 16:15:24,874 INFO src.data.event_loader: Number of negative samples: 683
2026-05-21 16:15:24,878 INFO src.data.event_loader: Positive samples: 594, Negative samples: 576
2026-05-21 16:15:24,878 INFO src.data.event_loader: Total samples: 1170, Positive ratio: 0.51, Negative ratio: 0.49
2026-05-21 16:15:24,878 INFO src.data.event_loader: Positive samples: 107, Negative samples: 39
2026-05-21 16:15:24,878 INFO src.data.event_loader: Total samples: 146, Positive ratio: 0.73, Negative ratio: 0.27
2026-05-21 16:15:24,878 INFO src.data.event_loader: Positive samples: 79, Negative samples: 68
2026-05-21 16:15:24,878 INFO src.data.event_loader: Total samples: 147, Positive ratio: 0.54, Negative ratio: 0.46
2026-05-21 16:15:24,922 INFO src.cli.workflows: Loading checkpoint from: ./checkpoints/mixer_tpp_20260510-211348/last_model_1.pth
2026-05-21 16:15:25,788 INFO src.models.adapters.mixer_task: using time scale base 1.3070542199341526 (key: tau_mean)
2026-05-21 16:15:25,788 INFO src.models.adapters.mixer_task: tau mean: tensor(1.3071)
2026-05-21 16:15:25,795 INFO src.train.config_setup: Restoring model from checkpoint.
2026-05-21 16:15:25,795 INFO src.train.config_setup: Loading model weights: load_specific_parts=['encoder']
2026-05-21 16:15:25,796 INFO src.train.config_setup: Selective load summary: requested_parts=['encoder'], target_in_model=40, matched_in_checkpoint=30, loaded=30, missing_after_load=10, shape_mismatch=0, missing_in_model=0, out_of_scope_loaded=0
2026-05-21 16:15:25,797 INFO src.train.config_setup: Selective load coverage [encoder]: target=40, hit=30, missing=10, complete=False
2026-05-21 16:15:25,797 WARNING src.train.config_setup: Selective load coverage missing preview [encoder]: ['base_model.encoder.layers.2.mixer.in_proj.bias', 'base_model.encoder.layers.2.mixer.in_proj.weight', 'base_model.encoder.layers.2.mixer.out_proj.bias', 'base_model.encoder.layers.2.mixer.out_proj.weight', 'base_model.encoder.layers.2.mlp.fc1.weight', 'base_model.encoder.layers.2.mlp.fc2.weight', 'base_model.encoder.layers.2.norm.bias', 'base_model.encoder.layers.2.norm.weight'] ... (+2 more)
2026-05-21 16:15:25,797 WARNING src.train.config_setup: Checkpoint missing target parameter preview: ['base_model.encoder.layers.2.mixer.in_proj.bias', 'base_model.encoder.layers.2.mixer.in_proj.weight', 'base_model.encoder.layers.2.mixer.out_proj.bias', 'base_model.encoder.layers.2.mixer.out_proj.weight', 'base_model.encoder.layers.2.mlp.fc1.weight', 'base_model.encoder.layers.2.mlp.fc2.weight', 'base_model.encoder.layers.2.norm.bias', 'base_model.encoder.layers.2.norm.weight', 'base_model.encoder.layers.2.norm2.bias', 'base_model.encoder.layers.2.norm2.weight']
2026-05-21 16:15:25,797 WARNING src.train.config_setup: Target not-loaded parameter preview: ['base_model.encoder.layers.2.mixer.in_proj.bias', 'base_model.encoder.layers.2.mixer.in_proj.weight', 'base_model.encoder.layers.2.mixer.out_proj.bias', 'base_model.encoder.layers.2.mixer.out_proj.weight', 'base_model.encoder.layers.2.mlp.fc1.weight', 'base_model.encoder.layers.2.mlp.fc2.weight', 'base_model.encoder.layers.2.norm.bias', 'base_model.encoder.layers.2.norm.weight', 'base_model.encoder.layers.2.norm2.bias', 'base_model.encoder.layers.2.norm2.weight']
2026-05-21 16:15:25,797 INFO src.train.config_setup: Loaded parameter preview: ['base_model.encoder.layers.0.mlp.fc2.weight', 'base_model.encoder.layers.0.norm2.bias', 'base_model.encoder.layers.0.norm2.weight', 'base_model.encoder.input_proj.0.weight', 'base_model.encoder.layers.1.mixer.out_proj.weight', 'base_model.encoder.layers.1.mlp.fc2.weight', 'base_model.encoder.layers.0.norm.bias', 'base_model.encoder.layers.1.mixer.norm.weight', 'base_model.encoder.layers.1.mixer.D', 'base_model.encoder.input_proj.3.weight'] ... (+20 more)
2026-05-21 16:15:25,798 INFO src.train.config_setup: Checkpoint hyperparameters loaded.
2026-05-21 16:15:25,798 INFO src.train.config_setup: Checkpoint train metrics available.
2026-05-21 16:15:25,798 INFO src.train.config_setup: Checkpoint val metrics available.
2026-05-21 16:15:25,798 INFO src.train.config_setup: Freeze skipped (checkpoint_restore): freeze_parts is empty.
2026-05-21 16:15:25,798 INFO src.train.config_setup: Using classification criterion: focal
2026-05-21 16:15:25,798 INFO src.train.config_setup: Criterion config: {'alpha': 0.5, 'gamma': 2.0}
2026-05-21 16:15:25,799 INFO src.train.config_setup: Not resuming optimizer/scheduler state; reset training state to start_epoch=0, best_val_loss=inf.
2026-05-21 16:15:25,799 INFO src.train.trainer: Epoch 1
2026-05-21 16:15:45,664 INFO src.train.trainer: New best validation loss: 0.0876, saved to /root/autodl-tmp/em_eqf/experiments/clf_pre_v1/clf_pre_AZDX_minus_b_v1/runs/tf_10_mf_4p0_seed_3/best_model_1.pth
2026-05-21 16:15:45,670 INFO src.train.trainer: Last model at epoch 1 saved to /root/autodl-tmp/em_eqf/experiments/clf_pre_v1/clf_pre_AZDX_minus_b_v1/runs/tf_10_mf_4p0_seed_3/last_model_1.pth
2026-05-21 16:15:45,671 INFO src.train.trainer: Epoch 2
2026-05-21 16:15:49,387 INFO src.train.trainer: Last model at epoch 2 saved to /root/autodl-tmp/em_eqf/experiments/clf_pre_v1/clf_pre_AZDX_minus_b_v1/runs/tf_10_mf_4p0_seed_3/last_model_1.pth
2026-05-21 16:15:49,387 INFO src.train.trainer: Epoch 3
2026-05-21 16:15:53,157 INFO src.train.trainer: New best validation loss: 0.0867, saved to /root/autodl-tmp/em_eqf/experiments/clf_pre_v1/clf_pre_AZDX_minus_b_v1/runs/tf_10_mf_4p0_seed_3/best_model_1.pth
2026-05-21 16:15:53,166 INFO src.train.trainer: Last model at epoch 3 saved to /root/autodl-tmp/em_eqf/experiments/clf_pre_v1/clf_pre_AZDX_minus_b_v1/runs/tf_10_mf_4p0_seed_3/last_model_1.pth
2026-05-21 16:15:53,166 INFO src.train.trainer: Epoch 4
2026-05-21 16:15:57,078 INFO src.train.trainer: Last model at epoch 4 saved to /root/autodl-tmp/em_eqf/experiments/clf_pre_v1/clf_pre_AZDX_minus_b_v1/runs/tf_10_mf_4p0_seed_3/last_model_1.pth
2026-05-21 16:15:57,079 INFO src.train.trainer: Epoch 5
2026-05-21 16:16:00,918 INFO src.train.trainer: New best validation loss: 0.0816, saved to /root/autodl-tmp/em_eqf/experiments/clf_pre_v1/clf_pre_AZDX_minus_b_v1/runs/tf_10_mf_4p0_seed_3/best_model_1.pth
2026-05-21 16:16:00,926 INFO src.train.trainer: Last model at epoch 5 saved to /root/autodl-tmp/em_eqf/experiments/clf_pre_v1/clf_pre_AZDX_minus_b_v1/runs/tf_10_mf_4p0_seed_3/last_model_1.pth
2026-05-21 16:16:00,926 INFO src.train.trainer: Epoch 6
2026-05-21 16:16:04,456 INFO src.train.trainer: Last model at epoch 6 saved to /root/autodl-tmp/em_eqf/experiments/clf_pre_v1/clf_pre_AZDX_minus_b_v1/runs/tf_10_mf_4p0_seed_3/last_model_1.pth
2026-05-21 16:16:04,456 INFO src.train.trainer: Epoch 7
2026-05-21 16:16:08,055 INFO src.train.trainer: New best validation loss: 0.0809, saved to /root/autodl-tmp/em_eqf/experiments/clf_pre_v1/clf_pre_AZDX_minus_b_v1/runs/tf_10_mf_4p0_seed_3/best_model_1.pth
2026-05-21 16:16:08,062 INFO src.train.trainer: Last model at epoch 7 saved to /root/autodl-tmp/em_eqf/experiments/clf_pre_v1/clf_pre_AZDX_minus_b_v1/runs/tf_10_mf_4p0_seed_3/last_model_1.pth
2026-05-21 16:16:08,062 INFO src.train.trainer: Epoch 8
2026-05-21 16:16:11,311 INFO src.train.trainer: New best validation loss: 0.0768, saved to /root/autodl-tmp/em_eqf/experiments/clf_pre_v1/clf_pre_AZDX_minus_b_v1/runs/tf_10_mf_4p0_seed_3/best_model_1.pth
2026-05-21 16:16:11,316 INFO src.train.trainer: Last model at epoch 8 saved to /root/autodl-tmp/em_eqf/experiments/clf_pre_v1/clf_pre_AZDX_minus_b_v1/runs/tf_10_mf_4p0_seed_3/last_model_1.pth
2026-05-21 16:16:11,316 INFO src.train.trainer: Epoch 9
2026-05-21 16:16:14,131 INFO src.train.trainer: Last model at epoch 9 saved to /root/autodl-tmp/em_eqf/experiments/clf_pre_v1/clf_pre_AZDX_minus_b_v1/runs/tf_10_mf_4p0_seed_3/last_model_1.pth
2026-05-21 16:16:14,131 INFO src.train.trainer: Epoch 10
2026-05-21 16:16:17,278 INFO src.train.trainer: Last model at epoch 10 saved to /root/autodl-tmp/em_eqf/experiments/clf_pre_v1/clf_pre_AZDX_minus_b_v1/runs/tf_10_mf_4p0_seed_3/last_model_1.pth
2026-05-21 16:16:17,278 INFO src.train.trainer: Epoch 11
2026-05-21 16:16:20,308 INFO src.train.trainer: Last model at epoch 11 saved to /root/autodl-tmp/em_eqf/experiments/clf_pre_v1/clf_pre_AZDX_minus_b_v1/runs/tf_10_mf_4p0_seed_3/last_model_1.pth
2026-05-21 16:16:20,308 INFO src.train.trainer: Epoch 12
2026-05-21 16:16:23,626 INFO src.train.trainer: New best validation loss: 0.0714, saved to /root/autodl-tmp/em_eqf/experiments/clf_pre_v1/clf_pre_AZDX_minus_b_v1/runs/tf_10_mf_4p0_seed_3/best_model_1.pth
2026-05-21 16:16:23,632 INFO src.train.trainer: Last model at epoch 12 saved to /root/autodl-tmp/em_eqf/experiments/clf_pre_v1/clf_pre_AZDX_minus_b_v1/runs/tf_10_mf_4p0_seed_3/last_model_1.pth
2026-05-21 16:16:23,633 INFO src.train.trainer: Epoch 13
2026-05-21 16:16:27,072 INFO src.train.trainer: New best validation loss: 0.0694, saved to /root/autodl-tmp/em_eqf/experiments/clf_pre_v1/clf_pre_AZDX_minus_b_v1/runs/tf_10_mf_4p0_seed_3/best_model_1.pth
2026-05-21 16:16:27,102 INFO src.train.trainer: Last model at epoch 13 saved to /root/autodl-tmp/em_eqf/experiments/clf_pre_v1/clf_pre_AZDX_minus_b_v1/runs/tf_10_mf_4p0_seed_3/last_model_1.pth
2026-05-21 16:16:27,102 INFO src.train.trainer: Epoch 14
2026-05-21 16:16:30,335 INFO src.train.trainer: Last model at epoch 14 saved to /root/autodl-tmp/em_eqf/experiments/clf_pre_v1/clf_pre_AZDX_minus_b_v1/runs/tf_10_mf_4p0_seed_3/last_model_1.pth
2026-05-21 16:16:30,336 INFO src.train.trainer: Epoch 15
2026-05-21 16:16:33,174 INFO src.train.trainer: Last model at epoch 15 saved to /root/autodl-tmp/em_eqf/experiments/clf_pre_v1/clf_pre_AZDX_minus_b_v1/runs/tf_10_mf_4p0_seed_3/last_model_1.pth
2026-05-21 16:16:33,174 INFO src.train.trainer: Epoch 16
2026-05-21 16:16:35,936 INFO src.train.trainer: Last model at epoch 16 saved to /root/autodl-tmp/em_eqf/experiments/clf_pre_v1/clf_pre_AZDX_minus_b_v1/runs/tf_10_mf_4p0_seed_3/last_model_1.pth
2026-05-21 16:16:35,936 INFO src.train.trainer: Epoch 17
2026-05-21 16:16:38,631 INFO src.train.trainer: Last model at epoch 17 saved to /root/autodl-tmp/em_eqf/experiments/clf_pre_v1/clf_pre_AZDX_minus_b_v1/runs/tf_10_mf_4p0_seed_3/last_model_1.pth
2026-05-21 16:16:38,631 INFO src.train.trainer: Epoch 18
2026-05-21 16:16:41,385 INFO src.train.trainer: Last model at epoch 18 saved to /root/autodl-tmp/em_eqf/experiments/clf_pre_v1/clf_pre_AZDX_minus_b_v1/runs/tf_10_mf_4p0_seed_3/last_model_1.pth
2026-05-21 16:16:41,385 INFO src.train.trainer: Epoch 19
2026-05-21 16:16:44,105 INFO src.train.trainer: Last model at epoch 19 saved to /root/autodl-tmp/em_eqf/experiments/clf_pre_v1/clf_pre_AZDX_minus_b_v1/runs/tf_10_mf_4p0_seed_3/last_model_1.pth
2026-05-21 16:16:44,105 INFO src.train.trainer: Epoch 20
2026-05-21 16:16:47,403 INFO src.train.trainer: Last model at epoch 20 saved to /root/autodl-tmp/em_eqf/experiments/clf_pre_v1/clf_pre_AZDX_minus_b_v1/runs/tf_10_mf_4p0_seed_3/last_model_1.pth
2026-05-21 16:16:47,403 INFO src.train.trainer: Epoch 21
2026-05-21 16:16:50,166 INFO src.train.trainer: Last model at epoch 21 saved to /root/autodl-tmp/em_eqf/experiments/clf_pre_v1/clf_pre_AZDX_minus_b_v1/runs/tf_10_mf_4p0_seed_3/last_model_1.pth
2026-05-21 16:16:50,167 INFO src.train.trainer: Epoch 22
2026-05-21 16:16:52,791 INFO src.train.trainer: New best validation loss: 0.0633, saved to /root/autodl-tmp/em_eqf/experiments/clf_pre_v1/clf_pre_AZDX_minus_b_v1/runs/tf_10_mf_4p0_seed_3/best_model_1.pth
2026-05-21 16:16:52,796 INFO src.train.trainer: Last model at epoch 22 saved to /root/autodl-tmp/em_eqf/experiments/clf_pre_v1/clf_pre_AZDX_minus_b_v1/runs/tf_10_mf_4p0_seed_3/last_model_1.pth
2026-05-21 16:16:52,800 INFO src.train.trainer: Epoch 23
2026-05-21 16:16:55,408 INFO src.train.trainer: New best validation loss: 0.0554, saved to /root/autodl-tmp/em_eqf/experiments/clf_pre_v1/clf_pre_AZDX_minus_b_v1/runs/tf_10_mf_4p0_seed_3/best_model_1.pth
2026-05-21 16:16:55,416 INFO src.train.trainer: Last model at epoch 23 saved to /root/autodl-tmp/em_eqf/experiments/clf_pre_v1/clf_pre_AZDX_minus_b_v1/runs/tf_10_mf_4p0_seed_3/last_model_1.pth
2026-05-21 16:16:55,416 INFO src.train.trainer: Epoch 24
2026-05-21 16:16:57,815 INFO src.train.trainer: Last model at epoch 24 saved to /root/autodl-tmp/em_eqf/experiments/clf_pre_v1/clf_pre_AZDX_minus_b_v1/runs/tf_10_mf_4p0_seed_3/last_model_1.pth
2026-05-21 16:16:57,815 INFO src.train.trainer: Epoch 25
2026-05-21 16:17:00,541 INFO src.train.trainer: Last model at epoch 25 saved to /root/autodl-tmp/em_eqf/experiments/clf_pre_v1/clf_pre_AZDX_minus_b_v1/runs/tf_10_mf_4p0_seed_3/last_model_1.pth
2026-05-21 16:17:00,541 INFO src.train.trainer: Epoch 26
2026-05-21 16:17:04,256 INFO src.train.trainer: Last model at epoch 26 saved to /root/autodl-tmp/em_eqf/experiments/clf_pre_v1/clf_pre_AZDX_minus_b_v1/runs/tf_10_mf_4p0_seed_3/last_model_1.pth
2026-05-21 16:17:04,256 INFO src.train.trainer: Epoch 27
2026-05-21 16:17:07,285 INFO src.train.trainer: Last model at epoch 27 saved to /root/autodl-tmp/em_eqf/experiments/clf_pre_v1/clf_pre_AZDX_minus_b_v1/runs/tf_10_mf_4p0_seed_3/last_model_1.pth
2026-05-21 16:17:07,285 INFO src.train.trainer: Epoch 28
2026-05-21 16:17:10,646 INFO src.train.trainer: New best validation loss: 0.0537, saved to /root/autodl-tmp/em_eqf/experiments/clf_pre_v1/clf_pre_AZDX_minus_b_v1/runs/tf_10_mf_4p0_seed_3/best_model_1.pth
2026-05-21 16:17:10,652 INFO src.train.trainer: Last model at epoch 28 saved to /root/autodl-tmp/em_eqf/experiments/clf_pre_v1/clf_pre_AZDX_minus_b_v1/runs/tf_10_mf_4p0_seed_3/last_model_1.pth
2026-05-21 16:17:10,652 INFO src.train.trainer: Epoch 29
2026-05-21 16:17:13,769 INFO src.train.trainer: Last model at epoch 29 saved to /root/autodl-tmp/em_eqf/experiments/clf_pre_v1/clf_pre_AZDX_minus_b_v1/runs/tf_10_mf_4p0_seed_3/last_model_1.pth
2026-05-21 16:17:13,770 INFO src.train.trainer: Epoch 30
2026-05-21 16:17:16,765 INFO src.train.trainer: Last model at epoch 30 saved to /root/autodl-tmp/em_eqf/experiments/clf_pre_v1/clf_pre_AZDX_minus_b_v1/runs/tf_10_mf_4p0_seed_3/last_model_1.pth
2026-05-21 16:17:16,766 INFO src.train.trainer: Epoch 31
2026-05-21 16:17:20,295 INFO src.train.trainer: Last model at epoch 31 saved to /root/autodl-tmp/em_eqf/experiments/clf_pre_v1/clf_pre_AZDX_minus_b_v1/runs/tf_10_mf_4p0_seed_3/last_model_1.pth
2026-05-21 16:17:20,295 INFO src.train.trainer: Epoch 32
2026-05-21 16:17:23,671 INFO src.train.trainer: Last model at epoch 32 saved to /root/autodl-tmp/em_eqf/experiments/clf_pre_v1/clf_pre_AZDX_minus_b_v1/runs/tf_10_mf_4p0_seed_3/last_model_1.pth
2026-05-21 16:17:23,671 INFO src.train.trainer: Epoch 33
2026-05-21 16:17:27,240 INFO src.train.trainer: New best validation loss: 0.0510, saved to /root/autodl-tmp/em_eqf/experiments/clf_pre_v1/clf_pre_AZDX_minus_b_v1/runs/tf_10_mf_4p0_seed_3/best_model_1.pth
2026-05-21 16:17:27,247 INFO src.train.trainer: Last model at epoch 33 saved to /root/autodl-tmp/em_eqf/experiments/clf_pre_v1/clf_pre_AZDX_minus_b_v1/runs/tf_10_mf_4p0_seed_3/last_model_1.pth
2026-05-21 16:17:27,247 INFO src.train.trainer: Epoch 34
2026-05-21 16:17:30,548 INFO src.train.trainer: New best validation loss: 0.0488, saved to /root/autodl-tmp/em_eqf/experiments/clf_pre_v1/clf_pre_AZDX_minus_b_v1/runs/tf_10_mf_4p0_seed_3/best_model_1.pth
2026-05-21 16:17:30,554 INFO src.train.trainer: Last model at epoch 34 saved to /root/autodl-tmp/em_eqf/experiments/clf_pre_v1/clf_pre_AZDX_minus_b_v1/runs/tf_10_mf_4p0_seed_3/last_model_1.pth
2026-05-21 16:17:30,555 INFO src.train.trainer: Epoch 35
2026-05-21 16:17:33,860 INFO src.train.trainer: Last model at epoch 35 saved to /root/autodl-tmp/em_eqf/experiments/clf_pre_v1/clf_pre_AZDX_minus_b_v1/runs/tf_10_mf_4p0_seed_3/last_model_1.pth
2026-05-21 16:17:33,861 INFO src.train.trainer: Epoch 36
2026-05-21 16:17:37,531 INFO src.train.trainer: Last model at epoch 36 saved to /root/autodl-tmp/em_eqf/experiments/clf_pre_v1/clf_pre_AZDX_minus_b_v1/runs/tf_10_mf_4p0_seed_3/last_model_1.pth
2026-05-21 16:17:37,531 INFO src.train.trainer: Epoch 37
2026-05-21 16:17:40,975 INFO src.train.trainer: Last model at epoch 37 saved to /root/autodl-tmp/em_eqf/experiments/clf_pre_v1/clf_pre_AZDX_minus_b_v1/runs/tf_10_mf_4p0_seed_3/last_model_1.pth
2026-05-21 16:17:40,975 INFO src.train.trainer: Epoch 38
2026-05-21 16:17:44,319 INFO src.train.trainer: Last model at epoch 38 saved to /root/autodl-tmp/em_eqf/experiments/clf_pre_v1/clf_pre_AZDX_minus_b_v1/runs/tf_10_mf_4p0_seed_3/last_model_1.pth
2026-05-21 16:17:44,319 INFO src.train.trainer: Epoch 39
2026-05-21 16:17:47,646 INFO src.train.trainer: Last model at epoch 39 saved to /root/autodl-tmp/em_eqf/experiments/clf_pre_v1/clf_pre_AZDX_minus_b_v1/runs/tf_10_mf_4p0_seed_3/last_model_1.pth
2026-05-21 16:17:47,646 INFO src.train.trainer: Epoch 40
2026-05-21 16:17:51,102 INFO src.train.trainer: Last model at epoch 40 saved to /root/autodl-tmp/em_eqf/experiments/clf_pre_v1/clf_pre_AZDX_minus_b_v1/runs/tf_10_mf_4p0_seed_3/last_model_1.pth
2026-05-21 16:17:51,102 INFO src.train.trainer: Epoch 41
2026-05-21 16:17:54,213 INFO src.train.trainer: Last model at epoch 41 saved to /root/autodl-tmp/em_eqf/experiments/clf_pre_v1/clf_pre_AZDX_minus_b_v1/runs/tf_10_mf_4p0_seed_3/last_model_1.pth
2026-05-21 16:17:54,214 INFO src.train.trainer: Epoch 42
2026-05-21 16:17:57,461 INFO src.train.trainer: Last model at epoch 42 saved to /root/autodl-tmp/em_eqf/experiments/clf_pre_v1/clf_pre_AZDX_minus_b_v1/runs/tf_10_mf_4p0_seed_3/last_model_1.pth
2026-05-21 16:17:57,462 INFO src.train.trainer: Epoch 43
2026-05-21 16:18:00,630 INFO src.train.trainer: Last model at epoch 43 saved to /root/autodl-tmp/em_eqf/experiments/clf_pre_v1/clf_pre_AZDX_minus_b_v1/runs/tf_10_mf_4p0_seed_3/last_model_1.pth
2026-05-21 16:18:00,630 INFO src.train.trainer: Epoch 44
2026-05-21 16:18:04,026 INFO src.train.trainer: Last model at epoch 44 saved to /root/autodl-tmp/em_eqf/experiments/clf_pre_v1/clf_pre_AZDX_minus_b_v1/runs/tf_10_mf_4p0_seed_3/last_model_1.pth
2026-05-21 16:18:04,026 INFO src.train.trainer: Early stopping triggered at epoch 44 (best epoch: 34, best val loss: 0.048846)
2026-05-21 16:18:13,761 INFO src.data.preprocessing: CSV files found: ['chuandian_2021.csv']
2026-05-21 16:18:14,331 INFO src.utils.file_utils: Loading cached data from: data/ChuanDian/classifier/classifier_Mc_3_Mf_4.0_Tfore_10_Twindow_180_context_len_1_dt_10.pkl
2026-05-21 16:18:14,607 INFO src.data.preprocessing: Catalog statistics: {'tau_unfiltered': 0.15339908988298961, 'tau_q025': 0.08114294020924717, 'tau_q05': 0.5134664350189269, 'tau_mean': 1.3070542199341526, 'tau_max': 25.18216435192153, 'tau_min': 0.0, 'time_max': 18770.72654999979, 'time_mean': 10030.9430649837, 'mag_completeness': 3.0, 'mag_mean': 3.456916005014626, 'mag_max': 8.0, 'mag_min': 3.0, 'b_value': 0.856738547623331, 'b_std': 0.0071499224812533796, 'b_n': 14358}
2026-05-21 16:18:14,621 INFO src.data.event_loader: lengths of samples: min=32, max=981, avg=135.51
2026-05-21 16:18:14,621 INFO src.data.event_loader: Number of positive samples: 780
2026-05-21 16:18:14,622 INFO src.data.event_loader: Number of negative samples: 683
2026-05-21 16:18:14,622 INFO src.data.event_loader: Positive samples: 594, Negative samples: 576
2026-05-21 16:18:14,623 INFO src.data.event_loader: Total samples: 1170, Positive ratio: 0.51, Negative ratio: 0.49
2026-05-21 16:18:14,623 INFO src.data.event_loader: Positive samples: 107, Negative samples: 39
2026-05-21 16:18:14,623 INFO src.data.event_loader: Total samples: 146, Positive ratio: 0.73, Negative ratio: 0.27
2026-05-21 16:18:14,623 INFO src.data.event_loader: Positive samples: 79, Negative samples: 68
2026-05-21 16:18:14,623 INFO src.data.event_loader: Total samples: 147, Positive ratio: 0.54, Negative ratio: 0.46
2026-05-21 16:18:15,018 INFO src.models.adapters.mixer_task: using time scale base 1.3070542199341526 (key: tau_mean)
2026-05-21 16:18:15,018 INFO src.models.adapters.mixer_task: tau mean: tensor(1.3071)
2026-05-21 16:18:15,069 INFO src.train.config_setup: Restoring model from checkpoint.
2026-05-21 16:18:15,069 INFO src.train.config_setup: Loading model weights: load_specific_parts=None
2026-05-21 16:18:15,071 INFO src.train.config_setup: Checkpoint loaded: <All keys matched successfully>
2026-05-21 16:18:15,071 INFO src.train.config_setup: Full load summary: loaded=56, missing=0, unexpected=0
2026-05-21 16:18:15,072 INFO src.train.config_setup: Checkpoint hyperparameters loaded.
2026-05-21 16:18:15,072 INFO src.train.config_setup: Checkpoint train metrics available.
2026-05-21 16:18:15,072 INFO src.train.config_setup: Checkpoint val metrics available.
2026-05-21 16:18:15,072 INFO src.train.config_setup: Freeze skipped (checkpoint_restore): freeze_parts is empty.
2026-05-21 16:18:15,072 INFO src.train.config_setup: Using classification criterion: focal
2026-05-21 16:18:15,072 INFO src.train.config_setup: Criterion config: {'alpha': 0.5, 'gamma': 2.0}
2026-05-21 16:18:15,073 INFO src.train.config_setup: Not resuming optimizer/scheduler state; reset training state to start_epoch=0, best_val_loss=inf.
2026-05-21 16:18:15,073 INFO src.cli.common: Using threshold 0.4614288806915283 from checkpoint val_metrics for testing.
2026-05-21 16:18:20,911 INFO src.utils.metrics: ROC curve saved to /root/autodl-tmp/em_eqf/experiments/clf_pre_v1/clf_pre_AZDX_minus_b_v1/runs/tf_10_mf_4p0_seed_3/roc_curve.png
2026-05-21 16:18:21,020 INFO src.utils.metrics: PR curve saved to /root/autodl-tmp/em_eqf/experiments/clf_pre_v1/clf_pre_AZDX_minus_b_v1/runs/tf_10_mf_4p0_seed_3/pr_curve.png
2026-05-21 16:18:21,082 INFO src.utils.metrics: Confusion matrix saved to /root/autodl-tmp/em_eqf/experiments/clf_pre_v1/clf_pre_AZDX_minus_b_v1/runs/tf_10_mf_4p0_seed_3/confusion_matrix.png
2026-05-21 16:18:21,082 INFO src.cli.workflows: Test loss: 0.06267053758104642
2026-05-21 16:18:22,636 INFO src.train.classifier_train_step: Prediction distribution plot has been saved to: /root/autodl-tmp/em_eqf/experiments/clf_pre_v1/clf_pre_AZDX_minus_b_v1/runs/tf_10_mf_4p0_seed_3/train_pred_distribution.png
2026-05-21 16:18:23,123 INFO src.train.classifier_train_step: Prediction distribution plot has been saved to: /root/autodl-tmp/em_eqf/experiments/clf_pre_v1/clf_pre_AZDX_minus_b_v1/runs/tf_10_mf_4p0_seed_3/val_pred_distribution.png
2026-05-21 16:18:23,706 INFO src.train.classifier_train_step: Prediction distribution plot has been saved to: /root/autodl-tmp/em_eqf/experiments/clf_pre_v1/clf_pre_AZDX_minus_b_v1/runs/tf_10_mf_4p0_seed_3/test_pred_distribution.png
2026-05-21 16:18:23,707 INFO src.cli.common: Saved test metrics to /root/autodl-tmp/em_eqf/experiments/clf_pre_v1/clf_pre_AZDX_minus_b_v1/runs/tf_10_mf_4p0_seed_3/metrics_test_best_1.json
2026-05-21 16:18:23,707 INFO src.cli.common: Metrics: {'precision': 0.7428571428571429, 'recall': 0.6582278481012658, 'f1': 0.697986577181208, 'auc': 0.7862993298585257, 'pr_auc': 0.8612239564412546, 'fpr': 0.2647058823529412, 'tpr': 0.6582278481012658, 'R': 0.3935219657483246, 'conf': 1.0, 'threshold': 0.4614288806915283}
