2026-05-21 15:58:32,181 INFO src.data.preprocessing: CSV files found: ['chuandian_2021.csv']
2026-05-21 15:58:32,814 INFO src.utils.file_utils: Loading cached data from: data/ChuanDian/classifier/classifier_Mc_3_Mf_4.0_Tfore_10_Twindow_180_context_len_1_dt_10.pkl
2026-05-21 15:58:33,109 INFO src.data.preprocessing: Catalog statistics: {'tau_unfiltered': 0.15339908988298961, 'tau_q025': 0.08114294020924717, 'tau_q05': 0.5134664350189269, 'tau_mean': 1.3070542199341526, 'tau_max': 25.18216435192153, 'tau_min': 0.0, 'time_max': 18770.72654999979, 'time_mean': 10030.9430649837, 'mag_completeness': 3.0, 'mag_mean': 3.456916005014626, 'mag_max': 8.0, 'mag_min': 3.0, 'b_value': 0.856738547623331, 'b_std': 0.0071499224812533796, 'b_n': 14358}
2026-05-21 15:58:33,125 INFO src.data.event_loader: lengths of samples: min=32, max=981, avg=135.51
2026-05-21 15:58:33,126 INFO src.data.event_loader: Number of positive samples: 780
2026-05-21 15:58:33,126 INFO src.data.event_loader: Number of negative samples: 683
2026-05-21 15:58:33,148 INFO src.data.event_loader: Positive samples: 594, Negative samples: 576
2026-05-21 15:58:33,148 INFO src.data.event_loader: Total samples: 1170, Positive ratio: 0.51, Negative ratio: 0.49
2026-05-21 15:58:33,149 INFO src.data.event_loader: Positive samples: 107, Negative samples: 39
2026-05-21 15:58:33,149 INFO src.data.event_loader: Total samples: 146, Positive ratio: 0.73, Negative ratio: 0.27
2026-05-21 15:58:33,149 INFO src.data.event_loader: Positive samples: 79, Negative samples: 68
2026-05-21 15:58:33,149 INFO src.data.event_loader: Total samples: 147, Positive ratio: 0.54, Negative ratio: 0.46
2026-05-21 15:58:33,192 INFO src.cli.workflows: Loading checkpoint from: ./checkpoints/mixer_tpp_20260508-182744/last_model_1.pth
2026-05-21 15:58:33,684 INFO src.models.adapters.mixer_task: using time scale base 1.3070542199341526 (key: tau_mean)
2026-05-21 15:58:33,684 INFO src.models.adapters.mixer_task: tau mean: tensor(1.3071)
2026-05-21 15:58:33,703 INFO src.train.config_setup: Restoring model from checkpoint.
2026-05-21 15:58:33,703 INFO src.train.config_setup: Loading model weights: load_specific_parts=['encoder']
2026-05-21 15:58:33,704 INFO src.train.config_setup: Selective load summary: requested_parts=['encoder'], target_in_model=40, matched_in_checkpoint=30, loaded=30, missing_after_load=10, shape_mismatch=0, missing_in_model=0, out_of_scope_loaded=0
2026-05-21 15:58:33,705 INFO src.train.config_setup: Selective load coverage [encoder]: target=40, hit=30, missing=10, complete=False
2026-05-21 15:58:33,705 WARNING src.train.config_setup: Selective load coverage missing preview [encoder]: ['base_model.encoder.layers.2.mixer.in_proj.bias', 'base_model.encoder.layers.2.mixer.in_proj.weight', 'base_model.encoder.layers.2.mixer.out_proj.bias', 'base_model.encoder.layers.2.mixer.out_proj.weight', 'base_model.encoder.layers.2.mlp.fc1.weight', 'base_model.encoder.layers.2.mlp.fc2.weight', 'base_model.encoder.layers.2.norm.bias', 'base_model.encoder.layers.2.norm.weight'] ... (+2 more)
2026-05-21 15:58:33,705 WARNING src.train.config_setup: Checkpoint missing target parameter preview: ['base_model.encoder.layers.2.mixer.in_proj.bias', 'base_model.encoder.layers.2.mixer.in_proj.weight', 'base_model.encoder.layers.2.mixer.out_proj.bias', 'base_model.encoder.layers.2.mixer.out_proj.weight', 'base_model.encoder.layers.2.mlp.fc1.weight', 'base_model.encoder.layers.2.mlp.fc2.weight', 'base_model.encoder.layers.2.norm.bias', 'base_model.encoder.layers.2.norm.weight', 'base_model.encoder.layers.2.norm2.bias', 'base_model.encoder.layers.2.norm2.weight']
2026-05-21 15:58:33,705 WARNING src.train.config_setup: Target not-loaded parameter preview: ['base_model.encoder.layers.2.mixer.in_proj.bias', 'base_model.encoder.layers.2.mixer.in_proj.weight', 'base_model.encoder.layers.2.mixer.out_proj.bias', 'base_model.encoder.layers.2.mixer.out_proj.weight', 'base_model.encoder.layers.2.mlp.fc1.weight', 'base_model.encoder.layers.2.mlp.fc2.weight', 'base_model.encoder.layers.2.norm.bias', 'base_model.encoder.layers.2.norm.weight', 'base_model.encoder.layers.2.norm2.bias', 'base_model.encoder.layers.2.norm2.weight']
2026-05-21 15:58:33,705 INFO src.train.config_setup: Loaded parameter preview: ['base_model.encoder.input_proj.0.bias', 'base_model.encoder.layers.1.norm.bias', 'base_model.encoder.layers.0.mixer.D', 'base_model.encoder.layers.0.mixer.out_proj.weight', 'base_model.encoder.layers.0.mixer.dt_bias', 'base_model.encoder.layers.1.norm2.bias', 'base_model.encoder.norm_f.bias', 'base_model.encoder.layers.1.norm.weight', 'base_model.encoder.layers.1.mixer.A_log', 'base_model.encoder.layers.1.mixer.norm.weight'] ... (+20 more)
2026-05-21 15:58:33,706 INFO src.train.config_setup: Checkpoint hyperparameters loaded.
2026-05-21 15:58:33,706 INFO src.train.config_setup: Checkpoint train metrics available.
2026-05-21 15:58:33,706 INFO src.train.config_setup: Checkpoint val metrics available.
2026-05-21 15:58:33,706 INFO src.train.config_setup: Freeze skipped (checkpoint_restore): freeze_parts is empty.
2026-05-21 15:58:33,706 INFO src.train.config_setup: Using classification criterion: focal
2026-05-21 15:58:33,706 INFO src.train.config_setup: Criterion config: {'alpha': 0.5, 'gamma': 2.0}
2026-05-21 15:58:33,707 INFO src.train.config_setup: Not resuming optimizer/scheduler state; reset training state to start_epoch=0, best_val_loss=inf.
2026-05-21 15:58:33,707 INFO src.train.trainer: Epoch 1
2026-05-21 15:58:53,658 INFO src.train.trainer: New best validation loss: 0.1063, saved to /root/autodl-tmp/em_eqf/experiments/clf_pre_v1/clf_pre_AZDX_v1/runs/tf_10_mf_4p0_seed_2/best_model_1.pth
2026-05-21 15:58:53,703 INFO src.train.trainer: Last model at epoch 1 saved to /root/autodl-tmp/em_eqf/experiments/clf_pre_v1/clf_pre_AZDX_v1/runs/tf_10_mf_4p0_seed_2/last_model_1.pth
2026-05-21 15:58:53,703 INFO src.train.trainer: Epoch 2
2026-05-21 15:58:57,414 INFO src.train.trainer: New best validation loss: 0.0856, saved to /root/autodl-tmp/em_eqf/experiments/clf_pre_v1/clf_pre_AZDX_v1/runs/tf_10_mf_4p0_seed_2/best_model_1.pth
2026-05-21 15:58:57,421 INFO src.train.trainer: Last model at epoch 2 saved to /root/autodl-tmp/em_eqf/experiments/clf_pre_v1/clf_pre_AZDX_v1/runs/tf_10_mf_4p0_seed_2/last_model_1.pth
2026-05-21 15:58:57,421 INFO src.train.trainer: Epoch 3
2026-05-21 15:59:01,381 INFO src.train.trainer: New best validation loss: 0.0786, saved to /root/autodl-tmp/em_eqf/experiments/clf_pre_v1/clf_pre_AZDX_v1/runs/tf_10_mf_4p0_seed_2/best_model_1.pth
2026-05-21 15:59:01,388 INFO src.train.trainer: Last model at epoch 3 saved to /root/autodl-tmp/em_eqf/experiments/clf_pre_v1/clf_pre_AZDX_v1/runs/tf_10_mf_4p0_seed_2/last_model_1.pth
2026-05-21 15:59:01,388 INFO src.train.trainer: Epoch 4
2026-05-21 15:59:04,926 INFO src.train.trainer: Last model at epoch 4 saved to /root/autodl-tmp/em_eqf/experiments/clf_pre_v1/clf_pre_AZDX_v1/runs/tf_10_mf_4p0_seed_2/last_model_1.pth
2026-05-21 15:59:04,926 INFO src.train.trainer: Epoch 5
2026-05-21 15:59:09,313 INFO src.train.trainer: Last model at epoch 5 saved to /root/autodl-tmp/em_eqf/experiments/clf_pre_v1/clf_pre_AZDX_v1/runs/tf_10_mf_4p0_seed_2/last_model_1.pth
2026-05-21 15:59:09,313 INFO src.train.trainer: Epoch 6
2026-05-21 15:59:13,323 INFO src.train.trainer: New best validation loss: 0.0760, saved to /root/autodl-tmp/em_eqf/experiments/clf_pre_v1/clf_pre_AZDX_v1/runs/tf_10_mf_4p0_seed_2/best_model_1.pth
2026-05-21 15:59:13,328 INFO src.train.trainer: Last model at epoch 6 saved to /root/autodl-tmp/em_eqf/experiments/clf_pre_v1/clf_pre_AZDX_v1/runs/tf_10_mf_4p0_seed_2/last_model_1.pth
2026-05-21 15:59:13,328 INFO src.train.trainer: Epoch 7
2026-05-21 15:59:16,922 INFO src.train.trainer: Last model at epoch 7 saved to /root/autodl-tmp/em_eqf/experiments/clf_pre_v1/clf_pre_AZDX_v1/runs/tf_10_mf_4p0_seed_2/last_model_1.pth
2026-05-21 15:59:16,922 INFO src.train.trainer: Epoch 8
2026-05-21 15:59:20,375 INFO src.train.trainer: Last model at epoch 8 saved to /root/autodl-tmp/em_eqf/experiments/clf_pre_v1/clf_pre_AZDX_v1/runs/tf_10_mf_4p0_seed_2/last_model_1.pth
2026-05-21 15:59:20,376 INFO src.train.trainer: Epoch 9
2026-05-21 15:59:23,650 INFO src.train.trainer: New best validation loss: 0.0714, saved to /root/autodl-tmp/em_eqf/experiments/clf_pre_v1/clf_pre_AZDX_v1/runs/tf_10_mf_4p0_seed_2/best_model_1.pth
2026-05-21 15:59:23,656 INFO src.train.trainer: Last model at epoch 9 saved to /root/autodl-tmp/em_eqf/experiments/clf_pre_v1/clf_pre_AZDX_v1/runs/tf_10_mf_4p0_seed_2/last_model_1.pth
2026-05-21 15:59:23,656 INFO src.train.trainer: Epoch 10
2026-05-21 15:59:27,184 INFO src.train.trainer: Last model at epoch 10 saved to /root/autodl-tmp/em_eqf/experiments/clf_pre_v1/clf_pre_AZDX_v1/runs/tf_10_mf_4p0_seed_2/last_model_1.pth
2026-05-21 15:59:27,184 INFO src.train.trainer: Epoch 11
2026-05-21 15:59:30,500 INFO src.train.trainer: Last model at epoch 11 saved to /root/autodl-tmp/em_eqf/experiments/clf_pre_v1/clf_pre_AZDX_v1/runs/tf_10_mf_4p0_seed_2/last_model_1.pth
2026-05-21 15:59:30,501 INFO src.train.trainer: Epoch 12
2026-05-21 15:59:33,295 INFO src.train.trainer: Last model at epoch 12 saved to /root/autodl-tmp/em_eqf/experiments/clf_pre_v1/clf_pre_AZDX_v1/runs/tf_10_mf_4p0_seed_2/last_model_1.pth
2026-05-21 15:59:33,295 INFO src.train.trainer: Epoch 13
2026-05-21 15:59:36,367 INFO src.train.trainer: Last model at epoch 13 saved to /root/autodl-tmp/em_eqf/experiments/clf_pre_v1/clf_pre_AZDX_v1/runs/tf_10_mf_4p0_seed_2/last_model_1.pth
2026-05-21 15:59:36,367 INFO src.train.trainer: Epoch 14
2026-05-21 15:59:39,723 INFO src.train.trainer: Last model at epoch 14 saved to /root/autodl-tmp/em_eqf/experiments/clf_pre_v1/clf_pre_AZDX_v1/runs/tf_10_mf_4p0_seed_2/last_model_1.pth
2026-05-21 15:59:39,723 INFO src.train.trainer: Epoch 15
2026-05-21 15:59:42,844 INFO src.train.trainer: Last model at epoch 15 saved to /root/autodl-tmp/em_eqf/experiments/clf_pre_v1/clf_pre_AZDX_v1/runs/tf_10_mf_4p0_seed_2/last_model_1.pth
2026-05-21 15:59:42,844 INFO src.train.trainer: Epoch 16
2026-05-21 15:59:46,056 INFO src.train.trainer: New best validation loss: 0.0673, saved to /root/autodl-tmp/em_eqf/experiments/clf_pre_v1/clf_pre_AZDX_v1/runs/tf_10_mf_4p0_seed_2/best_model_1.pth
2026-05-21 15:59:46,062 INFO src.train.trainer: Last model at epoch 16 saved to /root/autodl-tmp/em_eqf/experiments/clf_pre_v1/clf_pre_AZDX_v1/runs/tf_10_mf_4p0_seed_2/last_model_1.pth
2026-05-21 15:59:46,062 INFO src.train.trainer: Epoch 17
2026-05-21 15:59:49,270 INFO src.train.trainer: New best validation loss: 0.0625, saved to /root/autodl-tmp/em_eqf/experiments/clf_pre_v1/clf_pre_AZDX_v1/runs/tf_10_mf_4p0_seed_2/best_model_1.pth
2026-05-21 15:59:49,275 INFO src.train.trainer: Last model at epoch 17 saved to /root/autodl-tmp/em_eqf/experiments/clf_pre_v1/clf_pre_AZDX_v1/runs/tf_10_mf_4p0_seed_2/last_model_1.pth
2026-05-21 15:59:49,275 INFO src.train.trainer: Epoch 18
2026-05-21 15:59:52,408 INFO src.train.trainer: New best validation loss: 0.0623, saved to /root/autodl-tmp/em_eqf/experiments/clf_pre_v1/clf_pre_AZDX_v1/runs/tf_10_mf_4p0_seed_2/best_model_1.pth
2026-05-21 15:59:52,414 INFO src.train.trainer: Last model at epoch 18 saved to /root/autodl-tmp/em_eqf/experiments/clf_pre_v1/clf_pre_AZDX_v1/runs/tf_10_mf_4p0_seed_2/last_model_1.pth
2026-05-21 15:59:52,414 INFO src.train.trainer: Epoch 19
2026-05-21 15:59:55,882 INFO src.train.trainer: Last model at epoch 19 saved to /root/autodl-tmp/em_eqf/experiments/clf_pre_v1/clf_pre_AZDX_v1/runs/tf_10_mf_4p0_seed_2/last_model_1.pth
2026-05-21 15:59:55,882 INFO src.train.trainer: Epoch 20
2026-05-21 15:59:59,113 INFO src.train.trainer: Last model at epoch 20 saved to /root/autodl-tmp/em_eqf/experiments/clf_pre_v1/clf_pre_AZDX_v1/runs/tf_10_mf_4p0_seed_2/last_model_1.pth
2026-05-21 15:59:59,113 INFO src.train.trainer: Epoch 21
2026-05-21 16:00:02,303 INFO src.train.trainer: New best validation loss: 0.0582, saved to /root/autodl-tmp/em_eqf/experiments/clf_pre_v1/clf_pre_AZDX_v1/runs/tf_10_mf_4p0_seed_2/best_model_1.pth
2026-05-21 16:00:02,309 INFO src.train.trainer: Last model at epoch 21 saved to /root/autodl-tmp/em_eqf/experiments/clf_pre_v1/clf_pre_AZDX_v1/runs/tf_10_mf_4p0_seed_2/last_model_1.pth
2026-05-21 16:00:02,309 INFO src.train.trainer: Epoch 22
2026-05-21 16:00:05,510 INFO src.train.trainer: New best validation loss: 0.0558, saved to /root/autodl-tmp/em_eqf/experiments/clf_pre_v1/clf_pre_AZDX_v1/runs/tf_10_mf_4p0_seed_2/best_model_1.pth
2026-05-21 16:00:05,520 INFO src.train.trainer: Last model at epoch 22 saved to /root/autodl-tmp/em_eqf/experiments/clf_pre_v1/clf_pre_AZDX_v1/runs/tf_10_mf_4p0_seed_2/last_model_1.pth
2026-05-21 16:00:05,520 INFO src.train.trainer: Epoch 23
2026-05-21 16:00:08,842 INFO src.train.trainer: Last model at epoch 23 saved to /root/autodl-tmp/em_eqf/experiments/clf_pre_v1/clf_pre_AZDX_v1/runs/tf_10_mf_4p0_seed_2/last_model_1.pth
2026-05-21 16:00:08,842 INFO src.train.trainer: Epoch 24
2026-05-21 16:00:12,601 INFO src.train.trainer: Last model at epoch 24 saved to /root/autodl-tmp/em_eqf/experiments/clf_pre_v1/clf_pre_AZDX_v1/runs/tf_10_mf_4p0_seed_2/last_model_1.pth
2026-05-21 16:00:12,601 INFO src.train.trainer: Epoch 25
2026-05-21 16:00:15,703 INFO src.train.trainer: Last model at epoch 25 saved to /root/autodl-tmp/em_eqf/experiments/clf_pre_v1/clf_pre_AZDX_v1/runs/tf_10_mf_4p0_seed_2/last_model_1.pth
2026-05-21 16:00:15,703 INFO src.train.trainer: Epoch 26
2026-05-21 16:00:18,936 INFO src.train.trainer: Last model at epoch 26 saved to /root/autodl-tmp/em_eqf/experiments/clf_pre_v1/clf_pre_AZDX_v1/runs/tf_10_mf_4p0_seed_2/last_model_1.pth
2026-05-21 16:00:18,936 INFO src.train.trainer: Epoch 27
2026-05-21 16:00:22,241 INFO src.train.trainer: Last model at epoch 27 saved to /root/autodl-tmp/em_eqf/experiments/clf_pre_v1/clf_pre_AZDX_v1/runs/tf_10_mf_4p0_seed_2/last_model_1.pth
2026-05-21 16:00:22,241 INFO src.train.trainer: Epoch 28
2026-05-21 16:00:25,329 INFO src.train.trainer: New best validation loss: 0.0557, saved to /root/autodl-tmp/em_eqf/experiments/clf_pre_v1/clf_pre_AZDX_v1/runs/tf_10_mf_4p0_seed_2/best_model_1.pth
2026-05-21 16:00:25,337 INFO src.train.trainer: Last model at epoch 28 saved to /root/autodl-tmp/em_eqf/experiments/clf_pre_v1/clf_pre_AZDX_v1/runs/tf_10_mf_4p0_seed_2/last_model_1.pth
2026-05-21 16:00:25,337 INFO src.train.trainer: Epoch 29
2026-05-21 16:00:28,618 INFO src.train.trainer: Last model at epoch 29 saved to /root/autodl-tmp/em_eqf/experiments/clf_pre_v1/clf_pre_AZDX_v1/runs/tf_10_mf_4p0_seed_2/last_model_1.pth
2026-05-21 16:00:28,618 INFO src.train.trainer: Epoch 30
2026-05-21 16:00:31,675 INFO src.train.trainer: Last model at epoch 30 saved to /root/autodl-tmp/em_eqf/experiments/clf_pre_v1/clf_pre_AZDX_v1/runs/tf_10_mf_4p0_seed_2/last_model_1.pth
2026-05-21 16:00:31,675 INFO src.train.trainer: Epoch 31
2026-05-21 16:00:34,843 INFO src.train.trainer: Last model at epoch 31 saved to /root/autodl-tmp/em_eqf/experiments/clf_pre_v1/clf_pre_AZDX_v1/runs/tf_10_mf_4p0_seed_2/last_model_1.pth
2026-05-21 16:00:34,844 INFO src.train.trainer: Epoch 32
2026-05-21 16:00:38,505 INFO src.train.trainer: Last model at epoch 32 saved to /root/autodl-tmp/em_eqf/experiments/clf_pre_v1/clf_pre_AZDX_v1/runs/tf_10_mf_4p0_seed_2/last_model_1.pth
2026-05-21 16:00:38,505 INFO src.train.trainer: Epoch 33
2026-05-21 16:00:41,569 INFO src.train.trainer: New best validation loss: 0.0537, saved to /root/autodl-tmp/em_eqf/experiments/clf_pre_v1/clf_pre_AZDX_v1/runs/tf_10_mf_4p0_seed_2/best_model_1.pth
2026-05-21 16:00:41,574 INFO src.train.trainer: Last model at epoch 33 saved to /root/autodl-tmp/em_eqf/experiments/clf_pre_v1/clf_pre_AZDX_v1/runs/tf_10_mf_4p0_seed_2/last_model_1.pth
2026-05-21 16:00:41,575 INFO src.train.trainer: Epoch 34
2026-05-21 16:00:44,384 INFO src.train.trainer: New best validation loss: 0.0532, saved to /root/autodl-tmp/em_eqf/experiments/clf_pre_v1/clf_pre_AZDX_v1/runs/tf_10_mf_4p0_seed_2/best_model_1.pth
2026-05-21 16:00:44,389 INFO src.train.trainer: Last model at epoch 34 saved to /root/autodl-tmp/em_eqf/experiments/clf_pre_v1/clf_pre_AZDX_v1/runs/tf_10_mf_4p0_seed_2/last_model_1.pth
2026-05-21 16:00:44,390 INFO src.train.trainer: Epoch 35
2026-05-21 16:00:46,904 INFO src.train.trainer: Last model at epoch 35 saved to /root/autodl-tmp/em_eqf/experiments/clf_pre_v1/clf_pre_AZDX_v1/runs/tf_10_mf_4p0_seed_2/last_model_1.pth
2026-05-21 16:00:46,904 INFO src.train.trainer: Epoch 36
2026-05-21 16:00:49,737 INFO src.train.trainer: Last model at epoch 36 saved to /root/autodl-tmp/em_eqf/experiments/clf_pre_v1/clf_pre_AZDX_v1/runs/tf_10_mf_4p0_seed_2/last_model_1.pth
2026-05-21 16:00:49,738 INFO src.train.trainer: Epoch 37
2026-05-21 16:00:53,083 INFO src.train.trainer: Last model at epoch 37 saved to /root/autodl-tmp/em_eqf/experiments/clf_pre_v1/clf_pre_AZDX_v1/runs/tf_10_mf_4p0_seed_2/last_model_1.pth
2026-05-21 16:00:53,083 INFO src.train.trainer: Epoch 38
2026-05-21 16:00:56,578 INFO src.train.trainer: Last model at epoch 38 saved to /root/autodl-tmp/em_eqf/experiments/clf_pre_v1/clf_pre_AZDX_v1/runs/tf_10_mf_4p0_seed_2/last_model_1.pth
2026-05-21 16:00:56,578 INFO src.train.trainer: Epoch 39
2026-05-21 16:01:00,077 INFO src.train.trainer: Last model at epoch 39 saved to /root/autodl-tmp/em_eqf/experiments/clf_pre_v1/clf_pre_AZDX_v1/runs/tf_10_mf_4p0_seed_2/last_model_1.pth
2026-05-21 16:01:00,077 INFO src.train.trainer: Epoch 40
2026-05-21 16:01:03,442 INFO src.train.trainer: Last model at epoch 40 saved to /root/autodl-tmp/em_eqf/experiments/clf_pre_v1/clf_pre_AZDX_v1/runs/tf_10_mf_4p0_seed_2/last_model_1.pth
2026-05-21 16:01:03,442 INFO src.train.trainer: Epoch 41
2026-05-21 16:01:06,911 INFO src.train.trainer: Last model at epoch 41 saved to /root/autodl-tmp/em_eqf/experiments/clf_pre_v1/clf_pre_AZDX_v1/runs/tf_10_mf_4p0_seed_2/last_model_1.pth
2026-05-21 16:01:06,911 INFO src.train.trainer: Epoch 42
2026-05-21 16:01:10,115 INFO src.train.trainer: Last model at epoch 42 saved to /root/autodl-tmp/em_eqf/experiments/clf_pre_v1/clf_pre_AZDX_v1/runs/tf_10_mf_4p0_seed_2/last_model_1.pth
2026-05-21 16:01:10,116 INFO src.train.trainer: Epoch 43
2026-05-21 16:01:13,611 INFO src.train.trainer: Last model at epoch 43 saved to /root/autodl-tmp/em_eqf/experiments/clf_pre_v1/clf_pre_AZDX_v1/runs/tf_10_mf_4p0_seed_2/last_model_1.pth
2026-05-21 16:01:13,611 INFO src.train.trainer: Epoch 44
2026-05-21 16:01:16,682 INFO src.train.trainer: New best validation loss: 0.0515, saved to /root/autodl-tmp/em_eqf/experiments/clf_pre_v1/clf_pre_AZDX_v1/runs/tf_10_mf_4p0_seed_2/best_model_1.pth
2026-05-21 16:01:16,704 INFO src.train.trainer: Last model at epoch 44 saved to /root/autodl-tmp/em_eqf/experiments/clf_pre_v1/clf_pre_AZDX_v1/runs/tf_10_mf_4p0_seed_2/last_model_1.pth
2026-05-21 16:01:16,705 INFO src.train.trainer: Epoch 45
2026-05-21 16:01:19,932 INFO src.train.trainer: New best validation loss: 0.0508, saved to /root/autodl-tmp/em_eqf/experiments/clf_pre_v1/clf_pre_AZDX_v1/runs/tf_10_mf_4p0_seed_2/best_model_1.pth
2026-05-21 16:01:19,937 INFO src.train.trainer: Last model at epoch 45 saved to /root/autodl-tmp/em_eqf/experiments/clf_pre_v1/clf_pre_AZDX_v1/runs/tf_10_mf_4p0_seed_2/last_model_1.pth
2026-05-21 16:01:19,938 INFO src.train.trainer: Epoch 46
2026-05-21 16:01:23,086 INFO src.train.trainer: Last model at epoch 46 saved to /root/autodl-tmp/em_eqf/experiments/clf_pre_v1/clf_pre_AZDX_v1/runs/tf_10_mf_4p0_seed_2/last_model_1.pth
2026-05-21 16:01:23,086 INFO src.train.trainer: Epoch 47
2026-05-21 16:01:26,514 INFO src.train.trainer: Last model at epoch 47 saved to /root/autodl-tmp/em_eqf/experiments/clf_pre_v1/clf_pre_AZDX_v1/runs/tf_10_mf_4p0_seed_2/last_model_1.pth
2026-05-21 16:01:26,515 INFO src.train.trainer: Epoch 48
2026-05-21 16:01:29,563 INFO src.train.trainer: Last model at epoch 48 saved to /root/autodl-tmp/em_eqf/experiments/clf_pre_v1/clf_pre_AZDX_v1/runs/tf_10_mf_4p0_seed_2/last_model_1.pth
2026-05-21 16:01:29,564 INFO src.train.trainer: Epoch 49
2026-05-21 16:01:32,586 INFO src.train.trainer: New best validation loss: 0.0498, saved to /root/autodl-tmp/em_eqf/experiments/clf_pre_v1/clf_pre_AZDX_v1/runs/tf_10_mf_4p0_seed_2/best_model_1.pth
2026-05-21 16:01:32,607 INFO src.train.trainer: Last model at epoch 49 saved to /root/autodl-tmp/em_eqf/experiments/clf_pre_v1/clf_pre_AZDX_v1/runs/tf_10_mf_4p0_seed_2/last_model_1.pth
2026-05-21 16:01:32,607 INFO src.train.trainer: Epoch 50
2026-05-21 16:01:35,473 INFO src.train.trainer: Last model at epoch 50 saved to /root/autodl-tmp/em_eqf/experiments/clf_pre_v1/clf_pre_AZDX_v1/runs/tf_10_mf_4p0_seed_2/last_model_1.pth
2026-05-21 16:01:35,473 INFO src.train.trainer: Epoch 51
2026-05-21 16:01:38,605 INFO src.train.trainer: New best validation loss: 0.0498, saved to /root/autodl-tmp/em_eqf/experiments/clf_pre_v1/clf_pre_AZDX_v1/runs/tf_10_mf_4p0_seed_2/best_model_1.pth
2026-05-21 16:01:38,612 INFO src.train.trainer: Last model at epoch 51 saved to /root/autodl-tmp/em_eqf/experiments/clf_pre_v1/clf_pre_AZDX_v1/runs/tf_10_mf_4p0_seed_2/last_model_1.pth
2026-05-21 16:01:38,613 INFO src.train.trainer: Epoch 52
2026-05-21 16:01:41,321 INFO src.train.trainer: New best validation loss: 0.0488, saved to /root/autodl-tmp/em_eqf/experiments/clf_pre_v1/clf_pre_AZDX_v1/runs/tf_10_mf_4p0_seed_2/best_model_1.pth
2026-05-21 16:01:41,327 INFO src.train.trainer: Last model at epoch 52 saved to /root/autodl-tmp/em_eqf/experiments/clf_pre_v1/clf_pre_AZDX_v1/runs/tf_10_mf_4p0_seed_2/last_model_1.pth
2026-05-21 16:01:41,327 INFO src.train.trainer: Epoch 53
2026-05-21 16:01:43,946 INFO src.train.trainer: Last model at epoch 53 saved to /root/autodl-tmp/em_eqf/experiments/clf_pre_v1/clf_pre_AZDX_v1/runs/tf_10_mf_4p0_seed_2/last_model_1.pth
2026-05-21 16:01:43,946 INFO src.train.trainer: Epoch 54
2026-05-21 16:01:45,976 INFO src.train.trainer: Last model at epoch 54 saved to /root/autodl-tmp/em_eqf/experiments/clf_pre_v1/clf_pre_AZDX_v1/runs/tf_10_mf_4p0_seed_2/last_model_1.pth
2026-05-21 16:01:45,977 INFO src.train.trainer: Epoch 55
2026-05-21 16:01:48,050 INFO src.train.trainer: Last model at epoch 55 saved to /root/autodl-tmp/em_eqf/experiments/clf_pre_v1/clf_pre_AZDX_v1/runs/tf_10_mf_4p0_seed_2/last_model_1.pth
2026-05-21 16:01:48,050 INFO src.train.trainer: Epoch 56
2026-05-21 16:01:50,186 INFO src.train.trainer: Last model at epoch 56 saved to /root/autodl-tmp/em_eqf/experiments/clf_pre_v1/clf_pre_AZDX_v1/runs/tf_10_mf_4p0_seed_2/last_model_1.pth
2026-05-21 16:01:50,186 INFO src.train.trainer: Epoch 57
2026-05-21 16:01:52,931 INFO src.train.trainer: Last model at epoch 57 saved to /root/autodl-tmp/em_eqf/experiments/clf_pre_v1/clf_pre_AZDX_v1/runs/tf_10_mf_4p0_seed_2/last_model_1.pth
2026-05-21 16:01:52,931 INFO src.train.trainer: Epoch 58
2026-05-21 16:01:55,682 INFO src.train.trainer: Last model at epoch 58 saved to /root/autodl-tmp/em_eqf/experiments/clf_pre_v1/clf_pre_AZDX_v1/runs/tf_10_mf_4p0_seed_2/last_model_1.pth
2026-05-21 16:01:55,682 INFO src.train.trainer: Epoch 59
2026-05-21 16:01:58,238 INFO src.train.trainer: Last model at epoch 59 saved to /root/autodl-tmp/em_eqf/experiments/clf_pre_v1/clf_pre_AZDX_v1/runs/tf_10_mf_4p0_seed_2/last_model_1.pth
2026-05-21 16:01:58,239 INFO src.train.trainer: Epoch 60
2026-05-21 16:02:00,562 INFO src.train.trainer: Last model at epoch 60 saved to /root/autodl-tmp/em_eqf/experiments/clf_pre_v1/clf_pre_AZDX_v1/runs/tf_10_mf_4p0_seed_2/last_model_1.pth
2026-05-21 16:02:00,562 INFO src.train.trainer: Epoch 61
2026-05-21 16:02:03,287 INFO src.train.trainer: Last model at epoch 61 saved to /root/autodl-tmp/em_eqf/experiments/clf_pre_v1/clf_pre_AZDX_v1/runs/tf_10_mf_4p0_seed_2/last_model_1.pth
2026-05-21 16:02:03,288 INFO src.train.trainer: Epoch 62
2026-05-21 16:02:06,347 INFO src.train.trainer: Last model at epoch 62 saved to /root/autodl-tmp/em_eqf/experiments/clf_pre_v1/clf_pre_AZDX_v1/runs/tf_10_mf_4p0_seed_2/last_model_1.pth
2026-05-21 16:02:06,347 INFO src.train.trainer: Early stopping triggered at epoch 62 (best epoch: 52, best val loss: 0.048761)
2026-05-21 16:02:15,922 INFO src.data.preprocessing: CSV files found: ['chuandian_2021.csv']
2026-05-21 16:02:16,537 INFO src.utils.file_utils: Loading cached data from: data/ChuanDian/classifier/classifier_Mc_3_Mf_4.0_Tfore_10_Twindow_180_context_len_1_dt_10.pkl
2026-05-21 16:02:16,833 INFO src.data.preprocessing: Catalog statistics: {'tau_unfiltered': 0.15339908988298961, 'tau_q025': 0.08114294020924717, 'tau_q05': 0.5134664350189269, 'tau_mean': 1.3070542199341526, 'tau_max': 25.18216435192153, 'tau_min': 0.0, 'time_max': 18770.72654999979, 'time_mean': 10030.9430649837, 'mag_completeness': 3.0, 'mag_mean': 3.456916005014626, 'mag_max': 8.0, 'mag_min': 3.0, 'b_value': 0.856738547623331, 'b_std': 0.0071499224812533796, 'b_n': 14358}
2026-05-21 16:02:16,850 INFO src.data.event_loader: lengths of samples: min=32, max=981, avg=135.51
2026-05-21 16:02:16,850 INFO src.data.event_loader: Number of positive samples: 780
2026-05-21 16:02:16,850 INFO src.data.event_loader: Number of negative samples: 683
2026-05-21 16:02:16,851 INFO src.data.event_loader: Positive samples: 594, Negative samples: 576
2026-05-21 16:02:16,851 INFO src.data.event_loader: Total samples: 1170, Positive ratio: 0.51, Negative ratio: 0.49
2026-05-21 16:02:16,852 INFO src.data.event_loader: Positive samples: 107, Negative samples: 39
2026-05-21 16:02:16,852 INFO src.data.event_loader: Total samples: 146, Positive ratio: 0.73, Negative ratio: 0.27
2026-05-21 16:02:16,852 INFO src.data.event_loader: Positive samples: 79, Negative samples: 68
2026-05-21 16:02:16,852 INFO src.data.event_loader: Total samples: 147, Positive ratio: 0.54, Negative ratio: 0.46
2026-05-21 16:02:17,271 INFO src.models.adapters.mixer_task: using time scale base 1.3070542199341526 (key: tau_mean)
2026-05-21 16:02:17,271 INFO src.models.adapters.mixer_task: tau mean: tensor(1.3071)
2026-05-21 16:02:17,347 INFO src.train.config_setup: Restoring model from checkpoint.
2026-05-21 16:02:17,347 INFO src.train.config_setup: Loading model weights: load_specific_parts=None
2026-05-21 16:02:17,349 INFO src.train.config_setup: Checkpoint loaded: <All keys matched successfully>
2026-05-21 16:02:17,349 INFO src.train.config_setup: Full load summary: loaded=56, missing=0, unexpected=0
2026-05-21 16:02:17,350 INFO src.train.config_setup: Checkpoint hyperparameters loaded.
2026-05-21 16:02:17,350 INFO src.train.config_setup: Checkpoint train metrics available.
2026-05-21 16:02:17,350 INFO src.train.config_setup: Checkpoint val metrics available.
2026-05-21 16:02:17,350 INFO src.train.config_setup: Freeze skipped (checkpoint_restore): freeze_parts is empty.
2026-05-21 16:02:17,350 INFO src.train.config_setup: Using classification criterion: focal
2026-05-21 16:02:17,351 INFO src.train.config_setup: Criterion config: {'alpha': 0.5, 'gamma': 2.0}
2026-05-21 16:02:17,352 INFO src.train.config_setup: Not resuming optimizer/scheduler state; reset training state to start_epoch=0, best_val_loss=inf.
2026-05-21 16:02:17,352 INFO src.cli.common: Using threshold 0.4165785014629364 from checkpoint val_metrics for testing.
2026-05-21 16:02:23,113 INFO src.utils.metrics: ROC curve saved to /root/autodl-tmp/em_eqf/experiments/clf_pre_v1/clf_pre_AZDX_v1/runs/tf_10_mf_4p0_seed_2/roc_curve.png
2026-05-21 16:02:23,219 INFO src.utils.metrics: PR curve saved to /root/autodl-tmp/em_eqf/experiments/clf_pre_v1/clf_pre_AZDX_v1/runs/tf_10_mf_4p0_seed_2/pr_curve.png
2026-05-21 16:02:23,281 INFO src.utils.metrics: Confusion matrix saved to /root/autodl-tmp/em_eqf/experiments/clf_pre_v1/clf_pre_AZDX_v1/runs/tf_10_mf_4p0_seed_2/confusion_matrix.png
2026-05-21 16:02:23,281 INFO src.cli.workflows: Test loss: 0.06125931441783905
2026-05-21 16:02:24,328 INFO src.train.classifier_train_step: Prediction distribution plot has been saved to: /root/autodl-tmp/em_eqf/experiments/clf_pre_v1/clf_pre_AZDX_v1/runs/tf_10_mf_4p0_seed_2/train_pred_distribution.png
2026-05-21 16:02:24,833 INFO src.train.classifier_train_step: Prediction distribution plot has been saved to: /root/autodl-tmp/em_eqf/experiments/clf_pre_v1/clf_pre_AZDX_v1/runs/tf_10_mf_4p0_seed_2/val_pred_distribution.png
2026-05-21 16:02:25,333 INFO src.train.classifier_train_step: Prediction distribution plot has been saved to: /root/autodl-tmp/em_eqf/experiments/clf_pre_v1/clf_pre_AZDX_v1/runs/tf_10_mf_4p0_seed_2/test_pred_distribution.png
2026-05-21 16:02:25,333 INFO src.cli.common: Saved test metrics to /root/autodl-tmp/em_eqf/experiments/clf_pre_v1/clf_pre_AZDX_v1/runs/tf_10_mf_4p0_seed_2/metrics_test_best_1.json
2026-05-21 16:02:25,333 INFO src.cli.common: Metrics: {'precision': 0.5966386554621849, 'recall': 0.8987341772151899, 'f1': 0.7171717171717171, 'auc': 0.8004467609828743, 'pr_auc': 0.8709005281037059, 'fpr': 0.7058823529411765, 'tpr': 0.8987341772151899, 'R': 0.19285182427401337, 'conf': 0.009339196880850277, 'threshold': 0.4165785014629364}
