2026-05-10 14:43:32,163 INFO src.data.preprocessing: CSV files found: ['chuandian_2021.csv']
2026-05-10 14:43:32,877 INFO src.utils.file_utils: Loading cached data from: data/ChuanDian/classifier/classifier_Mc_3_Mf_4.5_Tfore_20_Twindow_180_context_len_1_dt_10.pkl
2026-05-10 14:43:33,835 INFO src.data.preprocessing: Catalog statistics: {'tau_unfiltered': 0.15339908988298961, 'tau_q025': 0.08114294020924717, 'tau_q05': 0.5134664350189269, 'tau_mean': 1.3070542199341526, 'tau_max': 25.18216435192153, 'tau_min': 0.0, 'time_max': 18770.72654999979, 'time_mean': 10030.9430649837, 'mag_completeness': 3.0, 'mag_mean': 3.456916005014626, 'mag_max': 8.0, 'mag_min': 3.0, 'b_value': 0.856738547623331, 'b_std': 0.0071499224812533796, 'b_n': 14358}
2026-05-10 14:43:33,854 INFO src.data.event_loader: lengths of samples: min=32, max=981, avg=133.42
2026-05-10 14:43:33,854 INFO src.data.event_loader: Number of positive samples: 623
2026-05-10 14:43:33,854 INFO src.data.event_loader: Number of negative samples: 845
2026-05-10 14:43:33,855 INFO src.data.event_loader: Positive samples: 528, Negative samples: 646
2026-05-10 14:43:33,855 INFO src.data.event_loader: Total samples: 1174, Positive ratio: 0.45, Negative ratio: 0.55
2026-05-10 14:43:33,855 INFO src.data.event_loader: Positive samples: 60, Negative samples: 86
2026-05-10 14:43:33,856 INFO src.data.event_loader: Total samples: 146, Positive ratio: 0.41, Negative ratio: 0.59
2026-05-10 14:43:33,856 INFO src.data.event_loader: Positive samples: 35, Negative samples: 113
2026-05-10 14:43:33,856 INFO src.data.event_loader: Total samples: 148, Positive ratio: 0.24, Negative ratio: 0.76
2026-05-10 14:43:34,013 INFO src.cli.workflows: No resume path provided. Training will start from scratch.
2026-05-10 14:43:34,669 INFO src.models.adapters.mixer_task: using time scale base 1.3070542199341526 (key: tau_mean)
2026-05-10 14:43:34,669 INFO src.models.adapters.mixer_task: tau mean: tensor(1.3071)
2026-05-10 14:43:34,707 INFO src.train.config_setup: No checkpoint restore requested; initializing model from scratch.
2026-05-10 14:43:34,707 INFO src.train.config_setup: Freeze skipped (fresh_init): freeze_parts is empty.
2026-05-10 14:43:34,707 INFO src.train.config_setup: Using classification criterion: focal
2026-05-10 14:43:34,707 INFO src.train.config_setup: Criterion config: {'alpha': 0.25, 'gamma': 2.0}
2026-05-10 14:43:34,708 INFO src.train.trainer: Epoch 1
2026-05-10 14:43:47,985 INFO src.train.trainer: New best validation loss: 0.0772, saved to /root/autodl-tmp/em_eqf/experiments/clf_grid_4/runs/tf_20_mf_4p5_seed_1/best_model_1.pth
2026-05-10 14:43:47,993 INFO src.train.trainer: Last model at epoch 1 saved to /root/autodl-tmp/em_eqf/experiments/clf_grid_4/runs/tf_20_mf_4p5_seed_1/last_model_1.pth
2026-05-10 14:43:47,993 INFO src.train.trainer: Epoch 2
2026-05-10 14:43:49,823 INFO src.train.trainer: New best validation loss: 0.0678, saved to /root/autodl-tmp/em_eqf/experiments/clf_grid_4/runs/tf_20_mf_4p5_seed_1/best_model_1.pth
2026-05-10 14:43:49,833 INFO src.train.trainer: Last model at epoch 2 saved to /root/autodl-tmp/em_eqf/experiments/clf_grid_4/runs/tf_20_mf_4p5_seed_1/last_model_1.pth
2026-05-10 14:43:49,833 INFO src.train.trainer: Epoch 3
2026-05-10 14:43:51,728 INFO src.train.trainer: New best validation loss: 0.0676, saved to /root/autodl-tmp/em_eqf/experiments/clf_grid_4/runs/tf_20_mf_4p5_seed_1/best_model_1.pth
2026-05-10 14:43:51,737 INFO src.train.trainer: Last model at epoch 3 saved to /root/autodl-tmp/em_eqf/experiments/clf_grid_4/runs/tf_20_mf_4p5_seed_1/last_model_1.pth
2026-05-10 14:43:51,737 INFO src.train.trainer: Epoch 4
2026-05-10 14:43:53,960 INFO src.train.trainer: New best validation loss: 0.0672, saved to /root/autodl-tmp/em_eqf/experiments/clf_grid_4/runs/tf_20_mf_4p5_seed_1/best_model_1.pth
2026-05-10 14:43:53,968 INFO src.train.trainer: Last model at epoch 4 saved to /root/autodl-tmp/em_eqf/experiments/clf_grid_4/runs/tf_20_mf_4p5_seed_1/last_model_1.pth
2026-05-10 14:43:53,968 INFO src.train.trainer: Epoch 5
2026-05-10 14:43:56,124 INFO src.train.trainer: New best validation loss: 0.0655, saved to /root/autodl-tmp/em_eqf/experiments/clf_grid_4/runs/tf_20_mf_4p5_seed_1/best_model_1.pth
2026-05-10 14:43:56,132 INFO src.train.trainer: Last model at epoch 5 saved to /root/autodl-tmp/em_eqf/experiments/clf_grid_4/runs/tf_20_mf_4p5_seed_1/last_model_1.pth
2026-05-10 14:43:56,132 INFO src.train.trainer: Epoch 6
2026-05-10 14:43:58,232 INFO src.train.trainer: New best validation loss: 0.0651, saved to /root/autodl-tmp/em_eqf/experiments/clf_grid_4/runs/tf_20_mf_4p5_seed_1/best_model_1.pth
2026-05-10 14:43:58,240 INFO src.train.trainer: Last model at epoch 6 saved to /root/autodl-tmp/em_eqf/experiments/clf_grid_4/runs/tf_20_mf_4p5_seed_1/last_model_1.pth
2026-05-10 14:43:58,240 INFO src.train.trainer: Epoch 7
2026-05-10 14:44:00,379 INFO src.train.trainer: Last model at epoch 7 saved to /root/autodl-tmp/em_eqf/experiments/clf_grid_4/runs/tf_20_mf_4p5_seed_1/last_model_1.pth
2026-05-10 14:44:00,379 INFO src.train.trainer: Epoch 8
2026-05-10 14:44:02,512 INFO src.train.trainer: New best validation loss: 0.0650, saved to /root/autodl-tmp/em_eqf/experiments/clf_grid_4/runs/tf_20_mf_4p5_seed_1/best_model_1.pth
2026-05-10 14:44:02,522 INFO src.train.trainer: Last model at epoch 8 saved to /root/autodl-tmp/em_eqf/experiments/clf_grid_4/runs/tf_20_mf_4p5_seed_1/last_model_1.pth
2026-05-10 14:44:02,522 INFO src.train.trainer: Epoch 9
2026-05-10 14:44:04,313 INFO src.train.trainer: Last model at epoch 9 saved to /root/autodl-tmp/em_eqf/experiments/clf_grid_4/runs/tf_20_mf_4p5_seed_1/last_model_1.pth
2026-05-10 14:44:04,313 INFO src.train.trainer: Epoch 10
2026-05-10 14:44:06,289 INFO src.train.trainer: Last model at epoch 10 saved to /root/autodl-tmp/em_eqf/experiments/clf_grid_4/runs/tf_20_mf_4p5_seed_1/last_model_1.pth
2026-05-10 14:44:06,289 INFO src.train.trainer: Epoch 11
2026-05-10 14:44:08,313 INFO src.train.trainer: Last model at epoch 11 saved to /root/autodl-tmp/em_eqf/experiments/clf_grid_4/runs/tf_20_mf_4p5_seed_1/last_model_1.pth
2026-05-10 14:44:08,313 INFO src.train.trainer: Epoch 12
2026-05-10 14:44:10,286 INFO src.train.trainer: Last model at epoch 12 saved to /root/autodl-tmp/em_eqf/experiments/clf_grid_4/runs/tf_20_mf_4p5_seed_1/last_model_1.pth
2026-05-10 14:44:10,286 INFO src.train.trainer: Epoch 13
2026-05-10 14:44:12,335 INFO src.train.trainer: Last model at epoch 13 saved to /root/autodl-tmp/em_eqf/experiments/clf_grid_4/runs/tf_20_mf_4p5_seed_1/last_model_1.pth
2026-05-10 14:44:12,335 INFO src.train.trainer: Epoch 14
2026-05-10 14:44:14,368 INFO src.train.trainer: Last model at epoch 14 saved to /root/autodl-tmp/em_eqf/experiments/clf_grid_4/runs/tf_20_mf_4p5_seed_1/last_model_1.pth
2026-05-10 14:44:14,368 INFO src.train.trainer: Epoch 15
2026-05-10 14:44:16,397 INFO src.train.trainer: Last model at epoch 15 saved to /root/autodl-tmp/em_eqf/experiments/clf_grid_4/runs/tf_20_mf_4p5_seed_1/last_model_1.pth
2026-05-10 14:44:16,397 INFO src.train.trainer: Epoch 16
2026-05-10 14:44:18,424 INFO src.train.trainer: Last model at epoch 16 saved to /root/autodl-tmp/em_eqf/experiments/clf_grid_4/runs/tf_20_mf_4p5_seed_1/last_model_1.pth
2026-05-10 14:44:18,424 INFO src.train.trainer: Epoch 17
2026-05-10 14:44:20,425 INFO src.train.trainer: Last model at epoch 17 saved to /root/autodl-tmp/em_eqf/experiments/clf_grid_4/runs/tf_20_mf_4p5_seed_1/last_model_1.pth
2026-05-10 14:44:20,426 INFO src.train.trainer: Epoch 18
2026-05-10 14:44:22,464 INFO src.train.trainer: Last model at epoch 18 saved to /root/autodl-tmp/em_eqf/experiments/clf_grid_4/runs/tf_20_mf_4p5_seed_1/last_model_1.pth
2026-05-10 14:44:22,465 INFO src.train.trainer: Early stopping triggered at epoch 18 (best epoch: 8, best val loss: 0.064951)
2026-05-10 14:44:31,934 INFO src.data.preprocessing: CSV files found: ['chuandian_2021.csv']
2026-05-10 14:44:32,746 INFO src.utils.file_utils: Loading cached data from: data/ChuanDian/classifier/classifier_Mc_3_Mf_4.5_Tfore_20_Twindow_180_context_len_1_dt_10.pkl
2026-05-10 14:44:33,747 INFO src.data.preprocessing: Catalog statistics: {'tau_unfiltered': 0.15339908988298961, 'tau_q025': 0.08114294020924717, 'tau_q05': 0.5134664350189269, 'tau_mean': 1.3070542199341526, 'tau_max': 25.18216435192153, 'tau_min': 0.0, 'time_max': 18770.72654999979, 'time_mean': 10030.9430649837, 'mag_completeness': 3.0, 'mag_mean': 3.456916005014626, 'mag_max': 8.0, 'mag_min': 3.0, 'b_value': 0.856738547623331, 'b_std': 0.0071499224812533796, 'b_n': 14358}
2026-05-10 14:44:33,766 INFO src.data.event_loader: lengths of samples: min=32, max=981, avg=133.42
2026-05-10 14:44:33,766 INFO src.data.event_loader: Number of positive samples: 623
2026-05-10 14:44:33,767 INFO src.data.event_loader: Number of negative samples: 845
2026-05-10 14:44:33,767 INFO src.data.event_loader: Positive samples: 528, Negative samples: 646
2026-05-10 14:44:33,767 INFO src.data.event_loader: Total samples: 1174, Positive ratio: 0.45, Negative ratio: 0.55
2026-05-10 14:44:33,768 INFO src.data.event_loader: Positive samples: 60, Negative samples: 86
2026-05-10 14:44:33,768 INFO src.data.event_loader: Total samples: 146, Positive ratio: 0.41, Negative ratio: 0.59
2026-05-10 14:44:33,768 INFO src.data.event_loader: Positive samples: 35, Negative samples: 113
2026-05-10 14:44:33,768 INFO src.data.event_loader: Total samples: 148, Positive ratio: 0.24, Negative ratio: 0.76
2026-05-10 14:44:34,255 INFO src.models.adapters.mixer_task: using time scale base 1.3070542199341526 (key: tau_mean)
2026-05-10 14:44:34,256 INFO src.models.adapters.mixer_task: tau mean: tensor(1.3071)
2026-05-10 14:44:34,263 INFO src.train.config_setup: Restoring model from checkpoint.
2026-05-10 14:44:34,263 INFO src.train.config_setup: Loading model weights: load_specific_parts=None
2026-05-10 14:44:34,265 INFO src.train.config_setup: Checkpoint loaded: <All keys matched successfully>
2026-05-10 14:44:34,265 INFO src.train.config_setup: Full load summary: loaded=56, missing=0, unexpected=0
2026-05-10 14:44:34,266 INFO src.train.config_setup: Checkpoint hyperparameters loaded.
2026-05-10 14:44:34,266 INFO src.train.config_setup: Checkpoint train metrics available.
2026-05-10 14:44:34,266 INFO src.train.config_setup: Checkpoint val metrics available.
2026-05-10 14:44:34,266 INFO src.train.config_setup: Freeze skipped (checkpoint_restore): freeze_parts is empty.
2026-05-10 14:44:34,266 INFO src.train.config_setup: Using classification criterion: focal
2026-05-10 14:44:34,266 INFO src.train.config_setup: Criterion config: {'alpha': 0.25, 'gamma': 2.0}
2026-05-10 14:44:34,267 INFO src.train.config_setup: Not resuming optimizer/scheduler state; reset training state to start_epoch=0, best_val_loss=inf.
2026-05-10 14:44:34,267 INFO src.cli.common: Using threshold 0.3546909987926483 from checkpoint val_metrics for testing.
2026-05-10 14:44:38,981 INFO src.utils.metrics: ROC curve saved to /root/autodl-tmp/em_eqf/experiments/clf_grid_4/runs/tf_20_mf_4p5_seed_1/roc_curve.png
2026-05-10 14:44:39,104 INFO src.utils.metrics: PR curve saved to /root/autodl-tmp/em_eqf/experiments/clf_grid_4/runs/tf_20_mf_4p5_seed_1/pr_curve.png
2026-05-10 14:44:39,167 INFO src.utils.metrics: Confusion matrix saved to /root/autodl-tmp/em_eqf/experiments/clf_grid_4/runs/tf_20_mf_4p5_seed_1/confusion_matrix.png
2026-05-10 14:44:39,167 INFO src.cli.workflows: Test loss: 0.04876682534813881
2026-05-10 14:44:39,881 INFO src.train.classifier_train_step: Prediction distribution plot has been saved to: /root/autodl-tmp/em_eqf/experiments/clf_grid_4/runs/tf_20_mf_4p5_seed_1/train_pred_distribution.png
2026-05-10 14:44:40,195 INFO src.train.classifier_train_step: Prediction distribution plot has been saved to: /root/autodl-tmp/em_eqf/experiments/clf_grid_4/runs/tf_20_mf_4p5_seed_1/val_pred_distribution.png
2026-05-10 14:44:40,499 INFO src.train.classifier_train_step: Prediction distribution plot has been saved to: /root/autodl-tmp/em_eqf/experiments/clf_grid_4/runs/tf_20_mf_4p5_seed_1/test_pred_distribution.png
2026-05-10 14:44:40,500 INFO src.cli.common: Saved test metrics to /root/autodl-tmp/em_eqf/experiments/clf_grid_4/runs/tf_20_mf_4p5_seed_1/metrics_test_best_1.json
2026-05-10 14:44:40,500 INFO src.cli.common: Metrics: {'precision': 0.4897959183673469, 'recall': 0.6857142857142857, 'f1': 0.5714285714285714, 'auc': 0.8083438685208596, 'pr_auc': 0.5455290120831013, 'fpr': 0.22123893805309736, 'tpr': 0.6857142857142857, 'R': 0.46447534766118836, 'conf': 1.0, 'threshold': 0.3546909987926483}
