2026-05-20 12:24:01,876 INFO src.data.preprocessing: CSV files found: ['chuandian_2021.csv']
2026-05-20 12:24:02,900 INFO src.utils.file_utils: Loading cached data from: data/ChuanDian/classifier/classifier_Mc_3_Mf_4.0_Tfore_10_Twindow_180_context_len_1_dt_10.pkl
2026-05-20 12:24:03,202 INFO src.data.preprocessing: Catalog statistics: {'tau_unfiltered': 0.15339908988298961, 'tau_q025': 0.08114294020924717, 'tau_q05': 0.5134664350189269, 'tau_mean': 1.3070542199341526, 'tau_max': 25.18216435192153, 'tau_min': 0.0, 'time_max': 18770.72654999979, 'time_mean': 10030.9430649837, 'mag_completeness': 3.0, 'mag_mean': 3.456916005014626, 'mag_max': 8.0, 'mag_min': 3.0, 'b_value': 0.856738547623331, 'b_std': 0.0071499224812533796, 'b_n': 14358}
2026-05-20 12:24:03,221 INFO src.data.event_loader: lengths of samples: min=32, max=981, avg=135.51
2026-05-20 12:24:03,221 INFO src.data.event_loader: Number of positive samples: 780
2026-05-20 12:24:03,221 INFO src.data.event_loader: Number of negative samples: 683
2026-05-20 12:24:03,245 INFO src.data.event_loader: Positive samples: 594, Negative samples: 576
2026-05-20 12:24:03,245 INFO src.data.event_loader: Total samples: 1170, Positive ratio: 0.51, Negative ratio: 0.49
2026-05-20 12:24:03,245 INFO src.data.event_loader: Positive samples: 107, Negative samples: 39
2026-05-20 12:24:03,245 INFO src.data.event_loader: Total samples: 146, Positive ratio: 0.73, Negative ratio: 0.27
2026-05-20 12:24:03,245 INFO src.data.event_loader: Positive samples: 79, Negative samples: 68
2026-05-20 12:24:03,245 INFO src.data.event_loader: Total samples: 147, Positive ratio: 0.54, Negative ratio: 0.46
2026-05-20 12:24:03,388 INFO src.cli.workflows: Loading checkpoint from: ./checkpoints/mixer_tpp_20260508-182744/last_model_1.pth
2026-05-20 12:24:03,872 INFO src.models.adapters.mixer_task: using time scale base 1.3070542199341526 (key: tau_mean)
2026-05-20 12:24:03,872 INFO src.models.adapters.mixer_task: tau mean: tensor(1.3071)
2026-05-20 12:24:03,877 INFO src.train.config_setup: Restoring model from checkpoint.
2026-05-20 12:24:03,877 INFO src.train.config_setup: Loading model weights: load_specific_parts=['encoder']
2026-05-20 12:24:03,878 INFO src.train.config_setup: Selective load summary: requested_parts=['encoder'], target_in_model=40, matched_in_checkpoint=30, loaded=30, missing_after_load=10, shape_mismatch=0, missing_in_model=0, out_of_scope_loaded=0
2026-05-20 12:24:03,878 INFO src.train.config_setup: Selective load coverage [encoder]: target=40, hit=30, missing=10, complete=False
2026-05-20 12:24:03,878 WARNING src.train.config_setup: Selective load coverage missing preview [encoder]: ['base_model.encoder.layers.2.mixer.in_proj.bias', 'base_model.encoder.layers.2.mixer.in_proj.weight', 'base_model.encoder.layers.2.mixer.out_proj.bias', 'base_model.encoder.layers.2.mixer.out_proj.weight', 'base_model.encoder.layers.2.mlp.fc1.weight', 'base_model.encoder.layers.2.mlp.fc2.weight', 'base_model.encoder.layers.2.norm.bias', 'base_model.encoder.layers.2.norm.weight'] ... (+2 more)
2026-05-20 12:24:03,879 WARNING src.train.config_setup: Checkpoint missing target parameter preview: ['base_model.encoder.layers.2.mixer.in_proj.bias', 'base_model.encoder.layers.2.mixer.in_proj.weight', 'base_model.encoder.layers.2.mixer.out_proj.bias', 'base_model.encoder.layers.2.mixer.out_proj.weight', 'base_model.encoder.layers.2.mlp.fc1.weight', 'base_model.encoder.layers.2.mlp.fc2.weight', 'base_model.encoder.layers.2.norm.bias', 'base_model.encoder.layers.2.norm.weight', 'base_model.encoder.layers.2.norm2.bias', 'base_model.encoder.layers.2.norm2.weight']
2026-05-20 12:24:03,879 WARNING src.train.config_setup: Target not-loaded parameter preview: ['base_model.encoder.layers.2.mixer.in_proj.bias', 'base_model.encoder.layers.2.mixer.in_proj.weight', 'base_model.encoder.layers.2.mixer.out_proj.bias', 'base_model.encoder.layers.2.mixer.out_proj.weight', 'base_model.encoder.layers.2.mlp.fc1.weight', 'base_model.encoder.layers.2.mlp.fc2.weight', 'base_model.encoder.layers.2.norm.bias', 'base_model.encoder.layers.2.norm.weight', 'base_model.encoder.layers.2.norm2.bias', 'base_model.encoder.layers.2.norm2.weight']
2026-05-20 12:24:03,879 INFO src.train.config_setup: Loaded parameter preview: ['base_model.encoder.layers.1.mixer.out_proj.weight', 'base_model.encoder.layers.1.mlp.fc2.weight', 'base_model.encoder.layers.1.mixer.dt_bias', 'base_model.encoder.layers.1.mixer.norm.weight', 'base_model.encoder.layers.1.mixer.A_log', 'base_model.encoder.layers.1.norm.bias', 'base_model.encoder.layers.0.mixer.D', 'base_model.encoder.layers.1.norm.weight', 'base_model.encoder.layers.0.mixer.A_log', 'base_model.encoder.layers.0.mixer.out_proj.weight'] ... (+20 more)
2026-05-20 12:24:03,880 INFO src.train.config_setup: Checkpoint hyperparameters loaded.
2026-05-20 12:24:03,880 INFO src.train.config_setup: Checkpoint train metrics available.
2026-05-20 12:24:03,880 INFO src.train.config_setup: Checkpoint val metrics available.
2026-05-20 12:24:03,880 INFO src.train.config_setup: Freeze skipped (checkpoint_restore): freeze_parts is empty.
2026-05-20 12:24:03,880 INFO src.train.config_setup: Using classification criterion: focal
2026-05-20 12:24:03,880 INFO src.train.config_setup: Criterion config: {'alpha': 0.5, 'gamma': 2.0}
2026-05-20 12:24:03,881 INFO src.train.config_setup: Not resuming optimizer/scheduler state; reset training state to start_epoch=0, best_val_loss=inf.
2026-05-20 12:24:03,881 INFO src.train.trainer: Epoch 1
2026-05-20 12:24:23,619 INFO src.train.trainer: New best validation loss: 0.1025, saved to /root/autodl-tmp/em_eqf/experiments/clf_grid_r_2_2/runs/tf_10_mf_4p0_seed_2/best_model_1.pth
2026-05-20 12:24:23,626 INFO src.train.trainer: Last model at epoch 1 saved to /root/autodl-tmp/em_eqf/experiments/clf_grid_r_2_2/runs/tf_10_mf_4p0_seed_2/last_model_1.pth
2026-05-20 12:24:23,626 INFO src.train.trainer: Epoch 2
2026-05-20 12:24:28,322 INFO src.train.trainer: New best validation loss: 0.0901, saved to /root/autodl-tmp/em_eqf/experiments/clf_grid_r_2_2/runs/tf_10_mf_4p0_seed_2/best_model_1.pth
2026-05-20 12:24:28,334 INFO src.train.trainer: Last model at epoch 2 saved to /root/autodl-tmp/em_eqf/experiments/clf_grid_r_2_2/runs/tf_10_mf_4p0_seed_2/last_model_1.pth
2026-05-20 12:24:28,334 INFO src.train.trainer: Epoch 3
2026-05-20 12:24:32,722 INFO src.train.trainer: New best validation loss: 0.0828, saved to /root/autodl-tmp/em_eqf/experiments/clf_grid_r_2_2/runs/tf_10_mf_4p0_seed_2/best_model_1.pth
2026-05-20 12:24:32,732 INFO src.train.trainer: Last model at epoch 3 saved to /root/autodl-tmp/em_eqf/experiments/clf_grid_r_2_2/runs/tf_10_mf_4p0_seed_2/last_model_1.pth
2026-05-20 12:24:32,732 INFO src.train.trainer: Epoch 4
2026-05-20 12:24:37,214 INFO src.train.trainer: New best validation loss: 0.0798, saved to /root/autodl-tmp/em_eqf/experiments/clf_grid_r_2_2/runs/tf_10_mf_4p0_seed_2/best_model_1.pth
2026-05-20 12:24:37,222 INFO src.train.trainer: Last model at epoch 4 saved to /root/autodl-tmp/em_eqf/experiments/clf_grid_r_2_2/runs/tf_10_mf_4p0_seed_2/last_model_1.pth
2026-05-20 12:24:37,223 INFO src.train.trainer: Epoch 5
2026-05-20 12:24:41,629 INFO src.train.trainer: New best validation loss: 0.0704, saved to /root/autodl-tmp/em_eqf/experiments/clf_grid_r_2_2/runs/tf_10_mf_4p0_seed_2/best_model_1.pth
2026-05-20 12:24:41,639 INFO src.train.trainer: Last model at epoch 5 saved to /root/autodl-tmp/em_eqf/experiments/clf_grid_r_2_2/runs/tf_10_mf_4p0_seed_2/last_model_1.pth
2026-05-20 12:24:41,640 INFO src.train.trainer: Epoch 6
2026-05-20 12:24:46,166 INFO src.train.trainer: Last model at epoch 6 saved to /root/autodl-tmp/em_eqf/experiments/clf_grid_r_2_2/runs/tf_10_mf_4p0_seed_2/last_model_1.pth
2026-05-20 12:24:46,167 INFO src.train.trainer: Epoch 7
2026-05-20 12:24:50,864 INFO src.train.trainer: Last model at epoch 7 saved to /root/autodl-tmp/em_eqf/experiments/clf_grid_r_2_2/runs/tf_10_mf_4p0_seed_2/last_model_1.pth
2026-05-20 12:24:50,865 INFO src.train.trainer: Epoch 8
2026-05-20 12:24:55,597 INFO src.train.trainer: Last model at epoch 8 saved to /root/autodl-tmp/em_eqf/experiments/clf_grid_r_2_2/runs/tf_10_mf_4p0_seed_2/last_model_1.pth
2026-05-20 12:24:55,598 INFO src.train.trainer: Epoch 9
2026-05-20 12:25:00,397 INFO src.train.trainer: Last model at epoch 9 saved to /root/autodl-tmp/em_eqf/experiments/clf_grid_r_2_2/runs/tf_10_mf_4p0_seed_2/last_model_1.pth
2026-05-20 12:25:00,398 INFO src.train.trainer: Epoch 10
2026-05-20 12:25:04,647 INFO src.train.trainer: Last model at epoch 10 saved to /root/autodl-tmp/em_eqf/experiments/clf_grid_r_2_2/runs/tf_10_mf_4p0_seed_2/last_model_1.pth
2026-05-20 12:25:04,647 INFO src.train.trainer: Epoch 11
2026-05-20 12:25:09,270 INFO src.train.trainer: Last model at epoch 11 saved to /root/autodl-tmp/em_eqf/experiments/clf_grid_r_2_2/runs/tf_10_mf_4p0_seed_2/last_model_1.pth
2026-05-20 12:25:09,271 INFO src.train.trainer: Epoch 12
2026-05-20 12:25:13,750 INFO src.train.trainer: Last model at epoch 12 saved to /root/autodl-tmp/em_eqf/experiments/clf_grid_r_2_2/runs/tf_10_mf_4p0_seed_2/last_model_1.pth
2026-05-20 12:25:13,751 INFO src.train.trainer: Epoch 13
2026-05-20 12:25:18,498 INFO src.train.trainer: New best validation loss: 0.0689, saved to /root/autodl-tmp/em_eqf/experiments/clf_grid_r_2_2/runs/tf_10_mf_4p0_seed_2/best_model_1.pth
2026-05-20 12:25:18,507 INFO src.train.trainer: Last model at epoch 13 saved to /root/autodl-tmp/em_eqf/experiments/clf_grid_r_2_2/runs/tf_10_mf_4p0_seed_2/last_model_1.pth
2026-05-20 12:25:18,508 INFO src.train.trainer: Epoch 14
2026-05-20 12:25:23,120 INFO src.train.trainer: Last model at epoch 14 saved to /root/autodl-tmp/em_eqf/experiments/clf_grid_r_2_2/runs/tf_10_mf_4p0_seed_2/last_model_1.pth
2026-05-20 12:25:23,120 INFO src.train.trainer: Epoch 15
2026-05-20 12:25:27,568 INFO src.train.trainer: Last model at epoch 15 saved to /root/autodl-tmp/em_eqf/experiments/clf_grid_r_2_2/runs/tf_10_mf_4p0_seed_2/last_model_1.pth
2026-05-20 12:25:27,568 INFO src.train.trainer: Epoch 16
2026-05-20 12:25:32,000 INFO src.train.trainer: Last model at epoch 16 saved to /root/autodl-tmp/em_eqf/experiments/clf_grid_r_2_2/runs/tf_10_mf_4p0_seed_2/last_model_1.pth
2026-05-20 12:25:32,000 INFO src.train.trainer: Epoch 17
2026-05-20 12:25:36,638 INFO src.train.trainer: New best validation loss: 0.0651, saved to /root/autodl-tmp/em_eqf/experiments/clf_grid_r_2_2/runs/tf_10_mf_4p0_seed_2/best_model_1.pth
2026-05-20 12:25:36,647 INFO src.train.trainer: Last model at epoch 17 saved to /root/autodl-tmp/em_eqf/experiments/clf_grid_r_2_2/runs/tf_10_mf_4p0_seed_2/last_model_1.pth
2026-05-20 12:25:36,647 INFO src.train.trainer: Epoch 18
2026-05-20 12:25:40,733 INFO src.train.trainer: New best validation loss: 0.0615, saved to /root/autodl-tmp/em_eqf/experiments/clf_grid_r_2_2/runs/tf_10_mf_4p0_seed_2/best_model_1.pth
2026-05-20 12:25:40,744 INFO src.train.trainer: Last model at epoch 18 saved to /root/autodl-tmp/em_eqf/experiments/clf_grid_r_2_2/runs/tf_10_mf_4p0_seed_2/last_model_1.pth
2026-05-20 12:25:40,744 INFO src.train.trainer: Epoch 19
2026-05-20 12:25:45,154 INFO src.train.trainer: Last model at epoch 19 saved to /root/autodl-tmp/em_eqf/experiments/clf_grid_r_2_2/runs/tf_10_mf_4p0_seed_2/last_model_1.pth
2026-05-20 12:25:45,155 INFO src.train.trainer: Epoch 20
2026-05-20 12:25:49,363 INFO src.train.trainer: Last model at epoch 20 saved to /root/autodl-tmp/em_eqf/experiments/clf_grid_r_2_2/runs/tf_10_mf_4p0_seed_2/last_model_1.pth
2026-05-20 12:25:49,363 INFO src.train.trainer: Epoch 21
2026-05-20 12:25:53,386 INFO src.train.trainer: Last model at epoch 21 saved to /root/autodl-tmp/em_eqf/experiments/clf_grid_r_2_2/runs/tf_10_mf_4p0_seed_2/last_model_1.pth
2026-05-20 12:25:53,386 INFO src.train.trainer: Epoch 22
2026-05-20 12:25:57,458 INFO src.train.trainer: Last model at epoch 22 saved to /root/autodl-tmp/em_eqf/experiments/clf_grid_r_2_2/runs/tf_10_mf_4p0_seed_2/last_model_1.pth
2026-05-20 12:25:57,458 INFO src.train.trainer: Epoch 23
2026-05-20 12:26:01,654 INFO src.train.trainer: Last model at epoch 23 saved to /root/autodl-tmp/em_eqf/experiments/clf_grid_r_2_2/runs/tf_10_mf_4p0_seed_2/last_model_1.pth
2026-05-20 12:26:01,654 INFO src.train.trainer: Epoch 24
2026-05-20 12:26:05,669 INFO src.train.trainer: Last model at epoch 24 saved to /root/autodl-tmp/em_eqf/experiments/clf_grid_r_2_2/runs/tf_10_mf_4p0_seed_2/last_model_1.pth
2026-05-20 12:26:05,669 INFO src.train.trainer: Epoch 25
2026-05-20 12:26:10,017 INFO src.train.trainer: Last model at epoch 25 saved to /root/autodl-tmp/em_eqf/experiments/clf_grid_r_2_2/runs/tf_10_mf_4p0_seed_2/last_model_1.pth
2026-05-20 12:26:10,017 INFO src.train.trainer: Epoch 26
2026-05-20 12:26:13,748 INFO src.train.trainer: New best validation loss: 0.0547, saved to /root/autodl-tmp/em_eqf/experiments/clf_grid_r_2_2/runs/tf_10_mf_4p0_seed_2/best_model_1.pth
2026-05-20 12:26:13,756 INFO src.train.trainer: Last model at epoch 26 saved to /root/autodl-tmp/em_eqf/experiments/clf_grid_r_2_2/runs/tf_10_mf_4p0_seed_2/last_model_1.pth
2026-05-20 12:26:13,756 INFO src.train.trainer: Epoch 27
2026-05-20 12:26:17,470 INFO src.train.trainer: Last model at epoch 27 saved to /root/autodl-tmp/em_eqf/experiments/clf_grid_r_2_2/runs/tf_10_mf_4p0_seed_2/last_model_1.pth
2026-05-20 12:26:17,470 INFO src.train.trainer: Epoch 28
2026-05-20 12:26:21,160 INFO src.train.trainer: Last model at epoch 28 saved to /root/autodl-tmp/em_eqf/experiments/clf_grid_r_2_2/runs/tf_10_mf_4p0_seed_2/last_model_1.pth
2026-05-20 12:26:21,160 INFO src.train.trainer: Epoch 29
2026-05-20 12:26:25,261 INFO src.train.trainer: Last model at epoch 29 saved to /root/autodl-tmp/em_eqf/experiments/clf_grid_r_2_2/runs/tf_10_mf_4p0_seed_2/last_model_1.pth
2026-05-20 12:26:25,261 INFO src.train.trainer: Epoch 30
2026-05-20 12:26:29,619 INFO src.train.trainer: Last model at epoch 30 saved to /root/autodl-tmp/em_eqf/experiments/clf_grid_r_2_2/runs/tf_10_mf_4p0_seed_2/last_model_1.pth
2026-05-20 12:26:29,619 INFO src.train.trainer: Epoch 31
2026-05-20 12:26:33,883 INFO src.train.trainer: Last model at epoch 31 saved to /root/autodl-tmp/em_eqf/experiments/clf_grid_r_2_2/runs/tf_10_mf_4p0_seed_2/last_model_1.pth
2026-05-20 12:26:33,883 INFO src.train.trainer: Epoch 32
2026-05-20 12:26:37,933 INFO src.train.trainer: Last model at epoch 32 saved to /root/autodl-tmp/em_eqf/experiments/clf_grid_r_2_2/runs/tf_10_mf_4p0_seed_2/last_model_1.pth
2026-05-20 12:26:37,933 INFO src.train.trainer: Epoch 33
2026-05-20 12:26:41,718 INFO src.train.trainer: Last model at epoch 33 saved to /root/autodl-tmp/em_eqf/experiments/clf_grid_r_2_2/runs/tf_10_mf_4p0_seed_2/last_model_1.pth
2026-05-20 12:26:41,718 INFO src.train.trainer: Epoch 34
2026-05-20 12:26:45,648 INFO src.train.trainer: Last model at epoch 34 saved to /root/autodl-tmp/em_eqf/experiments/clf_grid_r_2_2/runs/tf_10_mf_4p0_seed_2/last_model_1.pth
2026-05-20 12:26:45,649 INFO src.train.trainer: Epoch 35
2026-05-20 12:26:49,672 INFO src.train.trainer: Last model at epoch 35 saved to /root/autodl-tmp/em_eqf/experiments/clf_grid_r_2_2/runs/tf_10_mf_4p0_seed_2/last_model_1.pth
2026-05-20 12:26:49,672 INFO src.train.trainer: Epoch 36
2026-05-20 12:26:53,880 INFO src.train.trainer: Last model at epoch 36 saved to /root/autodl-tmp/em_eqf/experiments/clf_grid_r_2_2/runs/tf_10_mf_4p0_seed_2/last_model_1.pth
2026-05-20 12:26:53,880 INFO src.train.trainer: Early stopping triggered at epoch 36 (best epoch: 26, best val loss: 0.054682)
2026-05-20 12:27:05,629 INFO src.data.preprocessing: CSV files found: ['chuandian_2021.csv']
2026-05-20 12:27:06,924 INFO src.utils.file_utils: Loading cached data from: data/ChuanDian/classifier/classifier_Mc_3_Mf_4.0_Tfore_10_Twindow_180_context_len_1_dt_10.pkl
2026-05-20 12:27:07,300 INFO src.data.preprocessing: Catalog statistics: {'tau_unfiltered': 0.15339908988298961, 'tau_q025': 0.08114294020924717, 'tau_q05': 0.5134664350189269, 'tau_mean': 1.3070542199341526, 'tau_max': 25.18216435192153, 'tau_min': 0.0, 'time_max': 18770.72654999979, 'time_mean': 10030.9430649837, 'mag_completeness': 3.0, 'mag_mean': 3.456916005014626, 'mag_max': 8.0, 'mag_min': 3.0, 'b_value': 0.856738547623331, 'b_std': 0.0071499224812533796, 'b_n': 14358}
2026-05-20 12:27:07,319 INFO src.data.event_loader: lengths of samples: min=32, max=981, avg=135.51
2026-05-20 12:27:07,320 INFO src.data.event_loader: Number of positive samples: 780
2026-05-20 12:27:07,320 INFO src.data.event_loader: Number of negative samples: 683
2026-05-20 12:27:07,321 INFO src.data.event_loader: Positive samples: 594, Negative samples: 576
2026-05-20 12:27:07,321 INFO src.data.event_loader: Total samples: 1170, Positive ratio: 0.51, Negative ratio: 0.49
2026-05-20 12:27:07,322 INFO src.data.event_loader: Positive samples: 107, Negative samples: 39
2026-05-20 12:27:07,322 INFO src.data.event_loader: Total samples: 146, Positive ratio: 0.73, Negative ratio: 0.27
2026-05-20 12:27:07,322 INFO src.data.event_loader: Positive samples: 79, Negative samples: 68
2026-05-20 12:27:07,322 INFO src.data.event_loader: Total samples: 147, Positive ratio: 0.54, Negative ratio: 0.46
2026-05-20 12:27:07,797 INFO src.models.adapters.mixer_task: using time scale base 1.3070542199341526 (key: tau_mean)
2026-05-20 12:27:07,797 INFO src.models.adapters.mixer_task: tau mean: tensor(1.3071)
2026-05-20 12:27:07,806 INFO src.train.config_setup: Restoring model from checkpoint.
2026-05-20 12:27:07,807 INFO src.train.config_setup: Loading model weights: load_specific_parts=None
2026-05-20 12:27:07,808 INFO src.train.config_setup: Checkpoint loaded: <All keys matched successfully>
2026-05-20 12:27:07,808 INFO src.train.config_setup: Full load summary: loaded=56, missing=0, unexpected=0
2026-05-20 12:27:07,809 INFO src.train.config_setup: Checkpoint hyperparameters loaded.
2026-05-20 12:27:07,809 INFO src.train.config_setup: Checkpoint train metrics available.
2026-05-20 12:27:07,809 INFO src.train.config_setup: Checkpoint val metrics available.
2026-05-20 12:27:07,809 INFO src.train.config_setup: Freeze skipped (checkpoint_restore): freeze_parts is empty.
2026-05-20 12:27:07,809 INFO src.train.config_setup: Using classification criterion: focal
2026-05-20 12:27:07,810 INFO src.train.config_setup: Criterion config: {'alpha': 0.5, 'gamma': 2.0}
2026-05-20 12:27:07,810 INFO src.train.config_setup: Not resuming optimizer/scheduler state; reset training state to start_epoch=0, best_val_loss=inf.
2026-05-20 12:27:07,811 INFO src.cli.common: Using threshold 0.459459513425827 from checkpoint val_metrics for testing.
2026-05-20 12:27:12,841 INFO src.utils.metrics: ROC curve saved to /root/autodl-tmp/em_eqf/experiments/clf_grid_r_2_2/runs/tf_10_mf_4p0_seed_2/roc_curve.png
2026-05-20 12:27:12,951 INFO src.utils.metrics: PR curve saved to /root/autodl-tmp/em_eqf/experiments/clf_grid_r_2_2/runs/tf_10_mf_4p0_seed_2/pr_curve.png
2026-05-20 12:27:13,019 INFO src.utils.metrics: Confusion matrix saved to /root/autodl-tmp/em_eqf/experiments/clf_grid_r_2_2/runs/tf_10_mf_4p0_seed_2/confusion_matrix.png
2026-05-20 12:27:13,019 INFO src.cli.workflows: Test loss: 0.06891192644834518
2026-05-20 12:27:14,796 INFO src.train.classifier_train_step: Prediction distribution plot has been saved to: /root/autodl-tmp/em_eqf/experiments/clf_grid_r_2_2/runs/tf_10_mf_4p0_seed_2/train_pred_distribution.png
2026-05-20 12:27:15,273 INFO src.train.classifier_train_step: Prediction distribution plot has been saved to: /root/autodl-tmp/em_eqf/experiments/clf_grid_r_2_2/runs/tf_10_mf_4p0_seed_2/val_pred_distribution.png
2026-05-20 12:27:15,727 INFO src.train.classifier_train_step: Prediction distribution plot has been saved to: /root/autodl-tmp/em_eqf/experiments/clf_grid_r_2_2/runs/tf_10_mf_4p0_seed_2/test_pred_distribution.png
2026-05-20 12:27:15,727 INFO src.cli.common: Saved test metrics to /root/autodl-tmp/em_eqf/experiments/clf_grid_r_2_2/runs/tf_10_mf_4p0_seed_2/metrics_test_best_1.json
2026-05-20 12:27:15,727 INFO src.cli.common: Metrics: {'precision': 0.5428571428571428, 'recall': 0.9620253164556962, 'f1': 0.6940639269406392, 'auc': 0.7842516753536859, 'pr_auc': 0.8431976191818511, 'fpr': 0.9411764705882353, 'tpr': 0.9620253164556962, 'R': 0.02084884586746094, 'conf': 1.4890947461748877e-43, 'threshold': 0.459459513425827}
