2026-05-21 18:53:23,113 INFO src.data.preprocessing: CSV files found: ['chuandian_2021.csv']
2026-05-21 18:53:23,664 INFO src.utils.file_utils: Loading cached data from: data/ChuanDian/classifier/classifier_Mc_3_Mf_4.5_Tfore_20_Twindow_180_context_len_1_dt_10.pkl
2026-05-21 18:53:24,362 INFO src.data.preprocessing: Catalog statistics: {'tau_unfiltered': 0.15339908988298961, 'tau_q025': 0.08114294020924717, 'tau_q05': 0.5134664350189269, 'tau_mean': 1.3070542199341526, 'tau_max': 25.18216435192153, 'tau_min': 0.0, 'time_max': 18770.72654999979, 'time_mean': 10030.9430649837, 'mag_completeness': 3.0, 'mag_mean': 3.456916005014626, 'mag_max': 8.0, 'mag_min': 3.0, 'b_value': 0.856738547623331, 'b_std': 0.0071499224812533796, 'b_n': 14358}
2026-05-21 18:53:24,378 INFO src.data.event_loader: lengths of samples: min=32, max=981, avg=133.42
2026-05-21 18:53:24,378 INFO src.data.event_loader: Number of positive samples: 623
2026-05-21 18:53:24,378 INFO src.data.event_loader: Number of negative samples: 845
2026-05-21 18:53:24,379 INFO src.data.event_loader: Positive samples: 528, Negative samples: 646
2026-05-21 18:53:24,379 INFO src.data.event_loader: Total samples: 1174, Positive ratio: 0.45, Negative ratio: 0.55
2026-05-21 18:53:24,380 INFO src.data.event_loader: Positive samples: 60, Negative samples: 86
2026-05-21 18:53:24,380 INFO src.data.event_loader: Total samples: 146, Positive ratio: 0.41, Negative ratio: 0.59
2026-05-21 18:53:24,380 INFO src.data.event_loader: Positive samples: 35, Negative samples: 113
2026-05-21 18:53:24,380 INFO src.data.event_loader: Total samples: 148, Positive ratio: 0.24, Negative ratio: 0.76
2026-05-21 18:53:24,434 INFO src.cli.workflows: Loading checkpoint from: ./checkpoints/mixer_tpp_20260514-211318/last_model_1.pth
2026-05-21 18:53:25,257 INFO src.models.adapters.mixer_task: using time scale base 1.3070542199341526 (key: tau_mean)
2026-05-21 18:53:25,257 INFO src.models.adapters.mixer_task: tau mean: tensor(1.3071)
2026-05-21 18:53:25,351 INFO src.train.config_setup: Restoring model from checkpoint.
2026-05-21 18:53:25,351 INFO src.train.config_setup: Loading model weights: load_specific_parts=['encoder']
2026-05-21 18:53:25,353 INFO src.train.config_setup: Selective load summary: requested_parts=['encoder'], target_in_model=40, matched_in_checkpoint=30, loaded=30, missing_after_load=10, shape_mismatch=0, missing_in_model=0, out_of_scope_loaded=0
2026-05-21 18:53:25,353 INFO src.train.config_setup: Selective load coverage [encoder]: target=40, hit=30, missing=10, complete=False
2026-05-21 18:53:25,353 WARNING src.train.config_setup: Selective load coverage missing preview [encoder]: ['base_model.encoder.layers.2.mixer.in_proj.bias', 'base_model.encoder.layers.2.mixer.in_proj.weight', 'base_model.encoder.layers.2.mixer.out_proj.bias', 'base_model.encoder.layers.2.mixer.out_proj.weight', 'base_model.encoder.layers.2.mlp.fc1.weight', 'base_model.encoder.layers.2.mlp.fc2.weight', 'base_model.encoder.layers.2.norm.bias', 'base_model.encoder.layers.2.norm.weight'] ... (+2 more)
2026-05-21 18:53:25,353 WARNING src.train.config_setup: Checkpoint missing target parameter preview: ['base_model.encoder.layers.2.mixer.in_proj.bias', 'base_model.encoder.layers.2.mixer.in_proj.weight', 'base_model.encoder.layers.2.mixer.out_proj.bias', 'base_model.encoder.layers.2.mixer.out_proj.weight', 'base_model.encoder.layers.2.mlp.fc1.weight', 'base_model.encoder.layers.2.mlp.fc2.weight', 'base_model.encoder.layers.2.norm.bias', 'base_model.encoder.layers.2.norm.weight', 'base_model.encoder.layers.2.norm2.bias', 'base_model.encoder.layers.2.norm2.weight']
2026-05-21 18:53:25,353 WARNING src.train.config_setup: Target not-loaded parameter preview: ['base_model.encoder.layers.2.mixer.in_proj.bias', 'base_model.encoder.layers.2.mixer.in_proj.weight', 'base_model.encoder.layers.2.mixer.out_proj.bias', 'base_model.encoder.layers.2.mixer.out_proj.weight', 'base_model.encoder.layers.2.mlp.fc1.weight', 'base_model.encoder.layers.2.mlp.fc2.weight', 'base_model.encoder.layers.2.norm.bias', 'base_model.encoder.layers.2.norm.weight', 'base_model.encoder.layers.2.norm2.bias', 'base_model.encoder.layers.2.norm2.weight']
2026-05-21 18:53:25,353 INFO src.train.config_setup: Loaded parameter preview: ['base_model.encoder.layers.0.mixer.D', 'base_model.encoder.layers.0.mixer.norm.weight', 'base_model.encoder.layers.1.mixer.norm.weight', 'base_model.encoder.norm_f.bias', 'base_model.encoder.layers.0.norm.bias', 'base_model.encoder.layers.0.norm2.bias', 'base_model.encoder.layers.1.mlp.fc1.weight', 'base_model.encoder.layers.0.mlp.fc2.weight', 'base_model.encoder.layers.1.mixer.A_log', 'base_model.encoder.layers.0.mixer.in_proj.weight'] ... (+20 more)
2026-05-21 18:53:25,354 INFO src.train.config_setup: Checkpoint hyperparameters loaded.
2026-05-21 18:53:25,354 INFO src.train.config_setup: Checkpoint train metrics available.
2026-05-21 18:53:25,355 INFO src.train.config_setup: Checkpoint val metrics available.
2026-05-21 18:53:25,355 INFO src.train.config_setup: Freeze skipped (checkpoint_restore): freeze_parts is empty.
2026-05-21 18:53:25,355 INFO src.train.config_setup: Using classification criterion: focal
2026-05-21 18:53:25,355 INFO src.train.config_setup: Criterion config: {'alpha': 0.5, 'gamma': 2.0}
2026-05-21 18:53:25,356 INFO src.train.config_setup: Not resuming optimizer/scheduler state; reset training state to start_epoch=0, best_val_loss=inf.
2026-05-21 18:53:25,356 INFO src.train.trainer: Epoch 1
2026-05-21 18:53:45,326 INFO src.train.trainer: New best validation loss: 0.0935, saved to /root/autodl-tmp/em_eqf/experiments/clf_pre_v2/clf_pre_SCEDC_minus_b_v2/runs/tf_20_mf_4p5_seed_0/best_model_1.pth
2026-05-21 18:53:45,332 INFO src.train.trainer: Last model at epoch 1 saved to /root/autodl-tmp/em_eqf/experiments/clf_pre_v2/clf_pre_SCEDC_minus_b_v2/runs/tf_20_mf_4p5_seed_0/last_model_1.pth
2026-05-21 18:53:45,332 INFO src.train.trainer: Epoch 2
2026-05-21 18:53:49,965 INFO src.train.trainer: New best validation loss: 0.0876, saved to /root/autodl-tmp/em_eqf/experiments/clf_pre_v2/clf_pre_SCEDC_minus_b_v2/runs/tf_20_mf_4p5_seed_0/best_model_1.pth
2026-05-21 18:53:49,973 INFO src.train.trainer: Last model at epoch 2 saved to /root/autodl-tmp/em_eqf/experiments/clf_pre_v2/clf_pre_SCEDC_minus_b_v2/runs/tf_20_mf_4p5_seed_0/last_model_1.pth
2026-05-21 18:53:49,973 INFO src.train.trainer: Epoch 3
2026-05-21 18:53:54,268 INFO src.train.trainer: New best validation loss: 0.0869, saved to /root/autodl-tmp/em_eqf/experiments/clf_pre_v2/clf_pre_SCEDC_minus_b_v2/runs/tf_20_mf_4p5_seed_0/best_model_1.pth
2026-05-21 18:53:54,276 INFO src.train.trainer: Last model at epoch 3 saved to /root/autodl-tmp/em_eqf/experiments/clf_pre_v2/clf_pre_SCEDC_minus_b_v2/runs/tf_20_mf_4p5_seed_0/last_model_1.pth
2026-05-21 18:53:54,276 INFO src.train.trainer: Epoch 4
2026-05-21 18:53:59,036 INFO src.train.trainer: New best validation loss: 0.0833, saved to /root/autodl-tmp/em_eqf/experiments/clf_pre_v2/clf_pre_SCEDC_minus_b_v2/runs/tf_20_mf_4p5_seed_0/best_model_1.pth
2026-05-21 18:53:59,042 INFO src.train.trainer: Last model at epoch 4 saved to /root/autodl-tmp/em_eqf/experiments/clf_pre_v2/clf_pre_SCEDC_minus_b_v2/runs/tf_20_mf_4p5_seed_0/last_model_1.pth
2026-05-21 18:53:59,042 INFO src.train.trainer: Epoch 5
2026-05-21 18:54:03,847 INFO src.train.trainer: Last model at epoch 5 saved to /root/autodl-tmp/em_eqf/experiments/clf_pre_v2/clf_pre_SCEDC_minus_b_v2/runs/tf_20_mf_4p5_seed_0/last_model_1.pth
2026-05-21 18:54:03,847 INFO src.train.trainer: Epoch 6
2026-05-21 18:54:08,436 INFO src.train.trainer: Last model at epoch 6 saved to /root/autodl-tmp/em_eqf/experiments/clf_pre_v2/clf_pre_SCEDC_minus_b_v2/runs/tf_20_mf_4p5_seed_0/last_model_1.pth
2026-05-21 18:54:08,436 INFO src.train.trainer: Epoch 7
2026-05-21 18:54:13,154 INFO src.train.trainer: Last model at epoch 7 saved to /root/autodl-tmp/em_eqf/experiments/clf_pre_v2/clf_pre_SCEDC_minus_b_v2/runs/tf_20_mf_4p5_seed_0/last_model_1.pth
2026-05-21 18:54:13,154 INFO src.train.trainer: Epoch 8
2026-05-21 18:54:17,740 INFO src.train.trainer: Last model at epoch 8 saved to /root/autodl-tmp/em_eqf/experiments/clf_pre_v2/clf_pre_SCEDC_minus_b_v2/runs/tf_20_mf_4p5_seed_0/last_model_1.pth
2026-05-21 18:54:17,740 INFO src.train.trainer: Epoch 9
2026-05-21 18:54:22,664 INFO src.train.trainer: New best validation loss: 0.0831, saved to /root/autodl-tmp/em_eqf/experiments/clf_pre_v2/clf_pre_SCEDC_minus_b_v2/runs/tf_20_mf_4p5_seed_0/best_model_1.pth
2026-05-21 18:54:22,671 INFO src.train.trainer: Last model at epoch 9 saved to /root/autodl-tmp/em_eqf/experiments/clf_pre_v2/clf_pre_SCEDC_minus_b_v2/runs/tf_20_mf_4p5_seed_0/last_model_1.pth
2026-05-21 18:54:22,672 INFO src.train.trainer: Epoch 10
2026-05-21 18:54:27,316 INFO src.train.trainer: Last model at epoch 10 saved to /root/autodl-tmp/em_eqf/experiments/clf_pre_v2/clf_pre_SCEDC_minus_b_v2/runs/tf_20_mf_4p5_seed_0/last_model_1.pth
2026-05-21 18:54:27,316 INFO src.train.trainer: Epoch 11
2026-05-21 18:54:32,218 INFO src.train.trainer: Last model at epoch 11 saved to /root/autodl-tmp/em_eqf/experiments/clf_pre_v2/clf_pre_SCEDC_minus_b_v2/runs/tf_20_mf_4p5_seed_0/last_model_1.pth
2026-05-21 18:54:32,218 INFO src.train.trainer: Epoch 12
2026-05-21 18:54:36,987 INFO src.train.trainer: Last model at epoch 12 saved to /root/autodl-tmp/em_eqf/experiments/clf_pre_v2/clf_pre_SCEDC_minus_b_v2/runs/tf_20_mf_4p5_seed_0/last_model_1.pth
2026-05-21 18:54:36,987 INFO src.train.trainer: Epoch 13
2026-05-21 18:54:40,994 INFO src.train.trainer: Last model at epoch 13 saved to /root/autodl-tmp/em_eqf/experiments/clf_pre_v2/clf_pre_SCEDC_minus_b_v2/runs/tf_20_mf_4p5_seed_0/last_model_1.pth
2026-05-21 18:54:40,995 INFO src.train.trainer: Epoch 14
2026-05-21 18:54:44,861 INFO src.train.trainer: Last model at epoch 14 saved to /root/autodl-tmp/em_eqf/experiments/clf_pre_v2/clf_pre_SCEDC_minus_b_v2/runs/tf_20_mf_4p5_seed_0/last_model_1.pth
2026-05-21 18:54:44,862 INFO src.train.trainer: Epoch 15
2026-05-21 18:54:48,546 INFO src.train.trainer: Last model at epoch 15 saved to /root/autodl-tmp/em_eqf/experiments/clf_pre_v2/clf_pre_SCEDC_minus_b_v2/runs/tf_20_mf_4p5_seed_0/last_model_1.pth
2026-05-21 18:54:48,547 INFO src.train.trainer: Epoch 16
2026-05-21 18:54:52,968 INFO src.train.trainer: Last model at epoch 16 saved to /root/autodl-tmp/em_eqf/experiments/clf_pre_v2/clf_pre_SCEDC_minus_b_v2/runs/tf_20_mf_4p5_seed_0/last_model_1.pth
2026-05-21 18:54:52,968 INFO src.train.trainer: Epoch 17
2026-05-21 18:54:57,952 INFO src.train.trainer: Last model at epoch 17 saved to /root/autodl-tmp/em_eqf/experiments/clf_pre_v2/clf_pre_SCEDC_minus_b_v2/runs/tf_20_mf_4p5_seed_0/last_model_1.pth
2026-05-21 18:54:57,952 INFO src.train.trainer: Epoch 18
2026-05-21 18:55:01,678 INFO src.train.trainer: Last model at epoch 18 saved to /root/autodl-tmp/em_eqf/experiments/clf_pre_v2/clf_pre_SCEDC_minus_b_v2/runs/tf_20_mf_4p5_seed_0/last_model_1.pth
2026-05-21 18:55:01,678 INFO src.train.trainer: Epoch 19
2026-05-21 18:55:05,128 INFO src.train.trainer: Last model at epoch 19 saved to /root/autodl-tmp/em_eqf/experiments/clf_pre_v2/clf_pre_SCEDC_minus_b_v2/runs/tf_20_mf_4p5_seed_0/last_model_1.pth
2026-05-21 18:55:05,128 INFO src.train.trainer: Early stopping triggered at epoch 19 (best epoch: 9, best val loss: 0.083131)
2026-05-21 18:55:14,461 INFO src.data.preprocessing: CSV files found: ['chuandian_2021.csv']
2026-05-21 18:55:14,995 INFO src.utils.file_utils: Loading cached data from: data/ChuanDian/classifier/classifier_Mc_3_Mf_4.5_Tfore_20_Twindow_180_context_len_1_dt_10.pkl
2026-05-21 18:55:15,692 INFO src.data.preprocessing: Catalog statistics: {'tau_unfiltered': 0.15339908988298961, 'tau_q025': 0.08114294020924717, 'tau_q05': 0.5134664350189269, 'tau_mean': 1.3070542199341526, 'tau_max': 25.18216435192153, 'tau_min': 0.0, 'time_max': 18770.72654999979, 'time_mean': 10030.9430649837, 'mag_completeness': 3.0, 'mag_mean': 3.456916005014626, 'mag_max': 8.0, 'mag_min': 3.0, 'b_value': 0.856738547623331, 'b_std': 0.0071499224812533796, 'b_n': 14358}
2026-05-21 18:55:15,707 INFO src.data.event_loader: lengths of samples: min=32, max=981, avg=133.42
2026-05-21 18:55:15,707 INFO src.data.event_loader: Number of positive samples: 623
2026-05-21 18:55:15,708 INFO src.data.event_loader: Number of negative samples: 845
2026-05-21 18:55:15,708 INFO src.data.event_loader: Positive samples: 528, Negative samples: 646
2026-05-21 18:55:15,708 INFO src.data.event_loader: Total samples: 1174, Positive ratio: 0.45, Negative ratio: 0.55
2026-05-21 18:55:15,709 INFO src.data.event_loader: Positive samples: 60, Negative samples: 86
2026-05-21 18:55:15,709 INFO src.data.event_loader: Total samples: 146, Positive ratio: 0.41, Negative ratio: 0.59
2026-05-21 18:55:15,709 INFO src.data.event_loader: Positive samples: 35, Negative samples: 113
2026-05-21 18:55:15,709 INFO src.data.event_loader: Total samples: 148, Positive ratio: 0.24, Negative ratio: 0.76
2026-05-21 18:55:16,117 INFO src.models.adapters.mixer_task: using time scale base 1.3070542199341526 (key: tau_mean)
2026-05-21 18:55:16,117 INFO src.models.adapters.mixer_task: tau mean: tensor(1.3071)
2026-05-21 18:55:16,217 INFO src.train.config_setup: Restoring model from checkpoint.
2026-05-21 18:55:16,217 INFO src.train.config_setup: Loading model weights: load_specific_parts=None
2026-05-21 18:55:16,219 INFO src.train.config_setup: Checkpoint loaded: <All keys matched successfully>
2026-05-21 18:55:16,219 INFO src.train.config_setup: Full load summary: loaded=56, missing=0, unexpected=0
2026-05-21 18:55:16,220 INFO src.train.config_setup: Checkpoint hyperparameters loaded.
2026-05-21 18:55:16,220 INFO src.train.config_setup: Checkpoint train metrics available.
2026-05-21 18:55:16,220 INFO src.train.config_setup: Checkpoint val metrics available.
2026-05-21 18:55:16,220 INFO src.train.config_setup: Freeze skipped (checkpoint_restore): freeze_parts is empty.
2026-05-21 18:55:16,220 INFO src.train.config_setup: Using classification criterion: focal
2026-05-21 18:55:16,220 INFO src.train.config_setup: Criterion config: {'alpha': 0.5, 'gamma': 2.0}
2026-05-21 18:55:16,221 INFO src.train.config_setup: Not resuming optimizer/scheduler state; reset training state to start_epoch=0, best_val_loss=inf.
2026-05-21 18:55:16,221 INFO src.cli.common: Using threshold 0.47213608026504517 from checkpoint val_metrics for testing.
2026-05-21 18:55:21,897 INFO src.utils.metrics: ROC curve saved to /root/autodl-tmp/em_eqf/experiments/clf_pre_v2/clf_pre_SCEDC_minus_b_v2/runs/tf_20_mf_4p5_seed_0/roc_curve.png
2026-05-21 18:55:22,018 INFO src.utils.metrics: PR curve saved to /root/autodl-tmp/em_eqf/experiments/clf_pre_v2/clf_pre_SCEDC_minus_b_v2/runs/tf_20_mf_4p5_seed_0/pr_curve.png
2026-05-21 18:55:22,081 INFO src.utils.metrics: Confusion matrix saved to /root/autodl-tmp/em_eqf/experiments/clf_pre_v2/clf_pre_SCEDC_minus_b_v2/runs/tf_20_mf_4p5_seed_0/confusion_matrix.png
2026-05-21 18:55:22,081 INFO src.cli.workflows: Test loss: 0.06843900084495544
2026-05-21 18:55:24,081 INFO src.train.classifier_train_step: Prediction distribution plot has been saved to: /root/autodl-tmp/em_eqf/experiments/clf_pre_v2/clf_pre_SCEDC_minus_b_v2/runs/tf_20_mf_4p5_seed_0/train_pred_distribution.png
2026-05-21 18:55:24,519 INFO src.train.classifier_train_step: Prediction distribution plot has been saved to: /root/autodl-tmp/em_eqf/experiments/clf_pre_v2/clf_pre_SCEDC_minus_b_v2/runs/tf_20_mf_4p5_seed_0/val_pred_distribution.png
2026-05-21 18:55:25,020 INFO src.train.classifier_train_step: Prediction distribution plot has been saved to: /root/autodl-tmp/em_eqf/experiments/clf_pre_v2/clf_pre_SCEDC_minus_b_v2/runs/tf_20_mf_4p5_seed_0/test_pred_distribution.png
2026-05-21 18:55:25,020 INFO src.cli.common: Saved test metrics to /root/autodl-tmp/em_eqf/experiments/clf_pre_v2/clf_pre_SCEDC_minus_b_v2/runs/tf_20_mf_4p5_seed_0/metrics_test_best_1.json
2026-05-21 18:55:25,020 INFO src.cli.common: Metrics: {'precision': 0.54, 'recall': 0.7714285714285715, 'f1': 0.6352941176470588, 'auc': 0.8000000000000002, 'pr_auc': 0.5324133402241195, 'fpr': 0.20353982300884957, 'tpr': 0.7714285714285715, 'R': 0.5678887484197219, 'conf': 1.0, 'threshold': 0.47213608026504517}
