2026-05-19 12:19:13,158 INFO src.data.preprocessing: CSV files found: ['chuandian_2021.csv']
2026-05-19 12:19:13,949 INFO src.utils.file_utils: Loading cached data from: data/ChuanDian/regressor/regressor_Mc_3_Mf_3_Tfore_180_Twindow_360_context_len_1_dt_10.pkl
2026-05-19 12:19:16,157 INFO src.data.preprocessing: Catalog statistics: {'tau_unfiltered': 0.15339908988298961, 'tau_q025': 0.08114294020924717, 'tau_q05': 0.5134664350189269, 'tau_mean': 1.3070542199341526, 'tau_max': 25.18216435192153, 'tau_min': 0.0, 'time_max': 18770.72654999979, 'time_mean': 10030.9430649837, 'mag_completeness': 3.0, 'mag_mean': 3.456916005014626, 'mag_max': 8.0, 'mag_min': 3.0, 'b_value': 0.856738547623331, 'b_std': 0.0071499224812533796, 'b_n': 14358}
2026-05-19 12:19:16,195 INFO src.data.event_loader: lengths of samples: min=96, max=1340, avg=265.71
2026-05-19 12:19:16,196 INFO src.cli.workflows: Loading checkpoint from: ./checkpoints/mixer_tpp_20260508-182744/last_model_1.pth
2026-05-19 12:19:17,193 INFO src.models.adapters.mixer_task: using time scale base 1.3070542199341526 (key: tau_mean)
2026-05-19 12:19:17,193 INFO src.models.adapters.mixer_task: tau mean: tensor(1.3071)
2026-05-19 12:19:17,198 INFO src.train.config_setup: Restoring model from checkpoint.
2026-05-19 12:19:17,199 INFO src.train.config_setup: Loading model weights: load_specific_parts=['base_model.encoder.input_proj', 'base_model.encoder.layers.0']
2026-05-19 12:19:17,200 INFO src.train.config_setup: Selective load summary: requested_parts=['base_model.encoder.input_proj', 'base_model.encoder.layers.0'], target_in_model=18, matched_in_checkpoint=16, loaded=16, missing_after_load=2, shape_mismatch=0, missing_in_model=0, out_of_scope_loaded=0
2026-05-19 12:19:17,200 INFO src.train.config_setup: Selective load coverage [base_model.encoder.input_proj]: target=4, hit=4, missing=0, complete=True
2026-05-19 12:19:17,200 INFO src.train.config_setup: Selective load coverage [base_model.encoder.layers.0]: target=14, hit=12, missing=2, complete=False
2026-05-19 12:19:17,200 WARNING src.train.config_setup: Selective load coverage missing preview [base_model.encoder.layers.0]: ['base_model.encoder.layers.0.mixer.conv1d.bias', 'base_model.encoder.layers.0.mixer.conv1d.weight']
2026-05-19 12:19:17,200 WARNING src.train.config_setup: Checkpoint missing target parameter preview: ['base_model.encoder.layers.0.mixer.conv1d.bias', 'base_model.encoder.layers.0.mixer.conv1d.weight']
2026-05-19 12:19:17,200 WARNING src.train.config_setup: Target not-loaded parameter preview: ['base_model.encoder.layers.0.mixer.conv1d.bias', 'base_model.encoder.layers.0.mixer.conv1d.weight']
2026-05-19 12:19:17,200 INFO src.train.config_setup: Loaded parameter preview: ['base_model.encoder.input_proj.3.bias', 'base_model.encoder.layers.0.norm2.bias', 'base_model.encoder.input_proj.0.weight', 'base_model.encoder.layers.0.mixer.D', 'base_model.encoder.layers.0.mixer.in_proj.weight', 'base_model.encoder.layers.0.mixer.out_proj.weight', 'base_model.encoder.layers.0.mlp.fc2.weight', 'base_model.encoder.input_proj.0.bias', 'base_model.encoder.layers.0.norm.bias', 'base_model.encoder.layers.0.norm2.weight'] ... (+6 more)
2026-05-19 12:19:17,201 INFO src.train.config_setup: Checkpoint hyperparameters loaded.
2026-05-19 12:19:17,201 INFO src.train.config_setup: Checkpoint train metrics available.
2026-05-19 12:19:17,201 INFO src.train.config_setup: Checkpoint val metrics available.
2026-05-19 12:19:17,201 INFO src.train.config_setup: Freeze skipped (checkpoint_restore): freeze_parts is empty.
2026-05-19 12:19:17,202 INFO src.train.config_setup: Using regression criterion: smooth_l1
2026-05-19 12:19:17,202 INFO src.train.config_setup: Criterion config: {'beta': 0.3}
2026-05-19 12:19:17,202 INFO src.train.config_setup: encoder_param_keywords: ['base_model.encoder.input_proj', 'base_model.encoder.layers.0']
2026-05-19 12:19:17,202 INFO src.train.config_setup: encoder_lr grouping summary: lr=0.0004, matched=18
2026-05-19 12:19:17,202 INFO src.train.config_setup: Encoder LR coverage [base_model.encoder.input_proj]: target=4, hit=4, missing=0, complete=True
2026-05-19 12:19:17,202 INFO src.train.config_setup: Encoder LR coverage [base_model.encoder.layers.0]: target=14, hit=14, missing=0, complete=True
2026-05-19 12:19:17,202 INFO src.train.config_setup: encoder_lr matched preview: ['base_model.encoder.input_proj.0.weight', 'base_model.encoder.input_proj.0.bias', 'base_model.encoder.input_proj.3.weight', 'base_model.encoder.input_proj.3.bias', 'base_model.encoder.layers.0.norm.weight', 'base_model.encoder.layers.0.norm.bias', 'base_model.encoder.layers.0.mixer.dt_bias', 'base_model.encoder.layers.0.mixer.A_log', 'base_model.encoder.layers.0.mixer.D', 'base_model.encoder.layers.0.mixer.in_proj.weight'] ... (+8 more)
2026-05-19 12:19:17,203 INFO src.train.config_setup: Not resuming optimizer/scheduler state; reset training state to start_epoch=0, best_val_loss=inf.
2026-05-19 12:19:17,210 INFO src.train.trainer: Using EMA with decay 0.98
2026-05-19 12:19:17,210 INFO src.train.trainer: Epoch 1
2026-05-19 12:19:36,733 INFO src.train.trainer: New best validation loss: 0.1185, saved to /root/autodl-tmp/em_eqf/experiments/reg_mixer_ablation_5_seeds/runs/reg_ab_reg_seed_4/best_model_1.pth
2026-05-19 12:19:36,738 INFO src.train.trainer: Last model at epoch 1 saved to /root/autodl-tmp/em_eqf/experiments/reg_mixer_ablation_5_seeds/runs/reg_ab_reg_seed_4/last_model_1.pth
2026-05-19 12:19:36,739 INFO src.train.trainer: Epoch 2
2026-05-19 12:19:39,652 INFO src.train.trainer: New best validation loss: 0.0799, saved to /root/autodl-tmp/em_eqf/experiments/reg_mixer_ablation_5_seeds/runs/reg_ab_reg_seed_4/best_model_1.pth
2026-05-19 12:19:39,659 INFO src.train.trainer: Last model at epoch 2 saved to /root/autodl-tmp/em_eqf/experiments/reg_mixer_ablation_5_seeds/runs/reg_ab_reg_seed_4/last_model_1.pth
2026-05-19 12:19:39,659 INFO src.train.trainer: Epoch 3
2026-05-19 12:19:41,210 INFO src.train.trainer: New best validation loss: 0.0528, saved to /root/autodl-tmp/em_eqf/experiments/reg_mixer_ablation_5_seeds/runs/reg_ab_reg_seed_4/best_model_1.pth
2026-05-19 12:19:41,217 INFO src.train.trainer: Last model at epoch 3 saved to /root/autodl-tmp/em_eqf/experiments/reg_mixer_ablation_5_seeds/runs/reg_ab_reg_seed_4/last_model_1.pth
2026-05-19 12:19:41,217 INFO src.train.trainer: Epoch 4
2026-05-19 12:19:42,898 INFO src.train.trainer: New best validation loss: 0.0383, saved to /root/autodl-tmp/em_eqf/experiments/reg_mixer_ablation_5_seeds/runs/reg_ab_reg_seed_4/best_model_1.pth
2026-05-19 12:19:42,910 INFO src.train.trainer: Last model at epoch 4 saved to /root/autodl-tmp/em_eqf/experiments/reg_mixer_ablation_5_seeds/runs/reg_ab_reg_seed_4/last_model_1.pth
2026-05-19 12:19:42,910 INFO src.train.trainer: Epoch 5
2026-05-19 12:19:45,128 INFO src.train.trainer: New best validation loss: 0.0333, saved to /root/autodl-tmp/em_eqf/experiments/reg_mixer_ablation_5_seeds/runs/reg_ab_reg_seed_4/best_model_1.pth
2026-05-19 12:19:45,139 INFO src.train.trainer: Last model at epoch 5 saved to /root/autodl-tmp/em_eqf/experiments/reg_mixer_ablation_5_seeds/runs/reg_ab_reg_seed_4/last_model_1.pth
2026-05-19 12:19:45,139 INFO src.train.trainer: Epoch 6
2026-05-19 12:19:47,756 INFO src.train.trainer: New best validation loss: 0.0316, saved to /root/autodl-tmp/em_eqf/experiments/reg_mixer_ablation_5_seeds/runs/reg_ab_reg_seed_4/best_model_1.pth
2026-05-19 12:19:47,768 INFO src.train.trainer: Last model at epoch 6 saved to /root/autodl-tmp/em_eqf/experiments/reg_mixer_ablation_5_seeds/runs/reg_ab_reg_seed_4/last_model_1.pth
2026-05-19 12:19:47,768 INFO src.train.trainer: Epoch 7
2026-05-19 12:19:50,069 INFO src.train.trainer: New best validation loss: 0.0308, saved to /root/autodl-tmp/em_eqf/experiments/reg_mixer_ablation_5_seeds/runs/reg_ab_reg_seed_4/best_model_1.pth
2026-05-19 12:19:50,082 INFO src.train.trainer: Last model at epoch 7 saved to /root/autodl-tmp/em_eqf/experiments/reg_mixer_ablation_5_seeds/runs/reg_ab_reg_seed_4/last_model_1.pth
2026-05-19 12:19:50,083 INFO src.train.trainer: Epoch 8
2026-05-19 12:19:52,670 INFO src.train.trainer: New best validation loss: 0.0304, saved to /root/autodl-tmp/em_eqf/experiments/reg_mixer_ablation_5_seeds/runs/reg_ab_reg_seed_4/best_model_1.pth
2026-05-19 12:19:52,683 INFO src.train.trainer: Last model at epoch 8 saved to /root/autodl-tmp/em_eqf/experiments/reg_mixer_ablation_5_seeds/runs/reg_ab_reg_seed_4/last_model_1.pth
2026-05-19 12:19:52,684 INFO src.train.trainer: Epoch 9
2026-05-19 12:19:55,263 INFO src.train.trainer: New best validation loss: 0.0300, saved to /root/autodl-tmp/em_eqf/experiments/reg_mixer_ablation_5_seeds/runs/reg_ab_reg_seed_4/best_model_1.pth
2026-05-19 12:19:55,272 INFO src.train.trainer: Last model at epoch 9 saved to /root/autodl-tmp/em_eqf/experiments/reg_mixer_ablation_5_seeds/runs/reg_ab_reg_seed_4/last_model_1.pth
2026-05-19 12:19:55,272 INFO src.train.trainer: Epoch 10
2026-05-19 12:19:57,728 INFO src.train.trainer: New best validation loss: 0.0297, saved to /root/autodl-tmp/em_eqf/experiments/reg_mixer_ablation_5_seeds/runs/reg_ab_reg_seed_4/best_model_1.pth
2026-05-19 12:19:57,742 INFO src.train.trainer: Last model at epoch 10 saved to /root/autodl-tmp/em_eqf/experiments/reg_mixer_ablation_5_seeds/runs/reg_ab_reg_seed_4/last_model_1.pth
2026-05-19 12:19:57,742 INFO src.train.trainer: Epoch 11
2026-05-19 12:20:00,128 INFO src.train.trainer: New best validation loss: 0.0294, saved to /root/autodl-tmp/em_eqf/experiments/reg_mixer_ablation_5_seeds/runs/reg_ab_reg_seed_4/best_model_1.pth
2026-05-19 12:20:00,138 INFO src.train.trainer: Last model at epoch 11 saved to /root/autodl-tmp/em_eqf/experiments/reg_mixer_ablation_5_seeds/runs/reg_ab_reg_seed_4/last_model_1.pth
2026-05-19 12:20:00,139 INFO src.train.trainer: Epoch 12
2026-05-19 12:20:02,618 INFO src.train.trainer: New best validation loss: 0.0292, saved to /root/autodl-tmp/em_eqf/experiments/reg_mixer_ablation_5_seeds/runs/reg_ab_reg_seed_4/best_model_1.pth
2026-05-19 12:20:02,629 INFO src.train.trainer: Last model at epoch 12 saved to /root/autodl-tmp/em_eqf/experiments/reg_mixer_ablation_5_seeds/runs/reg_ab_reg_seed_4/last_model_1.pth
2026-05-19 12:20:02,629 INFO src.train.trainer: Epoch 13
2026-05-19 12:20:04,883 INFO src.train.trainer: New best validation loss: 0.0292, saved to /root/autodl-tmp/em_eqf/experiments/reg_mixer_ablation_5_seeds/runs/reg_ab_reg_seed_4/best_model_1.pth
2026-05-19 12:20:04,890 INFO src.train.trainer: Last model at epoch 13 saved to /root/autodl-tmp/em_eqf/experiments/reg_mixer_ablation_5_seeds/runs/reg_ab_reg_seed_4/last_model_1.pth
2026-05-19 12:20:04,890 INFO src.train.trainer: Epoch 14
2026-05-19 12:20:07,361 INFO src.train.trainer: Last model at epoch 14 saved to /root/autodl-tmp/em_eqf/experiments/reg_mixer_ablation_5_seeds/runs/reg_ab_reg_seed_4/last_model_1.pth
2026-05-19 12:20:07,362 INFO src.train.trainer: Epoch 15
2026-05-19 12:20:10,020 INFO src.train.trainer: Last model at epoch 15 saved to /root/autodl-tmp/em_eqf/experiments/reg_mixer_ablation_5_seeds/runs/reg_ab_reg_seed_4/last_model_1.pth
2026-05-19 12:20:10,021 INFO src.train.trainer: Epoch 16
2026-05-19 12:20:12,450 INFO src.train.trainer: Last model at epoch 16 saved to /root/autodl-tmp/em_eqf/experiments/reg_mixer_ablation_5_seeds/runs/reg_ab_reg_seed_4/last_model_1.pth
2026-05-19 12:20:12,451 INFO src.train.trainer: Epoch 17
2026-05-19 12:20:14,849 INFO src.train.trainer: Last model at epoch 17 saved to /root/autodl-tmp/em_eqf/experiments/reg_mixer_ablation_5_seeds/runs/reg_ab_reg_seed_4/last_model_1.pth
2026-05-19 12:20:14,850 INFO src.train.trainer: Epoch 18
2026-05-19 12:20:17,375 INFO src.train.trainer: Last model at epoch 18 saved to /root/autodl-tmp/em_eqf/experiments/reg_mixer_ablation_5_seeds/runs/reg_ab_reg_seed_4/last_model_1.pth
2026-05-19 12:20:17,376 INFO src.train.trainer: Epoch 19
2026-05-19 12:20:19,854 INFO src.train.trainer: Last model at epoch 19 saved to /root/autodl-tmp/em_eqf/experiments/reg_mixer_ablation_5_seeds/runs/reg_ab_reg_seed_4/last_model_1.pth
2026-05-19 12:20:19,854 INFO src.train.trainer: Epoch 20
2026-05-19 12:20:22,056 INFO src.train.trainer: Last model at epoch 20 saved to /root/autodl-tmp/em_eqf/experiments/reg_mixer_ablation_5_seeds/runs/reg_ab_reg_seed_4/last_model_1.pth
2026-05-19 12:20:22,057 INFO src.train.trainer: Epoch 21
2026-05-19 12:20:24,380 INFO src.train.trainer: Last model at epoch 21 saved to /root/autodl-tmp/em_eqf/experiments/reg_mixer_ablation_5_seeds/runs/reg_ab_reg_seed_4/last_model_1.pth
2026-05-19 12:20:24,381 INFO src.train.trainer: Epoch 22
2026-05-19 12:20:26,923 INFO src.train.trainer: Last model at epoch 22 saved to /root/autodl-tmp/em_eqf/experiments/reg_mixer_ablation_5_seeds/runs/reg_ab_reg_seed_4/last_model_1.pth
2026-05-19 12:20:26,923 INFO src.train.trainer: Epoch 23
2026-05-19 12:20:29,279 INFO src.train.trainer: Last model at epoch 23 saved to /root/autodl-tmp/em_eqf/experiments/reg_mixer_ablation_5_seeds/runs/reg_ab_reg_seed_4/last_model_1.pth
2026-05-19 12:20:29,279 INFO src.train.trainer: Epoch 24
2026-05-19 12:20:31,823 INFO src.train.trainer: Last model at epoch 24 saved to /root/autodl-tmp/em_eqf/experiments/reg_mixer_ablation_5_seeds/runs/reg_ab_reg_seed_4/last_model_1.pth
2026-05-19 12:20:31,823 INFO src.train.trainer: Epoch 25
2026-05-19 12:20:34,186 INFO src.train.trainer: New best validation loss: 0.0291, saved to /root/autodl-tmp/em_eqf/experiments/reg_mixer_ablation_5_seeds/runs/reg_ab_reg_seed_4/best_model_1.pth
2026-05-19 12:20:34,194 INFO src.train.trainer: Last model at epoch 25 saved to /root/autodl-tmp/em_eqf/experiments/reg_mixer_ablation_5_seeds/runs/reg_ab_reg_seed_4/last_model_1.pth
2026-05-19 12:20:34,194 INFO src.train.trainer: Epoch 26
2026-05-19 12:20:36,350 INFO src.train.trainer: New best validation loss: 0.0288, saved to /root/autodl-tmp/em_eqf/experiments/reg_mixer_ablation_5_seeds/runs/reg_ab_reg_seed_4/best_model_1.pth
2026-05-19 12:20:36,397 INFO src.train.trainer: Last model at epoch 26 saved to /root/autodl-tmp/em_eqf/experiments/reg_mixer_ablation_5_seeds/runs/reg_ab_reg_seed_4/last_model_1.pth
2026-05-19 12:20:36,397 INFO src.train.trainer: Epoch 27
2026-05-19 12:20:38,735 INFO src.train.trainer: New best validation loss: 0.0285, saved to /root/autodl-tmp/em_eqf/experiments/reg_mixer_ablation_5_seeds/runs/reg_ab_reg_seed_4/best_model_1.pth
2026-05-19 12:20:38,744 INFO src.train.trainer: Last model at epoch 27 saved to /root/autodl-tmp/em_eqf/experiments/reg_mixer_ablation_5_seeds/runs/reg_ab_reg_seed_4/last_model_1.pth
2026-05-19 12:20:38,745 INFO src.train.trainer: Epoch 28
2026-05-19 12:20:41,146 INFO src.train.trainer: New best validation loss: 0.0280, saved to /root/autodl-tmp/em_eqf/experiments/reg_mixer_ablation_5_seeds/runs/reg_ab_reg_seed_4/best_model_1.pth
2026-05-19 12:20:41,157 INFO src.train.trainer: Last model at epoch 28 saved to /root/autodl-tmp/em_eqf/experiments/reg_mixer_ablation_5_seeds/runs/reg_ab_reg_seed_4/last_model_1.pth
2026-05-19 12:20:41,157 INFO src.train.trainer: Epoch 29
2026-05-19 12:20:43,868 INFO src.train.trainer: New best validation loss: 0.0275, saved to /root/autodl-tmp/em_eqf/experiments/reg_mixer_ablation_5_seeds/runs/reg_ab_reg_seed_4/best_model_1.pth
2026-05-19 12:20:43,877 INFO src.train.trainer: Last model at epoch 29 saved to /root/autodl-tmp/em_eqf/experiments/reg_mixer_ablation_5_seeds/runs/reg_ab_reg_seed_4/last_model_1.pth
2026-05-19 12:20:43,877 INFO src.train.trainer: Epoch 30
2026-05-19 12:20:46,182 INFO src.train.trainer: New best validation loss: 0.0272, saved to /root/autodl-tmp/em_eqf/experiments/reg_mixer_ablation_5_seeds/runs/reg_ab_reg_seed_4/best_model_1.pth
2026-05-19 12:20:46,191 INFO src.train.trainer: Last model at epoch 30 saved to /root/autodl-tmp/em_eqf/experiments/reg_mixer_ablation_5_seeds/runs/reg_ab_reg_seed_4/last_model_1.pth
2026-05-19 12:20:46,191 INFO src.train.trainer: Epoch 31
2026-05-19 12:20:48,843 INFO src.train.trainer: New best validation loss: 0.0269, saved to /root/autodl-tmp/em_eqf/experiments/reg_mixer_ablation_5_seeds/runs/reg_ab_reg_seed_4/best_model_1.pth
2026-05-19 12:20:48,850 INFO src.train.trainer: Last model at epoch 31 saved to /root/autodl-tmp/em_eqf/experiments/reg_mixer_ablation_5_seeds/runs/reg_ab_reg_seed_4/last_model_1.pth
2026-05-19 12:20:48,851 INFO src.train.trainer: Epoch 32
2026-05-19 12:20:51,197 INFO src.train.trainer: New best validation loss: 0.0268, saved to /root/autodl-tmp/em_eqf/experiments/reg_mixer_ablation_5_seeds/runs/reg_ab_reg_seed_4/best_model_1.pth
2026-05-19 12:20:51,208 INFO src.train.trainer: Last model at epoch 32 saved to /root/autodl-tmp/em_eqf/experiments/reg_mixer_ablation_5_seeds/runs/reg_ab_reg_seed_4/last_model_1.pth
2026-05-19 12:20:51,208 INFO src.train.trainer: Epoch 33
2026-05-19 12:20:53,442 INFO src.train.trainer: Last model at epoch 33 saved to /root/autodl-tmp/em_eqf/experiments/reg_mixer_ablation_5_seeds/runs/reg_ab_reg_seed_4/last_model_1.pth
2026-05-19 12:20:53,443 INFO src.train.trainer: Epoch 34
2026-05-19 12:20:55,924 INFO src.train.trainer: Last model at epoch 34 saved to /root/autodl-tmp/em_eqf/experiments/reg_mixer_ablation_5_seeds/runs/reg_ab_reg_seed_4/last_model_1.pth
2026-05-19 12:20:55,925 INFO src.train.trainer: Epoch 35
2026-05-19 12:20:58,168 INFO src.train.trainer: Last model at epoch 35 saved to /root/autodl-tmp/em_eqf/experiments/reg_mixer_ablation_5_seeds/runs/reg_ab_reg_seed_4/last_model_1.pth
2026-05-19 12:20:58,168 INFO src.train.trainer: Epoch 36
2026-05-19 12:21:00,528 INFO src.train.trainer: Last model at epoch 36 saved to /root/autodl-tmp/em_eqf/experiments/reg_mixer_ablation_5_seeds/runs/reg_ab_reg_seed_4/last_model_1.pth
2026-05-19 12:21:00,528 INFO src.train.trainer: Epoch 37
2026-05-19 12:21:02,940 INFO src.train.trainer: Last model at epoch 37 saved to /root/autodl-tmp/em_eqf/experiments/reg_mixer_ablation_5_seeds/runs/reg_ab_reg_seed_4/last_model_1.pth
2026-05-19 12:21:02,941 INFO src.train.trainer: Epoch 38
2026-05-19 12:21:05,669 INFO src.train.trainer: Last model at epoch 38 saved to /root/autodl-tmp/em_eqf/experiments/reg_mixer_ablation_5_seeds/runs/reg_ab_reg_seed_4/last_model_1.pth
2026-05-19 12:21:05,669 INFO src.train.trainer: Epoch 39
2026-05-19 12:21:08,246 INFO src.train.trainer: Last model at epoch 39 saved to /root/autodl-tmp/em_eqf/experiments/reg_mixer_ablation_5_seeds/runs/reg_ab_reg_seed_4/last_model_1.pth
2026-05-19 12:21:08,247 INFO src.train.trainer: Epoch 40
2026-05-19 12:21:10,710 INFO src.train.trainer: Last model at epoch 40 saved to /root/autodl-tmp/em_eqf/experiments/reg_mixer_ablation_5_seeds/runs/reg_ab_reg_seed_4/last_model_1.pth
2026-05-19 12:21:10,711 INFO src.train.trainer: Epoch 41
2026-05-19 12:21:12,922 INFO src.train.trainer: Last model at epoch 41 saved to /root/autodl-tmp/em_eqf/experiments/reg_mixer_ablation_5_seeds/runs/reg_ab_reg_seed_4/last_model_1.pth
2026-05-19 12:21:12,923 INFO src.train.trainer: Epoch 42
2026-05-19 12:21:15,323 INFO src.train.trainer: Last model at epoch 42 saved to /root/autodl-tmp/em_eqf/experiments/reg_mixer_ablation_5_seeds/runs/reg_ab_reg_seed_4/last_model_1.pth
2026-05-19 12:21:15,324 INFO src.train.trainer: Epoch 43
2026-05-19 12:21:18,088 INFO src.train.trainer: Last model at epoch 43 saved to /root/autodl-tmp/em_eqf/experiments/reg_mixer_ablation_5_seeds/runs/reg_ab_reg_seed_4/last_model_1.pth
2026-05-19 12:21:18,088 INFO src.train.trainer: Epoch 44
2026-05-19 12:21:20,458 INFO src.train.trainer: Last model at epoch 44 saved to /root/autodl-tmp/em_eqf/experiments/reg_mixer_ablation_5_seeds/runs/reg_ab_reg_seed_4/last_model_1.pth
2026-05-19 12:21:20,459 INFO src.train.trainer: Epoch 45
2026-05-19 12:21:22,851 INFO src.train.trainer: Last model at epoch 45 saved to /root/autodl-tmp/em_eqf/experiments/reg_mixer_ablation_5_seeds/runs/reg_ab_reg_seed_4/last_model_1.pth
2026-05-19 12:21:22,851 INFO src.train.trainer: Epoch 46
2026-05-19 12:21:25,253 INFO src.train.trainer: Last model at epoch 46 saved to /root/autodl-tmp/em_eqf/experiments/reg_mixer_ablation_5_seeds/runs/reg_ab_reg_seed_4/last_model_1.pth
2026-05-19 12:21:25,253 INFO src.train.trainer: Epoch 47
2026-05-19 12:21:27,835 INFO src.train.trainer: Last model at epoch 47 saved to /root/autodl-tmp/em_eqf/experiments/reg_mixer_ablation_5_seeds/runs/reg_ab_reg_seed_4/last_model_1.pth
2026-05-19 12:21:27,836 INFO src.train.trainer: Epoch 48
2026-05-19 12:21:30,232 INFO src.train.trainer: Last model at epoch 48 saved to /root/autodl-tmp/em_eqf/experiments/reg_mixer_ablation_5_seeds/runs/reg_ab_reg_seed_4/last_model_1.pth
2026-05-19 12:21:30,233 INFO src.train.trainer: Epoch 49
2026-05-19 12:21:32,608 INFO src.train.trainer: Last model at epoch 49 saved to /root/autodl-tmp/em_eqf/experiments/reg_mixer_ablation_5_seeds/runs/reg_ab_reg_seed_4/last_model_1.pth
2026-05-19 12:21:32,608 INFO src.train.trainer: Epoch 50
2026-05-19 12:21:35,058 INFO src.train.trainer: Last model at epoch 50 saved to /root/autodl-tmp/em_eqf/experiments/reg_mixer_ablation_5_seeds/runs/reg_ab_reg_seed_4/last_model_1.pth
2026-05-19 12:21:35,058 INFO src.train.trainer: Epoch 51
2026-05-19 12:21:37,286 INFO src.train.trainer: Last model at epoch 51 saved to /root/autodl-tmp/em_eqf/experiments/reg_mixer_ablation_5_seeds/runs/reg_ab_reg_seed_4/last_model_1.pth
2026-05-19 12:21:37,287 INFO src.train.trainer: Epoch 52
2026-05-19 12:21:39,734 INFO src.train.trainer: Last model at epoch 52 saved to /root/autodl-tmp/em_eqf/experiments/reg_mixer_ablation_5_seeds/runs/reg_ab_reg_seed_4/last_model_1.pth
2026-05-19 12:21:39,734 INFO src.train.trainer: Epoch 53
2026-05-19 12:21:42,374 INFO src.train.trainer: Last model at epoch 53 saved to /root/autodl-tmp/em_eqf/experiments/reg_mixer_ablation_5_seeds/runs/reg_ab_reg_seed_4/last_model_1.pth
2026-05-19 12:21:42,375 INFO src.train.trainer: Epoch 54
2026-05-19 12:21:44,729 INFO src.train.trainer: Last model at epoch 54 saved to /root/autodl-tmp/em_eqf/experiments/reg_mixer_ablation_5_seeds/runs/reg_ab_reg_seed_4/last_model_1.pth
2026-05-19 12:21:44,729 INFO src.train.trainer: Epoch 55
2026-05-19 12:21:47,333 INFO src.train.trainer: Last model at epoch 55 saved to /root/autodl-tmp/em_eqf/experiments/reg_mixer_ablation_5_seeds/runs/reg_ab_reg_seed_4/last_model_1.pth
2026-05-19 12:21:47,334 INFO src.train.trainer: Epoch 56
2026-05-19 12:21:49,954 INFO src.train.trainer: Last model at epoch 56 saved to /root/autodl-tmp/em_eqf/experiments/reg_mixer_ablation_5_seeds/runs/reg_ab_reg_seed_4/last_model_1.pth
2026-05-19 12:21:49,955 INFO src.train.trainer: Epoch 57
2026-05-19 12:21:52,350 INFO src.train.trainer: Last model at epoch 57 saved to /root/autodl-tmp/em_eqf/experiments/reg_mixer_ablation_5_seeds/runs/reg_ab_reg_seed_4/last_model_1.pth
2026-05-19 12:21:52,350 INFO src.train.trainer: Epoch 58
2026-05-19 12:21:54,758 INFO src.train.trainer: Last model at epoch 58 saved to /root/autodl-tmp/em_eqf/experiments/reg_mixer_ablation_5_seeds/runs/reg_ab_reg_seed_4/last_model_1.pth
2026-05-19 12:21:54,759 INFO src.train.trainer: Epoch 59
2026-05-19 12:21:57,342 INFO src.train.trainer: Last model at epoch 59 saved to /root/autodl-tmp/em_eqf/experiments/reg_mixer_ablation_5_seeds/runs/reg_ab_reg_seed_4/last_model_1.pth
2026-05-19 12:21:57,342 INFO src.train.trainer: Epoch 60
2026-05-19 12:21:59,643 INFO src.train.trainer: Last model at epoch 60 saved to /root/autodl-tmp/em_eqf/experiments/reg_mixer_ablation_5_seeds/runs/reg_ab_reg_seed_4/last_model_1.pth
2026-05-19 12:21:59,647 INFO src.train.trainer: Saved epoch 60 snapshot to /root/autodl-tmp/em_eqf/experiments/reg_mixer_ablation_5_seeds/runs/reg_ab_reg_seed_4/epoch_60_model_1.pth
2026-05-19 12:21:59,648 INFO src.train.trainer: Epoch 61
2026-05-19 12:22:01,984 INFO src.train.trainer: Last model at epoch 61 saved to /root/autodl-tmp/em_eqf/experiments/reg_mixer_ablation_5_seeds/runs/reg_ab_reg_seed_4/last_model_1.pth
2026-05-19 12:22:01,984 INFO src.train.trainer: Epoch 62
2026-05-19 12:22:04,229 INFO src.train.trainer: Last model at epoch 62 saved to /root/autodl-tmp/em_eqf/experiments/reg_mixer_ablation_5_seeds/runs/reg_ab_reg_seed_4/last_model_1.pth
2026-05-19 12:22:04,229 INFO src.train.trainer: Epoch 63
2026-05-19 12:22:06,606 INFO src.train.trainer: Last model at epoch 63 saved to /root/autodl-tmp/em_eqf/experiments/reg_mixer_ablation_5_seeds/runs/reg_ab_reg_seed_4/last_model_1.pth
2026-05-19 12:22:06,606 INFO src.train.trainer: Epoch 64
2026-05-19 12:22:08,929 INFO src.train.trainer: Last model at epoch 64 saved to /root/autodl-tmp/em_eqf/experiments/reg_mixer_ablation_5_seeds/runs/reg_ab_reg_seed_4/last_model_1.pth
2026-05-19 12:22:08,929 INFO src.train.trainer: Epoch 65
2026-05-19 12:22:11,041 INFO src.train.trainer: Last model at epoch 65 saved to /root/autodl-tmp/em_eqf/experiments/reg_mixer_ablation_5_seeds/runs/reg_ab_reg_seed_4/last_model_1.pth
2026-05-19 12:22:11,042 INFO src.train.trainer: Epoch 66
2026-05-19 12:22:13,219 INFO src.train.trainer: Last model at epoch 66 saved to /root/autodl-tmp/em_eqf/experiments/reg_mixer_ablation_5_seeds/runs/reg_ab_reg_seed_4/last_model_1.pth
2026-05-19 12:22:13,220 INFO src.train.trainer: Epoch 67
2026-05-19 12:22:15,686 INFO src.train.trainer: Last model at epoch 67 saved to /root/autodl-tmp/em_eqf/experiments/reg_mixer_ablation_5_seeds/runs/reg_ab_reg_seed_4/last_model_1.pth
2026-05-19 12:22:15,686 INFO src.train.trainer: Epoch 68
2026-05-19 12:22:17,774 INFO src.train.trainer: Last model at epoch 68 saved to /root/autodl-tmp/em_eqf/experiments/reg_mixer_ablation_5_seeds/runs/reg_ab_reg_seed_4/last_model_1.pth
2026-05-19 12:22:17,774 INFO src.train.trainer: Epoch 69
2026-05-19 12:22:20,270 INFO src.train.trainer: Last model at epoch 69 saved to /root/autodl-tmp/em_eqf/experiments/reg_mixer_ablation_5_seeds/runs/reg_ab_reg_seed_4/last_model_1.pth
2026-05-19 12:22:20,270 INFO src.train.trainer: Epoch 70
2026-05-19 12:22:22,749 INFO src.train.trainer: Last model at epoch 70 saved to /root/autodl-tmp/em_eqf/experiments/reg_mixer_ablation_5_seeds/runs/reg_ab_reg_seed_4/last_model_1.pth
2026-05-19 12:22:22,749 INFO src.train.trainer: Epoch 71
2026-05-19 12:22:25,419 INFO src.train.trainer: Last model at epoch 71 saved to /root/autodl-tmp/em_eqf/experiments/reg_mixer_ablation_5_seeds/runs/reg_ab_reg_seed_4/last_model_1.pth
2026-05-19 12:22:25,419 INFO src.train.trainer: Epoch 72
2026-05-19 12:22:27,962 INFO src.train.trainer: Last model at epoch 72 saved to /root/autodl-tmp/em_eqf/experiments/reg_mixer_ablation_5_seeds/runs/reg_ab_reg_seed_4/last_model_1.pth
2026-05-19 12:22:27,963 INFO src.train.trainer: Epoch 73
2026-05-19 12:22:30,542 INFO src.train.trainer: Last model at epoch 73 saved to /root/autodl-tmp/em_eqf/experiments/reg_mixer_ablation_5_seeds/runs/reg_ab_reg_seed_4/last_model_1.pth
2026-05-19 12:22:30,543 INFO src.train.trainer: Epoch 74
2026-05-19 12:22:32,638 INFO src.train.trainer: Last model at epoch 74 saved to /root/autodl-tmp/em_eqf/experiments/reg_mixer_ablation_5_seeds/runs/reg_ab_reg_seed_4/last_model_1.pth
2026-05-19 12:22:32,638 INFO src.train.trainer: Epoch 75
2026-05-19 12:22:34,994 INFO src.train.trainer: Last model at epoch 75 saved to /root/autodl-tmp/em_eqf/experiments/reg_mixer_ablation_5_seeds/runs/reg_ab_reg_seed_4/last_model_1.pth
2026-05-19 12:22:34,994 INFO src.train.trainer: Epoch 76
2026-05-19 12:22:37,491 INFO src.train.trainer: Last model at epoch 76 saved to /root/autodl-tmp/em_eqf/experiments/reg_mixer_ablation_5_seeds/runs/reg_ab_reg_seed_4/last_model_1.pth
2026-05-19 12:22:37,491 INFO src.train.trainer: Epoch 77
2026-05-19 12:22:39,728 INFO src.train.trainer: Last model at epoch 77 saved to /root/autodl-tmp/em_eqf/experiments/reg_mixer_ablation_5_seeds/runs/reg_ab_reg_seed_4/last_model_1.pth
2026-05-19 12:22:39,728 INFO src.train.trainer: Epoch 78
2026-05-19 12:22:42,169 INFO src.train.trainer: Last model at epoch 78 saved to /root/autodl-tmp/em_eqf/experiments/reg_mixer_ablation_5_seeds/runs/reg_ab_reg_seed_4/last_model_1.pth
2026-05-19 12:22:42,169 INFO src.train.trainer: Epoch 79
2026-05-19 12:22:44,315 INFO src.train.trainer: Last model at epoch 79 saved to /root/autodl-tmp/em_eqf/experiments/reg_mixer_ablation_5_seeds/runs/reg_ab_reg_seed_4/last_model_1.pth
2026-05-19 12:22:44,315 INFO src.train.trainer: Epoch 80
2026-05-19 12:22:46,636 INFO src.train.trainer: Last model at epoch 80 saved to /root/autodl-tmp/em_eqf/experiments/reg_mixer_ablation_5_seeds/runs/reg_ab_reg_seed_4/last_model_1.pth
2026-05-19 12:22:46,642 INFO src.train.trainer: Saved epoch 80 snapshot to /root/autodl-tmp/em_eqf/experiments/reg_mixer_ablation_5_seeds/runs/reg_ab_reg_seed_4/epoch_80_model_1.pth
2026-05-19 12:22:46,642 INFO src.train.trainer: Epoch 81
2026-05-19 12:22:48,933 INFO src.train.trainer: Last model at epoch 81 saved to /root/autodl-tmp/em_eqf/experiments/reg_mixer_ablation_5_seeds/runs/reg_ab_reg_seed_4/last_model_1.pth
2026-05-19 12:22:48,934 INFO src.train.trainer: Epoch 82
2026-05-19 12:22:51,219 INFO src.train.trainer: Last model at epoch 82 saved to /root/autodl-tmp/em_eqf/experiments/reg_mixer_ablation_5_seeds/runs/reg_ab_reg_seed_4/last_model_1.pth
2026-05-19 12:22:51,219 INFO src.train.trainer: Epoch 83
2026-05-19 12:22:53,463 INFO src.train.trainer: Last model at epoch 83 saved to /root/autodl-tmp/em_eqf/experiments/reg_mixer_ablation_5_seeds/runs/reg_ab_reg_seed_4/last_model_1.pth
2026-05-19 12:22:53,463 INFO src.train.trainer: Epoch 84
2026-05-19 12:22:55,950 INFO src.train.trainer: Last model at epoch 84 saved to /root/autodl-tmp/em_eqf/experiments/reg_mixer_ablation_5_seeds/runs/reg_ab_reg_seed_4/last_model_1.pth
2026-05-19 12:22:55,950 INFO src.train.trainer: Epoch 85
2026-05-19 12:22:58,332 INFO src.train.trainer: Last model at epoch 85 saved to /root/autodl-tmp/em_eqf/experiments/reg_mixer_ablation_5_seeds/runs/reg_ab_reg_seed_4/last_model_1.pth
2026-05-19 12:22:58,332 INFO src.train.trainer: Epoch 86
2026-05-19 12:23:01,070 INFO src.train.trainer: Last model at epoch 86 saved to /root/autodl-tmp/em_eqf/experiments/reg_mixer_ablation_5_seeds/runs/reg_ab_reg_seed_4/last_model_1.pth
2026-05-19 12:23:01,071 INFO src.train.trainer: Epoch 87
2026-05-19 12:23:03,743 INFO src.train.trainer: Last model at epoch 87 saved to /root/autodl-tmp/em_eqf/experiments/reg_mixer_ablation_5_seeds/runs/reg_ab_reg_seed_4/last_model_1.pth
2026-05-19 12:23:03,743 INFO src.train.trainer: Epoch 88
2026-05-19 12:23:06,122 INFO src.train.trainer: Last model at epoch 88 saved to /root/autodl-tmp/em_eqf/experiments/reg_mixer_ablation_5_seeds/runs/reg_ab_reg_seed_4/last_model_1.pth
2026-05-19 12:23:06,122 INFO src.train.trainer: Epoch 89
2026-05-19 12:23:08,450 INFO src.train.trainer: Last model at epoch 89 saved to /root/autodl-tmp/em_eqf/experiments/reg_mixer_ablation_5_seeds/runs/reg_ab_reg_seed_4/last_model_1.pth
2026-05-19 12:23:08,451 INFO src.train.trainer: Epoch 90
2026-05-19 12:23:10,741 INFO src.train.trainer: Last model at epoch 90 saved to /root/autodl-tmp/em_eqf/experiments/reg_mixer_ablation_5_seeds/runs/reg_ab_reg_seed_4/last_model_1.pth
2026-05-19 12:23:10,741 INFO src.train.trainer: Epoch 91
2026-05-19 12:23:13,031 INFO src.train.trainer: Last model at epoch 91 saved to /root/autodl-tmp/em_eqf/experiments/reg_mixer_ablation_5_seeds/runs/reg_ab_reg_seed_4/last_model_1.pth
2026-05-19 12:23:13,031 INFO src.train.trainer: Epoch 92
2026-05-19 12:23:15,364 INFO src.train.trainer: Last model at epoch 92 saved to /root/autodl-tmp/em_eqf/experiments/reg_mixer_ablation_5_seeds/runs/reg_ab_reg_seed_4/last_model_1.pth
2026-05-19 12:23:15,364 INFO src.train.trainer: Epoch 93
2026-05-19 12:23:17,865 INFO src.train.trainer: Last model at epoch 93 saved to /root/autodl-tmp/em_eqf/experiments/reg_mixer_ablation_5_seeds/runs/reg_ab_reg_seed_4/last_model_1.pth
2026-05-19 12:23:17,865 INFO src.train.trainer: Epoch 94
2026-05-19 12:23:20,274 INFO src.train.trainer: Last model at epoch 94 saved to /root/autodl-tmp/em_eqf/experiments/reg_mixer_ablation_5_seeds/runs/reg_ab_reg_seed_4/last_model_1.pth
2026-05-19 12:23:20,274 INFO src.train.trainer: Epoch 95
2026-05-19 12:23:22,614 INFO src.train.trainer: Last model at epoch 95 saved to /root/autodl-tmp/em_eqf/experiments/reg_mixer_ablation_5_seeds/runs/reg_ab_reg_seed_4/last_model_1.pth
2026-05-19 12:23:22,615 INFO src.train.trainer: Epoch 96
2026-05-19 12:23:25,044 INFO src.train.trainer: Last model at epoch 96 saved to /root/autodl-tmp/em_eqf/experiments/reg_mixer_ablation_5_seeds/runs/reg_ab_reg_seed_4/last_model_1.pth
2026-05-19 12:23:25,044 INFO src.train.trainer: Epoch 97
2026-05-19 12:23:27,346 INFO src.train.trainer: Last model at epoch 97 saved to /root/autodl-tmp/em_eqf/experiments/reg_mixer_ablation_5_seeds/runs/reg_ab_reg_seed_4/last_model_1.pth
2026-05-19 12:23:27,347 INFO src.train.trainer: Epoch 98
2026-05-19 12:23:29,757 INFO src.train.trainer: Last model at epoch 98 saved to /root/autodl-tmp/em_eqf/experiments/reg_mixer_ablation_5_seeds/runs/reg_ab_reg_seed_4/last_model_1.pth
2026-05-19 12:23:29,758 INFO src.train.trainer: Epoch 99
2026-05-19 12:23:32,163 INFO src.train.trainer: Last model at epoch 99 saved to /root/autodl-tmp/em_eqf/experiments/reg_mixer_ablation_5_seeds/runs/reg_ab_reg_seed_4/last_model_1.pth
2026-05-19 12:23:32,163 INFO src.train.trainer: Epoch 100
2026-05-19 12:23:34,652 INFO src.train.trainer: Last model at epoch 100 saved to /root/autodl-tmp/em_eqf/experiments/reg_mixer_ablation_5_seeds/runs/reg_ab_reg_seed_4/last_model_1.pth
2026-05-19 12:23:34,657 INFO src.train.trainer: Saved epoch 100 snapshot to /root/autodl-tmp/em_eqf/experiments/reg_mixer_ablation_5_seeds/runs/reg_ab_reg_seed_4/epoch_100_model_1.pth
2026-05-19 12:23:34,657 INFO src.train.trainer: Epoch 101
2026-05-19 12:23:37,022 INFO src.train.trainer: Last model at epoch 101 saved to /root/autodl-tmp/em_eqf/experiments/reg_mixer_ablation_5_seeds/runs/reg_ab_reg_seed_4/last_model_1.pth
2026-05-19 12:23:37,022 INFO src.train.trainer: Epoch 102
2026-05-19 12:23:39,251 INFO src.train.trainer: Last model at epoch 102 saved to /root/autodl-tmp/em_eqf/experiments/reg_mixer_ablation_5_seeds/runs/reg_ab_reg_seed_4/last_model_1.pth
2026-05-19 12:23:39,251 INFO src.train.trainer: Epoch 103
2026-05-19 12:23:41,741 INFO src.train.trainer: Last model at epoch 103 saved to /root/autodl-tmp/em_eqf/experiments/reg_mixer_ablation_5_seeds/runs/reg_ab_reg_seed_4/last_model_1.pth
2026-05-19 12:23:41,742 INFO src.train.trainer: Epoch 104
2026-05-19 12:23:43,869 INFO src.train.trainer: Last model at epoch 104 saved to /root/autodl-tmp/em_eqf/experiments/reg_mixer_ablation_5_seeds/runs/reg_ab_reg_seed_4/last_model_1.pth
2026-05-19 12:23:43,869 INFO src.train.trainer: Epoch 105
2026-05-19 12:23:46,399 INFO src.train.trainer: Last model at epoch 105 saved to /root/autodl-tmp/em_eqf/experiments/reg_mixer_ablation_5_seeds/runs/reg_ab_reg_seed_4/last_model_1.pth
2026-05-19 12:23:46,400 INFO src.train.trainer: Epoch 106
2026-05-19 12:23:48,563 INFO src.train.trainer: Last model at epoch 106 saved to /root/autodl-tmp/em_eqf/experiments/reg_mixer_ablation_5_seeds/runs/reg_ab_reg_seed_4/last_model_1.pth
2026-05-19 12:23:48,564 INFO src.train.trainer: Epoch 107
2026-05-19 12:23:51,236 INFO src.train.trainer: Last model at epoch 107 saved to /root/autodl-tmp/em_eqf/experiments/reg_mixer_ablation_5_seeds/runs/reg_ab_reg_seed_4/last_model_1.pth
2026-05-19 12:23:51,237 INFO src.train.trainer: Epoch 108
2026-05-19 12:23:53,328 INFO src.train.trainer: Last model at epoch 108 saved to /root/autodl-tmp/em_eqf/experiments/reg_mixer_ablation_5_seeds/runs/reg_ab_reg_seed_4/last_model_1.pth
2026-05-19 12:23:53,328 INFO src.train.trainer: Epoch 109
2026-05-19 12:23:55,760 INFO src.train.trainer: Last model at epoch 109 saved to /root/autodl-tmp/em_eqf/experiments/reg_mixer_ablation_5_seeds/runs/reg_ab_reg_seed_4/last_model_1.pth
2026-05-19 12:23:55,760 INFO src.train.trainer: Epoch 110
2026-05-19 12:23:58,392 INFO src.train.trainer: Last model at epoch 110 saved to /root/autodl-tmp/em_eqf/experiments/reg_mixer_ablation_5_seeds/runs/reg_ab_reg_seed_4/last_model_1.pth
2026-05-19 12:23:58,392 INFO src.train.trainer: Epoch 111
2026-05-19 12:24:00,845 INFO src.train.trainer: Last model at epoch 111 saved to /root/autodl-tmp/em_eqf/experiments/reg_mixer_ablation_5_seeds/runs/reg_ab_reg_seed_4/last_model_1.pth
2026-05-19 12:24:00,845 INFO src.train.trainer: Epoch 112
2026-05-19 12:24:03,182 INFO src.train.trainer: Last model at epoch 112 saved to /root/autodl-tmp/em_eqf/experiments/reg_mixer_ablation_5_seeds/runs/reg_ab_reg_seed_4/last_model_1.pth
2026-05-19 12:24:03,182 INFO src.train.trainer: Epoch 113
2026-05-19 12:24:05,692 INFO src.train.trainer: Last model at epoch 113 saved to /root/autodl-tmp/em_eqf/experiments/reg_mixer_ablation_5_seeds/runs/reg_ab_reg_seed_4/last_model_1.pth
2026-05-19 12:24:05,693 INFO src.train.trainer: Epoch 114
2026-05-19 12:24:07,992 INFO src.train.trainer: Last model at epoch 114 saved to /root/autodl-tmp/em_eqf/experiments/reg_mixer_ablation_5_seeds/runs/reg_ab_reg_seed_4/last_model_1.pth
2026-05-19 12:24:07,992 INFO src.train.trainer: Epoch 115
2026-05-19 12:24:10,453 INFO src.train.trainer: Last model at epoch 115 saved to /root/autodl-tmp/em_eqf/experiments/reg_mixer_ablation_5_seeds/runs/reg_ab_reg_seed_4/last_model_1.pth
2026-05-19 12:24:10,454 INFO src.train.trainer: Epoch 116
2026-05-19 12:24:13,221 INFO src.train.trainer: Last model at epoch 116 saved to /root/autodl-tmp/em_eqf/experiments/reg_mixer_ablation_5_seeds/runs/reg_ab_reg_seed_4/last_model_1.pth
2026-05-19 12:24:13,221 INFO src.train.trainer: Epoch 117
2026-05-19 12:24:15,835 INFO src.train.trainer: Last model at epoch 117 saved to /root/autodl-tmp/em_eqf/experiments/reg_mixer_ablation_5_seeds/runs/reg_ab_reg_seed_4/last_model_1.pth
2026-05-19 12:24:15,835 INFO src.train.trainer: Epoch 118
2026-05-19 12:24:18,037 INFO src.train.trainer: Last model at epoch 118 saved to /root/autodl-tmp/em_eqf/experiments/reg_mixer_ablation_5_seeds/runs/reg_ab_reg_seed_4/last_model_1.pth
2026-05-19 12:24:18,037 INFO src.train.trainer: Epoch 119
2026-05-19 12:24:20,666 INFO src.train.trainer: Last model at epoch 119 saved to /root/autodl-tmp/em_eqf/experiments/reg_mixer_ablation_5_seeds/runs/reg_ab_reg_seed_4/last_model_1.pth
2026-05-19 12:24:20,666 INFO src.train.trainer: Epoch 120
2026-05-19 12:24:23,056 INFO src.train.trainer: Last model at epoch 120 saved to /root/autodl-tmp/em_eqf/experiments/reg_mixer_ablation_5_seeds/runs/reg_ab_reg_seed_4/last_model_1.pth
2026-05-19 12:24:23,064 INFO src.train.trainer: Saved epoch 120 snapshot to /root/autodl-tmp/em_eqf/experiments/reg_mixer_ablation_5_seeds/runs/reg_ab_reg_seed_4/epoch_120_model_1.pth
2026-05-19 12:24:23,064 INFO src.train.trainer: Epoch 121
2026-05-19 12:24:25,369 INFO src.train.trainer: Last model at epoch 121 saved to /root/autodl-tmp/em_eqf/experiments/reg_mixer_ablation_5_seeds/runs/reg_ab_reg_seed_4/last_model_1.pth
2026-05-19 12:24:25,369 INFO src.train.trainer: Epoch 122
2026-05-19 12:24:27,840 INFO src.train.trainer: Last model at epoch 122 saved to /root/autodl-tmp/em_eqf/experiments/reg_mixer_ablation_5_seeds/runs/reg_ab_reg_seed_4/last_model_1.pth
2026-05-19 12:24:27,840 INFO src.train.trainer: Epoch 123
2026-05-19 12:24:30,137 INFO src.train.trainer: Last model at epoch 123 saved to /root/autodl-tmp/em_eqf/experiments/reg_mixer_ablation_5_seeds/runs/reg_ab_reg_seed_4/last_model_1.pth
2026-05-19 12:24:30,137 INFO src.train.trainer: Epoch 124
2026-05-19 12:24:32,728 INFO src.train.trainer: Last model at epoch 124 saved to /root/autodl-tmp/em_eqf/experiments/reg_mixer_ablation_5_seeds/runs/reg_ab_reg_seed_4/last_model_1.pth
2026-05-19 12:24:32,728 INFO src.train.trainer: Epoch 125
2026-05-19 12:24:34,930 INFO src.train.trainer: Last model at epoch 125 saved to /root/autodl-tmp/em_eqf/experiments/reg_mixer_ablation_5_seeds/runs/reg_ab_reg_seed_4/last_model_1.pth
2026-05-19 12:24:34,931 INFO src.train.trainer: Epoch 126
2026-05-19 12:24:37,486 INFO src.train.trainer: Last model at epoch 126 saved to /root/autodl-tmp/em_eqf/experiments/reg_mixer_ablation_5_seeds/runs/reg_ab_reg_seed_4/last_model_1.pth
2026-05-19 12:24:37,486 INFO src.train.trainer: Epoch 127
2026-05-19 12:24:39,721 INFO src.train.trainer: Last model at epoch 127 saved to /root/autodl-tmp/em_eqf/experiments/reg_mixer_ablation_5_seeds/runs/reg_ab_reg_seed_4/last_model_1.pth
2026-05-19 12:24:39,721 INFO src.train.trainer: Epoch 128
2026-05-19 12:24:41,961 INFO src.train.trainer: Last model at epoch 128 saved to /root/autodl-tmp/em_eqf/experiments/reg_mixer_ablation_5_seeds/runs/reg_ab_reg_seed_4/last_model_1.pth
2026-05-19 12:24:41,962 INFO src.train.trainer: Epoch 129
2026-05-19 12:24:44,248 INFO src.train.trainer: Last model at epoch 129 saved to /root/autodl-tmp/em_eqf/experiments/reg_mixer_ablation_5_seeds/runs/reg_ab_reg_seed_4/last_model_1.pth
2026-05-19 12:24:44,249 INFO src.train.trainer: Epoch 130
2026-05-19 12:24:46,683 INFO src.train.trainer: Last model at epoch 130 saved to /root/autodl-tmp/em_eqf/experiments/reg_mixer_ablation_5_seeds/runs/reg_ab_reg_seed_4/last_model_1.pth
2026-05-19 12:24:46,684 INFO src.train.trainer: Epoch 131
2026-05-19 12:24:49,164 INFO src.train.trainer: Last model at epoch 131 saved to /root/autodl-tmp/em_eqf/experiments/reg_mixer_ablation_5_seeds/runs/reg_ab_reg_seed_4/last_model_1.pth
2026-05-19 12:24:49,164 INFO src.train.trainer: Epoch 132
2026-05-19 12:24:51,787 INFO src.train.trainer: Last model at epoch 132 saved to /root/autodl-tmp/em_eqf/experiments/reg_mixer_ablation_5_seeds/runs/reg_ab_reg_seed_4/last_model_1.pth
2026-05-19 12:24:51,787 INFO src.train.trainer: Epoch 133
2026-05-19 12:24:54,433 INFO src.train.trainer: Last model at epoch 133 saved to /root/autodl-tmp/em_eqf/experiments/reg_mixer_ablation_5_seeds/runs/reg_ab_reg_seed_4/last_model_1.pth
2026-05-19 12:24:54,434 INFO src.train.trainer: Epoch 134
2026-05-19 12:24:57,040 INFO src.train.trainer: Last model at epoch 134 saved to /root/autodl-tmp/em_eqf/experiments/reg_mixer_ablation_5_seeds/runs/reg_ab_reg_seed_4/last_model_1.pth
2026-05-19 12:24:57,041 INFO src.train.trainer: Epoch 135
2026-05-19 12:24:59,402 INFO src.train.trainer: Last model at epoch 135 saved to /root/autodl-tmp/em_eqf/experiments/reg_mixer_ablation_5_seeds/runs/reg_ab_reg_seed_4/last_model_1.pth
2026-05-19 12:24:59,403 INFO src.train.trainer: Epoch 136
2026-05-19 12:25:01,985 INFO src.train.trainer: Last model at epoch 136 saved to /root/autodl-tmp/em_eqf/experiments/reg_mixer_ablation_5_seeds/runs/reg_ab_reg_seed_4/last_model_1.pth
2026-05-19 12:25:01,985 INFO src.train.trainer: Epoch 137
2026-05-19 12:25:04,397 INFO src.train.trainer: Last model at epoch 137 saved to /root/autodl-tmp/em_eqf/experiments/reg_mixer_ablation_5_seeds/runs/reg_ab_reg_seed_4/last_model_1.pth
2026-05-19 12:25:04,398 INFO src.train.trainer: Epoch 138
2026-05-19 12:25:06,955 INFO src.train.trainer: Last model at epoch 138 saved to /root/autodl-tmp/em_eqf/experiments/reg_mixer_ablation_5_seeds/runs/reg_ab_reg_seed_4/last_model_1.pth
2026-05-19 12:25:06,955 INFO src.train.trainer: Epoch 139
2026-05-19 12:25:09,223 INFO src.train.trainer: Last model at epoch 139 saved to /root/autodl-tmp/em_eqf/experiments/reg_mixer_ablation_5_seeds/runs/reg_ab_reg_seed_4/last_model_1.pth
2026-05-19 12:25:09,223 INFO src.train.trainer: Epoch 140
2026-05-19 12:25:11,868 INFO src.train.trainer: Last model at epoch 140 saved to /root/autodl-tmp/em_eqf/experiments/reg_mixer_ablation_5_seeds/runs/reg_ab_reg_seed_4/last_model_1.pth
2026-05-19 12:25:11,878 INFO src.train.trainer: Saved epoch 140 snapshot to /root/autodl-tmp/em_eqf/experiments/reg_mixer_ablation_5_seeds/runs/reg_ab_reg_seed_4/epoch_140_model_1.pth
2026-05-19 12:25:11,878 INFO src.train.trainer: Epoch 141
2026-05-19 12:25:14,435 INFO src.train.trainer: Last model at epoch 141 saved to /root/autodl-tmp/em_eqf/experiments/reg_mixer_ablation_5_seeds/runs/reg_ab_reg_seed_4/last_model_1.pth
2026-05-19 12:25:14,436 INFO src.train.trainer: Epoch 142
2026-05-19 12:25:16,826 INFO src.train.trainer: Last model at epoch 142 saved to /root/autodl-tmp/em_eqf/experiments/reg_mixer_ablation_5_seeds/runs/reg_ab_reg_seed_4/last_model_1.pth
2026-05-19 12:25:16,826 INFO src.train.trainer: Epoch 143
2026-05-19 12:25:19,232 INFO src.train.trainer: Last model at epoch 143 saved to /root/autodl-tmp/em_eqf/experiments/reg_mixer_ablation_5_seeds/runs/reg_ab_reg_seed_4/last_model_1.pth
2026-05-19 12:25:19,232 INFO src.train.trainer: Epoch 144
2026-05-19 12:25:21,349 INFO src.train.trainer: Last model at epoch 144 saved to /root/autodl-tmp/em_eqf/experiments/reg_mixer_ablation_5_seeds/runs/reg_ab_reg_seed_4/last_model_1.pth
2026-05-19 12:25:21,349 INFO src.train.trainer: Epoch 145
2026-05-19 12:25:23,661 INFO src.train.trainer: Last model at epoch 145 saved to /root/autodl-tmp/em_eqf/experiments/reg_mixer_ablation_5_seeds/runs/reg_ab_reg_seed_4/last_model_1.pth
2026-05-19 12:25:23,661 INFO src.train.trainer: Epoch 146
2026-05-19 12:25:25,855 INFO src.train.trainer: Last model at epoch 146 saved to /root/autodl-tmp/em_eqf/experiments/reg_mixer_ablation_5_seeds/runs/reg_ab_reg_seed_4/last_model_1.pth
2026-05-19 12:25:25,855 INFO src.train.trainer: Epoch 147
2026-05-19 12:25:28,561 INFO src.train.trainer: Last model at epoch 147 saved to /root/autodl-tmp/em_eqf/experiments/reg_mixer_ablation_5_seeds/runs/reg_ab_reg_seed_4/last_model_1.pth
2026-05-19 12:25:28,561 INFO src.train.trainer: Epoch 148
2026-05-19 12:25:30,802 INFO src.train.trainer: Last model at epoch 148 saved to /root/autodl-tmp/em_eqf/experiments/reg_mixer_ablation_5_seeds/runs/reg_ab_reg_seed_4/last_model_1.pth
2026-05-19 12:25:30,802 INFO src.train.trainer: Epoch 149
2026-05-19 12:25:32,855 INFO src.train.trainer: Last model at epoch 149 saved to /root/autodl-tmp/em_eqf/experiments/reg_mixer_ablation_5_seeds/runs/reg_ab_reg_seed_4/last_model_1.pth
2026-05-19 12:25:32,856 INFO src.train.trainer: Epoch 150
2026-05-19 12:25:35,145 INFO src.train.trainer: Last model at epoch 150 saved to /root/autodl-tmp/em_eqf/experiments/reg_mixer_ablation_5_seeds/runs/reg_ab_reg_seed_4/last_model_1.pth
2026-05-19 12:25:44,961 INFO src.data.preprocessing: CSV files found: ['chuandian_2021.csv']
2026-05-19 12:25:45,739 INFO src.utils.file_utils: Loading cached data from: data/ChuanDian/regressor/regressor_Mc_3_Mf_3_Tfore_180_Twindow_360_context_len_1_dt_10.pkl
2026-05-19 12:25:47,992 INFO src.data.preprocessing: Catalog statistics: {'tau_unfiltered': 0.15339908988298961, 'tau_q025': 0.08114294020924717, 'tau_q05': 0.5134664350189269, 'tau_mean': 1.3070542199341526, 'tau_max': 25.18216435192153, 'tau_min': 0.0, 'time_max': 18770.72654999979, 'time_mean': 10030.9430649837, 'mag_completeness': 3.0, 'mag_mean': 3.456916005014626, 'mag_max': 8.0, 'mag_min': 3.0, 'b_value': 0.856738547623331, 'b_std': 0.0071499224812533796, 'b_n': 14358}
2026-05-19 12:25:48,030 INFO src.data.event_loader: lengths of samples: min=96, max=1340, avg=265.71
2026-05-19 12:25:48,861 INFO src.models.adapters.mixer_task: using time scale base 1.3070542199341526 (key: tau_mean)
2026-05-19 12:25:48,861 INFO src.models.adapters.mixer_task: tau mean: tensor(1.3071)
2026-05-19 12:25:48,866 INFO src.train.config_setup: Restoring model from checkpoint.
2026-05-19 12:25:48,866 INFO src.train.config_setup: Loading model weights: load_specific_parts=None
2026-05-19 12:25:48,867 INFO src.train.config_setup: Checkpoint loaded: <All keys matched successfully>
2026-05-19 12:25:48,868 INFO src.train.config_setup: Full load summary: loaded=44, missing=0, unexpected=0
2026-05-19 12:25:48,868 INFO src.train.config_setup: Checkpoint hyperparameters loaded.
2026-05-19 12:25:48,868 INFO src.train.config_setup: Checkpoint train metrics available.
2026-05-19 12:25:48,868 INFO src.train.config_setup: Checkpoint val metrics available.
2026-05-19 12:25:48,868 INFO src.train.config_setup: Freeze skipped (checkpoint_restore): freeze_parts is empty.
2026-05-19 12:25:48,868 INFO src.train.config_setup: Using regression criterion: smooth_l1
2026-05-19 12:25:48,868 INFO src.train.config_setup: Criterion config: {'beta': 0.3}
2026-05-19 12:25:48,869 INFO src.train.config_setup: encoder_param_keywords: ['base_model.encoder.input_proj', 'base_model.encoder.layers.0']
2026-05-19 12:25:48,869 INFO src.train.config_setup: encoder_lr grouping summary: lr=0.0004, matched=18
2026-05-19 12:25:48,869 INFO src.train.config_setup: Encoder LR coverage [base_model.encoder.input_proj]: target=4, hit=4, missing=0, complete=True
2026-05-19 12:25:48,869 INFO src.train.config_setup: Encoder LR coverage [base_model.encoder.layers.0]: target=14, hit=14, missing=0, complete=True
2026-05-19 12:25:48,869 INFO src.train.config_setup: encoder_lr matched preview: ['base_model.encoder.input_proj.0.weight', 'base_model.encoder.input_proj.0.bias', 'base_model.encoder.input_proj.3.weight', 'base_model.encoder.input_proj.3.bias', 'base_model.encoder.layers.0.norm.weight', 'base_model.encoder.layers.0.norm.bias', 'base_model.encoder.layers.0.mixer.dt_bias', 'base_model.encoder.layers.0.mixer.A_log', 'base_model.encoder.layers.0.mixer.D', 'base_model.encoder.layers.0.mixer.in_proj.weight'] ... (+8 more)
2026-05-19 12:25:48,870 INFO src.train.config_setup: Not resuming optimizer/scheduler state; reset training state to start_epoch=0, best_val_loss=inf.
2026-05-19 12:25:55,279 INFO src.cli.workflows: Test loss: 0.02949988003820181
2026-05-19 12:25:56,963 INFO src.cli.common: Saved test metrics to /root/autodl-tmp/em_eqf/experiments/reg_mixer_ablation_5_seeds/runs/reg_ab_reg_seed_4/metrics_test_best_1.json
2026-05-19 12:25:56,963 INFO src.cli.common: Metrics: {'RMSE': 0.8106869880858006, 'MAE': 0.6756012161247066, 'MSE': 0.6572133926516271, 'MAPE': 14.813721755276685, 'R2': -0.9639729867640918, 'PearsonR': -0.06773985120201778, 'PearsonR_diff': 0.04373459317851163, 'DA': 0.04395604395604396, 'SpearmanR': -0.1653709711089239, 'SpearmanR_diff': 0.0051575022236574454, 'DTW': 106.05610254406929, 'DTW_normalized': 0.5795415439566628}
2026-05-19 12:26:05,479 INFO src.data.preprocessing: CSV files found: ['chuandian_2021.csv']
2026-05-19 12:26:06,246 INFO src.utils.file_utils: Loading cached data from: data/ChuanDian/regressor/regressor_Mc_3_Mf_3_Tfore_180_Twindow_360_context_len_1_dt_10.pkl
2026-05-19 12:26:08,496 INFO src.data.preprocessing: Catalog statistics: {'tau_unfiltered': 0.15339908988298961, 'tau_q025': 0.08114294020924717, 'tau_q05': 0.5134664350189269, 'tau_mean': 1.3070542199341526, 'tau_max': 25.18216435192153, 'tau_min': 0.0, 'time_max': 18770.72654999979, 'time_mean': 10030.9430649837, 'mag_completeness': 3.0, 'mag_mean': 3.456916005014626, 'mag_max': 8.0, 'mag_min': 3.0, 'b_value': 0.856738547623331, 'b_std': 0.0071499224812533796, 'b_n': 14358}
2026-05-19 12:26:08,533 INFO src.data.event_loader: lengths of samples: min=96, max=1340, avg=265.71
2026-05-19 12:26:09,357 INFO src.models.adapters.mixer_task: using time scale base 1.3070542199341526 (key: tau_mean)
2026-05-19 12:26:09,357 INFO src.models.adapters.mixer_task: tau mean: tensor(1.3071)
2026-05-19 12:26:09,363 INFO src.train.config_setup: Restoring model from checkpoint.
2026-05-19 12:26:09,363 INFO src.train.config_setup: Loading model weights: load_specific_parts=None
2026-05-19 12:26:09,364 INFO src.train.config_setup: Checkpoint loaded: <All keys matched successfully>
2026-05-19 12:26:09,364 INFO src.train.config_setup: Full load summary: loaded=44, missing=0, unexpected=0
2026-05-19 12:26:09,365 INFO src.train.config_setup: Checkpoint hyperparameters loaded.
2026-05-19 12:26:09,365 INFO src.train.config_setup: Checkpoint train metrics available.
2026-05-19 12:26:09,365 INFO src.train.config_setup: Checkpoint val metrics available.
2026-05-19 12:26:09,365 INFO src.train.config_setup: Freeze skipped (checkpoint_restore): freeze_parts is empty.
2026-05-19 12:26:09,365 INFO src.train.config_setup: Using regression criterion: smooth_l1
2026-05-19 12:26:09,365 INFO src.train.config_setup: Criterion config: {'beta': 0.3}
2026-05-19 12:26:09,366 INFO src.train.config_setup: encoder_param_keywords: ['base_model.encoder.input_proj', 'base_model.encoder.layers.0']
2026-05-19 12:26:09,366 INFO src.train.config_setup: encoder_lr grouping summary: lr=0.0004, matched=18
2026-05-19 12:26:09,366 INFO src.train.config_setup: Encoder LR coverage [base_model.encoder.input_proj]: target=4, hit=4, missing=0, complete=True
2026-05-19 12:26:09,366 INFO src.train.config_setup: Encoder LR coverage [base_model.encoder.layers.0]: target=14, hit=14, missing=0, complete=True
2026-05-19 12:26:09,366 INFO src.train.config_setup: encoder_lr matched preview: ['base_model.encoder.input_proj.0.weight', 'base_model.encoder.input_proj.0.bias', 'base_model.encoder.input_proj.3.weight', 'base_model.encoder.input_proj.3.bias', 'base_model.encoder.layers.0.norm.weight', 'base_model.encoder.layers.0.norm.bias', 'base_model.encoder.layers.0.mixer.dt_bias', 'base_model.encoder.layers.0.mixer.A_log', 'base_model.encoder.layers.0.mixer.D', 'base_model.encoder.layers.0.mixer.in_proj.weight'] ... (+8 more)
2026-05-19 12:26:09,367 INFO src.train.config_setup: Not resuming optimizer/scheduler state; reset training state to start_epoch=0, best_val_loss=inf.
2026-05-19 12:26:14,834 INFO src.cli.workflows: Test loss: 0.02453490812331438
2026-05-19 12:26:16,563 INFO src.cli.common: Saved test metrics to /root/autodl-tmp/em_eqf/experiments/reg_mixer_ablation_5_seeds/runs/reg_ab_reg_seed_4/metrics_test_last_1.json
2026-05-19 12:26:16,563 INFO src.cli.common: Metrics: {'RMSE': 0.7483224223630716, 'MAE': 0.6089228640814297, 'MSE': 0.5599864478113352, 'MAPE': 12.976654107998387, 'R2': -0.6734264224563948, 'PearsonR': 0.08817131278326117, 'PearsonR_diff': 0.06050878091714667, 'DA': 0.04945054945054945, 'SpearmanR': 0.14512853033462186, 'SpearmanR_diff': 0.03601971163081863, 'DTW': 72.03066685795784, 'DTW_normalized': 0.3936102014096057}
