2026-05-17 23:33:07,718 INFO src.data.preprocessing: CSV files found: ['chuandian_2021.csv']
2026-05-17 23:33:08,439 INFO src.utils.file_utils: Loading cached data from: data/ChuanDian/regressor/regressor_Mc_3_Mf_3_Tfore_180_Twindow_360_context_len_1_dt_10.pkl
2026-05-17 23:33:10,639 INFO src.data.preprocessing: Catalog statistics: {'tau_unfiltered': 0.15339908988298961, 'tau_q025': 0.08114294020924717, 'tau_q05': 0.5134664350189269, 'tau_mean': 1.3070542199341526, 'tau_max': 25.18216435192153, 'tau_min': 0.0, 'time_max': 18770.72654999979, 'time_mean': 10030.9430649837, 'mag_completeness': 3.0, 'mag_mean': 3.456916005014626, 'mag_max': 8.0, 'mag_min': 3.0, 'b_value': 0.856738547623331, 'b_std': 0.0071499224812533796, 'b_n': 14358}
2026-05-17 23:33:10,683 INFO src.data.event_loader: lengths of samples: min=96, max=1340, avg=265.71
2026-05-17 23:33:10,685 INFO src.cli.workflows: Loading checkpoint from: ./checkpoints/mixer_tpp_20260508-182744/last_model_1.pth
2026-05-17 23:33:11,709 INFO src.models.adapters.mixer_task: using time scale base 1.3070542199341526 (key: tau_mean)
2026-05-17 23:33:11,709 INFO src.models.adapters.mixer_task: tau mean: tensor(1.3071)
2026-05-17 23:33:11,715 INFO src.train.config_setup: Restoring model from checkpoint.
2026-05-17 23:33:11,716 INFO src.train.config_setup: Loading model weights: load_specific_parts=['base_model.encoder.input_proj', 'base_model.encoder.layers.0']
2026-05-17 23:33:11,717 INFO src.train.config_setup: Selective load summary: requested_parts=['base_model.encoder.input_proj', 'base_model.encoder.layers.0'], target_in_model=18, matched_in_checkpoint=16, loaded=16, missing_after_load=2, shape_mismatch=0, missing_in_model=0, out_of_scope_loaded=0
2026-05-17 23:33:11,717 INFO src.train.config_setup: Selective load coverage [base_model.encoder.input_proj]: target=4, hit=4, missing=0, complete=True
2026-05-17 23:33:11,717 INFO src.train.config_setup: Selective load coverage [base_model.encoder.layers.0]: target=14, hit=12, missing=2, complete=False
2026-05-17 23:33:11,717 WARNING src.train.config_setup: Selective load coverage missing preview [base_model.encoder.layers.0]: ['base_model.encoder.layers.0.mixer.conv1d.bias', 'base_model.encoder.layers.0.mixer.conv1d.weight']
2026-05-17 23:33:11,717 WARNING src.train.config_setup: Checkpoint missing target parameter preview: ['base_model.encoder.layers.0.mixer.conv1d.bias', 'base_model.encoder.layers.0.mixer.conv1d.weight']
2026-05-17 23:33:11,717 WARNING src.train.config_setup: Target not-loaded parameter preview: ['base_model.encoder.layers.0.mixer.conv1d.bias', 'base_model.encoder.layers.0.mixer.conv1d.weight']
2026-05-17 23:33:11,717 INFO src.train.config_setup: Loaded parameter preview: ['base_model.encoder.layers.0.mixer.norm.weight', 'base_model.encoder.layers.0.norm.bias', 'base_model.encoder.layers.0.norm2.bias', 'base_model.encoder.input_proj.3.bias', 'base_model.encoder.layers.0.mixer.out_proj.weight', 'base_model.encoder.layers.0.mlp.fc2.weight', 'base_model.encoder.layers.0.mixer.in_proj.weight', 'base_model.encoder.layers.0.mixer.D', 'base_model.encoder.layers.0.norm.weight', 'base_model.encoder.layers.0.mlp.fc1.weight'] ... (+6 more)
2026-05-17 23:33:11,718 INFO src.train.config_setup: Checkpoint hyperparameters loaded.
2026-05-17 23:33:11,718 INFO src.train.config_setup: Checkpoint train metrics available.
2026-05-17 23:33:11,718 INFO src.train.config_setup: Checkpoint val metrics available.
2026-05-17 23:33:11,718 INFO src.train.config_setup: Freeze skipped (checkpoint_restore): freeze_parts is empty.
2026-05-17 23:33:11,718 INFO src.train.config_setup: Using regression criterion: smooth_l1
2026-05-17 23:33:11,718 INFO src.train.config_setup: Criterion config: {'beta': 0.2}
2026-05-17 23:33:11,719 INFO src.train.config_setup: encoder_param_keywords: ['base_model.encoder.input_proj', 'base_model.encoder.layers.0']
2026-05-17 23:33:11,719 INFO src.train.config_setup: encoder_lr grouping summary: lr=0.0004, matched=18
2026-05-17 23:33:11,719 INFO src.train.config_setup: Encoder LR coverage [base_model.encoder.input_proj]: target=4, hit=4, missing=0, complete=True
2026-05-17 23:33:11,719 INFO src.train.config_setup: Encoder LR coverage [base_model.encoder.layers.0]: target=14, hit=14, missing=0, complete=True
2026-05-17 23:33:11,719 INFO src.train.config_setup: encoder_lr matched preview: ['base_model.encoder.input_proj.0.weight', 'base_model.encoder.input_proj.0.bias', 'base_model.encoder.input_proj.3.weight', 'base_model.encoder.input_proj.3.bias', 'base_model.encoder.layers.0.norm.weight', 'base_model.encoder.layers.0.norm.bias', 'base_model.encoder.layers.0.mixer.dt_bias', 'base_model.encoder.layers.0.mixer.A_log', 'base_model.encoder.layers.0.mixer.D', 'base_model.encoder.layers.0.mixer.in_proj.weight'] ... (+8 more)
2026-05-17 23:33:11,720 INFO src.train.config_setup: Not resuming optimizer/scheduler state; reset training state to start_epoch=0, best_val_loss=inf.
2026-05-17 23:33:11,720 INFO src.train.trainer: Epoch 1
2026-05-17 23:33:24,786 INFO src.train.trainer: New best validation loss: 0.0514, saved to checkpoints/reg_mixer_attnpl_t_20260517-233307/best_model_1.pth
2026-05-17 23:33:24,792 INFO src.train.trainer: Last model at epoch 1 saved to checkpoints/reg_mixer_attnpl_t_20260517-233307/last_model_1.pth
2026-05-17 23:33:24,793 INFO src.train.trainer: Epoch 2
2026-05-17 23:33:26,537 INFO src.train.trainer: Last model at epoch 2 saved to checkpoints/reg_mixer_attnpl_t_20260517-233307/last_model_1.pth
2026-05-17 23:33:26,537 INFO src.train.trainer: Epoch 3
2026-05-17 23:33:28,287 INFO src.train.trainer: New best validation loss: 0.0460, saved to checkpoints/reg_mixer_attnpl_t_20260517-233307/best_model_1.pth
2026-05-17 23:33:28,301 INFO src.train.trainer: Last model at epoch 3 saved to checkpoints/reg_mixer_attnpl_t_20260517-233307/last_model_1.pth
2026-05-17 23:33:28,302 INFO src.train.trainer: Epoch 4
2026-05-17 23:33:30,461 INFO src.train.trainer: New best validation loss: 0.0442, saved to checkpoints/reg_mixer_attnpl_t_20260517-233307/best_model_1.pth
2026-05-17 23:33:30,469 INFO src.train.trainer: Last model at epoch 4 saved to checkpoints/reg_mixer_attnpl_t_20260517-233307/last_model_1.pth
2026-05-17 23:33:30,469 INFO src.train.trainer: Epoch 5
2026-05-17 23:33:32,399 INFO src.train.trainer: New best validation loss: 0.0438, saved to checkpoints/reg_mixer_attnpl_t_20260517-233307/best_model_1.pth
2026-05-17 23:33:32,413 INFO src.train.trainer: Last model at epoch 5 saved to checkpoints/reg_mixer_attnpl_t_20260517-233307/last_model_1.pth
2026-05-17 23:33:32,413 INFO src.train.trainer: Epoch 6
2026-05-17 23:33:34,221 INFO src.train.trainer: New best validation loss: 0.0426, saved to checkpoints/reg_mixer_attnpl_t_20260517-233307/best_model_1.pth
2026-05-17 23:33:34,231 INFO src.train.trainer: Last model at epoch 6 saved to checkpoints/reg_mixer_attnpl_t_20260517-233307/last_model_1.pth
2026-05-17 23:33:34,231 INFO src.train.trainer: Epoch 7
2026-05-17 23:33:35,973 INFO src.train.trainer: Last model at epoch 7 saved to checkpoints/reg_mixer_attnpl_t_20260517-233307/last_model_1.pth
2026-05-17 23:33:35,973 INFO src.train.trainer: Epoch 8
2026-05-17 23:33:37,752 INFO src.train.trainer: New best validation loss: 0.0423, saved to checkpoints/reg_mixer_attnpl_t_20260517-233307/best_model_1.pth
2026-05-17 23:33:37,758 INFO src.train.trainer: Last model at epoch 8 saved to checkpoints/reg_mixer_attnpl_t_20260517-233307/last_model_1.pth
2026-05-17 23:33:37,758 INFO src.train.trainer: Epoch 9
2026-05-17 23:33:39,443 INFO src.train.trainer: Last model at epoch 9 saved to checkpoints/reg_mixer_attnpl_t_20260517-233307/last_model_1.pth
2026-05-17 23:33:39,444 INFO src.train.trainer: Epoch 10
2026-05-17 23:33:41,485 INFO src.train.trainer: New best validation loss: 0.0422, saved to checkpoints/reg_mixer_attnpl_t_20260517-233307/best_model_1.pth
2026-05-17 23:33:41,503 INFO src.train.trainer: Last model at epoch 10 saved to checkpoints/reg_mixer_attnpl_t_20260517-233307/last_model_1.pth
2026-05-17 23:33:41,503 INFO src.train.trainer: Epoch 11
2026-05-17 23:33:43,397 INFO src.train.trainer: New best validation loss: 0.0421, saved to checkpoints/reg_mixer_attnpl_t_20260517-233307/best_model_1.pth
2026-05-17 23:33:43,409 INFO src.train.trainer: Last model at epoch 11 saved to checkpoints/reg_mixer_attnpl_t_20260517-233307/last_model_1.pth
2026-05-17 23:33:43,409 INFO src.train.trainer: Epoch 12
2026-05-17 23:33:45,528 INFO src.train.trainer: New best validation loss: 0.0421, saved to checkpoints/reg_mixer_attnpl_t_20260517-233307/best_model_1.pth
2026-05-17 23:33:45,537 INFO src.train.trainer: Last model at epoch 12 saved to checkpoints/reg_mixer_attnpl_t_20260517-233307/last_model_1.pth
2026-05-17 23:33:45,537 INFO src.train.trainer: Epoch 13
2026-05-17 23:33:47,084 INFO src.train.trainer: Last model at epoch 13 saved to checkpoints/reg_mixer_attnpl_t_20260517-233307/last_model_1.pth
2026-05-17 23:33:47,085 INFO src.train.trainer: Epoch 14
2026-05-17 23:33:48,875 INFO src.train.trainer: New best validation loss: 0.0419, saved to checkpoints/reg_mixer_attnpl_t_20260517-233307/best_model_1.pth
2026-05-17 23:33:48,887 INFO src.train.trainer: Last model at epoch 14 saved to checkpoints/reg_mixer_attnpl_t_20260517-233307/last_model_1.pth
2026-05-17 23:33:48,888 INFO src.train.trainer: Epoch 15
2026-05-17 23:33:50,839 INFO src.train.trainer: Last model at epoch 15 saved to checkpoints/reg_mixer_attnpl_t_20260517-233307/last_model_1.pth
2026-05-17 23:33:50,840 INFO src.train.trainer: Epoch 16
2026-05-17 23:33:52,617 INFO src.train.trainer: New best validation loss: 0.0404, saved to checkpoints/reg_mixer_attnpl_t_20260517-233307/best_model_1.pth
2026-05-17 23:33:52,630 INFO src.train.trainer: Last model at epoch 16 saved to checkpoints/reg_mixer_attnpl_t_20260517-233307/last_model_1.pth
2026-05-17 23:33:52,630 INFO src.train.trainer: Epoch 17
2026-05-17 23:33:54,174 INFO src.train.trainer: Last model at epoch 17 saved to checkpoints/reg_mixer_attnpl_t_20260517-233307/last_model_1.pth
2026-05-17 23:33:54,175 INFO src.train.trainer: Epoch 18
2026-05-17 23:33:56,071 INFO src.train.trainer: Last model at epoch 18 saved to checkpoints/reg_mixer_attnpl_t_20260517-233307/last_model_1.pth
2026-05-17 23:33:56,072 INFO src.train.trainer: Epoch 19
2026-05-17 23:33:57,958 INFO src.train.trainer: Last model at epoch 19 saved to checkpoints/reg_mixer_attnpl_t_20260517-233307/last_model_1.pth
2026-05-17 23:33:57,959 INFO src.train.trainer: Epoch 20
2026-05-17 23:33:59,860 INFO src.train.trainer: Last model at epoch 20 saved to checkpoints/reg_mixer_attnpl_t_20260517-233307/last_model_1.pth
2026-05-17 23:33:59,861 INFO src.train.trainer: Epoch 21
2026-05-17 23:34:01,940 INFO src.train.trainer: Last model at epoch 21 saved to checkpoints/reg_mixer_attnpl_t_20260517-233307/last_model_1.pth
2026-05-17 23:34:01,941 INFO src.train.trainer: Epoch 22
2026-05-17 23:34:03,839 INFO src.train.trainer: New best validation loss: 0.0398, saved to checkpoints/reg_mixer_attnpl_t_20260517-233307/best_model_1.pth
2026-05-17 23:34:03,848 INFO src.train.trainer: Last model at epoch 22 saved to checkpoints/reg_mixer_attnpl_t_20260517-233307/last_model_1.pth
2026-05-17 23:34:03,848 INFO src.train.trainer: Epoch 23
2026-05-17 23:34:05,690 INFO src.train.trainer: Last model at epoch 23 saved to checkpoints/reg_mixer_attnpl_t_20260517-233307/last_model_1.pth
2026-05-17 23:34:05,690 INFO src.train.trainer: Epoch 24
2026-05-17 23:34:07,366 INFO src.train.trainer: Last model at epoch 24 saved to checkpoints/reg_mixer_attnpl_t_20260517-233307/last_model_1.pth
2026-05-17 23:34:07,367 INFO src.train.trainer: Epoch 25
2026-05-17 23:34:09,398 INFO src.train.trainer: Last model at epoch 25 saved to checkpoints/reg_mixer_attnpl_t_20260517-233307/last_model_1.pth
2026-05-17 23:34:09,398 INFO src.train.trainer: Epoch 26
2026-05-17 23:34:11,305 INFO src.train.trainer: Last model at epoch 26 saved to checkpoints/reg_mixer_attnpl_t_20260517-233307/last_model_1.pth
2026-05-17 23:34:11,305 INFO src.train.trainer: Epoch 27
2026-05-17 23:34:13,208 INFO src.train.trainer: Last model at epoch 27 saved to checkpoints/reg_mixer_attnpl_t_20260517-233307/last_model_1.pth
2026-05-17 23:34:13,209 INFO src.train.trainer: Epoch 28
2026-05-17 23:34:15,243 INFO src.train.trainer: Last model at epoch 28 saved to checkpoints/reg_mixer_attnpl_t_20260517-233307/last_model_1.pth
2026-05-17 23:34:15,244 INFO src.train.trainer: Epoch 29
2026-05-17 23:34:17,302 INFO src.train.trainer: Last model at epoch 29 saved to checkpoints/reg_mixer_attnpl_t_20260517-233307/last_model_1.pth
2026-05-17 23:34:17,303 INFO src.train.trainer: Epoch 30
2026-05-17 23:34:19,225 INFO src.train.trainer: New best validation loss: 0.0392, saved to checkpoints/reg_mixer_attnpl_t_20260517-233307/best_model_1.pth
2026-05-17 23:34:19,239 INFO src.train.trainer: Last model at epoch 30 saved to checkpoints/reg_mixer_attnpl_t_20260517-233307/last_model_1.pth
2026-05-17 23:34:19,240 INFO src.train.trainer: Epoch 31
2026-05-17 23:34:21,220 INFO src.train.trainer: Last model at epoch 31 saved to checkpoints/reg_mixer_attnpl_t_20260517-233307/last_model_1.pth
2026-05-17 23:34:21,221 INFO src.train.trainer: Epoch 32
2026-05-17 23:34:23,098 INFO src.train.trainer: Last model at epoch 32 saved to checkpoints/reg_mixer_attnpl_t_20260517-233307/last_model_1.pth
2026-05-17 23:34:23,098 INFO src.train.trainer: Epoch 33
2026-05-17 23:34:25,045 INFO src.train.trainer: Last model at epoch 33 saved to checkpoints/reg_mixer_attnpl_t_20260517-233307/last_model_1.pth
2026-05-17 23:34:25,046 INFO src.train.trainer: Epoch 34
2026-05-17 23:34:27,061 INFO src.train.trainer: Last model at epoch 34 saved to checkpoints/reg_mixer_attnpl_t_20260517-233307/last_model_1.pth
2026-05-17 23:34:27,061 INFO src.train.trainer: Epoch 35
2026-05-17 23:34:28,914 INFO src.train.trainer: Last model at epoch 35 saved to checkpoints/reg_mixer_attnpl_t_20260517-233307/last_model_1.pth
2026-05-17 23:34:28,914 INFO src.train.trainer: Epoch 36
2026-05-17 23:34:30,878 INFO src.train.trainer: Last model at epoch 36 saved to checkpoints/reg_mixer_attnpl_t_20260517-233307/last_model_1.pth
2026-05-17 23:34:30,879 INFO src.train.trainer: Epoch 37
2026-05-17 23:34:32,912 INFO src.train.trainer: Last model at epoch 37 saved to checkpoints/reg_mixer_attnpl_t_20260517-233307/last_model_1.pth
2026-05-17 23:34:32,913 INFO src.train.trainer: Epoch 38
2026-05-17 23:34:34,764 INFO src.train.trainer: Last model at epoch 38 saved to checkpoints/reg_mixer_attnpl_t_20260517-233307/last_model_1.pth
2026-05-17 23:34:34,765 INFO src.train.trainer: Epoch 39
2026-05-17 23:34:36,597 INFO src.train.trainer: Last model at epoch 39 saved to checkpoints/reg_mixer_attnpl_t_20260517-233307/last_model_1.pth
2026-05-17 23:34:36,598 INFO src.train.trainer: Epoch 40
2026-05-17 23:34:38,456 INFO src.train.trainer: Last model at epoch 40 saved to checkpoints/reg_mixer_attnpl_t_20260517-233307/last_model_1.pth
2026-05-17 23:34:38,457 INFO src.train.trainer: Epoch 41
2026-05-17 23:34:40,465 INFO src.train.trainer: Last model at epoch 41 saved to checkpoints/reg_mixer_attnpl_t_20260517-233307/last_model_1.pth
2026-05-17 23:34:40,466 INFO src.train.trainer: Epoch 42
2026-05-17 23:34:42,175 INFO src.train.trainer: Last model at epoch 42 saved to checkpoints/reg_mixer_attnpl_t_20260517-233307/last_model_1.pth
2026-05-17 23:34:42,175 INFO src.train.trainer: Epoch 43
2026-05-17 23:34:44,078 INFO src.train.trainer: Last model at epoch 43 saved to checkpoints/reg_mixer_attnpl_t_20260517-233307/last_model_1.pth
2026-05-17 23:34:44,079 INFO src.train.trainer: Epoch 44
2026-05-17 23:34:46,007 INFO src.train.trainer: Last model at epoch 44 saved to checkpoints/reg_mixer_attnpl_t_20260517-233307/last_model_1.pth
2026-05-17 23:34:46,008 INFO src.train.trainer: Epoch 45
2026-05-17 23:34:47,935 INFO src.train.trainer: Last model at epoch 45 saved to checkpoints/reg_mixer_attnpl_t_20260517-233307/last_model_1.pth
2026-05-17 23:34:47,936 INFO src.train.trainer: Epoch 46
2026-05-17 23:34:50,116 INFO src.train.trainer: Last model at epoch 46 saved to checkpoints/reg_mixer_attnpl_t_20260517-233307/last_model_1.pth
2026-05-17 23:34:50,116 INFO src.train.trainer: Epoch 47
2026-05-17 23:34:52,189 INFO src.train.trainer: Last model at epoch 47 saved to checkpoints/reg_mixer_attnpl_t_20260517-233307/last_model_1.pth
2026-05-17 23:34:52,190 INFO src.train.trainer: Epoch 48
2026-05-17 23:34:53,997 INFO src.train.trainer: Last model at epoch 48 saved to checkpoints/reg_mixer_attnpl_t_20260517-233307/last_model_1.pth
2026-05-17 23:34:53,997 INFO src.train.trainer: Epoch 49
2026-05-17 23:34:55,986 INFO src.train.trainer: Last model at epoch 49 saved to checkpoints/reg_mixer_attnpl_t_20260517-233307/last_model_1.pth
2026-05-17 23:34:55,986 INFO src.train.trainer: Epoch 50
2026-05-17 23:34:57,998 INFO src.train.trainer: Last model at epoch 50 saved to checkpoints/reg_mixer_attnpl_t_20260517-233307/last_model_1.pth
2026-05-17 23:34:57,999 INFO src.train.trainer: Epoch 51
2026-05-17 23:34:59,901 INFO src.train.trainer: Last model at epoch 51 saved to checkpoints/reg_mixer_attnpl_t_20260517-233307/last_model_1.pth
2026-05-17 23:34:59,902 INFO src.train.trainer: Epoch 52
2026-05-17 23:35:01,724 INFO src.train.trainer: Last model at epoch 52 saved to checkpoints/reg_mixer_attnpl_t_20260517-233307/last_model_1.pth
2026-05-17 23:35:01,725 INFO src.train.trainer: Epoch 53
2026-05-17 23:35:03,683 INFO src.train.trainer: Last model at epoch 53 saved to checkpoints/reg_mixer_attnpl_t_20260517-233307/last_model_1.pth
2026-05-17 23:35:03,684 INFO src.train.trainer: Epoch 54
2026-05-17 23:35:05,693 INFO src.train.trainer: Last model at epoch 54 saved to checkpoints/reg_mixer_attnpl_t_20260517-233307/last_model_1.pth
2026-05-17 23:35:05,694 INFO src.train.trainer: Epoch 55
2026-05-17 23:35:07,790 INFO src.train.trainer: Last model at epoch 55 saved to checkpoints/reg_mixer_attnpl_t_20260517-233307/last_model_1.pth
2026-05-17 23:35:07,791 INFO src.train.trainer: Epoch 56
2026-05-17 23:35:09,817 INFO src.train.trainer: Last model at epoch 56 saved to checkpoints/reg_mixer_attnpl_t_20260517-233307/last_model_1.pth
2026-05-17 23:35:09,817 INFO src.train.trainer: Epoch 57
2026-05-17 23:35:11,698 INFO src.train.trainer: Last model at epoch 57 saved to checkpoints/reg_mixer_attnpl_t_20260517-233307/last_model_1.pth
2026-05-17 23:35:11,698 INFO src.train.trainer: Epoch 58
2026-05-17 23:35:13,648 INFO src.train.trainer: Last model at epoch 58 saved to checkpoints/reg_mixer_attnpl_t_20260517-233307/last_model_1.pth
2026-05-17 23:35:13,649 INFO src.train.trainer: Epoch 59
2026-05-17 23:35:15,613 INFO src.train.trainer: Last model at epoch 59 saved to checkpoints/reg_mixer_attnpl_t_20260517-233307/last_model_1.pth
2026-05-17 23:35:15,613 INFO src.train.trainer: Epoch 60
2026-05-17 23:35:17,427 INFO src.train.trainer: Last model at epoch 60 saved to checkpoints/reg_mixer_attnpl_t_20260517-233307/last_model_1.pth
2026-05-17 23:35:17,433 INFO src.train.trainer: Saved epoch 60 snapshot to checkpoints/reg_mixer_attnpl_t_20260517-233307/epoch_60_model_1.pth
2026-05-17 23:35:17,434 INFO src.train.trainer: Epoch 61
2026-05-17 23:35:19,475 INFO src.train.trainer: Last model at epoch 61 saved to checkpoints/reg_mixer_attnpl_t_20260517-233307/last_model_1.pth
2026-05-17 23:35:19,475 INFO src.train.trainer: Epoch 62
2026-05-17 23:35:21,667 INFO src.train.trainer: Last model at epoch 62 saved to checkpoints/reg_mixer_attnpl_t_20260517-233307/last_model_1.pth
2026-05-17 23:35:21,668 INFO src.train.trainer: Epoch 63
2026-05-17 23:35:23,570 INFO src.train.trainer: Last model at epoch 63 saved to checkpoints/reg_mixer_attnpl_t_20260517-233307/last_model_1.pth
2026-05-17 23:35:23,570 INFO src.train.trainer: Epoch 64
2026-05-17 23:35:25,648 INFO src.train.trainer: Last model at epoch 64 saved to checkpoints/reg_mixer_attnpl_t_20260517-233307/last_model_1.pth
2026-05-17 23:35:25,648 INFO src.train.trainer: Epoch 65
2026-05-17 23:35:27,386 INFO src.train.trainer: Last model at epoch 65 saved to checkpoints/reg_mixer_attnpl_t_20260517-233307/last_model_1.pth
2026-05-17 23:35:27,386 INFO src.train.trainer: Epoch 66
2026-05-17 23:35:29,116 INFO src.train.trainer: Last model at epoch 66 saved to checkpoints/reg_mixer_attnpl_t_20260517-233307/last_model_1.pth
2026-05-17 23:35:29,117 INFO src.train.trainer: Epoch 67
2026-05-17 23:35:30,939 INFO src.train.trainer: New best validation loss: 0.0390, saved to checkpoints/reg_mixer_attnpl_t_20260517-233307/best_model_1.pth
2026-05-17 23:35:30,949 INFO src.train.trainer: Last model at epoch 67 saved to checkpoints/reg_mixer_attnpl_t_20260517-233307/last_model_1.pth
2026-05-17 23:35:30,949 INFO src.train.trainer: Epoch 68
2026-05-17 23:35:32,933 INFO src.train.trainer: Last model at epoch 68 saved to checkpoints/reg_mixer_attnpl_t_20260517-233307/last_model_1.pth
2026-05-17 23:35:32,933 INFO src.train.trainer: Epoch 69
2026-05-17 23:35:34,782 INFO src.train.trainer: Last model at epoch 69 saved to checkpoints/reg_mixer_attnpl_t_20260517-233307/last_model_1.pth
2026-05-17 23:35:34,782 INFO src.train.trainer: Epoch 70
2026-05-17 23:35:36,902 INFO src.train.trainer: Last model at epoch 70 saved to checkpoints/reg_mixer_attnpl_t_20260517-233307/last_model_1.pth
2026-05-17 23:35:36,902 INFO src.train.trainer: Epoch 71
2026-05-17 23:35:38,861 INFO src.train.trainer: Last model at epoch 71 saved to checkpoints/reg_mixer_attnpl_t_20260517-233307/last_model_1.pth
2026-05-17 23:35:38,861 INFO src.train.trainer: Epoch 72
2026-05-17 23:35:40,639 INFO src.train.trainer: Last model at epoch 72 saved to checkpoints/reg_mixer_attnpl_t_20260517-233307/last_model_1.pth
2026-05-17 23:35:40,639 INFO src.train.trainer: Epoch 73
2026-05-17 23:35:42,571 INFO src.train.trainer: Last model at epoch 73 saved to checkpoints/reg_mixer_attnpl_t_20260517-233307/last_model_1.pth
2026-05-17 23:35:42,572 INFO src.train.trainer: Epoch 74
2026-05-17 23:35:44,356 INFO src.train.trainer: Last model at epoch 74 saved to checkpoints/reg_mixer_attnpl_t_20260517-233307/last_model_1.pth
2026-05-17 23:35:44,357 INFO src.train.trainer: Epoch 75
2026-05-17 23:35:46,403 INFO src.train.trainer: Last model at epoch 75 saved to checkpoints/reg_mixer_attnpl_t_20260517-233307/last_model_1.pth
2026-05-17 23:35:46,403 INFO src.train.trainer: Epoch 76
2026-05-17 23:35:48,292 INFO src.train.trainer: Last model at epoch 76 saved to checkpoints/reg_mixer_attnpl_t_20260517-233307/last_model_1.pth
2026-05-17 23:35:48,292 INFO src.train.trainer: Epoch 77
2026-05-17 23:35:50,241 INFO src.train.trainer: Last model at epoch 77 saved to checkpoints/reg_mixer_attnpl_t_20260517-233307/last_model_1.pth
2026-05-17 23:35:50,242 INFO src.train.trainer: Epoch 78
2026-05-17 23:35:52,119 INFO src.train.trainer: Last model at epoch 78 saved to checkpoints/reg_mixer_attnpl_t_20260517-233307/last_model_1.pth
2026-05-17 23:35:52,119 INFO src.train.trainer: Epoch 79
2026-05-17 23:35:54,224 INFO src.train.trainer: Last model at epoch 79 saved to checkpoints/reg_mixer_attnpl_t_20260517-233307/last_model_1.pth
2026-05-17 23:35:54,224 INFO src.train.trainer: Epoch 80
2026-05-17 23:35:55,917 INFO src.train.trainer: Last model at epoch 80 saved to checkpoints/reg_mixer_attnpl_t_20260517-233307/last_model_1.pth
2026-05-17 23:35:55,924 INFO src.train.trainer: Saved epoch 80 snapshot to checkpoints/reg_mixer_attnpl_t_20260517-233307/epoch_80_model_1.pth
2026-05-17 23:35:55,924 INFO src.train.trainer: Epoch 81
2026-05-17 23:35:57,787 INFO src.train.trainer: Last model at epoch 81 saved to checkpoints/reg_mixer_attnpl_t_20260517-233307/last_model_1.pth
2026-05-17 23:35:57,788 INFO src.train.trainer: Epoch 82
2026-05-17 23:35:59,610 INFO src.train.trainer: Last model at epoch 82 saved to checkpoints/reg_mixer_attnpl_t_20260517-233307/last_model_1.pth
2026-05-17 23:35:59,610 INFO src.train.trainer: Epoch 83
2026-05-17 23:36:01,526 INFO src.train.trainer: Last model at epoch 83 saved to checkpoints/reg_mixer_attnpl_t_20260517-233307/last_model_1.pth
2026-05-17 23:36:01,526 INFO src.train.trainer: Epoch 84
2026-05-17 23:36:03,573 INFO src.train.trainer: Last model at epoch 84 saved to checkpoints/reg_mixer_attnpl_t_20260517-233307/last_model_1.pth
2026-05-17 23:36:03,573 INFO src.train.trainer: Epoch 85
2026-05-17 23:36:05,654 INFO src.train.trainer: Last model at epoch 85 saved to checkpoints/reg_mixer_attnpl_t_20260517-233307/last_model_1.pth
2026-05-17 23:36:05,654 INFO src.train.trainer: Epoch 86
2026-05-17 23:36:07,634 INFO src.train.trainer: Last model at epoch 86 saved to checkpoints/reg_mixer_attnpl_t_20260517-233307/last_model_1.pth
2026-05-17 23:36:07,634 INFO src.train.trainer: Epoch 87
2026-05-17 23:36:09,647 INFO src.train.trainer: Last model at epoch 87 saved to checkpoints/reg_mixer_attnpl_t_20260517-233307/last_model_1.pth
2026-05-17 23:36:09,648 INFO src.train.trainer: Epoch 88
2026-05-17 23:36:11,437 INFO src.train.trainer: Last model at epoch 88 saved to checkpoints/reg_mixer_attnpl_t_20260517-233307/last_model_1.pth
2026-05-17 23:36:11,438 INFO src.train.trainer: Epoch 89
2026-05-17 23:36:13,349 INFO src.train.trainer: Last model at epoch 89 saved to checkpoints/reg_mixer_attnpl_t_20260517-233307/last_model_1.pth
2026-05-17 23:36:13,349 INFO src.train.trainer: Epoch 90
2026-05-17 23:36:15,065 INFO src.train.trainer: Last model at epoch 90 saved to checkpoints/reg_mixer_attnpl_t_20260517-233307/last_model_1.pth
2026-05-17 23:36:15,065 INFO src.train.trainer: Epoch 91
2026-05-17 23:36:17,046 INFO src.train.trainer: Last model at epoch 91 saved to checkpoints/reg_mixer_attnpl_t_20260517-233307/last_model_1.pth
2026-05-17 23:36:17,046 INFO src.train.trainer: Epoch 92
2026-05-17 23:36:19,002 INFO src.train.trainer: Last model at epoch 92 saved to checkpoints/reg_mixer_attnpl_t_20260517-233307/last_model_1.pth
2026-05-17 23:36:19,002 INFO src.train.trainer: Epoch 93
2026-05-17 23:36:20,900 INFO src.train.trainer: Last model at epoch 93 saved to checkpoints/reg_mixer_attnpl_t_20260517-233307/last_model_1.pth
2026-05-17 23:36:20,901 INFO src.train.trainer: Epoch 94
2026-05-17 23:36:22,866 INFO src.train.trainer: Last model at epoch 94 saved to checkpoints/reg_mixer_attnpl_t_20260517-233307/last_model_1.pth
2026-05-17 23:36:22,866 INFO src.train.trainer: Epoch 95
2026-05-17 23:36:24,679 INFO src.train.trainer: Last model at epoch 95 saved to checkpoints/reg_mixer_attnpl_t_20260517-233307/last_model_1.pth
2026-05-17 23:36:24,680 INFO src.train.trainer: Epoch 96
2026-05-17 23:36:26,845 INFO src.train.trainer: Last model at epoch 96 saved to checkpoints/reg_mixer_attnpl_t_20260517-233307/last_model_1.pth
2026-05-17 23:36:26,845 INFO src.train.trainer: Epoch 97
2026-05-17 23:36:28,710 INFO src.train.trainer: Last model at epoch 97 saved to checkpoints/reg_mixer_attnpl_t_20260517-233307/last_model_1.pth
2026-05-17 23:36:28,710 INFO src.train.trainer: Epoch 98
2026-05-17 23:36:30,693 INFO src.train.trainer: Last model at epoch 98 saved to checkpoints/reg_mixer_attnpl_t_20260517-233307/last_model_1.pth
2026-05-17 23:36:30,694 INFO src.train.trainer: Epoch 99
2026-05-17 23:36:32,598 INFO src.train.trainer: Last model at epoch 99 saved to checkpoints/reg_mixer_attnpl_t_20260517-233307/last_model_1.pth
2026-05-17 23:36:32,598 INFO src.train.trainer: Epoch 100
2026-05-17 23:36:34,510 INFO src.train.trainer: Last model at epoch 100 saved to checkpoints/reg_mixer_attnpl_t_20260517-233307/last_model_1.pth
2026-05-17 23:36:34,516 INFO src.train.trainer: Saved epoch 100 snapshot to checkpoints/reg_mixer_attnpl_t_20260517-233307/epoch_100_model_1.pth
2026-05-17 23:36:34,516 INFO src.train.trainer: Epoch 101
2026-05-17 23:36:36,455 INFO src.train.trainer: Last model at epoch 101 saved to checkpoints/reg_mixer_attnpl_t_20260517-233307/last_model_1.pth
2026-05-17 23:36:36,456 INFO src.train.trainer: Epoch 102
2026-05-17 23:36:38,306 INFO src.train.trainer: Last model at epoch 102 saved to checkpoints/reg_mixer_attnpl_t_20260517-233307/last_model_1.pth
2026-05-17 23:36:38,306 INFO src.train.trainer: Epoch 103
2026-05-17 23:36:40,224 INFO src.train.trainer: Last model at epoch 103 saved to checkpoints/reg_mixer_attnpl_t_20260517-233307/last_model_1.pth
2026-05-17 23:36:40,224 INFO src.train.trainer: Epoch 104
2026-05-17 23:36:42,027 INFO src.train.trainer: Last model at epoch 104 saved to checkpoints/reg_mixer_attnpl_t_20260517-233307/last_model_1.pth
2026-05-17 23:36:42,028 INFO src.train.trainer: Epoch 105
2026-05-17 23:36:43,899 INFO src.train.trainer: Last model at epoch 105 saved to checkpoints/reg_mixer_attnpl_t_20260517-233307/last_model_1.pth
2026-05-17 23:36:43,899 INFO src.train.trainer: Epoch 106
2026-05-17 23:36:45,905 INFO src.train.trainer: Last model at epoch 106 saved to checkpoints/reg_mixer_attnpl_t_20260517-233307/last_model_1.pth
2026-05-17 23:36:45,905 INFO src.train.trainer: Epoch 107
2026-05-17 23:36:47,926 INFO src.train.trainer: Last model at epoch 107 saved to checkpoints/reg_mixer_attnpl_t_20260517-233307/last_model_1.pth
2026-05-17 23:36:47,927 INFO src.train.trainer: Epoch 108
2026-05-17 23:36:49,827 INFO src.train.trainer: Last model at epoch 108 saved to checkpoints/reg_mixer_attnpl_t_20260517-233307/last_model_1.pth
2026-05-17 23:36:49,827 INFO src.train.trainer: Epoch 109
2026-05-17 23:36:51,822 INFO src.train.trainer: Last model at epoch 109 saved to checkpoints/reg_mixer_attnpl_t_20260517-233307/last_model_1.pth
2026-05-17 23:36:51,823 INFO src.train.trainer: Epoch 110
2026-05-17 23:36:53,778 INFO src.train.trainer: Last model at epoch 110 saved to checkpoints/reg_mixer_attnpl_t_20260517-233307/last_model_1.pth
2026-05-17 23:36:53,778 INFO src.train.trainer: Epoch 111
2026-05-17 23:36:55,631 INFO src.train.trainer: Last model at epoch 111 saved to checkpoints/reg_mixer_attnpl_t_20260517-233307/last_model_1.pth
2026-05-17 23:36:55,631 INFO src.train.trainer: Epoch 112
2026-05-17 23:36:57,371 INFO src.train.trainer: Last model at epoch 112 saved to checkpoints/reg_mixer_attnpl_t_20260517-233307/last_model_1.pth
2026-05-17 23:36:57,371 INFO src.train.trainer: Epoch 113
2026-05-17 23:36:59,432 INFO src.train.trainer: Last model at epoch 113 saved to checkpoints/reg_mixer_attnpl_t_20260517-233307/last_model_1.pth
2026-05-17 23:36:59,433 INFO src.train.trainer: Epoch 114
2026-05-17 23:37:01,471 INFO src.train.trainer: Last model at epoch 114 saved to checkpoints/reg_mixer_attnpl_t_20260517-233307/last_model_1.pth
2026-05-17 23:37:01,472 INFO src.train.trainer: Epoch 115
2026-05-17 23:37:03,514 INFO src.train.trainer: Last model at epoch 115 saved to checkpoints/reg_mixer_attnpl_t_20260517-233307/last_model_1.pth
2026-05-17 23:37:03,514 INFO src.train.trainer: Epoch 116
2026-05-17 23:37:05,567 INFO src.train.trainer: Last model at epoch 116 saved to checkpoints/reg_mixer_attnpl_t_20260517-233307/last_model_1.pth
2026-05-17 23:37:05,567 INFO src.train.trainer: Epoch 117
2026-05-17 23:37:07,480 INFO src.train.trainer: Last model at epoch 117 saved to checkpoints/reg_mixer_attnpl_t_20260517-233307/last_model_1.pth
2026-05-17 23:37:07,481 INFO src.train.trainer: Epoch 118
2026-05-17 23:37:09,374 INFO src.train.trainer: Last model at epoch 118 saved to checkpoints/reg_mixer_attnpl_t_20260517-233307/last_model_1.pth
2026-05-17 23:37:09,375 INFO src.train.trainer: Epoch 119
2026-05-17 23:37:11,342 INFO src.train.trainer: Last model at epoch 119 saved to checkpoints/reg_mixer_attnpl_t_20260517-233307/last_model_1.pth
2026-05-17 23:37:11,342 INFO src.train.trainer: Epoch 120
2026-05-17 23:37:13,207 INFO src.train.trainer: Last model at epoch 120 saved to checkpoints/reg_mixer_attnpl_t_20260517-233307/last_model_1.pth
2026-05-17 23:37:13,217 INFO src.train.trainer: Saved epoch 120 snapshot to checkpoints/reg_mixer_attnpl_t_20260517-233307/epoch_120_model_1.pth
2026-05-17 23:37:13,218 INFO src.train.trainer: Epoch 121
2026-05-17 23:37:15,302 INFO src.train.trainer: Last model at epoch 121 saved to checkpoints/reg_mixer_attnpl_t_20260517-233307/last_model_1.pth
2026-05-17 23:37:15,302 INFO src.train.trainer: Epoch 122
2026-05-17 23:37:17,250 INFO src.train.trainer: Last model at epoch 122 saved to checkpoints/reg_mixer_attnpl_t_20260517-233307/last_model_1.pth
2026-05-17 23:37:17,250 INFO src.train.trainer: Epoch 123
2026-05-17 23:37:19,091 INFO src.train.trainer: Last model at epoch 123 saved to checkpoints/reg_mixer_attnpl_t_20260517-233307/last_model_1.pth
2026-05-17 23:37:19,091 INFO src.train.trainer: Epoch 124
2026-05-17 23:37:20,820 INFO src.train.trainer: Last model at epoch 124 saved to checkpoints/reg_mixer_attnpl_t_20260517-233307/last_model_1.pth
2026-05-17 23:37:20,821 INFO src.train.trainer: Epoch 125
2026-05-17 23:37:22,745 INFO src.train.trainer: Last model at epoch 125 saved to checkpoints/reg_mixer_attnpl_t_20260517-233307/last_model_1.pth
2026-05-17 23:37:22,745 INFO src.train.trainer: Epoch 126
2026-05-17 23:37:24,644 INFO src.train.trainer: Last model at epoch 126 saved to checkpoints/reg_mixer_attnpl_t_20260517-233307/last_model_1.pth
2026-05-17 23:37:24,644 INFO src.train.trainer: Epoch 127
2026-05-17 23:37:26,556 INFO src.train.trainer: Last model at epoch 127 saved to checkpoints/reg_mixer_attnpl_t_20260517-233307/last_model_1.pth
2026-05-17 23:37:26,556 INFO src.train.trainer: Epoch 128
2026-05-17 23:37:28,753 INFO src.train.trainer: Last model at epoch 128 saved to checkpoints/reg_mixer_attnpl_t_20260517-233307/last_model_1.pth
2026-05-17 23:37:28,753 INFO src.train.trainer: Epoch 129
2026-05-17 23:37:30,619 INFO src.train.trainer: Last model at epoch 129 saved to checkpoints/reg_mixer_attnpl_t_20260517-233307/last_model_1.pth
2026-05-17 23:37:30,620 INFO src.train.trainer: Epoch 130
2026-05-17 23:37:32,612 INFO src.train.trainer: Last model at epoch 130 saved to checkpoints/reg_mixer_attnpl_t_20260517-233307/last_model_1.pth
2026-05-17 23:37:32,612 INFO src.train.trainer: Epoch 131
2026-05-17 23:37:34,510 INFO src.train.trainer: Last model at epoch 131 saved to checkpoints/reg_mixer_attnpl_t_20260517-233307/last_model_1.pth
2026-05-17 23:37:34,510 INFO src.train.trainer: Epoch 132
2026-05-17 23:37:36,618 INFO src.train.trainer: Last model at epoch 132 saved to checkpoints/reg_mixer_attnpl_t_20260517-233307/last_model_1.pth
2026-05-17 23:37:36,618 INFO src.train.trainer: Epoch 133
2026-05-17 23:37:38,574 INFO src.train.trainer: Last model at epoch 133 saved to checkpoints/reg_mixer_attnpl_t_20260517-233307/last_model_1.pth
2026-05-17 23:37:38,574 INFO src.train.trainer: Epoch 134
2026-05-17 23:37:40,603 INFO src.train.trainer: Last model at epoch 134 saved to checkpoints/reg_mixer_attnpl_t_20260517-233307/last_model_1.pth
2026-05-17 23:37:40,603 INFO src.train.trainer: Epoch 135
2026-05-17 23:37:42,348 INFO src.train.trainer: Last model at epoch 135 saved to checkpoints/reg_mixer_attnpl_t_20260517-233307/last_model_1.pth
2026-05-17 23:37:42,349 INFO src.train.trainer: Epoch 136
2026-05-17 23:37:44,174 INFO src.train.trainer: Last model at epoch 136 saved to checkpoints/reg_mixer_attnpl_t_20260517-233307/last_model_1.pth
2026-05-17 23:37:44,174 INFO src.train.trainer: Epoch 137
2026-05-17 23:37:46,088 INFO src.train.trainer: Last model at epoch 137 saved to checkpoints/reg_mixer_attnpl_t_20260517-233307/last_model_1.pth
2026-05-17 23:37:46,088 INFO src.train.trainer: Epoch 138
2026-05-17 23:37:47,747 INFO src.train.trainer: Last model at epoch 138 saved to checkpoints/reg_mixer_attnpl_t_20260517-233307/last_model_1.pth
2026-05-17 23:37:47,747 INFO src.train.trainer: Epoch 139
2026-05-17 23:37:49,643 INFO src.train.trainer: Last model at epoch 139 saved to checkpoints/reg_mixer_attnpl_t_20260517-233307/last_model_1.pth
2026-05-17 23:37:49,644 INFO src.train.trainer: Epoch 140
2026-05-17 23:37:51,701 INFO src.train.trainer: Last model at epoch 140 saved to checkpoints/reg_mixer_attnpl_t_20260517-233307/last_model_1.pth
2026-05-17 23:37:51,707 INFO src.train.trainer: Saved epoch 140 snapshot to checkpoints/reg_mixer_attnpl_t_20260517-233307/epoch_140_model_1.pth
2026-05-17 23:37:51,708 INFO src.train.trainer: Epoch 141
2026-05-17 23:37:53,587 INFO src.train.trainer: Last model at epoch 141 saved to checkpoints/reg_mixer_attnpl_t_20260517-233307/last_model_1.pth
2026-05-17 23:37:53,587 INFO src.train.trainer: Epoch 142
2026-05-17 23:37:55,631 INFO src.train.trainer: Last model at epoch 142 saved to checkpoints/reg_mixer_attnpl_t_20260517-233307/last_model_1.pth
2026-05-17 23:37:55,632 INFO src.train.trainer: Epoch 143
2026-05-17 23:37:57,614 INFO src.train.trainer: Last model at epoch 143 saved to checkpoints/reg_mixer_attnpl_t_20260517-233307/last_model_1.pth
2026-05-17 23:37:57,614 INFO src.train.trainer: Epoch 144
2026-05-17 23:37:59,442 INFO src.train.trainer: Last model at epoch 144 saved to checkpoints/reg_mixer_attnpl_t_20260517-233307/last_model_1.pth
2026-05-17 23:37:59,442 INFO src.train.trainer: Epoch 145
2026-05-17 23:38:01,360 INFO src.train.trainer: Last model at epoch 145 saved to checkpoints/reg_mixer_attnpl_t_20260517-233307/last_model_1.pth
2026-05-17 23:38:01,361 INFO src.train.trainer: Epoch 146
2026-05-17 23:38:03,081 INFO src.train.trainer: Last model at epoch 146 saved to checkpoints/reg_mixer_attnpl_t_20260517-233307/last_model_1.pth
2026-05-17 23:38:03,081 INFO src.train.trainer: Epoch 147
2026-05-17 23:38:04,888 INFO src.train.trainer: Last model at epoch 147 saved to checkpoints/reg_mixer_attnpl_t_20260517-233307/last_model_1.pth
2026-05-17 23:38:04,889 INFO src.train.trainer: Epoch 148
2026-05-17 23:38:06,887 INFO src.train.trainer: Last model at epoch 148 saved to checkpoints/reg_mixer_attnpl_t_20260517-233307/last_model_1.pth
2026-05-17 23:38:06,887 INFO src.train.trainer: Epoch 149
2026-05-17 23:38:08,605 INFO src.train.trainer: Last model at epoch 149 saved to checkpoints/reg_mixer_attnpl_t_20260517-233307/last_model_1.pth
2026-05-17 23:38:08,605 INFO src.train.trainer: Epoch 150
2026-05-17 23:38:10,686 INFO src.train.trainer: Last model at epoch 150 saved to checkpoints/reg_mixer_attnpl_t_20260517-233307/last_model_1.pth
2026-05-17 23:39:06,423 INFO src.data.preprocessing: CSV files found: ['chuandian_2021.csv']
2026-05-17 23:39:07,110 INFO src.utils.file_utils: Loading cached data from: data/ChuanDian/regressor/regressor_Mc_3_Mf_3_Tfore_180_Twindow_360_context_len_1_dt_10.pkl
2026-05-17 23:39:09,261 INFO src.data.preprocessing: Catalog statistics: {'tau_unfiltered': 0.15339908988298961, 'tau_q025': 0.08114294020924717, 'tau_q05': 0.5134664350189269, 'tau_mean': 1.3070542199341526, 'tau_max': 25.18216435192153, 'tau_min': 0.0, 'time_max': 18770.72654999979, 'time_mean': 10030.9430649837, 'mag_completeness': 3.0, 'mag_mean': 3.456916005014626, 'mag_max': 8.0, 'mag_min': 3.0, 'b_value': 0.856738547623331, 'b_std': 0.0071499224812533796, 'b_n': 14358}
2026-05-17 23:39:09,333 INFO src.data.event_loader: lengths of samples: min=96, max=1340, avg=265.71
2026-05-17 23:39:10,097 INFO src.models.adapters.mixer_task: using time scale base 1.3070542199341526 (key: tau_mean)
2026-05-17 23:39:10,097 INFO src.models.adapters.mixer_task: tau mean: tensor(1.3071)
2026-05-17 23:39:10,102 INFO src.train.config_setup: Restoring model from checkpoint.
2026-05-17 23:39:10,102 INFO src.train.config_setup: Loading model weights: load_specific_parts=None
2026-05-17 23:39:10,103 INFO src.train.config_setup: Checkpoint loaded: <All keys matched successfully>
2026-05-17 23:39:10,104 INFO src.train.config_setup: Full load summary: loaded=44, missing=0, unexpected=0
2026-05-17 23:39:10,104 INFO src.train.config_setup: Checkpoint hyperparameters loaded.
2026-05-17 23:39:10,104 INFO src.train.config_setup: Checkpoint train metrics available.
2026-05-17 23:39:10,104 INFO src.train.config_setup: Checkpoint val metrics available.
2026-05-17 23:39:10,104 INFO src.train.config_setup: Freeze skipped (checkpoint_restore): freeze_parts is empty.
2026-05-17 23:39:10,105 INFO src.train.config_setup: Using regression criterion: smooth_l1
2026-05-17 23:39:10,105 INFO src.train.config_setup: Criterion config: {'beta': 0.2}
2026-05-17 23:39:10,105 INFO src.train.config_setup: encoder_param_keywords: ['base_model.encoder.input_proj', 'base_model.encoder.layers.0']
2026-05-17 23:39:10,105 INFO src.train.config_setup: encoder_lr grouping summary: lr=0.0004, matched=18
2026-05-17 23:39:10,105 INFO src.train.config_setup: Encoder LR coverage [base_model.encoder.input_proj]: target=4, hit=4, missing=0, complete=True
2026-05-17 23:39:10,106 INFO src.train.config_setup: Encoder LR coverage [base_model.encoder.layers.0]: target=14, hit=14, missing=0, complete=True
2026-05-17 23:39:10,106 INFO src.train.config_setup: encoder_lr matched preview: ['base_model.encoder.input_proj.0.weight', 'base_model.encoder.input_proj.0.bias', 'base_model.encoder.input_proj.3.weight', 'base_model.encoder.input_proj.3.bias', 'base_model.encoder.layers.0.norm.weight', 'base_model.encoder.layers.0.norm.bias', 'base_model.encoder.layers.0.mixer.dt_bias', 'base_model.encoder.layers.0.mixer.A_log', 'base_model.encoder.layers.0.mixer.D', 'base_model.encoder.layers.0.mixer.in_proj.weight'] ... (+8 more)
2026-05-17 23:39:10,106 INFO src.train.config_setup: Not resuming optimizer/scheduler state; reset training state to start_epoch=0, best_val_loss=inf.
2026-05-17 23:39:15,142 INFO src.cli.workflows: Test loss: 0.03263326765348514
2026-05-17 23:39:16,657 INFO src.cli.common: Saved test metrics to checkpoints/reg_mixer_attnpl_t_20260517-233307/metrics_test_best_1.json
2026-05-17 23:39:16,657 INFO src.cli.common: Metrics: {'RMSE': 0.7060880869690485, 'MAE': 0.5397992129208612, 'MSE': 0.4985603865596106, 'MAPE': 11.850599339433654, 'R2': -0.4898648481936325, 'PearsonR': 0.33822734845412483, 'PearsonR_diff': 0.10892597269580835, 'DA': 0.06043956043956044, 'SpearmanR': 0.33578315166458866, 'SpearmanR_diff': 0.16071455132572923, 'DTW': 66.71497240662575, 'DTW_normalized': 0.36456269074658876}
2026-05-17 23:39:46,572 INFO src.data.preprocessing: CSV files found: ['chuandian_2021.csv']
2026-05-17 23:39:47,302 INFO src.utils.file_utils: Loading cached data from: data/ChuanDian/regressor/regressor_Mc_3_Mf_3_Tfore_180_Twindow_360_context_len_1_dt_10.pkl
2026-05-17 23:39:49,485 INFO src.data.preprocessing: Catalog statistics: {'tau_unfiltered': 0.15339908988298961, 'tau_q025': 0.08114294020924717, 'tau_q05': 0.5134664350189269, 'tau_mean': 1.3070542199341526, 'tau_max': 25.18216435192153, 'tau_min': 0.0, 'time_max': 18770.72654999979, 'time_mean': 10030.9430649837, 'mag_completeness': 3.0, 'mag_mean': 3.456916005014626, 'mag_max': 8.0, 'mag_min': 3.0, 'b_value': 0.856738547623331, 'b_std': 0.0071499224812533796, 'b_n': 14358}
2026-05-17 23:39:49,526 INFO src.data.event_loader: lengths of samples: min=96, max=1340, avg=265.71
2026-05-17 23:39:50,327 INFO src.models.adapters.mixer_task: using time scale base 1.3070542199341526 (key: tau_mean)
2026-05-17 23:39:50,327 INFO src.models.adapters.mixer_task: tau mean: tensor(1.3071)
2026-05-17 23:39:50,332 INFO src.train.config_setup: Restoring model from checkpoint.
2026-05-17 23:39:50,332 INFO src.train.config_setup: Loading model weights: load_specific_parts=None
2026-05-17 23:39:50,334 INFO src.train.config_setup: Checkpoint loaded: <All keys matched successfully>
2026-05-17 23:39:50,334 INFO src.train.config_setup: Full load summary: loaded=44, missing=0, unexpected=0
2026-05-17 23:39:50,334 INFO src.train.config_setup: Checkpoint hyperparameters loaded.
2026-05-17 23:39:50,334 INFO src.train.config_setup: Checkpoint train metrics available.
2026-05-17 23:39:50,335 INFO src.train.config_setup: Checkpoint val metrics available.
2026-05-17 23:39:50,335 INFO src.train.config_setup: Freeze skipped (checkpoint_restore): freeze_parts is empty.
2026-05-17 23:39:50,335 INFO src.train.config_setup: Using regression criterion: smooth_l1
2026-05-17 23:39:50,335 INFO src.train.config_setup: Criterion config: {'beta': 0.2}
2026-05-17 23:39:50,335 INFO src.train.config_setup: encoder_param_keywords: ['base_model.encoder.input_proj', 'base_model.encoder.layers.0']
2026-05-17 23:39:50,336 INFO src.train.config_setup: encoder_lr grouping summary: lr=0.0004, matched=18
2026-05-17 23:39:50,336 INFO src.train.config_setup: Encoder LR coverage [base_model.encoder.input_proj]: target=4, hit=4, missing=0, complete=True
2026-05-17 23:39:50,336 INFO src.train.config_setup: Encoder LR coverage [base_model.encoder.layers.0]: target=14, hit=14, missing=0, complete=True
2026-05-17 23:39:50,336 INFO src.train.config_setup: encoder_lr matched preview: ['base_model.encoder.input_proj.0.weight', 'base_model.encoder.input_proj.0.bias', 'base_model.encoder.input_proj.3.weight', 'base_model.encoder.input_proj.3.bias', 'base_model.encoder.layers.0.norm.weight', 'base_model.encoder.layers.0.norm.bias', 'base_model.encoder.layers.0.mixer.dt_bias', 'base_model.encoder.layers.0.mixer.A_log', 'base_model.encoder.layers.0.mixer.D', 'base_model.encoder.layers.0.mixer.in_proj.weight'] ... (+8 more)
2026-05-17 23:39:50,336 INFO src.train.config_setup: Not resuming optimizer/scheduler state; reset training state to start_epoch=0, best_val_loss=inf.
2026-05-17 23:39:55,288 INFO src.cli.workflows: Test loss: 0.03183109685778618
2026-05-17 23:39:56,862 INFO src.cli.common: Saved test metrics to checkpoints/reg_mixer_attnpl_t_20260517-233307/metrics_test_last_1.json
2026-05-17 23:39:56,862 INFO src.cli.common: Metrics: {'RMSE': 0.6896410696787278, 'MAE': 0.5702165873324285, 'MSE': 0.47560480498762, 'MAPE': 11.908909528973782, 'R2': -0.4212659081736334, 'PearsonR': 0.35242204515204884, 'PearsonR_diff': 0.04766218927705267, 'DA': 0.06043956043956044, 'SpearmanR': 0.22086009178646002, 'SpearmanR_diff': 0.09817589381936921, 'DTW': 73.92991125583649, 'DTW_normalized': 0.40398858609746713}
