2026-05-21 16:44:39,401 INFO src.data.preprocessing: CSV files found: ['chuandian_2021.csv']
2026-05-21 16:44:40,055 INFO src.utils.file_utils: Loading cached data from: data/ChuanDian/classifier/classifier_Mc_3_Mf_5.5_Tfore_90_Twindow_180_context_len_1_dt_10.pkl
2026-05-21 16:44:40,886 INFO src.data.preprocessing: Catalog statistics: {'tau_unfiltered': 0.15339908988298961, 'tau_q025': 0.08114294020924717, 'tau_q05': 0.5134664350189269, 'tau_mean': 1.3070542199341526, 'tau_max': 25.18216435192153, 'tau_min': 0.0, 'time_max': 18770.72654999979, 'time_mean': 10030.9430649837, 'mag_completeness': 3.0, 'mag_mean': 3.456916005014626, 'mag_max': 8.0, 'mag_min': 3.0, 'b_value': 0.856738547623331, 'b_std': 0.0071499224812533796, 'b_n': 14358}
2026-05-21 16:44:40,904 INFO src.data.event_loader: lengths of samples: min=32, max=749, avg=124.26
2026-05-21 16:44:40,904 INFO src.data.event_loader: Number of positive samples: 471
2026-05-21 16:44:40,905 INFO src.data.event_loader: Number of negative samples: 1055
2026-05-21 16:44:40,929 INFO src.data.event_loader: Positive samples: 390, Negative samples: 830
2026-05-21 16:44:40,930 INFO src.data.event_loader: Total samples: 1220, Positive ratio: 0.32, Negative ratio: 0.68
2026-05-21 16:44:40,930 INFO src.data.event_loader: Positive samples: 62, Negative samples: 90
2026-05-21 16:44:40,930 INFO src.data.event_loader: Total samples: 152, Positive ratio: 0.41, Negative ratio: 0.59
2026-05-21 16:44:40,930 INFO src.data.event_loader: Positive samples: 19, Negative samples: 135
2026-05-21 16:44:40,930 INFO src.data.event_loader: Total samples: 154, Positive ratio: 0.12, Negative ratio: 0.88
2026-05-21 16:44:41,020 INFO src.cli.workflows: Loading checkpoint from: ./checkpoints/mixer_tpp_20260514-211059/last_model_1.pth
2026-05-21 16:44:41,509 INFO src.models.adapters.mixer_task: using time scale base 1.3070542199341526 (key: tau_mean)
2026-05-21 16:44:41,509 INFO src.models.adapters.mixer_task: tau mean: tensor(1.3071)
2026-05-21 16:44:41,516 INFO src.train.config_setup: Restoring model from checkpoint.
2026-05-21 16:44:41,516 INFO src.train.config_setup: Loading model weights: load_specific_parts=['encoder']
2026-05-21 16:44:41,517 INFO src.train.config_setup: Selective load summary: requested_parts=['encoder'], target_in_model=40, matched_in_checkpoint=30, loaded=30, missing_after_load=10, shape_mismatch=0, missing_in_model=0, out_of_scope_loaded=0
2026-05-21 16:44:41,517 INFO src.train.config_setup: Selective load coverage [encoder]: target=40, hit=30, missing=10, complete=False
2026-05-21 16:44:41,517 WARNING src.train.config_setup: Selective load coverage missing preview [encoder]: ['base_model.encoder.layers.2.mixer.in_proj.bias', 'base_model.encoder.layers.2.mixer.in_proj.weight', 'base_model.encoder.layers.2.mixer.out_proj.bias', 'base_model.encoder.layers.2.mixer.out_proj.weight', 'base_model.encoder.layers.2.mlp.fc1.weight', 'base_model.encoder.layers.2.mlp.fc2.weight', 'base_model.encoder.layers.2.norm.bias', 'base_model.encoder.layers.2.norm.weight'] ... (+2 more)
2026-05-21 16:44:41,517 WARNING src.train.config_setup: Checkpoint missing target parameter preview: ['base_model.encoder.layers.2.mixer.in_proj.bias', 'base_model.encoder.layers.2.mixer.in_proj.weight', 'base_model.encoder.layers.2.mixer.out_proj.bias', 'base_model.encoder.layers.2.mixer.out_proj.weight', 'base_model.encoder.layers.2.mlp.fc1.weight', 'base_model.encoder.layers.2.mlp.fc2.weight', 'base_model.encoder.layers.2.norm.bias', 'base_model.encoder.layers.2.norm.weight', 'base_model.encoder.layers.2.norm2.bias', 'base_model.encoder.layers.2.norm2.weight']
2026-05-21 16:44:41,517 WARNING src.train.config_setup: Target not-loaded parameter preview: ['base_model.encoder.layers.2.mixer.in_proj.bias', 'base_model.encoder.layers.2.mixer.in_proj.weight', 'base_model.encoder.layers.2.mixer.out_proj.bias', 'base_model.encoder.layers.2.mixer.out_proj.weight', 'base_model.encoder.layers.2.mlp.fc1.weight', 'base_model.encoder.layers.2.mlp.fc2.weight', 'base_model.encoder.layers.2.norm.bias', 'base_model.encoder.layers.2.norm.weight', 'base_model.encoder.layers.2.norm2.bias', 'base_model.encoder.layers.2.norm2.weight']
2026-05-21 16:44:41,518 INFO src.train.config_setup: Loaded parameter preview: ['base_model.encoder.layers.1.mixer.in_proj.weight', 'base_model.encoder.layers.1.norm2.weight', 'base_model.encoder.input_proj.0.bias', 'base_model.encoder.layers.1.norm.bias', 'base_model.encoder.layers.1.mixer.D', 'base_model.encoder.layers.1.mlp.fc2.weight', 'base_model.encoder.norm_f.weight', 'base_model.encoder.layers.0.mixer.A_log', 'base_model.encoder.layers.1.norm.weight', 'base_model.encoder.layers.1.mixer.norm.weight'] ... (+20 more)
2026-05-21 16:44:41,519 INFO src.train.config_setup: Checkpoint hyperparameters loaded.
2026-05-21 16:44:41,519 INFO src.train.config_setup: Checkpoint train metrics available.
2026-05-21 16:44:41,519 INFO src.train.config_setup: Checkpoint val metrics available.
2026-05-21 16:44:41,519 INFO src.train.config_setup: Freeze skipped (checkpoint_restore): freeze_parts is empty.
2026-05-21 16:44:41,519 INFO src.train.config_setup: Using classification criterion: focal
2026-05-21 16:44:41,519 INFO src.train.config_setup: Criterion config: {'alpha': 0.75, 'gamma': 2.0}
2026-05-21 16:44:41,520 INFO src.train.config_setup: Not resuming optimizer/scheduler state; reset training state to start_epoch=0, best_val_loss=inf.
2026-05-21 16:44:41,520 INFO src.train.trainer: Epoch 1
2026-05-21 16:44:57,235 INFO src.train.trainer: New best validation loss: 0.0853, saved to /root/autodl-tmp/em_eqf/experiments/clf_pre_v1/clf_pre_SCEDC_v1/runs/tf_90_mf_5p5_seed_5/best_model_1.pth
2026-05-21 16:44:57,240 INFO src.train.trainer: Last model at epoch 1 saved to /root/autodl-tmp/em_eqf/experiments/clf_pre_v1/clf_pre_SCEDC_v1/runs/tf_90_mf_5p5_seed_5/last_model_1.pth
2026-05-21 16:44:57,240 INFO src.train.trainer: Epoch 2
2026-05-21 16:45:00,166 INFO src.train.trainer: New best validation loss: 0.0733, saved to /root/autodl-tmp/em_eqf/experiments/clf_pre_v1/clf_pre_SCEDC_v1/runs/tf_90_mf_5p5_seed_5/best_model_1.pth
2026-05-21 16:45:00,174 INFO src.train.trainer: Last model at epoch 2 saved to /root/autodl-tmp/em_eqf/experiments/clf_pre_v1/clf_pre_SCEDC_v1/runs/tf_90_mf_5p5_seed_5/last_model_1.pth
2026-05-21 16:45:00,175 INFO src.train.trainer: Epoch 3
2026-05-21 16:45:02,621 INFO src.train.trainer: Last model at epoch 3 saved to /root/autodl-tmp/em_eqf/experiments/clf_pre_v1/clf_pre_SCEDC_v1/runs/tf_90_mf_5p5_seed_5/last_model_1.pth
2026-05-21 16:45:02,621 INFO src.train.trainer: Epoch 4
2026-05-21 16:45:04,761 INFO src.train.trainer: Last model at epoch 4 saved to /root/autodl-tmp/em_eqf/experiments/clf_pre_v1/clf_pre_SCEDC_v1/runs/tf_90_mf_5p5_seed_5/last_model_1.pth
2026-05-21 16:45:04,761 INFO src.train.trainer: Epoch 5
2026-05-21 16:45:07,058 INFO src.train.trainer: New best validation loss: 0.0661, saved to /root/autodl-tmp/em_eqf/experiments/clf_pre_v1/clf_pre_SCEDC_v1/runs/tf_90_mf_5p5_seed_5/best_model_1.pth
2026-05-21 16:45:07,066 INFO src.train.trainer: Last model at epoch 5 saved to /root/autodl-tmp/em_eqf/experiments/clf_pre_v1/clf_pre_SCEDC_v1/runs/tf_90_mf_5p5_seed_5/last_model_1.pth
2026-05-21 16:45:07,066 INFO src.train.trainer: Epoch 6
2026-05-21 16:45:09,279 INFO src.train.trainer: Last model at epoch 6 saved to /root/autodl-tmp/em_eqf/experiments/clf_pre_v1/clf_pre_SCEDC_v1/runs/tf_90_mf_5p5_seed_5/last_model_1.pth
2026-05-21 16:45:09,279 INFO src.train.trainer: Epoch 7
2026-05-21 16:45:11,471 INFO src.train.trainer: New best validation loss: 0.0626, saved to /root/autodl-tmp/em_eqf/experiments/clf_pre_v1/clf_pre_SCEDC_v1/runs/tf_90_mf_5p5_seed_5/best_model_1.pth
2026-05-21 16:45:11,477 INFO src.train.trainer: Last model at epoch 7 saved to /root/autodl-tmp/em_eqf/experiments/clf_pre_v1/clf_pre_SCEDC_v1/runs/tf_90_mf_5p5_seed_5/last_model_1.pth
2026-05-21 16:45:11,477 INFO src.train.trainer: Epoch 8
2026-05-21 16:45:13,673 INFO src.train.trainer: Last model at epoch 8 saved to /root/autodl-tmp/em_eqf/experiments/clf_pre_v1/clf_pre_SCEDC_v1/runs/tf_90_mf_5p5_seed_5/last_model_1.pth
2026-05-21 16:45:13,674 INFO src.train.trainer: Epoch 9
2026-05-21 16:45:15,932 INFO src.train.trainer: Last model at epoch 9 saved to /root/autodl-tmp/em_eqf/experiments/clf_pre_v1/clf_pre_SCEDC_v1/runs/tf_90_mf_5p5_seed_5/last_model_1.pth
2026-05-21 16:45:15,933 INFO src.train.trainer: Epoch 10
2026-05-21 16:45:18,219 INFO src.train.trainer: Last model at epoch 10 saved to /root/autodl-tmp/em_eqf/experiments/clf_pre_v1/clf_pre_SCEDC_v1/runs/tf_90_mf_5p5_seed_5/last_model_1.pth
2026-05-21 16:45:18,219 INFO src.train.trainer: Epoch 11
2026-05-21 16:45:20,429 INFO src.train.trainer: Last model at epoch 11 saved to /root/autodl-tmp/em_eqf/experiments/clf_pre_v1/clf_pre_SCEDC_v1/runs/tf_90_mf_5p5_seed_5/last_model_1.pth
2026-05-21 16:45:20,429 INFO src.train.trainer: Epoch 12
2026-05-21 16:45:22,779 INFO src.train.trainer: Last model at epoch 12 saved to /root/autodl-tmp/em_eqf/experiments/clf_pre_v1/clf_pre_SCEDC_v1/runs/tf_90_mf_5p5_seed_5/last_model_1.pth
2026-05-21 16:45:22,779 INFO src.train.trainer: Epoch 13
2026-05-21 16:45:25,004 INFO src.train.trainer: Last model at epoch 13 saved to /root/autodl-tmp/em_eqf/experiments/clf_pre_v1/clf_pre_SCEDC_v1/runs/tf_90_mf_5p5_seed_5/last_model_1.pth
2026-05-21 16:45:25,004 INFO src.train.trainer: Epoch 14
2026-05-21 16:45:27,254 INFO src.train.trainer: Last model at epoch 14 saved to /root/autodl-tmp/em_eqf/experiments/clf_pre_v1/clf_pre_SCEDC_v1/runs/tf_90_mf_5p5_seed_5/last_model_1.pth
2026-05-21 16:45:27,254 INFO src.train.trainer: Epoch 15
2026-05-21 16:45:29,381 INFO src.train.trainer: Last model at epoch 15 saved to /root/autodl-tmp/em_eqf/experiments/clf_pre_v1/clf_pre_SCEDC_v1/runs/tf_90_mf_5p5_seed_5/last_model_1.pth
2026-05-21 16:45:29,381 INFO src.train.trainer: Epoch 16
2026-05-21 16:45:31,588 INFO src.train.trainer: Last model at epoch 16 saved to /root/autodl-tmp/em_eqf/experiments/clf_pre_v1/clf_pre_SCEDC_v1/runs/tf_90_mf_5p5_seed_5/last_model_1.pth
2026-05-21 16:45:31,588 INFO src.train.trainer: Epoch 17
2026-05-21 16:45:33,817 INFO src.train.trainer: New best validation loss: 0.0567, saved to /root/autodl-tmp/em_eqf/experiments/clf_pre_v1/clf_pre_SCEDC_v1/runs/tf_90_mf_5p5_seed_5/best_model_1.pth
2026-05-21 16:45:33,824 INFO src.train.trainer: Last model at epoch 17 saved to /root/autodl-tmp/em_eqf/experiments/clf_pre_v1/clf_pre_SCEDC_v1/runs/tf_90_mf_5p5_seed_5/last_model_1.pth
2026-05-21 16:45:33,824 INFO src.train.trainer: Epoch 18
2026-05-21 16:45:35,987 INFO src.train.trainer: Last model at epoch 18 saved to /root/autodl-tmp/em_eqf/experiments/clf_pre_v1/clf_pre_SCEDC_v1/runs/tf_90_mf_5p5_seed_5/last_model_1.pth
2026-05-21 16:45:35,987 INFO src.train.trainer: Epoch 19
2026-05-21 16:45:38,172 INFO src.train.trainer: Last model at epoch 19 saved to /root/autodl-tmp/em_eqf/experiments/clf_pre_v1/clf_pre_SCEDC_v1/runs/tf_90_mf_5p5_seed_5/last_model_1.pth
2026-05-21 16:45:38,173 INFO src.train.trainer: Epoch 20
2026-05-21 16:45:40,363 INFO src.train.trainer: Last model at epoch 20 saved to /root/autodl-tmp/em_eqf/experiments/clf_pre_v1/clf_pre_SCEDC_v1/runs/tf_90_mf_5p5_seed_5/last_model_1.pth
2026-05-21 16:45:40,363 INFO src.train.trainer: Epoch 21
2026-05-21 16:45:42,479 INFO src.train.trainer: Last model at epoch 21 saved to /root/autodl-tmp/em_eqf/experiments/clf_pre_v1/clf_pre_SCEDC_v1/runs/tf_90_mf_5p5_seed_5/last_model_1.pth
2026-05-21 16:45:42,479 INFO src.train.trainer: Epoch 22
2026-05-21 16:45:44,563 INFO src.train.trainer: Last model at epoch 22 saved to /root/autodl-tmp/em_eqf/experiments/clf_pre_v1/clf_pre_SCEDC_v1/runs/tf_90_mf_5p5_seed_5/last_model_1.pth
2026-05-21 16:45:44,563 INFO src.train.trainer: Epoch 23
2026-05-21 16:45:46,693 INFO src.train.trainer: Last model at epoch 23 saved to /root/autodl-tmp/em_eqf/experiments/clf_pre_v1/clf_pre_SCEDC_v1/runs/tf_90_mf_5p5_seed_5/last_model_1.pth
2026-05-21 16:45:46,694 INFO src.train.trainer: Epoch 24
2026-05-21 16:45:49,221 INFO src.train.trainer: Last model at epoch 24 saved to /root/autodl-tmp/em_eqf/experiments/clf_pre_v1/clf_pre_SCEDC_v1/runs/tf_90_mf_5p5_seed_5/last_model_1.pth
2026-05-21 16:45:49,222 INFO src.train.trainer: Epoch 25
2026-05-21 16:45:51,649 INFO src.train.trainer: Last model at epoch 25 saved to /root/autodl-tmp/em_eqf/experiments/clf_pre_v1/clf_pre_SCEDC_v1/runs/tf_90_mf_5p5_seed_5/last_model_1.pth
2026-05-21 16:45:51,650 INFO src.train.trainer: Epoch 26
2026-05-21 16:45:53,829 INFO src.train.trainer: Last model at epoch 26 saved to /root/autodl-tmp/em_eqf/experiments/clf_pre_v1/clf_pre_SCEDC_v1/runs/tf_90_mf_5p5_seed_5/last_model_1.pth
2026-05-21 16:45:53,829 INFO src.train.trainer: Epoch 27
2026-05-21 16:45:56,361 INFO src.train.trainer: Last model at epoch 27 saved to /root/autodl-tmp/em_eqf/experiments/clf_pre_v1/clf_pre_SCEDC_v1/runs/tf_90_mf_5p5_seed_5/last_model_1.pth
2026-05-21 16:45:56,361 INFO src.train.trainer: Early stopping triggered at epoch 27 (best epoch: 17, best val loss: 0.056702)
2026-05-21 16:46:04,330 INFO src.data.preprocessing: CSV files found: ['chuandian_2021.csv']
2026-05-21 16:46:04,858 INFO src.utils.file_utils: Loading cached data from: data/ChuanDian/classifier/classifier_Mc_3_Mf_5.5_Tfore_90_Twindow_180_context_len_1_dt_10.pkl
2026-05-21 16:46:05,652 INFO src.data.preprocessing: Catalog statistics: {'tau_unfiltered': 0.15339908988298961, 'tau_q025': 0.08114294020924717, 'tau_q05': 0.5134664350189269, 'tau_mean': 1.3070542199341526, 'tau_max': 25.18216435192153, 'tau_min': 0.0, 'time_max': 18770.72654999979, 'time_mean': 10030.9430649837, 'mag_completeness': 3.0, 'mag_mean': 3.456916005014626, 'mag_max': 8.0, 'mag_min': 3.0, 'b_value': 0.856738547623331, 'b_std': 0.0071499224812533796, 'b_n': 14358}
2026-05-21 16:46:05,669 INFO src.data.event_loader: lengths of samples: min=32, max=749, avg=124.26
2026-05-21 16:46:05,669 INFO src.data.event_loader: Number of positive samples: 471
2026-05-21 16:46:05,670 INFO src.data.event_loader: Number of negative samples: 1055
2026-05-21 16:46:05,670 INFO src.data.event_loader: Positive samples: 390, Negative samples: 830
2026-05-21 16:46:05,670 INFO src.data.event_loader: Total samples: 1220, Positive ratio: 0.32, Negative ratio: 0.68
2026-05-21 16:46:05,671 INFO src.data.event_loader: Positive samples: 62, Negative samples: 90
2026-05-21 16:46:05,671 INFO src.data.event_loader: Total samples: 152, Positive ratio: 0.41, Negative ratio: 0.59
2026-05-21 16:46:05,671 INFO src.data.event_loader: Positive samples: 19, Negative samples: 135
2026-05-21 16:46:05,671 INFO src.data.event_loader: Total samples: 154, Positive ratio: 0.12, Negative ratio: 0.88
2026-05-21 16:46:06,035 INFO src.models.adapters.mixer_task: using time scale base 1.3070542199341526 (key: tau_mean)
2026-05-21 16:46:06,035 INFO src.models.adapters.mixer_task: tau mean: tensor(1.3071)
2026-05-21 16:46:06,040 INFO src.train.config_setup: Restoring model from checkpoint.
2026-05-21 16:46:06,041 INFO src.train.config_setup: Loading model weights: load_specific_parts=None
2026-05-21 16:46:06,042 INFO src.train.config_setup: Checkpoint loaded: <All keys matched successfully>
2026-05-21 16:46:06,042 INFO src.train.config_setup: Full load summary: loaded=56, missing=0, unexpected=0
2026-05-21 16:46:06,043 INFO src.train.config_setup: Checkpoint hyperparameters loaded.
2026-05-21 16:46:06,043 INFO src.train.config_setup: Checkpoint train metrics available.
2026-05-21 16:46:06,043 INFO src.train.config_setup: Checkpoint val metrics available.
2026-05-21 16:46:06,043 INFO src.train.config_setup: Freeze skipped (checkpoint_restore): freeze_parts is empty.
2026-05-21 16:46:06,043 INFO src.train.config_setup: Using classification criterion: focal
2026-05-21 16:46:06,044 INFO src.train.config_setup: Criterion config: {'alpha': 0.75, 'gamma': 2.0}
2026-05-21 16:46:06,044 INFO src.train.config_setup: Not resuming optimizer/scheduler state; reset training state to start_epoch=0, best_val_loss=inf.
2026-05-21 16:46:06,044 INFO src.cli.common: Using threshold 0.5635842084884644 from checkpoint val_metrics for testing.
2026-05-21 16:46:10,448 INFO src.utils.metrics: ROC curve saved to /root/autodl-tmp/em_eqf/experiments/clf_pre_v1/clf_pre_SCEDC_v1/runs/tf_90_mf_5p5_seed_5/roc_curve.png
2026-05-21 16:46:10,553 INFO src.utils.metrics: PR curve saved to /root/autodl-tmp/em_eqf/experiments/clf_pre_v1/clf_pre_SCEDC_v1/runs/tf_90_mf_5p5_seed_5/pr_curve.png
2026-05-21 16:46:10,615 INFO src.utils.metrics: Confusion matrix saved to /root/autodl-tmp/em_eqf/experiments/clf_pre_v1/clf_pre_SCEDC_v1/runs/tf_90_mf_5p5_seed_5/confusion_matrix.png
2026-05-21 16:46:10,615 INFO src.cli.workflows: Test loss: 0.060530574371417366
2026-05-21 16:46:11,126 INFO src.train.classifier_train_step: Prediction distribution plot has been saved to: /root/autodl-tmp/em_eqf/experiments/clf_pre_v1/clf_pre_SCEDC_v1/runs/tf_90_mf_5p5_seed_5/train_pred_distribution.png
2026-05-21 16:46:11,366 INFO src.train.classifier_train_step: Prediction distribution plot has been saved to: /root/autodl-tmp/em_eqf/experiments/clf_pre_v1/clf_pre_SCEDC_v1/runs/tf_90_mf_5p5_seed_5/val_pred_distribution.png
2026-05-21 16:46:11,619 INFO src.train.classifier_train_step: Prediction distribution plot has been saved to: /root/autodl-tmp/em_eqf/experiments/clf_pre_v1/clf_pre_SCEDC_v1/runs/tf_90_mf_5p5_seed_5/test_pred_distribution.png
2026-05-21 16:46:11,619 INFO src.cli.common: Saved test metrics to /root/autodl-tmp/em_eqf/experiments/clf_pre_v1/clf_pre_SCEDC_v1/runs/tf_90_mf_5p5_seed_5/metrics_test_best_1.json
2026-05-21 16:46:11,619 INFO src.cli.common: Metrics: {'precision': 0.18181818181818182, 'recall': 0.10526315789473684, 'f1': 0.13333333333333333, 'auc': 0.4058479532163743, 'pr_auc': 0.1771582965232613, 'fpr': 0.06666666666666667, 'tpr': 0.10526315789473684, 'R': 0.03859649122807017, 'conf': 1.0, 'threshold': 0.5635842084884644}
