2026-05-19 11:52:54,384 INFO src.data.preprocessing: CSV files found: ['chuandian_2021.csv']
2026-05-19 11:52:55,148 INFO src.utils.file_utils: Loading cached data from: data/ChuanDian/classifier/classifier_Mc_3_Mf_5.5_Tfore_90_Twindow_180_context_len_1_dt_10.pkl
2026-05-19 11:52:56,235 INFO src.data.preprocessing: Catalog statistics: {'tau_unfiltered': 0.15339908988298961, 'tau_q025': 0.08114294020924717, 'tau_q05': 0.5134664350189269, 'tau_mean': 1.3070542199341526, 'tau_max': 25.18216435192153, 'tau_min': 0.0, 'time_max': 18770.72654999979, 'time_mean': 10030.9430649837, 'mag_completeness': 3.0, 'mag_mean': 3.456916005014626, 'mag_max': 8.0, 'mag_min': 3.0, 'b_value': 0.856738547623331, 'b_std': 0.0071499224812533796, 'b_n': 14358}
2026-05-19 11:52:56,257 INFO src.data.event_loader: lengths of samples: min=32, max=749, avg=124.26
2026-05-19 11:52:56,257 INFO src.data.event_loader: Number of positive samples: 471
2026-05-19 11:52:56,257 INFO src.data.event_loader: Number of negative samples: 1055
2026-05-19 11:52:56,280 INFO src.data.event_loader: Positive samples: 390, Negative samples: 830
2026-05-19 11:52:56,280 INFO src.data.event_loader: Total samples: 1220, Positive ratio: 0.32, Negative ratio: 0.68
2026-05-19 11:52:56,281 INFO src.data.event_loader: Positive samples: 62, Negative samples: 90
2026-05-19 11:52:56,281 INFO src.data.event_loader: Total samples: 152, Positive ratio: 0.41, Negative ratio: 0.59
2026-05-19 11:52:56,281 INFO src.data.event_loader: Positive samples: 19, Negative samples: 135
2026-05-19 11:52:56,281 INFO src.data.event_loader: Total samples: 154, Positive ratio: 0.12, Negative ratio: 0.88
2026-05-19 11:52:56,496 INFO src.cli.workflows: Loading checkpoint from: ./checkpoints/mixer_tpp_20260508-182744/last_model_1.pth
2026-05-19 11:52:56,977 INFO src.models.adapters.mixer_task: using time scale base 1.3070542199341526 (key: tau_mean)
2026-05-19 11:52:56,977 INFO src.models.adapters.mixer_task: tau mean: tensor(1.3071)
2026-05-19 11:52:56,984 INFO src.train.config_setup: Restoring model from checkpoint.
2026-05-19 11:52:56,984 INFO src.train.config_setup: Loading model weights: load_specific_parts=['encoder']
2026-05-19 11:52:56,985 INFO src.train.config_setup: Selective load summary: requested_parts=['encoder'], target_in_model=40, matched_in_checkpoint=30, loaded=30, missing_after_load=10, shape_mismatch=0, missing_in_model=0, out_of_scope_loaded=0
2026-05-19 11:52:56,985 INFO src.train.config_setup: Selective load coverage [encoder]: target=40, hit=30, missing=10, complete=False
2026-05-19 11:52:56,985 WARNING src.train.config_setup: Selective load coverage missing preview [encoder]: ['base_model.encoder.layers.2.mixer.in_proj.bias', 'base_model.encoder.layers.2.mixer.in_proj.weight', 'base_model.encoder.layers.2.mixer.out_proj.bias', 'base_model.encoder.layers.2.mixer.out_proj.weight', 'base_model.encoder.layers.2.mlp.fc1.weight', 'base_model.encoder.layers.2.mlp.fc2.weight', 'base_model.encoder.layers.2.norm.bias', 'base_model.encoder.layers.2.norm.weight'] ... (+2 more)
2026-05-19 11:52:56,985 WARNING src.train.config_setup: Checkpoint missing target parameter preview: ['base_model.encoder.layers.2.mixer.in_proj.bias', 'base_model.encoder.layers.2.mixer.in_proj.weight', 'base_model.encoder.layers.2.mixer.out_proj.bias', 'base_model.encoder.layers.2.mixer.out_proj.weight', 'base_model.encoder.layers.2.mlp.fc1.weight', 'base_model.encoder.layers.2.mlp.fc2.weight', 'base_model.encoder.layers.2.norm.bias', 'base_model.encoder.layers.2.norm.weight', 'base_model.encoder.layers.2.norm2.bias', 'base_model.encoder.layers.2.norm2.weight']
2026-05-19 11:52:56,985 WARNING src.train.config_setup: Target not-loaded parameter preview: ['base_model.encoder.layers.2.mixer.in_proj.bias', 'base_model.encoder.layers.2.mixer.in_proj.weight', 'base_model.encoder.layers.2.mixer.out_proj.bias', 'base_model.encoder.layers.2.mixer.out_proj.weight', 'base_model.encoder.layers.2.mlp.fc1.weight', 'base_model.encoder.layers.2.mlp.fc2.weight', 'base_model.encoder.layers.2.norm.bias', 'base_model.encoder.layers.2.norm.weight', 'base_model.encoder.layers.2.norm2.bias', 'base_model.encoder.layers.2.norm2.weight']
2026-05-19 11:52:56,985 INFO src.train.config_setup: Loaded parameter preview: ['base_model.encoder.layers.1.norm2.bias', 'base_model.encoder.input_proj.0.weight', 'base_model.encoder.layers.1.mixer.in_proj.weight', 'base_model.encoder.layers.0.mixer.D', 'base_model.encoder.layers.1.norm2.weight', 'base_model.encoder.layers.0.mixer.A_log', 'base_model.encoder.layers.0.norm2.weight', 'base_model.encoder.layers.1.mixer.out_proj.weight', 'base_model.encoder.layers.1.norm.weight', 'base_model.encoder.layers.1.mixer.norm.weight'] ... (+20 more)
2026-05-19 11:52:56,986 INFO src.train.config_setup: Checkpoint hyperparameters loaded.
2026-05-19 11:52:56,986 INFO src.train.config_setup: Checkpoint train metrics available.
2026-05-19 11:52:56,986 INFO src.train.config_setup: Checkpoint val metrics available.
2026-05-19 11:52:56,986 INFO src.train.config_setup: Freeze skipped (checkpoint_restore): freeze_parts is empty.
2026-05-19 11:52:56,987 INFO src.train.config_setup: Using classification criterion: focal
2026-05-19 11:52:56,987 INFO src.train.config_setup: Criterion config: {'alpha': 0.25, 'gamma': 2.0}
2026-05-19 11:52:56,988 INFO src.train.config_setup: Not resuming optimizer/scheduler state; reset training state to start_epoch=0, best_val_loss=inf.
2026-05-19 11:52:56,988 INFO src.train.trainer: Epoch 1
2026-05-19 11:53:10,539 INFO src.train.trainer: New best validation loss: 0.0658, saved to checkpoints/clf_mixer_attnpl_t_20260519-115254/best_model_1.pth
2026-05-19 11:53:10,546 INFO src.train.trainer: Last model at epoch 1 saved to checkpoints/clf_mixer_attnpl_t_20260519-115254/last_model_1.pth
2026-05-19 11:53:10,546 INFO src.train.trainer: Epoch 2
2026-05-19 11:53:13,658 INFO src.train.trainer: New best validation loss: 0.0651, saved to checkpoints/clf_mixer_attnpl_t_20260519-115254/best_model_1.pth
2026-05-19 11:53:13,668 INFO src.train.trainer: Last model at epoch 2 saved to checkpoints/clf_mixer_attnpl_t_20260519-115254/last_model_1.pth
2026-05-19 11:53:13,668 INFO src.train.trainer: Epoch 3
2026-05-19 11:53:16,113 INFO src.train.trainer: New best validation loss: 0.0614, saved to checkpoints/clf_mixer_attnpl_t_20260519-115254/best_model_1.pth
2026-05-19 11:53:16,121 INFO src.train.trainer: Last model at epoch 3 saved to checkpoints/clf_mixer_attnpl_t_20260519-115254/last_model_1.pth
2026-05-19 11:53:16,121 INFO src.train.trainer: Epoch 4
2026-05-19 11:53:19,062 INFO src.train.trainer: New best validation loss: 0.0604, saved to checkpoints/clf_mixer_attnpl_t_20260519-115254/best_model_1.pth
2026-05-19 11:53:19,070 INFO src.train.trainer: Last model at epoch 4 saved to checkpoints/clf_mixer_attnpl_t_20260519-115254/last_model_1.pth
2026-05-19 11:53:19,070 INFO src.train.trainer: Epoch 5
2026-05-19 11:53:22,081 INFO src.train.trainer: New best validation loss: 0.0567, saved to checkpoints/clf_mixer_attnpl_t_20260519-115254/best_model_1.pth
2026-05-19 11:53:22,090 INFO src.train.trainer: Last model at epoch 5 saved to checkpoints/clf_mixer_attnpl_t_20260519-115254/last_model_1.pth
2026-05-19 11:53:22,090 INFO src.train.trainer: Epoch 6
2026-05-19 11:53:25,099 INFO src.train.trainer: Last model at epoch 6 saved to checkpoints/clf_mixer_attnpl_t_20260519-115254/last_model_1.pth
2026-05-19 11:53:25,100 INFO src.train.trainer: Epoch 7
2026-05-19 11:53:27,502 INFO src.train.trainer: Last model at epoch 7 saved to checkpoints/clf_mixer_attnpl_t_20260519-115254/last_model_1.pth
2026-05-19 11:53:27,502 INFO src.train.trainer: Epoch 8
2026-05-19 11:53:30,039 INFO src.train.trainer: New best validation loss: 0.0561, saved to checkpoints/clf_mixer_attnpl_t_20260519-115254/best_model_1.pth
2026-05-19 11:53:30,048 INFO src.train.trainer: Last model at epoch 8 saved to checkpoints/clf_mixer_attnpl_t_20260519-115254/last_model_1.pth
2026-05-19 11:53:30,048 INFO src.train.trainer: Epoch 9
2026-05-19 11:53:32,374 INFO src.train.trainer: New best validation loss: 0.0545, saved to checkpoints/clf_mixer_attnpl_t_20260519-115254/best_model_1.pth
2026-05-19 11:53:32,384 INFO src.train.trainer: Last model at epoch 9 saved to checkpoints/clf_mixer_attnpl_t_20260519-115254/last_model_1.pth
2026-05-19 11:53:32,384 INFO src.train.trainer: Epoch 10
2026-05-19 11:53:34,796 INFO src.train.trainer: Last model at epoch 10 saved to checkpoints/clf_mixer_attnpl_t_20260519-115254/last_model_1.pth
2026-05-19 11:53:34,796 INFO src.train.trainer: Epoch 11
2026-05-19 11:53:37,402 INFO src.train.trainer: Last model at epoch 11 saved to checkpoints/clf_mixer_attnpl_t_20260519-115254/last_model_1.pth
2026-05-19 11:53:37,402 INFO src.train.trainer: Epoch 12
2026-05-19 11:53:39,997 INFO src.train.trainer: Last model at epoch 12 saved to checkpoints/clf_mixer_attnpl_t_20260519-115254/last_model_1.pth
2026-05-19 11:53:39,997 INFO src.train.trainer: Epoch 13
2026-05-19 11:53:42,341 INFO src.train.trainer: New best validation loss: 0.0521, saved to checkpoints/clf_mixer_attnpl_t_20260519-115254/best_model_1.pth
2026-05-19 11:53:42,349 INFO src.train.trainer: Last model at epoch 13 saved to checkpoints/clf_mixer_attnpl_t_20260519-115254/last_model_1.pth
2026-05-19 11:53:42,349 INFO src.train.trainer: Epoch 14
2026-05-19 11:53:45,127 INFO src.train.trainer: Last model at epoch 14 saved to checkpoints/clf_mixer_attnpl_t_20260519-115254/last_model_1.pth
2026-05-19 11:53:45,128 INFO src.train.trainer: Epoch 15
2026-05-19 11:53:48,080 INFO src.train.trainer: Last model at epoch 15 saved to checkpoints/clf_mixer_attnpl_t_20260519-115254/last_model_1.pth
2026-05-19 11:53:48,080 INFO src.train.trainer: Epoch 16
2026-05-19 11:53:50,927 INFO src.train.trainer: Last model at epoch 16 saved to checkpoints/clf_mixer_attnpl_t_20260519-115254/last_model_1.pth
2026-05-19 11:53:50,928 INFO src.train.trainer: Epoch 17
2026-05-19 11:53:53,716 INFO src.train.trainer: Last model at epoch 17 saved to checkpoints/clf_mixer_attnpl_t_20260519-115254/last_model_1.pth
2026-05-19 11:53:53,716 INFO src.train.trainer: Epoch 18
2026-05-19 11:53:56,637 INFO src.train.trainer: Last model at epoch 18 saved to checkpoints/clf_mixer_attnpl_t_20260519-115254/last_model_1.pth
2026-05-19 11:53:56,637 INFO src.train.trainer: Epoch 19
2026-05-19 11:53:59,419 INFO src.train.trainer: New best validation loss: 0.0434, saved to checkpoints/clf_mixer_attnpl_t_20260519-115254/best_model_1.pth
2026-05-19 11:53:59,428 INFO src.train.trainer: Last model at epoch 19 saved to checkpoints/clf_mixer_attnpl_t_20260519-115254/last_model_1.pth
2026-05-19 11:53:59,428 INFO src.train.trainer: Epoch 20
2026-05-19 11:54:02,197 INFO src.train.trainer: Last model at epoch 20 saved to checkpoints/clf_mixer_attnpl_t_20260519-115254/last_model_1.pth
2026-05-19 11:54:02,197 INFO src.train.trainer: Epoch 21
2026-05-19 11:54:05,028 INFO src.train.trainer: Last model at epoch 21 saved to checkpoints/clf_mixer_attnpl_t_20260519-115254/last_model_1.pth
2026-05-19 11:54:05,029 INFO src.train.trainer: Epoch 22
2026-05-19 11:54:07,800 INFO src.train.trainer: Last model at epoch 22 saved to checkpoints/clf_mixer_attnpl_t_20260519-115254/last_model_1.pth
2026-05-19 11:54:07,801 INFO src.train.trainer: Epoch 23
2026-05-19 11:54:10,550 INFO src.train.trainer: Last model at epoch 23 saved to checkpoints/clf_mixer_attnpl_t_20260519-115254/last_model_1.pth
2026-05-19 11:54:10,550 INFO src.train.trainer: Epoch 24
2026-05-19 11:54:13,277 INFO src.train.trainer: Last model at epoch 24 saved to checkpoints/clf_mixer_attnpl_t_20260519-115254/last_model_1.pth
2026-05-19 11:54:13,278 INFO src.train.trainer: Epoch 25
2026-05-19 11:54:16,025 INFO src.train.trainer: Last model at epoch 25 saved to checkpoints/clf_mixer_attnpl_t_20260519-115254/last_model_1.pth
2026-05-19 11:54:16,026 INFO src.train.trainer: Epoch 26
2026-05-19 11:54:18,701 INFO src.train.trainer: Last model at epoch 26 saved to checkpoints/clf_mixer_attnpl_t_20260519-115254/last_model_1.pth
2026-05-19 11:54:18,702 INFO src.train.trainer: Epoch 27
2026-05-19 11:54:21,368 INFO src.train.trainer: Last model at epoch 27 saved to checkpoints/clf_mixer_attnpl_t_20260519-115254/last_model_1.pth
2026-05-19 11:54:21,369 INFO src.train.trainer: Epoch 28
2026-05-19 11:54:24,001 INFO src.train.trainer: Last model at epoch 28 saved to checkpoints/clf_mixer_attnpl_t_20260519-115254/last_model_1.pth
2026-05-19 11:54:24,002 INFO src.train.trainer: Epoch 29
2026-05-19 11:54:26,679 INFO src.train.trainer: Last model at epoch 29 saved to checkpoints/clf_mixer_attnpl_t_20260519-115254/last_model_1.pth
2026-05-19 11:54:26,679 INFO src.train.trainer: Early stopping triggered at epoch 29 (best epoch: 19, best val loss: 0.043353)
2026-05-19 11:57:10,839 INFO src.data.preprocessing: CSV files found: ['chuandian_2021.csv']
2026-05-19 11:57:11,552 INFO src.utils.file_utils: Loading cached data from: data/ChuanDian/classifier/classifier_Mc_3_Mf_5.5_Tfore_90_Twindow_180_context_len_1_dt_10.pkl
2026-05-19 11:57:12,637 INFO src.data.preprocessing: Catalog statistics: {'tau_unfiltered': 0.15339908988298961, 'tau_q025': 0.08114294020924717, 'tau_q05': 0.5134664350189269, 'tau_mean': 1.3070542199341526, 'tau_max': 25.18216435192153, 'tau_min': 0.0, 'time_max': 18770.72654999979, 'time_mean': 10030.9430649837, 'mag_completeness': 3.0, 'mag_mean': 3.456916005014626, 'mag_max': 8.0, 'mag_min': 3.0, 'b_value': 0.856738547623331, 'b_std': 0.0071499224812533796, 'b_n': 14358}
2026-05-19 11:57:12,675 INFO src.data.event_loader: lengths of samples: min=32, max=749, avg=124.26
2026-05-19 11:57:12,675 INFO src.data.event_loader: Number of positive samples: 471
2026-05-19 11:57:12,676 INFO src.data.event_loader: Number of negative samples: 1055
2026-05-19 11:57:12,676 INFO src.data.event_loader: Positive samples: 390, Negative samples: 830
2026-05-19 11:57:12,676 INFO src.data.event_loader: Total samples: 1220, Positive ratio: 0.32, Negative ratio: 0.68
2026-05-19 11:57:12,677 INFO src.data.event_loader: Positive samples: 62, Negative samples: 90
2026-05-19 11:57:12,677 INFO src.data.event_loader: Total samples: 152, Positive ratio: 0.41, Negative ratio: 0.59
2026-05-19 11:57:12,677 INFO src.data.event_loader: Positive samples: 19, Negative samples: 135
2026-05-19 11:57:12,677 INFO src.data.event_loader: Total samples: 154, Positive ratio: 0.12, Negative ratio: 0.88
2026-05-19 11:57:13,178 INFO src.models.adapters.mixer_task: using time scale base 1.3070542199341526 (key: tau_mean)
2026-05-19 11:57:13,179 INFO src.models.adapters.mixer_task: tau mean: tensor(1.3071)
2026-05-19 11:57:13,183 INFO src.train.config_setup: Restoring model from checkpoint.
2026-05-19 11:57:13,184 INFO src.train.config_setup: Loading model weights: load_specific_parts=None
2026-05-19 11:57:13,185 INFO src.train.config_setup: Checkpoint loaded: <All keys matched successfully>
2026-05-19 11:57:13,186 INFO src.train.config_setup: Full load summary: loaded=56, missing=0, unexpected=0
2026-05-19 11:57:13,186 INFO src.train.config_setup: Checkpoint hyperparameters loaded.
2026-05-19 11:57:13,186 INFO src.train.config_setup: Checkpoint train metrics available.
2026-05-19 11:57:13,186 INFO src.train.config_setup: Checkpoint val metrics available.
2026-05-19 11:57:13,186 INFO src.train.config_setup: Freeze skipped (checkpoint_restore): freeze_parts is empty.
2026-05-19 11:57:13,187 INFO src.train.config_setup: Using classification criterion: focal
2026-05-19 11:57:13,187 INFO src.train.config_setup: Criterion config: {'alpha': 0.25, 'gamma': 2.0}
2026-05-19 11:57:13,188 INFO src.train.config_setup: Not resuming optimizer/scheduler state; reset training state to start_epoch=0, best_val_loss=inf.
2026-05-19 11:57:13,188 INFO src.cli.common: Using threshold 0.3753580152988434 from checkpoint val_metrics for testing.
2026-05-19 11:57:17,712 INFO src.utils.metrics: ROC curve saved to checkpoints/clf_mixer_attnpl_t_20260519-115254/roc_curve.png
2026-05-19 11:57:17,822 INFO src.utils.metrics: PR curve saved to checkpoints/clf_mixer_attnpl_t_20260519-115254/pr_curve.png
2026-05-19 11:57:17,885 INFO src.utils.metrics: Confusion matrix saved to checkpoints/clf_mixer_attnpl_t_20260519-115254/confusion_matrix.png
2026-05-19 11:57:17,886 INFO src.cli.workflows: Test loss: 0.09385770410299302
2026-05-19 11:57:18,600 INFO src.train.classifier_train_step: Prediction distribution plot has been saved to: checkpoints/clf_mixer_attnpl_t_20260519-115254/train_pred_distribution.png
2026-05-19 11:57:18,861 INFO src.train.classifier_train_step: Prediction distribution plot has been saved to: checkpoints/clf_mixer_attnpl_t_20260519-115254/val_pred_distribution.png
2026-05-19 11:57:19,108 INFO src.train.classifier_train_step: Prediction distribution plot has been saved to: checkpoints/clf_mixer_attnpl_t_20260519-115254/test_pred_distribution.png
2026-05-19 11:57:19,108 INFO src.cli.common: Saved test metrics to checkpoints/clf_mixer_attnpl_t_20260519-115254/metrics_test_best_1.json
2026-05-19 11:57:19,108 INFO src.cli.common: Metrics: {'precision': 0.10989010989010989, 'recall': 0.5263157894736842, 'f1': 0.18181818181818182, 'auc': 0.4978557504873294, 'pr_auc': 0.1478473140838209, 'fpr': 0.6, 'tpr': 0.5263157894736842, 'R': -0.0736842105263158, 'conf': 1.3494382678794683e-06, 'threshold': 0.3753580152988434}
