2026-05-09 16:45:31,735 INFO src.data.preprocessing: CSV files found: ['chuandian_2021.csv']
2026-05-09 16:45:32,463 INFO src.utils.file_utils: Loading cached data from: data/ChuanDian/regressor/regressor_Mc_3_Mf_3_Tfore_180_Twindow_360_context_len_1_dt_10.pkl
2026-05-09 16:45:34,709 INFO src.data.preprocessing: Catalog statistics: {'tau_unfiltered': 0.15339908988298961, 'tau_q025': 0.08114294020924717, 'tau_q05': 0.5134664350189269, 'tau_mean': 1.3070542199341526, 'tau_max': 25.18216435192153, 'tau_min': 0.0, 'time_max': 18770.72654999979, 'time_mean': 10030.9430649837, 'mag_completeness': 3.0, 'mag_mean': 3.456916005014626, 'mag_max': 8.0, 'mag_min': 3.0, 'b_value': 0.856738547623331, 'b_std': 0.0071499224812533796, 'b_n': 14358}
2026-05-09 16:45:34,754 INFO src.data.event_loader: lengths of samples: min=96, max=1340, avg=265.71
2026-05-09 16:45:34,755 INFO __main__: Loading checkpoint from: ./checkpoints/mixer_tpp_20260506-113707/last_model_1.pth
2026-05-09 16:45:35,817 INFO src.models.adapters.mixer_task: using time scale base 1.3070542199341526 (key: tau_mean)
2026-05-09 16:45:35,817 INFO src.models.adapters.mixer_task: tau mean: tensor(1.3071)
2026-05-09 16:45:35,822 INFO src.train.config_setup: Restoring model from checkpoint.
2026-05-09 16:45:35,823 INFO src.train.config_setup: Loading model weights: load_specific_parts=['encoder']
2026-05-09 16:45:35,824 INFO src.train.config_setup: Selective load summary: requested_parts=['encoder'], target_in_model=30, matched_in_checkpoint=30, loaded=30, missing_after_load=0, shape_mismatch=0, missing_in_model=0, out_of_scope_loaded=0
2026-05-09 16:45:35,824 INFO src.train.config_setup: Selective load coverage [encoder]: target=30, hit=30, missing=0, complete=True
2026-05-09 16:45:35,824 INFO src.train.config_setup: Loaded parameter preview: ['base_model.encoder.layers.1.norm.weight', 'base_model.encoder.layers.1.mixer.dt_bias', 'base_model.encoder.input_proj.3.weight', 'base_model.encoder.layers.1.mixer.norm.weight', 'base_model.encoder.layers.1.norm2.weight', 'base_model.encoder.layers.1.norm2.bias', 'base_model.encoder.layers.1.mixer.A_log', 'base_model.encoder.layers.1.mixer.D', 'base_model.encoder.layers.0.mlp.fc2.weight', 'base_model.encoder.layers.0.mixer.out_proj.weight'] ... (+20 more)
2026-05-09 16:45:35,825 INFO src.train.config_setup: Checkpoint hyperparameters loaded.
2026-05-09 16:45:35,825 INFO src.train.config_setup: Checkpoint train metrics available.
2026-05-09 16:45:35,825 INFO src.train.config_setup: Checkpoint val metrics available.
2026-05-09 16:45:35,825 INFO src.train.config_setup: Freeze summary (checkpoint_restore): mode=loaded_only, freeze_parts=['encoder'], exclude_freeze_parts=[], frozen=30
2026-05-09 16:45:35,825 INFO src.train.config_setup: Freeze scope (checkpoint_restore): loaded parameter count=30
2026-05-09 16:45:35,825 INFO src.train.config_setup: Frozen parameter preview (checkpoint_restore): ['base_model.encoder.input_proj.0.weight', 'base_model.encoder.input_proj.0.bias', 'base_model.encoder.input_proj.3.weight', 'base_model.encoder.input_proj.3.bias', 'base_model.encoder.layers.0.norm.weight', 'base_model.encoder.layers.0.norm.bias', 'base_model.encoder.layers.0.mixer.dt_bias', 'base_model.encoder.layers.0.mixer.A_log', 'base_model.encoder.layers.0.mixer.D', 'base_model.encoder.layers.0.mixer.in_proj.weight'] ... (+20 more)
2026-05-09 16:45:35,826 INFO src.train.config_setup: Using regression criterion: smooth_l1
2026-05-09 16:45:35,826 INFO src.train.config_setup: Criterion config: {'beta': 0.2}
2026-05-09 16:45:35,826 INFO src.train.config_setup: encoder_param_keywords: ['encoder']
2026-05-09 16:45:35,826 INFO src.train.config_setup: encoder_lr grouping summary: lr=0.0004, matched=0
2026-05-09 16:45:35,826 INFO src.train.config_setup: Encoder LR coverage [encoder]: target=0, hit=0, missing=0, complete=True
2026-05-09 16:45:35,827 INFO src.train.config_setup: Not resuming optimizer/scheduler state; reset training state to start_epoch=0, best_val_loss=inf.
2026-05-09 16:45:35,827 INFO src.train.trainer: Epoch 1
2026-05-09 16:45:42,124 INFO src.train.trainer: New best validation loss: 0.0400, saved to checkpoints/reg_mixer_attnpl_t_20260509-164531/best_model_1.pth
2026-05-09 16:45:42,130 INFO src.train.trainer: Last model at epoch 1 saved to checkpoints/reg_mixer_attnpl_t_20260509-164531/last_model_1.pth
2026-05-09 16:45:42,131 INFO src.train.trainer: Epoch 2
2026-05-09 16:45:43,681 INFO src.train.trainer: Last model at epoch 2 saved to checkpoints/reg_mixer_attnpl_t_20260509-164531/last_model_1.pth
2026-05-09 16:45:43,682 INFO src.train.trainer: Epoch 3
2026-05-09 16:45:45,111 INFO src.train.trainer: Last model at epoch 3 saved to checkpoints/reg_mixer_attnpl_t_20260509-164531/last_model_1.pth
2026-05-09 16:45:45,112 INFO src.train.trainer: Epoch 4
2026-05-09 16:45:46,845 INFO src.train.trainer: Last model at epoch 4 saved to checkpoints/reg_mixer_attnpl_t_20260509-164531/last_model_1.pth
2026-05-09 16:45:46,846 INFO src.train.trainer: Epoch 5
2026-05-09 16:45:48,514 INFO src.train.trainer: Last model at epoch 5 saved to checkpoints/reg_mixer_attnpl_t_20260509-164531/last_model_1.pth
2026-05-09 16:45:48,515 INFO src.train.trainer: Epoch 6
2026-05-09 16:45:50,284 INFO src.train.trainer: Last model at epoch 6 saved to checkpoints/reg_mixer_attnpl_t_20260509-164531/last_model_1.pth
2026-05-09 16:45:50,285 INFO src.train.trainer: Epoch 7
2026-05-09 16:45:51,894 INFO src.train.trainer: Last model at epoch 7 saved to checkpoints/reg_mixer_attnpl_t_20260509-164531/last_model_1.pth
2026-05-09 16:45:51,895 INFO src.train.trainer: Epoch 8
2026-05-09 16:45:53,542 INFO src.train.trainer: Last model at epoch 8 saved to checkpoints/reg_mixer_attnpl_t_20260509-164531/last_model_1.pth
2026-05-09 16:45:53,542 INFO src.train.trainer: Epoch 9
2026-05-09 16:45:55,189 INFO src.train.trainer: Last model at epoch 9 saved to checkpoints/reg_mixer_attnpl_t_20260509-164531/last_model_1.pth
2026-05-09 16:45:55,190 INFO src.train.trainer: Epoch 10
2026-05-09 16:45:56,856 INFO src.train.trainer: Last model at epoch 10 saved to checkpoints/reg_mixer_attnpl_t_20260509-164531/last_model_1.pth
2026-05-09 16:45:56,856 INFO src.train.trainer: Epoch 11
2026-05-09 16:45:58,418 INFO src.train.trainer: Last model at epoch 11 saved to checkpoints/reg_mixer_attnpl_t_20260509-164531/last_model_1.pth
2026-05-09 16:45:58,418 INFO src.train.trainer: Epoch 12
2026-05-09 16:45:59,998 INFO src.train.trainer: Last model at epoch 12 saved to checkpoints/reg_mixer_attnpl_t_20260509-164531/last_model_1.pth
2026-05-09 16:45:59,998 INFO src.train.trainer: Epoch 13
2026-05-09 16:46:01,673 INFO src.train.trainer: Last model at epoch 13 saved to checkpoints/reg_mixer_attnpl_t_20260509-164531/last_model_1.pth
2026-05-09 16:46:01,673 INFO src.train.trainer: Epoch 14
2026-05-09 16:46:03,185 INFO src.train.trainer: Last model at epoch 14 saved to checkpoints/reg_mixer_attnpl_t_20260509-164531/last_model_1.pth
2026-05-09 16:46:03,185 INFO src.train.trainer: Epoch 15
2026-05-09 16:46:04,819 INFO src.train.trainer: Last model at epoch 15 saved to checkpoints/reg_mixer_attnpl_t_20260509-164531/last_model_1.pth
2026-05-09 16:46:04,819 INFO src.train.trainer: Epoch 16
2026-05-09 16:46:06,509 INFO src.train.trainer: Last model at epoch 16 saved to checkpoints/reg_mixer_attnpl_t_20260509-164531/last_model_1.pth
2026-05-09 16:46:06,509 INFO src.train.trainer: Epoch 17
2026-05-09 16:46:08,083 INFO src.train.trainer: Last model at epoch 17 saved to checkpoints/reg_mixer_attnpl_t_20260509-164531/last_model_1.pth
2026-05-09 16:46:08,083 INFO src.train.trainer: Epoch 18
2026-05-09 16:46:09,789 INFO src.train.trainer: Last model at epoch 18 saved to checkpoints/reg_mixer_attnpl_t_20260509-164531/last_model_1.pth
2026-05-09 16:46:09,789 INFO src.train.trainer: Epoch 19
2026-05-09 16:46:11,436 INFO src.train.trainer: Last model at epoch 19 saved to checkpoints/reg_mixer_attnpl_t_20260509-164531/last_model_1.pth
2026-05-09 16:46:11,437 INFO src.train.trainer: Epoch 20
2026-05-09 16:46:12,994 INFO src.train.trainer: Last model at epoch 20 saved to checkpoints/reg_mixer_attnpl_t_20260509-164531/last_model_1.pth
2026-05-09 16:46:12,995 INFO src.train.trainer: Epoch 21
2026-05-09 16:46:14,846 INFO src.train.trainer: Last model at epoch 21 saved to checkpoints/reg_mixer_attnpl_t_20260509-164531/last_model_1.pth
2026-05-09 16:46:14,847 INFO src.train.trainer: Epoch 22
2026-05-09 16:46:16,578 INFO src.train.trainer: Last model at epoch 22 saved to checkpoints/reg_mixer_attnpl_t_20260509-164531/last_model_1.pth
2026-05-09 16:46:16,578 INFO src.train.trainer: Epoch 23
2026-05-09 16:46:18,155 INFO src.train.trainer: Last model at epoch 23 saved to checkpoints/reg_mixer_attnpl_t_20260509-164531/last_model_1.pth
2026-05-09 16:46:18,156 INFO src.train.trainer: Epoch 24
2026-05-09 16:46:19,612 INFO src.train.trainer: Last model at epoch 24 saved to checkpoints/reg_mixer_attnpl_t_20260509-164531/last_model_1.pth
2026-05-09 16:46:19,612 INFO src.train.trainer: Epoch 25
2026-05-09 16:46:21,108 INFO src.train.trainer: Last model at epoch 25 saved to checkpoints/reg_mixer_attnpl_t_20260509-164531/last_model_1.pth
2026-05-09 16:46:21,108 INFO src.train.trainer: Epoch 26
2026-05-09 16:46:22,680 INFO src.train.trainer: Last model at epoch 26 saved to checkpoints/reg_mixer_attnpl_t_20260509-164531/last_model_1.pth
2026-05-09 16:46:22,680 INFO src.train.trainer: Epoch 27
2026-05-09 16:46:24,250 INFO src.train.trainer: Last model at epoch 27 saved to checkpoints/reg_mixer_attnpl_t_20260509-164531/last_model_1.pth
2026-05-09 16:46:24,250 INFO src.train.trainer: Epoch 28
2026-05-09 16:46:25,846 INFO src.train.trainer: Last model at epoch 28 saved to checkpoints/reg_mixer_attnpl_t_20260509-164531/last_model_1.pth
2026-05-09 16:46:25,846 INFO src.train.trainer: Epoch 29
2026-05-09 16:46:27,357 INFO src.train.trainer: Last model at epoch 29 saved to checkpoints/reg_mixer_attnpl_t_20260509-164531/last_model_1.pth
2026-05-09 16:46:27,357 INFO src.train.trainer: Epoch 30
2026-05-09 16:46:28,958 INFO src.train.trainer: Last model at epoch 30 saved to checkpoints/reg_mixer_attnpl_t_20260509-164531/last_model_1.pth
2026-05-09 16:46:28,959 INFO src.train.trainer: Epoch 31
2026-05-09 16:46:30,706 INFO src.train.trainer: Last model at epoch 31 saved to checkpoints/reg_mixer_attnpl_t_20260509-164531/last_model_1.pth
2026-05-09 16:46:30,706 INFO src.train.trainer: Epoch 32
2026-05-09 16:46:32,287 INFO src.train.trainer: Last model at epoch 32 saved to checkpoints/reg_mixer_attnpl_t_20260509-164531/last_model_1.pth
2026-05-09 16:46:32,287 INFO src.train.trainer: Epoch 33
2026-05-09 16:46:33,807 INFO src.train.trainer: Last model at epoch 33 saved to checkpoints/reg_mixer_attnpl_t_20260509-164531/last_model_1.pth
2026-05-09 16:46:33,808 INFO src.train.trainer: Epoch 34
2026-05-09 16:46:35,431 INFO src.train.trainer: Last model at epoch 34 saved to checkpoints/reg_mixer_attnpl_t_20260509-164531/last_model_1.pth
2026-05-09 16:46:35,431 INFO src.train.trainer: Epoch 35
2026-05-09 16:46:37,071 INFO src.train.trainer: Last model at epoch 35 saved to checkpoints/reg_mixer_attnpl_t_20260509-164531/last_model_1.pth
2026-05-09 16:46:37,071 INFO src.train.trainer: Epoch 36
2026-05-09 16:46:38,485 INFO src.train.trainer: Last model at epoch 36 saved to checkpoints/reg_mixer_attnpl_t_20260509-164531/last_model_1.pth
2026-05-09 16:46:38,485 INFO src.train.trainer: Epoch 37
2026-05-09 16:46:39,971 INFO src.train.trainer: Last model at epoch 37 saved to checkpoints/reg_mixer_attnpl_t_20260509-164531/last_model_1.pth
2026-05-09 16:46:39,972 INFO src.train.trainer: Epoch 38
2026-05-09 16:46:41,647 INFO src.train.trainer: Last model at epoch 38 saved to checkpoints/reg_mixer_attnpl_t_20260509-164531/last_model_1.pth
2026-05-09 16:46:41,647 INFO src.train.trainer: Epoch 39
2026-05-09 16:46:43,182 INFO src.train.trainer: Last model at epoch 39 saved to checkpoints/reg_mixer_attnpl_t_20260509-164531/last_model_1.pth
2026-05-09 16:46:43,182 INFO src.train.trainer: Epoch 40
2026-05-09 16:46:44,688 INFO src.train.trainer: Last model at epoch 40 saved to checkpoints/reg_mixer_attnpl_t_20260509-164531/last_model_1.pth
2026-05-09 16:46:44,688 INFO src.train.trainer: Epoch 41
2026-05-09 16:46:46,510 INFO src.train.trainer: Last model at epoch 41 saved to checkpoints/reg_mixer_attnpl_t_20260509-164531/last_model_1.pth
2026-05-09 16:46:46,510 INFO src.train.trainer: Epoch 42
2026-05-09 16:46:48,107 INFO src.train.trainer: Last model at epoch 42 saved to checkpoints/reg_mixer_attnpl_t_20260509-164531/last_model_1.pth
2026-05-09 16:46:48,107 INFO src.train.trainer: Epoch 43
2026-05-09 16:46:49,675 INFO src.train.trainer: Last model at epoch 43 saved to checkpoints/reg_mixer_attnpl_t_20260509-164531/last_model_1.pth
2026-05-09 16:46:49,676 INFO src.train.trainer: Epoch 44
2026-05-09 16:46:51,197 INFO src.train.trainer: Last model at epoch 44 saved to checkpoints/reg_mixer_attnpl_t_20260509-164531/last_model_1.pth
2026-05-09 16:46:51,198 INFO src.train.trainer: Epoch 45
2026-05-09 16:46:52,765 INFO src.train.trainer: Last model at epoch 45 saved to checkpoints/reg_mixer_attnpl_t_20260509-164531/last_model_1.pth
2026-05-09 16:46:52,765 INFO src.train.trainer: Epoch 46
2026-05-09 16:46:54,315 INFO src.train.trainer: Last model at epoch 46 saved to checkpoints/reg_mixer_attnpl_t_20260509-164531/last_model_1.pth
2026-05-09 16:46:54,315 INFO src.train.trainer: Epoch 47
2026-05-09 16:46:55,857 INFO src.train.trainer: Last model at epoch 47 saved to checkpoints/reg_mixer_attnpl_t_20260509-164531/last_model_1.pth
2026-05-09 16:46:55,857 INFO src.train.trainer: Epoch 48
2026-05-09 16:46:57,424 INFO src.train.trainer: Last model at epoch 48 saved to checkpoints/reg_mixer_attnpl_t_20260509-164531/last_model_1.pth
2026-05-09 16:46:57,424 INFO src.train.trainer: Epoch 49
2026-05-09 16:46:58,941 INFO src.train.trainer: Last model at epoch 49 saved to checkpoints/reg_mixer_attnpl_t_20260509-164531/last_model_1.pth
2026-05-09 16:46:58,941 INFO src.train.trainer: Epoch 50
2026-05-09 16:47:00,534 INFO src.train.trainer: Last model at epoch 50 saved to checkpoints/reg_mixer_attnpl_t_20260509-164531/last_model_1.pth
2026-05-09 16:47:00,534 INFO src.train.trainer: Epoch 51
2026-05-09 16:47:02,022 INFO src.train.trainer: Last model at epoch 51 saved to checkpoints/reg_mixer_attnpl_t_20260509-164531/last_model_1.pth
2026-05-09 16:47:02,022 INFO src.train.trainer: Epoch 52
2026-05-09 16:47:03,550 INFO src.train.trainer: Last model at epoch 52 saved to checkpoints/reg_mixer_attnpl_t_20260509-164531/last_model_1.pth
2026-05-09 16:47:03,550 INFO src.train.trainer: Epoch 53
2026-05-09 16:47:05,095 INFO src.train.trainer: Last model at epoch 53 saved to checkpoints/reg_mixer_attnpl_t_20260509-164531/last_model_1.pth
2026-05-09 16:47:05,096 INFO src.train.trainer: Epoch 54
2026-05-09 16:47:06,763 INFO src.train.trainer: Last model at epoch 54 saved to checkpoints/reg_mixer_attnpl_t_20260509-164531/last_model_1.pth
2026-05-09 16:47:06,764 INFO src.train.trainer: Epoch 55
2026-05-09 16:47:08,320 INFO src.train.trainer: Last model at epoch 55 saved to checkpoints/reg_mixer_attnpl_t_20260509-164531/last_model_1.pth
2026-05-09 16:47:08,320 INFO src.train.trainer: Epoch 56
2026-05-09 16:47:09,865 INFO src.train.trainer: Last model at epoch 56 saved to checkpoints/reg_mixer_attnpl_t_20260509-164531/last_model_1.pth
2026-05-09 16:47:09,866 INFO src.train.trainer: Epoch 57
2026-05-09 16:47:11,407 INFO src.train.trainer: Last model at epoch 57 saved to checkpoints/reg_mixer_attnpl_t_20260509-164531/last_model_1.pth
2026-05-09 16:47:11,407 INFO src.train.trainer: Epoch 58
2026-05-09 16:47:13,097 INFO src.train.trainer: Last model at epoch 58 saved to checkpoints/reg_mixer_attnpl_t_20260509-164531/last_model_1.pth
2026-05-09 16:47:13,098 INFO src.train.trainer: Epoch 59
2026-05-09 16:47:14,920 INFO src.train.trainer: Last model at epoch 59 saved to checkpoints/reg_mixer_attnpl_t_20260509-164531/last_model_1.pth
2026-05-09 16:47:14,920 INFO src.train.trainer: Epoch 60
2026-05-09 16:47:16,512 INFO src.train.trainer: Last model at epoch 60 saved to checkpoints/reg_mixer_attnpl_t_20260509-164531/last_model_1.pth
2026-05-09 16:47:16,522 INFO src.train.trainer: Saved epoch 60 snapshot to checkpoints/reg_mixer_attnpl_t_20260509-164531/epoch_60_model_1.pth
2026-05-09 16:47:16,522 INFO src.train.trainer: Epoch 61
2026-05-09 16:47:18,209 INFO src.train.trainer: Last model at epoch 61 saved to checkpoints/reg_mixer_attnpl_t_20260509-164531/last_model_1.pth
2026-05-09 16:47:18,209 INFO src.train.trainer: Epoch 62
2026-05-09 16:47:19,877 INFO src.train.trainer: Last model at epoch 62 saved to checkpoints/reg_mixer_attnpl_t_20260509-164531/last_model_1.pth
2026-05-09 16:47:19,877 INFO src.train.trainer: Epoch 63
2026-05-09 16:47:21,531 INFO src.train.trainer: Last model at epoch 63 saved to checkpoints/reg_mixer_attnpl_t_20260509-164531/last_model_1.pth
2026-05-09 16:47:21,531 INFO src.train.trainer: Epoch 64
2026-05-09 16:47:23,073 INFO src.train.trainer: Last model at epoch 64 saved to checkpoints/reg_mixer_attnpl_t_20260509-164531/last_model_1.pth
2026-05-09 16:47:23,074 INFO src.train.trainer: Epoch 65
2026-05-09 16:47:24,541 INFO src.train.trainer: Last model at epoch 65 saved to checkpoints/reg_mixer_attnpl_t_20260509-164531/last_model_1.pth
2026-05-09 16:47:24,542 INFO src.train.trainer: Epoch 66
2026-05-09 16:47:26,144 INFO src.train.trainer: Last model at epoch 66 saved to checkpoints/reg_mixer_attnpl_t_20260509-164531/last_model_1.pth
2026-05-09 16:47:26,145 INFO src.train.trainer: Epoch 67
2026-05-09 16:47:27,676 INFO src.train.trainer: Last model at epoch 67 saved to checkpoints/reg_mixer_attnpl_t_20260509-164531/last_model_1.pth
2026-05-09 16:47:27,677 INFO src.train.trainer: Epoch 68
2026-05-09 16:47:29,179 INFO src.train.trainer: Last model at epoch 68 saved to checkpoints/reg_mixer_attnpl_t_20260509-164531/last_model_1.pth
2026-05-09 16:47:29,180 INFO src.train.trainer: Epoch 69
2026-05-09 16:47:30,694 INFO src.train.trainer: Last model at epoch 69 saved to checkpoints/reg_mixer_attnpl_t_20260509-164531/last_model_1.pth
2026-05-09 16:47:30,694 INFO src.train.trainer: Epoch 70
2026-05-09 16:47:32,372 INFO src.train.trainer: Last model at epoch 70 saved to checkpoints/reg_mixer_attnpl_t_20260509-164531/last_model_1.pth
2026-05-09 16:47:32,372 INFO src.train.trainer: Epoch 71
2026-05-09 16:47:33,944 INFO src.train.trainer: Last model at epoch 71 saved to checkpoints/reg_mixer_attnpl_t_20260509-164531/last_model_1.pth
2026-05-09 16:47:33,944 INFO src.train.trainer: Epoch 72
2026-05-09 16:47:35,618 INFO src.train.trainer: Last model at epoch 72 saved to checkpoints/reg_mixer_attnpl_t_20260509-164531/last_model_1.pth
2026-05-09 16:47:35,618 INFO src.train.trainer: Epoch 73
2026-05-09 16:47:37,166 INFO src.train.trainer: Last model at epoch 73 saved to checkpoints/reg_mixer_attnpl_t_20260509-164531/last_model_1.pth
2026-05-09 16:47:37,166 INFO src.train.trainer: Epoch 74
2026-05-09 16:47:38,691 INFO src.train.trainer: Last model at epoch 74 saved to checkpoints/reg_mixer_attnpl_t_20260509-164531/last_model_1.pth
2026-05-09 16:47:38,691 INFO src.train.trainer: Epoch 75
2026-05-09 16:47:40,353 INFO src.train.trainer: Last model at epoch 75 saved to checkpoints/reg_mixer_attnpl_t_20260509-164531/last_model_1.pth
2026-05-09 16:47:40,353 INFO src.train.trainer: Epoch 76
2026-05-09 16:47:41,969 INFO src.train.trainer: Last model at epoch 76 saved to checkpoints/reg_mixer_attnpl_t_20260509-164531/last_model_1.pth
2026-05-09 16:47:41,970 INFO src.train.trainer: Epoch 77
2026-05-09 16:47:43,644 INFO src.train.trainer: Last model at epoch 77 saved to checkpoints/reg_mixer_attnpl_t_20260509-164531/last_model_1.pth
2026-05-09 16:47:43,644 INFO src.train.trainer: Epoch 78
2026-05-09 16:47:45,286 INFO src.train.trainer: Last model at epoch 78 saved to checkpoints/reg_mixer_attnpl_t_20260509-164531/last_model_1.pth
2026-05-09 16:47:45,287 INFO src.train.trainer: Epoch 79
2026-05-09 16:47:46,923 INFO src.train.trainer: Last model at epoch 79 saved to checkpoints/reg_mixer_attnpl_t_20260509-164531/last_model_1.pth
2026-05-09 16:47:46,923 INFO src.train.trainer: Epoch 80
2026-05-09 16:47:48,416 INFO src.train.trainer: Last model at epoch 80 saved to checkpoints/reg_mixer_attnpl_t_20260509-164531/last_model_1.pth
2026-05-09 16:47:48,424 INFO src.train.trainer: Saved epoch 80 snapshot to checkpoints/reg_mixer_attnpl_t_20260509-164531/epoch_80_model_1.pth
2026-05-09 16:47:48,425 INFO src.train.trainer: Epoch 81
2026-05-09 16:47:49,962 INFO src.train.trainer: Last model at epoch 81 saved to checkpoints/reg_mixer_attnpl_t_20260509-164531/last_model_1.pth
2026-05-09 16:47:49,962 INFO src.train.trainer: Epoch 82
2026-05-09 16:47:51,672 INFO src.train.trainer: Last model at epoch 82 saved to checkpoints/reg_mixer_attnpl_t_20260509-164531/last_model_1.pth
2026-05-09 16:47:51,673 INFO src.train.trainer: Epoch 83
2026-05-09 16:47:53,323 INFO src.train.trainer: Last model at epoch 83 saved to checkpoints/reg_mixer_attnpl_t_20260509-164531/last_model_1.pth
2026-05-09 16:47:53,323 INFO src.train.trainer: Epoch 84
2026-05-09 16:47:54,913 INFO src.train.trainer: Last model at epoch 84 saved to checkpoints/reg_mixer_attnpl_t_20260509-164531/last_model_1.pth
2026-05-09 16:47:54,913 INFO src.train.trainer: Epoch 85
2026-05-09 16:47:56,646 INFO src.train.trainer: Last model at epoch 85 saved to checkpoints/reg_mixer_attnpl_t_20260509-164531/last_model_1.pth
2026-05-09 16:47:56,646 INFO src.train.trainer: Epoch 86
2026-05-09 16:47:58,198 INFO src.train.trainer: Last model at epoch 86 saved to checkpoints/reg_mixer_attnpl_t_20260509-164531/last_model_1.pth
2026-05-09 16:47:58,198 INFO src.train.trainer: Epoch 87
2026-05-09 16:47:59,746 INFO src.train.trainer: Last model at epoch 87 saved to checkpoints/reg_mixer_attnpl_t_20260509-164531/last_model_1.pth
2026-05-09 16:47:59,747 INFO src.train.trainer: Epoch 88
2026-05-09 16:48:01,268 INFO src.train.trainer: Last model at epoch 88 saved to checkpoints/reg_mixer_attnpl_t_20260509-164531/last_model_1.pth
2026-05-09 16:48:01,268 INFO src.train.trainer: Epoch 89
2026-05-09 16:48:02,801 INFO src.train.trainer: Last model at epoch 89 saved to checkpoints/reg_mixer_attnpl_t_20260509-164531/last_model_1.pth
2026-05-09 16:48:02,802 INFO src.train.trainer: Epoch 90
2026-05-09 16:48:04,328 INFO src.train.trainer: Last model at epoch 90 saved to checkpoints/reg_mixer_attnpl_t_20260509-164531/last_model_1.pth
2026-05-09 16:48:04,328 INFO src.train.trainer: Epoch 91
2026-05-09 16:48:05,848 INFO src.train.trainer: Last model at epoch 91 saved to checkpoints/reg_mixer_attnpl_t_20260509-164531/last_model_1.pth
2026-05-09 16:48:05,848 INFO src.train.trainer: Epoch 92
2026-05-09 16:48:07,426 INFO src.train.trainer: Last model at epoch 92 saved to checkpoints/reg_mixer_attnpl_t_20260509-164531/last_model_1.pth
2026-05-09 16:48:07,426 INFO src.train.trainer: Epoch 93
2026-05-09 16:48:09,105 INFO src.train.trainer: Last model at epoch 93 saved to checkpoints/reg_mixer_attnpl_t_20260509-164531/last_model_1.pth
2026-05-09 16:48:09,105 INFO src.train.trainer: Epoch 94
2026-05-09 16:48:10,744 INFO src.train.trainer: Last model at epoch 94 saved to checkpoints/reg_mixer_attnpl_t_20260509-164531/last_model_1.pth
2026-05-09 16:48:10,744 INFO src.train.trainer: Epoch 95
2026-05-09 16:48:12,306 INFO src.train.trainer: Last model at epoch 95 saved to checkpoints/reg_mixer_attnpl_t_20260509-164531/last_model_1.pth
2026-05-09 16:48:12,306 INFO src.train.trainer: Epoch 96
2026-05-09 16:48:13,984 INFO src.train.trainer: Last model at epoch 96 saved to checkpoints/reg_mixer_attnpl_t_20260509-164531/last_model_1.pth
2026-05-09 16:48:13,984 INFO src.train.trainer: Epoch 97
2026-05-09 16:48:15,631 INFO src.train.trainer: Last model at epoch 97 saved to checkpoints/reg_mixer_attnpl_t_20260509-164531/last_model_1.pth
2026-05-09 16:48:15,631 INFO src.train.trainer: Epoch 98
2026-05-09 16:48:17,166 INFO src.train.trainer: Last model at epoch 98 saved to checkpoints/reg_mixer_attnpl_t_20260509-164531/last_model_1.pth
2026-05-09 16:48:17,166 INFO src.train.trainer: Epoch 99
2026-05-09 16:48:18,684 INFO src.train.trainer: Last model at epoch 99 saved to checkpoints/reg_mixer_attnpl_t_20260509-164531/last_model_1.pth
2026-05-09 16:48:18,684 INFO src.train.trainer: Epoch 100
2026-05-09 16:48:20,313 INFO src.train.trainer: Last model at epoch 100 saved to checkpoints/reg_mixer_attnpl_t_20260509-164531/last_model_1.pth
2026-05-09 16:48:20,328 INFO src.train.trainer: Saved epoch 100 snapshot to checkpoints/reg_mixer_attnpl_t_20260509-164531/epoch_100_model_1.pth
2026-05-09 16:48:20,328 INFO src.train.trainer: Epoch 101
2026-05-09 16:48:21,981 INFO src.train.trainer: Last model at epoch 101 saved to checkpoints/reg_mixer_attnpl_t_20260509-164531/last_model_1.pth
2026-05-09 16:48:21,981 INFO src.train.trainer: Epoch 102
2026-05-09 16:48:23,523 INFO src.train.trainer: Last model at epoch 102 saved to checkpoints/reg_mixer_attnpl_t_20260509-164531/last_model_1.pth
2026-05-09 16:48:23,523 INFO src.train.trainer: Epoch 103
2026-05-09 16:48:24,987 INFO src.train.trainer: Last model at epoch 103 saved to checkpoints/reg_mixer_attnpl_t_20260509-164531/last_model_1.pth
2026-05-09 16:48:24,987 INFO src.train.trainer: Epoch 104
2026-05-09 16:48:26,712 INFO src.train.trainer: Last model at epoch 104 saved to checkpoints/reg_mixer_attnpl_t_20260509-164531/last_model_1.pth
2026-05-09 16:48:26,712 INFO src.train.trainer: Epoch 105
2026-05-09 16:48:28,339 INFO src.train.trainer: Last model at epoch 105 saved to checkpoints/reg_mixer_attnpl_t_20260509-164531/last_model_1.pth
2026-05-09 16:48:28,340 INFO src.train.trainer: Epoch 106
2026-05-09 16:48:29,998 INFO src.train.trainer: Last model at epoch 106 saved to checkpoints/reg_mixer_attnpl_t_20260509-164531/last_model_1.pth
2026-05-09 16:48:29,998 INFO src.train.trainer: Epoch 107
2026-05-09 16:48:31,740 INFO src.train.trainer: Last model at epoch 107 saved to checkpoints/reg_mixer_attnpl_t_20260509-164531/last_model_1.pth
2026-05-09 16:48:31,740 INFO src.train.trainer: Epoch 108
2026-05-09 16:48:33,222 INFO src.train.trainer: Last model at epoch 108 saved to checkpoints/reg_mixer_attnpl_t_20260509-164531/last_model_1.pth
2026-05-09 16:48:33,222 INFO src.train.trainer: Epoch 109
2026-05-09 16:48:34,719 INFO src.train.trainer: Last model at epoch 109 saved to checkpoints/reg_mixer_attnpl_t_20260509-164531/last_model_1.pth
2026-05-09 16:48:34,719 INFO src.train.trainer: Epoch 110
2026-05-09 16:48:36,392 INFO src.train.trainer: Last model at epoch 110 saved to checkpoints/reg_mixer_attnpl_t_20260509-164531/last_model_1.pth
2026-05-09 16:48:36,392 INFO src.train.trainer: Epoch 111
2026-05-09 16:48:38,044 INFO src.train.trainer: Last model at epoch 111 saved to checkpoints/reg_mixer_attnpl_t_20260509-164531/last_model_1.pth
2026-05-09 16:48:38,044 INFO src.train.trainer: Epoch 112
2026-05-09 16:48:39,659 INFO src.train.trainer: Last model at epoch 112 saved to checkpoints/reg_mixer_attnpl_t_20260509-164531/last_model_1.pth
2026-05-09 16:48:39,660 INFO src.train.trainer: Epoch 113
2026-05-09 16:48:41,248 INFO src.train.trainer: Last model at epoch 113 saved to checkpoints/reg_mixer_attnpl_t_20260509-164531/last_model_1.pth
2026-05-09 16:48:41,248 INFO src.train.trainer: Epoch 114
2026-05-09 16:48:42,932 INFO src.train.trainer: Last model at epoch 114 saved to checkpoints/reg_mixer_attnpl_t_20260509-164531/last_model_1.pth
2026-05-09 16:48:42,933 INFO src.train.trainer: Epoch 115
2026-05-09 16:48:44,576 INFO src.train.trainer: Last model at epoch 115 saved to checkpoints/reg_mixer_attnpl_t_20260509-164531/last_model_1.pth
2026-05-09 16:48:44,576 INFO src.train.trainer: Epoch 116
2026-05-09 16:48:46,193 INFO src.train.trainer: Last model at epoch 116 saved to checkpoints/reg_mixer_attnpl_t_20260509-164531/last_model_1.pth
2026-05-09 16:48:46,194 INFO src.train.trainer: Epoch 117
2026-05-09 16:48:47,845 INFO src.train.trainer: Last model at epoch 117 saved to checkpoints/reg_mixer_attnpl_t_20260509-164531/last_model_1.pth
2026-05-09 16:48:47,846 INFO src.train.trainer: Epoch 118
2026-05-09 16:48:49,514 INFO src.train.trainer: Last model at epoch 118 saved to checkpoints/reg_mixer_attnpl_t_20260509-164531/last_model_1.pth
2026-05-09 16:48:49,514 INFO src.train.trainer: Epoch 119
2026-05-09 16:48:50,999 INFO src.train.trainer: Last model at epoch 119 saved to checkpoints/reg_mixer_attnpl_t_20260509-164531/last_model_1.pth
2026-05-09 16:48:50,999 INFO src.train.trainer: Epoch 120
2026-05-09 16:48:52,593 INFO src.train.trainer: Last model at epoch 120 saved to checkpoints/reg_mixer_attnpl_t_20260509-164531/last_model_1.pth
2026-05-09 16:48:52,601 INFO src.train.trainer: Saved epoch 120 snapshot to checkpoints/reg_mixer_attnpl_t_20260509-164531/epoch_120_model_1.pth
2026-05-09 16:48:52,601 INFO src.train.trainer: Epoch 121
2026-05-09 16:48:54,099 INFO src.train.trainer: Last model at epoch 121 saved to checkpoints/reg_mixer_attnpl_t_20260509-164531/last_model_1.pth
2026-05-09 16:48:54,100 INFO src.train.trainer: Epoch 122
2026-05-09 16:48:55,718 INFO src.train.trainer: Last model at epoch 122 saved to checkpoints/reg_mixer_attnpl_t_20260509-164531/last_model_1.pth
2026-05-09 16:48:55,719 INFO src.train.trainer: Epoch 123
2026-05-09 16:48:57,355 INFO src.train.trainer: Last model at epoch 123 saved to checkpoints/reg_mixer_attnpl_t_20260509-164531/last_model_1.pth
2026-05-09 16:48:57,355 INFO src.train.trainer: Epoch 124
2026-05-09 16:48:58,971 INFO src.train.trainer: Last model at epoch 124 saved to checkpoints/reg_mixer_attnpl_t_20260509-164531/last_model_1.pth
2026-05-09 16:48:58,972 INFO src.train.trainer: Epoch 125
2026-05-09 16:49:00,679 INFO src.train.trainer: Last model at epoch 125 saved to checkpoints/reg_mixer_attnpl_t_20260509-164531/last_model_1.pth
2026-05-09 16:49:00,679 INFO src.train.trainer: Epoch 126
2026-05-09 16:49:02,198 INFO src.train.trainer: Last model at epoch 126 saved to checkpoints/reg_mixer_attnpl_t_20260509-164531/last_model_1.pth
2026-05-09 16:49:02,198 INFO src.train.trainer: Epoch 127
2026-05-09 16:49:03,890 INFO src.train.trainer: Last model at epoch 127 saved to checkpoints/reg_mixer_attnpl_t_20260509-164531/last_model_1.pth
2026-05-09 16:49:03,890 INFO src.train.trainer: Epoch 128
2026-05-09 16:49:05,535 INFO src.train.trainer: Last model at epoch 128 saved to checkpoints/reg_mixer_attnpl_t_20260509-164531/last_model_1.pth
2026-05-09 16:49:05,536 INFO src.train.trainer: Epoch 129
2026-05-09 16:49:07,041 INFO src.train.trainer: Last model at epoch 129 saved to checkpoints/reg_mixer_attnpl_t_20260509-164531/last_model_1.pth
2026-05-09 16:49:07,042 INFO src.train.trainer: Epoch 130
2026-05-09 16:49:08,633 INFO src.train.trainer: Last model at epoch 130 saved to checkpoints/reg_mixer_attnpl_t_20260509-164531/last_model_1.pth
2026-05-09 16:49:08,634 INFO src.train.trainer: Epoch 131
2026-05-09 16:49:10,426 INFO src.train.trainer: Last model at epoch 131 saved to checkpoints/reg_mixer_attnpl_t_20260509-164531/last_model_1.pth
2026-05-09 16:49:10,426 INFO src.train.trainer: Epoch 132
2026-05-09 16:49:11,880 INFO src.train.trainer: Last model at epoch 132 saved to checkpoints/reg_mixer_attnpl_t_20260509-164531/last_model_1.pth
2026-05-09 16:49:11,881 INFO src.train.trainer: Epoch 133
2026-05-09 16:49:13,991 INFO src.train.trainer: Last model at epoch 133 saved to checkpoints/reg_mixer_attnpl_t_20260509-164531/last_model_1.pth
2026-05-09 16:49:13,992 INFO src.train.trainer: Epoch 134
2026-05-09 16:49:15,823 INFO src.train.trainer: Last model at epoch 134 saved to checkpoints/reg_mixer_attnpl_t_20260509-164531/last_model_1.pth
2026-05-09 16:49:15,823 INFO src.train.trainer: Epoch 135
2026-05-09 16:49:17,676 INFO src.train.trainer: Last model at epoch 135 saved to checkpoints/reg_mixer_attnpl_t_20260509-164531/last_model_1.pth
2026-05-09 16:49:17,677 INFO src.train.trainer: Epoch 136
2026-05-09 16:49:19,236 INFO src.train.trainer: Last model at epoch 136 saved to checkpoints/reg_mixer_attnpl_t_20260509-164531/last_model_1.pth
2026-05-09 16:49:19,236 INFO src.train.trainer: Epoch 137
2026-05-09 16:49:21,292 INFO src.train.trainer: Last model at epoch 137 saved to checkpoints/reg_mixer_attnpl_t_20260509-164531/last_model_1.pth
2026-05-09 16:49:21,292 INFO src.train.trainer: Epoch 138
2026-05-09 16:49:23,295 INFO src.train.trainer: Last model at epoch 138 saved to checkpoints/reg_mixer_attnpl_t_20260509-164531/last_model_1.pth
2026-05-09 16:49:23,296 INFO src.train.trainer: Epoch 139
2026-05-09 16:49:25,447 INFO src.train.trainer: Last model at epoch 139 saved to checkpoints/reg_mixer_attnpl_t_20260509-164531/last_model_1.pth
2026-05-09 16:49:25,447 INFO src.train.trainer: Epoch 140
2026-05-09 16:49:27,218 INFO src.train.trainer: Last model at epoch 140 saved to checkpoints/reg_mixer_attnpl_t_20260509-164531/last_model_1.pth
2026-05-09 16:49:27,229 INFO src.train.trainer: Saved epoch 140 snapshot to checkpoints/reg_mixer_attnpl_t_20260509-164531/epoch_140_model_1.pth
2026-05-09 16:49:27,230 INFO src.train.trainer: Epoch 141
2026-05-09 16:49:28,972 INFO src.train.trainer: Last model at epoch 141 saved to checkpoints/reg_mixer_attnpl_t_20260509-164531/last_model_1.pth
2026-05-09 16:49:28,972 INFO src.train.trainer: Epoch 142
2026-05-09 16:49:30,686 INFO src.train.trainer: Last model at epoch 142 saved to checkpoints/reg_mixer_attnpl_t_20260509-164531/last_model_1.pth
2026-05-09 16:49:30,686 INFO src.train.trainer: Epoch 143
2026-05-09 16:49:32,266 INFO src.train.trainer: Last model at epoch 143 saved to checkpoints/reg_mixer_attnpl_t_20260509-164531/last_model_1.pth
2026-05-09 16:49:32,266 INFO src.train.trainer: Epoch 144
2026-05-09 16:49:33,860 INFO src.train.trainer: Last model at epoch 144 saved to checkpoints/reg_mixer_attnpl_t_20260509-164531/last_model_1.pth
2026-05-09 16:49:33,860 INFO src.train.trainer: Epoch 145
2026-05-09 16:49:35,484 INFO src.train.trainer: Last model at epoch 145 saved to checkpoints/reg_mixer_attnpl_t_20260509-164531/last_model_1.pth
2026-05-09 16:49:35,484 INFO src.train.trainer: Epoch 146
2026-05-09 16:49:37,243 INFO src.train.trainer: Last model at epoch 146 saved to checkpoints/reg_mixer_attnpl_t_20260509-164531/last_model_1.pth
2026-05-09 16:49:37,243 INFO src.train.trainer: Epoch 147
2026-05-09 16:49:38,733 INFO src.train.trainer: Last model at epoch 147 saved to checkpoints/reg_mixer_attnpl_t_20260509-164531/last_model_1.pth
2026-05-09 16:49:38,734 INFO src.train.trainer: Epoch 148
2026-05-09 16:49:40,345 INFO src.train.trainer: Last model at epoch 148 saved to checkpoints/reg_mixer_attnpl_t_20260509-164531/last_model_1.pth
2026-05-09 16:49:40,345 INFO src.train.trainer: Epoch 149
2026-05-09 16:49:42,603 INFO src.train.trainer: Last model at epoch 149 saved to checkpoints/reg_mixer_attnpl_t_20260509-164531/last_model_1.pth
2026-05-09 16:49:42,603 INFO src.train.trainer: Epoch 150
2026-05-09 16:49:44,542 INFO src.train.trainer: Last model at epoch 150 saved to checkpoints/reg_mixer_attnpl_t_20260509-164531/last_model_1.pth
2026-05-09 16:49:53,541 INFO src.data.preprocessing: CSV files found: ['chuandian_2021.csv']
2026-05-09 16:49:54,254 INFO src.utils.file_utils: Loading cached data from: data/ChuanDian/regressor/regressor_Mc_3_Mf_3_Tfore_180_Twindow_360_context_len_1_dt_10.pkl
2026-05-09 16:49:56,477 INFO src.data.preprocessing: Catalog statistics: {'tau_unfiltered': 0.15339908988298961, 'tau_q025': 0.08114294020924717, 'tau_q05': 0.5134664350189269, 'tau_mean': 1.3070542199341526, 'tau_max': 25.18216435192153, 'tau_min': 0.0, 'time_max': 18770.72654999979, 'time_mean': 10030.9430649837, 'mag_completeness': 3.0, 'mag_mean': 3.456916005014626, 'mag_max': 8.0, 'mag_min': 3.0, 'b_value': 0.856738547623331, 'b_std': 0.0071499224812533796, 'b_n': 14358}
2026-05-09 16:49:56,515 INFO src.data.event_loader: lengths of samples: min=96, max=1340, avg=265.71
2026-05-09 16:49:57,390 INFO src.models.adapters.mixer_task: using time scale base 1.3070542199341526 (key: tau_mean)
2026-05-09 16:49:57,390 INFO src.models.adapters.mixer_task: tau mean: tensor(1.3071)
2026-05-09 16:49:57,396 INFO src.train.config_setup: Restoring model from checkpoint.
2026-05-09 16:49:57,397 INFO src.train.config_setup: Loading model weights: load_specific_parts=None
2026-05-09 16:49:57,398 INFO src.train.config_setup: Checkpoint loaded: <All keys matched successfully>
2026-05-09 16:49:57,398 INFO src.train.config_setup: Full load summary: loaded=54, missing=0, unexpected=0
2026-05-09 16:49:57,399 INFO src.train.config_setup: Checkpoint hyperparameters loaded.
2026-05-09 16:49:57,399 INFO src.train.config_setup: Checkpoint train metrics available.
2026-05-09 16:49:57,399 INFO src.train.config_setup: Checkpoint val metrics available.
2026-05-09 16:49:57,399 INFO src.train.config_setup: Freeze summary (checkpoint_restore): mode=loaded_only, freeze_parts=['encoder'], exclude_freeze_parts=[], frozen=30
2026-05-09 16:49:57,399 INFO src.train.config_setup: Freeze scope (checkpoint_restore): loaded parameter count=54
2026-05-09 16:49:57,400 INFO src.train.config_setup: Frozen parameter preview (checkpoint_restore): ['base_model.encoder.input_proj.0.weight', 'base_model.encoder.input_proj.0.bias', 'base_model.encoder.input_proj.3.weight', 'base_model.encoder.input_proj.3.bias', 'base_model.encoder.layers.0.norm.weight', 'base_model.encoder.layers.0.norm.bias', 'base_model.encoder.layers.0.mixer.dt_bias', 'base_model.encoder.layers.0.mixer.A_log', 'base_model.encoder.layers.0.mixer.D', 'base_model.encoder.layers.0.mixer.in_proj.weight'] ... (+20 more)
2026-05-09 16:49:57,400 INFO src.train.config_setup: Using regression criterion: smooth_l1
2026-05-09 16:49:57,400 INFO src.train.config_setup: Criterion config: {'beta': 0.2}
2026-05-09 16:49:57,400 INFO src.train.config_setup: encoder_param_keywords: ['encoder']
2026-05-09 16:49:57,400 INFO src.train.config_setup: encoder_lr grouping summary: lr=0.0004, matched=0
2026-05-09 16:49:57,400 INFO src.train.config_setup: Encoder LR coverage [encoder]: target=0, hit=0, missing=0, complete=True
2026-05-09 16:49:57,401 INFO src.train.config_setup: Not resuming optimizer/scheduler state; reset training state to start_epoch=0, best_val_loss=inf.
2026-05-09 16:50:02,704 INFO __main__: Test loss: 0.04207842548688253
2026-05-09 16:50:04,477 INFO __main__: Saved test metrics to checkpoints/reg_mixer_attnpl_t_20260509-164531/metrics_test_best_1.json
2026-05-09 16:50:04,477 INFO __main__: Metrics: {'RMSE': 0.7784920947520659, 'MAE': 0.6838132274932549, 'MSE': 0.6060499415914595, 'MAPE': 14.790437537728426, 'R2': -0.811079517283229, 'PearsonR': 0.08645843618207819, 'PearsonR_diff': 0.04957820228210055, 'DA': 0.04945054945054945, 'SpearmanR': 0.16647134167298458, 'SpearmanR_diff': 0.05278553690221882, 'DTW': 118.55485537648201, 'DTW_normalized': 0.6478407397621968}
2026-05-09 18:15:53,733 INFO src.data.preprocessing: CSV files found: ['chuandian_2021.csv']
2026-05-09 18:15:54,438 INFO src.utils.file_utils: Loading cached data from: data/ChuanDian/regressor/regressor_Mc_3_Mf_3_Tfore_180_Twindow_360_context_len_1_dt_10.pkl
2026-05-09 18:15:56,671 INFO src.data.preprocessing: Catalog statistics: {'tau_unfiltered': 0.15339908988298961, 'tau_q025': 0.08114294020924717, 'tau_q05': 0.5134664350189269, 'tau_mean': 1.3070542199341526, 'tau_max': 25.18216435192153, 'tau_min': 0.0, 'time_max': 18770.72654999979, 'time_mean': 10030.9430649837, 'mag_completeness': 3.0, 'mag_mean': 3.456916005014626, 'mag_max': 8.0, 'mag_min': 3.0, 'b_value': 0.856738547623331, 'b_std': 0.0071499224812533796, 'b_n': 14358}
2026-05-09 18:15:56,710 INFO src.data.event_loader: lengths of samples: min=96, max=1340, avg=265.71
2026-05-09 18:15:57,534 INFO src.models.adapters.mixer_task: using time scale base 1.3070542199341526 (key: tau_mean)
2026-05-09 18:15:57,534 INFO src.models.adapters.mixer_task: tau mean: tensor(1.3071)
2026-05-09 18:15:57,539 INFO src.train.config_setup: Restoring model from checkpoint.
2026-05-09 18:15:57,539 INFO src.train.config_setup: Loading model weights: load_specific_parts=None
2026-05-09 18:15:57,541 INFO src.train.config_setup: Checkpoint loaded: <All keys matched successfully>
2026-05-09 18:15:57,541 INFO src.train.config_setup: Full load summary: loaded=54, missing=0, unexpected=0
2026-05-09 18:15:57,542 INFO src.train.config_setup: Checkpoint hyperparameters loaded.
2026-05-09 18:15:57,542 INFO src.train.config_setup: Checkpoint train metrics available.
2026-05-09 18:15:57,542 INFO src.train.config_setup: Checkpoint val metrics available.
2026-05-09 18:15:57,542 INFO src.train.config_setup: Freeze summary (checkpoint_restore): mode=loaded_only, freeze_parts=['encoder'], exclude_freeze_parts=[], frozen=30
2026-05-09 18:15:57,542 INFO src.train.config_setup: Freeze scope (checkpoint_restore): loaded parameter count=54
2026-05-09 18:15:57,542 INFO src.train.config_setup: Frozen parameter preview (checkpoint_restore): ['base_model.encoder.input_proj.0.weight', 'base_model.encoder.input_proj.0.bias', 'base_model.encoder.input_proj.3.weight', 'base_model.encoder.input_proj.3.bias', 'base_model.encoder.layers.0.norm.weight', 'base_model.encoder.layers.0.norm.bias', 'base_model.encoder.layers.0.mixer.dt_bias', 'base_model.encoder.layers.0.mixer.A_log', 'base_model.encoder.layers.0.mixer.D', 'base_model.encoder.layers.0.mixer.in_proj.weight'] ... (+20 more)
2026-05-09 18:15:57,542 INFO src.train.config_setup: Using regression criterion: smooth_l1
2026-05-09 18:15:57,542 INFO src.train.config_setup: Criterion config: {'beta': 0.2}
2026-05-09 18:15:57,543 INFO src.train.config_setup: encoder_param_keywords: ['encoder']
2026-05-09 18:15:57,543 INFO src.train.config_setup: encoder_lr grouping summary: lr=0.0004, matched=0
2026-05-09 18:15:57,543 INFO src.train.config_setup: Encoder LR coverage [encoder]: target=0, hit=0, missing=0, complete=True
2026-05-09 18:15:57,543 INFO src.train.config_setup: Not resuming optimizer/scheduler state; reset training state to start_epoch=0, best_val_loss=inf.
2026-05-09 18:16:02,313 INFO __main__: Test loss: 0.034769256909688316
2026-05-09 18:16:03,992 INFO __main__: Saved test metrics to checkpoints/reg_mixer_attnpl_t_20260509-164531/metrics_test_last_1.json
2026-05-09 18:16:03,992 INFO __main__: Metrics: {'RMSE': 0.7095759413586694, 'MAE': 0.6240708178184071, 'MSE': 0.5034980165550419, 'MAPE': 13.412775569876528, 'R2': -0.5046201347384449, 'PearsonR': -0.1803622232268792, 'PearsonR_diff': 0.04222097372340666, 'DA': 0.04395604395604396, 'SpearmanR': -0.24137812265682426, 'SpearmanR_diff': -0.05375355433028297, 'DTW': 117.59596422314644, 'DTW_normalized': 0.6426008973942429}
