2026-05-21 18:50:51,909 INFO src.data.preprocessing: CSV files found: ['chuandian_2021.csv']
2026-05-21 18:50:52,473 INFO src.utils.file_utils: Loading cached data from: data/ChuanDian/classifier/classifier_Mc_3_Mf_5.5_Tfore_90_Twindow_180_context_len_1_dt_10.pkl
2026-05-21 18:50:53,280 INFO src.data.preprocessing: Catalog statistics: {'tau_unfiltered': 0.15339908988298961, 'tau_q025': 0.08114294020924717, 'tau_q05': 0.5134664350189269, 'tau_mean': 1.3070542199341526, 'tau_max': 25.18216435192153, 'tau_min': 0.0, 'time_max': 18770.72654999979, 'time_mean': 10030.9430649837, 'mag_completeness': 3.0, 'mag_mean': 3.456916005014626, 'mag_max': 8.0, 'mag_min': 3.0, 'b_value': 0.856738547623331, 'b_std': 0.0071499224812533796, 'b_n': 14358}
2026-05-21 18:50:53,297 INFO src.data.event_loader: lengths of samples: min=32, max=749, avg=124.26
2026-05-21 18:50:53,298 INFO src.data.event_loader: Number of positive samples: 471
2026-05-21 18:50:53,298 INFO src.data.event_loader: Number of negative samples: 1055
2026-05-21 18:50:53,323 INFO src.data.event_loader: Positive samples: 390, Negative samples: 830
2026-05-21 18:50:53,323 INFO src.data.event_loader: Total samples: 1220, Positive ratio: 0.32, Negative ratio: 0.68
2026-05-21 18:50:53,324 INFO src.data.event_loader: Positive samples: 62, Negative samples: 90
2026-05-21 18:50:53,324 INFO src.data.event_loader: Total samples: 152, Positive ratio: 0.41, Negative ratio: 0.59
2026-05-21 18:50:53,324 INFO src.data.event_loader: Positive samples: 19, Negative samples: 135
2026-05-21 18:50:53,324 INFO src.data.event_loader: Total samples: 154, Positive ratio: 0.12, Negative ratio: 0.88
2026-05-21 18:50:53,392 INFO src.cli.workflows: Loading checkpoint from: ./checkpoints/mixer_tpp_20260514-211059/last_model_1.pth
2026-05-21 18:50:53,854 INFO src.models.adapters.mixer_task: using time scale base 1.3070542199341526 (key: tau_mean)
2026-05-21 18:50:53,854 INFO src.models.adapters.mixer_task: tau mean: tensor(1.3071)
2026-05-21 18:50:53,860 INFO src.train.config_setup: Restoring model from checkpoint.
2026-05-21 18:50:53,860 INFO src.train.config_setup: Loading model weights: load_specific_parts=['encoder']
2026-05-21 18:50:53,861 INFO src.train.config_setup: Selective load summary: requested_parts=['encoder'], target_in_model=40, matched_in_checkpoint=30, loaded=30, missing_after_load=10, shape_mismatch=0, missing_in_model=0, out_of_scope_loaded=0
2026-05-21 18:50:53,861 INFO src.train.config_setup: Selective load coverage [encoder]: target=40, hit=30, missing=10, complete=False
2026-05-21 18:50:53,861 WARNING src.train.config_setup: Selective load coverage missing preview [encoder]: ['base_model.encoder.layers.2.mixer.in_proj.bias', 'base_model.encoder.layers.2.mixer.in_proj.weight', 'base_model.encoder.layers.2.mixer.out_proj.bias', 'base_model.encoder.layers.2.mixer.out_proj.weight', 'base_model.encoder.layers.2.mlp.fc1.weight', 'base_model.encoder.layers.2.mlp.fc2.weight', 'base_model.encoder.layers.2.norm.bias', 'base_model.encoder.layers.2.norm.weight'] ... (+2 more)
2026-05-21 18:50:53,861 WARNING src.train.config_setup: Checkpoint missing target parameter preview: ['base_model.encoder.layers.2.mixer.in_proj.bias', 'base_model.encoder.layers.2.mixer.in_proj.weight', 'base_model.encoder.layers.2.mixer.out_proj.bias', 'base_model.encoder.layers.2.mixer.out_proj.weight', 'base_model.encoder.layers.2.mlp.fc1.weight', 'base_model.encoder.layers.2.mlp.fc2.weight', 'base_model.encoder.layers.2.norm.bias', 'base_model.encoder.layers.2.norm.weight', 'base_model.encoder.layers.2.norm2.bias', 'base_model.encoder.layers.2.norm2.weight']
2026-05-21 18:50:53,861 WARNING src.train.config_setup: Target not-loaded parameter preview: ['base_model.encoder.layers.2.mixer.in_proj.bias', 'base_model.encoder.layers.2.mixer.in_proj.weight', 'base_model.encoder.layers.2.mixer.out_proj.bias', 'base_model.encoder.layers.2.mixer.out_proj.weight', 'base_model.encoder.layers.2.mlp.fc1.weight', 'base_model.encoder.layers.2.mlp.fc2.weight', 'base_model.encoder.layers.2.norm.bias', 'base_model.encoder.layers.2.norm.weight', 'base_model.encoder.layers.2.norm2.bias', 'base_model.encoder.layers.2.norm2.weight']
2026-05-21 18:50:53,861 INFO src.train.config_setup: Loaded parameter preview: ['base_model.encoder.layers.1.mlp.fc2.weight', 'base_model.encoder.layers.1.mixer.dt_bias', 'base_model.encoder.layers.0.mixer.in_proj.weight', 'base_model.encoder.layers.0.mlp.fc1.weight', 'base_model.encoder.layers.0.mixer.A_log', 'base_model.encoder.layers.0.norm.weight', 'base_model.encoder.layers.1.mixer.D', 'base_model.encoder.norm_f.bias', 'base_model.encoder.layers.0.norm2.bias', 'base_model.encoder.layers.0.mixer.norm.weight'] ... (+20 more)
2026-05-21 18:50:53,863 INFO src.train.config_setup: Checkpoint hyperparameters loaded.
2026-05-21 18:50:53,863 INFO src.train.config_setup: Checkpoint train metrics available.
2026-05-21 18:50:53,863 INFO src.train.config_setup: Checkpoint val metrics available.
2026-05-21 18:50:53,863 INFO src.train.config_setup: Freeze skipped (checkpoint_restore): freeze_parts is empty.
2026-05-21 18:50:53,863 INFO src.train.config_setup: Using classification criterion: focal
2026-05-21 18:50:53,863 INFO src.train.config_setup: Criterion config: {'alpha': 0.75, 'gamma': 2.0}
2026-05-21 18:50:53,864 INFO src.train.config_setup: Not resuming optimizer/scheduler state; reset training state to start_epoch=0, best_val_loss=inf.
2026-05-21 18:50:53,864 INFO src.train.trainer: Epoch 1
2026-05-21 18:51:10,376 INFO src.train.trainer: New best validation loss: 0.1014, saved to /root/autodl-tmp/em_eqf/experiments/clf_pre_v2/clf_pre_SCEDC_v2/runs/tf_90_mf_5p5_seed_2/best_model_1.pth
2026-05-21 18:51:10,381 INFO src.train.trainer: Last model at epoch 1 saved to /root/autodl-tmp/em_eqf/experiments/clf_pre_v2/clf_pre_SCEDC_v2/runs/tf_90_mf_5p5_seed_2/last_model_1.pth
2026-05-21 18:51:10,381 INFO src.train.trainer: Epoch 2
2026-05-21 18:51:13,766 INFO src.train.trainer: New best validation loss: 0.0822, saved to /root/autodl-tmp/em_eqf/experiments/clf_pre_v2/clf_pre_SCEDC_v2/runs/tf_90_mf_5p5_seed_2/best_model_1.pth
2026-05-21 18:51:13,774 INFO src.train.trainer: Last model at epoch 2 saved to /root/autodl-tmp/em_eqf/experiments/clf_pre_v2/clf_pre_SCEDC_v2/runs/tf_90_mf_5p5_seed_2/last_model_1.pth
2026-05-21 18:51:13,774 INFO src.train.trainer: Epoch 3
2026-05-21 18:51:16,471 INFO src.train.trainer: New best validation loss: 0.0767, saved to /root/autodl-tmp/em_eqf/experiments/clf_pre_v2/clf_pre_SCEDC_v2/runs/tf_90_mf_5p5_seed_2/best_model_1.pth
2026-05-21 18:51:16,480 INFO src.train.trainer: Last model at epoch 3 saved to /root/autodl-tmp/em_eqf/experiments/clf_pre_v2/clf_pre_SCEDC_v2/runs/tf_90_mf_5p5_seed_2/last_model_1.pth
2026-05-21 18:51:16,480 INFO src.train.trainer: Epoch 4
2026-05-21 18:51:19,086 INFO src.train.trainer: New best validation loss: 0.0640, saved to /root/autodl-tmp/em_eqf/experiments/clf_pre_v2/clf_pre_SCEDC_v2/runs/tf_90_mf_5p5_seed_2/best_model_1.pth
2026-05-21 18:51:19,107 INFO src.train.trainer: Last model at epoch 4 saved to /root/autodl-tmp/em_eqf/experiments/clf_pre_v2/clf_pre_SCEDC_v2/runs/tf_90_mf_5p5_seed_2/last_model_1.pth
2026-05-21 18:51:19,107 INFO src.train.trainer: Epoch 5
2026-05-21 18:51:21,671 INFO src.train.trainer: Last model at epoch 5 saved to /root/autodl-tmp/em_eqf/experiments/clf_pre_v2/clf_pre_SCEDC_v2/runs/tf_90_mf_5p5_seed_2/last_model_1.pth
2026-05-21 18:51:21,671 INFO src.train.trainer: Epoch 6
2026-05-21 18:51:24,152 INFO src.train.trainer: Last model at epoch 6 saved to /root/autodl-tmp/em_eqf/experiments/clf_pre_v2/clf_pre_SCEDC_v2/runs/tf_90_mf_5p5_seed_2/last_model_1.pth
2026-05-21 18:51:24,153 INFO src.train.trainer: Epoch 7
2026-05-21 18:51:26,473 INFO src.train.trainer: Last model at epoch 7 saved to /root/autodl-tmp/em_eqf/experiments/clf_pre_v2/clf_pre_SCEDC_v2/runs/tf_90_mf_5p5_seed_2/last_model_1.pth
2026-05-21 18:51:26,474 INFO src.train.trainer: Epoch 8
2026-05-21 18:51:29,690 INFO src.train.trainer: Last model at epoch 8 saved to /root/autodl-tmp/em_eqf/experiments/clf_pre_v2/clf_pre_SCEDC_v2/runs/tf_90_mf_5p5_seed_2/last_model_1.pth
2026-05-21 18:51:29,691 INFO src.train.trainer: Epoch 9
2026-05-21 18:51:32,662 INFO src.train.trainer: Last model at epoch 9 saved to /root/autodl-tmp/em_eqf/experiments/clf_pre_v2/clf_pre_SCEDC_v2/runs/tf_90_mf_5p5_seed_2/last_model_1.pth
2026-05-21 18:51:32,663 INFO src.train.trainer: Epoch 10
2026-05-21 18:51:35,771 INFO src.train.trainer: Last model at epoch 10 saved to /root/autodl-tmp/em_eqf/experiments/clf_pre_v2/clf_pre_SCEDC_v2/runs/tf_90_mf_5p5_seed_2/last_model_1.pth
2026-05-21 18:51:35,771 INFO src.train.trainer: Epoch 11
2026-05-21 18:51:38,930 INFO src.train.trainer: Last model at epoch 11 saved to /root/autodl-tmp/em_eqf/experiments/clf_pre_v2/clf_pre_SCEDC_v2/runs/tf_90_mf_5p5_seed_2/last_model_1.pth
2026-05-21 18:51:38,930 INFO src.train.trainer: Epoch 12
2026-05-21 18:51:41,347 INFO src.train.trainer: Last model at epoch 12 saved to /root/autodl-tmp/em_eqf/experiments/clf_pre_v2/clf_pre_SCEDC_v2/runs/tf_90_mf_5p5_seed_2/last_model_1.pth
2026-05-21 18:51:41,347 INFO src.train.trainer: Epoch 13
2026-05-21 18:51:44,162 INFO src.train.trainer: Last model at epoch 13 saved to /root/autodl-tmp/em_eqf/experiments/clf_pre_v2/clf_pre_SCEDC_v2/runs/tf_90_mf_5p5_seed_2/last_model_1.pth
2026-05-21 18:51:44,162 INFO src.train.trainer: Epoch 14
2026-05-21 18:51:47,029 INFO src.train.trainer: New best validation loss: 0.0628, saved to /root/autodl-tmp/em_eqf/experiments/clf_pre_v2/clf_pre_SCEDC_v2/runs/tf_90_mf_5p5_seed_2/best_model_1.pth
2026-05-21 18:51:47,037 INFO src.train.trainer: Last model at epoch 14 saved to /root/autodl-tmp/em_eqf/experiments/clf_pre_v2/clf_pre_SCEDC_v2/runs/tf_90_mf_5p5_seed_2/last_model_1.pth
2026-05-21 18:51:47,038 INFO src.train.trainer: Epoch 15
2026-05-21 18:51:50,305 INFO src.train.trainer: Last model at epoch 15 saved to /root/autodl-tmp/em_eqf/experiments/clf_pre_v2/clf_pre_SCEDC_v2/runs/tf_90_mf_5p5_seed_2/last_model_1.pth
2026-05-21 18:51:50,305 INFO src.train.trainer: Epoch 16
2026-05-21 18:51:53,565 INFO src.train.trainer: Last model at epoch 16 saved to /root/autodl-tmp/em_eqf/experiments/clf_pre_v2/clf_pre_SCEDC_v2/runs/tf_90_mf_5p5_seed_2/last_model_1.pth
2026-05-21 18:51:53,565 INFO src.train.trainer: Epoch 17
2026-05-21 18:51:56,747 INFO src.train.trainer: Last model at epoch 17 saved to /root/autodl-tmp/em_eqf/experiments/clf_pre_v2/clf_pre_SCEDC_v2/runs/tf_90_mf_5p5_seed_2/last_model_1.pth
2026-05-21 18:51:56,747 INFO src.train.trainer: Epoch 18
2026-05-21 18:51:59,800 INFO src.train.trainer: Last model at epoch 18 saved to /root/autodl-tmp/em_eqf/experiments/clf_pre_v2/clf_pre_SCEDC_v2/runs/tf_90_mf_5p5_seed_2/last_model_1.pth
2026-05-21 18:51:59,801 INFO src.train.trainer: Epoch 19
2026-05-21 18:52:02,123 INFO src.train.trainer: Last model at epoch 19 saved to /root/autodl-tmp/em_eqf/experiments/clf_pre_v2/clf_pre_SCEDC_v2/runs/tf_90_mf_5p5_seed_2/last_model_1.pth
2026-05-21 18:52:02,124 INFO src.train.trainer: Epoch 20
2026-05-21 18:52:04,433 INFO src.train.trainer: Last model at epoch 20 saved to /root/autodl-tmp/em_eqf/experiments/clf_pre_v2/clf_pre_SCEDC_v2/runs/tf_90_mf_5p5_seed_2/last_model_1.pth
2026-05-21 18:52:04,433 INFO src.train.trainer: Epoch 21
2026-05-21 18:52:06,545 INFO src.train.trainer: Last model at epoch 21 saved to /root/autodl-tmp/em_eqf/experiments/clf_pre_v2/clf_pre_SCEDC_v2/runs/tf_90_mf_5p5_seed_2/last_model_1.pth
2026-05-21 18:52:06,545 INFO src.train.trainer: Epoch 22
2026-05-21 18:52:08,837 INFO src.train.trainer: Last model at epoch 22 saved to /root/autodl-tmp/em_eqf/experiments/clf_pre_v2/clf_pre_SCEDC_v2/runs/tf_90_mf_5p5_seed_2/last_model_1.pth
2026-05-21 18:52:08,837 INFO src.train.trainer: Epoch 23
2026-05-21 18:52:11,184 INFO src.train.trainer: Last model at epoch 23 saved to /root/autodl-tmp/em_eqf/experiments/clf_pre_v2/clf_pre_SCEDC_v2/runs/tf_90_mf_5p5_seed_2/last_model_1.pth
2026-05-21 18:52:11,185 INFO src.train.trainer: Epoch 24
2026-05-21 18:52:14,166 INFO src.train.trainer: Last model at epoch 24 saved to /root/autodl-tmp/em_eqf/experiments/clf_pre_v2/clf_pre_SCEDC_v2/runs/tf_90_mf_5p5_seed_2/last_model_1.pth
2026-05-21 18:52:14,166 INFO src.train.trainer: Early stopping triggered at epoch 24 (best epoch: 14, best val loss: 0.062752)
2026-05-21 18:52:22,776 INFO src.data.preprocessing: CSV files found: ['chuandian_2021.csv']
2026-05-21 18:52:23,306 INFO src.utils.file_utils: Loading cached data from: data/ChuanDian/classifier/classifier_Mc_3_Mf_5.5_Tfore_90_Twindow_180_context_len_1_dt_10.pkl
2026-05-21 18:52:24,111 INFO src.data.preprocessing: Catalog statistics: {'tau_unfiltered': 0.15339908988298961, 'tau_q025': 0.08114294020924717, 'tau_q05': 0.5134664350189269, 'tau_mean': 1.3070542199341526, 'tau_max': 25.18216435192153, 'tau_min': 0.0, 'time_max': 18770.72654999979, 'time_mean': 10030.9430649837, 'mag_completeness': 3.0, 'mag_mean': 3.456916005014626, 'mag_max': 8.0, 'mag_min': 3.0, 'b_value': 0.856738547623331, 'b_std': 0.0071499224812533796, 'b_n': 14358}
2026-05-21 18:52:24,128 INFO src.data.event_loader: lengths of samples: min=32, max=749, avg=124.26
2026-05-21 18:52:24,129 INFO src.data.event_loader: Number of positive samples: 471
2026-05-21 18:52:24,129 INFO src.data.event_loader: Number of negative samples: 1055
2026-05-21 18:52:24,130 INFO src.data.event_loader: Positive samples: 390, Negative samples: 830
2026-05-21 18:52:24,130 INFO src.data.event_loader: Total samples: 1220, Positive ratio: 0.32, Negative ratio: 0.68
2026-05-21 18:52:24,130 INFO src.data.event_loader: Positive samples: 62, Negative samples: 90
2026-05-21 18:52:24,130 INFO src.data.event_loader: Total samples: 152, Positive ratio: 0.41, Negative ratio: 0.59
2026-05-21 18:52:24,130 INFO src.data.event_loader: Positive samples: 19, Negative samples: 135
2026-05-21 18:52:24,130 INFO src.data.event_loader: Total samples: 154, Positive ratio: 0.12, Negative ratio: 0.88
2026-05-21 18:52:24,481 INFO src.models.adapters.mixer_task: using time scale base 1.3070542199341526 (key: tau_mean)
2026-05-21 18:52:24,481 INFO src.models.adapters.mixer_task: tau mean: tensor(1.3071)
2026-05-21 18:52:24,486 INFO src.train.config_setup: Restoring model from checkpoint.
2026-05-21 18:52:24,487 INFO src.train.config_setup: Loading model weights: load_specific_parts=None
2026-05-21 18:52:24,488 INFO src.train.config_setup: Checkpoint loaded: <All keys matched successfully>
2026-05-21 18:52:24,488 INFO src.train.config_setup: Full load summary: loaded=56, missing=0, unexpected=0
2026-05-21 18:52:24,489 INFO src.train.config_setup: Checkpoint hyperparameters loaded.
2026-05-21 18:52:24,489 INFO src.train.config_setup: Checkpoint train metrics available.
2026-05-21 18:52:24,489 INFO src.train.config_setup: Checkpoint val metrics available.
2026-05-21 18:52:24,489 INFO src.train.config_setup: Freeze skipped (checkpoint_restore): freeze_parts is empty.
2026-05-21 18:52:24,489 INFO src.train.config_setup: Using classification criterion: focal
2026-05-21 18:52:24,489 INFO src.train.config_setup: Criterion config: {'alpha': 0.75, 'gamma': 2.0}
2026-05-21 18:52:24,490 INFO src.train.config_setup: Not resuming optimizer/scheduler state; reset training state to start_epoch=0, best_val_loss=inf.
2026-05-21 18:52:24,490 INFO src.cli.common: Using threshold 0.4986841678619385 from checkpoint val_metrics for testing.
2026-05-21 18:52:29,213 INFO src.utils.metrics: ROC curve saved to /root/autodl-tmp/em_eqf/experiments/clf_pre_v2/clf_pre_SCEDC_v2/runs/tf_90_mf_5p5_seed_2/roc_curve.png
2026-05-21 18:52:29,320 INFO src.utils.metrics: PR curve saved to /root/autodl-tmp/em_eqf/experiments/clf_pre_v2/clf_pre_SCEDC_v2/runs/tf_90_mf_5p5_seed_2/pr_curve.png
2026-05-21 18:52:29,386 INFO src.utils.metrics: Confusion matrix saved to /root/autodl-tmp/em_eqf/experiments/clf_pre_v2/clf_pre_SCEDC_v2/runs/tf_90_mf_5p5_seed_2/confusion_matrix.png
2026-05-21 18:52:29,386 INFO src.cli.workflows: Test loss: 0.05270653093854586
2026-05-21 18:52:30,112 INFO src.train.classifier_train_step: Prediction distribution plot has been saved to: /root/autodl-tmp/em_eqf/experiments/clf_pre_v2/clf_pre_SCEDC_v2/runs/tf_90_mf_5p5_seed_2/train_pred_distribution.png
2026-05-21 18:52:30,396 INFO src.train.classifier_train_step: Prediction distribution plot has been saved to: /root/autodl-tmp/em_eqf/experiments/clf_pre_v2/clf_pre_SCEDC_v2/runs/tf_90_mf_5p5_seed_2/val_pred_distribution.png
2026-05-21 18:52:30,713 INFO src.train.classifier_train_step: Prediction distribution plot has been saved to: /root/autodl-tmp/em_eqf/experiments/clf_pre_v2/clf_pre_SCEDC_v2/runs/tf_90_mf_5p5_seed_2/test_pred_distribution.png
2026-05-21 18:52:30,714 INFO src.cli.common: Saved test metrics to /root/autodl-tmp/em_eqf/experiments/clf_pre_v2/clf_pre_SCEDC_v2/runs/tf_90_mf_5p5_seed_2/metrics_test_best_1.json
2026-05-21 18:52:30,714 INFO src.cli.common: Metrics: {'precision': 0.19444444444444445, 'recall': 0.7368421052631579, 'f1': 0.3076923076923077, 'auc': 0.7426900584795322, 'pr_auc': 0.2929438627660196, 'fpr': 0.42962962962962964, 'tpr': 0.7368421052631579, 'R': 0.3072124756335282, 'conf': 0.9999588176760944, 'threshold': 0.4986841678619385}
