2026-05-21 15:58:31,493 INFO src.data.preprocessing: CSV files found: ['chuandian_2021.csv']
2026-05-21 15:58:32,001 INFO src.utils.file_utils: Loading cached data from: data/ChuanDian/classifier/classifier_Mc_3_Mf_4.0_Tfore_10_Twindow_180_context_len_1_dt_10.pkl
2026-05-21 15:58:32,246 INFO src.data.preprocessing: Catalog statistics: {'tau_unfiltered': 0.15339908988298961, 'tau_q025': 0.08114294020924717, 'tau_q05': 0.5134664350189269, 'tau_mean': 1.3070542199341526, 'tau_max': 25.18216435192153, 'tau_min': 0.0, 'time_max': 18770.72654999979, 'time_mean': 10030.9430649837, 'mag_completeness': 3.0, 'mag_mean': 3.456916005014626, 'mag_max': 8.0, 'mag_min': 3.0, 'b_value': 0.856738547623331, 'b_std': 0.0071499224812533796, 'b_n': 14358}
2026-05-21 15:58:32,263 INFO src.data.event_loader: lengths of samples: min=32, max=981, avg=135.51
2026-05-21 15:58:32,263 INFO src.data.event_loader: Number of positive samples: 780
2026-05-21 15:58:32,264 INFO src.data.event_loader: Number of negative samples: 683
2026-05-21 15:58:32,268 INFO src.data.event_loader: Positive samples: 594, Negative samples: 576
2026-05-21 15:58:32,268 INFO src.data.event_loader: Total samples: 1170, Positive ratio: 0.51, Negative ratio: 0.49
2026-05-21 15:58:32,269 INFO src.data.event_loader: Positive samples: 107, Negative samples: 39
2026-05-21 15:58:32,269 INFO src.data.event_loader: Total samples: 146, Positive ratio: 0.73, Negative ratio: 0.27
2026-05-21 15:58:32,269 INFO src.data.event_loader: Positive samples: 79, Negative samples: 68
2026-05-21 15:58:32,269 INFO src.data.event_loader: Total samples: 147, Positive ratio: 0.54, Negative ratio: 0.46
2026-05-21 15:58:32,302 INFO src.cli.workflows: Loading checkpoint from: ./checkpoints/mixer_tpp_20260508-182744/last_model_1.pth
2026-05-21 15:58:32,717 INFO src.models.adapters.mixer_task: using time scale base 1.3070542199341526 (key: tau_mean)
2026-05-21 15:58:32,718 INFO src.models.adapters.mixer_task: tau mean: tensor(1.3071)
2026-05-21 15:58:32,723 INFO src.train.config_setup: Restoring model from checkpoint.
2026-05-21 15:58:32,723 INFO src.train.config_setup: Loading model weights: load_specific_parts=['encoder']
2026-05-21 15:58:32,724 INFO src.train.config_setup: Selective load summary: requested_parts=['encoder'], target_in_model=40, matched_in_checkpoint=30, loaded=30, missing_after_load=10, shape_mismatch=0, missing_in_model=0, out_of_scope_loaded=0
2026-05-21 15:58:32,724 INFO src.train.config_setup: Selective load coverage [encoder]: target=40, hit=30, missing=10, complete=False
2026-05-21 15:58:32,724 WARNING src.train.config_setup: Selective load coverage missing preview [encoder]: ['base_model.encoder.layers.2.mixer.in_proj.bias', 'base_model.encoder.layers.2.mixer.in_proj.weight', 'base_model.encoder.layers.2.mixer.out_proj.bias', 'base_model.encoder.layers.2.mixer.out_proj.weight', 'base_model.encoder.layers.2.mlp.fc1.weight', 'base_model.encoder.layers.2.mlp.fc2.weight', 'base_model.encoder.layers.2.norm.bias', 'base_model.encoder.layers.2.norm.weight'] ... (+2 more)
2026-05-21 15:58:32,724 WARNING src.train.config_setup: Checkpoint missing target parameter preview: ['base_model.encoder.layers.2.mixer.in_proj.bias', 'base_model.encoder.layers.2.mixer.in_proj.weight', 'base_model.encoder.layers.2.mixer.out_proj.bias', 'base_model.encoder.layers.2.mixer.out_proj.weight', 'base_model.encoder.layers.2.mlp.fc1.weight', 'base_model.encoder.layers.2.mlp.fc2.weight', 'base_model.encoder.layers.2.norm.bias', 'base_model.encoder.layers.2.norm.weight', 'base_model.encoder.layers.2.norm2.bias', 'base_model.encoder.layers.2.norm2.weight']
2026-05-21 15:58:32,724 WARNING src.train.config_setup: Target not-loaded parameter preview: ['base_model.encoder.layers.2.mixer.in_proj.bias', 'base_model.encoder.layers.2.mixer.in_proj.weight', 'base_model.encoder.layers.2.mixer.out_proj.bias', 'base_model.encoder.layers.2.mixer.out_proj.weight', 'base_model.encoder.layers.2.mlp.fc1.weight', 'base_model.encoder.layers.2.mlp.fc2.weight', 'base_model.encoder.layers.2.norm.bias', 'base_model.encoder.layers.2.norm.weight', 'base_model.encoder.layers.2.norm2.bias', 'base_model.encoder.layers.2.norm2.weight']
2026-05-21 15:58:32,724 INFO src.train.config_setup: Loaded parameter preview: ['base_model.encoder.layers.0.mixer.in_proj.weight', 'base_model.encoder.layers.1.mixer.A_log', 'base_model.encoder.layers.1.mixer.dt_bias', 'base_model.encoder.layers.0.mixer.D', 'base_model.encoder.layers.1.mixer.out_proj.weight', 'base_model.encoder.input_proj.3.bias', 'base_model.encoder.layers.0.mixer.dt_bias', 'base_model.encoder.norm_f.weight', 'base_model.encoder.layers.1.norm.bias', 'base_model.encoder.layers.0.norm.weight'] ... (+20 more)
2026-05-21 15:58:32,726 INFO src.train.config_setup: Checkpoint hyperparameters loaded.
2026-05-21 15:58:32,726 INFO src.train.config_setup: Checkpoint train metrics available.
2026-05-21 15:58:32,726 INFO src.train.config_setup: Checkpoint val metrics available.
2026-05-21 15:58:32,726 INFO src.train.config_setup: Freeze skipped (checkpoint_restore): freeze_parts is empty.
2026-05-21 15:58:32,726 INFO src.train.config_setup: Using classification criterion: focal
2026-05-21 15:58:32,726 INFO src.train.config_setup: Criterion config: {'alpha': 0.5, 'gamma': 2.0}
2026-05-21 15:58:32,727 INFO src.train.config_setup: Not resuming optimizer/scheduler state; reset training state to start_epoch=0, best_val_loss=inf.
2026-05-21 15:58:32,727 INFO src.train.trainer: Epoch 1
2026-05-21 15:58:52,335 INFO src.train.trainer: New best validation loss: 0.1195, saved to /root/autodl-tmp/em_eqf/experiments/clf_pre_v1/clf_pre_AZDX_v1/runs/tf_10_mf_4p0_seed_5/best_model_1.pth
2026-05-21 15:58:52,340 INFO src.train.trainer: Last model at epoch 1 saved to /root/autodl-tmp/em_eqf/experiments/clf_pre_v1/clf_pre_AZDX_v1/runs/tf_10_mf_4p0_seed_5/last_model_1.pth
2026-05-21 15:58:52,340 INFO src.train.trainer: Epoch 2
2026-05-21 15:58:56,023 INFO src.train.trainer: New best validation loss: 0.0861, saved to /root/autodl-tmp/em_eqf/experiments/clf_pre_v1/clf_pre_AZDX_v1/runs/tf_10_mf_4p0_seed_5/best_model_1.pth
2026-05-21 15:58:56,030 INFO src.train.trainer: Last model at epoch 2 saved to /root/autodl-tmp/em_eqf/experiments/clf_pre_v1/clf_pre_AZDX_v1/runs/tf_10_mf_4p0_seed_5/last_model_1.pth
2026-05-21 15:58:56,030 INFO src.train.trainer: Epoch 3
2026-05-21 15:58:59,451 INFO src.train.trainer: New best validation loss: 0.0837, saved to /root/autodl-tmp/em_eqf/experiments/clf_pre_v1/clf_pre_AZDX_v1/runs/tf_10_mf_4p0_seed_5/best_model_1.pth
2026-05-21 15:58:59,458 INFO src.train.trainer: Last model at epoch 3 saved to /root/autodl-tmp/em_eqf/experiments/clf_pre_v1/clf_pre_AZDX_v1/runs/tf_10_mf_4p0_seed_5/last_model_1.pth
2026-05-21 15:58:59,458 INFO src.train.trainer: Epoch 4
2026-05-21 15:59:02,450 INFO src.train.trainer: Last model at epoch 4 saved to /root/autodl-tmp/em_eqf/experiments/clf_pre_v1/clf_pre_AZDX_v1/runs/tf_10_mf_4p0_seed_5/last_model_1.pth
2026-05-21 15:59:02,451 INFO src.train.trainer: Epoch 5
2026-05-21 15:59:06,044 INFO src.train.trainer: Last model at epoch 5 saved to /root/autodl-tmp/em_eqf/experiments/clf_pre_v1/clf_pre_AZDX_v1/runs/tf_10_mf_4p0_seed_5/last_model_1.pth
2026-05-21 15:59:06,044 INFO src.train.trainer: Epoch 6
2026-05-21 15:59:09,783 INFO src.train.trainer: New best validation loss: 0.0758, saved to /root/autodl-tmp/em_eqf/experiments/clf_pre_v1/clf_pre_AZDX_v1/runs/tf_10_mf_4p0_seed_5/best_model_1.pth
2026-05-21 15:59:09,790 INFO src.train.trainer: Last model at epoch 6 saved to /root/autodl-tmp/em_eqf/experiments/clf_pre_v1/clf_pre_AZDX_v1/runs/tf_10_mf_4p0_seed_5/last_model_1.pth
2026-05-21 15:59:09,790 INFO src.train.trainer: Epoch 7
2026-05-21 15:59:13,569 INFO src.train.trainer: Last model at epoch 7 saved to /root/autodl-tmp/em_eqf/experiments/clf_pre_v1/clf_pre_AZDX_v1/runs/tf_10_mf_4p0_seed_5/last_model_1.pth
2026-05-21 15:59:13,569 INFO src.train.trainer: Epoch 8
2026-05-21 15:59:17,481 INFO src.train.trainer: Last model at epoch 8 saved to /root/autodl-tmp/em_eqf/experiments/clf_pre_v1/clf_pre_AZDX_v1/runs/tf_10_mf_4p0_seed_5/last_model_1.pth
2026-05-21 15:59:17,481 INFO src.train.trainer: Epoch 9
2026-05-21 15:59:20,926 INFO src.train.trainer: Last model at epoch 9 saved to /root/autodl-tmp/em_eqf/experiments/clf_pre_v1/clf_pre_AZDX_v1/runs/tf_10_mf_4p0_seed_5/last_model_1.pth
2026-05-21 15:59:20,926 INFO src.train.trainer: Epoch 10
2026-05-21 15:59:24,273 INFO src.train.trainer: Last model at epoch 10 saved to /root/autodl-tmp/em_eqf/experiments/clf_pre_v1/clf_pre_AZDX_v1/runs/tf_10_mf_4p0_seed_5/last_model_1.pth
2026-05-21 15:59:24,273 INFO src.train.trainer: Epoch 11
2026-05-21 15:59:27,932 INFO src.train.trainer: Last model at epoch 11 saved to /root/autodl-tmp/em_eqf/experiments/clf_pre_v1/clf_pre_AZDX_v1/runs/tf_10_mf_4p0_seed_5/last_model_1.pth
2026-05-21 15:59:27,933 INFO src.train.trainer: Epoch 12
2026-05-21 15:59:31,446 INFO src.train.trainer: Last model at epoch 12 saved to /root/autodl-tmp/em_eqf/experiments/clf_pre_v1/clf_pre_AZDX_v1/runs/tf_10_mf_4p0_seed_5/last_model_1.pth
2026-05-21 15:59:31,446 INFO src.train.trainer: Epoch 13
2026-05-21 15:59:34,931 INFO src.train.trainer: Last model at epoch 13 saved to /root/autodl-tmp/em_eqf/experiments/clf_pre_v1/clf_pre_AZDX_v1/runs/tf_10_mf_4p0_seed_5/last_model_1.pth
2026-05-21 15:59:34,931 INFO src.train.trainer: Epoch 14
2026-05-21 15:59:38,342 INFO src.train.trainer: New best validation loss: 0.0651, saved to /root/autodl-tmp/em_eqf/experiments/clf_pre_v1/clf_pre_AZDX_v1/runs/tf_10_mf_4p0_seed_5/best_model_1.pth
2026-05-21 15:59:38,349 INFO src.train.trainer: Last model at epoch 14 saved to /root/autodl-tmp/em_eqf/experiments/clf_pre_v1/clf_pre_AZDX_v1/runs/tf_10_mf_4p0_seed_5/last_model_1.pth
2026-05-21 15:59:38,349 INFO src.train.trainer: Epoch 15
2026-05-21 15:59:41,460 INFO src.train.trainer: New best validation loss: 0.0628, saved to /root/autodl-tmp/em_eqf/experiments/clf_pre_v1/clf_pre_AZDX_v1/runs/tf_10_mf_4p0_seed_5/best_model_1.pth
2026-05-21 15:59:41,467 INFO src.train.trainer: Last model at epoch 15 saved to /root/autodl-tmp/em_eqf/experiments/clf_pre_v1/clf_pre_AZDX_v1/runs/tf_10_mf_4p0_seed_5/last_model_1.pth
2026-05-21 15:59:41,467 INFO src.train.trainer: Epoch 16
2026-05-21 15:59:44,215 INFO src.train.trainer: Last model at epoch 16 saved to /root/autodl-tmp/em_eqf/experiments/clf_pre_v1/clf_pre_AZDX_v1/runs/tf_10_mf_4p0_seed_5/last_model_1.pth
2026-05-21 15:59:44,215 INFO src.train.trainer: Epoch 17
2026-05-21 15:59:47,282 INFO src.train.trainer: New best validation loss: 0.0547, saved to /root/autodl-tmp/em_eqf/experiments/clf_pre_v1/clf_pre_AZDX_v1/runs/tf_10_mf_4p0_seed_5/best_model_1.pth
2026-05-21 15:59:47,290 INFO src.train.trainer: Last model at epoch 17 saved to /root/autodl-tmp/em_eqf/experiments/clf_pre_v1/clf_pre_AZDX_v1/runs/tf_10_mf_4p0_seed_5/last_model_1.pth
2026-05-21 15:59:47,290 INFO src.train.trainer: Epoch 18
2026-05-21 15:59:50,343 INFO src.train.trainer: Last model at epoch 18 saved to /root/autodl-tmp/em_eqf/experiments/clf_pre_v1/clf_pre_AZDX_v1/runs/tf_10_mf_4p0_seed_5/last_model_1.pth
2026-05-21 15:59:50,343 INFO src.train.trainer: Epoch 19
2026-05-21 15:59:53,574 INFO src.train.trainer: Last model at epoch 19 saved to /root/autodl-tmp/em_eqf/experiments/clf_pre_v1/clf_pre_AZDX_v1/runs/tf_10_mf_4p0_seed_5/last_model_1.pth
2026-05-21 15:59:53,574 INFO src.train.trainer: Epoch 20
2026-05-21 15:59:56,844 INFO src.train.trainer: Last model at epoch 20 saved to /root/autodl-tmp/em_eqf/experiments/clf_pre_v1/clf_pre_AZDX_v1/runs/tf_10_mf_4p0_seed_5/last_model_1.pth
2026-05-21 15:59:56,844 INFO src.train.trainer: Epoch 21
2026-05-21 16:00:00,464 INFO src.train.trainer: Last model at epoch 21 saved to /root/autodl-tmp/em_eqf/experiments/clf_pre_v1/clf_pre_AZDX_v1/runs/tf_10_mf_4p0_seed_5/last_model_1.pth
2026-05-21 16:00:00,464 INFO src.train.trainer: Epoch 22
2026-05-21 16:00:03,857 INFO src.train.trainer: Last model at epoch 22 saved to /root/autodl-tmp/em_eqf/experiments/clf_pre_v1/clf_pre_AZDX_v1/runs/tf_10_mf_4p0_seed_5/last_model_1.pth
2026-05-21 16:00:03,858 INFO src.train.trainer: Epoch 23
2026-05-21 16:00:07,293 INFO src.train.trainer: Last model at epoch 23 saved to /root/autodl-tmp/em_eqf/experiments/clf_pre_v1/clf_pre_AZDX_v1/runs/tf_10_mf_4p0_seed_5/last_model_1.pth
2026-05-21 16:00:07,293 INFO src.train.trainer: Epoch 24
2026-05-21 16:00:10,571 INFO src.train.trainer: Last model at epoch 24 saved to /root/autodl-tmp/em_eqf/experiments/clf_pre_v1/clf_pre_AZDX_v1/runs/tf_10_mf_4p0_seed_5/last_model_1.pth
2026-05-21 16:00:10,571 INFO src.train.trainer: Epoch 25
2026-05-21 16:00:13,913 INFO src.train.trainer: Last model at epoch 25 saved to /root/autodl-tmp/em_eqf/experiments/clf_pre_v1/clf_pre_AZDX_v1/runs/tf_10_mf_4p0_seed_5/last_model_1.pth
2026-05-21 16:00:13,913 INFO src.train.trainer: Epoch 26
2026-05-21 16:00:17,377 INFO src.train.trainer: Last model at epoch 26 saved to /root/autodl-tmp/em_eqf/experiments/clf_pre_v1/clf_pre_AZDX_v1/runs/tf_10_mf_4p0_seed_5/last_model_1.pth
2026-05-21 16:00:17,377 INFO src.train.trainer: Epoch 27
2026-05-21 16:00:20,703 INFO src.train.trainer: Last model at epoch 27 saved to /root/autodl-tmp/em_eqf/experiments/clf_pre_v1/clf_pre_AZDX_v1/runs/tf_10_mf_4p0_seed_5/last_model_1.pth
2026-05-21 16:00:20,704 INFO src.train.trainer: Early stopping triggered at epoch 27 (best epoch: 17, best val loss: 0.054694)
2026-05-21 16:00:30,291 INFO src.data.preprocessing: CSV files found: ['chuandian_2021.csv']
2026-05-21 16:00:30,920 INFO src.utils.file_utils: Loading cached data from: data/ChuanDian/classifier/classifier_Mc_3_Mf_4.0_Tfore_10_Twindow_180_context_len_1_dt_10.pkl
2026-05-21 16:00:31,170 INFO src.data.preprocessing: Catalog statistics: {'tau_unfiltered': 0.15339908988298961, 'tau_q025': 0.08114294020924717, 'tau_q05': 0.5134664350189269, 'tau_mean': 1.3070542199341526, 'tau_max': 25.18216435192153, 'tau_min': 0.0, 'time_max': 18770.72654999979, 'time_mean': 10030.9430649837, 'mag_completeness': 3.0, 'mag_mean': 3.456916005014626, 'mag_max': 8.0, 'mag_min': 3.0, 'b_value': 0.856738547623331, 'b_std': 0.0071499224812533796, 'b_n': 14358}
2026-05-21 16:00:31,191 INFO src.data.event_loader: lengths of samples: min=32, max=981, avg=135.51
2026-05-21 16:00:31,191 INFO src.data.event_loader: Number of positive samples: 780
2026-05-21 16:00:31,191 INFO src.data.event_loader: Number of negative samples: 683
2026-05-21 16:00:31,192 INFO src.data.event_loader: Positive samples: 594, Negative samples: 576
2026-05-21 16:00:31,192 INFO src.data.event_loader: Total samples: 1170, Positive ratio: 0.51, Negative ratio: 0.49
2026-05-21 16:00:31,193 INFO src.data.event_loader: Positive samples: 107, Negative samples: 39
2026-05-21 16:00:31,193 INFO src.data.event_loader: Total samples: 146, Positive ratio: 0.73, Negative ratio: 0.27
2026-05-21 16:00:31,193 INFO src.data.event_loader: Positive samples: 79, Negative samples: 68
2026-05-21 16:00:31,193 INFO src.data.event_loader: Total samples: 147, Positive ratio: 0.54, Negative ratio: 0.46
2026-05-21 16:00:31,528 INFO src.models.adapters.mixer_task: using time scale base 1.3070542199341526 (key: tau_mean)
2026-05-21 16:00:31,529 INFO src.models.adapters.mixer_task: tau mean: tensor(1.3071)
2026-05-21 16:00:31,603 INFO src.train.config_setup: Restoring model from checkpoint.
2026-05-21 16:00:31,604 INFO src.train.config_setup: Loading model weights: load_specific_parts=None
2026-05-21 16:00:31,605 INFO src.train.config_setup: Checkpoint loaded: <All keys matched successfully>
2026-05-21 16:00:31,606 INFO src.train.config_setup: Full load summary: loaded=56, missing=0, unexpected=0
2026-05-21 16:00:31,606 INFO src.train.config_setup: Checkpoint hyperparameters loaded.
2026-05-21 16:00:31,606 INFO src.train.config_setup: Checkpoint train metrics available.
2026-05-21 16:00:31,607 INFO src.train.config_setup: Checkpoint val metrics available.
2026-05-21 16:00:31,607 INFO src.train.config_setup: Freeze skipped (checkpoint_restore): freeze_parts is empty.
2026-05-21 16:00:31,607 INFO src.train.config_setup: Using classification criterion: focal
2026-05-21 16:00:31,607 INFO src.train.config_setup: Criterion config: {'alpha': 0.5, 'gamma': 2.0}
2026-05-21 16:00:31,608 INFO src.train.config_setup: Not resuming optimizer/scheduler state; reset training state to start_epoch=0, best_val_loss=inf.
2026-05-21 16:00:31,608 INFO src.cli.common: Using threshold 0.41068726778030396 from checkpoint val_metrics for testing.
2026-05-21 16:00:36,964 INFO src.utils.metrics: ROC curve saved to /root/autodl-tmp/em_eqf/experiments/clf_pre_v1/clf_pre_AZDX_v1/runs/tf_10_mf_4p0_seed_5/roc_curve.png
2026-05-21 16:00:37,118 INFO src.utils.metrics: PR curve saved to /root/autodl-tmp/em_eqf/experiments/clf_pre_v1/clf_pre_AZDX_v1/runs/tf_10_mf_4p0_seed_5/pr_curve.png
2026-05-21 16:00:37,181 INFO src.utils.metrics: Confusion matrix saved to /root/autodl-tmp/em_eqf/experiments/clf_pre_v1/clf_pre_AZDX_v1/runs/tf_10_mf_4p0_seed_5/confusion_matrix.png
2026-05-21 16:00:37,181 INFO src.cli.workflows: Test loss: 0.06715403745571773
2026-05-21 16:00:38,657 INFO src.train.classifier_train_step: Prediction distribution plot has been saved to: /root/autodl-tmp/em_eqf/experiments/clf_pre_v1/clf_pre_AZDX_v1/runs/tf_10_mf_4p0_seed_5/train_pred_distribution.png
2026-05-21 16:00:39,148 INFO src.train.classifier_train_step: Prediction distribution plot has been saved to: /root/autodl-tmp/em_eqf/experiments/clf_pre_v1/clf_pre_AZDX_v1/runs/tf_10_mf_4p0_seed_5/val_pred_distribution.png
2026-05-21 16:00:39,617 INFO src.train.classifier_train_step: Prediction distribution plot has been saved to: /root/autodl-tmp/em_eqf/experiments/clf_pre_v1/clf_pre_AZDX_v1/runs/tf_10_mf_4p0_seed_5/test_pred_distribution.png
2026-05-21 16:00:39,618 INFO src.cli.common: Saved test metrics to /root/autodl-tmp/em_eqf/experiments/clf_pre_v1/clf_pre_AZDX_v1/runs/tf_10_mf_4p0_seed_5/metrics_test_best_1.json
2026-05-21 16:00:39,618 INFO src.cli.common: Metrics: {'precision': 0.5416666666666666, 'recall': 0.9873417721518988, 'f1': 0.6995515695067265, 'auc': 0.7967237527922562, 'pr_auc': 0.8532775891515441, 'fpr': 0.9705882352941176, 'tpr': 0.9873417721518988, 'R': 0.016753536857781137, 'conf': 5.517970130121963e-63, 'threshold': 0.41068726778030396}
