2026-05-13 14:06:44,180 INFO src.data.preprocessing: CSV files found: ['chuandian_2021.csv']
2026-05-13 14:06:45,366 INFO src.utils.file_utils: Loading cached data from: data/ChuanDian/classifier/classifier_Mc_3_Mf_5.0_Tfore_60_Twindow_180_context_len_1_dt_10.pkl
2026-05-13 14:06:45,774 INFO src.data.preprocessing: Catalog statistics: {'tau_unfiltered': 0.15339908988298961, 'tau_q025': 0.08114294020924717, 'tau_q05': 0.5134664350189269, 'tau_mean': 1.3070542199341526, 'tau_max': 25.18216435192153, 'tau_min': 0.0, 'time_max': 18770.72654999979, 'time_mean': 10030.9430649837, 'mag_completeness': 3.0, 'mag_mean': 3.456916005014626, 'mag_max': 8.0, 'mag_min': 3.0, 'b_value': 0.856738547623331, 'b_std': 0.0071499224812533796, 'b_n': 14358}
2026-05-13 14:06:45,793 INFO src.data.event_loader: lengths of samples: min=32, max=981, avg=129.55
2026-05-13 14:06:45,793 INFO src.data.event_loader: Number of positive samples: 808
2026-05-13 14:06:45,794 INFO src.data.event_loader: Number of negative samples: 651
2026-05-13 14:06:45,794 INFO src.data.event_loader: Positive samples: 673, Negative samples: 494
2026-05-13 14:06:45,794 INFO src.data.event_loader: Total samples: 1167, Positive ratio: 0.58, Negative ratio: 0.42
2026-05-13 14:06:45,795 INFO src.data.event_loader: Positive samples: 87, Negative samples: 58
2026-05-13 14:06:45,795 INFO src.data.event_loader: Total samples: 145, Positive ratio: 0.60, Negative ratio: 0.40
2026-05-13 14:06:45,795 INFO src.data.event_loader: Positive samples: 48, Negative samples: 99
2026-05-13 14:06:45,795 INFO src.data.event_loader: Total samples: 147, Positive ratio: 0.33, Negative ratio: 0.67
2026-05-13 14:06:45,987 INFO src.cli.workflows: Loading checkpoint from: ./checkpoints/mixer_tpp_20260508-182744/last_model_1.pth
2026-05-13 14:06:46,764 INFO src.models.adapters.mixer_task: using time scale base 1.3070542199341526 (key: tau_mean)
2026-05-13 14:06:46,764 INFO src.models.adapters.mixer_task: tau mean: tensor(1.3071)
2026-05-13 14:06:46,771 INFO src.train.config_setup: Restoring model from checkpoint.
2026-05-13 14:06:46,771 INFO src.train.config_setup: Loading model weights: load_specific_parts=['encoder']
2026-05-13 14:06:46,772 INFO src.train.config_setup: Selective load summary: requested_parts=['encoder'], target_in_model=40, matched_in_checkpoint=30, loaded=30, missing_after_load=10, shape_mismatch=0, missing_in_model=0, out_of_scope_loaded=0
2026-05-13 14:06:46,772 INFO src.train.config_setup: Selective load coverage [encoder]: target=40, hit=30, missing=10, complete=False
2026-05-13 14:06:46,772 WARNING src.train.config_setup: Selective load coverage missing preview [encoder]: ['base_model.encoder.layers.2.mixer.in_proj.bias', 'base_model.encoder.layers.2.mixer.in_proj.weight', 'base_model.encoder.layers.2.mixer.out_proj.bias', 'base_model.encoder.layers.2.mixer.out_proj.weight', 'base_model.encoder.layers.2.mlp.fc1.weight', 'base_model.encoder.layers.2.mlp.fc2.weight', 'base_model.encoder.layers.2.norm.bias', 'base_model.encoder.layers.2.norm.weight'] ... (+2 more)
2026-05-13 14:06:46,772 WARNING src.train.config_setup: Checkpoint missing target parameter preview: ['base_model.encoder.layers.2.mixer.in_proj.bias', 'base_model.encoder.layers.2.mixer.in_proj.weight', 'base_model.encoder.layers.2.mixer.out_proj.bias', 'base_model.encoder.layers.2.mixer.out_proj.weight', 'base_model.encoder.layers.2.mlp.fc1.weight', 'base_model.encoder.layers.2.mlp.fc2.weight', 'base_model.encoder.layers.2.norm.bias', 'base_model.encoder.layers.2.norm.weight', 'base_model.encoder.layers.2.norm2.bias', 'base_model.encoder.layers.2.norm2.weight']
2026-05-13 14:06:46,772 WARNING src.train.config_setup: Target not-loaded parameter preview: ['base_model.encoder.layers.2.mixer.in_proj.bias', 'base_model.encoder.layers.2.mixer.in_proj.weight', 'base_model.encoder.layers.2.mixer.out_proj.bias', 'base_model.encoder.layers.2.mixer.out_proj.weight', 'base_model.encoder.layers.2.mlp.fc1.weight', 'base_model.encoder.layers.2.mlp.fc2.weight', 'base_model.encoder.layers.2.norm.bias', 'base_model.encoder.layers.2.norm.weight', 'base_model.encoder.layers.2.norm2.bias', 'base_model.encoder.layers.2.norm2.weight']
2026-05-13 14:06:46,772 INFO src.train.config_setup: Loaded parameter preview: ['base_model.encoder.layers.0.mixer.out_proj.weight', 'base_model.encoder.layers.1.mixer.D', 'base_model.encoder.layers.1.norm2.bias', 'base_model.encoder.layers.0.norm.weight', 'base_model.encoder.layers.1.mixer.A_log', 'base_model.encoder.layers.1.norm2.weight', 'base_model.encoder.layers.0.mlp.fc2.weight', 'base_model.encoder.layers.1.mixer.dt_bias', 'base_model.encoder.input_proj.0.weight', 'base_model.encoder.layers.0.mixer.D'] ... (+20 more)
2026-05-13 14:06:46,773 INFO src.train.config_setup: Checkpoint hyperparameters loaded.
2026-05-13 14:06:46,773 INFO src.train.config_setup: Checkpoint train metrics available.
2026-05-13 14:06:46,773 INFO src.train.config_setup: Checkpoint val metrics available.
2026-05-13 14:06:46,773 INFO src.train.config_setup: Freeze skipped (checkpoint_restore): freeze_parts is empty.
2026-05-13 14:06:46,774 INFO src.train.config_setup: Using classification criterion: focal
2026-05-13 14:06:46,774 INFO src.train.config_setup: Criterion config: {'alpha': 0.5, 'gamma': 2.0}
2026-05-13 14:06:46,775 INFO src.train.config_setup: Not resuming optimizer/scheduler state; reset training state to start_epoch=0, best_val_loss=inf.
2026-05-13 14:06:46,775 INFO src.train.trainer: Epoch 1
2026-05-13 14:07:02,106 INFO src.train.trainer: New best validation loss: 0.0867, saved to /root/autodl-tmp/em_eqf/experiments/clf_grid_5_2/runs/tf_60_mf_5p0_seed_0/best_model_1.pth
2026-05-13 14:07:02,113 INFO src.train.trainer: Last model at epoch 1 saved to /root/autodl-tmp/em_eqf/experiments/clf_grid_5_2/runs/tf_60_mf_5p0_seed_0/last_model_1.pth
2026-05-13 14:07:02,114 INFO src.train.trainer: Epoch 2
2026-05-13 14:07:04,695 INFO src.train.trainer: Last model at epoch 2 saved to /root/autodl-tmp/em_eqf/experiments/clf_grid_5_2/runs/tf_60_mf_5p0_seed_0/last_model_1.pth
2026-05-13 14:07:04,695 INFO src.train.trainer: Epoch 3
2026-05-13 14:07:06,863 INFO src.train.trainer: Last model at epoch 3 saved to /root/autodl-tmp/em_eqf/experiments/clf_grid_5_2/runs/tf_60_mf_5p0_seed_0/last_model_1.pth
2026-05-13 14:07:06,863 INFO src.train.trainer: Epoch 4
2026-05-13 14:07:09,006 INFO src.train.trainer: Last model at epoch 4 saved to /root/autodl-tmp/em_eqf/experiments/clf_grid_5_2/runs/tf_60_mf_5p0_seed_0/last_model_1.pth
2026-05-13 14:07:09,006 INFO src.train.trainer: Epoch 5
2026-05-13 14:07:11,134 INFO src.train.trainer: New best validation loss: 0.0847, saved to /root/autodl-tmp/em_eqf/experiments/clf_grid_5_2/runs/tf_60_mf_5p0_seed_0/best_model_1.pth
2026-05-13 14:07:11,144 INFO src.train.trainer: Last model at epoch 5 saved to /root/autodl-tmp/em_eqf/experiments/clf_grid_5_2/runs/tf_60_mf_5p0_seed_0/last_model_1.pth
2026-05-13 14:07:11,144 INFO src.train.trainer: Epoch 6
2026-05-13 14:07:13,160 INFO src.train.trainer: New best validation loss: 0.0826, saved to /root/autodl-tmp/em_eqf/experiments/clf_grid_5_2/runs/tf_60_mf_5p0_seed_0/best_model_1.pth
2026-05-13 14:07:13,170 INFO src.train.trainer: Last model at epoch 6 saved to /root/autodl-tmp/em_eqf/experiments/clf_grid_5_2/runs/tf_60_mf_5p0_seed_0/last_model_1.pth
2026-05-13 14:07:13,170 INFO src.train.trainer: Epoch 7
2026-05-13 14:07:15,126 INFO src.train.trainer: New best validation loss: 0.0777, saved to /root/autodl-tmp/em_eqf/experiments/clf_grid_5_2/runs/tf_60_mf_5p0_seed_0/best_model_1.pth
2026-05-13 14:07:15,135 INFO src.train.trainer: Last model at epoch 7 saved to /root/autodl-tmp/em_eqf/experiments/clf_grid_5_2/runs/tf_60_mf_5p0_seed_0/last_model_1.pth
2026-05-13 14:07:15,135 INFO src.train.trainer: Epoch 8
2026-05-13 14:07:17,082 INFO src.train.trainer: New best validation loss: 0.0767, saved to /root/autodl-tmp/em_eqf/experiments/clf_grid_5_2/runs/tf_60_mf_5p0_seed_0/best_model_1.pth
2026-05-13 14:07:17,091 INFO src.train.trainer: Last model at epoch 8 saved to /root/autodl-tmp/em_eqf/experiments/clf_grid_5_2/runs/tf_60_mf_5p0_seed_0/last_model_1.pth
2026-05-13 14:07:17,091 INFO src.train.trainer: Epoch 9
2026-05-13 14:07:19,373 INFO src.train.trainer: Last model at epoch 9 saved to /root/autodl-tmp/em_eqf/experiments/clf_grid_5_2/runs/tf_60_mf_5p0_seed_0/last_model_1.pth
2026-05-13 14:07:19,374 INFO src.train.trainer: Epoch 10
2026-05-13 14:07:22,190 INFO src.train.trainer: New best validation loss: 0.0765, saved to /root/autodl-tmp/em_eqf/experiments/clf_grid_5_2/runs/tf_60_mf_5p0_seed_0/best_model_1.pth
2026-05-13 14:07:22,199 INFO src.train.trainer: Last model at epoch 10 saved to /root/autodl-tmp/em_eqf/experiments/clf_grid_5_2/runs/tf_60_mf_5p0_seed_0/last_model_1.pth
2026-05-13 14:07:22,200 INFO src.train.trainer: Epoch 11
2026-05-13 14:07:24,688 INFO src.train.trainer: Last model at epoch 11 saved to /root/autodl-tmp/em_eqf/experiments/clf_grid_5_2/runs/tf_60_mf_5p0_seed_0/last_model_1.pth
2026-05-13 14:07:24,688 INFO src.train.trainer: Epoch 12
2026-05-13 14:07:27,540 INFO src.train.trainer: Last model at epoch 12 saved to /root/autodl-tmp/em_eqf/experiments/clf_grid_5_2/runs/tf_60_mf_5p0_seed_0/last_model_1.pth
2026-05-13 14:07:27,540 INFO src.train.trainer: Epoch 13
2026-05-13 14:07:30,431 INFO src.train.trainer: Last model at epoch 13 saved to /root/autodl-tmp/em_eqf/experiments/clf_grid_5_2/runs/tf_60_mf_5p0_seed_0/last_model_1.pth
2026-05-13 14:07:30,431 INFO src.train.trainer: Epoch 14
2026-05-13 14:07:32,781 INFO src.train.trainer: Last model at epoch 14 saved to /root/autodl-tmp/em_eqf/experiments/clf_grid_5_2/runs/tf_60_mf_5p0_seed_0/last_model_1.pth
2026-05-13 14:07:32,781 INFO src.train.trainer: Epoch 15
2026-05-13 14:07:35,201 INFO src.train.trainer: New best validation loss: 0.0747, saved to /root/autodl-tmp/em_eqf/experiments/clf_grid_5_2/runs/tf_60_mf_5p0_seed_0/best_model_1.pth
2026-05-13 14:07:35,208 INFO src.train.trainer: Last model at epoch 15 saved to /root/autodl-tmp/em_eqf/experiments/clf_grid_5_2/runs/tf_60_mf_5p0_seed_0/last_model_1.pth
2026-05-13 14:07:35,209 INFO src.train.trainer: Epoch 16
2026-05-13 14:07:37,244 INFO src.train.trainer: New best validation loss: 0.0745, saved to /root/autodl-tmp/em_eqf/experiments/clf_grid_5_2/runs/tf_60_mf_5p0_seed_0/best_model_1.pth
2026-05-13 14:07:37,252 INFO src.train.trainer: Last model at epoch 16 saved to /root/autodl-tmp/em_eqf/experiments/clf_grid_5_2/runs/tf_60_mf_5p0_seed_0/last_model_1.pth
2026-05-13 14:07:37,252 INFO src.train.trainer: Epoch 17
2026-05-13 14:07:39,368 INFO src.train.trainer: Last model at epoch 17 saved to /root/autodl-tmp/em_eqf/experiments/clf_grid_5_2/runs/tf_60_mf_5p0_seed_0/last_model_1.pth
2026-05-13 14:07:39,368 INFO src.train.trainer: Epoch 18
2026-05-13 14:07:41,522 INFO src.train.trainer: Last model at epoch 18 saved to /root/autodl-tmp/em_eqf/experiments/clf_grid_5_2/runs/tf_60_mf_5p0_seed_0/last_model_1.pth
2026-05-13 14:07:41,522 INFO src.train.trainer: Epoch 19
2026-05-13 14:07:43,512 INFO src.train.trainer: Last model at epoch 19 saved to /root/autodl-tmp/em_eqf/experiments/clf_grid_5_2/runs/tf_60_mf_5p0_seed_0/last_model_1.pth
2026-05-13 14:07:43,513 INFO src.train.trainer: Epoch 20
2026-05-13 14:07:45,342 INFO src.train.trainer: Last model at epoch 20 saved to /root/autodl-tmp/em_eqf/experiments/clf_grid_5_2/runs/tf_60_mf_5p0_seed_0/last_model_1.pth
2026-05-13 14:07:45,342 INFO src.train.trainer: Epoch 21
2026-05-13 14:07:47,497 INFO src.train.trainer: Last model at epoch 21 saved to /root/autodl-tmp/em_eqf/experiments/clf_grid_5_2/runs/tf_60_mf_5p0_seed_0/last_model_1.pth
2026-05-13 14:07:47,497 INFO src.train.trainer: Epoch 22
2026-05-13 14:07:49,448 INFO src.train.trainer: Last model at epoch 22 saved to /root/autodl-tmp/em_eqf/experiments/clf_grid_5_2/runs/tf_60_mf_5p0_seed_0/last_model_1.pth
2026-05-13 14:07:49,449 INFO src.train.trainer: Epoch 23
2026-05-13 14:07:51,542 INFO src.train.trainer: New best validation loss: 0.0739, saved to /root/autodl-tmp/em_eqf/experiments/clf_grid_5_2/runs/tf_60_mf_5p0_seed_0/best_model_1.pth
2026-05-13 14:07:51,551 INFO src.train.trainer: Last model at epoch 23 saved to /root/autodl-tmp/em_eqf/experiments/clf_grid_5_2/runs/tf_60_mf_5p0_seed_0/last_model_1.pth
2026-05-13 14:07:51,551 INFO src.train.trainer: Epoch 24
2026-05-13 14:07:53,673 INFO src.train.trainer: Last model at epoch 24 saved to /root/autodl-tmp/em_eqf/experiments/clf_grid_5_2/runs/tf_60_mf_5p0_seed_0/last_model_1.pth
2026-05-13 14:07:53,673 INFO src.train.trainer: Epoch 25
2026-05-13 14:07:55,866 INFO src.train.trainer: Last model at epoch 25 saved to /root/autodl-tmp/em_eqf/experiments/clf_grid_5_2/runs/tf_60_mf_5p0_seed_0/last_model_1.pth
2026-05-13 14:07:55,866 INFO src.train.trainer: Epoch 26
2026-05-13 14:07:58,203 INFO src.train.trainer: Last model at epoch 26 saved to /root/autodl-tmp/em_eqf/experiments/clf_grid_5_2/runs/tf_60_mf_5p0_seed_0/last_model_1.pth
2026-05-13 14:07:58,203 INFO src.train.trainer: Epoch 27
2026-05-13 14:08:00,286 INFO src.train.trainer: Last model at epoch 27 saved to /root/autodl-tmp/em_eqf/experiments/clf_grid_5_2/runs/tf_60_mf_5p0_seed_0/last_model_1.pth
2026-05-13 14:08:00,286 INFO src.train.trainer: Epoch 28
2026-05-13 14:08:02,375 INFO src.train.trainer: Last model at epoch 28 saved to /root/autodl-tmp/em_eqf/experiments/clf_grid_5_2/runs/tf_60_mf_5p0_seed_0/last_model_1.pth
2026-05-13 14:08:02,375 INFO src.train.trainer: Epoch 29
2026-05-13 14:08:04,520 INFO src.train.trainer: Last model at epoch 29 saved to /root/autodl-tmp/em_eqf/experiments/clf_grid_5_2/runs/tf_60_mf_5p0_seed_0/last_model_1.pth
2026-05-13 14:08:04,520 INFO src.train.trainer: Epoch 30
2026-05-13 14:08:06,390 INFO src.train.trainer: Last model at epoch 30 saved to /root/autodl-tmp/em_eqf/experiments/clf_grid_5_2/runs/tf_60_mf_5p0_seed_0/last_model_1.pth
2026-05-13 14:08:06,390 INFO src.train.trainer: Epoch 31
2026-05-13 14:08:08,216 INFO src.train.trainer: Last model at epoch 31 saved to /root/autodl-tmp/em_eqf/experiments/clf_grid_5_2/runs/tf_60_mf_5p0_seed_0/last_model_1.pth
2026-05-13 14:08:08,217 INFO src.train.trainer: Epoch 32
2026-05-13 14:08:10,055 INFO src.train.trainer: Last model at epoch 32 saved to /root/autodl-tmp/em_eqf/experiments/clf_grid_5_2/runs/tf_60_mf_5p0_seed_0/last_model_1.pth
2026-05-13 14:08:10,055 INFO src.train.trainer: Epoch 33
2026-05-13 14:08:11,653 INFO src.train.trainer: Last model at epoch 33 saved to /root/autodl-tmp/em_eqf/experiments/clf_grid_5_2/runs/tf_60_mf_5p0_seed_0/last_model_1.pth
2026-05-13 14:08:11,654 INFO src.train.trainer: Early stopping triggered at epoch 33 (best epoch: 23, best val loss: 0.073930)
2026-05-13 14:08:22,395 INFO src.data.preprocessing: CSV files found: ['chuandian_2021.csv']
2026-05-13 14:08:23,406 INFO src.utils.file_utils: Loading cached data from: data/ChuanDian/classifier/classifier_Mc_3_Mf_5.0_Tfore_60_Twindow_180_context_len_1_dt_10.pkl
2026-05-13 14:08:23,804 INFO src.data.preprocessing: Catalog statistics: {'tau_unfiltered': 0.15339908988298961, 'tau_q025': 0.08114294020924717, 'tau_q05': 0.5134664350189269, 'tau_mean': 1.3070542199341526, 'tau_max': 25.18216435192153, 'tau_min': 0.0, 'time_max': 18770.72654999979, 'time_mean': 10030.9430649837, 'mag_completeness': 3.0, 'mag_mean': 3.456916005014626, 'mag_max': 8.0, 'mag_min': 3.0, 'b_value': 0.856738547623331, 'b_std': 0.0071499224812533796, 'b_n': 14358}
2026-05-13 14:08:23,824 INFO src.data.event_loader: lengths of samples: min=32, max=981, avg=129.55
2026-05-13 14:08:23,824 INFO src.data.event_loader: Number of positive samples: 808
2026-05-13 14:08:23,825 INFO src.data.event_loader: Number of negative samples: 651
2026-05-13 14:08:23,825 INFO src.data.event_loader: Positive samples: 673, Negative samples: 494
2026-05-13 14:08:23,826 INFO src.data.event_loader: Total samples: 1167, Positive ratio: 0.58, Negative ratio: 0.42
2026-05-13 14:08:23,826 INFO src.data.event_loader: Positive samples: 87, Negative samples: 58
2026-05-13 14:08:23,826 INFO src.data.event_loader: Total samples: 145, Positive ratio: 0.60, Negative ratio: 0.40
2026-05-13 14:08:23,826 INFO src.data.event_loader: Positive samples: 48, Negative samples: 99
2026-05-13 14:08:23,826 INFO src.data.event_loader: Total samples: 147, Positive ratio: 0.33, Negative ratio: 0.67
2026-05-13 14:08:24,334 INFO src.models.adapters.mixer_task: using time scale base 1.3070542199341526 (key: tau_mean)
2026-05-13 14:08:24,334 INFO src.models.adapters.mixer_task: tau mean: tensor(1.3071)
2026-05-13 14:08:24,350 INFO src.train.config_setup: Restoring model from checkpoint.
2026-05-13 14:08:24,351 INFO src.train.config_setup: Loading model weights: load_specific_parts=None
2026-05-13 14:08:24,352 INFO src.train.config_setup: Checkpoint loaded: <All keys matched successfully>
2026-05-13 14:08:24,353 INFO src.train.config_setup: Full load summary: loaded=56, missing=0, unexpected=0
2026-05-13 14:08:24,353 INFO src.train.config_setup: Checkpoint hyperparameters loaded.
2026-05-13 14:08:24,353 INFO src.train.config_setup: Checkpoint train metrics available.
2026-05-13 14:08:24,354 INFO src.train.config_setup: Checkpoint val metrics available.
2026-05-13 14:08:24,354 INFO src.train.config_setup: Freeze skipped (checkpoint_restore): freeze_parts is empty.
2026-05-13 14:08:24,354 INFO src.train.config_setup: Using classification criterion: focal
2026-05-13 14:08:24,354 INFO src.train.config_setup: Criterion config: {'alpha': 0.5, 'gamma': 2.0}
2026-05-13 14:08:24,355 INFO src.train.config_setup: Not resuming optimizer/scheduler state; reset training state to start_epoch=0, best_val_loss=inf.
2026-05-13 14:08:24,355 INFO src.cli.common: Using threshold 0.47365209460258484 from checkpoint val_metrics for testing.
2026-05-13 14:08:29,440 INFO src.utils.metrics: ROC curve saved to /root/autodl-tmp/em_eqf/experiments/clf_grid_5_2/runs/tf_60_mf_5p0_seed_0/roc_curve.png
2026-05-13 14:08:29,558 INFO src.utils.metrics: PR curve saved to /root/autodl-tmp/em_eqf/experiments/clf_grid_5_2/runs/tf_60_mf_5p0_seed_0/pr_curve.png
2026-05-13 14:08:29,623 INFO src.utils.metrics: Confusion matrix saved to /root/autodl-tmp/em_eqf/experiments/clf_grid_5_2/runs/tf_60_mf_5p0_seed_0/confusion_matrix.png
2026-05-13 14:08:29,623 INFO src.cli.workflows: Test loss: 0.07891920705636342
2026-05-13 14:08:30,353 INFO src.train.classifier_train_step: Prediction distribution plot has been saved to: /root/autodl-tmp/em_eqf/experiments/clf_grid_5_2/runs/tf_60_mf_5p0_seed_0/train_pred_distribution.png
2026-05-13 14:08:30,694 INFO src.train.classifier_train_step: Prediction distribution plot has been saved to: /root/autodl-tmp/em_eqf/experiments/clf_grid_5_2/runs/tf_60_mf_5p0_seed_0/val_pred_distribution.png
2026-05-13 14:08:31,022 INFO src.train.classifier_train_step: Prediction distribution plot has been saved to: /root/autodl-tmp/em_eqf/experiments/clf_grid_5_2/runs/tf_60_mf_5p0_seed_0/test_pred_distribution.png
2026-05-13 14:08:31,022 INFO src.cli.common: Saved test metrics to /root/autodl-tmp/em_eqf/experiments/clf_grid_5_2/runs/tf_60_mf_5p0_seed_0/metrics_test_best_1.json
2026-05-13 14:08:31,022 INFO src.cli.common: Metrics: {'precision': 0.43636363636363634, 'recall': 0.5, 'f1': 0.46601941747572817, 'auc': 0.569023569023569, 'pr_auc': 0.5829035446690054, 'fpr': 0.31313131313131315, 'tpr': 0.5, 'R': 0.18686868686868685, 'conf': 0.9999999999999936, 'threshold': 0.47365209460258484}
