2026-05-15 11:11:59,200 INFO src.data.preprocessing: CSV files found: ['chuandian_2021.csv']
2026-05-15 11:11:59,901 INFO src.utils.file_utils: Loading cached data from: data/ChuanDian/classifier/classifier_Mc_3_Mf_4.5_Tfore_30_Twindow_180_context_len_1_dt_10.pkl
2026-05-15 11:12:00,232 INFO src.data.preprocessing: Catalog statistics: {'tau_unfiltered': 0.15339908988298961, 'tau_q025': 0.08114294020924717, 'tau_q05': 0.5134664350189269, 'tau_mean': 1.3070542199341526, 'tau_max': 25.18216435192153, 'tau_min': 0.0, 'time_max': 18770.72654999979, 'time_mean': 10030.9430649837, 'mag_completeness': 3.0, 'mag_mean': 3.456916005014626, 'mag_max': 8.0, 'mag_min': 3.0, 'b_value': 0.856738547623331, 'b_std': 0.0071499224812533796, 'b_n': 14358}
2026-05-15 11:12:00,249 INFO src.data.event_loader: lengths of samples: min=32, max=981, avg=135.26
2026-05-15 11:12:00,250 INFO src.data.event_loader: Number of positive samples: 836
2026-05-15 11:12:00,250 INFO src.data.event_loader: Number of negative samples: 594
2026-05-15 11:12:00,251 INFO src.data.event_loader: Positive samples: 706, Negative samples: 438
2026-05-15 11:12:00,251 INFO src.data.event_loader: Total samples: 1144, Positive ratio: 0.62, Negative ratio: 0.38
2026-05-15 11:12:00,251 INFO src.data.event_loader: Positive samples: 83, Negative samples: 60
2026-05-15 11:12:00,251 INFO src.data.event_loader: Total samples: 143, Positive ratio: 0.58, Negative ratio: 0.42
2026-05-15 11:12:00,251 INFO src.data.event_loader: Positive samples: 47, Negative samples: 96
2026-05-15 11:12:00,251 INFO src.data.event_loader: Total samples: 143, Positive ratio: 0.33, Negative ratio: 0.67
2026-05-15 11:12:00,394 INFO src.cli.workflows: Loading checkpoint from: ./checkpoints/mixer_tpp_20260514-211318/last_model_1.pth
2026-05-15 11:12:01,300 INFO src.models.adapters.mixer_task: using time scale base 1.3070542199341526 (key: tau_mean)
2026-05-15 11:12:01,300 INFO src.models.adapters.mixer_task: tau mean: tensor(1.3071)
2026-05-15 11:12:01,374 INFO src.train.config_setup: Restoring model from checkpoint.
2026-05-15 11:12:01,374 INFO src.train.config_setup: Loading model weights: load_specific_parts=['encoder']
2026-05-15 11:12:01,375 INFO src.train.config_setup: Selective load summary: requested_parts=['encoder'], target_in_model=40, matched_in_checkpoint=30, loaded=30, missing_after_load=10, shape_mismatch=0, missing_in_model=0, out_of_scope_loaded=0
2026-05-15 11:12:01,376 INFO src.train.config_setup: Selective load coverage [encoder]: target=40, hit=30, missing=10, complete=False
2026-05-15 11:12:01,376 WARNING src.train.config_setup: Selective load coverage missing preview [encoder]: ['base_model.encoder.layers.2.mixer.in_proj.bias', 'base_model.encoder.layers.2.mixer.in_proj.weight', 'base_model.encoder.layers.2.mixer.out_proj.bias', 'base_model.encoder.layers.2.mixer.out_proj.weight', 'base_model.encoder.layers.2.mlp.fc1.weight', 'base_model.encoder.layers.2.mlp.fc2.weight', 'base_model.encoder.layers.2.norm.bias', 'base_model.encoder.layers.2.norm.weight'] ... (+2 more)
2026-05-15 11:12:01,376 WARNING src.train.config_setup: Checkpoint missing target parameter preview: ['base_model.encoder.layers.2.mixer.in_proj.bias', 'base_model.encoder.layers.2.mixer.in_proj.weight', 'base_model.encoder.layers.2.mixer.out_proj.bias', 'base_model.encoder.layers.2.mixer.out_proj.weight', 'base_model.encoder.layers.2.mlp.fc1.weight', 'base_model.encoder.layers.2.mlp.fc2.weight', 'base_model.encoder.layers.2.norm.bias', 'base_model.encoder.layers.2.norm.weight', 'base_model.encoder.layers.2.norm2.bias', 'base_model.encoder.layers.2.norm2.weight']
2026-05-15 11:12:01,376 WARNING src.train.config_setup: Target not-loaded parameter preview: ['base_model.encoder.layers.2.mixer.in_proj.bias', 'base_model.encoder.layers.2.mixer.in_proj.weight', 'base_model.encoder.layers.2.mixer.out_proj.bias', 'base_model.encoder.layers.2.mixer.out_proj.weight', 'base_model.encoder.layers.2.mlp.fc1.weight', 'base_model.encoder.layers.2.mlp.fc2.weight', 'base_model.encoder.layers.2.norm.bias', 'base_model.encoder.layers.2.norm.weight', 'base_model.encoder.layers.2.norm2.bias', 'base_model.encoder.layers.2.norm2.weight']
2026-05-15 11:12:01,376 INFO src.train.config_setup: Loaded parameter preview: ['base_model.encoder.input_proj.3.bias', 'base_model.encoder.layers.0.norm.bias', 'base_model.encoder.layers.0.mlp.fc1.weight', 'base_model.encoder.norm_f.bias', 'base_model.encoder.layers.1.mixer.dt_bias', 'base_model.encoder.layers.0.mixer.D', 'base_model.encoder.input_proj.3.weight', 'base_model.encoder.layers.0.norm2.weight', 'base_model.encoder.layers.1.mixer.out_proj.weight', 'base_model.encoder.input_proj.0.bias'] ... (+20 more)
2026-05-15 11:12:01,377 INFO src.train.config_setup: Checkpoint hyperparameters loaded.
2026-05-15 11:12:01,377 INFO src.train.config_setup: Checkpoint train metrics available.
2026-05-15 11:12:01,377 INFO src.train.config_setup: Checkpoint val metrics available.
2026-05-15 11:12:01,377 INFO src.train.config_setup: Freeze skipped (checkpoint_restore): freeze_parts is empty.
2026-05-15 11:12:01,377 INFO src.train.config_setup: Using classification criterion: focal
2026-05-15 11:12:01,377 INFO src.train.config_setup: Criterion config: {'alpha': 0.5, 'gamma': 2.0}
2026-05-15 11:12:01,378 INFO src.train.config_setup: Not resuming optimizer/scheduler state; reset training state to start_epoch=0, best_val_loss=inf.
2026-05-15 11:12:01,379 INFO src.train.trainer: Epoch 1
2026-05-15 11:12:17,554 INFO src.train.trainer: New best validation loss: 0.0909, saved to /root/autodl-tmp/em_eqf/experiments/clf_grid_r_2_SCEDC_minus_b/runs/tf_30_mf_4p5_seed_2/best_model_1.pth
2026-05-15 11:12:17,561 INFO src.train.trainer: Last model at epoch 1 saved to /root/autodl-tmp/em_eqf/experiments/clf_grid_r_2_SCEDC_minus_b/runs/tf_30_mf_4p5_seed_2/last_model_1.pth
2026-05-15 11:12:17,561 INFO src.train.trainer: Epoch 2
2026-05-15 11:12:21,114 INFO src.train.trainer: New best validation loss: 0.0835, saved to /root/autodl-tmp/em_eqf/experiments/clf_grid_r_2_SCEDC_minus_b/runs/tf_30_mf_4p5_seed_2/best_model_1.pth
2026-05-15 11:12:21,123 INFO src.train.trainer: Last model at epoch 2 saved to /root/autodl-tmp/em_eqf/experiments/clf_grid_r_2_SCEDC_minus_b/runs/tf_30_mf_4p5_seed_2/last_model_1.pth
2026-05-15 11:12:21,123 INFO src.train.trainer: Epoch 3
2026-05-15 11:12:24,881 INFO src.train.trainer: New best validation loss: 0.0831, saved to /root/autodl-tmp/em_eqf/experiments/clf_grid_r_2_SCEDC_minus_b/runs/tf_30_mf_4p5_seed_2/best_model_1.pth
2026-05-15 11:12:24,890 INFO src.train.trainer: Last model at epoch 3 saved to /root/autodl-tmp/em_eqf/experiments/clf_grid_r_2_SCEDC_minus_b/runs/tf_30_mf_4p5_seed_2/last_model_1.pth
2026-05-15 11:12:24,891 INFO src.train.trainer: Epoch 4
2026-05-15 11:12:28,505 INFO src.train.trainer: New best validation loss: 0.0787, saved to /root/autodl-tmp/em_eqf/experiments/clf_grid_r_2_SCEDC_minus_b/runs/tf_30_mf_4p5_seed_2/best_model_1.pth
2026-05-15 11:12:28,513 INFO src.train.trainer: Last model at epoch 4 saved to /root/autodl-tmp/em_eqf/experiments/clf_grid_r_2_SCEDC_minus_b/runs/tf_30_mf_4p5_seed_2/last_model_1.pth
2026-05-15 11:12:28,513 INFO src.train.trainer: Epoch 5
2026-05-15 11:12:32,267 INFO src.train.trainer: New best validation loss: 0.0785, saved to /root/autodl-tmp/em_eqf/experiments/clf_grid_r_2_SCEDC_minus_b/runs/tf_30_mf_4p5_seed_2/best_model_1.pth
2026-05-15 11:12:32,277 INFO src.train.trainer: Last model at epoch 5 saved to /root/autodl-tmp/em_eqf/experiments/clf_grid_r_2_SCEDC_minus_b/runs/tf_30_mf_4p5_seed_2/last_model_1.pth
2026-05-15 11:12:32,277 INFO src.train.trainer: Epoch 6
2026-05-15 11:12:36,413 INFO src.train.trainer: New best validation loss: 0.0778, saved to /root/autodl-tmp/em_eqf/experiments/clf_grid_r_2_SCEDC_minus_b/runs/tf_30_mf_4p5_seed_2/best_model_1.pth
2026-05-15 11:12:36,423 INFO src.train.trainer: Last model at epoch 6 saved to /root/autodl-tmp/em_eqf/experiments/clf_grid_r_2_SCEDC_minus_b/runs/tf_30_mf_4p5_seed_2/last_model_1.pth
2026-05-15 11:12:36,424 INFO src.train.trainer: Epoch 7
2026-05-15 11:12:40,272 INFO src.train.trainer: Last model at epoch 7 saved to /root/autodl-tmp/em_eqf/experiments/clf_grid_r_2_SCEDC_minus_b/runs/tf_30_mf_4p5_seed_2/last_model_1.pth
2026-05-15 11:12:40,273 INFO src.train.trainer: Epoch 8
2026-05-15 11:12:43,932 INFO src.train.trainer: Last model at epoch 8 saved to /root/autodl-tmp/em_eqf/experiments/clf_grid_r_2_SCEDC_minus_b/runs/tf_30_mf_4p5_seed_2/last_model_1.pth
2026-05-15 11:12:43,932 INFO src.train.trainer: Epoch 9
2026-05-15 11:12:47,527 INFO src.train.trainer: Last model at epoch 9 saved to /root/autodl-tmp/em_eqf/experiments/clf_grid_r_2_SCEDC_minus_b/runs/tf_30_mf_4p5_seed_2/last_model_1.pth
2026-05-15 11:12:47,527 INFO src.train.trainer: Epoch 10
2026-05-15 11:12:51,305 INFO src.train.trainer: Last model at epoch 10 saved to /root/autodl-tmp/em_eqf/experiments/clf_grid_r_2_SCEDC_minus_b/runs/tf_30_mf_4p5_seed_2/last_model_1.pth
2026-05-15 11:12:51,305 INFO src.train.trainer: Epoch 11
2026-05-15 11:12:55,208 INFO src.train.trainer: Last model at epoch 11 saved to /root/autodl-tmp/em_eqf/experiments/clf_grid_r_2_SCEDC_minus_b/runs/tf_30_mf_4p5_seed_2/last_model_1.pth
2026-05-15 11:12:55,208 INFO src.train.trainer: Epoch 12
2026-05-15 11:12:59,113 INFO src.train.trainer: New best validation loss: 0.0742, saved to /root/autodl-tmp/em_eqf/experiments/clf_grid_r_2_SCEDC_minus_b/runs/tf_30_mf_4p5_seed_2/best_model_1.pth
2026-05-15 11:12:59,122 INFO src.train.trainer: Last model at epoch 12 saved to /root/autodl-tmp/em_eqf/experiments/clf_grid_r_2_SCEDC_minus_b/runs/tf_30_mf_4p5_seed_2/last_model_1.pth
2026-05-15 11:12:59,122 INFO src.train.trainer: Epoch 13
2026-05-15 11:13:03,080 INFO src.train.trainer: Last model at epoch 13 saved to /root/autodl-tmp/em_eqf/experiments/clf_grid_r_2_SCEDC_minus_b/runs/tf_30_mf_4p5_seed_2/last_model_1.pth
2026-05-15 11:13:03,081 INFO src.train.trainer: Epoch 14
2026-05-15 11:13:07,170 INFO src.train.trainer: New best validation loss: 0.0729, saved to /root/autodl-tmp/em_eqf/experiments/clf_grid_r_2_SCEDC_minus_b/runs/tf_30_mf_4p5_seed_2/best_model_1.pth
2026-05-15 11:13:07,178 INFO src.train.trainer: Last model at epoch 14 saved to /root/autodl-tmp/em_eqf/experiments/clf_grid_r_2_SCEDC_minus_b/runs/tf_30_mf_4p5_seed_2/last_model_1.pth
2026-05-15 11:13:07,178 INFO src.train.trainer: Epoch 15
2026-05-15 11:13:11,182 INFO src.train.trainer: Last model at epoch 15 saved to /root/autodl-tmp/em_eqf/experiments/clf_grid_r_2_SCEDC_minus_b/runs/tf_30_mf_4p5_seed_2/last_model_1.pth
2026-05-15 11:13:11,183 INFO src.train.trainer: Epoch 16
2026-05-15 11:13:15,168 INFO src.train.trainer: New best validation loss: 0.0717, saved to /root/autodl-tmp/em_eqf/experiments/clf_grid_r_2_SCEDC_minus_b/runs/tf_30_mf_4p5_seed_2/best_model_1.pth
2026-05-15 11:13:15,177 INFO src.train.trainer: Last model at epoch 16 saved to /root/autodl-tmp/em_eqf/experiments/clf_grid_r_2_SCEDC_minus_b/runs/tf_30_mf_4p5_seed_2/last_model_1.pth
2026-05-15 11:13:15,177 INFO src.train.trainer: Epoch 17
2026-05-15 11:13:19,014 INFO src.train.trainer: New best validation loss: 0.0715, saved to /root/autodl-tmp/em_eqf/experiments/clf_grid_r_2_SCEDC_minus_b/runs/tf_30_mf_4p5_seed_2/best_model_1.pth
2026-05-15 11:13:19,022 INFO src.train.trainer: Last model at epoch 17 saved to /root/autodl-tmp/em_eqf/experiments/clf_grid_r_2_SCEDC_minus_b/runs/tf_30_mf_4p5_seed_2/last_model_1.pth
2026-05-15 11:13:19,022 INFO src.train.trainer: Epoch 18
2026-05-15 11:13:22,785 INFO src.train.trainer: Last model at epoch 18 saved to /root/autodl-tmp/em_eqf/experiments/clf_grid_r_2_SCEDC_minus_b/runs/tf_30_mf_4p5_seed_2/last_model_1.pth
2026-05-15 11:13:22,785 INFO src.train.trainer: Epoch 19
2026-05-15 11:13:26,522 INFO src.train.trainer: New best validation loss: 0.0699, saved to /root/autodl-tmp/em_eqf/experiments/clf_grid_r_2_SCEDC_minus_b/runs/tf_30_mf_4p5_seed_2/best_model_1.pth
2026-05-15 11:13:26,533 INFO src.train.trainer: Last model at epoch 19 saved to /root/autodl-tmp/em_eqf/experiments/clf_grid_r_2_SCEDC_minus_b/runs/tf_30_mf_4p5_seed_2/last_model_1.pth
2026-05-15 11:13:26,533 INFO src.train.trainer: Epoch 20
2026-05-15 11:13:30,110 INFO src.train.trainer: Last model at epoch 20 saved to /root/autodl-tmp/em_eqf/experiments/clf_grid_r_2_SCEDC_minus_b/runs/tf_30_mf_4p5_seed_2/last_model_1.pth
2026-05-15 11:13:30,110 INFO src.train.trainer: Epoch 21
2026-05-15 11:13:33,849 INFO src.train.trainer: Last model at epoch 21 saved to /root/autodl-tmp/em_eqf/experiments/clf_grid_r_2_SCEDC_minus_b/runs/tf_30_mf_4p5_seed_2/last_model_1.pth
2026-05-15 11:13:33,849 INFO src.train.trainer: Epoch 22
2026-05-15 11:13:36,992 INFO src.train.trainer: Last model at epoch 22 saved to /root/autodl-tmp/em_eqf/experiments/clf_grid_r_2_SCEDC_minus_b/runs/tf_30_mf_4p5_seed_2/last_model_1.pth
2026-05-15 11:13:36,992 INFO src.train.trainer: Epoch 23
2026-05-15 11:13:40,741 INFO src.train.trainer: Last model at epoch 23 saved to /root/autodl-tmp/em_eqf/experiments/clf_grid_r_2_SCEDC_minus_b/runs/tf_30_mf_4p5_seed_2/last_model_1.pth
2026-05-15 11:13:40,741 INFO src.train.trainer: Epoch 24
2026-05-15 11:13:43,919 INFO src.train.trainer: New best validation loss: 0.0680, saved to /root/autodl-tmp/em_eqf/experiments/clf_grid_r_2_SCEDC_minus_b/runs/tf_30_mf_4p5_seed_2/best_model_1.pth
2026-05-15 11:13:43,927 INFO src.train.trainer: Last model at epoch 24 saved to /root/autodl-tmp/em_eqf/experiments/clf_grid_r_2_SCEDC_minus_b/runs/tf_30_mf_4p5_seed_2/last_model_1.pth
2026-05-15 11:13:43,927 INFO src.train.trainer: Epoch 25
2026-05-15 11:13:47,171 INFO src.train.trainer: Last model at epoch 25 saved to /root/autodl-tmp/em_eqf/experiments/clf_grid_r_2_SCEDC_minus_b/runs/tf_30_mf_4p5_seed_2/last_model_1.pth
2026-05-15 11:13:47,171 INFO src.train.trainer: Epoch 26
2026-05-15 11:13:50,514 INFO src.train.trainer: Last model at epoch 26 saved to /root/autodl-tmp/em_eqf/experiments/clf_grid_r_2_SCEDC_minus_b/runs/tf_30_mf_4p5_seed_2/last_model_1.pth
2026-05-15 11:13:50,514 INFO src.train.trainer: Epoch 27
2026-05-15 11:13:53,832 INFO src.train.trainer: Last model at epoch 27 saved to /root/autodl-tmp/em_eqf/experiments/clf_grid_r_2_SCEDC_minus_b/runs/tf_30_mf_4p5_seed_2/last_model_1.pth
2026-05-15 11:13:53,832 INFO src.train.trainer: Epoch 28
2026-05-15 11:13:57,119 INFO src.train.trainer: Last model at epoch 28 saved to /root/autodl-tmp/em_eqf/experiments/clf_grid_r_2_SCEDC_minus_b/runs/tf_30_mf_4p5_seed_2/last_model_1.pth
2026-05-15 11:13:57,119 INFO src.train.trainer: Epoch 29
2026-05-15 11:14:00,434 INFO src.train.trainer: New best validation loss: 0.0674, saved to /root/autodl-tmp/em_eqf/experiments/clf_grid_r_2_SCEDC_minus_b/runs/tf_30_mf_4p5_seed_2/best_model_1.pth
2026-05-15 11:14:00,444 INFO src.train.trainer: Last model at epoch 29 saved to /root/autodl-tmp/em_eqf/experiments/clf_grid_r_2_SCEDC_minus_b/runs/tf_30_mf_4p5_seed_2/last_model_1.pth
2026-05-15 11:14:00,444 INFO src.train.trainer: Epoch 30
2026-05-15 11:14:03,825 INFO src.train.trainer: Last model at epoch 30 saved to /root/autodl-tmp/em_eqf/experiments/clf_grid_r_2_SCEDC_minus_b/runs/tf_30_mf_4p5_seed_2/last_model_1.pth
2026-05-15 11:14:03,826 INFO src.train.trainer: Epoch 31
2026-05-15 11:14:07,140 INFO src.train.trainer: Last model at epoch 31 saved to /root/autodl-tmp/em_eqf/experiments/clf_grid_r_2_SCEDC_minus_b/runs/tf_30_mf_4p5_seed_2/last_model_1.pth
2026-05-15 11:14:07,140 INFO src.train.trainer: Epoch 32
2026-05-15 11:14:10,602 INFO src.train.trainer: Last model at epoch 32 saved to /root/autodl-tmp/em_eqf/experiments/clf_grid_r_2_SCEDC_minus_b/runs/tf_30_mf_4p5_seed_2/last_model_1.pth
2026-05-15 11:14:10,602 INFO src.train.trainer: Epoch 33
2026-05-15 11:14:13,906 INFO src.train.trainer: Last model at epoch 33 saved to /root/autodl-tmp/em_eqf/experiments/clf_grid_r_2_SCEDC_minus_b/runs/tf_30_mf_4p5_seed_2/last_model_1.pth
2026-05-15 11:14:13,907 INFO src.train.trainer: Epoch 34
2026-05-15 11:14:17,202 INFO src.train.trainer: Last model at epoch 34 saved to /root/autodl-tmp/em_eqf/experiments/clf_grid_r_2_SCEDC_minus_b/runs/tf_30_mf_4p5_seed_2/last_model_1.pth
2026-05-15 11:14:17,202 INFO src.train.trainer: Epoch 35
2026-05-15 11:14:20,808 INFO src.train.trainer: Last model at epoch 35 saved to /root/autodl-tmp/em_eqf/experiments/clf_grid_r_2_SCEDC_minus_b/runs/tf_30_mf_4p5_seed_2/last_model_1.pth
2026-05-15 11:14:20,809 INFO src.train.trainer: Epoch 36
2026-05-15 11:14:24,756 INFO src.train.trainer: Last model at epoch 36 saved to /root/autodl-tmp/em_eqf/experiments/clf_grid_r_2_SCEDC_minus_b/runs/tf_30_mf_4p5_seed_2/last_model_1.pth
2026-05-15 11:14:24,756 INFO src.train.trainer: Epoch 37
2026-05-15 11:14:28,554 INFO src.train.trainer: Last model at epoch 37 saved to /root/autodl-tmp/em_eqf/experiments/clf_grid_r_2_SCEDC_minus_b/runs/tf_30_mf_4p5_seed_2/last_model_1.pth
2026-05-15 11:14:28,555 INFO src.train.trainer: Epoch 38
2026-05-15 11:14:32,081 INFO src.train.trainer: Last model at epoch 38 saved to /root/autodl-tmp/em_eqf/experiments/clf_grid_r_2_SCEDC_minus_b/runs/tf_30_mf_4p5_seed_2/last_model_1.pth
2026-05-15 11:14:32,081 INFO src.train.trainer: Epoch 39
2026-05-15 11:14:35,638 INFO src.train.trainer: Last model at epoch 39 saved to /root/autodl-tmp/em_eqf/experiments/clf_grid_r_2_SCEDC_minus_b/runs/tf_30_mf_4p5_seed_2/last_model_1.pth
2026-05-15 11:14:35,638 INFO src.train.trainer: Early stopping triggered at epoch 39 (best epoch: 29, best val loss: 0.067374)
2026-05-15 11:14:45,795 INFO src.data.preprocessing: CSV files found: ['chuandian_2021.csv']
2026-05-15 11:14:46,497 INFO src.utils.file_utils: Loading cached data from: data/ChuanDian/classifier/classifier_Mc_3_Mf_4.5_Tfore_30_Twindow_180_context_len_1_dt_10.pkl
2026-05-15 11:14:46,828 INFO src.data.preprocessing: Catalog statistics: {'tau_unfiltered': 0.15339908988298961, 'tau_q025': 0.08114294020924717, 'tau_q05': 0.5134664350189269, 'tau_mean': 1.3070542199341526, 'tau_max': 25.18216435192153, 'tau_min': 0.0, 'time_max': 18770.72654999979, 'time_mean': 10030.9430649837, 'mag_completeness': 3.0, 'mag_mean': 3.456916005014626, 'mag_max': 8.0, 'mag_min': 3.0, 'b_value': 0.856738547623331, 'b_std': 0.0071499224812533796, 'b_n': 14358}
2026-05-15 11:14:46,846 INFO src.data.event_loader: lengths of samples: min=32, max=981, avg=135.26
2026-05-15 11:14:46,847 INFO src.data.event_loader: Number of positive samples: 836
2026-05-15 11:14:46,847 INFO src.data.event_loader: Number of negative samples: 594
2026-05-15 11:14:46,848 INFO src.data.event_loader: Positive samples: 706, Negative samples: 438
2026-05-15 11:14:46,848 INFO src.data.event_loader: Total samples: 1144, Positive ratio: 0.62, Negative ratio: 0.38
2026-05-15 11:14:46,848 INFO src.data.event_loader: Positive samples: 83, Negative samples: 60
2026-05-15 11:14:46,848 INFO src.data.event_loader: Total samples: 143, Positive ratio: 0.58, Negative ratio: 0.42
2026-05-15 11:14:46,848 INFO src.data.event_loader: Positive samples: 47, Negative samples: 96
2026-05-15 11:14:46,848 INFO src.data.event_loader: Total samples: 143, Positive ratio: 0.33, Negative ratio: 0.67
2026-05-15 11:14:47,324 INFO src.models.adapters.mixer_task: using time scale base 1.3070542199341526 (key: tau_mean)
2026-05-15 11:14:47,324 INFO src.models.adapters.mixer_task: tau mean: tensor(1.3071)
2026-05-15 11:14:47,371 INFO src.train.config_setup: Restoring model from checkpoint.
2026-05-15 11:14:47,372 INFO src.train.config_setup: Loading model weights: load_specific_parts=None
2026-05-15 11:14:47,374 INFO src.train.config_setup: Checkpoint loaded: <All keys matched successfully>
2026-05-15 11:14:47,374 INFO src.train.config_setup: Full load summary: loaded=56, missing=0, unexpected=0
2026-05-15 11:14:47,375 INFO src.train.config_setup: Checkpoint hyperparameters loaded.
2026-05-15 11:14:47,375 INFO src.train.config_setup: Checkpoint train metrics available.
2026-05-15 11:14:47,375 INFO src.train.config_setup: Checkpoint val metrics available.
2026-05-15 11:14:47,375 INFO src.train.config_setup: Freeze skipped (checkpoint_restore): freeze_parts is empty.
2026-05-15 11:14:47,375 INFO src.train.config_setup: Using classification criterion: focal
2026-05-15 11:14:47,375 INFO src.train.config_setup: Criterion config: {'alpha': 0.5, 'gamma': 2.0}
2026-05-15 11:14:47,376 INFO src.train.config_setup: Not resuming optimizer/scheduler state; reset training state to start_epoch=0, best_val_loss=inf.
2026-05-15 11:14:47,376 INFO src.cli.common: Using threshold 0.45582661032676697 from checkpoint val_metrics for testing.
2026-05-15 11:14:52,074 INFO src.utils.metrics: ROC curve saved to /root/autodl-tmp/em_eqf/experiments/clf_grid_r_2_SCEDC_minus_b/runs/tf_30_mf_4p5_seed_2/roc_curve.png
2026-05-15 11:14:52,202 INFO src.utils.metrics: PR curve saved to /root/autodl-tmp/em_eqf/experiments/clf_grid_r_2_SCEDC_minus_b/runs/tf_30_mf_4p5_seed_2/pr_curve.png
2026-05-15 11:14:52,266 INFO src.utils.metrics: Confusion matrix saved to /root/autodl-tmp/em_eqf/experiments/clf_grid_r_2_SCEDC_minus_b/runs/tf_30_mf_4p5_seed_2/confusion_matrix.png
2026-05-15 11:14:52,266 INFO src.cli.workflows: Test loss: 0.06018375307321548
2026-05-15 11:14:54,085 INFO src.train.classifier_train_step: Prediction distribution plot has been saved to: /root/autodl-tmp/em_eqf/experiments/clf_grid_r_2_SCEDC_minus_b/runs/tf_30_mf_4p5_seed_2/train_pred_distribution.png
2026-05-15 11:14:54,591 INFO src.train.classifier_train_step: Prediction distribution plot has been saved to: /root/autodl-tmp/em_eqf/experiments/clf_grid_r_2_SCEDC_minus_b/runs/tf_30_mf_4p5_seed_2/val_pred_distribution.png
2026-05-15 11:14:55,133 INFO src.train.classifier_train_step: Prediction distribution plot has been saved to: /root/autodl-tmp/em_eqf/experiments/clf_grid_r_2_SCEDC_minus_b/runs/tf_30_mf_4p5_seed_2/test_pred_distribution.png
2026-05-15 11:14:55,134 INFO src.cli.common: Saved test metrics to /root/autodl-tmp/em_eqf/experiments/clf_grid_r_2_SCEDC_minus_b/runs/tf_30_mf_4p5_seed_2/metrics_test_best_1.json
2026-05-15 11:14:55,134 INFO src.cli.common: Metrics: {'precision': 0.5061728395061729, 'recall': 0.8723404255319149, 'f1': 0.640625, 'auc': 0.8379875886524824, 'pr_auc': 0.8091524066931837, 'fpr': 0.4166666666666667, 'tpr': 0.8723404255319149, 'R': 0.45567375886524825, 'conf': 0.9999999997556659, 'threshold': 0.45582661032676697}
