2026-05-10 19:59:53,207 INFO src.data.preprocessing: CSV files found: ['chuandian_2021.csv']
2026-05-10 19:59:54,414 INFO src.utils.file_utils: Loading cached data from: data/ChuanDian/regressor/regressor_Mc_3_Mf_3_Tfore_180_Twindow_360_context_len_1_dt_10.pkl
2026-05-10 19:59:56,824 INFO src.data.preprocessing: Catalog statistics: {'tau_unfiltered': 0.15339908988298961, 'tau_q025': 0.08114294020924717, 'tau_q05': 0.5134664350189269, 'tau_mean': 1.3070542199341526, 'tau_max': 25.18216435192153, 'tau_min': 0.0, 'time_max': 18770.72654999979, 'time_mean': 10030.9430649837, 'mag_completeness': 3.0, 'mag_mean': 3.456916005014626, 'mag_max': 8.0, 'mag_min': 3.0, 'b_value': 0.856738547623331, 'b_std': 0.0071499224812533796, 'b_n': 14358}
2026-05-10 19:59:56,866 INFO src.data.event_loader: lengths of samples: min=96, max=1340, avg=265.71
2026-05-10 19:59:56,867 INFO src.cli.workflows: Loading checkpoint from: ./checkpoints/mixer_tpp_20260506-113707/last_model_1.pth
2026-05-10 19:59:58,096 INFO src.models.adapters.mixer_task: using time scale base 1.3070542199341526 (key: tau_mean)
2026-05-10 19:59:58,098 INFO src.models.adapters.mixer_task: tau mean: tensor(1.3071)
2026-05-10 19:59:58,107 INFO src.train.config_setup: Restoring model from checkpoint.
2026-05-10 19:59:58,107 INFO src.train.config_setup: Loading model weights: load_specific_parts=['base_model.encoder.input_proj', 'base_model.encoder.layers.0', 'base_model.encoder.layers.1']
2026-05-10 19:59:58,109 INFO src.train.config_setup: Selective load summary: requested_parts=['base_model.encoder.input_proj', 'base_model.encoder.layers.0', 'base_model.encoder.layers.1'], target_in_model=32, matched_in_checkpoint=28, loaded=28, missing_after_load=4, shape_mismatch=0, missing_in_model=0, out_of_scope_loaded=0
2026-05-10 19:59:58,109 INFO src.train.config_setup: Selective load coverage [base_model.encoder.input_proj]: target=4, hit=4, missing=0, complete=True
2026-05-10 19:59:58,109 INFO src.train.config_setup: Selective load coverage [base_model.encoder.layers.0]: target=14, hit=12, missing=2, complete=False
2026-05-10 19:59:58,109 WARNING src.train.config_setup: Selective load coverage missing preview [base_model.encoder.layers.0]: ['base_model.encoder.layers.0.mixer.conv1d.bias', 'base_model.encoder.layers.0.mixer.conv1d.weight']
2026-05-10 19:59:58,109 INFO src.train.config_setup: Selective load coverage [base_model.encoder.layers.1]: target=14, hit=12, missing=2, complete=False
2026-05-10 19:59:58,109 WARNING src.train.config_setup: Selective load coverage missing preview [base_model.encoder.layers.1]: ['base_model.encoder.layers.1.mixer.conv1d.bias', 'base_model.encoder.layers.1.mixer.conv1d.weight']
2026-05-10 19:59:58,109 WARNING src.train.config_setup: Checkpoint missing target parameter preview: ['base_model.encoder.layers.0.mixer.conv1d.bias', 'base_model.encoder.layers.0.mixer.conv1d.weight', 'base_model.encoder.layers.1.mixer.conv1d.bias', 'base_model.encoder.layers.1.mixer.conv1d.weight']
2026-05-10 19:59:58,109 WARNING src.train.config_setup: Target not-loaded parameter preview: ['base_model.encoder.layers.0.mixer.conv1d.bias', 'base_model.encoder.layers.0.mixer.conv1d.weight', 'base_model.encoder.layers.1.mixer.conv1d.bias', 'base_model.encoder.layers.1.mixer.conv1d.weight']
2026-05-10 19:59:58,109 INFO src.train.config_setup: Loaded parameter preview: ['base_model.encoder.input_proj.3.weight', 'base_model.encoder.layers.0.norm2.bias', 'base_model.encoder.layers.1.mixer.norm.weight', 'base_model.encoder.layers.0.norm2.weight', 'base_model.encoder.layers.1.norm.weight', 'base_model.encoder.layers.0.mlp.fc1.weight', 'base_model.encoder.layers.1.mixer.A_log', 'base_model.encoder.layers.1.norm2.bias', 'base_model.encoder.layers.0.norm.weight', 'base_model.encoder.layers.1.mlp.fc1.weight'] ... (+18 more)
2026-05-10 19:59:58,110 INFO src.train.config_setup: Checkpoint hyperparameters loaded.
2026-05-10 19:59:58,110 INFO src.train.config_setup: Checkpoint train metrics available.
2026-05-10 19:59:58,110 INFO src.train.config_setup: Checkpoint val metrics available.
2026-05-10 19:59:58,111 INFO src.train.config_setup: Freeze skipped (checkpoint_restore): freeze_parts is empty.
2026-05-10 19:59:58,111 INFO src.train.config_setup: Using regression criterion: smooth_l1
2026-05-10 19:59:58,111 INFO src.train.config_setup: Criterion config: {'beta': 0.2}
2026-05-10 19:59:58,112 INFO src.train.config_setup: encoder_param_keywords: ['base_model.encoder.input_proj', 'base_model.encoder.layers.0', 'base_model.encoder.layers.1']
2026-05-10 19:59:58,112 INFO src.train.config_setup: encoder_lr grouping summary: lr=0.0004, matched=32
2026-05-10 19:59:58,112 INFO src.train.config_setup: Encoder LR coverage [base_model.encoder.input_proj]: target=4, hit=4, missing=0, complete=True
2026-05-10 19:59:58,112 INFO src.train.config_setup: Encoder LR coverage [base_model.encoder.layers.0]: target=14, hit=14, missing=0, complete=True
2026-05-10 19:59:58,112 INFO src.train.config_setup: Encoder LR coverage [base_model.encoder.layers.1]: target=14, hit=14, missing=0, complete=True
2026-05-10 19:59:58,112 INFO src.train.config_setup: encoder_lr matched preview: ['base_model.encoder.input_proj.0.weight', 'base_model.encoder.input_proj.0.bias', 'base_model.encoder.input_proj.3.weight', 'base_model.encoder.input_proj.3.bias', 'base_model.encoder.layers.0.norm.weight', 'base_model.encoder.layers.0.norm.bias', 'base_model.encoder.layers.0.mixer.dt_bias', 'base_model.encoder.layers.0.mixer.A_log', 'base_model.encoder.layers.0.mixer.D', 'base_model.encoder.layers.0.mixer.in_proj.weight'] ... (+22 more)
2026-05-10 19:59:58,113 INFO src.train.config_setup: Not resuming optimizer/scheduler state; reset training state to start_epoch=0, best_val_loss=inf.
2026-05-10 19:59:58,113 INFO src.train.trainer: Epoch 1
2026-05-10 20:00:29,587 INFO src.train.trainer: New best validation loss: 0.0441, saved to /root/autodl-tmp/em_eqf/experiments/reg_mixer_attnpl_grid_lr_on/runs/attn_l2_load_load_3_seed_2/best_model_1.pth
2026-05-10 20:00:29,597 INFO src.train.trainer: Last model at epoch 1 saved to /root/autodl-tmp/em_eqf/experiments/reg_mixer_attnpl_grid_lr_on/runs/attn_l2_load_load_3_seed_2/last_model_1.pth
2026-05-10 20:00:29,597 INFO src.train.trainer: Epoch 2
2026-05-10 20:00:32,632 INFO src.train.trainer: New best validation loss: 0.0418, saved to /root/autodl-tmp/em_eqf/experiments/reg_mixer_attnpl_grid_lr_on/runs/attn_l2_load_load_3_seed_2/best_model_1.pth
2026-05-10 20:00:32,646 INFO src.train.trainer: Last model at epoch 2 saved to /root/autodl-tmp/em_eqf/experiments/reg_mixer_attnpl_grid_lr_on/runs/attn_l2_load_load_3_seed_2/last_model_1.pth
2026-05-10 20:00:32,646 INFO src.train.trainer: Epoch 3
2026-05-10 20:00:35,759 INFO src.train.trainer: Last model at epoch 3 saved to /root/autodl-tmp/em_eqf/experiments/reg_mixer_attnpl_grid_lr_on/runs/attn_l2_load_load_3_seed_2/last_model_1.pth
2026-05-10 20:00:35,759 INFO src.train.trainer: Epoch 4
2026-05-10 20:00:39,055 INFO src.train.trainer: New best validation loss: 0.0418, saved to /root/autodl-tmp/em_eqf/experiments/reg_mixer_attnpl_grid_lr_on/runs/attn_l2_load_load_3_seed_2/best_model_1.pth
2026-05-10 20:00:39,067 INFO src.train.trainer: Last model at epoch 4 saved to /root/autodl-tmp/em_eqf/experiments/reg_mixer_attnpl_grid_lr_on/runs/attn_l2_load_load_3_seed_2/last_model_1.pth
2026-05-10 20:00:39,067 INFO src.train.trainer: Epoch 5
2026-05-10 20:00:42,003 INFO src.train.trainer: New best validation loss: 0.0416, saved to /root/autodl-tmp/em_eqf/experiments/reg_mixer_attnpl_grid_lr_on/runs/attn_l2_load_load_3_seed_2/best_model_1.pth
2026-05-10 20:00:42,014 INFO src.train.trainer: Last model at epoch 5 saved to /root/autodl-tmp/em_eqf/experiments/reg_mixer_attnpl_grid_lr_on/runs/attn_l2_load_load_3_seed_2/last_model_1.pth
2026-05-10 20:00:42,014 INFO src.train.trainer: Epoch 6
2026-05-10 20:00:44,786 INFO src.train.trainer: Last model at epoch 6 saved to /root/autodl-tmp/em_eqf/experiments/reg_mixer_attnpl_grid_lr_on/runs/attn_l2_load_load_3_seed_2/last_model_1.pth
2026-05-10 20:00:44,787 INFO src.train.trainer: Epoch 7
2026-05-10 20:00:47,482 INFO src.train.trainer: Last model at epoch 7 saved to /root/autodl-tmp/em_eqf/experiments/reg_mixer_attnpl_grid_lr_on/runs/attn_l2_load_load_3_seed_2/last_model_1.pth
2026-05-10 20:00:47,482 INFO src.train.trainer: Epoch 8
2026-05-10 20:00:50,231 INFO src.train.trainer: Last model at epoch 8 saved to /root/autodl-tmp/em_eqf/experiments/reg_mixer_attnpl_grid_lr_on/runs/attn_l2_load_load_3_seed_2/last_model_1.pth
2026-05-10 20:00:50,232 INFO src.train.trainer: Epoch 9
2026-05-10 20:00:53,367 INFO src.train.trainer: Last model at epoch 9 saved to /root/autodl-tmp/em_eqf/experiments/reg_mixer_attnpl_grid_lr_on/runs/attn_l2_load_load_3_seed_2/last_model_1.pth
2026-05-10 20:00:53,367 INFO src.train.trainer: Epoch 10
2026-05-10 20:00:56,333 INFO src.train.trainer: New best validation loss: 0.0416, saved to /root/autodl-tmp/em_eqf/experiments/reg_mixer_attnpl_grid_lr_on/runs/attn_l2_load_load_3_seed_2/best_model_1.pth
2026-05-10 20:00:56,348 INFO src.train.trainer: Last model at epoch 10 saved to /root/autodl-tmp/em_eqf/experiments/reg_mixer_attnpl_grid_lr_on/runs/attn_l2_load_load_3_seed_2/last_model_1.pth
2026-05-10 20:00:56,349 INFO src.train.trainer: Epoch 11
2026-05-10 20:00:59,321 INFO src.train.trainer: Last model at epoch 11 saved to /root/autodl-tmp/em_eqf/experiments/reg_mixer_attnpl_grid_lr_on/runs/attn_l2_load_load_3_seed_2/last_model_1.pth
2026-05-10 20:00:59,322 INFO src.train.trainer: Epoch 12
2026-05-10 20:01:02,308 INFO src.train.trainer: Last model at epoch 12 saved to /root/autodl-tmp/em_eqf/experiments/reg_mixer_attnpl_grid_lr_on/runs/attn_l2_load_load_3_seed_2/last_model_1.pth
2026-05-10 20:01:02,309 INFO src.train.trainer: Epoch 13
2026-05-10 20:01:05,333 INFO src.train.trainer: Last model at epoch 13 saved to /root/autodl-tmp/em_eqf/experiments/reg_mixer_attnpl_grid_lr_on/runs/attn_l2_load_load_3_seed_2/last_model_1.pth
2026-05-10 20:01:05,333 INFO src.train.trainer: Epoch 14
2026-05-10 20:01:08,443 INFO src.train.trainer: Last model at epoch 14 saved to /root/autodl-tmp/em_eqf/experiments/reg_mixer_attnpl_grid_lr_on/runs/attn_l2_load_load_3_seed_2/last_model_1.pth
2026-05-10 20:01:08,443 INFO src.train.trainer: Epoch 15
2026-05-10 20:01:11,435 INFO src.train.trainer: Last model at epoch 15 saved to /root/autodl-tmp/em_eqf/experiments/reg_mixer_attnpl_grid_lr_on/runs/attn_l2_load_load_3_seed_2/last_model_1.pth
2026-05-10 20:01:11,435 INFO src.train.trainer: Epoch 16
2026-05-10 20:01:14,133 INFO src.train.trainer: Last model at epoch 16 saved to /root/autodl-tmp/em_eqf/experiments/reg_mixer_attnpl_grid_lr_on/runs/attn_l2_load_load_3_seed_2/last_model_1.pth
2026-05-10 20:01:14,133 INFO src.train.trainer: Epoch 17
2026-05-10 20:01:17,018 INFO src.train.trainer: Last model at epoch 17 saved to /root/autodl-tmp/em_eqf/experiments/reg_mixer_attnpl_grid_lr_on/runs/attn_l2_load_load_3_seed_2/last_model_1.pth
2026-05-10 20:01:17,018 INFO src.train.trainer: Epoch 18
2026-05-10 20:01:20,315 INFO src.train.trainer: Last model at epoch 18 saved to /root/autodl-tmp/em_eqf/experiments/reg_mixer_attnpl_grid_lr_on/runs/attn_l2_load_load_3_seed_2/last_model_1.pth
2026-05-10 20:01:20,316 INFO src.train.trainer: Epoch 19
2026-05-10 20:01:23,546 INFO src.train.trainer: Last model at epoch 19 saved to /root/autodl-tmp/em_eqf/experiments/reg_mixer_attnpl_grid_lr_on/runs/attn_l2_load_load_3_seed_2/last_model_1.pth
2026-05-10 20:01:23,546 INFO src.train.trainer: Epoch 20
2026-05-10 20:01:26,852 INFO src.train.trainer: Last model at epoch 20 saved to /root/autodl-tmp/em_eqf/experiments/reg_mixer_attnpl_grid_lr_on/runs/attn_l2_load_load_3_seed_2/last_model_1.pth
2026-05-10 20:01:26,852 INFO src.train.trainer: Epoch 21
2026-05-10 20:01:30,133 INFO src.train.trainer: Last model at epoch 21 saved to /root/autodl-tmp/em_eqf/experiments/reg_mixer_attnpl_grid_lr_on/runs/attn_l2_load_load_3_seed_2/last_model_1.pth
2026-05-10 20:01:30,133 INFO src.train.trainer: Epoch 22
2026-05-10 20:01:33,079 INFO src.train.trainer: Last model at epoch 22 saved to /root/autodl-tmp/em_eqf/experiments/reg_mixer_attnpl_grid_lr_on/runs/attn_l2_load_load_3_seed_2/last_model_1.pth
2026-05-10 20:01:33,079 INFO src.train.trainer: Epoch 23
2026-05-10 20:01:35,916 INFO src.train.trainer: Last model at epoch 23 saved to /root/autodl-tmp/em_eqf/experiments/reg_mixer_attnpl_grid_lr_on/runs/attn_l2_load_load_3_seed_2/last_model_1.pth
2026-05-10 20:01:35,917 INFO src.train.trainer: Epoch 24
2026-05-10 20:01:39,094 INFO src.train.trainer: Last model at epoch 24 saved to /root/autodl-tmp/em_eqf/experiments/reg_mixer_attnpl_grid_lr_on/runs/attn_l2_load_load_3_seed_2/last_model_1.pth
2026-05-10 20:01:39,094 INFO src.train.trainer: Epoch 25
2026-05-10 20:01:42,219 INFO src.train.trainer: Last model at epoch 25 saved to /root/autodl-tmp/em_eqf/experiments/reg_mixer_attnpl_grid_lr_on/runs/attn_l2_load_load_3_seed_2/last_model_1.pth
2026-05-10 20:01:42,220 INFO src.train.trainer: Epoch 26
2026-05-10 20:01:45,442 INFO src.train.trainer: Last model at epoch 26 saved to /root/autodl-tmp/em_eqf/experiments/reg_mixer_attnpl_grid_lr_on/runs/attn_l2_load_load_3_seed_2/last_model_1.pth
2026-05-10 20:01:45,443 INFO src.train.trainer: Epoch 27
2026-05-10 20:01:48,725 INFO src.train.trainer: Last model at epoch 27 saved to /root/autodl-tmp/em_eqf/experiments/reg_mixer_attnpl_grid_lr_on/runs/attn_l2_load_load_3_seed_2/last_model_1.pth
2026-05-10 20:01:48,726 INFO src.train.trainer: Epoch 28
2026-05-10 20:01:52,071 INFO src.train.trainer: Last model at epoch 28 saved to /root/autodl-tmp/em_eqf/experiments/reg_mixer_attnpl_grid_lr_on/runs/attn_l2_load_load_3_seed_2/last_model_1.pth
2026-05-10 20:01:52,072 INFO src.train.trainer: Epoch 29
2026-05-10 20:01:55,375 INFO src.train.trainer: Last model at epoch 29 saved to /root/autodl-tmp/em_eqf/experiments/reg_mixer_attnpl_grid_lr_on/runs/attn_l2_load_load_3_seed_2/last_model_1.pth
2026-05-10 20:01:55,375 INFO src.train.trainer: Epoch 30
2026-05-10 20:01:58,537 INFO src.train.trainer: Last model at epoch 30 saved to /root/autodl-tmp/em_eqf/experiments/reg_mixer_attnpl_grid_lr_on/runs/attn_l2_load_load_3_seed_2/last_model_1.pth
2026-05-10 20:01:58,537 INFO src.train.trainer: Epoch 31
2026-05-10 20:02:01,703 INFO src.train.trainer: Last model at epoch 31 saved to /root/autodl-tmp/em_eqf/experiments/reg_mixer_attnpl_grid_lr_on/runs/attn_l2_load_load_3_seed_2/last_model_1.pth
2026-05-10 20:02:01,704 INFO src.train.trainer: Epoch 32
2026-05-10 20:02:04,899 INFO src.train.trainer: Last model at epoch 32 saved to /root/autodl-tmp/em_eqf/experiments/reg_mixer_attnpl_grid_lr_on/runs/attn_l2_load_load_3_seed_2/last_model_1.pth
2026-05-10 20:02:04,899 INFO src.train.trainer: Epoch 33
2026-05-10 20:02:07,809 INFO src.train.trainer: Last model at epoch 33 saved to /root/autodl-tmp/em_eqf/experiments/reg_mixer_attnpl_grid_lr_on/runs/attn_l2_load_load_3_seed_2/last_model_1.pth
2026-05-10 20:02:07,810 INFO src.train.trainer: Epoch 34
2026-05-10 20:02:10,913 INFO src.train.trainer: Last model at epoch 34 saved to /root/autodl-tmp/em_eqf/experiments/reg_mixer_attnpl_grid_lr_on/runs/attn_l2_load_load_3_seed_2/last_model_1.pth
2026-05-10 20:02:10,914 INFO src.train.trainer: Epoch 35
2026-05-10 20:02:13,905 INFO src.train.trainer: Last model at epoch 35 saved to /root/autodl-tmp/em_eqf/experiments/reg_mixer_attnpl_grid_lr_on/runs/attn_l2_load_load_3_seed_2/last_model_1.pth
2026-05-10 20:02:13,906 INFO src.train.trainer: Epoch 36
2026-05-10 20:02:16,872 INFO src.train.trainer: Last model at epoch 36 saved to /root/autodl-tmp/em_eqf/experiments/reg_mixer_attnpl_grid_lr_on/runs/attn_l2_load_load_3_seed_2/last_model_1.pth
2026-05-10 20:02:16,872 INFO src.train.trainer: Epoch 37
2026-05-10 20:02:19,623 INFO src.train.trainer: Last model at epoch 37 saved to /root/autodl-tmp/em_eqf/experiments/reg_mixer_attnpl_grid_lr_on/runs/attn_l2_load_load_3_seed_2/last_model_1.pth
2026-05-10 20:02:19,623 INFO src.train.trainer: Epoch 38
2026-05-10 20:02:22,533 INFO src.train.trainer: Last model at epoch 38 saved to /root/autodl-tmp/em_eqf/experiments/reg_mixer_attnpl_grid_lr_on/runs/attn_l2_load_load_3_seed_2/last_model_1.pth
2026-05-10 20:02:22,534 INFO src.train.trainer: Epoch 39
2026-05-10 20:02:25,727 INFO src.train.trainer: Last model at epoch 39 saved to /root/autodl-tmp/em_eqf/experiments/reg_mixer_attnpl_grid_lr_on/runs/attn_l2_load_load_3_seed_2/last_model_1.pth
2026-05-10 20:02:25,727 INFO src.train.trainer: Epoch 40
2026-05-10 20:02:28,828 INFO src.train.trainer: Last model at epoch 40 saved to /root/autodl-tmp/em_eqf/experiments/reg_mixer_attnpl_grid_lr_on/runs/attn_l2_load_load_3_seed_2/last_model_1.pth
2026-05-10 20:02:28,829 INFO src.train.trainer: Epoch 41
2026-05-10 20:02:31,934 INFO src.train.trainer: Last model at epoch 41 saved to /root/autodl-tmp/em_eqf/experiments/reg_mixer_attnpl_grid_lr_on/runs/attn_l2_load_load_3_seed_2/last_model_1.pth
2026-05-10 20:02:31,934 INFO src.train.trainer: Epoch 42
2026-05-10 20:02:34,917 INFO src.train.trainer: Last model at epoch 42 saved to /root/autodl-tmp/em_eqf/experiments/reg_mixer_attnpl_grid_lr_on/runs/attn_l2_load_load_3_seed_2/last_model_1.pth
2026-05-10 20:02:34,918 INFO src.train.trainer: Epoch 43
2026-05-10 20:02:37,730 INFO src.train.trainer: Last model at epoch 43 saved to /root/autodl-tmp/em_eqf/experiments/reg_mixer_attnpl_grid_lr_on/runs/attn_l2_load_load_3_seed_2/last_model_1.pth
2026-05-10 20:02:37,730 INFO src.train.trainer: Epoch 44
2026-05-10 20:02:40,837 INFO src.train.trainer: Last model at epoch 44 saved to /root/autodl-tmp/em_eqf/experiments/reg_mixer_attnpl_grid_lr_on/runs/attn_l2_load_load_3_seed_2/last_model_1.pth
2026-05-10 20:02:40,838 INFO src.train.trainer: Epoch 45
2026-05-10 20:02:44,199 INFO src.train.trainer: Last model at epoch 45 saved to /root/autodl-tmp/em_eqf/experiments/reg_mixer_attnpl_grid_lr_on/runs/attn_l2_load_load_3_seed_2/last_model_1.pth
2026-05-10 20:02:44,199 INFO src.train.trainer: Epoch 46
2026-05-10 20:02:47,547 INFO src.train.trainer: Last model at epoch 46 saved to /root/autodl-tmp/em_eqf/experiments/reg_mixer_attnpl_grid_lr_on/runs/attn_l2_load_load_3_seed_2/last_model_1.pth
2026-05-10 20:02:47,547 INFO src.train.trainer: Epoch 47
2026-05-10 20:02:50,637 INFO src.train.trainer: Last model at epoch 47 saved to /root/autodl-tmp/em_eqf/experiments/reg_mixer_attnpl_grid_lr_on/runs/attn_l2_load_load_3_seed_2/last_model_1.pth
2026-05-10 20:02:50,637 INFO src.train.trainer: Epoch 48
2026-05-10 20:02:53,937 INFO src.train.trainer: Last model at epoch 48 saved to /root/autodl-tmp/em_eqf/experiments/reg_mixer_attnpl_grid_lr_on/runs/attn_l2_load_load_3_seed_2/last_model_1.pth
2026-05-10 20:02:53,938 INFO src.train.trainer: Epoch 49
2026-05-10 20:02:57,161 INFO src.train.trainer: New best validation loss: 0.0357, saved to /root/autodl-tmp/em_eqf/experiments/reg_mixer_attnpl_grid_lr_on/runs/attn_l2_load_load_3_seed_2/best_model_1.pth
2026-05-10 20:02:57,173 INFO src.train.trainer: Last model at epoch 49 saved to /root/autodl-tmp/em_eqf/experiments/reg_mixer_attnpl_grid_lr_on/runs/attn_l2_load_load_3_seed_2/last_model_1.pth
2026-05-10 20:02:57,173 INFO src.train.trainer: Epoch 50
2026-05-10 20:03:00,719 INFO src.train.trainer: Last model at epoch 50 saved to /root/autodl-tmp/em_eqf/experiments/reg_mixer_attnpl_grid_lr_on/runs/attn_l2_load_load_3_seed_2/last_model_1.pth
2026-05-10 20:03:00,719 INFO src.train.trainer: Epoch 51
2026-05-10 20:03:04,230 INFO src.train.trainer: Last model at epoch 51 saved to /root/autodl-tmp/em_eqf/experiments/reg_mixer_attnpl_grid_lr_on/runs/attn_l2_load_load_3_seed_2/last_model_1.pth
2026-05-10 20:03:04,231 INFO src.train.trainer: Epoch 52
2026-05-10 20:03:07,142 INFO src.train.trainer: Last model at epoch 52 saved to /root/autodl-tmp/em_eqf/experiments/reg_mixer_attnpl_grid_lr_on/runs/attn_l2_load_load_3_seed_2/last_model_1.pth
2026-05-10 20:03:07,142 INFO src.train.trainer: Epoch 53
2026-05-10 20:03:10,286 INFO src.train.trainer: Last model at epoch 53 saved to /root/autodl-tmp/em_eqf/experiments/reg_mixer_attnpl_grid_lr_on/runs/attn_l2_load_load_3_seed_2/last_model_1.pth
2026-05-10 20:03:10,286 INFO src.train.trainer: Epoch 54
2026-05-10 20:03:13,249 INFO src.train.trainer: Last model at epoch 54 saved to /root/autodl-tmp/em_eqf/experiments/reg_mixer_attnpl_grid_lr_on/runs/attn_l2_load_load_3_seed_2/last_model_1.pth
2026-05-10 20:03:13,249 INFO src.train.trainer: Epoch 55
2026-05-10 20:03:16,332 INFO src.train.trainer: Last model at epoch 55 saved to /root/autodl-tmp/em_eqf/experiments/reg_mixer_attnpl_grid_lr_on/runs/attn_l2_load_load_3_seed_2/last_model_1.pth
2026-05-10 20:03:16,332 INFO src.train.trainer: Epoch 56
2026-05-10 20:03:19,705 INFO src.train.trainer: Last model at epoch 56 saved to /root/autodl-tmp/em_eqf/experiments/reg_mixer_attnpl_grid_lr_on/runs/attn_l2_load_load_3_seed_2/last_model_1.pth
2026-05-10 20:03:19,706 INFO src.train.trainer: Epoch 57
2026-05-10 20:03:22,234 INFO src.train.trainer: Last model at epoch 57 saved to /root/autodl-tmp/em_eqf/experiments/reg_mixer_attnpl_grid_lr_on/runs/attn_l2_load_load_3_seed_2/last_model_1.pth
2026-05-10 20:03:22,234 INFO src.train.trainer: Epoch 58
2026-05-10 20:03:25,480 INFO src.train.trainer: Last model at epoch 58 saved to /root/autodl-tmp/em_eqf/experiments/reg_mixer_attnpl_grid_lr_on/runs/attn_l2_load_load_3_seed_2/last_model_1.pth
2026-05-10 20:03:25,481 INFO src.train.trainer: Epoch 59
2026-05-10 20:03:28,786 INFO src.train.trainer: Last model at epoch 59 saved to /root/autodl-tmp/em_eqf/experiments/reg_mixer_attnpl_grid_lr_on/runs/attn_l2_load_load_3_seed_2/last_model_1.pth
2026-05-10 20:03:28,786 INFO src.train.trainer: Epoch 60
2026-05-10 20:03:31,960 INFO src.train.trainer: Last model at epoch 60 saved to /root/autodl-tmp/em_eqf/experiments/reg_mixer_attnpl_grid_lr_on/runs/attn_l2_load_load_3_seed_2/last_model_1.pth
2026-05-10 20:03:31,970 INFO src.train.trainer: Saved epoch 60 snapshot to /root/autodl-tmp/em_eqf/experiments/reg_mixer_attnpl_grid_lr_on/runs/attn_l2_load_load_3_seed_2/epoch_60_model_1.pth
2026-05-10 20:03:31,970 INFO src.train.trainer: Epoch 61
2026-05-10 20:03:35,158 INFO src.train.trainer: Last model at epoch 61 saved to /root/autodl-tmp/em_eqf/experiments/reg_mixer_attnpl_grid_lr_on/runs/attn_l2_load_load_3_seed_2/last_model_1.pth
2026-05-10 20:03:35,158 INFO src.train.trainer: Epoch 62
2026-05-10 20:03:38,146 INFO src.train.trainer: Last model at epoch 62 saved to /root/autodl-tmp/em_eqf/experiments/reg_mixer_attnpl_grid_lr_on/runs/attn_l2_load_load_3_seed_2/last_model_1.pth
2026-05-10 20:03:38,146 INFO src.train.trainer: Epoch 63
2026-05-10 20:03:41,040 INFO src.train.trainer: Last model at epoch 63 saved to /root/autodl-tmp/em_eqf/experiments/reg_mixer_attnpl_grid_lr_on/runs/attn_l2_load_load_3_seed_2/last_model_1.pth
2026-05-10 20:03:41,040 INFO src.train.trainer: Epoch 64
2026-05-10 20:03:43,763 INFO src.train.trainer: Last model at epoch 64 saved to /root/autodl-tmp/em_eqf/experiments/reg_mixer_attnpl_grid_lr_on/runs/attn_l2_load_load_3_seed_2/last_model_1.pth
2026-05-10 20:03:43,764 INFO src.train.trainer: Epoch 65
2026-05-10 20:03:46,735 INFO src.train.trainer: Last model at epoch 65 saved to /root/autodl-tmp/em_eqf/experiments/reg_mixer_attnpl_grid_lr_on/runs/attn_l2_load_load_3_seed_2/last_model_1.pth
2026-05-10 20:03:46,735 INFO src.train.trainer: Epoch 66
2026-05-10 20:03:49,760 INFO src.train.trainer: Last model at epoch 66 saved to /root/autodl-tmp/em_eqf/experiments/reg_mixer_attnpl_grid_lr_on/runs/attn_l2_load_load_3_seed_2/last_model_1.pth
2026-05-10 20:03:49,760 INFO src.train.trainer: Epoch 67
2026-05-10 20:03:52,573 INFO src.train.trainer: Last model at epoch 67 saved to /root/autodl-tmp/em_eqf/experiments/reg_mixer_attnpl_grid_lr_on/runs/attn_l2_load_load_3_seed_2/last_model_1.pth
2026-05-10 20:03:52,574 INFO src.train.trainer: Epoch 68
2026-05-10 20:03:55,400 INFO src.train.trainer: Last model at epoch 68 saved to /root/autodl-tmp/em_eqf/experiments/reg_mixer_attnpl_grid_lr_on/runs/attn_l2_load_load_3_seed_2/last_model_1.pth
2026-05-10 20:03:55,400 INFO src.train.trainer: Epoch 69
2026-05-10 20:03:58,035 INFO src.train.trainer: Last model at epoch 69 saved to /root/autodl-tmp/em_eqf/experiments/reg_mixer_attnpl_grid_lr_on/runs/attn_l2_load_load_3_seed_2/last_model_1.pth
2026-05-10 20:03:58,036 INFO src.train.trainer: Epoch 70
2026-05-10 20:04:01,042 INFO src.train.trainer: Last model at epoch 70 saved to /root/autodl-tmp/em_eqf/experiments/reg_mixer_attnpl_grid_lr_on/runs/attn_l2_load_load_3_seed_2/last_model_1.pth
2026-05-10 20:04:01,043 INFO src.train.trainer: Epoch 71
2026-05-10 20:04:03,918 INFO src.train.trainer: Last model at epoch 71 saved to /root/autodl-tmp/em_eqf/experiments/reg_mixer_attnpl_grid_lr_on/runs/attn_l2_load_load_3_seed_2/last_model_1.pth
2026-05-10 20:04:03,918 INFO src.train.trainer: Epoch 72
2026-05-10 20:04:06,915 INFO src.train.trainer: Last model at epoch 72 saved to /root/autodl-tmp/em_eqf/experiments/reg_mixer_attnpl_grid_lr_on/runs/attn_l2_load_load_3_seed_2/last_model_1.pth
2026-05-10 20:04:06,915 INFO src.train.trainer: Epoch 73
2026-05-10 20:04:09,789 INFO src.train.trainer: Last model at epoch 73 saved to /root/autodl-tmp/em_eqf/experiments/reg_mixer_attnpl_grid_lr_on/runs/attn_l2_load_load_3_seed_2/last_model_1.pth
2026-05-10 20:04:09,789 INFO src.train.trainer: Epoch 74
2026-05-10 20:04:12,833 INFO src.train.trainer: Last model at epoch 74 saved to /root/autodl-tmp/em_eqf/experiments/reg_mixer_attnpl_grid_lr_on/runs/attn_l2_load_load_3_seed_2/last_model_1.pth
2026-05-10 20:04:12,833 INFO src.train.trainer: Epoch 75
2026-05-10 20:04:15,610 INFO src.train.trainer: Last model at epoch 75 saved to /root/autodl-tmp/em_eqf/experiments/reg_mixer_attnpl_grid_lr_on/runs/attn_l2_load_load_3_seed_2/last_model_1.pth
2026-05-10 20:04:15,610 INFO src.train.trainer: Epoch 76
2026-05-10 20:04:18,744 INFO src.train.trainer: Last model at epoch 76 saved to /root/autodl-tmp/em_eqf/experiments/reg_mixer_attnpl_grid_lr_on/runs/attn_l2_load_load_3_seed_2/last_model_1.pth
2026-05-10 20:04:18,744 INFO src.train.trainer: Epoch 77
2026-05-10 20:04:21,967 INFO src.train.trainer: Last model at epoch 77 saved to /root/autodl-tmp/em_eqf/experiments/reg_mixer_attnpl_grid_lr_on/runs/attn_l2_load_load_3_seed_2/last_model_1.pth
2026-05-10 20:04:21,968 INFO src.train.trainer: Epoch 78
2026-05-10 20:04:25,238 INFO src.train.trainer: Last model at epoch 78 saved to /root/autodl-tmp/em_eqf/experiments/reg_mixer_attnpl_grid_lr_on/runs/attn_l2_load_load_3_seed_2/last_model_1.pth
2026-05-10 20:04:25,239 INFO src.train.trainer: Epoch 79
2026-05-10 20:04:28,329 INFO src.train.trainer: Last model at epoch 79 saved to /root/autodl-tmp/em_eqf/experiments/reg_mixer_attnpl_grid_lr_on/runs/attn_l2_load_load_3_seed_2/last_model_1.pth
2026-05-10 20:04:28,329 INFO src.train.trainer: Epoch 80
2026-05-10 20:04:31,461 INFO src.train.trainer: Last model at epoch 80 saved to /root/autodl-tmp/em_eqf/experiments/reg_mixer_attnpl_grid_lr_on/runs/attn_l2_load_load_3_seed_2/last_model_1.pth
2026-05-10 20:04:31,477 INFO src.train.trainer: Saved epoch 80 snapshot to /root/autodl-tmp/em_eqf/experiments/reg_mixer_attnpl_grid_lr_on/runs/attn_l2_load_load_3_seed_2/epoch_80_model_1.pth
2026-05-10 20:04:31,478 INFO src.train.trainer: Epoch 81
2026-05-10 20:04:34,484 INFO src.train.trainer: Last model at epoch 81 saved to /root/autodl-tmp/em_eqf/experiments/reg_mixer_attnpl_grid_lr_on/runs/attn_l2_load_load_3_seed_2/last_model_1.pth
2026-05-10 20:04:34,484 INFO src.train.trainer: Epoch 82
2026-05-10 20:04:37,439 INFO src.train.trainer: Last model at epoch 82 saved to /root/autodl-tmp/em_eqf/experiments/reg_mixer_attnpl_grid_lr_on/runs/attn_l2_load_load_3_seed_2/last_model_1.pth
2026-05-10 20:04:37,440 INFO src.train.trainer: Epoch 83
2026-05-10 20:04:40,794 INFO src.train.trainer: Last model at epoch 83 saved to /root/autodl-tmp/em_eqf/experiments/reg_mixer_attnpl_grid_lr_on/runs/attn_l2_load_load_3_seed_2/last_model_1.pth
2026-05-10 20:04:40,795 INFO src.train.trainer: Epoch 84
2026-05-10 20:04:44,063 INFO src.train.trainer: Last model at epoch 84 saved to /root/autodl-tmp/em_eqf/experiments/reg_mixer_attnpl_grid_lr_on/runs/attn_l2_load_load_3_seed_2/last_model_1.pth
2026-05-10 20:04:44,063 INFO src.train.trainer: Epoch 85
2026-05-10 20:04:47,041 INFO src.train.trainer: Last model at epoch 85 saved to /root/autodl-tmp/em_eqf/experiments/reg_mixer_attnpl_grid_lr_on/runs/attn_l2_load_load_3_seed_2/last_model_1.pth
2026-05-10 20:04:47,041 INFO src.train.trainer: Epoch 86
2026-05-10 20:04:49,951 INFO src.train.trainer: Last model at epoch 86 saved to /root/autodl-tmp/em_eqf/experiments/reg_mixer_attnpl_grid_lr_on/runs/attn_l2_load_load_3_seed_2/last_model_1.pth
2026-05-10 20:04:49,952 INFO src.train.trainer: Epoch 87
2026-05-10 20:04:52,572 INFO src.train.trainer: Last model at epoch 87 saved to /root/autodl-tmp/em_eqf/experiments/reg_mixer_attnpl_grid_lr_on/runs/attn_l2_load_load_3_seed_2/last_model_1.pth
2026-05-10 20:04:52,572 INFO src.train.trainer: Epoch 88
2026-05-10 20:04:55,645 INFO src.train.trainer: Last model at epoch 88 saved to /root/autodl-tmp/em_eqf/experiments/reg_mixer_attnpl_grid_lr_on/runs/attn_l2_load_load_3_seed_2/last_model_1.pth
2026-05-10 20:04:55,646 INFO src.train.trainer: Epoch 89
2026-05-10 20:04:58,760 INFO src.train.trainer: Last model at epoch 89 saved to /root/autodl-tmp/em_eqf/experiments/reg_mixer_attnpl_grid_lr_on/runs/attn_l2_load_load_3_seed_2/last_model_1.pth
2026-05-10 20:04:58,761 INFO src.train.trainer: Epoch 90
2026-05-10 20:05:01,563 INFO src.train.trainer: Last model at epoch 90 saved to /root/autodl-tmp/em_eqf/experiments/reg_mixer_attnpl_grid_lr_on/runs/attn_l2_load_load_3_seed_2/last_model_1.pth
2026-05-10 20:05:01,564 INFO src.train.trainer: Epoch 91
2026-05-10 20:05:04,404 INFO src.train.trainer: Last model at epoch 91 saved to /root/autodl-tmp/em_eqf/experiments/reg_mixer_attnpl_grid_lr_on/runs/attn_l2_load_load_3_seed_2/last_model_1.pth
2026-05-10 20:05:04,404 INFO src.train.trainer: Epoch 92
2026-05-10 20:05:07,293 INFO src.train.trainer: Last model at epoch 92 saved to /root/autodl-tmp/em_eqf/experiments/reg_mixer_attnpl_grid_lr_on/runs/attn_l2_load_load_3_seed_2/last_model_1.pth
2026-05-10 20:05:07,293 INFO src.train.trainer: Epoch 93
2026-05-10 20:05:10,290 INFO src.train.trainer: Last model at epoch 93 saved to /root/autodl-tmp/em_eqf/experiments/reg_mixer_attnpl_grid_lr_on/runs/attn_l2_load_load_3_seed_2/last_model_1.pth
2026-05-10 20:05:10,290 INFO src.train.trainer: Epoch 94
2026-05-10 20:05:12,901 INFO src.train.trainer: Last model at epoch 94 saved to /root/autodl-tmp/em_eqf/experiments/reg_mixer_attnpl_grid_lr_on/runs/attn_l2_load_load_3_seed_2/last_model_1.pth
2026-05-10 20:05:12,901 INFO src.train.trainer: Epoch 95
2026-05-10 20:05:16,113 INFO src.train.trainer: Last model at epoch 95 saved to /root/autodl-tmp/em_eqf/experiments/reg_mixer_attnpl_grid_lr_on/runs/attn_l2_load_load_3_seed_2/last_model_1.pth
2026-05-10 20:05:16,114 INFO src.train.trainer: Epoch 96
2026-05-10 20:05:19,267 INFO src.train.trainer: Last model at epoch 96 saved to /root/autodl-tmp/em_eqf/experiments/reg_mixer_attnpl_grid_lr_on/runs/attn_l2_load_load_3_seed_2/last_model_1.pth
2026-05-10 20:05:19,268 INFO src.train.trainer: Epoch 97
2026-05-10 20:05:22,263 INFO src.train.trainer: Last model at epoch 97 saved to /root/autodl-tmp/em_eqf/experiments/reg_mixer_attnpl_grid_lr_on/runs/attn_l2_load_load_3_seed_2/last_model_1.pth
2026-05-10 20:05:22,263 INFO src.train.trainer: Epoch 98
2026-05-10 20:05:25,523 INFO src.train.trainer: Last model at epoch 98 saved to /root/autodl-tmp/em_eqf/experiments/reg_mixer_attnpl_grid_lr_on/runs/attn_l2_load_load_3_seed_2/last_model_1.pth
2026-05-10 20:05:25,524 INFO src.train.trainer: Epoch 99
2026-05-10 20:05:28,931 INFO src.train.trainer: Last model at epoch 99 saved to /root/autodl-tmp/em_eqf/experiments/reg_mixer_attnpl_grid_lr_on/runs/attn_l2_load_load_3_seed_2/last_model_1.pth
2026-05-10 20:05:28,931 INFO src.train.trainer: Epoch 100
2026-05-10 20:05:32,139 INFO src.train.trainer: Last model at epoch 100 saved to /root/autodl-tmp/em_eqf/experiments/reg_mixer_attnpl_grid_lr_on/runs/attn_l2_load_load_3_seed_2/last_model_1.pth
2026-05-10 20:05:32,153 INFO src.train.trainer: Saved epoch 100 snapshot to /root/autodl-tmp/em_eqf/experiments/reg_mixer_attnpl_grid_lr_on/runs/attn_l2_load_load_3_seed_2/epoch_100_model_1.pth
2026-05-10 20:05:32,153 INFO src.train.trainer: Epoch 101
2026-05-10 20:05:35,020 INFO src.train.trainer: Last model at epoch 101 saved to /root/autodl-tmp/em_eqf/experiments/reg_mixer_attnpl_grid_lr_on/runs/attn_l2_load_load_3_seed_2/last_model_1.pth
2026-05-10 20:05:35,020 INFO src.train.trainer: Epoch 102
2026-05-10 20:05:38,268 INFO src.train.trainer: Last model at epoch 102 saved to /root/autodl-tmp/em_eqf/experiments/reg_mixer_attnpl_grid_lr_on/runs/attn_l2_load_load_3_seed_2/last_model_1.pth
2026-05-10 20:05:38,269 INFO src.train.trainer: Epoch 103
2026-05-10 20:05:41,587 INFO src.train.trainer: Last model at epoch 103 saved to /root/autodl-tmp/em_eqf/experiments/reg_mixer_attnpl_grid_lr_on/runs/attn_l2_load_load_3_seed_2/last_model_1.pth
2026-05-10 20:05:41,588 INFO src.train.trainer: Epoch 104
2026-05-10 20:05:44,795 INFO src.train.trainer: Last model at epoch 104 saved to /root/autodl-tmp/em_eqf/experiments/reg_mixer_attnpl_grid_lr_on/runs/attn_l2_load_load_3_seed_2/last_model_1.pth
2026-05-10 20:05:44,796 INFO src.train.trainer: Epoch 105
2026-05-10 20:05:47,952 INFO src.train.trainer: Last model at epoch 105 saved to /root/autodl-tmp/em_eqf/experiments/reg_mixer_attnpl_grid_lr_on/runs/attn_l2_load_load_3_seed_2/last_model_1.pth
2026-05-10 20:05:47,952 INFO src.train.trainer: Epoch 106
2026-05-10 20:05:51,002 INFO src.train.trainer: Last model at epoch 106 saved to /root/autodl-tmp/em_eqf/experiments/reg_mixer_attnpl_grid_lr_on/runs/attn_l2_load_load_3_seed_2/last_model_1.pth
2026-05-10 20:05:51,002 INFO src.train.trainer: Epoch 107
2026-05-10 20:05:54,061 INFO src.train.trainer: Last model at epoch 107 saved to /root/autodl-tmp/em_eqf/experiments/reg_mixer_attnpl_grid_lr_on/runs/attn_l2_load_load_3_seed_2/last_model_1.pth
2026-05-10 20:05:54,062 INFO src.train.trainer: Epoch 108
2026-05-10 20:05:57,053 INFO src.train.trainer: Last model at epoch 108 saved to /root/autodl-tmp/em_eqf/experiments/reg_mixer_attnpl_grid_lr_on/runs/attn_l2_load_load_3_seed_2/last_model_1.pth
2026-05-10 20:05:57,054 INFO src.train.trainer: Epoch 109
2026-05-10 20:05:59,733 INFO src.train.trainer: Last model at epoch 109 saved to /root/autodl-tmp/em_eqf/experiments/reg_mixer_attnpl_grid_lr_on/runs/attn_l2_load_load_3_seed_2/last_model_1.pth
2026-05-10 20:05:59,733 INFO src.train.trainer: Epoch 110
2026-05-10 20:06:02,755 INFO src.train.trainer: Last model at epoch 110 saved to /root/autodl-tmp/em_eqf/experiments/reg_mixer_attnpl_grid_lr_on/runs/attn_l2_load_load_3_seed_2/last_model_1.pth
2026-05-10 20:06:02,755 INFO src.train.trainer: Epoch 111
2026-05-10 20:06:05,753 INFO src.train.trainer: Last model at epoch 111 saved to /root/autodl-tmp/em_eqf/experiments/reg_mixer_attnpl_grid_lr_on/runs/attn_l2_load_load_3_seed_2/last_model_1.pth
2026-05-10 20:06:05,754 INFO src.train.trainer: Epoch 112
2026-05-10 20:06:08,597 INFO src.train.trainer: Last model at epoch 112 saved to /root/autodl-tmp/em_eqf/experiments/reg_mixer_attnpl_grid_lr_on/runs/attn_l2_load_load_3_seed_2/last_model_1.pth
2026-05-10 20:06:08,598 INFO src.train.trainer: Epoch 113
2026-05-10 20:06:11,563 INFO src.train.trainer: Last model at epoch 113 saved to /root/autodl-tmp/em_eqf/experiments/reg_mixer_attnpl_grid_lr_on/runs/attn_l2_load_load_3_seed_2/last_model_1.pth
2026-05-10 20:06:11,563 INFO src.train.trainer: Epoch 114
2026-05-10 20:06:14,761 INFO src.train.trainer: Last model at epoch 114 saved to /root/autodl-tmp/em_eqf/experiments/reg_mixer_attnpl_grid_lr_on/runs/attn_l2_load_load_3_seed_2/last_model_1.pth
2026-05-10 20:06:14,761 INFO src.train.trainer: Epoch 115
2026-05-10 20:06:17,804 INFO src.train.trainer: Last model at epoch 115 saved to /root/autodl-tmp/em_eqf/experiments/reg_mixer_attnpl_grid_lr_on/runs/attn_l2_load_load_3_seed_2/last_model_1.pth
2026-05-10 20:06:17,804 INFO src.train.trainer: Epoch 116
2026-05-10 20:06:20,767 INFO src.train.trainer: Last model at epoch 116 saved to /root/autodl-tmp/em_eqf/experiments/reg_mixer_attnpl_grid_lr_on/runs/attn_l2_load_load_3_seed_2/last_model_1.pth
2026-05-10 20:06:20,768 INFO src.train.trainer: Epoch 117
2026-05-10 20:06:23,722 INFO src.train.trainer: Last model at epoch 117 saved to /root/autodl-tmp/em_eqf/experiments/reg_mixer_attnpl_grid_lr_on/runs/attn_l2_load_load_3_seed_2/last_model_1.pth
2026-05-10 20:06:23,723 INFO src.train.trainer: Epoch 118
2026-05-10 20:06:26,773 INFO src.train.trainer: Last model at epoch 118 saved to /root/autodl-tmp/em_eqf/experiments/reg_mixer_attnpl_grid_lr_on/runs/attn_l2_load_load_3_seed_2/last_model_1.pth
2026-05-10 20:06:26,773 INFO src.train.trainer: Epoch 119
2026-05-10 20:06:29,837 INFO src.train.trainer: Last model at epoch 119 saved to /root/autodl-tmp/em_eqf/experiments/reg_mixer_attnpl_grid_lr_on/runs/attn_l2_load_load_3_seed_2/last_model_1.pth
2026-05-10 20:06:29,838 INFO src.train.trainer: Epoch 120
2026-05-10 20:06:32,955 INFO src.train.trainer: Last model at epoch 120 saved to /root/autodl-tmp/em_eqf/experiments/reg_mixer_attnpl_grid_lr_on/runs/attn_l2_load_load_3_seed_2/last_model_1.pth
2026-05-10 20:06:32,963 INFO src.train.trainer: Saved epoch 120 snapshot to /root/autodl-tmp/em_eqf/experiments/reg_mixer_attnpl_grid_lr_on/runs/attn_l2_load_load_3_seed_2/epoch_120_model_1.pth
2026-05-10 20:06:32,963 INFO src.train.trainer: Epoch 121
2026-05-10 20:06:36,243 INFO src.train.trainer: Last model at epoch 121 saved to /root/autodl-tmp/em_eqf/experiments/reg_mixer_attnpl_grid_lr_on/runs/attn_l2_load_load_3_seed_2/last_model_1.pth
2026-05-10 20:06:36,243 INFO src.train.trainer: Epoch 122
2026-05-10 20:06:39,256 INFO src.train.trainer: Last model at epoch 122 saved to /root/autodl-tmp/em_eqf/experiments/reg_mixer_attnpl_grid_lr_on/runs/attn_l2_load_load_3_seed_2/last_model_1.pth
2026-05-10 20:06:39,256 INFO src.train.trainer: Epoch 123
2026-05-10 20:06:41,720 INFO src.train.trainer: Last model at epoch 123 saved to /root/autodl-tmp/em_eqf/experiments/reg_mixer_attnpl_grid_lr_on/runs/attn_l2_load_load_3_seed_2/last_model_1.pth
2026-05-10 20:06:41,721 INFO src.train.trainer: Epoch 124
2026-05-10 20:06:44,324 INFO src.train.trainer: Last model at epoch 124 saved to /root/autodl-tmp/em_eqf/experiments/reg_mixer_attnpl_grid_lr_on/runs/attn_l2_load_load_3_seed_2/last_model_1.pth
2026-05-10 20:06:44,324 INFO src.train.trainer: Epoch 125
2026-05-10 20:06:47,340 INFO src.train.trainer: Last model at epoch 125 saved to /root/autodl-tmp/em_eqf/experiments/reg_mixer_attnpl_grid_lr_on/runs/attn_l2_load_load_3_seed_2/last_model_1.pth
2026-05-10 20:06:47,340 INFO src.train.trainer: Epoch 126
2026-05-10 20:06:50,539 INFO src.train.trainer: Last model at epoch 126 saved to /root/autodl-tmp/em_eqf/experiments/reg_mixer_attnpl_grid_lr_on/runs/attn_l2_load_load_3_seed_2/last_model_1.pth
2026-05-10 20:06:50,539 INFO src.train.trainer: Epoch 127
2026-05-10 20:06:53,354 INFO src.train.trainer: Last model at epoch 127 saved to /root/autodl-tmp/em_eqf/experiments/reg_mixer_attnpl_grid_lr_on/runs/attn_l2_load_load_3_seed_2/last_model_1.pth
2026-05-10 20:06:53,354 INFO src.train.trainer: Epoch 128
2026-05-10 20:06:56,286 INFO src.train.trainer: Last model at epoch 128 saved to /root/autodl-tmp/em_eqf/experiments/reg_mixer_attnpl_grid_lr_on/runs/attn_l2_load_load_3_seed_2/last_model_1.pth
2026-05-10 20:06:56,286 INFO src.train.trainer: Epoch 129
2026-05-10 20:06:59,397 INFO src.train.trainer: Last model at epoch 129 saved to /root/autodl-tmp/em_eqf/experiments/reg_mixer_attnpl_grid_lr_on/runs/attn_l2_load_load_3_seed_2/last_model_1.pth
2026-05-10 20:06:59,397 INFO src.train.trainer: Epoch 130
2026-05-10 20:07:02,518 INFO src.train.trainer: Last model at epoch 130 saved to /root/autodl-tmp/em_eqf/experiments/reg_mixer_attnpl_grid_lr_on/runs/attn_l2_load_load_3_seed_2/last_model_1.pth
2026-05-10 20:07:02,519 INFO src.train.trainer: Epoch 131
2026-05-10 20:07:05,555 INFO src.train.trainer: Last model at epoch 131 saved to /root/autodl-tmp/em_eqf/experiments/reg_mixer_attnpl_grid_lr_on/runs/attn_l2_load_load_3_seed_2/last_model_1.pth
2026-05-10 20:07:05,556 INFO src.train.trainer: Epoch 132
2026-05-10 20:07:08,477 INFO src.train.trainer: Last model at epoch 132 saved to /root/autodl-tmp/em_eqf/experiments/reg_mixer_attnpl_grid_lr_on/runs/attn_l2_load_load_3_seed_2/last_model_1.pth
2026-05-10 20:07:08,477 INFO src.train.trainer: Epoch 133
2026-05-10 20:07:11,230 INFO src.train.trainer: Last model at epoch 133 saved to /root/autodl-tmp/em_eqf/experiments/reg_mixer_attnpl_grid_lr_on/runs/attn_l2_load_load_3_seed_2/last_model_1.pth
2026-05-10 20:07:11,231 INFO src.train.trainer: Epoch 134
2026-05-10 20:07:14,433 INFO src.train.trainer: Last model at epoch 134 saved to /root/autodl-tmp/em_eqf/experiments/reg_mixer_attnpl_grid_lr_on/runs/attn_l2_load_load_3_seed_2/last_model_1.pth
2026-05-10 20:07:14,433 INFO src.train.trainer: Epoch 135
2026-05-10 20:07:17,744 INFO src.train.trainer: Last model at epoch 135 saved to /root/autodl-tmp/em_eqf/experiments/reg_mixer_attnpl_grid_lr_on/runs/attn_l2_load_load_3_seed_2/last_model_1.pth
2026-05-10 20:07:17,744 INFO src.train.trainer: Epoch 136
2026-05-10 20:07:20,604 INFO src.train.trainer: Last model at epoch 136 saved to /root/autodl-tmp/em_eqf/experiments/reg_mixer_attnpl_grid_lr_on/runs/attn_l2_load_load_3_seed_2/last_model_1.pth
2026-05-10 20:07:20,605 INFO src.train.trainer: Epoch 137
2026-05-10 20:07:23,731 INFO src.train.trainer: Last model at epoch 137 saved to /root/autodl-tmp/em_eqf/experiments/reg_mixer_attnpl_grid_lr_on/runs/attn_l2_load_load_3_seed_2/last_model_1.pth
2026-05-10 20:07:23,731 INFO src.train.trainer: Epoch 138
2026-05-10 20:07:26,998 INFO src.train.trainer: Last model at epoch 138 saved to /root/autodl-tmp/em_eqf/experiments/reg_mixer_attnpl_grid_lr_on/runs/attn_l2_load_load_3_seed_2/last_model_1.pth
2026-05-10 20:07:26,999 INFO src.train.trainer: Epoch 139
2026-05-10 20:07:30,276 INFO src.train.trainer: Last model at epoch 139 saved to /root/autodl-tmp/em_eqf/experiments/reg_mixer_attnpl_grid_lr_on/runs/attn_l2_load_load_3_seed_2/last_model_1.pth
2026-05-10 20:07:30,277 INFO src.train.trainer: Epoch 140
2026-05-10 20:07:33,020 INFO src.train.trainer: Last model at epoch 140 saved to /root/autodl-tmp/em_eqf/experiments/reg_mixer_attnpl_grid_lr_on/runs/attn_l2_load_load_3_seed_2/last_model_1.pth
2026-05-10 20:07:33,027 INFO src.train.trainer: Saved epoch 140 snapshot to /root/autodl-tmp/em_eqf/experiments/reg_mixer_attnpl_grid_lr_on/runs/attn_l2_load_load_3_seed_2/epoch_140_model_1.pth
2026-05-10 20:07:33,027 INFO src.train.trainer: Epoch 141
2026-05-10 20:07:36,088 INFO src.train.trainer: Last model at epoch 141 saved to /root/autodl-tmp/em_eqf/experiments/reg_mixer_attnpl_grid_lr_on/runs/attn_l2_load_load_3_seed_2/last_model_1.pth
2026-05-10 20:07:36,089 INFO src.train.trainer: Epoch 142
2026-05-10 20:07:38,750 INFO src.train.trainer: Last model at epoch 142 saved to /root/autodl-tmp/em_eqf/experiments/reg_mixer_attnpl_grid_lr_on/runs/attn_l2_load_load_3_seed_2/last_model_1.pth
2026-05-10 20:07:38,750 INFO src.train.trainer: Epoch 143
2026-05-10 20:07:41,985 INFO src.train.trainer: Last model at epoch 143 saved to /root/autodl-tmp/em_eqf/experiments/reg_mixer_attnpl_grid_lr_on/runs/attn_l2_load_load_3_seed_2/last_model_1.pth
2026-05-10 20:07:41,986 INFO src.train.trainer: Epoch 144
2026-05-10 20:07:45,362 INFO src.train.trainer: Last model at epoch 144 saved to /root/autodl-tmp/em_eqf/experiments/reg_mixer_attnpl_grid_lr_on/runs/attn_l2_load_load_3_seed_2/last_model_1.pth
2026-05-10 20:07:45,363 INFO src.train.trainer: Epoch 145
2026-05-10 20:07:48,499 INFO src.train.trainer: Last model at epoch 145 saved to /root/autodl-tmp/em_eqf/experiments/reg_mixer_attnpl_grid_lr_on/runs/attn_l2_load_load_3_seed_2/last_model_1.pth
2026-05-10 20:07:48,500 INFO src.train.trainer: Epoch 146
2026-05-10 20:07:51,643 INFO src.train.trainer: Last model at epoch 146 saved to /root/autodl-tmp/em_eqf/experiments/reg_mixer_attnpl_grid_lr_on/runs/attn_l2_load_load_3_seed_2/last_model_1.pth
2026-05-10 20:07:51,643 INFO src.train.trainer: Epoch 147
2026-05-10 20:07:54,570 INFO src.train.trainer: Last model at epoch 147 saved to /root/autodl-tmp/em_eqf/experiments/reg_mixer_attnpl_grid_lr_on/runs/attn_l2_load_load_3_seed_2/last_model_1.pth
2026-05-10 20:07:54,571 INFO src.train.trainer: Epoch 148
2026-05-10 20:07:57,302 INFO src.train.trainer: Last model at epoch 148 saved to /root/autodl-tmp/em_eqf/experiments/reg_mixer_attnpl_grid_lr_on/runs/attn_l2_load_load_3_seed_2/last_model_1.pth
2026-05-10 20:07:57,302 INFO src.train.trainer: Epoch 149
2026-05-10 20:07:59,943 INFO src.train.trainer: Last model at epoch 149 saved to /root/autodl-tmp/em_eqf/experiments/reg_mixer_attnpl_grid_lr_on/runs/attn_l2_load_load_3_seed_2/last_model_1.pth
2026-05-10 20:07:59,943 INFO src.train.trainer: Epoch 150
2026-05-10 20:08:03,370 INFO src.train.trainer: Last model at epoch 150 saved to /root/autodl-tmp/em_eqf/experiments/reg_mixer_attnpl_grid_lr_on/runs/attn_l2_load_load_3_seed_2/last_model_1.pth
2026-05-10 20:08:13,674 INFO src.data.preprocessing: CSV files found: ['chuandian_2021.csv']
2026-05-10 20:08:14,498 INFO src.utils.file_utils: Loading cached data from: data/ChuanDian/regressor/regressor_Mc_3_Mf_3_Tfore_180_Twindow_360_context_len_1_dt_10.pkl
2026-05-10 20:08:16,731 INFO src.data.preprocessing: Catalog statistics: {'tau_unfiltered': 0.15339908988298961, 'tau_q025': 0.08114294020924717, 'tau_q05': 0.5134664350189269, 'tau_mean': 1.3070542199341526, 'tau_max': 25.18216435192153, 'tau_min': 0.0, 'time_max': 18770.72654999979, 'time_mean': 10030.9430649837, 'mag_completeness': 3.0, 'mag_mean': 3.456916005014626, 'mag_max': 8.0, 'mag_min': 3.0, 'b_value': 0.856738547623331, 'b_std': 0.0071499224812533796, 'b_n': 14358}
2026-05-10 20:08:16,769 INFO src.data.event_loader: lengths of samples: min=96, max=1340, avg=265.71
2026-05-10 20:08:17,622 INFO src.models.adapters.mixer_task: using time scale base 1.3070542199341526 (key: tau_mean)
2026-05-10 20:08:17,622 INFO src.models.adapters.mixer_task: tau mean: tensor(1.3071)
2026-05-10 20:08:17,633 INFO src.train.config_setup: Restoring model from checkpoint.
2026-05-10 20:08:17,633 INFO src.train.config_setup: Loading model weights: load_specific_parts=None
2026-05-10 20:08:17,635 INFO src.train.config_setup: Checkpoint loaded: <All keys matched successfully>
2026-05-10 20:08:17,635 INFO src.train.config_setup: Full load summary: loaded=68, missing=0, unexpected=0
2026-05-10 20:08:17,636 INFO src.train.config_setup: Checkpoint hyperparameters loaded.
2026-05-10 20:08:17,636 INFO src.train.config_setup: Checkpoint train metrics available.
2026-05-10 20:08:17,636 INFO src.train.config_setup: Checkpoint val metrics available.
2026-05-10 20:08:17,636 INFO src.train.config_setup: Freeze skipped (checkpoint_restore): freeze_parts is empty.
2026-05-10 20:08:17,637 INFO src.train.config_setup: Using regression criterion: smooth_l1
2026-05-10 20:08:17,637 INFO src.train.config_setup: Criterion config: {'beta': 0.2}
2026-05-10 20:08:17,638 INFO src.train.config_setup: encoder_param_keywords: ['base_model.encoder.input_proj', 'base_model.encoder.layers.0', 'base_model.encoder.layers.1']
2026-05-10 20:08:17,638 INFO src.train.config_setup: encoder_lr grouping summary: lr=0.0004, matched=32
2026-05-10 20:08:17,638 INFO src.train.config_setup: Encoder LR coverage [base_model.encoder.input_proj]: target=4, hit=4, missing=0, complete=True
2026-05-10 20:08:17,638 INFO src.train.config_setup: Encoder LR coverage [base_model.encoder.layers.0]: target=14, hit=14, missing=0, complete=True
2026-05-10 20:08:17,638 INFO src.train.config_setup: Encoder LR coverage [base_model.encoder.layers.1]: target=14, hit=14, missing=0, complete=True
2026-05-10 20:08:17,638 INFO src.train.config_setup: encoder_lr matched preview: ['base_model.encoder.input_proj.0.weight', 'base_model.encoder.input_proj.0.bias', 'base_model.encoder.input_proj.3.weight', 'base_model.encoder.input_proj.3.bias', 'base_model.encoder.layers.0.norm.weight', 'base_model.encoder.layers.0.norm.bias', 'base_model.encoder.layers.0.mixer.dt_bias', 'base_model.encoder.layers.0.mixer.A_log', 'base_model.encoder.layers.0.mixer.D', 'base_model.encoder.layers.0.mixer.in_proj.weight'] ... (+22 more)
2026-05-10 20:08:17,639 INFO src.train.config_setup: Not resuming optimizer/scheduler state; reset training state to start_epoch=0, best_val_loss=inf.
2026-05-10 20:08:24,260 INFO src.cli.workflows: Test loss: 0.05280716965595881
2026-05-10 20:08:27,112 INFO src.cli.common: Saved test metrics to /root/autodl-tmp/em_eqf/experiments/reg_mixer_attnpl_grid_lr_on/runs/attn_l2_load_load_3_seed_2/metrics_test_best_1.json
2026-05-10 20:08:27,112 INFO src.cli.common: Metrics: {'RMSE': 0.8785454018450113, 'MAE': 0.7664602863006904, 'MSE': 0.7718420231030123, 'MAPE': 16.527672416745883, 'R2': -1.3065215961403753, 'PearsonR': -0.19211806093387918, 'PearsonR_diff': -0.08377528878827757, 'DA': 0.027472527472527472, 'SpearmanR': -0.17976135070980395, 'SpearmanR_diff': -0.1284052445821137, 'DTW': 90.90701660513878, 'DTW_normalized': 0.4967596535799933}
2026-05-10 20:08:37,037 INFO src.data.preprocessing: CSV files found: ['chuandian_2021.csv']
2026-05-10 20:08:37,920 INFO src.utils.file_utils: Loading cached data from: data/ChuanDian/regressor/regressor_Mc_3_Mf_3_Tfore_180_Twindow_360_context_len_1_dt_10.pkl
2026-05-10 20:08:40,308 INFO src.data.preprocessing: Catalog statistics: {'tau_unfiltered': 0.15339908988298961, 'tau_q025': 0.08114294020924717, 'tau_q05': 0.5134664350189269, 'tau_mean': 1.3070542199341526, 'tau_max': 25.18216435192153, 'tau_min': 0.0, 'time_max': 18770.72654999979, 'time_mean': 10030.9430649837, 'mag_completeness': 3.0, 'mag_mean': 3.456916005014626, 'mag_max': 8.0, 'mag_min': 3.0, 'b_value': 0.856738547623331, 'b_std': 0.0071499224812533796, 'b_n': 14358}
2026-05-10 20:08:40,395 INFO src.data.event_loader: lengths of samples: min=96, max=1340, avg=265.71
2026-05-10 20:08:41,296 INFO src.models.adapters.mixer_task: using time scale base 1.3070542199341526 (key: tau_mean)
2026-05-10 20:08:41,296 INFO src.models.adapters.mixer_task: tau mean: tensor(1.3071)
2026-05-10 20:08:41,303 INFO src.train.config_setup: Restoring model from checkpoint.
2026-05-10 20:08:41,304 INFO src.train.config_setup: Loading model weights: load_specific_parts=None
2026-05-10 20:08:41,305 INFO src.train.config_setup: Checkpoint loaded: <All keys matched successfully>
2026-05-10 20:08:41,306 INFO src.train.config_setup: Full load summary: loaded=68, missing=0, unexpected=0
2026-05-10 20:08:41,306 INFO src.train.config_setup: Checkpoint hyperparameters loaded.
2026-05-10 20:08:41,307 INFO src.train.config_setup: Checkpoint train metrics available.
2026-05-10 20:08:41,307 INFO src.train.config_setup: Checkpoint val metrics available.
2026-05-10 20:08:41,307 INFO src.train.config_setup: Freeze skipped (checkpoint_restore): freeze_parts is empty.
2026-05-10 20:08:41,307 INFO src.train.config_setup: Using regression criterion: smooth_l1
2026-05-10 20:08:41,307 INFO src.train.config_setup: Criterion config: {'beta': 0.2}
2026-05-10 20:08:41,308 INFO src.train.config_setup: encoder_param_keywords: ['base_model.encoder.input_proj', 'base_model.encoder.layers.0', 'base_model.encoder.layers.1']
2026-05-10 20:08:41,308 INFO src.train.config_setup: encoder_lr grouping summary: lr=0.0004, matched=32
2026-05-10 20:08:41,308 INFO src.train.config_setup: Encoder LR coverage [base_model.encoder.input_proj]: target=4, hit=4, missing=0, complete=True
2026-05-10 20:08:41,308 INFO src.train.config_setup: Encoder LR coverage [base_model.encoder.layers.0]: target=14, hit=14, missing=0, complete=True
2026-05-10 20:08:41,308 INFO src.train.config_setup: Encoder LR coverage [base_model.encoder.layers.1]: target=14, hit=14, missing=0, complete=True
2026-05-10 20:08:41,308 INFO src.train.config_setup: encoder_lr matched preview: ['base_model.encoder.input_proj.0.weight', 'base_model.encoder.input_proj.0.bias', 'base_model.encoder.input_proj.3.weight', 'base_model.encoder.input_proj.3.bias', 'base_model.encoder.layers.0.norm.weight', 'base_model.encoder.layers.0.norm.bias', 'base_model.encoder.layers.0.mixer.dt_bias', 'base_model.encoder.layers.0.mixer.A_log', 'base_model.encoder.layers.0.mixer.D', 'base_model.encoder.layers.0.mixer.in_proj.weight'] ... (+22 more)
2026-05-10 20:08:41,309 INFO src.train.config_setup: Not resuming optimizer/scheduler state; reset training state to start_epoch=0, best_val_loss=inf.
2026-05-10 20:08:46,390 INFO src.cli.workflows: Test loss: 0.05165717999140421
2026-05-10 20:08:48,833 INFO src.cli.common: Saved test metrics to /root/autodl-tmp/em_eqf/experiments/reg_mixer_attnpl_grid_lr_on/runs/attn_l2_load_load_3_seed_2/metrics_test_last_1.json
2026-05-10 20:08:48,833 INFO src.cli.common: Metrics: {'RMSE': 0.8664824453297473, 'MAE': 0.7512245407847108, 'MSE': 0.7507918280646184, 'MAPE': 15.9703773047774, 'R2': -1.2436165870766973, 'PearsonR': -0.5784908373358011, 'PearsonR_diff': -0.22020687364158242, 'DA': 0.005494505494505495, 'SpearmanR': -0.5520169115135423, 'SpearmanR_diff': -0.2205750056145115, 'DTW': 101.34681782126427, 'DTW_normalized': 0.5538077476571818}
