2026-05-08 18:08:28,766 INFO src.data.preprocessing: CSV files found: ['chuandian_2021.csv']
2026-05-08 18:08:30,133 INFO src.utils.file_utils: Loading cached data from: data/ChuanDian/regressor/regressor_Mc_3_Mf_3_Tfore_180_Twindow_360_context_len_0_dt_10.pkl
2026-05-08 18:08:31,974 INFO src.data.lstm_loader: Original number of samples: 1819, number of samples after cleaning: 1819
2026-05-08 18:08:31,974 INFO src.data.lstm_loader: Replaced NaN values in X with 0.0
2026-05-08 18:08:32,010 INFO __main__: No resume path provided. Training will start from scratch.
2026-05-08 18:08:32,718 INFO src.train.config_setup: Using regression criterion: smooth_l1
2026-05-08 18:08:32,719 INFO src.train.config_setup: Criterion config: {'beta': 0.2}
2026-05-08 18:08:32,721 INFO src.train.trainer: Epoch 1
2026-05-08 18:08:33,410 INFO src.train.trainer: New best validation loss: 0.3341, saved to checkpoints/lstm_20260508-180828/best_model_1.pth
2026-05-08 18:08:33,440 INFO src.train.trainer: Last model at epoch 1 saved to checkpoints/lstm_20260508-180828/last_model_1.pth
2026-05-08 18:08:33,440 INFO src.train.trainer: Epoch 2
2026-05-08 18:08:33,746 INFO src.train.trainer: New best validation loss: 0.2234, saved to checkpoints/lstm_20260508-180828/best_model_1.pth
2026-05-08 18:08:34,029 INFO src.train.trainer: Last model at epoch 2 saved to checkpoints/lstm_20260508-180828/last_model_1.pth
2026-05-08 18:08:34,029 INFO src.train.trainer: Epoch 3
2026-05-08 18:08:34,271 INFO src.train.trainer: New best validation loss: 0.0490, saved to checkpoints/lstm_20260508-180828/best_model_1.pth
2026-05-08 18:08:34,299 INFO src.train.trainer: Last model at epoch 3 saved to checkpoints/lstm_20260508-180828/last_model_1.pth
2026-05-08 18:08:34,300 INFO src.train.trainer: Epoch 4
2026-05-08 18:08:34,632 INFO src.train.trainer: New best validation loss: 0.0466, saved to checkpoints/lstm_20260508-180828/best_model_1.pth
2026-05-08 18:08:34,671 INFO src.train.trainer: Last model at epoch 4 saved to checkpoints/lstm_20260508-180828/last_model_1.pth
2026-05-08 18:08:34,672 INFO src.train.trainer: Epoch 5
2026-05-08 18:08:34,938 INFO src.train.trainer: Last model at epoch 5 saved to checkpoints/lstm_20260508-180828/last_model_1.pth
2026-05-08 18:08:34,938 INFO src.train.trainer: Epoch 6
2026-05-08 18:08:35,214 INFO src.train.trainer: New best validation loss: 0.0460, saved to checkpoints/lstm_20260508-180828/best_model_1.pth
2026-05-08 18:08:35,243 INFO src.train.trainer: Last model at epoch 6 saved to checkpoints/lstm_20260508-180828/last_model_1.pth
2026-05-08 18:08:35,243 INFO src.train.trainer: Epoch 7
2026-05-08 18:08:35,412 INFO src.train.trainer: New best validation loss: 0.0449, saved to checkpoints/lstm_20260508-180828/best_model_1.pth
2026-05-08 18:08:35,454 INFO src.train.trainer: Last model at epoch 7 saved to checkpoints/lstm_20260508-180828/last_model_1.pth
2026-05-08 18:08:35,454 INFO src.train.trainer: Epoch 8
2026-05-08 18:08:35,771 INFO src.train.trainer: New best validation loss: 0.0444, saved to checkpoints/lstm_20260508-180828/best_model_1.pth
2026-05-08 18:08:35,808 INFO src.train.trainer: Last model at epoch 8 saved to checkpoints/lstm_20260508-180828/last_model_1.pth
2026-05-08 18:08:35,808 INFO src.train.trainer: Epoch 9
2026-05-08 18:08:36,102 INFO src.train.trainer: New best validation loss: 0.0439, saved to checkpoints/lstm_20260508-180828/best_model_1.pth
2026-05-08 18:08:36,133 INFO src.train.trainer: Last model at epoch 9 saved to checkpoints/lstm_20260508-180828/last_model_1.pth
2026-05-08 18:08:36,133 INFO src.train.trainer: Epoch 10
2026-05-08 18:08:36,459 INFO src.train.trainer: New best validation loss: 0.0433, saved to checkpoints/lstm_20260508-180828/best_model_1.pth
2026-05-08 18:08:36,493 INFO src.train.trainer: Last model at epoch 10 saved to checkpoints/lstm_20260508-180828/last_model_1.pth
2026-05-08 18:08:36,494 INFO src.train.trainer: Epoch 11
2026-05-08 18:08:36,840 INFO src.train.trainer: Last model at epoch 11 saved to checkpoints/lstm_20260508-180828/last_model_1.pth
2026-05-08 18:08:36,840 INFO src.train.trainer: Epoch 12
2026-05-08 18:08:37,184 INFO src.train.trainer: Last model at epoch 12 saved to checkpoints/lstm_20260508-180828/last_model_1.pth
2026-05-08 18:08:37,185 INFO src.train.trainer: Epoch 13
2026-05-08 18:08:37,477 INFO src.train.trainer: Last model at epoch 13 saved to checkpoints/lstm_20260508-180828/last_model_1.pth
2026-05-08 18:08:37,477 INFO src.train.trainer: Epoch 14
2026-05-08 18:08:37,740 INFO src.train.trainer: Last model at epoch 14 saved to checkpoints/lstm_20260508-180828/last_model_1.pth
2026-05-08 18:08:37,741 INFO src.train.trainer: Epoch 15
2026-05-08 18:08:38,050 INFO src.train.trainer: Last model at epoch 15 saved to checkpoints/lstm_20260508-180828/last_model_1.pth
2026-05-08 18:08:38,050 INFO src.train.trainer: Epoch 16
2026-05-08 18:08:38,422 INFO src.train.trainer: Last model at epoch 16 saved to checkpoints/lstm_20260508-180828/last_model_1.pth
2026-05-08 18:08:38,422 INFO src.train.trainer: Epoch 17
2026-05-08 18:08:38,759 INFO src.train.trainer: Last model at epoch 17 saved to checkpoints/lstm_20260508-180828/last_model_1.pth
2026-05-08 18:08:38,759 INFO src.train.trainer: Epoch 18
2026-05-08 18:08:39,106 INFO src.train.trainer: Last model at epoch 18 saved to checkpoints/lstm_20260508-180828/last_model_1.pth
2026-05-08 18:08:39,107 INFO src.train.trainer: Epoch 19
2026-05-08 18:08:39,419 INFO src.train.trainer: Last model at epoch 19 saved to checkpoints/lstm_20260508-180828/last_model_1.pth
2026-05-08 18:08:39,420 INFO src.train.trainer: Epoch 20
2026-05-08 18:08:39,695 INFO src.train.trainer: Last model at epoch 20 saved to checkpoints/lstm_20260508-180828/last_model_1.pth
2026-05-08 18:08:39,695 INFO src.train.trainer: Epoch 21
2026-05-08 18:08:39,929 INFO src.train.trainer: Last model at epoch 21 saved to checkpoints/lstm_20260508-180828/last_model_1.pth
2026-05-08 18:08:39,929 INFO src.train.trainer: Epoch 22
2026-05-08 18:08:40,222 INFO src.train.trainer: Last model at epoch 22 saved to checkpoints/lstm_20260508-180828/last_model_1.pth
2026-05-08 18:08:40,222 INFO src.train.trainer: Epoch 23
2026-05-08 18:08:40,490 INFO src.train.trainer: Last model at epoch 23 saved to checkpoints/lstm_20260508-180828/last_model_1.pth
2026-05-08 18:08:40,490 INFO src.train.trainer: Epoch 24
2026-05-08 18:08:40,782 INFO src.train.trainer: Last model at epoch 24 saved to checkpoints/lstm_20260508-180828/last_model_1.pth
2026-05-08 18:08:40,782 INFO src.train.trainer: Epoch 25
2026-05-08 18:08:41,050 INFO src.train.trainer: Last model at epoch 25 saved to checkpoints/lstm_20260508-180828/last_model_1.pth
2026-05-08 18:08:41,050 INFO src.train.trainer: Epoch 26
2026-05-08 18:08:41,338 INFO src.train.trainer: Last model at epoch 26 saved to checkpoints/lstm_20260508-180828/last_model_1.pth
2026-05-08 18:08:41,338 INFO src.train.trainer: Epoch 27
2026-05-08 18:08:41,636 INFO src.train.trainer: Last model at epoch 27 saved to checkpoints/lstm_20260508-180828/last_model_1.pth
2026-05-08 18:08:41,636 INFO src.train.trainer: Epoch 28
2026-05-08 18:08:41,888 INFO src.train.trainer: Last model at epoch 28 saved to checkpoints/lstm_20260508-180828/last_model_1.pth
2026-05-08 18:08:41,888 INFO src.train.trainer: Epoch 29
2026-05-08 18:08:42,236 INFO src.train.trainer: Last model at epoch 29 saved to checkpoints/lstm_20260508-180828/last_model_1.pth
2026-05-08 18:08:42,236 INFO src.train.trainer: Epoch 30
2026-05-08 18:08:42,450 INFO src.train.trainer: Last model at epoch 30 saved to checkpoints/lstm_20260508-180828/last_model_1.pth
2026-05-08 18:08:42,450 INFO src.train.trainer: Epoch 31
2026-05-08 18:08:42,695 INFO src.train.trainer: Last model at epoch 31 saved to checkpoints/lstm_20260508-180828/last_model_1.pth
2026-05-08 18:08:42,695 INFO src.train.trainer: Epoch 32
2026-05-08 18:08:42,996 INFO src.train.trainer: Last model at epoch 32 saved to checkpoints/lstm_20260508-180828/last_model_1.pth
2026-05-08 18:08:42,996 INFO src.train.trainer: Epoch 33
2026-05-08 18:08:43,287 INFO src.train.trainer: New best validation loss: 0.0426, saved to checkpoints/lstm_20260508-180828/best_model_1.pth
2026-05-08 18:08:43,318 INFO src.train.trainer: Last model at epoch 33 saved to checkpoints/lstm_20260508-180828/last_model_1.pth
2026-05-08 18:08:43,318 INFO src.train.trainer: Epoch 34
2026-05-08 18:08:43,599 INFO src.train.trainer: Last model at epoch 34 saved to checkpoints/lstm_20260508-180828/last_model_1.pth
2026-05-08 18:08:43,599 INFO src.train.trainer: Epoch 35
2026-05-08 18:08:43,938 INFO src.train.trainer: Last model at epoch 35 saved to checkpoints/lstm_20260508-180828/last_model_1.pth
2026-05-08 18:08:43,938 INFO src.train.trainer: Epoch 36
2026-05-08 18:08:44,272 INFO src.train.trainer: Last model at epoch 36 saved to checkpoints/lstm_20260508-180828/last_model_1.pth
2026-05-08 18:08:44,272 INFO src.train.trainer: Epoch 37
2026-05-08 18:08:44,634 INFO src.train.trainer: New best validation loss: 0.0421, saved to checkpoints/lstm_20260508-180828/best_model_1.pth
2026-05-08 18:08:44,677 INFO src.train.trainer: Last model at epoch 37 saved to checkpoints/lstm_20260508-180828/last_model_1.pth
2026-05-08 18:08:44,677 INFO src.train.trainer: Epoch 38
2026-05-08 18:08:45,015 INFO src.train.trainer: Last model at epoch 38 saved to checkpoints/lstm_20260508-180828/last_model_1.pth
2026-05-08 18:08:45,015 INFO src.train.trainer: Epoch 39
2026-05-08 18:08:45,273 INFO src.train.trainer: Last model at epoch 39 saved to checkpoints/lstm_20260508-180828/last_model_1.pth
2026-05-08 18:08:45,273 INFO src.train.trainer: Epoch 40
2026-05-08 18:08:45,544 INFO src.train.trainer: Last model at epoch 40 saved to checkpoints/lstm_20260508-180828/last_model_1.pth
2026-05-08 18:08:45,545 INFO src.train.trainer: Epoch 41
2026-05-08 18:08:45,909 INFO src.train.trainer: Last model at epoch 41 saved to checkpoints/lstm_20260508-180828/last_model_1.pth
2026-05-08 18:08:45,910 INFO src.train.trainer: Epoch 42
2026-05-08 18:08:46,278 INFO src.train.trainer: Last model at epoch 42 saved to checkpoints/lstm_20260508-180828/last_model_1.pth
2026-05-08 18:08:46,279 INFO src.train.trainer: Epoch 43
2026-05-08 18:08:46,654 INFO src.train.trainer: Last model at epoch 43 saved to checkpoints/lstm_20260508-180828/last_model_1.pth
2026-05-08 18:08:46,654 INFO src.train.trainer: Epoch 44
2026-05-08 18:08:46,975 INFO src.train.trainer: Last model at epoch 44 saved to checkpoints/lstm_20260508-180828/last_model_1.pth
2026-05-08 18:08:46,975 INFO src.train.trainer: Epoch 45
2026-05-08 18:08:47,223 INFO src.train.trainer: Last model at epoch 45 saved to checkpoints/lstm_20260508-180828/last_model_1.pth
2026-05-08 18:08:47,223 INFO src.train.trainer: Epoch 46
2026-05-08 18:08:47,590 INFO src.train.trainer: Last model at epoch 46 saved to checkpoints/lstm_20260508-180828/last_model_1.pth
2026-05-08 18:08:47,590 INFO src.train.trainer: Epoch 47
2026-05-08 18:08:47,917 INFO src.train.trainer: Last model at epoch 47 saved to checkpoints/lstm_20260508-180828/last_model_1.pth
2026-05-08 18:08:47,917 INFO src.train.trainer: Epoch 48
2026-05-08 18:08:48,290 INFO src.train.trainer: Last model at epoch 48 saved to checkpoints/lstm_20260508-180828/last_model_1.pth
2026-05-08 18:08:48,290 INFO src.train.trainer: Epoch 49
2026-05-08 18:08:48,659 INFO src.train.trainer: Last model at epoch 49 saved to checkpoints/lstm_20260508-180828/last_model_1.pth
2026-05-08 18:08:48,659 INFO src.train.trainer: Epoch 50
2026-05-08 18:08:49,037 INFO src.train.trainer: Last model at epoch 50 saved to checkpoints/lstm_20260508-180828/last_model_1.pth
2026-05-08 18:08:49,037 INFO src.train.trainer: Epoch 51
2026-05-08 18:08:49,445 INFO src.train.trainer: Last model at epoch 51 saved to checkpoints/lstm_20260508-180828/last_model_1.pth
2026-05-08 18:08:49,445 INFO src.train.trainer: Epoch 52
2026-05-08 18:08:49,829 INFO src.train.trainer: Last model at epoch 52 saved to checkpoints/lstm_20260508-180828/last_model_1.pth
2026-05-08 18:08:49,829 INFO src.train.trainer: Epoch 53
2026-05-08 18:08:50,141 INFO src.train.trainer: Last model at epoch 53 saved to checkpoints/lstm_20260508-180828/last_model_1.pth
2026-05-08 18:08:50,141 INFO src.train.trainer: Epoch 54
2026-05-08 18:08:50,379 INFO src.train.trainer: Last model at epoch 54 saved to checkpoints/lstm_20260508-180828/last_model_1.pth
2026-05-08 18:08:50,379 INFO src.train.trainer: Epoch 55
2026-05-08 18:08:50,754 INFO src.train.trainer: Last model at epoch 55 saved to checkpoints/lstm_20260508-180828/last_model_1.pth
2026-05-08 18:08:50,754 INFO src.train.trainer: Epoch 56
2026-05-08 18:08:51,100 INFO src.train.trainer: Last model at epoch 56 saved to checkpoints/lstm_20260508-180828/last_model_1.pth
2026-05-08 18:08:51,100 INFO src.train.trainer: Epoch 57
2026-05-08 18:08:51,463 INFO src.train.trainer: Last model at epoch 57 saved to checkpoints/lstm_20260508-180828/last_model_1.pth
2026-05-08 18:08:51,463 INFO src.train.trainer: Epoch 58
2026-05-08 18:08:51,858 INFO src.train.trainer: Last model at epoch 58 saved to checkpoints/lstm_20260508-180828/last_model_1.pth
2026-05-08 18:08:51,858 INFO src.train.trainer: Epoch 59
2026-05-08 18:08:52,222 INFO src.train.trainer: New best validation loss: 0.0418, saved to checkpoints/lstm_20260508-180828/best_model_1.pth
2026-05-08 18:08:52,258 INFO src.train.trainer: Last model at epoch 59 saved to checkpoints/lstm_20260508-180828/last_model_1.pth
2026-05-08 18:08:52,258 INFO src.train.trainer: Epoch 60
2026-05-08 18:08:52,606 INFO src.train.trainer: Last model at epoch 60 saved to checkpoints/lstm_20260508-180828/last_model_1.pth
2026-05-08 18:08:52,606 INFO src.train.trainer: Epoch 61
2026-05-08 18:08:52,964 INFO src.train.trainer: Last model at epoch 61 saved to checkpoints/lstm_20260508-180828/last_model_1.pth
2026-05-08 18:08:52,964 INFO src.train.trainer: Epoch 62
2026-05-08 18:08:53,346 INFO src.train.trainer: Last model at epoch 62 saved to checkpoints/lstm_20260508-180828/last_model_1.pth
2026-05-08 18:08:53,347 INFO src.train.trainer: Epoch 63
2026-05-08 18:08:53,747 INFO src.train.trainer: Last model at epoch 63 saved to checkpoints/lstm_20260508-180828/last_model_1.pth
2026-05-08 18:08:53,748 INFO src.train.trainer: Epoch 64
2026-05-08 18:08:54,028 INFO src.train.trainer: Last model at epoch 64 saved to checkpoints/lstm_20260508-180828/last_model_1.pth
2026-05-08 18:08:54,028 INFO src.train.trainer: Epoch 65
2026-05-08 18:08:54,332 INFO src.train.trainer: Last model at epoch 65 saved to checkpoints/lstm_20260508-180828/last_model_1.pth
2026-05-08 18:08:54,332 INFO src.train.trainer: Epoch 66
2026-05-08 18:08:54,633 INFO src.train.trainer: Last model at epoch 66 saved to checkpoints/lstm_20260508-180828/last_model_1.pth
2026-05-08 18:08:54,633 INFO src.train.trainer: Epoch 67
2026-05-08 18:08:55,008 INFO src.train.trainer: Last model at epoch 67 saved to checkpoints/lstm_20260508-180828/last_model_1.pth
2026-05-08 18:08:55,009 INFO src.train.trainer: Epoch 68
2026-05-08 18:08:55,340 INFO src.train.trainer: Last model at epoch 68 saved to checkpoints/lstm_20260508-180828/last_model_1.pth
2026-05-08 18:08:55,340 INFO src.train.trainer: Epoch 69
2026-05-08 18:08:55,523 INFO src.train.trainer: Last model at epoch 69 saved to checkpoints/lstm_20260508-180828/last_model_1.pth
2026-05-08 18:08:55,524 INFO src.train.trainer: Epoch 70
2026-05-08 18:08:55,826 INFO src.train.trainer: New best validation loss: 0.0411, saved to checkpoints/lstm_20260508-180828/best_model_1.pth
2026-05-08 18:08:55,861 INFO src.train.trainer: Last model at epoch 70 saved to checkpoints/lstm_20260508-180828/last_model_1.pth
2026-05-08 18:08:55,861 INFO src.train.trainer: Epoch 71
2026-05-08 18:08:56,181 INFO src.train.trainer: Last model at epoch 71 saved to checkpoints/lstm_20260508-180828/last_model_1.pth
2026-05-08 18:08:56,181 INFO src.train.trainer: Epoch 72
2026-05-08 18:08:56,529 INFO src.train.trainer: Last model at epoch 72 saved to checkpoints/lstm_20260508-180828/last_model_1.pth
2026-05-08 18:08:56,529 INFO src.train.trainer: Epoch 73
2026-05-08 18:08:56,838 INFO src.train.trainer: Last model at epoch 73 saved to checkpoints/lstm_20260508-180828/last_model_1.pth
2026-05-08 18:08:56,839 INFO src.train.trainer: Epoch 74
2026-05-08 18:08:57,157 INFO src.train.trainer: Last model at epoch 74 saved to checkpoints/lstm_20260508-180828/last_model_1.pth
2026-05-08 18:08:57,157 INFO src.train.trainer: Epoch 75
2026-05-08 18:08:57,532 INFO src.train.trainer: Last model at epoch 75 saved to checkpoints/lstm_20260508-180828/last_model_1.pth
2026-05-08 18:08:57,532 INFO src.train.trainer: Epoch 76
2026-05-08 18:08:57,865 INFO src.train.trainer: Last model at epoch 76 saved to checkpoints/lstm_20260508-180828/last_model_1.pth
2026-05-08 18:08:57,865 INFO src.train.trainer: Epoch 77
2026-05-08 18:08:58,202 INFO src.train.trainer: Last model at epoch 77 saved to checkpoints/lstm_20260508-180828/last_model_1.pth
2026-05-08 18:08:58,202 INFO src.train.trainer: Epoch 78
2026-05-08 18:08:58,561 INFO src.train.trainer: Last model at epoch 78 saved to checkpoints/lstm_20260508-180828/last_model_1.pth
2026-05-08 18:08:58,561 INFO src.train.trainer: Epoch 79
2026-05-08 18:08:58,916 INFO src.train.trainer: Last model at epoch 79 saved to checkpoints/lstm_20260508-180828/last_model_1.pth
2026-05-08 18:08:58,916 INFO src.train.trainer: Epoch 80
2026-05-08 18:08:59,275 INFO src.train.trainer: Last model at epoch 80 saved to checkpoints/lstm_20260508-180828/last_model_1.pth
2026-05-08 18:08:59,275 INFO src.train.trainer: Epoch 81
2026-05-08 18:08:59,610 INFO src.train.trainer: Last model at epoch 81 saved to checkpoints/lstm_20260508-180828/last_model_1.pth
2026-05-08 18:08:59,610 INFO src.train.trainer: Epoch 82
2026-05-08 18:08:59,932 INFO src.train.trainer: Last model at epoch 82 saved to checkpoints/lstm_20260508-180828/last_model_1.pth
2026-05-08 18:08:59,932 INFO src.train.trainer: Epoch 83
2026-05-08 18:09:00,280 INFO src.train.trainer: Last model at epoch 83 saved to checkpoints/lstm_20260508-180828/last_model_1.pth
2026-05-08 18:09:00,280 INFO src.train.trainer: Epoch 84
2026-05-08 18:09:00,571 INFO src.train.trainer: Last model at epoch 84 saved to checkpoints/lstm_20260508-180828/last_model_1.pth
2026-05-08 18:09:00,572 INFO src.train.trainer: Epoch 85
2026-05-08 18:09:00,878 INFO src.train.trainer: Last model at epoch 85 saved to checkpoints/lstm_20260508-180828/last_model_1.pth
2026-05-08 18:09:00,878 INFO src.train.trainer: Epoch 86
2026-05-08 18:09:01,217 INFO src.train.trainer: Last model at epoch 86 saved to checkpoints/lstm_20260508-180828/last_model_1.pth
2026-05-08 18:09:01,217 INFO src.train.trainer: Epoch 87
2026-05-08 18:09:01,482 INFO src.train.trainer: Last model at epoch 87 saved to checkpoints/lstm_20260508-180828/last_model_1.pth
2026-05-08 18:09:01,483 INFO src.train.trainer: Epoch 88
2026-05-08 18:09:01,774 INFO src.train.trainer: Last model at epoch 88 saved to checkpoints/lstm_20260508-180828/last_model_1.pth
2026-05-08 18:09:01,775 INFO src.train.trainer: Epoch 89
2026-05-08 18:09:02,093 INFO src.train.trainer: Last model at epoch 89 saved to checkpoints/lstm_20260508-180828/last_model_1.pth
2026-05-08 18:09:02,094 INFO src.train.trainer: Epoch 90
2026-05-08 18:09:02,429 INFO src.train.trainer: Last model at epoch 90 saved to checkpoints/lstm_20260508-180828/last_model_1.pth
2026-05-08 18:09:02,429 INFO src.train.trainer: Epoch 91
2026-05-08 18:09:02,796 INFO src.train.trainer: Last model at epoch 91 saved to checkpoints/lstm_20260508-180828/last_model_1.pth
2026-05-08 18:09:02,796 INFO src.train.trainer: Epoch 92
2026-05-08 18:09:03,113 INFO src.train.trainer: Last model at epoch 92 saved to checkpoints/lstm_20260508-180828/last_model_1.pth
2026-05-08 18:09:03,114 INFO src.train.trainer: Epoch 93
2026-05-08 18:09:03,368 INFO src.train.trainer: Last model at epoch 93 saved to checkpoints/lstm_20260508-180828/last_model_1.pth
2026-05-08 18:09:03,368 INFO src.train.trainer: Epoch 94
2026-05-08 18:09:03,663 INFO src.train.trainer: Last model at epoch 94 saved to checkpoints/lstm_20260508-180828/last_model_1.pth
2026-05-08 18:09:03,663 INFO src.train.trainer: Epoch 95
2026-05-08 18:09:03,989 INFO src.train.trainer: Last model at epoch 95 saved to checkpoints/lstm_20260508-180828/last_model_1.pth
2026-05-08 18:09:03,989 INFO src.train.trainer: Epoch 96
2026-05-08 18:09:04,315 INFO src.train.trainer: Last model at epoch 96 saved to checkpoints/lstm_20260508-180828/last_model_1.pth
2026-05-08 18:09:04,315 INFO src.train.trainer: Epoch 97
2026-05-08 18:09:04,645 INFO src.train.trainer: Last model at epoch 97 saved to checkpoints/lstm_20260508-180828/last_model_1.pth
2026-05-08 18:09:04,646 INFO src.train.trainer: Epoch 98
2026-05-08 18:09:04,964 INFO src.train.trainer: Last model at epoch 98 saved to checkpoints/lstm_20260508-180828/last_model_1.pth
2026-05-08 18:09:04,964 INFO src.train.trainer: Epoch 99
2026-05-08 18:09:05,246 INFO src.train.trainer: Last model at epoch 99 saved to checkpoints/lstm_20260508-180828/last_model_1.pth
2026-05-08 18:09:05,247 INFO src.train.trainer: Epoch 100
2026-05-08 18:09:05,570 INFO src.train.trainer: Last model at epoch 100 saved to checkpoints/lstm_20260508-180828/last_model_1.pth
2026-05-08 18:09:05,570 INFO src.train.trainer: Epoch 101
2026-05-08 18:09:05,953 INFO src.train.trainer: Last model at epoch 101 saved to checkpoints/lstm_20260508-180828/last_model_1.pth
2026-05-08 18:09:05,953 INFO src.train.trainer: Epoch 102
2026-05-08 18:09:06,332 INFO src.train.trainer: Last model at epoch 102 saved to checkpoints/lstm_20260508-180828/last_model_1.pth
2026-05-08 18:09:06,333 INFO src.train.trainer: Epoch 103
2026-05-08 18:09:06,669 INFO src.train.trainer: Last model at epoch 103 saved to checkpoints/lstm_20260508-180828/last_model_1.pth
2026-05-08 18:09:06,669 INFO src.train.trainer: Epoch 104
2026-05-08 18:09:07,016 INFO src.train.trainer: Last model at epoch 104 saved to checkpoints/lstm_20260508-180828/last_model_1.pth
2026-05-08 18:09:07,017 INFO src.train.trainer: Epoch 105
2026-05-08 18:09:07,412 INFO src.train.trainer: Last model at epoch 105 saved to checkpoints/lstm_20260508-180828/last_model_1.pth
2026-05-08 18:09:07,412 INFO src.train.trainer: Epoch 106
2026-05-08 18:09:07,748 INFO src.train.trainer: Last model at epoch 106 saved to checkpoints/lstm_20260508-180828/last_model_1.pth
2026-05-08 18:09:07,748 INFO src.train.trainer: Epoch 107
2026-05-08 18:09:08,064 INFO src.train.trainer: Last model at epoch 107 saved to checkpoints/lstm_20260508-180828/last_model_1.pth
2026-05-08 18:09:08,065 INFO src.train.trainer: Epoch 108
2026-05-08 18:09:08,445 INFO src.train.trainer: Last model at epoch 108 saved to checkpoints/lstm_20260508-180828/last_model_1.pth
2026-05-08 18:09:08,445 INFO src.train.trainer: Epoch 109
2026-05-08 18:09:08,813 INFO src.train.trainer: Last model at epoch 109 saved to checkpoints/lstm_20260508-180828/last_model_1.pth
2026-05-08 18:09:08,813 INFO src.train.trainer: Epoch 110
2026-05-08 18:09:09,149 INFO src.train.trainer: Last model at epoch 110 saved to checkpoints/lstm_20260508-180828/last_model_1.pth
2026-05-08 18:09:09,149 INFO src.train.trainer: Epoch 111
2026-05-08 18:09:09,546 INFO src.train.trainer: Last model at epoch 111 saved to checkpoints/lstm_20260508-180828/last_model_1.pth
2026-05-08 18:09:09,546 INFO src.train.trainer: Epoch 112
2026-05-08 18:09:09,906 INFO src.train.trainer: Last model at epoch 112 saved to checkpoints/lstm_20260508-180828/last_model_1.pth
2026-05-08 18:09:09,906 INFO src.train.trainer: Epoch 113
2026-05-08 18:09:10,231 INFO src.train.trainer: Last model at epoch 113 saved to checkpoints/lstm_20260508-180828/last_model_1.pth
2026-05-08 18:09:10,231 INFO src.train.trainer: Epoch 114
2026-05-08 18:09:10,656 INFO src.train.trainer: Last model at epoch 114 saved to checkpoints/lstm_20260508-180828/last_model_1.pth
2026-05-08 18:09:10,657 INFO src.train.trainer: Epoch 115
2026-05-08 18:09:11,059 INFO src.train.trainer: Last model at epoch 115 saved to checkpoints/lstm_20260508-180828/last_model_1.pth
2026-05-08 18:09:11,060 INFO src.train.trainer: Epoch 116
2026-05-08 18:09:11,325 INFO src.train.trainer: Last model at epoch 116 saved to checkpoints/lstm_20260508-180828/last_model_1.pth
2026-05-08 18:09:11,325 INFO src.train.trainer: Epoch 117
2026-05-08 18:09:11,610 INFO src.train.trainer: Last model at epoch 117 saved to checkpoints/lstm_20260508-180828/last_model_1.pth
2026-05-08 18:09:11,610 INFO src.train.trainer: Epoch 118
2026-05-08 18:09:11,912 INFO src.train.trainer: Last model at epoch 118 saved to checkpoints/lstm_20260508-180828/last_model_1.pth
2026-05-08 18:09:11,912 INFO src.train.trainer: Epoch 119
2026-05-08 18:09:12,219 INFO src.train.trainer: Last model at epoch 119 saved to checkpoints/lstm_20260508-180828/last_model_1.pth
2026-05-08 18:09:12,219 INFO src.train.trainer: Epoch 120
2026-05-08 18:09:12,487 INFO src.train.trainer: Last model at epoch 120 saved to checkpoints/lstm_20260508-180828/last_model_1.pth
2026-05-08 18:09:12,487 INFO src.train.trainer: Epoch 121
2026-05-08 18:09:12,882 INFO src.train.trainer: Last model at epoch 121 saved to checkpoints/lstm_20260508-180828/last_model_1.pth
2026-05-08 18:09:12,882 INFO src.train.trainer: Epoch 122
2026-05-08 18:09:13,204 INFO src.train.trainer: Last model at epoch 122 saved to checkpoints/lstm_20260508-180828/last_model_1.pth
2026-05-08 18:09:13,204 INFO src.train.trainer: Epoch 123
2026-05-08 18:09:13,566 INFO src.train.trainer: Last model at epoch 123 saved to checkpoints/lstm_20260508-180828/last_model_1.pth
2026-05-08 18:09:13,566 INFO src.train.trainer: Epoch 124
2026-05-08 18:09:13,897 INFO src.train.trainer: Last model at epoch 124 saved to checkpoints/lstm_20260508-180828/last_model_1.pth
2026-05-08 18:09:13,898 INFO src.train.trainer: Epoch 125
2026-05-08 18:09:14,244 INFO src.train.trainer: Last model at epoch 125 saved to checkpoints/lstm_20260508-180828/last_model_1.pth
2026-05-08 18:09:14,245 INFO src.train.trainer: Epoch 126
2026-05-08 18:09:14,518 INFO src.train.trainer: Last model at epoch 126 saved to checkpoints/lstm_20260508-180828/last_model_1.pth
2026-05-08 18:09:14,518 INFO src.train.trainer: Epoch 127
2026-05-08 18:09:14,873 INFO src.train.trainer: Last model at epoch 127 saved to checkpoints/lstm_20260508-180828/last_model_1.pth
2026-05-08 18:09:14,873 INFO src.train.trainer: Epoch 128
2026-05-08 18:09:15,129 INFO src.train.trainer: Last model at epoch 128 saved to checkpoints/lstm_20260508-180828/last_model_1.pth
2026-05-08 18:09:15,129 INFO src.train.trainer: Epoch 129
2026-05-08 18:09:15,324 INFO src.train.trainer: Last model at epoch 129 saved to checkpoints/lstm_20260508-180828/last_model_1.pth
2026-05-08 18:09:15,324 INFO src.train.trainer: Epoch 130
2026-05-08 18:09:15,664 INFO src.train.trainer: Last model at epoch 130 saved to checkpoints/lstm_20260508-180828/last_model_1.pth
2026-05-08 18:09:15,664 INFO src.train.trainer: Epoch 131
2026-05-08 18:09:15,948 INFO src.train.trainer: Last model at epoch 131 saved to checkpoints/lstm_20260508-180828/last_model_1.pth
2026-05-08 18:09:15,949 INFO src.train.trainer: Epoch 132
2026-05-08 18:09:16,229 INFO src.train.trainer: Last model at epoch 132 saved to checkpoints/lstm_20260508-180828/last_model_1.pth
2026-05-08 18:09:16,229 INFO src.train.trainer: Epoch 133
2026-05-08 18:09:16,555 INFO src.train.trainer: Last model at epoch 133 saved to checkpoints/lstm_20260508-180828/last_model_1.pth
2026-05-08 18:09:16,555 INFO src.train.trainer: Epoch 134
2026-05-08 18:09:16,872 INFO src.train.trainer: Last model at epoch 134 saved to checkpoints/lstm_20260508-180828/last_model_1.pth
2026-05-08 18:09:16,872 INFO src.train.trainer: Epoch 135
2026-05-08 18:09:17,124 INFO src.train.trainer: Last model at epoch 135 saved to checkpoints/lstm_20260508-180828/last_model_1.pth
2026-05-08 18:09:17,125 INFO src.train.trainer: Epoch 136
2026-05-08 18:09:17,376 INFO src.train.trainer: Last model at epoch 136 saved to checkpoints/lstm_20260508-180828/last_model_1.pth
2026-05-08 18:09:17,376 INFO src.train.trainer: Epoch 137
2026-05-08 18:09:17,647 INFO src.train.trainer: Last model at epoch 137 saved to checkpoints/lstm_20260508-180828/last_model_1.pth
2026-05-08 18:09:17,647 INFO src.train.trainer: Epoch 138
2026-05-08 18:09:17,913 INFO src.train.trainer: Last model at epoch 138 saved to checkpoints/lstm_20260508-180828/last_model_1.pth
2026-05-08 18:09:17,914 INFO src.train.trainer: Epoch 139
2026-05-08 18:09:18,236 INFO src.train.trainer: Last model at epoch 139 saved to checkpoints/lstm_20260508-180828/last_model_1.pth
2026-05-08 18:09:18,236 INFO src.train.trainer: Epoch 140
2026-05-08 18:09:18,477 INFO src.train.trainer: Last model at epoch 140 saved to checkpoints/lstm_20260508-180828/last_model_1.pth
2026-05-08 18:09:18,477 INFO src.train.trainer: Epoch 141
2026-05-08 18:09:18,802 INFO src.train.trainer: Last model at epoch 141 saved to checkpoints/lstm_20260508-180828/last_model_1.pth
2026-05-08 18:09:18,802 INFO src.train.trainer: Epoch 142
2026-05-08 18:09:19,100 INFO src.train.trainer: Last model at epoch 142 saved to checkpoints/lstm_20260508-180828/last_model_1.pth
2026-05-08 18:09:19,100 INFO src.train.trainer: Epoch 143
2026-05-08 18:09:19,462 INFO src.train.trainer: Last model at epoch 143 saved to checkpoints/lstm_20260508-180828/last_model_1.pth
2026-05-08 18:09:19,462 INFO src.train.trainer: Epoch 144
2026-05-08 18:09:19,739 INFO src.train.trainer: Last model at epoch 144 saved to checkpoints/lstm_20260508-180828/last_model_1.pth
2026-05-08 18:09:19,739 INFO src.train.trainer: Epoch 145
2026-05-08 18:09:20,108 INFO src.train.trainer: Last model at epoch 145 saved to checkpoints/lstm_20260508-180828/last_model_1.pth
2026-05-08 18:09:20,108 INFO src.train.trainer: Epoch 146
2026-05-08 18:09:20,336 INFO src.train.trainer: Last model at epoch 146 saved to checkpoints/lstm_20260508-180828/last_model_1.pth
2026-05-08 18:09:20,336 INFO src.train.trainer: Epoch 147
2026-05-08 18:09:20,566 INFO src.train.trainer: Last model at epoch 147 saved to checkpoints/lstm_20260508-180828/last_model_1.pth
2026-05-08 18:09:20,566 INFO src.train.trainer: Epoch 148
2026-05-08 18:09:20,960 INFO src.train.trainer: Last model at epoch 148 saved to checkpoints/lstm_20260508-180828/last_model_1.pth
2026-05-08 18:09:20,960 INFO src.train.trainer: Epoch 149
2026-05-08 18:09:21,357 INFO src.train.trainer: Last model at epoch 149 saved to checkpoints/lstm_20260508-180828/last_model_1.pth
2026-05-08 18:09:21,357 INFO src.train.trainer: Epoch 150
2026-05-08 18:09:21,753 INFO src.train.trainer: Last model at epoch 150 saved to checkpoints/lstm_20260508-180828/last_model_1.pth
2026-05-08 18:09:21,753 INFO src.train.trainer: Epoch 151
2026-05-08 18:09:22,146 INFO src.train.trainer: Last model at epoch 151 saved to checkpoints/lstm_20260508-180828/last_model_1.pth
2026-05-08 18:09:22,147 INFO src.train.trainer: Epoch 152
2026-05-08 18:09:22,568 INFO src.train.trainer: Last model at epoch 152 saved to checkpoints/lstm_20260508-180828/last_model_1.pth
2026-05-08 18:09:22,568 INFO src.train.trainer: Epoch 153
2026-05-08 18:09:22,961 INFO src.train.trainer: Last model at epoch 153 saved to checkpoints/lstm_20260508-180828/last_model_1.pth
2026-05-08 18:09:22,961 INFO src.train.trainer: Epoch 154
2026-05-08 18:09:23,374 INFO src.train.trainer: Last model at epoch 154 saved to checkpoints/lstm_20260508-180828/last_model_1.pth
2026-05-08 18:09:23,374 INFO src.train.trainer: Epoch 155
2026-05-08 18:09:23,810 INFO src.train.trainer: Last model at epoch 155 saved to checkpoints/lstm_20260508-180828/last_model_1.pth
2026-05-08 18:09:23,810 INFO src.train.trainer: Epoch 156
2026-05-08 18:09:24,249 INFO src.train.trainer: Last model at epoch 156 saved to checkpoints/lstm_20260508-180828/last_model_1.pth
2026-05-08 18:09:24,249 INFO src.train.trainer: Epoch 157
2026-05-08 18:09:24,607 INFO src.train.trainer: Last model at epoch 157 saved to checkpoints/lstm_20260508-180828/last_model_1.pth
2026-05-08 18:09:24,607 INFO src.train.trainer: Epoch 158
2026-05-08 18:09:25,000 INFO src.train.trainer: Last model at epoch 158 saved to checkpoints/lstm_20260508-180828/last_model_1.pth
2026-05-08 18:09:25,000 INFO src.train.trainer: Epoch 159
2026-05-08 18:09:25,382 INFO src.train.trainer: Last model at epoch 159 saved to checkpoints/lstm_20260508-180828/last_model_1.pth
2026-05-08 18:09:25,382 INFO src.train.trainer: Epoch 160
2026-05-08 18:09:25,780 INFO src.train.trainer: Last model at epoch 160 saved to checkpoints/lstm_20260508-180828/last_model_1.pth
2026-05-08 18:09:25,780 INFO src.train.trainer: Epoch 161
2026-05-08 18:09:26,161 INFO src.train.trainer: Last model at epoch 161 saved to checkpoints/lstm_20260508-180828/last_model_1.pth
2026-05-08 18:09:26,161 INFO src.train.trainer: Epoch 162
2026-05-08 18:09:26,552 INFO src.train.trainer: Last model at epoch 162 saved to checkpoints/lstm_20260508-180828/last_model_1.pth
2026-05-08 18:09:26,552 INFO src.train.trainer: Epoch 163
2026-05-08 18:09:26,920 INFO src.train.trainer: Last model at epoch 163 saved to checkpoints/lstm_20260508-180828/last_model_1.pth
2026-05-08 18:09:26,920 INFO src.train.trainer: Epoch 164
2026-05-08 18:09:27,305 INFO src.train.trainer: Last model at epoch 164 saved to checkpoints/lstm_20260508-180828/last_model_1.pth
2026-05-08 18:09:27,305 INFO src.train.trainer: Epoch 165
2026-05-08 18:09:27,676 INFO src.train.trainer: Last model at epoch 165 saved to checkpoints/lstm_20260508-180828/last_model_1.pth
2026-05-08 18:09:27,676 INFO src.train.trainer: Epoch 166
2026-05-08 18:09:28,071 INFO src.train.trainer: Last model at epoch 166 saved to checkpoints/lstm_20260508-180828/last_model_1.pth
2026-05-08 18:09:28,071 INFO src.train.trainer: Epoch 167
2026-05-08 18:09:28,445 INFO src.train.trainer: Last model at epoch 167 saved to checkpoints/lstm_20260508-180828/last_model_1.pth
2026-05-08 18:09:28,445 INFO src.train.trainer: Epoch 168
2026-05-08 18:09:28,838 INFO src.train.trainer: Last model at epoch 168 saved to checkpoints/lstm_20260508-180828/last_model_1.pth
2026-05-08 18:09:28,838 INFO src.train.trainer: Epoch 169
2026-05-08 18:09:29,212 INFO src.train.trainer: Last model at epoch 169 saved to checkpoints/lstm_20260508-180828/last_model_1.pth
2026-05-08 18:09:29,212 INFO src.train.trainer: Epoch 170
2026-05-08 18:09:29,601 INFO src.train.trainer: Last model at epoch 170 saved to checkpoints/lstm_20260508-180828/last_model_1.pth
2026-05-08 18:09:29,601 INFO src.train.trainer: Epoch 171
2026-05-08 18:09:29,970 INFO src.train.trainer: Last model at epoch 171 saved to checkpoints/lstm_20260508-180828/last_model_1.pth
2026-05-08 18:09:29,970 INFO src.train.trainer: Epoch 172
2026-05-08 18:09:30,317 INFO src.train.trainer: Last model at epoch 172 saved to checkpoints/lstm_20260508-180828/last_model_1.pth
2026-05-08 18:09:30,317 INFO src.train.trainer: Epoch 173
2026-05-08 18:09:30,559 INFO src.train.trainer: Last model at epoch 173 saved to checkpoints/lstm_20260508-180828/last_model_1.pth
2026-05-08 18:09:30,559 INFO src.train.trainer: Epoch 174
2026-05-08 18:09:30,836 INFO src.train.trainer: Last model at epoch 174 saved to checkpoints/lstm_20260508-180828/last_model_1.pth
2026-05-08 18:09:30,836 INFO src.train.trainer: Epoch 175
2026-05-08 18:09:31,216 INFO src.train.trainer: Last model at epoch 175 saved to checkpoints/lstm_20260508-180828/last_model_1.pth
2026-05-08 18:09:31,217 INFO src.train.trainer: Epoch 176
2026-05-08 18:09:31,606 INFO src.train.trainer: Last model at epoch 176 saved to checkpoints/lstm_20260508-180828/last_model_1.pth
2026-05-08 18:09:31,606 INFO src.train.trainer: Epoch 177
2026-05-08 18:09:31,994 INFO src.train.trainer: Last model at epoch 177 saved to checkpoints/lstm_20260508-180828/last_model_1.pth
2026-05-08 18:09:31,995 INFO src.train.trainer: Epoch 178
2026-05-08 18:09:32,385 INFO src.train.trainer: Last model at epoch 178 saved to checkpoints/lstm_20260508-180828/last_model_1.pth
2026-05-08 18:09:32,385 INFO src.train.trainer: Epoch 179
2026-05-08 18:09:32,773 INFO src.train.trainer: Last model at epoch 179 saved to checkpoints/lstm_20260508-180828/last_model_1.pth
2026-05-08 18:09:32,773 INFO src.train.trainer: Epoch 180
2026-05-08 18:09:33,166 INFO src.train.trainer: Last model at epoch 180 saved to checkpoints/lstm_20260508-180828/last_model_1.pth
2026-05-08 18:09:33,166 INFO src.train.trainer: Epoch 181
2026-05-08 18:09:33,551 INFO src.train.trainer: Last model at epoch 181 saved to checkpoints/lstm_20260508-180828/last_model_1.pth
2026-05-08 18:09:33,551 INFO src.train.trainer: Epoch 182
2026-05-08 18:09:33,946 INFO src.train.trainer: Last model at epoch 182 saved to checkpoints/lstm_20260508-180828/last_model_1.pth
2026-05-08 18:09:33,946 INFO src.train.trainer: Epoch 183
2026-05-08 18:09:34,288 INFO src.train.trainer: Last model at epoch 183 saved to checkpoints/lstm_20260508-180828/last_model_1.pth
2026-05-08 18:09:34,288 INFO src.train.trainer: Epoch 184
2026-05-08 18:09:34,662 INFO src.train.trainer: Last model at epoch 184 saved to checkpoints/lstm_20260508-180828/last_model_1.pth
2026-05-08 18:09:34,662 INFO src.train.trainer: Epoch 185
2026-05-08 18:09:35,029 INFO src.train.trainer: Last model at epoch 185 saved to checkpoints/lstm_20260508-180828/last_model_1.pth
2026-05-08 18:09:35,030 INFO src.train.trainer: Epoch 186
2026-05-08 18:09:35,267 INFO src.train.trainer: Last model at epoch 186 saved to checkpoints/lstm_20260508-180828/last_model_1.pth
2026-05-08 18:09:35,268 INFO src.train.trainer: Epoch 187
2026-05-08 18:09:35,468 INFO src.train.trainer: Last model at epoch 187 saved to checkpoints/lstm_20260508-180828/last_model_1.pth
2026-05-08 18:09:35,469 INFO src.train.trainer: Epoch 188
2026-05-08 18:09:35,755 INFO src.train.trainer: Last model at epoch 188 saved to checkpoints/lstm_20260508-180828/last_model_1.pth
2026-05-08 18:09:35,755 INFO src.train.trainer: Epoch 189
2026-05-08 18:09:36,070 INFO src.train.trainer: Last model at epoch 189 saved to checkpoints/lstm_20260508-180828/last_model_1.pth
2026-05-08 18:09:36,070 INFO src.train.trainer: Epoch 190
2026-05-08 18:09:36,420 INFO src.train.trainer: Last model at epoch 190 saved to checkpoints/lstm_20260508-180828/last_model_1.pth
2026-05-08 18:09:36,420 INFO src.train.trainer: Epoch 191
2026-05-08 18:09:36,796 INFO src.train.trainer: Last model at epoch 191 saved to checkpoints/lstm_20260508-180828/last_model_1.pth
2026-05-08 18:09:36,796 INFO src.train.trainer: Epoch 192
2026-05-08 18:09:37,169 INFO src.train.trainer: Last model at epoch 192 saved to checkpoints/lstm_20260508-180828/last_model_1.pth
2026-05-08 18:09:37,170 INFO src.train.trainer: Epoch 193
2026-05-08 18:09:37,548 INFO src.train.trainer: Last model at epoch 193 saved to checkpoints/lstm_20260508-180828/last_model_1.pth
2026-05-08 18:09:37,548 INFO src.train.trainer: Epoch 194
2026-05-08 18:09:37,879 INFO src.train.trainer: Last model at epoch 194 saved to checkpoints/lstm_20260508-180828/last_model_1.pth
2026-05-08 18:09:37,879 INFO src.train.trainer: Epoch 195
2026-05-08 18:09:38,157 INFO src.train.trainer: Last model at epoch 195 saved to checkpoints/lstm_20260508-180828/last_model_1.pth
2026-05-08 18:09:38,157 INFO src.train.trainer: Epoch 196
2026-05-08 18:09:38,446 INFO src.train.trainer: Last model at epoch 196 saved to checkpoints/lstm_20260508-180828/last_model_1.pth
2026-05-08 18:09:38,446 INFO src.train.trainer: Epoch 197
2026-05-08 18:09:38,780 INFO src.train.trainer: Last model at epoch 197 saved to checkpoints/lstm_20260508-180828/last_model_1.pth
2026-05-08 18:09:38,780 INFO src.train.trainer: Epoch 198
2026-05-08 18:09:39,112 INFO src.train.trainer: Last model at epoch 198 saved to checkpoints/lstm_20260508-180828/last_model_1.pth
2026-05-08 18:09:39,112 INFO src.train.trainer: Epoch 199
2026-05-08 18:09:39,460 INFO src.train.trainer: Last model at epoch 199 saved to checkpoints/lstm_20260508-180828/last_model_1.pth
2026-05-08 18:09:39,460 INFO src.train.trainer: Epoch 200
2026-05-08 18:09:39,808 INFO src.train.trainer: Last model at epoch 200 saved to checkpoints/lstm_20260508-180828/last_model_1.pth
2026-05-08 18:09:39,808 INFO src.train.trainer: Epoch 201
2026-05-08 18:09:40,146 INFO src.train.trainer: Last model at epoch 201 saved to checkpoints/lstm_20260508-180828/last_model_1.pth
2026-05-08 18:09:40,147 INFO src.train.trainer: Epoch 202
2026-05-08 18:09:40,475 INFO src.train.trainer: Last model at epoch 202 saved to checkpoints/lstm_20260508-180828/last_model_1.pth
2026-05-08 18:09:40,475 INFO src.train.trainer: Epoch 203
2026-05-08 18:09:40,784 INFO src.train.trainer: Last model at epoch 203 saved to checkpoints/lstm_20260508-180828/last_model_1.pth
2026-05-08 18:09:40,784 INFO src.train.trainer: Epoch 204
2026-05-08 18:09:41,161 INFO src.train.trainer: Last model at epoch 204 saved to checkpoints/lstm_20260508-180828/last_model_1.pth
2026-05-08 18:09:41,161 INFO src.train.trainer: Epoch 205
2026-05-08 18:09:41,537 INFO src.train.trainer: Last model at epoch 205 saved to checkpoints/lstm_20260508-180828/last_model_1.pth
2026-05-08 18:09:41,538 INFO src.train.trainer: Epoch 206
2026-05-08 18:09:41,905 INFO src.train.trainer: Last model at epoch 206 saved to checkpoints/lstm_20260508-180828/last_model_1.pth
2026-05-08 18:09:41,905 INFO src.train.trainer: Epoch 207
2026-05-08 18:09:42,195 INFO src.train.trainer: Last model at epoch 207 saved to checkpoints/lstm_20260508-180828/last_model_1.pth
2026-05-08 18:09:42,195 INFO src.train.trainer: Epoch 208
2026-05-08 18:09:42,575 INFO src.train.trainer: Last model at epoch 208 saved to checkpoints/lstm_20260508-180828/last_model_1.pth
2026-05-08 18:09:42,575 INFO src.train.trainer: Epoch 209
2026-05-08 18:09:42,963 INFO src.train.trainer: Last model at epoch 209 saved to checkpoints/lstm_20260508-180828/last_model_1.pth
2026-05-08 18:09:42,963 INFO src.train.trainer: Epoch 210
2026-05-08 18:09:43,214 INFO src.train.trainer: Last model at epoch 210 saved to checkpoints/lstm_20260508-180828/last_model_1.pth
2026-05-08 18:09:43,214 INFO src.train.trainer: Epoch 211
2026-05-08 18:09:43,411 INFO src.train.trainer: Last model at epoch 211 saved to checkpoints/lstm_20260508-180828/last_model_1.pth
2026-05-08 18:09:43,411 INFO src.train.trainer: Epoch 212
2026-05-08 18:09:43,636 INFO src.train.trainer: Last model at epoch 212 saved to checkpoints/lstm_20260508-180828/last_model_1.pth
2026-05-08 18:09:43,637 INFO src.train.trainer: Epoch 213
2026-05-08 18:09:43,822 INFO src.train.trainer: Last model at epoch 213 saved to checkpoints/lstm_20260508-180828/last_model_1.pth
2026-05-08 18:09:43,823 INFO src.train.trainer: Epoch 214
2026-05-08 18:09:43,997 INFO src.train.trainer: Last model at epoch 214 saved to checkpoints/lstm_20260508-180828/last_model_1.pth
2026-05-08 18:09:43,997 INFO src.train.trainer: Epoch 215
2026-05-08 18:09:44,238 INFO src.train.trainer: Last model at epoch 215 saved to checkpoints/lstm_20260508-180828/last_model_1.pth
2026-05-08 18:09:44,239 INFO src.train.trainer: Epoch 216
2026-05-08 18:09:44,596 INFO src.train.trainer: Last model at epoch 216 saved to checkpoints/lstm_20260508-180828/last_model_1.pth
2026-05-08 18:09:44,596 INFO src.train.trainer: Epoch 217
2026-05-08 18:09:44,967 INFO src.train.trainer: Last model at epoch 217 saved to checkpoints/lstm_20260508-180828/last_model_1.pth
2026-05-08 18:09:44,967 INFO src.train.trainer: Epoch 218
2026-05-08 18:09:45,291 INFO src.train.trainer: Last model at epoch 218 saved to checkpoints/lstm_20260508-180828/last_model_1.pth
2026-05-08 18:09:45,291 INFO src.train.trainer: Epoch 219
2026-05-08 18:09:45,528 INFO src.train.trainer: Last model at epoch 219 saved to checkpoints/lstm_20260508-180828/last_model_1.pth
2026-05-08 18:09:45,528 INFO src.train.trainer: Epoch 220
2026-05-08 18:09:45,785 INFO src.train.trainer: Last model at epoch 220 saved to checkpoints/lstm_20260508-180828/last_model_1.pth
2026-05-08 18:09:45,785 INFO src.train.trainer: Epoch 221
2026-05-08 18:09:46,097 INFO src.train.trainer: Last model at epoch 221 saved to checkpoints/lstm_20260508-180828/last_model_1.pth
2026-05-08 18:09:46,097 INFO src.train.trainer: Epoch 222
2026-05-08 18:09:46,443 INFO src.train.trainer: Last model at epoch 222 saved to checkpoints/lstm_20260508-180828/last_model_1.pth
2026-05-08 18:09:46,443 INFO src.train.trainer: Epoch 223
2026-05-08 18:09:46,765 INFO src.train.trainer: Last model at epoch 223 saved to checkpoints/lstm_20260508-180828/last_model_1.pth
2026-05-08 18:09:46,765 INFO src.train.trainer: Epoch 224
2026-05-08 18:09:47,140 INFO src.train.trainer: Last model at epoch 224 saved to checkpoints/lstm_20260508-180828/last_model_1.pth
2026-05-08 18:09:47,140 INFO src.train.trainer: Epoch 225
2026-05-08 18:09:47,507 INFO src.train.trainer: Last model at epoch 225 saved to checkpoints/lstm_20260508-180828/last_model_1.pth
2026-05-08 18:09:47,508 INFO src.train.trainer: Epoch 226
2026-05-08 18:09:47,854 INFO src.train.trainer: Last model at epoch 226 saved to checkpoints/lstm_20260508-180828/last_model_1.pth
2026-05-08 18:09:47,854 INFO src.train.trainer: Epoch 227
2026-05-08 18:09:48,205 INFO src.train.trainer: Last model at epoch 227 saved to checkpoints/lstm_20260508-180828/last_model_1.pth
2026-05-08 18:09:48,205 INFO src.train.trainer: Epoch 228
2026-05-08 18:09:48,595 INFO src.train.trainer: Last model at epoch 228 saved to checkpoints/lstm_20260508-180828/last_model_1.pth
2026-05-08 18:09:48,595 INFO src.train.trainer: Epoch 229
2026-05-08 18:09:48,993 INFO src.train.trainer: Last model at epoch 229 saved to checkpoints/lstm_20260508-180828/last_model_1.pth
2026-05-08 18:09:48,993 INFO src.train.trainer: Epoch 230
2026-05-08 18:09:49,370 INFO src.train.trainer: Last model at epoch 230 saved to checkpoints/lstm_20260508-180828/last_model_1.pth
2026-05-08 18:09:49,370 INFO src.train.trainer: Epoch 231
2026-05-08 18:09:49,730 INFO src.train.trainer: Last model at epoch 231 saved to checkpoints/lstm_20260508-180828/last_model_1.pth
2026-05-08 18:09:49,730 INFO src.train.trainer: Epoch 232
2026-05-08 18:09:50,059 INFO src.train.trainer: Last model at epoch 232 saved to checkpoints/lstm_20260508-180828/last_model_1.pth
2026-05-08 18:09:50,059 INFO src.train.trainer: Epoch 233
2026-05-08 18:09:50,358 INFO src.train.trainer: Last model at epoch 233 saved to checkpoints/lstm_20260508-180828/last_model_1.pth
2026-05-08 18:09:50,359 INFO src.train.trainer: Epoch 234
2026-05-08 18:09:50,716 INFO src.train.trainer: Last model at epoch 234 saved to checkpoints/lstm_20260508-180828/last_model_1.pth
2026-05-08 18:09:50,716 INFO src.train.trainer: Epoch 235
2026-05-08 18:09:51,109 INFO src.train.trainer: Last model at epoch 235 saved to checkpoints/lstm_20260508-180828/last_model_1.pth
2026-05-08 18:09:51,109 INFO src.train.trainer: Epoch 236
2026-05-08 18:09:51,474 INFO src.train.trainer: Last model at epoch 236 saved to checkpoints/lstm_20260508-180828/last_model_1.pth
2026-05-08 18:09:51,475 INFO src.train.trainer: Epoch 237
2026-05-08 18:09:51,791 INFO src.train.trainer: Last model at epoch 237 saved to checkpoints/lstm_20260508-180828/last_model_1.pth
2026-05-08 18:09:51,791 INFO src.train.trainer: Epoch 238
2026-05-08 18:09:52,163 INFO src.train.trainer: Last model at epoch 238 saved to checkpoints/lstm_20260508-180828/last_model_1.pth
2026-05-08 18:09:52,163 INFO src.train.trainer: Epoch 239
2026-05-08 18:09:52,544 INFO src.train.trainer: Last model at epoch 239 saved to checkpoints/lstm_20260508-180828/last_model_1.pth
2026-05-08 18:09:52,544 INFO src.train.trainer: Epoch 240
2026-05-08 18:09:52,807 INFO src.train.trainer: Last model at epoch 240 saved to checkpoints/lstm_20260508-180828/last_model_1.pth
2026-05-08 18:09:52,807 INFO src.train.trainer: Epoch 241
2026-05-08 18:09:53,154 INFO src.train.trainer: Last model at epoch 241 saved to checkpoints/lstm_20260508-180828/last_model_1.pth
2026-05-08 18:09:53,154 INFO src.train.trainer: Epoch 242
2026-05-08 18:09:53,527 INFO src.train.trainer: Last model at epoch 242 saved to checkpoints/lstm_20260508-180828/last_model_1.pth
2026-05-08 18:09:53,527 INFO src.train.trainer: Epoch 243
2026-05-08 18:09:53,880 INFO src.train.trainer: Last model at epoch 243 saved to checkpoints/lstm_20260508-180828/last_model_1.pth
2026-05-08 18:09:53,881 INFO src.train.trainer: Epoch 244
2026-05-08 18:09:54,277 INFO src.train.trainer: Last model at epoch 244 saved to checkpoints/lstm_20260508-180828/last_model_1.pth
2026-05-08 18:09:54,277 INFO src.train.trainer: Epoch 245
2026-05-08 18:09:54,559 INFO src.train.trainer: Last model at epoch 245 saved to checkpoints/lstm_20260508-180828/last_model_1.pth
2026-05-08 18:09:54,559 INFO src.train.trainer: Epoch 246
2026-05-08 18:09:54,930 INFO src.train.trainer: Last model at epoch 246 saved to checkpoints/lstm_20260508-180828/last_model_1.pth
2026-05-08 18:09:54,931 INFO src.train.trainer: Epoch 247
2026-05-08 18:09:55,305 INFO src.train.trainer: Last model at epoch 247 saved to checkpoints/lstm_20260508-180828/last_model_1.pth
2026-05-08 18:09:55,305 INFO src.train.trainer: Epoch 248
2026-05-08 18:09:55,631 INFO src.train.trainer: Last model at epoch 248 saved to checkpoints/lstm_20260508-180828/last_model_1.pth
2026-05-08 18:09:55,631 INFO src.train.trainer: Epoch 249
2026-05-08 18:09:55,988 INFO src.train.trainer: Last model at epoch 249 saved to checkpoints/lstm_20260508-180828/last_model_1.pth
2026-05-08 18:09:55,988 INFO src.train.trainer: Epoch 250
2026-05-08 18:09:56,391 INFO src.train.trainer: Last model at epoch 250 saved to checkpoints/lstm_20260508-180828/last_model_1.pth
2026-05-08 18:09:56,391 INFO src.train.trainer: Epoch 251
2026-05-08 18:09:56,722 INFO src.train.trainer: Last model at epoch 251 saved to checkpoints/lstm_20260508-180828/last_model_1.pth
2026-05-08 18:09:56,722 INFO src.train.trainer: Epoch 252
2026-05-08 18:09:57,036 INFO src.train.trainer: Last model at epoch 252 saved to checkpoints/lstm_20260508-180828/last_model_1.pth
2026-05-08 18:09:57,036 INFO src.train.trainer: Epoch 253
2026-05-08 18:09:57,334 INFO src.train.trainer: Last model at epoch 253 saved to checkpoints/lstm_20260508-180828/last_model_1.pth
2026-05-08 18:09:57,334 INFO src.train.trainer: Epoch 254
2026-05-08 18:09:57,684 INFO src.train.trainer: Last model at epoch 254 saved to checkpoints/lstm_20260508-180828/last_model_1.pth
2026-05-08 18:09:57,684 INFO src.train.trainer: Epoch 255
2026-05-08 18:09:58,070 INFO src.train.trainer: Last model at epoch 255 saved to checkpoints/lstm_20260508-180828/last_model_1.pth
2026-05-08 18:09:58,070 INFO src.train.trainer: Epoch 256
2026-05-08 18:09:58,430 INFO src.train.trainer: Last model at epoch 256 saved to checkpoints/lstm_20260508-180828/last_model_1.pth
2026-05-08 18:09:58,431 INFO src.train.trainer: Epoch 257
2026-05-08 18:09:58,835 INFO src.train.trainer: Last model at epoch 257 saved to checkpoints/lstm_20260508-180828/last_model_1.pth
2026-05-08 18:09:58,836 INFO src.train.trainer: Epoch 258
2026-05-08 18:09:59,245 INFO src.train.trainer: Last model at epoch 258 saved to checkpoints/lstm_20260508-180828/last_model_1.pth
2026-05-08 18:09:59,246 INFO src.train.trainer: Epoch 259
2026-05-08 18:09:59,623 INFO src.train.trainer: Last model at epoch 259 saved to checkpoints/lstm_20260508-180828/last_model_1.pth
2026-05-08 18:09:59,623 INFO src.train.trainer: Epoch 260
2026-05-08 18:09:59,997 INFO src.train.trainer: Last model at epoch 260 saved to checkpoints/lstm_20260508-180828/last_model_1.pth
2026-05-08 18:09:59,997 INFO src.train.trainer: Epoch 261
2026-05-08 18:10:00,401 INFO src.train.trainer: Last model at epoch 261 saved to checkpoints/lstm_20260508-180828/last_model_1.pth
2026-05-08 18:10:00,402 INFO src.train.trainer: Epoch 262
2026-05-08 18:10:00,764 INFO src.train.trainer: Last model at epoch 262 saved to checkpoints/lstm_20260508-180828/last_model_1.pth
2026-05-08 18:10:00,764 INFO src.train.trainer: Epoch 263
2026-05-08 18:10:01,088 INFO src.train.trainer: Last model at epoch 263 saved to checkpoints/lstm_20260508-180828/last_model_1.pth
2026-05-08 18:10:01,089 INFO src.train.trainer: Epoch 264
2026-05-08 18:10:01,461 INFO src.train.trainer: Last model at epoch 264 saved to checkpoints/lstm_20260508-180828/last_model_1.pth
2026-05-08 18:10:01,461 INFO src.train.trainer: Epoch 265
2026-05-08 18:10:01,801 INFO src.train.trainer: Last model at epoch 265 saved to checkpoints/lstm_20260508-180828/last_model_1.pth
2026-05-08 18:10:01,801 INFO src.train.trainer: Epoch 266
2026-05-08 18:10:02,153 INFO src.train.trainer: Last model at epoch 266 saved to checkpoints/lstm_20260508-180828/last_model_1.pth
2026-05-08 18:10:02,153 INFO src.train.trainer: Epoch 267
2026-05-08 18:10:02,503 INFO src.train.trainer: Last model at epoch 267 saved to checkpoints/lstm_20260508-180828/last_model_1.pth
2026-05-08 18:10:02,503 INFO src.train.trainer: Epoch 268
2026-05-08 18:10:02,878 INFO src.train.trainer: Last model at epoch 268 saved to checkpoints/lstm_20260508-180828/last_model_1.pth
2026-05-08 18:10:02,878 INFO src.train.trainer: Epoch 269
2026-05-08 18:10:03,191 INFO src.train.trainer: Last model at epoch 269 saved to checkpoints/lstm_20260508-180828/last_model_1.pth
2026-05-08 18:10:03,191 INFO src.train.trainer: Epoch 270
2026-05-08 18:10:03,548 INFO src.train.trainer: Last model at epoch 270 saved to checkpoints/lstm_20260508-180828/last_model_1.pth
2026-05-08 18:10:03,548 INFO src.train.trainer: Epoch 271
2026-05-08 18:10:03,958 INFO src.train.trainer: Last model at epoch 271 saved to checkpoints/lstm_20260508-180828/last_model_1.pth
2026-05-08 18:10:03,958 INFO src.train.trainer: Epoch 272
2026-05-08 18:10:04,310 INFO src.train.trainer: Last model at epoch 272 saved to checkpoints/lstm_20260508-180828/last_model_1.pth
2026-05-08 18:10:04,310 INFO src.train.trainer: Epoch 273
2026-05-08 18:10:04,599 INFO src.train.trainer: Last model at epoch 273 saved to checkpoints/lstm_20260508-180828/last_model_1.pth
2026-05-08 18:10:04,600 INFO src.train.trainer: Epoch 274
2026-05-08 18:10:04,815 INFO src.train.trainer: Last model at epoch 274 saved to checkpoints/lstm_20260508-180828/last_model_1.pth
2026-05-08 18:10:04,815 INFO src.train.trainer: Epoch 275
2026-05-08 18:10:05,037 INFO src.train.trainer: Last model at epoch 275 saved to checkpoints/lstm_20260508-180828/last_model_1.pth
2026-05-08 18:10:05,037 INFO src.train.trainer: Epoch 276
2026-05-08 18:10:05,252 INFO src.train.trainer: Last model at epoch 276 saved to checkpoints/lstm_20260508-180828/last_model_1.pth
2026-05-08 18:10:05,252 INFO src.train.trainer: Epoch 277
2026-05-08 18:10:05,434 INFO src.train.trainer: Last model at epoch 277 saved to checkpoints/lstm_20260508-180828/last_model_1.pth
2026-05-08 18:10:05,435 INFO src.train.trainer: Epoch 278
2026-05-08 18:10:05,639 INFO src.train.trainer: Last model at epoch 278 saved to checkpoints/lstm_20260508-180828/last_model_1.pth
2026-05-08 18:10:05,639 INFO src.train.trainer: Epoch 279
2026-05-08 18:10:05,930 INFO src.train.trainer: Last model at epoch 279 saved to checkpoints/lstm_20260508-180828/last_model_1.pth
2026-05-08 18:10:05,930 INFO src.train.trainer: Epoch 280
2026-05-08 18:10:06,195 INFO src.train.trainer: Last model at epoch 280 saved to checkpoints/lstm_20260508-180828/last_model_1.pth
2026-05-08 18:10:06,195 INFO src.train.trainer: Epoch 281
2026-05-08 18:10:06,482 INFO src.train.trainer: Last model at epoch 281 saved to checkpoints/lstm_20260508-180828/last_model_1.pth
2026-05-08 18:10:06,482 INFO src.train.trainer: Epoch 282
2026-05-08 18:10:06,851 INFO src.train.trainer: Last model at epoch 282 saved to checkpoints/lstm_20260508-180828/last_model_1.pth
2026-05-08 18:10:06,851 INFO src.train.trainer: Epoch 283
2026-05-08 18:10:07,192 INFO src.train.trainer: Last model at epoch 283 saved to checkpoints/lstm_20260508-180828/last_model_1.pth
2026-05-08 18:10:07,192 INFO src.train.trainer: Epoch 284
2026-05-08 18:10:07,524 INFO src.train.trainer: Last model at epoch 284 saved to checkpoints/lstm_20260508-180828/last_model_1.pth
2026-05-08 18:10:07,525 INFO src.train.trainer: Epoch 285
2026-05-08 18:10:07,833 INFO src.train.trainer: Last model at epoch 285 saved to checkpoints/lstm_20260508-180828/last_model_1.pth
2026-05-08 18:10:07,833 INFO src.train.trainer: Epoch 286
2026-05-08 18:10:08,160 INFO src.train.trainer: Last model at epoch 286 saved to checkpoints/lstm_20260508-180828/last_model_1.pth
2026-05-08 18:10:08,160 INFO src.train.trainer: Epoch 287
2026-05-08 18:10:08,471 INFO src.train.trainer: Last model at epoch 287 saved to checkpoints/lstm_20260508-180828/last_model_1.pth
2026-05-08 18:10:08,471 INFO src.train.trainer: Epoch 288
2026-05-08 18:10:08,793 INFO src.train.trainer: Last model at epoch 288 saved to checkpoints/lstm_20260508-180828/last_model_1.pth
2026-05-08 18:10:08,794 INFO src.train.trainer: Epoch 289
2026-05-08 18:10:09,090 INFO src.train.trainer: Last model at epoch 289 saved to checkpoints/lstm_20260508-180828/last_model_1.pth
2026-05-08 18:10:09,091 INFO src.train.trainer: Epoch 290
2026-05-08 18:10:09,456 INFO src.train.trainer: Last model at epoch 290 saved to checkpoints/lstm_20260508-180828/last_model_1.pth
2026-05-08 18:10:09,456 INFO src.train.trainer: Epoch 291
2026-05-08 18:10:09,846 INFO src.train.trainer: Last model at epoch 291 saved to checkpoints/lstm_20260508-180828/last_model_1.pth
2026-05-08 18:10:09,846 INFO src.train.trainer: Epoch 292
2026-05-08 18:10:10,215 INFO src.train.trainer: Last model at epoch 292 saved to checkpoints/lstm_20260508-180828/last_model_1.pth
2026-05-08 18:10:10,215 INFO src.train.trainer: Epoch 293
2026-05-08 18:10:10,592 INFO src.train.trainer: Last model at epoch 293 saved to checkpoints/lstm_20260508-180828/last_model_1.pth
2026-05-08 18:10:10,592 INFO src.train.trainer: Epoch 294
2026-05-08 18:10:10,952 INFO src.train.trainer: Last model at epoch 294 saved to checkpoints/lstm_20260508-180828/last_model_1.pth
2026-05-08 18:10:10,952 INFO src.train.trainer: Epoch 295
2026-05-08 18:10:11,300 INFO src.train.trainer: Last model at epoch 295 saved to checkpoints/lstm_20260508-180828/last_model_1.pth
2026-05-08 18:10:11,300 INFO src.train.trainer: Epoch 296
2026-05-08 18:10:11,678 INFO src.train.trainer: Last model at epoch 296 saved to checkpoints/lstm_20260508-180828/last_model_1.pth
2026-05-08 18:10:11,678 INFO src.train.trainer: Epoch 297
2026-05-08 18:10:12,046 INFO src.train.trainer: Last model at epoch 297 saved to checkpoints/lstm_20260508-180828/last_model_1.pth
2026-05-08 18:10:12,046 INFO src.train.trainer: Epoch 298
2026-05-08 18:10:12,380 INFO src.train.trainer: Last model at epoch 298 saved to checkpoints/lstm_20260508-180828/last_model_1.pth
2026-05-08 18:10:12,380 INFO src.train.trainer: Epoch 299
2026-05-08 18:10:12,734 INFO src.train.trainer: Last model at epoch 299 saved to checkpoints/lstm_20260508-180828/last_model_1.pth
2026-05-08 18:10:12,735 INFO src.train.trainer: Epoch 300
2026-05-08 18:10:13,064 INFO src.train.trainer: Last model at epoch 300 saved to checkpoints/lstm_20260508-180828/last_model_1.pth
2026-05-08 18:10:45,741 INFO src.data.preprocessing: CSV files found: ['chuandian_2021.csv']
2026-05-08 18:10:46,471 INFO src.utils.file_utils: Loading cached data from: data/ChuanDian/regressor/regressor_Mc_3_Mf_3_Tfore_180_Twindow_360_context_len_0_dt_10.pkl
2026-05-08 18:10:48,137 INFO src.data.lstm_loader: Original number of samples: 1819, number of samples after cleaning: 1819
2026-05-08 18:10:48,137 INFO src.data.lstm_loader: Replaced NaN values in X with 0.0
2026-05-08 18:10:48,203 INFO src.train.config_setup: load_specific_parts: None
2026-05-08 18:10:48,563 INFO src.train.config_setup: Checkpoint loaded: <All keys matched successfully>
2026-05-08 18:10:48,563 INFO src.train.config_setup: hyperparameters: {'model': 'lstm', 'task_type': 'regression', 'use_ema': False, 'batch_size': 64, 'accumulation_steps': 1, 'warmup_ratio': 0.1, 'learning_rate': 0.001, 'weight_decay': 0.01, 'scheduler_factor': None, 'scheduler_patience': None, 'scheduler_threshold': None, 'scheduler_min_lr': 1e-06, 'scheduler_type': 'step_warmup', 'step_lr_step_size_ratio': 0.2, 'step_lr_gamma': 0.5, 'lstm_hidden_size': 256, 'lstm_num_layers': 4, 'lstm_dropout': 0.3, 'output_activation': None, 'epochs': 300, 'save_dir': 'checkpoints/lstm_20260508-180828', 'cuda_id': '0', 'dataset': 'ChuanDian', 'criterion_name': 'smooth_l1', 'criterion_cfg': {'beta': 0.2}, 'seed': 0, 'Mc': 3, 'Mf': 3, 'mag_min': 3.0, 'mag_max': 9.0, 'Mag_elaps': [5.5, 6, 6.5, 7], 't_elaps_mode': 'global', 'Twindow': 360, 'Tfore': 180, 'dt': 10, 'context_len': 0, 'dMag': 0.1, 'split_by_time': True, 'lstm_feature_mode': 'external_sliding', 'time_step': 5, 'feature_cols': ['Num', 'Mag_max', 'Mag_mean', 'b_lsq', 'a_lsq', 'b_std_lsq', 'std_gr_lsq', 'b_mlk', 'a_mlk', 'b_std_mlk', 'std_gr_mlk', 'dM_lsq', 'dM_mlk', 'Energy_sqrt', 'prob_x7_lsq', 'prob_x7_mlk', 'beta', 'zvalue', 'T_elaps5.5', 'T_elaps6', 'T_elaps6.5', 'T_elaps7'], 'time_order': ['train', 'val', 'test'], 'cuda': True, 'start_epoch': 0, 'best_val_loss': inf}
2026-05-08 18:10:48,563 INFO src.train.config_setup: train_metrics: {'RMSE': 0.13006728735080347, 'MAE': 0.09883242139933526, 'MSE': 0.01691749923879648, 'MAPE': 25.596296571265597, 'R2': -0.0023330649276291915, 'PearsonR': 0.1549031059970065, 'PearsonR_diff': 0.03409426157688961, 'DA': 0.04817618719889883}
2026-05-08 18:10:48,563 INFO src.train.config_setup: val_metrics: {'RMSE': 0.1294026067881792, 'MAE': 0.10293836842526446, 'MSE': 0.016745034643576122, 'MAPE': 24.395709697353453, 'R2': -0.008414101921278672, 'PearsonR': 0.24329553532592885, 'PearsonR_diff': -0.03345185719877929, 'DA': 0.022099447513812154}
2026-05-08 18:10:48,564 INFO src.train.config_setup: Using regression criterion: smooth_l1
2026-05-08 18:10:48,564 INFO src.train.config_setup: Criterion config: {'beta': 0.2}
2026-05-08 18:10:48,764 INFO __main__: Test loss: 0.037009124333659806
2026-05-08 18:10:49,911 INFO __main__: Saved test metrics to checkpoints/lstm_20260508-180828/metrics_test_best_1.json
2026-05-08 18:10:49,911 INFO __main__: Metrics: {'RMSE': 0.7333821801176049, 'MAE': 0.6311886453889107, 'MSE': 0.5378494221140512, 'MAPE': 13.731438117381177, 'R2': -0.6072739134577965, 'PearsonR': 0.3532245985357278, 'PearsonR_diff': 0.14253833417131992, 'DA': 0.04395604395604396, 'SpearmanR': 0.1941726234226598, 'SpearmanR_diff': 0.09467009655127341, 'DTW': 120.00120782852173, 'DTW_normalized': 0.6557443050738893}
2026-05-08 18:11:20,193 INFO src.data.preprocessing: CSV files found: ['chuandian_2021.csv']
2026-05-08 18:11:20,983 INFO src.utils.file_utils: Loading cached data from: data/ChuanDian/regressor/regressor_Mc_3_Mf_3_Tfore_180_Twindow_360_context_len_0_dt_10.pkl
2026-05-08 18:11:22,520 INFO src.data.lstm_loader: Original number of samples: 1819, number of samples after cleaning: 1819
2026-05-08 18:11:22,520 INFO src.data.lstm_loader: Replaced NaN values in X with 0.0
2026-05-08 18:11:22,590 INFO src.train.config_setup: load_specific_parts: None
2026-05-08 18:11:22,958 INFO src.train.config_setup: Checkpoint loaded: <All keys matched successfully>
2026-05-08 18:11:22,958 INFO src.train.config_setup: hyperparameters: {'model': 'lstm', 'task_type': 'regression', 'use_ema': False, 'batch_size': 64, 'accumulation_steps': 1, 'warmup_ratio': 0.1, 'learning_rate': 0.001, 'weight_decay': 0.01, 'scheduler_factor': None, 'scheduler_patience': None, 'scheduler_threshold': None, 'scheduler_min_lr': 1e-06, 'scheduler_type': 'step_warmup', 'step_lr_step_size_ratio': 0.2, 'step_lr_gamma': 0.5, 'lstm_hidden_size': 256, 'lstm_num_layers': 4, 'lstm_dropout': 0.3, 'output_activation': None, 'epochs': 300, 'save_dir': 'checkpoints/lstm_20260508-180828', 'cuda_id': '0', 'dataset': 'ChuanDian', 'criterion_name': 'smooth_l1', 'criterion_cfg': {'beta': 0.2}, 'seed': 0, 'Mc': 3, 'Mf': 3, 'mag_min': 3.0, 'mag_max': 9.0, 'Mag_elaps': [5.5, 6, 6.5, 7], 't_elaps_mode': 'global', 'Twindow': 360, 'Tfore': 180, 'dt': 10, 'context_len': 0, 'dMag': 0.1, 'split_by_time': True, 'lstm_feature_mode': 'external_sliding', 'time_step': 5, 'feature_cols': ['Num', 'Mag_max', 'Mag_mean', 'b_lsq', 'a_lsq', 'b_std_lsq', 'std_gr_lsq', 'b_mlk', 'a_mlk', 'b_std_mlk', 'std_gr_mlk', 'dM_lsq', 'dM_mlk', 'Energy_sqrt', 'prob_x7_lsq', 'prob_x7_mlk', 'beta', 'zvalue', 'T_elaps5.5', 'T_elaps6', 'T_elaps6.5', 'T_elaps7'], 'time_order': ['train', 'val', 'test'], 'cuda': True, 'start_epoch': 0, 'best_val_loss': inf}
2026-05-08 18:11:22,959 INFO src.train.config_setup: train_metrics: {'RMSE': 0.07398631019850138, 'MAE': 0.053718406625061284, 'MSE': 0.005473974096788869, 'MAPE': 13.849040075980321, 'R2': 0.6756763422110155, 'PearsonR': 0.8235537813298291, 'PearsonR_diff': 0.219256238547321, 'DA': 0.055746730901582935}
2026-05-08 18:11:22,959 INFO src.train.config_setup: val_metrics: {'RMSE': 0.14888770049840033, 'MAE': 0.11375576274080591, 'MSE': 0.02216754735970136, 'MAPE': 24.05092745795507, 'R2': -0.334966922335173, 'PearsonR': 0.21933167931504585, 'PearsonR_diff': 0.019765411825749996, 'DA': 0.04419889502762431}
2026-05-08 18:11:22,959 INFO src.train.config_setup: Using regression criterion: smooth_l1
2026-05-08 18:11:22,959 INFO src.train.config_setup: Criterion config: {'beta': 0.2}
2026-05-08 18:11:23,122 INFO __main__: Test loss: 0.06694466217110555
2026-05-08 18:11:23,928 INFO __main__: Saved test metrics to checkpoints/lstm_20260508-180828/metrics_test_last_1.json
2026-05-08 18:11:23,928 INFO __main__: Metrics: {'RMSE': 1.0649115352086735, 'MAE': 0.8193746603251807, 'MSE': 1.134036577820494, 'MAPE': 17.107244551430583, 'R2': -2.3888804812201254, 'PearsonR': 0.5408623190459354, 'PearsonR_diff': 0.2532723673757804, 'DA': 0.04945054945054945, 'SpearmanR': 0.5352427273272289, 'SpearmanR_diff': 0.11067945123807893, 'DTW': 78.73532962799072, 'DTW_normalized': 0.4302477028851952}
