2026-05-14 20:46:15,533 INFO src.data.preprocessing: CSV files found: ['chuandian_2021.csv']
2026-05-14 20:46:16,667 INFO src.utils.file_utils: Loading cached data from: data/ChuanDian/regressor/regressor_Mc_3_Mf_3_Tfore_180_Twindow_360_context_len_1_dt_10.pkl
2026-05-14 20:46:18,928 INFO src.data.preprocessing: Catalog statistics: {'tau_unfiltered': 0.15339908988298961, 'tau_q025': 0.08114294020924717, 'tau_q05': 0.5134664350189269, 'tau_mean': 1.3070542199341526, 'tau_max': 25.18216435192153, 'tau_min': 0.0, 'time_max': 18770.72654999979, 'time_mean': 10030.9430649837, 'mag_completeness': 3.0, 'mag_mean': 3.456916005014626, 'mag_max': 8.0, 'mag_min': 3.0, 'b_value': 0.856738547623331, 'b_std': 0.0071499224812533796, 'b_n': 14358}
2026-05-14 20:46:18,968 INFO src.data.event_loader: lengths of samples: min=96, max=1340, avg=265.71
2026-05-14 20:46:18,971 INFO src.cli.workflows: Loading checkpoint from: ./checkpoints/mixer_tpp_20260508-182744/last_model_1.pth
2026-05-14 20:46:20,316 INFO src.models.adapters.mixer_task: using time scale base 1.3070542199341526 (key: tau_mean)
2026-05-14 20:46:20,316 INFO src.models.adapters.mixer_task: tau mean: tensor(1.3071)
2026-05-14 20:46:20,398 INFO src.train.config_setup: Restoring model from checkpoint.
2026-05-14 20:46:20,398 INFO src.train.config_setup: Loading model weights: load_specific_parts=['base_model.encoder.input_proj', 'base_model.encoder.layers.0', 'base_model.encoder.layers.1']
2026-05-14 20:46:20,400 INFO src.train.config_setup: Selective load summary: requested_parts=['base_model.encoder.input_proj', 'base_model.encoder.layers.0', 'base_model.encoder.layers.1'], target_in_model=32, matched_in_checkpoint=28, loaded=28, missing_after_load=4, shape_mismatch=0, missing_in_model=0, out_of_scope_loaded=0
2026-05-14 20:46:20,401 INFO src.train.config_setup: Selective load coverage [base_model.encoder.input_proj]: target=4, hit=4, missing=0, complete=True
2026-05-14 20:46:20,401 INFO src.train.config_setup: Selective load coverage [base_model.encoder.layers.0]: target=14, hit=12, missing=2, complete=False
2026-05-14 20:46:20,401 WARNING src.train.config_setup: Selective load coverage missing preview [base_model.encoder.layers.0]: ['base_model.encoder.layers.0.mixer.conv1d.bias', 'base_model.encoder.layers.0.mixer.conv1d.weight']
2026-05-14 20:46:20,401 INFO src.train.config_setup: Selective load coverage [base_model.encoder.layers.1]: target=14, hit=12, missing=2, complete=False
2026-05-14 20:46:20,401 WARNING src.train.config_setup: Selective load coverage missing preview [base_model.encoder.layers.1]: ['base_model.encoder.layers.1.mixer.conv1d.bias', 'base_model.encoder.layers.1.mixer.conv1d.weight']
2026-05-14 20:46:20,401 WARNING src.train.config_setup: Checkpoint missing target parameter preview: ['base_model.encoder.layers.0.mixer.conv1d.bias', 'base_model.encoder.layers.0.mixer.conv1d.weight', 'base_model.encoder.layers.1.mixer.conv1d.bias', 'base_model.encoder.layers.1.mixer.conv1d.weight']
2026-05-14 20:46:20,401 WARNING src.train.config_setup: Target not-loaded parameter preview: ['base_model.encoder.layers.0.mixer.conv1d.bias', 'base_model.encoder.layers.0.mixer.conv1d.weight', 'base_model.encoder.layers.1.mixer.conv1d.bias', 'base_model.encoder.layers.1.mixer.conv1d.weight']
2026-05-14 20:46:20,401 INFO src.train.config_setup: Loaded parameter preview: ['base_model.encoder.layers.0.mixer.A_log', 'base_model.encoder.layers.1.norm.bias', 'base_model.encoder.layers.1.mlp.fc1.weight', 'base_model.encoder.layers.0.mixer.D', 'base_model.encoder.layers.1.norm2.weight', 'base_model.encoder.layers.1.mlp.fc2.weight', 'base_model.encoder.layers.1.mixer.out_proj.weight', 'base_model.encoder.layers.0.mlp.fc2.weight', 'base_model.encoder.layers.0.norm.weight', 'base_model.encoder.layers.1.mixer.A_log'] ... (+18 more)
2026-05-14 20:46:20,403 INFO src.train.config_setup: Checkpoint hyperparameters loaded.
2026-05-14 20:46:20,403 INFO src.train.config_setup: Checkpoint train metrics available.
2026-05-14 20:46:20,403 INFO src.train.config_setup: Checkpoint val metrics available.
2026-05-14 20:46:20,403 INFO src.train.config_setup: Freeze skipped (checkpoint_restore): freeze_parts is empty.
2026-05-14 20:46:20,403 INFO src.train.config_setup: Using regression criterion: smooth_l1
2026-05-14 20:46:20,403 INFO src.train.config_setup: Criterion config: {'beta': 0.3}
2026-05-14 20:46:20,404 INFO src.train.config_setup: encoder_param_keywords: ['base_model.encoder.input_proj', 'base_model.encoder.layers.0', 'base_model.encoder.layers.1']
2026-05-14 20:46:20,405 INFO src.train.config_setup: encoder_lr grouping summary: lr=0.00024, matched=32
2026-05-14 20:46:20,405 INFO src.train.config_setup: Encoder LR coverage [base_model.encoder.input_proj]: target=4, hit=4, missing=0, complete=True
2026-05-14 20:46:20,405 INFO src.train.config_setup: Encoder LR coverage [base_model.encoder.layers.0]: target=14, hit=14, missing=0, complete=True
2026-05-14 20:46:20,405 INFO src.train.config_setup: Encoder LR coverage [base_model.encoder.layers.1]: target=14, hit=14, missing=0, complete=True
2026-05-14 20:46:20,405 INFO src.train.config_setup: encoder_lr matched preview: ['base_model.encoder.input_proj.0.weight', 'base_model.encoder.input_proj.0.bias', 'base_model.encoder.input_proj.3.weight', 'base_model.encoder.input_proj.3.bias', 'base_model.encoder.layers.0.norm.weight', 'base_model.encoder.layers.0.norm.bias', 'base_model.encoder.layers.0.mixer.dt_bias', 'base_model.encoder.layers.0.mixer.A_log', 'base_model.encoder.layers.0.mixer.D', 'base_model.encoder.layers.0.mixer.in_proj.weight'] ... (+22 more)
2026-05-14 20:46:20,406 INFO src.train.config_setup: Not resuming optimizer/scheduler state; reset training state to start_epoch=0, best_val_loss=inf.
2026-05-14 20:46:20,406 INFO src.train.trainer: Epoch 1
2026-05-14 20:46:54,257 INFO src.train.trainer: New best validation loss: 0.0732, saved to /root/autodl-tmp/em_eqf/experiments/reg_mixer_attnpl_ablation/runs/reg_ab_reg_seed_2/best_model_1.pth
2026-05-14 20:46:54,304 INFO src.train.trainer: Last model at epoch 1 saved to /root/autodl-tmp/em_eqf/experiments/reg_mixer_attnpl_ablation/runs/reg_ab_reg_seed_2/last_model_1.pth
2026-05-14 20:46:54,304 INFO src.train.trainer: Epoch 2
2026-05-14 20:46:57,579 INFO src.train.trainer: New best validation loss: 0.0507, saved to /root/autodl-tmp/em_eqf/experiments/reg_mixer_attnpl_ablation/runs/reg_ab_reg_seed_2/best_model_1.pth
2026-05-14 20:46:57,588 INFO src.train.trainer: Last model at epoch 2 saved to /root/autodl-tmp/em_eqf/experiments/reg_mixer_attnpl_ablation/runs/reg_ab_reg_seed_2/last_model_1.pth
2026-05-14 20:46:57,588 INFO src.train.trainer: Epoch 3
2026-05-14 20:47:00,634 INFO src.train.trainer: New best validation loss: 0.0315, saved to /root/autodl-tmp/em_eqf/experiments/reg_mixer_attnpl_ablation/runs/reg_ab_reg_seed_2/best_model_1.pth
2026-05-14 20:47:00,645 INFO src.train.trainer: Last model at epoch 3 saved to /root/autodl-tmp/em_eqf/experiments/reg_mixer_attnpl_ablation/runs/reg_ab_reg_seed_2/last_model_1.pth
2026-05-14 20:47:00,646 INFO src.train.trainer: Epoch 4
2026-05-14 20:47:04,056 INFO src.train.trainer: New best validation loss: 0.0290, saved to /root/autodl-tmp/em_eqf/experiments/reg_mixer_attnpl_ablation/runs/reg_ab_reg_seed_2/best_model_1.pth
2026-05-14 20:47:04,064 INFO src.train.trainer: Last model at epoch 4 saved to /root/autodl-tmp/em_eqf/experiments/reg_mixer_attnpl_ablation/runs/reg_ab_reg_seed_2/last_model_1.pth
2026-05-14 20:47:04,064 INFO src.train.trainer: Epoch 5
2026-05-14 20:47:07,332 INFO src.train.trainer: New best validation loss: 0.0282, saved to /root/autodl-tmp/em_eqf/experiments/reg_mixer_attnpl_ablation/runs/reg_ab_reg_seed_2/best_model_1.pth
2026-05-14 20:47:07,350 INFO src.train.trainer: Last model at epoch 5 saved to /root/autodl-tmp/em_eqf/experiments/reg_mixer_attnpl_ablation/runs/reg_ab_reg_seed_2/last_model_1.pth
2026-05-14 20:47:07,350 INFO src.train.trainer: Epoch 6
2026-05-14 20:47:10,617 INFO src.train.trainer: Last model at epoch 6 saved to /root/autodl-tmp/em_eqf/experiments/reg_mixer_attnpl_ablation/runs/reg_ab_reg_seed_2/last_model_1.pth
2026-05-14 20:47:10,617 INFO src.train.trainer: Epoch 7
2026-05-14 20:47:13,537 INFO src.train.trainer: Last model at epoch 7 saved to /root/autodl-tmp/em_eqf/experiments/reg_mixer_attnpl_ablation/runs/reg_ab_reg_seed_2/last_model_1.pth
2026-05-14 20:47:13,537 INFO src.train.trainer: Epoch 8
2026-05-14 20:47:16,794 INFO src.train.trainer: Last model at epoch 8 saved to /root/autodl-tmp/em_eqf/experiments/reg_mixer_attnpl_ablation/runs/reg_ab_reg_seed_2/last_model_1.pth
2026-05-14 20:47:16,794 INFO src.train.trainer: Epoch 9
2026-05-14 20:47:20,015 INFO src.train.trainer: New best validation loss: 0.0282, saved to /root/autodl-tmp/em_eqf/experiments/reg_mixer_attnpl_ablation/runs/reg_ab_reg_seed_2/best_model_1.pth
2026-05-14 20:47:20,031 INFO src.train.trainer: Last model at epoch 9 saved to /root/autodl-tmp/em_eqf/experiments/reg_mixer_attnpl_ablation/runs/reg_ab_reg_seed_2/last_model_1.pth
2026-05-14 20:47:20,032 INFO src.train.trainer: Epoch 10
2026-05-14 20:47:23,129 INFO src.train.trainer: Last model at epoch 10 saved to /root/autodl-tmp/em_eqf/experiments/reg_mixer_attnpl_ablation/runs/reg_ab_reg_seed_2/last_model_1.pth
2026-05-14 20:47:23,129 INFO src.train.trainer: Epoch 11
2026-05-14 20:47:26,386 INFO src.train.trainer: New best validation loss: 0.0279, saved to /root/autodl-tmp/em_eqf/experiments/reg_mixer_attnpl_ablation/runs/reg_ab_reg_seed_2/best_model_1.pth
2026-05-14 20:47:26,402 INFO src.train.trainer: Last model at epoch 11 saved to /root/autodl-tmp/em_eqf/experiments/reg_mixer_attnpl_ablation/runs/reg_ab_reg_seed_2/last_model_1.pth
2026-05-14 20:47:26,402 INFO src.train.trainer: Epoch 12
2026-05-14 20:47:29,551 INFO src.train.trainer: Last model at epoch 12 saved to /root/autodl-tmp/em_eqf/experiments/reg_mixer_attnpl_ablation/runs/reg_ab_reg_seed_2/last_model_1.pth
2026-05-14 20:47:29,551 INFO src.train.trainer: Epoch 13
2026-05-14 20:47:32,338 INFO src.train.trainer: Last model at epoch 13 saved to /root/autodl-tmp/em_eqf/experiments/reg_mixer_attnpl_ablation/runs/reg_ab_reg_seed_2/last_model_1.pth
2026-05-14 20:47:32,339 INFO src.train.trainer: Epoch 14
2026-05-14 20:47:35,348 INFO src.train.trainer: Last model at epoch 14 saved to /root/autodl-tmp/em_eqf/experiments/reg_mixer_attnpl_ablation/runs/reg_ab_reg_seed_2/last_model_1.pth
2026-05-14 20:47:35,348 INFO src.train.trainer: Epoch 15
2026-05-14 20:47:38,400 INFO src.train.trainer: Last model at epoch 15 saved to /root/autodl-tmp/em_eqf/experiments/reg_mixer_attnpl_ablation/runs/reg_ab_reg_seed_2/last_model_1.pth
2026-05-14 20:47:38,400 INFO src.train.trainer: Epoch 16
2026-05-14 20:47:41,129 INFO src.train.trainer: Last model at epoch 16 saved to /root/autodl-tmp/em_eqf/experiments/reg_mixer_attnpl_ablation/runs/reg_ab_reg_seed_2/last_model_1.pth
2026-05-14 20:47:41,129 INFO src.train.trainer: Epoch 17
2026-05-14 20:47:43,995 INFO src.train.trainer: Last model at epoch 17 saved to /root/autodl-tmp/em_eqf/experiments/reg_mixer_attnpl_ablation/runs/reg_ab_reg_seed_2/last_model_1.pth
2026-05-14 20:47:43,995 INFO src.train.trainer: Epoch 18
2026-05-14 20:47:46,824 INFO src.train.trainer: Last model at epoch 18 saved to /root/autodl-tmp/em_eqf/experiments/reg_mixer_attnpl_ablation/runs/reg_ab_reg_seed_2/last_model_1.pth
2026-05-14 20:47:46,824 INFO src.train.trainer: Epoch 19
2026-05-14 20:47:49,898 INFO src.train.trainer: Last model at epoch 19 saved to /root/autodl-tmp/em_eqf/experiments/reg_mixer_attnpl_ablation/runs/reg_ab_reg_seed_2/last_model_1.pth
2026-05-14 20:47:49,898 INFO src.train.trainer: Epoch 20
2026-05-14 20:47:52,529 INFO src.train.trainer: Last model at epoch 20 saved to /root/autodl-tmp/em_eqf/experiments/reg_mixer_attnpl_ablation/runs/reg_ab_reg_seed_2/last_model_1.pth
2026-05-14 20:47:52,529 INFO src.train.trainer: Epoch 21
2026-05-14 20:47:55,313 INFO src.train.trainer: Last model at epoch 21 saved to /root/autodl-tmp/em_eqf/experiments/reg_mixer_attnpl_ablation/runs/reg_ab_reg_seed_2/last_model_1.pth
2026-05-14 20:47:55,314 INFO src.train.trainer: Epoch 22
2026-05-14 20:47:58,081 INFO src.train.trainer: Last model at epoch 22 saved to /root/autodl-tmp/em_eqf/experiments/reg_mixer_attnpl_ablation/runs/reg_ab_reg_seed_2/last_model_1.pth
2026-05-14 20:47:58,081 INFO src.train.trainer: Epoch 23
2026-05-14 20:48:00,641 INFO src.train.trainer: Last model at epoch 23 saved to /root/autodl-tmp/em_eqf/experiments/reg_mixer_attnpl_ablation/runs/reg_ab_reg_seed_2/last_model_1.pth
2026-05-14 20:48:00,641 INFO src.train.trainer: Epoch 24
2026-05-14 20:48:03,457 INFO src.train.trainer: Last model at epoch 24 saved to /root/autodl-tmp/em_eqf/experiments/reg_mixer_attnpl_ablation/runs/reg_ab_reg_seed_2/last_model_1.pth
2026-05-14 20:48:03,457 INFO src.train.trainer: Epoch 25
2026-05-14 20:48:06,379 INFO src.train.trainer: Last model at epoch 25 saved to /root/autodl-tmp/em_eqf/experiments/reg_mixer_attnpl_ablation/runs/reg_ab_reg_seed_2/last_model_1.pth
2026-05-14 20:48:06,379 INFO src.train.trainer: Epoch 26
2026-05-14 20:48:09,053 INFO src.train.trainer: Last model at epoch 26 saved to /root/autodl-tmp/em_eqf/experiments/reg_mixer_attnpl_ablation/runs/reg_ab_reg_seed_2/last_model_1.pth
2026-05-14 20:48:09,053 INFO src.train.trainer: Epoch 27
2026-05-14 20:48:11,561 INFO src.train.trainer: Last model at epoch 27 saved to /root/autodl-tmp/em_eqf/experiments/reg_mixer_attnpl_ablation/runs/reg_ab_reg_seed_2/last_model_1.pth
2026-05-14 20:48:11,561 INFO src.train.trainer: Epoch 28
2026-05-14 20:48:14,289 INFO src.train.trainer: Last model at epoch 28 saved to /root/autodl-tmp/em_eqf/experiments/reg_mixer_attnpl_ablation/runs/reg_ab_reg_seed_2/last_model_1.pth
2026-05-14 20:48:14,289 INFO src.train.trainer: Epoch 29
2026-05-14 20:48:17,317 INFO src.train.trainer: Last model at epoch 29 saved to /root/autodl-tmp/em_eqf/experiments/reg_mixer_attnpl_ablation/runs/reg_ab_reg_seed_2/last_model_1.pth
2026-05-14 20:48:17,318 INFO src.train.trainer: Epoch 30
2026-05-14 20:48:20,244 INFO src.train.trainer: Last model at epoch 30 saved to /root/autodl-tmp/em_eqf/experiments/reg_mixer_attnpl_ablation/runs/reg_ab_reg_seed_2/last_model_1.pth
2026-05-14 20:48:20,244 INFO src.train.trainer: Epoch 31
2026-05-14 20:48:23,097 INFO src.train.trainer: Last model at epoch 31 saved to /root/autodl-tmp/em_eqf/experiments/reg_mixer_attnpl_ablation/runs/reg_ab_reg_seed_2/last_model_1.pth
2026-05-14 20:48:23,097 INFO src.train.trainer: Epoch 32
2026-05-14 20:48:25,706 INFO src.train.trainer: Last model at epoch 32 saved to /root/autodl-tmp/em_eqf/experiments/reg_mixer_attnpl_ablation/runs/reg_ab_reg_seed_2/last_model_1.pth
2026-05-14 20:48:25,707 INFO src.train.trainer: Epoch 33
2026-05-14 20:48:28,294 INFO src.train.trainer: Last model at epoch 33 saved to /root/autodl-tmp/em_eqf/experiments/reg_mixer_attnpl_ablation/runs/reg_ab_reg_seed_2/last_model_1.pth
2026-05-14 20:48:28,294 INFO src.train.trainer: Epoch 34
2026-05-14 20:48:31,156 INFO src.train.trainer: Last model at epoch 34 saved to /root/autodl-tmp/em_eqf/experiments/reg_mixer_attnpl_ablation/runs/reg_ab_reg_seed_2/last_model_1.pth
2026-05-14 20:48:31,157 INFO src.train.trainer: Epoch 35
2026-05-14 20:48:34,034 INFO src.train.trainer: Last model at epoch 35 saved to /root/autodl-tmp/em_eqf/experiments/reg_mixer_attnpl_ablation/runs/reg_ab_reg_seed_2/last_model_1.pth
2026-05-14 20:48:34,034 INFO src.train.trainer: Epoch 36
2026-05-14 20:48:36,631 INFO src.train.trainer: Last model at epoch 36 saved to /root/autodl-tmp/em_eqf/experiments/reg_mixer_attnpl_ablation/runs/reg_ab_reg_seed_2/last_model_1.pth
2026-05-14 20:48:36,632 INFO src.train.trainer: Epoch 37
2026-05-14 20:48:39,423 INFO src.train.trainer: Last model at epoch 37 saved to /root/autodl-tmp/em_eqf/experiments/reg_mixer_attnpl_ablation/runs/reg_ab_reg_seed_2/last_model_1.pth
2026-05-14 20:48:39,424 INFO src.train.trainer: Epoch 38
2026-05-14 20:48:42,315 INFO src.train.trainer: Last model at epoch 38 saved to /root/autodl-tmp/em_eqf/experiments/reg_mixer_attnpl_ablation/runs/reg_ab_reg_seed_2/last_model_1.pth
2026-05-14 20:48:42,316 INFO src.train.trainer: Epoch 39
2026-05-14 20:48:45,349 INFO src.train.trainer: Last model at epoch 39 saved to /root/autodl-tmp/em_eqf/experiments/reg_mixer_attnpl_ablation/runs/reg_ab_reg_seed_2/last_model_1.pth
2026-05-14 20:48:45,349 INFO src.train.trainer: Epoch 40
2026-05-14 20:48:48,180 INFO src.train.trainer: Last model at epoch 40 saved to /root/autodl-tmp/em_eqf/experiments/reg_mixer_attnpl_ablation/runs/reg_ab_reg_seed_2/last_model_1.pth
2026-05-14 20:48:48,180 INFO src.train.trainer: Epoch 41
2026-05-14 20:48:51,155 INFO src.train.trainer: Last model at epoch 41 saved to /root/autodl-tmp/em_eqf/experiments/reg_mixer_attnpl_ablation/runs/reg_ab_reg_seed_2/last_model_1.pth
2026-05-14 20:48:51,155 INFO src.train.trainer: Epoch 42
2026-05-14 20:48:53,882 INFO src.train.trainer: Last model at epoch 42 saved to /root/autodl-tmp/em_eqf/experiments/reg_mixer_attnpl_ablation/runs/reg_ab_reg_seed_2/last_model_1.pth
2026-05-14 20:48:53,882 INFO src.train.trainer: Epoch 43
2026-05-14 20:48:56,751 INFO src.train.trainer: Last model at epoch 43 saved to /root/autodl-tmp/em_eqf/experiments/reg_mixer_attnpl_ablation/runs/reg_ab_reg_seed_2/last_model_1.pth
2026-05-14 20:48:56,752 INFO src.train.trainer: Epoch 44
2026-05-14 20:48:59,588 INFO src.train.trainer: Last model at epoch 44 saved to /root/autodl-tmp/em_eqf/experiments/reg_mixer_attnpl_ablation/runs/reg_ab_reg_seed_2/last_model_1.pth
2026-05-14 20:48:59,588 INFO src.train.trainer: Epoch 45
2026-05-14 20:49:02,308 INFO src.train.trainer: Last model at epoch 45 saved to /root/autodl-tmp/em_eqf/experiments/reg_mixer_attnpl_ablation/runs/reg_ab_reg_seed_2/last_model_1.pth
2026-05-14 20:49:02,308 INFO src.train.trainer: Epoch 46
2026-05-14 20:49:05,620 INFO src.train.trainer: Last model at epoch 46 saved to /root/autodl-tmp/em_eqf/experiments/reg_mixer_attnpl_ablation/runs/reg_ab_reg_seed_2/last_model_1.pth
2026-05-14 20:49:05,620 INFO src.train.trainer: Epoch 47
2026-05-14 20:49:08,750 INFO src.train.trainer: Last model at epoch 47 saved to /root/autodl-tmp/em_eqf/experiments/reg_mixer_attnpl_ablation/runs/reg_ab_reg_seed_2/last_model_1.pth
2026-05-14 20:49:08,750 INFO src.train.trainer: Epoch 48
2026-05-14 20:49:11,734 INFO src.train.trainer: Last model at epoch 48 saved to /root/autodl-tmp/em_eqf/experiments/reg_mixer_attnpl_ablation/runs/reg_ab_reg_seed_2/last_model_1.pth
2026-05-14 20:49:11,734 INFO src.train.trainer: Epoch 49
2026-05-14 20:49:14,869 INFO src.train.trainer: Last model at epoch 49 saved to /root/autodl-tmp/em_eqf/experiments/reg_mixer_attnpl_ablation/runs/reg_ab_reg_seed_2/last_model_1.pth
2026-05-14 20:49:14,869 INFO src.train.trainer: Epoch 50
2026-05-14 20:49:17,707 INFO src.train.trainer: Last model at epoch 50 saved to /root/autodl-tmp/em_eqf/experiments/reg_mixer_attnpl_ablation/runs/reg_ab_reg_seed_2/last_model_1.pth
2026-05-14 20:49:17,707 INFO src.train.trainer: Epoch 51
2026-05-14 20:49:20,474 INFO src.train.trainer: Last model at epoch 51 saved to /root/autodl-tmp/em_eqf/experiments/reg_mixer_attnpl_ablation/runs/reg_ab_reg_seed_2/last_model_1.pth
2026-05-14 20:49:20,474 INFO src.train.trainer: Epoch 52
2026-05-14 20:49:23,296 INFO src.train.trainer: Last model at epoch 52 saved to /root/autodl-tmp/em_eqf/experiments/reg_mixer_attnpl_ablation/runs/reg_ab_reg_seed_2/last_model_1.pth
2026-05-14 20:49:23,296 INFO src.train.trainer: Epoch 53
2026-05-14 20:49:26,153 INFO src.train.trainer: Last model at epoch 53 saved to /root/autodl-tmp/em_eqf/experiments/reg_mixer_attnpl_ablation/runs/reg_ab_reg_seed_2/last_model_1.pth
2026-05-14 20:49:26,153 INFO src.train.trainer: Epoch 54
2026-05-14 20:49:29,341 INFO src.train.trainer: Last model at epoch 54 saved to /root/autodl-tmp/em_eqf/experiments/reg_mixer_attnpl_ablation/runs/reg_ab_reg_seed_2/last_model_1.pth
2026-05-14 20:49:29,342 INFO src.train.trainer: Epoch 55
2026-05-14 20:49:32,160 INFO src.train.trainer: Last model at epoch 55 saved to /root/autodl-tmp/em_eqf/experiments/reg_mixer_attnpl_ablation/runs/reg_ab_reg_seed_2/last_model_1.pth
2026-05-14 20:49:32,160 INFO src.train.trainer: Epoch 56
2026-05-14 20:49:35,212 INFO src.train.trainer: Last model at epoch 56 saved to /root/autodl-tmp/em_eqf/experiments/reg_mixer_attnpl_ablation/runs/reg_ab_reg_seed_2/last_model_1.pth
2026-05-14 20:49:35,212 INFO src.train.trainer: Epoch 57
2026-05-14 20:49:37,956 INFO src.train.trainer: Last model at epoch 57 saved to /root/autodl-tmp/em_eqf/experiments/reg_mixer_attnpl_ablation/runs/reg_ab_reg_seed_2/last_model_1.pth
2026-05-14 20:49:37,956 INFO src.train.trainer: Epoch 58
2026-05-14 20:49:40,626 INFO src.train.trainer: Last model at epoch 58 saved to /root/autodl-tmp/em_eqf/experiments/reg_mixer_attnpl_ablation/runs/reg_ab_reg_seed_2/last_model_1.pth
2026-05-14 20:49:40,626 INFO src.train.trainer: Epoch 59
2026-05-14 20:49:43,121 INFO src.train.trainer: Last model at epoch 59 saved to /root/autodl-tmp/em_eqf/experiments/reg_mixer_attnpl_ablation/runs/reg_ab_reg_seed_2/last_model_1.pth
2026-05-14 20:49:43,122 INFO src.train.trainer: Epoch 60
2026-05-14 20:49:45,804 INFO src.train.trainer: Last model at epoch 60 saved to /root/autodl-tmp/em_eqf/experiments/reg_mixer_attnpl_ablation/runs/reg_ab_reg_seed_2/last_model_1.pth
2026-05-14 20:49:45,811 INFO src.train.trainer: Saved epoch 60 snapshot to /root/autodl-tmp/em_eqf/experiments/reg_mixer_attnpl_ablation/runs/reg_ab_reg_seed_2/epoch_60_model_1.pth
2026-05-14 20:49:45,811 INFO src.train.trainer: Epoch 61
2026-05-14 20:49:48,467 INFO src.train.trainer: Last model at epoch 61 saved to /root/autodl-tmp/em_eqf/experiments/reg_mixer_attnpl_ablation/runs/reg_ab_reg_seed_2/last_model_1.pth
2026-05-14 20:49:48,468 INFO src.train.trainer: Epoch 62
2026-05-14 20:49:51,124 INFO src.train.trainer: Last model at epoch 62 saved to /root/autodl-tmp/em_eqf/experiments/reg_mixer_attnpl_ablation/runs/reg_ab_reg_seed_2/last_model_1.pth
2026-05-14 20:49:51,124 INFO src.train.trainer: Epoch 63
2026-05-14 20:49:53,828 INFO src.train.trainer: Last model at epoch 63 saved to /root/autodl-tmp/em_eqf/experiments/reg_mixer_attnpl_ablation/runs/reg_ab_reg_seed_2/last_model_1.pth
2026-05-14 20:49:53,828 INFO src.train.trainer: Epoch 64
2026-05-14 20:49:56,350 INFO src.train.trainer: Last model at epoch 64 saved to /root/autodl-tmp/em_eqf/experiments/reg_mixer_attnpl_ablation/runs/reg_ab_reg_seed_2/last_model_1.pth
2026-05-14 20:49:56,350 INFO src.train.trainer: Epoch 65
2026-05-14 20:49:58,965 INFO src.train.trainer: Last model at epoch 65 saved to /root/autodl-tmp/em_eqf/experiments/reg_mixer_attnpl_ablation/runs/reg_ab_reg_seed_2/last_model_1.pth
2026-05-14 20:49:58,965 INFO src.train.trainer: Epoch 66
2026-05-14 20:50:01,666 INFO src.train.trainer: Last model at epoch 66 saved to /root/autodl-tmp/em_eqf/experiments/reg_mixer_attnpl_ablation/runs/reg_ab_reg_seed_2/last_model_1.pth
2026-05-14 20:50:01,667 INFO src.train.trainer: Epoch 67
2026-05-14 20:50:04,336 INFO src.train.trainer: Last model at epoch 67 saved to /root/autodl-tmp/em_eqf/experiments/reg_mixer_attnpl_ablation/runs/reg_ab_reg_seed_2/last_model_1.pth
2026-05-14 20:50:04,337 INFO src.train.trainer: Epoch 68
2026-05-14 20:50:07,354 INFO src.train.trainer: Last model at epoch 68 saved to /root/autodl-tmp/em_eqf/experiments/reg_mixer_attnpl_ablation/runs/reg_ab_reg_seed_2/last_model_1.pth
2026-05-14 20:50:07,355 INFO src.train.trainer: Epoch 69
2026-05-14 20:50:10,175 INFO src.train.trainer: Last model at epoch 69 saved to /root/autodl-tmp/em_eqf/experiments/reg_mixer_attnpl_ablation/runs/reg_ab_reg_seed_2/last_model_1.pth
2026-05-14 20:50:10,175 INFO src.train.trainer: Epoch 70
2026-05-14 20:50:12,998 INFO src.train.trainer: Last model at epoch 70 saved to /root/autodl-tmp/em_eqf/experiments/reg_mixer_attnpl_ablation/runs/reg_ab_reg_seed_2/last_model_1.pth
2026-05-14 20:50:12,999 INFO src.train.trainer: Epoch 71
2026-05-14 20:50:15,911 INFO src.train.trainer: Last model at epoch 71 saved to /root/autodl-tmp/em_eqf/experiments/reg_mixer_attnpl_ablation/runs/reg_ab_reg_seed_2/last_model_1.pth
2026-05-14 20:50:15,912 INFO src.train.trainer: Epoch 72
2026-05-14 20:50:18,645 INFO src.train.trainer: Last model at epoch 72 saved to /root/autodl-tmp/em_eqf/experiments/reg_mixer_attnpl_ablation/runs/reg_ab_reg_seed_2/last_model_1.pth
2026-05-14 20:50:18,646 INFO src.train.trainer: Epoch 73
2026-05-14 20:50:21,345 INFO src.train.trainer: Last model at epoch 73 saved to /root/autodl-tmp/em_eqf/experiments/reg_mixer_attnpl_ablation/runs/reg_ab_reg_seed_2/last_model_1.pth
2026-05-14 20:50:21,345 INFO src.train.trainer: Epoch 74
2026-05-14 20:50:24,417 INFO src.train.trainer: Last model at epoch 74 saved to /root/autodl-tmp/em_eqf/experiments/reg_mixer_attnpl_ablation/runs/reg_ab_reg_seed_2/last_model_1.pth
2026-05-14 20:50:24,418 INFO src.train.trainer: Epoch 75
2026-05-14 20:50:26,986 INFO src.train.trainer: Last model at epoch 75 saved to /root/autodl-tmp/em_eqf/experiments/reg_mixer_attnpl_ablation/runs/reg_ab_reg_seed_2/last_model_1.pth
2026-05-14 20:50:26,987 INFO src.train.trainer: Epoch 76
2026-05-14 20:50:29,769 INFO src.train.trainer: Last model at epoch 76 saved to /root/autodl-tmp/em_eqf/experiments/reg_mixer_attnpl_ablation/runs/reg_ab_reg_seed_2/last_model_1.pth
2026-05-14 20:50:29,769 INFO src.train.trainer: Epoch 77
2026-05-14 20:50:32,438 INFO src.train.trainer: Last model at epoch 77 saved to /root/autodl-tmp/em_eqf/experiments/reg_mixer_attnpl_ablation/runs/reg_ab_reg_seed_2/last_model_1.pth
2026-05-14 20:50:32,439 INFO src.train.trainer: Epoch 78
2026-05-14 20:50:35,378 INFO src.train.trainer: Last model at epoch 78 saved to /root/autodl-tmp/em_eqf/experiments/reg_mixer_attnpl_ablation/runs/reg_ab_reg_seed_2/last_model_1.pth
2026-05-14 20:50:35,378 INFO src.train.trainer: Epoch 79
2026-05-14 20:50:38,154 INFO src.train.trainer: Last model at epoch 79 saved to /root/autodl-tmp/em_eqf/experiments/reg_mixer_attnpl_ablation/runs/reg_ab_reg_seed_2/last_model_1.pth
2026-05-14 20:50:38,154 INFO src.train.trainer: Epoch 80
2026-05-14 20:50:41,007 INFO src.train.trainer: Last model at epoch 80 saved to /root/autodl-tmp/em_eqf/experiments/reg_mixer_attnpl_ablation/runs/reg_ab_reg_seed_2/last_model_1.pth
2026-05-14 20:50:41,014 INFO src.train.trainer: Saved epoch 80 snapshot to /root/autodl-tmp/em_eqf/experiments/reg_mixer_attnpl_ablation/runs/reg_ab_reg_seed_2/epoch_80_model_1.pth
2026-05-14 20:50:41,014 INFO src.train.trainer: Epoch 81
2026-05-14 20:50:43,937 INFO src.train.trainer: Last model at epoch 81 saved to /root/autodl-tmp/em_eqf/experiments/reg_mixer_attnpl_ablation/runs/reg_ab_reg_seed_2/last_model_1.pth
2026-05-14 20:50:43,937 INFO src.train.trainer: Epoch 82
2026-05-14 20:50:46,984 INFO src.train.trainer: Last model at epoch 82 saved to /root/autodl-tmp/em_eqf/experiments/reg_mixer_attnpl_ablation/runs/reg_ab_reg_seed_2/last_model_1.pth
2026-05-14 20:50:46,984 INFO src.train.trainer: Epoch 83
2026-05-14 20:50:50,214 INFO src.train.trainer: Last model at epoch 83 saved to /root/autodl-tmp/em_eqf/experiments/reg_mixer_attnpl_ablation/runs/reg_ab_reg_seed_2/last_model_1.pth
2026-05-14 20:50:50,214 INFO src.train.trainer: Epoch 84
2026-05-14 20:50:53,381 INFO src.train.trainer: Last model at epoch 84 saved to /root/autodl-tmp/em_eqf/experiments/reg_mixer_attnpl_ablation/runs/reg_ab_reg_seed_2/last_model_1.pth
2026-05-14 20:50:53,381 INFO src.train.trainer: Epoch 85
2026-05-14 20:50:56,299 INFO src.train.trainer: Last model at epoch 85 saved to /root/autodl-tmp/em_eqf/experiments/reg_mixer_attnpl_ablation/runs/reg_ab_reg_seed_2/last_model_1.pth
2026-05-14 20:50:56,299 INFO src.train.trainer: Epoch 86
2026-05-14 20:50:58,960 INFO src.train.trainer: Last model at epoch 86 saved to /root/autodl-tmp/em_eqf/experiments/reg_mixer_attnpl_ablation/runs/reg_ab_reg_seed_2/last_model_1.pth
2026-05-14 20:50:58,960 INFO src.train.trainer: Epoch 87
2026-05-14 20:51:01,604 INFO src.train.trainer: Last model at epoch 87 saved to /root/autodl-tmp/em_eqf/experiments/reg_mixer_attnpl_ablation/runs/reg_ab_reg_seed_2/last_model_1.pth
2026-05-14 20:51:01,604 INFO src.train.trainer: Epoch 88
2026-05-14 20:51:04,443 INFO src.train.trainer: Last model at epoch 88 saved to /root/autodl-tmp/em_eqf/experiments/reg_mixer_attnpl_ablation/runs/reg_ab_reg_seed_2/last_model_1.pth
2026-05-14 20:51:04,443 INFO src.train.trainer: Epoch 89
2026-05-14 20:51:07,634 INFO src.train.trainer: Last model at epoch 89 saved to /root/autodl-tmp/em_eqf/experiments/reg_mixer_attnpl_ablation/runs/reg_ab_reg_seed_2/last_model_1.pth
2026-05-14 20:51:07,634 INFO src.train.trainer: Epoch 90
2026-05-14 20:51:10,827 INFO src.train.trainer: Last model at epoch 90 saved to /root/autodl-tmp/em_eqf/experiments/reg_mixer_attnpl_ablation/runs/reg_ab_reg_seed_2/last_model_1.pth
2026-05-14 20:51:10,827 INFO src.train.trainer: Epoch 91
2026-05-14 20:51:13,852 INFO src.train.trainer: Last model at epoch 91 saved to /root/autodl-tmp/em_eqf/experiments/reg_mixer_attnpl_ablation/runs/reg_ab_reg_seed_2/last_model_1.pth
2026-05-14 20:51:13,852 INFO src.train.trainer: Epoch 92
2026-05-14 20:51:16,582 INFO src.train.trainer: Last model at epoch 92 saved to /root/autodl-tmp/em_eqf/experiments/reg_mixer_attnpl_ablation/runs/reg_ab_reg_seed_2/last_model_1.pth
2026-05-14 20:51:16,582 INFO src.train.trainer: Epoch 93
2026-05-14 20:51:19,343 INFO src.train.trainer: Last model at epoch 93 saved to /root/autodl-tmp/em_eqf/experiments/reg_mixer_attnpl_ablation/runs/reg_ab_reg_seed_2/last_model_1.pth
2026-05-14 20:51:19,343 INFO src.train.trainer: Epoch 94
2026-05-14 20:51:22,109 INFO src.train.trainer: Last model at epoch 94 saved to /root/autodl-tmp/em_eqf/experiments/reg_mixer_attnpl_ablation/runs/reg_ab_reg_seed_2/last_model_1.pth
2026-05-14 20:51:22,109 INFO src.train.trainer: Epoch 95
2026-05-14 20:51:24,943 INFO src.train.trainer: Last model at epoch 95 saved to /root/autodl-tmp/em_eqf/experiments/reg_mixer_attnpl_ablation/runs/reg_ab_reg_seed_2/last_model_1.pth
2026-05-14 20:51:24,943 INFO src.train.trainer: Epoch 96
2026-05-14 20:51:28,024 INFO src.train.trainer: Last model at epoch 96 saved to /root/autodl-tmp/em_eqf/experiments/reg_mixer_attnpl_ablation/runs/reg_ab_reg_seed_2/last_model_1.pth
2026-05-14 20:51:28,024 INFO src.train.trainer: Epoch 97
2026-05-14 20:51:30,966 INFO src.train.trainer: Last model at epoch 97 saved to /root/autodl-tmp/em_eqf/experiments/reg_mixer_attnpl_ablation/runs/reg_ab_reg_seed_2/last_model_1.pth
2026-05-14 20:51:30,966 INFO src.train.trainer: Epoch 98
2026-05-14 20:51:33,519 INFO src.train.trainer: Last model at epoch 98 saved to /root/autodl-tmp/em_eqf/experiments/reg_mixer_attnpl_ablation/runs/reg_ab_reg_seed_2/last_model_1.pth
2026-05-14 20:51:33,520 INFO src.train.trainer: Epoch 99
2026-05-14 20:51:36,371 INFO src.train.trainer: Last model at epoch 99 saved to /root/autodl-tmp/em_eqf/experiments/reg_mixer_attnpl_ablation/runs/reg_ab_reg_seed_2/last_model_1.pth
2026-05-14 20:51:36,372 INFO src.train.trainer: Epoch 100
2026-05-14 20:51:39,098 INFO src.train.trainer: Last model at epoch 100 saved to /root/autodl-tmp/em_eqf/experiments/reg_mixer_attnpl_ablation/runs/reg_ab_reg_seed_2/last_model_1.pth
2026-05-14 20:51:39,104 INFO src.train.trainer: Saved epoch 100 snapshot to /root/autodl-tmp/em_eqf/experiments/reg_mixer_attnpl_ablation/runs/reg_ab_reg_seed_2/epoch_100_model_1.pth
2026-05-14 20:51:39,104 INFO src.train.trainer: Epoch 101
2026-05-14 20:51:42,126 INFO src.train.trainer: Last model at epoch 101 saved to /root/autodl-tmp/em_eqf/experiments/reg_mixer_attnpl_ablation/runs/reg_ab_reg_seed_2/last_model_1.pth
2026-05-14 20:51:42,126 INFO src.train.trainer: Epoch 102
2026-05-14 20:51:44,910 INFO src.train.trainer: Last model at epoch 102 saved to /root/autodl-tmp/em_eqf/experiments/reg_mixer_attnpl_ablation/runs/reg_ab_reg_seed_2/last_model_1.pth
2026-05-14 20:51:44,910 INFO src.train.trainer: Epoch 103
2026-05-14 20:51:47,463 INFO src.train.trainer: Last model at epoch 103 saved to /root/autodl-tmp/em_eqf/experiments/reg_mixer_attnpl_ablation/runs/reg_ab_reg_seed_2/last_model_1.pth
2026-05-14 20:51:47,463 INFO src.train.trainer: Epoch 104
2026-05-14 20:51:49,920 INFO src.train.trainer: Last model at epoch 104 saved to /root/autodl-tmp/em_eqf/experiments/reg_mixer_attnpl_ablation/runs/reg_ab_reg_seed_2/last_model_1.pth
2026-05-14 20:51:49,921 INFO src.train.trainer: Epoch 105
2026-05-14 20:51:52,667 INFO src.train.trainer: Last model at epoch 105 saved to /root/autodl-tmp/em_eqf/experiments/reg_mixer_attnpl_ablation/runs/reg_ab_reg_seed_2/last_model_1.pth
2026-05-14 20:51:52,667 INFO src.train.trainer: Epoch 106
2026-05-14 20:51:55,258 INFO src.train.trainer: Last model at epoch 106 saved to /root/autodl-tmp/em_eqf/experiments/reg_mixer_attnpl_ablation/runs/reg_ab_reg_seed_2/last_model_1.pth
2026-05-14 20:51:55,258 INFO src.train.trainer: Epoch 107
2026-05-14 20:51:57,934 INFO src.train.trainer: Last model at epoch 107 saved to /root/autodl-tmp/em_eqf/experiments/reg_mixer_attnpl_ablation/runs/reg_ab_reg_seed_2/last_model_1.pth
2026-05-14 20:51:57,935 INFO src.train.trainer: Epoch 108
2026-05-14 20:52:00,760 INFO src.train.trainer: Last model at epoch 108 saved to /root/autodl-tmp/em_eqf/experiments/reg_mixer_attnpl_ablation/runs/reg_ab_reg_seed_2/last_model_1.pth
2026-05-14 20:52:00,760 INFO src.train.trainer: Epoch 109
2026-05-14 20:52:03,380 INFO src.train.trainer: Last model at epoch 109 saved to /root/autodl-tmp/em_eqf/experiments/reg_mixer_attnpl_ablation/runs/reg_ab_reg_seed_2/last_model_1.pth
2026-05-14 20:52:03,380 INFO src.train.trainer: Epoch 110
2026-05-14 20:52:05,921 INFO src.train.trainer: Last model at epoch 110 saved to /root/autodl-tmp/em_eqf/experiments/reg_mixer_attnpl_ablation/runs/reg_ab_reg_seed_2/last_model_1.pth
2026-05-14 20:52:05,922 INFO src.train.trainer: Epoch 111
2026-05-14 20:52:08,955 INFO src.train.trainer: Last model at epoch 111 saved to /root/autodl-tmp/em_eqf/experiments/reg_mixer_attnpl_ablation/runs/reg_ab_reg_seed_2/last_model_1.pth
2026-05-14 20:52:08,956 INFO src.train.trainer: Epoch 112
2026-05-14 20:52:12,160 INFO src.train.trainer: Last model at epoch 112 saved to /root/autodl-tmp/em_eqf/experiments/reg_mixer_attnpl_ablation/runs/reg_ab_reg_seed_2/last_model_1.pth
2026-05-14 20:52:12,160 INFO src.train.trainer: Epoch 113
2026-05-14 20:52:15,062 INFO src.train.trainer: Last model at epoch 113 saved to /root/autodl-tmp/em_eqf/experiments/reg_mixer_attnpl_ablation/runs/reg_ab_reg_seed_2/last_model_1.pth
2026-05-14 20:52:15,062 INFO src.train.trainer: Epoch 114
2026-05-14 20:52:18,045 INFO src.train.trainer: Last model at epoch 114 saved to /root/autodl-tmp/em_eqf/experiments/reg_mixer_attnpl_ablation/runs/reg_ab_reg_seed_2/last_model_1.pth
2026-05-14 20:52:18,046 INFO src.train.trainer: Epoch 115
2026-05-14 20:52:20,905 INFO src.train.trainer: Last model at epoch 115 saved to /root/autodl-tmp/em_eqf/experiments/reg_mixer_attnpl_ablation/runs/reg_ab_reg_seed_2/last_model_1.pth
2026-05-14 20:52:20,905 INFO src.train.trainer: Epoch 116
2026-05-14 20:52:23,718 INFO src.train.trainer: Last model at epoch 116 saved to /root/autodl-tmp/em_eqf/experiments/reg_mixer_attnpl_ablation/runs/reg_ab_reg_seed_2/last_model_1.pth
2026-05-14 20:52:23,718 INFO src.train.trainer: Epoch 117
2026-05-14 20:52:26,507 INFO src.train.trainer: Last model at epoch 117 saved to /root/autodl-tmp/em_eqf/experiments/reg_mixer_attnpl_ablation/runs/reg_ab_reg_seed_2/last_model_1.pth
2026-05-14 20:52:26,507 INFO src.train.trainer: Epoch 118
2026-05-14 20:52:29,472 INFO src.train.trainer: Last model at epoch 118 saved to /root/autodl-tmp/em_eqf/experiments/reg_mixer_attnpl_ablation/runs/reg_ab_reg_seed_2/last_model_1.pth
2026-05-14 20:52:29,472 INFO src.train.trainer: Epoch 119
2026-05-14 20:52:32,544 INFO src.train.trainer: Last model at epoch 119 saved to /root/autodl-tmp/em_eqf/experiments/reg_mixer_attnpl_ablation/runs/reg_ab_reg_seed_2/last_model_1.pth
2026-05-14 20:52:32,545 INFO src.train.trainer: Epoch 120
2026-05-14 20:52:35,527 INFO src.train.trainer: Last model at epoch 120 saved to /root/autodl-tmp/em_eqf/experiments/reg_mixer_attnpl_ablation/runs/reg_ab_reg_seed_2/last_model_1.pth
2026-05-14 20:52:35,538 INFO src.train.trainer: Saved epoch 120 snapshot to /root/autodl-tmp/em_eqf/experiments/reg_mixer_attnpl_ablation/runs/reg_ab_reg_seed_2/epoch_120_model_1.pth
2026-05-14 20:52:35,538 INFO src.train.trainer: Epoch 121
2026-05-14 20:52:38,573 INFO src.train.trainer: Last model at epoch 121 saved to /root/autodl-tmp/em_eqf/experiments/reg_mixer_attnpl_ablation/runs/reg_ab_reg_seed_2/last_model_1.pth
2026-05-14 20:52:38,573 INFO src.train.trainer: Epoch 122
2026-05-14 20:52:41,418 INFO src.train.trainer: Last model at epoch 122 saved to /root/autodl-tmp/em_eqf/experiments/reg_mixer_attnpl_ablation/runs/reg_ab_reg_seed_2/last_model_1.pth
2026-05-14 20:52:41,418 INFO src.train.trainer: Epoch 123
2026-05-14 20:52:44,454 INFO src.train.trainer: Last model at epoch 123 saved to /root/autodl-tmp/em_eqf/experiments/reg_mixer_attnpl_ablation/runs/reg_ab_reg_seed_2/last_model_1.pth
2026-05-14 20:52:44,454 INFO src.train.trainer: Epoch 124
2026-05-14 20:52:47,339 INFO src.train.trainer: Last model at epoch 124 saved to /root/autodl-tmp/em_eqf/experiments/reg_mixer_attnpl_ablation/runs/reg_ab_reg_seed_2/last_model_1.pth
2026-05-14 20:52:47,340 INFO src.train.trainer: Epoch 125
2026-05-14 20:52:50,482 INFO src.train.trainer: Last model at epoch 125 saved to /root/autodl-tmp/em_eqf/experiments/reg_mixer_attnpl_ablation/runs/reg_ab_reg_seed_2/last_model_1.pth
2026-05-14 20:52:50,482 INFO src.train.trainer: Epoch 126
2026-05-14 20:52:53,319 INFO src.train.trainer: Last model at epoch 126 saved to /root/autodl-tmp/em_eqf/experiments/reg_mixer_attnpl_ablation/runs/reg_ab_reg_seed_2/last_model_1.pth
2026-05-14 20:52:53,319 INFO src.train.trainer: Epoch 127
2026-05-14 20:52:56,094 INFO src.train.trainer: Last model at epoch 127 saved to /root/autodl-tmp/em_eqf/experiments/reg_mixer_attnpl_ablation/runs/reg_ab_reg_seed_2/last_model_1.pth
2026-05-14 20:52:56,094 INFO src.train.trainer: Epoch 128
2026-05-14 20:52:58,878 INFO src.train.trainer: Last model at epoch 128 saved to /root/autodl-tmp/em_eqf/experiments/reg_mixer_attnpl_ablation/runs/reg_ab_reg_seed_2/last_model_1.pth
2026-05-14 20:52:58,878 INFO src.train.trainer: Epoch 129
2026-05-14 20:53:01,646 INFO src.train.trainer: Last model at epoch 129 saved to /root/autodl-tmp/em_eqf/experiments/reg_mixer_attnpl_ablation/runs/reg_ab_reg_seed_2/last_model_1.pth
2026-05-14 20:53:01,646 INFO src.train.trainer: Epoch 130
2026-05-14 20:53:04,532 INFO src.train.trainer: Last model at epoch 130 saved to /root/autodl-tmp/em_eqf/experiments/reg_mixer_attnpl_ablation/runs/reg_ab_reg_seed_2/last_model_1.pth
2026-05-14 20:53:04,532 INFO src.train.trainer: Epoch 131
2026-05-14 20:53:07,192 INFO src.train.trainer: Last model at epoch 131 saved to /root/autodl-tmp/em_eqf/experiments/reg_mixer_attnpl_ablation/runs/reg_ab_reg_seed_2/last_model_1.pth
2026-05-14 20:53:07,192 INFO src.train.trainer: Epoch 132
2026-05-14 20:53:09,641 INFO src.train.trainer: Last model at epoch 132 saved to /root/autodl-tmp/em_eqf/experiments/reg_mixer_attnpl_ablation/runs/reg_ab_reg_seed_2/last_model_1.pth
2026-05-14 20:53:09,642 INFO src.train.trainer: Epoch 133
2026-05-14 20:53:12,152 INFO src.train.trainer: Last model at epoch 133 saved to /root/autodl-tmp/em_eqf/experiments/reg_mixer_attnpl_ablation/runs/reg_ab_reg_seed_2/last_model_1.pth
2026-05-14 20:53:12,152 INFO src.train.trainer: Epoch 134
2026-05-14 20:53:15,214 INFO src.train.trainer: Last model at epoch 134 saved to /root/autodl-tmp/em_eqf/experiments/reg_mixer_attnpl_ablation/runs/reg_ab_reg_seed_2/last_model_1.pth
2026-05-14 20:53:15,214 INFO src.train.trainer: Epoch 135
2026-05-14 20:53:18,191 INFO src.train.trainer: Last model at epoch 135 saved to /root/autodl-tmp/em_eqf/experiments/reg_mixer_attnpl_ablation/runs/reg_ab_reg_seed_2/last_model_1.pth
2026-05-14 20:53:18,191 INFO src.train.trainer: Epoch 136
2026-05-14 20:53:20,906 INFO src.train.trainer: Last model at epoch 136 saved to /root/autodl-tmp/em_eqf/experiments/reg_mixer_attnpl_ablation/runs/reg_ab_reg_seed_2/last_model_1.pth
2026-05-14 20:53:20,906 INFO src.train.trainer: Epoch 137
2026-05-14 20:53:23,583 INFO src.train.trainer: Last model at epoch 137 saved to /root/autodl-tmp/em_eqf/experiments/reg_mixer_attnpl_ablation/runs/reg_ab_reg_seed_2/last_model_1.pth
2026-05-14 20:53:23,583 INFO src.train.trainer: Epoch 138
2026-05-14 20:53:26,307 INFO src.train.trainer: Last model at epoch 138 saved to /root/autodl-tmp/em_eqf/experiments/reg_mixer_attnpl_ablation/runs/reg_ab_reg_seed_2/last_model_1.pth
2026-05-14 20:53:26,308 INFO src.train.trainer: Epoch 139
2026-05-14 20:53:29,170 INFO src.train.trainer: Last model at epoch 139 saved to /root/autodl-tmp/em_eqf/experiments/reg_mixer_attnpl_ablation/runs/reg_ab_reg_seed_2/last_model_1.pth
2026-05-14 20:53:29,170 INFO src.train.trainer: Epoch 140
2026-05-14 20:53:32,027 INFO src.train.trainer: Last model at epoch 140 saved to /root/autodl-tmp/em_eqf/experiments/reg_mixer_attnpl_ablation/runs/reg_ab_reg_seed_2/last_model_1.pth
2026-05-14 20:53:32,035 INFO src.train.trainer: Saved epoch 140 snapshot to /root/autodl-tmp/em_eqf/experiments/reg_mixer_attnpl_ablation/runs/reg_ab_reg_seed_2/epoch_140_model_1.pth
2026-05-14 20:53:32,035 INFO src.train.trainer: Epoch 141
2026-05-14 20:53:34,770 INFO src.train.trainer: Last model at epoch 141 saved to /root/autodl-tmp/em_eqf/experiments/reg_mixer_attnpl_ablation/runs/reg_ab_reg_seed_2/last_model_1.pth
2026-05-14 20:53:34,770 INFO src.train.trainer: Epoch 142
2026-05-14 20:53:37,525 INFO src.train.trainer: Last model at epoch 142 saved to /root/autodl-tmp/em_eqf/experiments/reg_mixer_attnpl_ablation/runs/reg_ab_reg_seed_2/last_model_1.pth
2026-05-14 20:53:37,525 INFO src.train.trainer: Epoch 143
2026-05-14 20:53:40,245 INFO src.train.trainer: Last model at epoch 143 saved to /root/autodl-tmp/em_eqf/experiments/reg_mixer_attnpl_ablation/runs/reg_ab_reg_seed_2/last_model_1.pth
2026-05-14 20:53:40,246 INFO src.train.trainer: Epoch 144
2026-05-14 20:53:43,005 INFO src.train.trainer: Last model at epoch 144 saved to /root/autodl-tmp/em_eqf/experiments/reg_mixer_attnpl_ablation/runs/reg_ab_reg_seed_2/last_model_1.pth
2026-05-14 20:53:43,005 INFO src.train.trainer: Epoch 145
2026-05-14 20:53:45,676 INFO src.train.trainer: Last model at epoch 145 saved to /root/autodl-tmp/em_eqf/experiments/reg_mixer_attnpl_ablation/runs/reg_ab_reg_seed_2/last_model_1.pth
2026-05-14 20:53:45,676 INFO src.train.trainer: Epoch 146
2026-05-14 20:53:48,427 INFO src.train.trainer: Last model at epoch 146 saved to /root/autodl-tmp/em_eqf/experiments/reg_mixer_attnpl_ablation/runs/reg_ab_reg_seed_2/last_model_1.pth
2026-05-14 20:53:48,427 INFO src.train.trainer: Epoch 147
2026-05-14 20:53:51,326 INFO src.train.trainer: Last model at epoch 147 saved to /root/autodl-tmp/em_eqf/experiments/reg_mixer_attnpl_ablation/runs/reg_ab_reg_seed_2/last_model_1.pth
2026-05-14 20:53:51,326 INFO src.train.trainer: Epoch 148
2026-05-14 20:53:54,017 INFO src.train.trainer: Last model at epoch 148 saved to /root/autodl-tmp/em_eqf/experiments/reg_mixer_attnpl_ablation/runs/reg_ab_reg_seed_2/last_model_1.pth
2026-05-14 20:53:54,017 INFO src.train.trainer: Epoch 149
2026-05-14 20:53:56,807 INFO src.train.trainer: Last model at epoch 149 saved to /root/autodl-tmp/em_eqf/experiments/reg_mixer_attnpl_ablation/runs/reg_ab_reg_seed_2/last_model_1.pth
2026-05-14 20:53:56,807 INFO src.train.trainer: Epoch 150
2026-05-14 20:53:59,451 INFO src.train.trainer: Last model at epoch 150 saved to /root/autodl-tmp/em_eqf/experiments/reg_mixer_attnpl_ablation/runs/reg_ab_reg_seed_2/last_model_1.pth
2026-05-14 20:54:10,122 INFO src.data.preprocessing: CSV files found: ['chuandian_2021.csv']
2026-05-14 20:54:11,729 INFO src.utils.file_utils: Loading cached data from: data/ChuanDian/regressor/regressor_Mc_3_Mf_3_Tfore_180_Twindow_360_context_len_1_dt_10.pkl
2026-05-14 20:54:14,269 INFO src.data.preprocessing: Catalog statistics: {'tau_unfiltered': 0.15339908988298961, 'tau_q025': 0.08114294020924717, 'tau_q05': 0.5134664350189269, 'tau_mean': 1.3070542199341526, 'tau_max': 25.18216435192153, 'tau_min': 0.0, 'time_max': 18770.72654999979, 'time_mean': 10030.9430649837, 'mag_completeness': 3.0, 'mag_mean': 3.456916005014626, 'mag_max': 8.0, 'mag_min': 3.0, 'b_value': 0.856738547623331, 'b_std': 0.0071499224812533796, 'b_n': 14358}
2026-05-14 20:54:14,308 INFO src.data.event_loader: lengths of samples: min=96, max=1340, avg=265.71
2026-05-14 20:54:15,188 INFO src.models.adapters.mixer_task: using time scale base 1.3070542199341526 (key: tau_mean)
2026-05-14 20:54:15,188 INFO src.models.adapters.mixer_task: tau mean: tensor(1.3071)
2026-05-14 20:54:15,237 INFO src.train.config_setup: Restoring model from checkpoint.
2026-05-14 20:54:15,237 INFO src.train.config_setup: Loading model weights: load_specific_parts=None
2026-05-14 20:54:15,239 INFO src.train.config_setup: Checkpoint loaded: <All keys matched successfully>
2026-05-14 20:54:15,239 INFO src.train.config_setup: Full load summary: loaded=68, missing=0, unexpected=0
2026-05-14 20:54:15,240 INFO src.train.config_setup: Checkpoint hyperparameters loaded.
2026-05-14 20:54:15,240 INFO src.train.config_setup: Checkpoint train metrics available.
2026-05-14 20:54:15,240 INFO src.train.config_setup: Checkpoint val metrics available.
2026-05-14 20:54:15,240 INFO src.train.config_setup: Freeze skipped (checkpoint_restore): freeze_parts is empty.
2026-05-14 20:54:15,240 INFO src.train.config_setup: Using regression criterion: smooth_l1
2026-05-14 20:54:15,240 INFO src.train.config_setup: Criterion config: {'beta': 0.3}
2026-05-14 20:54:15,241 INFO src.train.config_setup: encoder_param_keywords: ['base_model.encoder.input_proj', 'base_model.encoder.layers.0', 'base_model.encoder.layers.1']
2026-05-14 20:54:15,242 INFO src.train.config_setup: encoder_lr grouping summary: lr=0.00024, matched=32
2026-05-14 20:54:15,242 INFO src.train.config_setup: Encoder LR coverage [base_model.encoder.input_proj]: target=4, hit=4, missing=0, complete=True
2026-05-14 20:54:15,242 INFO src.train.config_setup: Encoder LR coverage [base_model.encoder.layers.0]: target=14, hit=14, missing=0, complete=True
2026-05-14 20:54:15,242 INFO src.train.config_setup: Encoder LR coverage [base_model.encoder.layers.1]: target=14, hit=14, missing=0, complete=True
2026-05-14 20:54:15,242 INFO src.train.config_setup: encoder_lr matched preview: ['base_model.encoder.input_proj.0.weight', 'base_model.encoder.input_proj.0.bias', 'base_model.encoder.input_proj.3.weight', 'base_model.encoder.input_proj.3.bias', 'base_model.encoder.layers.0.norm.weight', 'base_model.encoder.layers.0.norm.bias', 'base_model.encoder.layers.0.mixer.dt_bias', 'base_model.encoder.layers.0.mixer.A_log', 'base_model.encoder.layers.0.mixer.D', 'base_model.encoder.layers.0.mixer.in_proj.weight'] ... (+22 more)
2026-05-14 20:54:15,242 INFO src.train.config_setup: Not resuming optimizer/scheduler state; reset training state to start_epoch=0, best_val_loss=inf.
2026-05-14 20:54:21,721 INFO src.cli.workflows: Test loss: 0.03869596682488918
2026-05-14 20:54:24,858 INFO src.cli.common: Saved test metrics to /root/autodl-tmp/em_eqf/experiments/reg_mixer_attnpl_ablation/runs/reg_ab_reg_seed_2/metrics_test_best_1.json
2026-05-14 20:54:24,858 INFO src.cli.common: Metrics: {'RMSE': 0.9154476005779536, 'MAE': 0.795172180797233, 'MSE': 0.8380443094039324, 'MAPE': 17.379049456822976, 'R2': -1.5043561250936675, 'PearsonR': -0.04600950480992401, 'PearsonR_diff': 0.10182855046873329, 'DA': 0.04395604395604396, 'SpearmanR': -0.059235952091869194, 'SpearmanR_diff': -0.02287360122281104, 'DTW': 145.35589626431465, 'DTW_normalized': 0.7942945151055445}
2026-05-14 20:54:35,563 INFO src.data.preprocessing: CSV files found: ['chuandian_2021.csv']
2026-05-14 20:54:37,314 INFO src.utils.file_utils: Loading cached data from: data/ChuanDian/regressor/regressor_Mc_3_Mf_3_Tfore_180_Twindow_360_context_len_1_dt_10.pkl
2026-05-14 20:54:39,647 INFO src.data.preprocessing: Catalog statistics: {'tau_unfiltered': 0.15339908988298961, 'tau_q025': 0.08114294020924717, 'tau_q05': 0.5134664350189269, 'tau_mean': 1.3070542199341526, 'tau_max': 25.18216435192153, 'tau_min': 0.0, 'time_max': 18770.72654999979, 'time_mean': 10030.9430649837, 'mag_completeness': 3.0, 'mag_mean': 3.456916005014626, 'mag_max': 8.0, 'mag_min': 3.0, 'b_value': 0.856738547623331, 'b_std': 0.0071499224812533796, 'b_n': 14358}
2026-05-14 20:54:39,733 INFO src.data.event_loader: lengths of samples: min=96, max=1340, avg=265.71
2026-05-14 20:54:40,612 INFO src.models.adapters.mixer_task: using time scale base 1.3070542199341526 (key: tau_mean)
2026-05-14 20:54:40,612 INFO src.models.adapters.mixer_task: tau mean: tensor(1.3071)
2026-05-14 20:54:40,669 INFO src.train.config_setup: Restoring model from checkpoint.
2026-05-14 20:54:40,669 INFO src.train.config_setup: Loading model weights: load_specific_parts=None
2026-05-14 20:54:40,671 INFO src.train.config_setup: Checkpoint loaded: <All keys matched successfully>
2026-05-14 20:54:40,671 INFO src.train.config_setup: Full load summary: loaded=68, missing=0, unexpected=0
2026-05-14 20:54:40,672 INFO src.train.config_setup: Checkpoint hyperparameters loaded.
2026-05-14 20:54:40,672 INFO src.train.config_setup: Checkpoint train metrics available.
2026-05-14 20:54:40,672 INFO src.train.config_setup: Checkpoint val metrics available.
2026-05-14 20:54:40,672 INFO src.train.config_setup: Freeze skipped (checkpoint_restore): freeze_parts is empty.
2026-05-14 20:54:40,673 INFO src.train.config_setup: Using regression criterion: smooth_l1
2026-05-14 20:54:40,673 INFO src.train.config_setup: Criterion config: {'beta': 0.3}
2026-05-14 20:54:40,674 INFO src.train.config_setup: encoder_param_keywords: ['base_model.encoder.input_proj', 'base_model.encoder.layers.0', 'base_model.encoder.layers.1']
2026-05-14 20:54:40,674 INFO src.train.config_setup: encoder_lr grouping summary: lr=0.00024, matched=32
2026-05-14 20:54:40,674 INFO src.train.config_setup: Encoder LR coverage [base_model.encoder.input_proj]: target=4, hit=4, missing=0, complete=True
2026-05-14 20:54:40,674 INFO src.train.config_setup: Encoder LR coverage [base_model.encoder.layers.0]: target=14, hit=14, missing=0, complete=True
2026-05-14 20:54:40,674 INFO src.train.config_setup: Encoder LR coverage [base_model.encoder.layers.1]: target=14, hit=14, missing=0, complete=True
2026-05-14 20:54:40,674 INFO src.train.config_setup: encoder_lr matched preview: ['base_model.encoder.input_proj.0.weight', 'base_model.encoder.input_proj.0.bias', 'base_model.encoder.input_proj.3.weight', 'base_model.encoder.input_proj.3.bias', 'base_model.encoder.layers.0.norm.weight', 'base_model.encoder.layers.0.norm.bias', 'base_model.encoder.layers.0.mixer.dt_bias', 'base_model.encoder.layers.0.mixer.A_log', 'base_model.encoder.layers.0.mixer.D', 'base_model.encoder.layers.0.mixer.in_proj.weight'] ... (+22 more)
2026-05-14 20:54:40,675 INFO src.train.config_setup: Not resuming optimizer/scheduler state; reset training state to start_epoch=0, best_val_loss=inf.
2026-05-14 20:54:46,923 INFO src.cli.workflows: Test loss: 0.039607349783182144
2026-05-14 20:54:50,503 INFO src.cli.common: Saved test metrics to /root/autodl-tmp/em_eqf/experiments/reg_mixer_attnpl_ablation/runs/reg_ab_reg_seed_2/metrics_test_last_1.json
2026-05-14 20:54:50,504 INFO src.cli.common: Metrics: {'RMSE': 0.9153578093731761, 'MAE': 0.7987580890538263, 'MSE': 0.8378799191804598, 'MAPE': 17.070514268785843, 'R2': -1.5038648722345531, 'PearsonR': 0.18801028987705934, 'PearsonR_diff': 0.18179822861141243, 'DA': 0.06593406593406594, 'SpearmanR': 0.03661965583307462, 'SpearmanR_diff': 0.13328476216756943, 'DTW': 80.06389108300209, 'DTW_normalized': 0.4375076015464595}
