2026-05-10 13:08:36,580 INFO src.data.preprocessing: CSV files found: ['chuandian_2021.csv']
2026-05-10 13:08:37,818 INFO src.utils.file_utils: Loading cached data from: data/ChuanDian/classifier/classifier_Mc_3_Mf_4.0_Tfore_10_Twindow_180_context_len_1_dt_10.pkl
2026-05-10 13:08:38,171 INFO src.data.preprocessing: Catalog statistics: {'tau_unfiltered': 0.15339908988298961, 'tau_q025': 0.08114294020924717, 'tau_q05': 0.5134664350189269, 'tau_mean': 1.3070542199341526, 'tau_max': 25.18216435192153, 'tau_min': 0.0, 'time_max': 18770.72654999979, 'time_mean': 10030.9430649837, 'mag_completeness': 3.0, 'mag_mean': 3.456916005014626, 'mag_max': 8.0, 'mag_min': 3.0, 'b_value': 0.856738547623331, 'b_std': 0.0071499224812533796, 'b_n': 14358}
2026-05-10 13:08:38,192 INFO src.data.event_loader: lengths of samples: min=32, max=981, avg=135.51
2026-05-10 13:08:38,192 INFO src.data.event_loader: Number of positive samples: 780
2026-05-10 13:08:38,193 INFO src.data.event_loader: Number of negative samples: 683
2026-05-10 13:08:38,193 INFO src.data.event_loader: Positive samples: 594, Negative samples: 576
2026-05-10 13:08:38,193 INFO src.data.event_loader: Total samples: 1170, Positive ratio: 0.51, Negative ratio: 0.49
2026-05-10 13:08:38,194 INFO src.data.event_loader: Positive samples: 107, Negative samples: 39
2026-05-10 13:08:38,194 INFO src.data.event_loader: Total samples: 146, Positive ratio: 0.73, Negative ratio: 0.27
2026-05-10 13:08:38,194 INFO src.data.event_loader: Positive samples: 79, Negative samples: 68
2026-05-10 13:08:38,194 INFO src.data.event_loader: Total samples: 147, Positive ratio: 0.54, Negative ratio: 0.46
2026-05-10 13:08:38,339 INFO src.cli.workflows: Loading checkpoint from: ./checkpoints/mixer_tpp_20260508-182744/last_model_1.pth
2026-05-10 13:08:38,977 INFO src.models.adapters.mixer_task: using time scale base 1.3070542199341526 (key: tau_mean)
2026-05-10 13:08:38,977 INFO src.models.adapters.mixer_task: tau mean: tensor(1.3071)
2026-05-10 13:08:38,983 INFO src.train.config_setup: Restoring model from checkpoint.
2026-05-10 13:08:38,983 INFO src.train.config_setup: Loading model weights: load_specific_parts=['encoder']
2026-05-10 13:08:38,984 INFO src.train.config_setup: Selective load summary: requested_parts=['encoder'], target_in_model=40, matched_in_checkpoint=30, loaded=30, missing_after_load=10, shape_mismatch=0, missing_in_model=0, out_of_scope_loaded=0
2026-05-10 13:08:38,984 INFO src.train.config_setup: Selective load coverage [encoder]: target=40, hit=30, missing=10, complete=False
2026-05-10 13:08:38,984 WARNING src.train.config_setup: Selective load coverage missing preview [encoder]: ['base_model.encoder.layers.2.mixer.in_proj.bias', 'base_model.encoder.layers.2.mixer.in_proj.weight', 'base_model.encoder.layers.2.mixer.out_proj.bias', 'base_model.encoder.layers.2.mixer.out_proj.weight', 'base_model.encoder.layers.2.mlp.fc1.weight', 'base_model.encoder.layers.2.mlp.fc2.weight', 'base_model.encoder.layers.2.norm.bias', 'base_model.encoder.layers.2.norm.weight'] ... (+2 more)
2026-05-10 13:08:38,984 WARNING src.train.config_setup: Checkpoint missing target parameter preview: ['base_model.encoder.layers.2.mixer.in_proj.bias', 'base_model.encoder.layers.2.mixer.in_proj.weight', 'base_model.encoder.layers.2.mixer.out_proj.bias', 'base_model.encoder.layers.2.mixer.out_proj.weight', 'base_model.encoder.layers.2.mlp.fc1.weight', 'base_model.encoder.layers.2.mlp.fc2.weight', 'base_model.encoder.layers.2.norm.bias', 'base_model.encoder.layers.2.norm.weight', 'base_model.encoder.layers.2.norm2.bias', 'base_model.encoder.layers.2.norm2.weight']
2026-05-10 13:08:38,984 WARNING src.train.config_setup: Target not-loaded parameter preview: ['base_model.encoder.layers.2.mixer.in_proj.bias', 'base_model.encoder.layers.2.mixer.in_proj.weight', 'base_model.encoder.layers.2.mixer.out_proj.bias', 'base_model.encoder.layers.2.mixer.out_proj.weight', 'base_model.encoder.layers.2.mlp.fc1.weight', 'base_model.encoder.layers.2.mlp.fc2.weight', 'base_model.encoder.layers.2.norm.bias', 'base_model.encoder.layers.2.norm.weight', 'base_model.encoder.layers.2.norm2.bias', 'base_model.encoder.layers.2.norm2.weight']
2026-05-10 13:08:38,985 INFO src.train.config_setup: Loaded parameter preview: ['base_model.encoder.layers.0.mixer.norm.weight', 'base_model.encoder.layers.0.mixer.in_proj.weight', 'base_model.encoder.input_proj.3.bias', 'base_model.encoder.layers.1.mixer.out_proj.weight', 'base_model.encoder.layers.0.mixer.dt_bias', 'base_model.encoder.layers.0.norm2.bias', 'base_model.encoder.layers.0.mixer.D', 'base_model.encoder.norm_f.weight', 'base_model.encoder.layers.1.mlp.fc1.weight', 'base_model.encoder.layers.0.mixer.A_log'] ... (+20 more)
2026-05-10 13:08:38,986 INFO src.train.config_setup: Checkpoint hyperparameters loaded.
2026-05-10 13:08:38,986 INFO src.train.config_setup: Checkpoint train metrics available.
2026-05-10 13:08:38,986 INFO src.train.config_setup: Checkpoint val metrics available.
2026-05-10 13:08:38,986 INFO src.train.config_setup: Freeze skipped (checkpoint_restore): freeze_parts is empty.
2026-05-10 13:08:38,986 INFO src.train.config_setup: Using classification criterion: focal
2026-05-10 13:08:38,986 INFO src.train.config_setup: Criterion config: {'alpha': 0.5, 'gamma': 2.0}
2026-05-10 13:08:38,987 INFO src.train.config_setup: Not resuming optimizer/scheduler state; reset training state to start_epoch=0, best_val_loss=inf.
2026-05-10 13:08:38,987 INFO src.train.trainer: Epoch 1
2026-05-10 13:08:59,443 INFO src.train.trainer: New best validation loss: 0.0814, saved to /root/autodl-tmp/em_eqf/experiments/clf_grid_3/runs/tf_10_mf_4p0_seed_2/best_model_1.pth
2026-05-10 13:08:59,450 INFO src.train.trainer: Last model at epoch 1 saved to /root/autodl-tmp/em_eqf/experiments/clf_grid_3/runs/tf_10_mf_4p0_seed_2/last_model_1.pth
2026-05-10 13:08:59,450 INFO src.train.trainer: Epoch 2
2026-05-10 13:09:02,836 INFO src.train.trainer: Last model at epoch 2 saved to /root/autodl-tmp/em_eqf/experiments/clf_grid_3/runs/tf_10_mf_4p0_seed_2/last_model_1.pth
2026-05-10 13:09:02,836 INFO src.train.trainer: Epoch 3
2026-05-10 13:09:05,933 INFO src.train.trainer: Last model at epoch 3 saved to /root/autodl-tmp/em_eqf/experiments/clf_grid_3/runs/tf_10_mf_4p0_seed_2/last_model_1.pth
2026-05-10 13:09:05,934 INFO src.train.trainer: Epoch 4
2026-05-10 13:09:09,334 INFO src.train.trainer: Last model at epoch 4 saved to /root/autodl-tmp/em_eqf/experiments/clf_grid_3/runs/tf_10_mf_4p0_seed_2/last_model_1.pth
2026-05-10 13:09:09,334 INFO src.train.trainer: Epoch 5
2026-05-10 13:09:12,439 INFO src.train.trainer: New best validation loss: 0.0811, saved to /root/autodl-tmp/em_eqf/experiments/clf_grid_3/runs/tf_10_mf_4p0_seed_2/best_model_1.pth
2026-05-10 13:09:12,448 INFO src.train.trainer: Last model at epoch 5 saved to /root/autodl-tmp/em_eqf/experiments/clf_grid_3/runs/tf_10_mf_4p0_seed_2/last_model_1.pth
2026-05-10 13:09:12,448 INFO src.train.trainer: Epoch 6
2026-05-10 13:09:15,354 INFO src.train.trainer: Last model at epoch 6 saved to /root/autodl-tmp/em_eqf/experiments/clf_grid_3/runs/tf_10_mf_4p0_seed_2/last_model_1.pth
2026-05-10 13:09:15,354 INFO src.train.trainer: Epoch 7
2026-05-10 13:09:18,426 INFO src.train.trainer: Last model at epoch 7 saved to /root/autodl-tmp/em_eqf/experiments/clf_grid_3/runs/tf_10_mf_4p0_seed_2/last_model_1.pth
2026-05-10 13:09:18,426 INFO src.train.trainer: Epoch 8
2026-05-10 13:09:21,341 INFO src.train.trainer: New best validation loss: 0.0805, saved to /root/autodl-tmp/em_eqf/experiments/clf_grid_3/runs/tf_10_mf_4p0_seed_2/best_model_1.pth
2026-05-10 13:09:21,349 INFO src.train.trainer: Last model at epoch 8 saved to /root/autodl-tmp/em_eqf/experiments/clf_grid_3/runs/tf_10_mf_4p0_seed_2/last_model_1.pth
2026-05-10 13:09:21,349 INFO src.train.trainer: Epoch 9
2026-05-10 13:09:24,136 INFO src.train.trainer: Last model at epoch 9 saved to /root/autodl-tmp/em_eqf/experiments/clf_grid_3/runs/tf_10_mf_4p0_seed_2/last_model_1.pth
2026-05-10 13:09:24,137 INFO src.train.trainer: Epoch 10
2026-05-10 13:09:27,164 INFO src.train.trainer: Last model at epoch 10 saved to /root/autodl-tmp/em_eqf/experiments/clf_grid_3/runs/tf_10_mf_4p0_seed_2/last_model_1.pth
2026-05-10 13:09:27,165 INFO src.train.trainer: Epoch 11
2026-05-10 13:09:30,126 INFO src.train.trainer: Last model at epoch 11 saved to /root/autodl-tmp/em_eqf/experiments/clf_grid_3/runs/tf_10_mf_4p0_seed_2/last_model_1.pth
2026-05-10 13:09:30,126 INFO src.train.trainer: Epoch 12
2026-05-10 13:09:33,146 INFO src.train.trainer: New best validation loss: 0.0791, saved to /root/autodl-tmp/em_eqf/experiments/clf_grid_3/runs/tf_10_mf_4p0_seed_2/best_model_1.pth
2026-05-10 13:09:33,159 INFO src.train.trainer: Last model at epoch 12 saved to /root/autodl-tmp/em_eqf/experiments/clf_grid_3/runs/tf_10_mf_4p0_seed_2/last_model_1.pth
2026-05-10 13:09:33,159 INFO src.train.trainer: Epoch 13
2026-05-10 13:09:36,126 INFO src.train.trainer: Last model at epoch 13 saved to /root/autodl-tmp/em_eqf/experiments/clf_grid_3/runs/tf_10_mf_4p0_seed_2/last_model_1.pth
2026-05-10 13:09:36,126 INFO src.train.trainer: Epoch 14
2026-05-10 13:09:38,811 INFO src.train.trainer: New best validation loss: 0.0790, saved to /root/autodl-tmp/em_eqf/experiments/clf_grid_3/runs/tf_10_mf_4p0_seed_2/best_model_1.pth
2026-05-10 13:09:38,818 INFO src.train.trainer: Last model at epoch 14 saved to /root/autodl-tmp/em_eqf/experiments/clf_grid_3/runs/tf_10_mf_4p0_seed_2/last_model_1.pth
2026-05-10 13:09:38,818 INFO src.train.trainer: Epoch 15
2026-05-10 13:09:41,671 INFO src.train.trainer: New best validation loss: 0.0784, saved to /root/autodl-tmp/em_eqf/experiments/clf_grid_3/runs/tf_10_mf_4p0_seed_2/best_model_1.pth
2026-05-10 13:09:41,681 INFO src.train.trainer: Last model at epoch 15 saved to /root/autodl-tmp/em_eqf/experiments/clf_grid_3/runs/tf_10_mf_4p0_seed_2/last_model_1.pth
2026-05-10 13:09:41,681 INFO src.train.trainer: Epoch 16
2026-05-10 13:09:44,129 INFO src.train.trainer: Last model at epoch 16 saved to /root/autodl-tmp/em_eqf/experiments/clf_grid_3/runs/tf_10_mf_4p0_seed_2/last_model_1.pth
2026-05-10 13:09:44,130 INFO src.train.trainer: Epoch 17
2026-05-10 13:09:46,586 INFO src.train.trainer: New best validation loss: 0.0776, saved to /root/autodl-tmp/em_eqf/experiments/clf_grid_3/runs/tf_10_mf_4p0_seed_2/best_model_1.pth
2026-05-10 13:09:46,604 INFO src.train.trainer: Last model at epoch 17 saved to /root/autodl-tmp/em_eqf/experiments/clf_grid_3/runs/tf_10_mf_4p0_seed_2/last_model_1.pth
2026-05-10 13:09:46,604 INFO src.train.trainer: Epoch 18
2026-05-10 13:09:49,234 INFO src.train.trainer: Last model at epoch 18 saved to /root/autodl-tmp/em_eqf/experiments/clf_grid_3/runs/tf_10_mf_4p0_seed_2/last_model_1.pth
2026-05-10 13:09:49,234 INFO src.train.trainer: Epoch 19
2026-05-10 13:09:51,597 INFO src.train.trainer: New best validation loss: 0.0768, saved to /root/autodl-tmp/em_eqf/experiments/clf_grid_3/runs/tf_10_mf_4p0_seed_2/best_model_1.pth
2026-05-10 13:09:51,608 INFO src.train.trainer: Last model at epoch 19 saved to /root/autodl-tmp/em_eqf/experiments/clf_grid_3/runs/tf_10_mf_4p0_seed_2/last_model_1.pth
2026-05-10 13:09:51,608 INFO src.train.trainer: Epoch 20
2026-05-10 13:09:53,915 INFO src.train.trainer: Last model at epoch 20 saved to /root/autodl-tmp/em_eqf/experiments/clf_grid_3/runs/tf_10_mf_4p0_seed_2/last_model_1.pth
2026-05-10 13:09:53,915 INFO src.train.trainer: Epoch 21
2026-05-10 13:09:56,181 INFO src.train.trainer: Last model at epoch 21 saved to /root/autodl-tmp/em_eqf/experiments/clf_grid_3/runs/tf_10_mf_4p0_seed_2/last_model_1.pth
2026-05-10 13:09:56,181 INFO src.train.trainer: Epoch 22
2026-05-10 13:09:58,600 INFO src.train.trainer: New best validation loss: 0.0748, saved to /root/autodl-tmp/em_eqf/experiments/clf_grid_3/runs/tf_10_mf_4p0_seed_2/best_model_1.pth
2026-05-10 13:09:58,609 INFO src.train.trainer: Last model at epoch 22 saved to /root/autodl-tmp/em_eqf/experiments/clf_grid_3/runs/tf_10_mf_4p0_seed_2/last_model_1.pth
2026-05-10 13:09:58,609 INFO src.train.trainer: Epoch 23
2026-05-10 13:10:01,113 INFO src.train.trainer: Last model at epoch 23 saved to /root/autodl-tmp/em_eqf/experiments/clf_grid_3/runs/tf_10_mf_4p0_seed_2/last_model_1.pth
2026-05-10 13:10:01,113 INFO src.train.trainer: Epoch 24
2026-05-10 13:10:03,237 INFO src.train.trainer: Last model at epoch 24 saved to /root/autodl-tmp/em_eqf/experiments/clf_grid_3/runs/tf_10_mf_4p0_seed_2/last_model_1.pth
2026-05-10 13:10:03,237 INFO src.train.trainer: Epoch 25
2026-05-10 13:10:05,383 INFO src.train.trainer: New best validation loss: 0.0748, saved to /root/autodl-tmp/em_eqf/experiments/clf_grid_3/runs/tf_10_mf_4p0_seed_2/best_model_1.pth
2026-05-10 13:10:05,392 INFO src.train.trainer: Last model at epoch 25 saved to /root/autodl-tmp/em_eqf/experiments/clf_grid_3/runs/tf_10_mf_4p0_seed_2/last_model_1.pth
2026-05-10 13:10:05,392 INFO src.train.trainer: Epoch 26
2026-05-10 13:10:07,574 INFO src.train.trainer: Last model at epoch 26 saved to /root/autodl-tmp/em_eqf/experiments/clf_grid_3/runs/tf_10_mf_4p0_seed_2/last_model_1.pth
2026-05-10 13:10:07,574 INFO src.train.trainer: Epoch 27
2026-05-10 13:10:10,186 INFO src.train.trainer: New best validation loss: 0.0715, saved to /root/autodl-tmp/em_eqf/experiments/clf_grid_3/runs/tf_10_mf_4p0_seed_2/best_model_1.pth
2026-05-10 13:10:10,196 INFO src.train.trainer: Last model at epoch 27 saved to /root/autodl-tmp/em_eqf/experiments/clf_grid_3/runs/tf_10_mf_4p0_seed_2/last_model_1.pth
2026-05-10 13:10:10,196 INFO src.train.trainer: Epoch 28
2026-05-10 13:10:13,266 INFO src.train.trainer: Last model at epoch 28 saved to /root/autodl-tmp/em_eqf/experiments/clf_grid_3/runs/tf_10_mf_4p0_seed_2/last_model_1.pth
2026-05-10 13:10:13,266 INFO src.train.trainer: Epoch 29
2026-05-10 13:10:15,426 INFO src.train.trainer: Last model at epoch 29 saved to /root/autodl-tmp/em_eqf/experiments/clf_grid_3/runs/tf_10_mf_4p0_seed_2/last_model_1.pth
2026-05-10 13:10:15,426 INFO src.train.trainer: Epoch 30
2026-05-10 13:10:17,735 INFO src.train.trainer: Last model at epoch 30 saved to /root/autodl-tmp/em_eqf/experiments/clf_grid_3/runs/tf_10_mf_4p0_seed_2/last_model_1.pth
2026-05-10 13:10:17,736 INFO src.train.trainer: Epoch 31
2026-05-10 13:10:20,142 INFO src.train.trainer: Last model at epoch 31 saved to /root/autodl-tmp/em_eqf/experiments/clf_grid_3/runs/tf_10_mf_4p0_seed_2/last_model_1.pth
2026-05-10 13:10:20,142 INFO src.train.trainer: Epoch 32
2026-05-10 13:10:22,403 INFO src.train.trainer: Last model at epoch 32 saved to /root/autodl-tmp/em_eqf/experiments/clf_grid_3/runs/tf_10_mf_4p0_seed_2/last_model_1.pth
2026-05-10 13:10:22,403 INFO src.train.trainer: Epoch 33
2026-05-10 13:10:24,769 INFO src.train.trainer: Last model at epoch 33 saved to /root/autodl-tmp/em_eqf/experiments/clf_grid_3/runs/tf_10_mf_4p0_seed_2/last_model_1.pth
2026-05-10 13:10:24,769 INFO src.train.trainer: Epoch 34
2026-05-10 13:10:27,065 INFO src.train.trainer: Last model at epoch 34 saved to /root/autodl-tmp/em_eqf/experiments/clf_grid_3/runs/tf_10_mf_4p0_seed_2/last_model_1.pth
2026-05-10 13:10:27,065 INFO src.train.trainer: Epoch 35
2026-05-10 13:10:29,775 INFO src.train.trainer: Last model at epoch 35 saved to /root/autodl-tmp/em_eqf/experiments/clf_grid_3/runs/tf_10_mf_4p0_seed_2/last_model_1.pth
2026-05-10 13:10:29,775 INFO src.train.trainer: Epoch 36
2026-05-10 13:10:32,486 INFO src.train.trainer: Last model at epoch 36 saved to /root/autodl-tmp/em_eqf/experiments/clf_grid_3/runs/tf_10_mf_4p0_seed_2/last_model_1.pth
2026-05-10 13:10:32,486 INFO src.train.trainer: Epoch 37
2026-05-10 13:10:35,172 INFO src.train.trainer: Last model at epoch 37 saved to /root/autodl-tmp/em_eqf/experiments/clf_grid_3/runs/tf_10_mf_4p0_seed_2/last_model_1.pth
2026-05-10 13:10:35,172 INFO src.train.trainer: Early stopping triggered at epoch 37 (best epoch: 27, best val loss: 0.071495)
2026-05-10 13:10:47,237 INFO src.data.preprocessing: CSV files found: ['chuandian_2021.csv']
2026-05-10 13:10:48,549 INFO src.utils.file_utils: Loading cached data from: data/ChuanDian/classifier/classifier_Mc_3_Mf_4.0_Tfore_10_Twindow_180_context_len_1_dt_10.pkl
2026-05-10 13:10:48,945 INFO src.data.preprocessing: Catalog statistics: {'tau_unfiltered': 0.15339908988298961, 'tau_q025': 0.08114294020924717, 'tau_q05': 0.5134664350189269, 'tau_mean': 1.3070542199341526, 'tau_max': 25.18216435192153, 'tau_min': 0.0, 'time_max': 18770.72654999979, 'time_mean': 10030.9430649837, 'mag_completeness': 3.0, 'mag_mean': 3.456916005014626, 'mag_max': 8.0, 'mag_min': 3.0, 'b_value': 0.856738547623331, 'b_std': 0.0071499224812533796, 'b_n': 14358}
2026-05-10 13:10:49,000 INFO src.data.event_loader: lengths of samples: min=32, max=981, avg=135.51
2026-05-10 13:10:49,001 INFO src.data.event_loader: Number of positive samples: 780
2026-05-10 13:10:49,001 INFO src.data.event_loader: Number of negative samples: 683
2026-05-10 13:10:49,002 INFO src.data.event_loader: Positive samples: 594, Negative samples: 576
2026-05-10 13:10:49,002 INFO src.data.event_loader: Total samples: 1170, Positive ratio: 0.51, Negative ratio: 0.49
2026-05-10 13:10:49,003 INFO src.data.event_loader: Positive samples: 107, Negative samples: 39
2026-05-10 13:10:49,003 INFO src.data.event_loader: Total samples: 146, Positive ratio: 0.73, Negative ratio: 0.27
2026-05-10 13:10:49,003 INFO src.data.event_loader: Positive samples: 79, Negative samples: 68
2026-05-10 13:10:49,003 INFO src.data.event_loader: Total samples: 147, Positive ratio: 0.54, Negative ratio: 0.46
2026-05-10 13:10:49,715 INFO src.models.adapters.mixer_task: using time scale base 1.3070542199341526 (key: tau_mean)
2026-05-10 13:10:49,715 INFO src.models.adapters.mixer_task: tau mean: tensor(1.3071)
2026-05-10 13:10:49,734 INFO src.train.config_setup: Restoring model from checkpoint.
2026-05-10 13:10:49,735 INFO src.train.config_setup: Loading model weights: load_specific_parts=None
2026-05-10 13:10:49,736 INFO src.train.config_setup: Checkpoint loaded: <All keys matched successfully>
2026-05-10 13:10:49,737 INFO src.train.config_setup: Full load summary: loaded=56, missing=0, unexpected=0
2026-05-10 13:10:49,738 INFO src.train.config_setup: Checkpoint hyperparameters loaded.
2026-05-10 13:10:49,738 INFO src.train.config_setup: Checkpoint train metrics available.
2026-05-10 13:10:49,738 INFO src.train.config_setup: Checkpoint val metrics available.
2026-05-10 13:10:49,738 INFO src.train.config_setup: Freeze skipped (checkpoint_restore): freeze_parts is empty.
2026-05-10 13:10:49,738 INFO src.train.config_setup: Using classification criterion: focal
2026-05-10 13:10:49,738 INFO src.train.config_setup: Criterion config: {'alpha': 0.5, 'gamma': 2.0}
2026-05-10 13:10:49,739 INFO src.train.config_setup: Not resuming optimizer/scheduler state; reset training state to start_epoch=0, best_val_loss=inf.
2026-05-10 13:10:49,739 INFO src.cli.common: Using threshold 0.44429072737693787 from checkpoint val_metrics for testing.
2026-05-10 13:10:54,564 INFO src.utils.metrics: ROC curve saved to /root/autodl-tmp/em_eqf/experiments/clf_grid_3/runs/tf_10_mf_4p0_seed_2/roc_curve.png
2026-05-10 13:10:54,675 INFO src.utils.metrics: PR curve saved to /root/autodl-tmp/em_eqf/experiments/clf_grid_3/runs/tf_10_mf_4p0_seed_2/pr_curve.png
2026-05-10 13:10:54,760 INFO src.utils.metrics: Confusion matrix saved to /root/autodl-tmp/em_eqf/experiments/clf_grid_3/runs/tf_10_mf_4p0_seed_2/confusion_matrix.png
2026-05-10 13:10:54,760 INFO src.cli.workflows: Test loss: 0.07575655231873195
2026-05-10 13:10:55,603 INFO src.train.classifier_train_step: Prediction distribution plot has been saved to: /root/autodl-tmp/em_eqf/experiments/clf_grid_3/runs/tf_10_mf_4p0_seed_2/train_pred_distribution.png
2026-05-10 13:10:55,943 INFO src.train.classifier_train_step: Prediction distribution plot has been saved to: /root/autodl-tmp/em_eqf/experiments/clf_grid_3/runs/tf_10_mf_4p0_seed_2/val_pred_distribution.png
2026-05-10 13:10:56,249 INFO src.train.classifier_train_step: Prediction distribution plot has been saved to: /root/autodl-tmp/em_eqf/experiments/clf_grid_3/runs/tf_10_mf_4p0_seed_2/test_pred_distribution.png
2026-05-10 13:10:56,249 INFO src.cli.common: Saved test metrics to /root/autodl-tmp/em_eqf/experiments/clf_grid_3/runs/tf_10_mf_4p0_seed_2/metrics_test_best_1.json
2026-05-10 13:10:56,249 INFO src.cli.common: Metrics: {'precision': 0.5625, 'recall': 0.9113924050632911, 'f1': 0.6956521739130435, 'auc': 0.7563291139240507, 'pr_auc': 0.8136224466210334, 'fpr': 0.8235294117647058, 'tpr': 0.9113924050632911, 'R': 0.08786299329858527, 'conf': 2.907145664957256e-13, 'threshold': 0.44429072737693787}
