2026-05-20 12:24:02,030 INFO src.data.preprocessing: CSV files found: ['chuandian_2021.csv']
2026-05-20 12:24:03,256 INFO src.utils.file_utils: Loading cached data from: data/ChuanDian/classifier/classifier_Mc_3_Mf_4.5_Tfore_20_Twindow_180_context_len_1_dt_10.pkl
2026-05-20 12:24:04,395 INFO src.data.preprocessing: Catalog statistics: {'tau_unfiltered': 0.15339908988298961, 'tau_q025': 0.08114294020924717, 'tau_q05': 0.5134664350189269, 'tau_mean': 1.3070542199341526, 'tau_max': 25.18216435192153, 'tau_min': 0.0, 'time_max': 18770.72654999979, 'time_mean': 10030.9430649837, 'mag_completeness': 3.0, 'mag_mean': 3.456916005014626, 'mag_max': 8.0, 'mag_min': 3.0, 'b_value': 0.856738547623331, 'b_std': 0.0071499224812533796, 'b_n': 14358}
2026-05-20 12:24:04,417 INFO src.data.event_loader: lengths of samples: min=32, max=981, avg=133.42
2026-05-20 12:24:04,418 INFO src.data.event_loader: Number of positive samples: 623
2026-05-20 12:24:04,418 INFO src.data.event_loader: Number of negative samples: 845
2026-05-20 12:24:04,419 INFO src.data.event_loader: Positive samples: 528, Negative samples: 646
2026-05-20 12:24:04,419 INFO src.data.event_loader: Total samples: 1174, Positive ratio: 0.45, Negative ratio: 0.55
2026-05-20 12:24:04,420 INFO src.data.event_loader: Positive samples: 60, Negative samples: 86
2026-05-20 12:24:04,420 INFO src.data.event_loader: Total samples: 146, Positive ratio: 0.41, Negative ratio: 0.59
2026-05-20 12:24:04,420 INFO src.data.event_loader: Positive samples: 35, Negative samples: 113
2026-05-20 12:24:04,420 INFO src.data.event_loader: Total samples: 148, Positive ratio: 0.24, Negative ratio: 0.76
2026-05-20 12:24:04,598 INFO src.cli.workflows: Loading checkpoint from: ./checkpoints/mixer_tpp_20260508-182744/last_model_1.pth
2026-05-20 12:24:05,749 INFO src.models.adapters.mixer_task: using time scale base 1.3070542199341526 (key: tau_mean)
2026-05-20 12:24:05,749 INFO src.models.adapters.mixer_task: tau mean: tensor(1.3071)
2026-05-20 12:24:05,842 INFO src.train.config_setup: Restoring model from checkpoint.
2026-05-20 12:24:05,842 INFO src.train.config_setup: Loading model weights: load_specific_parts=['encoder']
2026-05-20 12:24:05,844 INFO src.train.config_setup: Selective load summary: requested_parts=['encoder'], target_in_model=40, matched_in_checkpoint=30, loaded=30, missing_after_load=10, shape_mismatch=0, missing_in_model=0, out_of_scope_loaded=0
2026-05-20 12:24:05,844 INFO src.train.config_setup: Selective load coverage [encoder]: target=40, hit=30, missing=10, complete=False
2026-05-20 12:24:05,844 WARNING src.train.config_setup: Selective load coverage missing preview [encoder]: ['base_model.encoder.layers.2.mixer.in_proj.bias', 'base_model.encoder.layers.2.mixer.in_proj.weight', 'base_model.encoder.layers.2.mixer.out_proj.bias', 'base_model.encoder.layers.2.mixer.out_proj.weight', 'base_model.encoder.layers.2.mlp.fc1.weight', 'base_model.encoder.layers.2.mlp.fc2.weight', 'base_model.encoder.layers.2.norm.bias', 'base_model.encoder.layers.2.norm.weight'] ... (+2 more)
2026-05-20 12:24:05,844 WARNING src.train.config_setup: Checkpoint missing target parameter preview: ['base_model.encoder.layers.2.mixer.in_proj.bias', 'base_model.encoder.layers.2.mixer.in_proj.weight', 'base_model.encoder.layers.2.mixer.out_proj.bias', 'base_model.encoder.layers.2.mixer.out_proj.weight', 'base_model.encoder.layers.2.mlp.fc1.weight', 'base_model.encoder.layers.2.mlp.fc2.weight', 'base_model.encoder.layers.2.norm.bias', 'base_model.encoder.layers.2.norm.weight', 'base_model.encoder.layers.2.norm2.bias', 'base_model.encoder.layers.2.norm2.weight']
2026-05-20 12:24:05,844 WARNING src.train.config_setup: Target not-loaded parameter preview: ['base_model.encoder.layers.2.mixer.in_proj.bias', 'base_model.encoder.layers.2.mixer.in_proj.weight', 'base_model.encoder.layers.2.mixer.out_proj.bias', 'base_model.encoder.layers.2.mixer.out_proj.weight', 'base_model.encoder.layers.2.mlp.fc1.weight', 'base_model.encoder.layers.2.mlp.fc2.weight', 'base_model.encoder.layers.2.norm.bias', 'base_model.encoder.layers.2.norm.weight', 'base_model.encoder.layers.2.norm2.bias', 'base_model.encoder.layers.2.norm2.weight']
2026-05-20 12:24:05,844 INFO src.train.config_setup: Loaded parameter preview: ['base_model.encoder.layers.0.mixer.A_log', 'base_model.encoder.layers.0.mlp.fc2.weight', 'base_model.encoder.layers.0.mixer.D', 'base_model.encoder.input_proj.0.bias', 'base_model.encoder.layers.1.norm2.weight', 'base_model.encoder.layers.1.mixer.dt_bias', 'base_model.encoder.norm_f.weight', 'base_model.encoder.layers.1.mixer.out_proj.weight', 'base_model.encoder.layers.0.norm.bias', 'base_model.encoder.layers.1.mixer.norm.weight'] ... (+20 more)
2026-05-20 12:24:05,845 INFO src.train.config_setup: Checkpoint hyperparameters loaded.
2026-05-20 12:24:05,845 INFO src.train.config_setup: Checkpoint train metrics available.
2026-05-20 12:24:05,845 INFO src.train.config_setup: Checkpoint val metrics available.
2026-05-20 12:24:05,845 INFO src.train.config_setup: Freeze skipped (checkpoint_restore): freeze_parts is empty.
2026-05-20 12:24:05,846 INFO src.train.config_setup: Using classification criterion: focal
2026-05-20 12:24:05,846 INFO src.train.config_setup: Criterion config: {'alpha': 0.25, 'gamma': 2.0}
2026-05-20 12:24:05,847 INFO src.train.config_setup: Not resuming optimizer/scheduler state; reset training state to start_epoch=0, best_val_loss=inf.
2026-05-20 12:24:05,847 INFO src.train.trainer: Epoch 1
2026-05-20 12:24:25,515 INFO src.train.trainer: New best validation loss: 0.0765, saved to /root/autodl-tmp/em_eqf/experiments/clf_grid_r_2_2/runs/tf_20_mf_4p5_seed_2/best_model_1.pth
2026-05-20 12:24:25,522 INFO src.train.trainer: Last model at epoch 1 saved to /root/autodl-tmp/em_eqf/experiments/clf_grid_r_2_2/runs/tf_20_mf_4p5_seed_2/last_model_1.pth
2026-05-20 12:24:25,522 INFO src.train.trainer: Epoch 2
2026-05-20 12:24:30,590 INFO src.train.trainer: New best validation loss: 0.0717, saved to /root/autodl-tmp/em_eqf/experiments/clf_grid_r_2_2/runs/tf_20_mf_4p5_seed_2/best_model_1.pth
2026-05-20 12:24:30,604 INFO src.train.trainer: Last model at epoch 2 saved to /root/autodl-tmp/em_eqf/experiments/clf_grid_r_2_2/runs/tf_20_mf_4p5_seed_2/last_model_1.pth
2026-05-20 12:24:30,604 INFO src.train.trainer: Epoch 3
2026-05-20 12:24:35,313 INFO src.train.trainer: Last model at epoch 3 saved to /root/autodl-tmp/em_eqf/experiments/clf_grid_r_2_2/runs/tf_20_mf_4p5_seed_2/last_model_1.pth
2026-05-20 12:24:35,313 INFO src.train.trainer: Epoch 4
2026-05-20 12:24:40,022 INFO src.train.trainer: New best validation loss: 0.0707, saved to /root/autodl-tmp/em_eqf/experiments/clf_grid_r_2_2/runs/tf_20_mf_4p5_seed_2/best_model_1.pth
2026-05-20 12:24:40,033 INFO src.train.trainer: Last model at epoch 4 saved to /root/autodl-tmp/em_eqf/experiments/clf_grid_r_2_2/runs/tf_20_mf_4p5_seed_2/last_model_1.pth
2026-05-20 12:24:40,033 INFO src.train.trainer: Epoch 5
2026-05-20 12:24:44,839 INFO src.train.trainer: Last model at epoch 5 saved to /root/autodl-tmp/em_eqf/experiments/clf_grid_r_2_2/runs/tf_20_mf_4p5_seed_2/last_model_1.pth
2026-05-20 12:24:44,839 INFO src.train.trainer: Epoch 6
2026-05-20 12:24:49,241 INFO src.train.trainer: New best validation loss: 0.0661, saved to /root/autodl-tmp/em_eqf/experiments/clf_grid_r_2_2/runs/tf_20_mf_4p5_seed_2/best_model_1.pth
2026-05-20 12:24:49,250 INFO src.train.trainer: Last model at epoch 6 saved to /root/autodl-tmp/em_eqf/experiments/clf_grid_r_2_2/runs/tf_20_mf_4p5_seed_2/last_model_1.pth
2026-05-20 12:24:49,250 INFO src.train.trainer: Epoch 7
2026-05-20 12:24:54,006 INFO src.train.trainer: Last model at epoch 7 saved to /root/autodl-tmp/em_eqf/experiments/clf_grid_r_2_2/runs/tf_20_mf_4p5_seed_2/last_model_1.pth
2026-05-20 12:24:54,006 INFO src.train.trainer: Epoch 8
2026-05-20 12:24:58,422 INFO src.train.trainer: Last model at epoch 8 saved to /root/autodl-tmp/em_eqf/experiments/clf_grid_r_2_2/runs/tf_20_mf_4p5_seed_2/last_model_1.pth
2026-05-20 12:24:58,423 INFO src.train.trainer: Epoch 9
2026-05-20 12:25:02,853 INFO src.train.trainer: New best validation loss: 0.0636, saved to /root/autodl-tmp/em_eqf/experiments/clf_grid_r_2_2/runs/tf_20_mf_4p5_seed_2/best_model_1.pth
2026-05-20 12:25:02,862 INFO src.train.trainer: Last model at epoch 9 saved to /root/autodl-tmp/em_eqf/experiments/clf_grid_r_2_2/runs/tf_20_mf_4p5_seed_2/last_model_1.pth
2026-05-20 12:25:02,862 INFO src.train.trainer: Epoch 10
2026-05-20 12:25:07,450 INFO src.train.trainer: Last model at epoch 10 saved to /root/autodl-tmp/em_eqf/experiments/clf_grid_r_2_2/runs/tf_20_mf_4p5_seed_2/last_model_1.pth
2026-05-20 12:25:07,450 INFO src.train.trainer: Epoch 11
2026-05-20 12:25:12,002 INFO src.train.trainer: Last model at epoch 11 saved to /root/autodl-tmp/em_eqf/experiments/clf_grid_r_2_2/runs/tf_20_mf_4p5_seed_2/last_model_1.pth
2026-05-20 12:25:12,002 INFO src.train.trainer: Epoch 12
2026-05-20 12:25:16,330 INFO src.train.trainer: Last model at epoch 12 saved to /root/autodl-tmp/em_eqf/experiments/clf_grid_r_2_2/runs/tf_20_mf_4p5_seed_2/last_model_1.pth
2026-05-20 12:25:16,330 INFO src.train.trainer: Epoch 13
2026-05-20 12:25:20,635 INFO src.train.trainer: New best validation loss: 0.0621, saved to /root/autodl-tmp/em_eqf/experiments/clf_grid_r_2_2/runs/tf_20_mf_4p5_seed_2/best_model_1.pth
2026-05-20 12:25:20,645 INFO src.train.trainer: Last model at epoch 13 saved to /root/autodl-tmp/em_eqf/experiments/clf_grid_r_2_2/runs/tf_20_mf_4p5_seed_2/last_model_1.pth
2026-05-20 12:25:20,645 INFO src.train.trainer: Epoch 14
2026-05-20 12:25:25,003 INFO src.train.trainer: Last model at epoch 14 saved to /root/autodl-tmp/em_eqf/experiments/clf_grid_r_2_2/runs/tf_20_mf_4p5_seed_2/last_model_1.pth
2026-05-20 12:25:25,004 INFO src.train.trainer: Epoch 15
2026-05-20 12:25:29,337 INFO src.train.trainer: Last model at epoch 15 saved to /root/autodl-tmp/em_eqf/experiments/clf_grid_r_2_2/runs/tf_20_mf_4p5_seed_2/last_model_1.pth
2026-05-20 12:25:29,338 INFO src.train.trainer: Epoch 16
2026-05-20 12:25:33,825 INFO src.train.trainer: Last model at epoch 16 saved to /root/autodl-tmp/em_eqf/experiments/clf_grid_r_2_2/runs/tf_20_mf_4p5_seed_2/last_model_1.pth
2026-05-20 12:25:33,826 INFO src.train.trainer: Epoch 17
2026-05-20 12:25:38,629 INFO src.train.trainer: Last model at epoch 17 saved to /root/autodl-tmp/em_eqf/experiments/clf_grid_r_2_2/runs/tf_20_mf_4p5_seed_2/last_model_1.pth
2026-05-20 12:25:38,629 INFO src.train.trainer: Epoch 18
2026-05-20 12:25:43,033 INFO src.train.trainer: Last model at epoch 18 saved to /root/autodl-tmp/em_eqf/experiments/clf_grid_r_2_2/runs/tf_20_mf_4p5_seed_2/last_model_1.pth
2026-05-20 12:25:43,033 INFO src.train.trainer: Epoch 19
2026-05-20 12:25:47,446 INFO src.train.trainer: Last model at epoch 19 saved to /root/autodl-tmp/em_eqf/experiments/clf_grid_r_2_2/runs/tf_20_mf_4p5_seed_2/last_model_1.pth
2026-05-20 12:25:47,446 INFO src.train.trainer: Epoch 20
2026-05-20 12:25:51,632 INFO src.train.trainer: Last model at epoch 20 saved to /root/autodl-tmp/em_eqf/experiments/clf_grid_r_2_2/runs/tf_20_mf_4p5_seed_2/last_model_1.pth
2026-05-20 12:25:51,632 INFO src.train.trainer: Epoch 21
2026-05-20 12:25:55,852 INFO src.train.trainer: Last model at epoch 21 saved to /root/autodl-tmp/em_eqf/experiments/clf_grid_r_2_2/runs/tf_20_mf_4p5_seed_2/last_model_1.pth
2026-05-20 12:25:55,852 INFO src.train.trainer: Epoch 22
2026-05-20 12:26:00,021 INFO src.train.trainer: Last model at epoch 22 saved to /root/autodl-tmp/em_eqf/experiments/clf_grid_r_2_2/runs/tf_20_mf_4p5_seed_2/last_model_1.pth
2026-05-20 12:26:00,021 INFO src.train.trainer: Epoch 23
2026-05-20 12:26:04,308 INFO src.train.trainer: Last model at epoch 23 saved to /root/autodl-tmp/em_eqf/experiments/clf_grid_r_2_2/runs/tf_20_mf_4p5_seed_2/last_model_1.pth
2026-05-20 12:26:04,308 INFO src.train.trainer: Early stopping triggered at epoch 23 (best epoch: 13, best val loss: 0.062055)
2026-05-20 12:26:17,012 INFO src.data.preprocessing: CSV files found: ['chuandian_2021.csv']
2026-05-20 12:26:18,325 INFO src.utils.file_utils: Loading cached data from: data/ChuanDian/classifier/classifier_Mc_3_Mf_4.5_Tfore_20_Twindow_180_context_len_1_dt_10.pkl
2026-05-20 12:26:19,572 INFO src.data.preprocessing: Catalog statistics: {'tau_unfiltered': 0.15339908988298961, 'tau_q025': 0.08114294020924717, 'tau_q05': 0.5134664350189269, 'tau_mean': 1.3070542199341526, 'tau_max': 25.18216435192153, 'tau_min': 0.0, 'time_max': 18770.72654999979, 'time_mean': 10030.9430649837, 'mag_completeness': 3.0, 'mag_mean': 3.456916005014626, 'mag_max': 8.0, 'mag_min': 3.0, 'b_value': 0.856738547623331, 'b_std': 0.0071499224812533796, 'b_n': 14358}
2026-05-20 12:26:19,592 INFO src.data.event_loader: lengths of samples: min=32, max=981, avg=133.42
2026-05-20 12:26:19,592 INFO src.data.event_loader: Number of positive samples: 623
2026-05-20 12:26:19,592 INFO src.data.event_loader: Number of negative samples: 845
2026-05-20 12:26:19,593 INFO src.data.event_loader: Positive samples: 528, Negative samples: 646
2026-05-20 12:26:19,593 INFO src.data.event_loader: Total samples: 1174, Positive ratio: 0.45, Negative ratio: 0.55
2026-05-20 12:26:19,594 INFO src.data.event_loader: Positive samples: 60, Negative samples: 86
2026-05-20 12:26:19,594 INFO src.data.event_loader: Total samples: 146, Positive ratio: 0.41, Negative ratio: 0.59
2026-05-20 12:26:19,594 INFO src.data.event_loader: Positive samples: 35, Negative samples: 113
2026-05-20 12:26:19,594 INFO src.data.event_loader: Total samples: 148, Positive ratio: 0.24, Negative ratio: 0.76
2026-05-20 12:26:20,218 INFO src.models.adapters.mixer_task: using time scale base 1.3070542199341526 (key: tau_mean)
2026-05-20 12:26:20,218 INFO src.models.adapters.mixer_task: tau mean: tensor(1.3071)
2026-05-20 12:26:20,228 INFO src.train.config_setup: Restoring model from checkpoint.
2026-05-20 12:26:20,228 INFO src.train.config_setup: Loading model weights: load_specific_parts=None
2026-05-20 12:26:20,229 INFO src.train.config_setup: Checkpoint loaded: <All keys matched successfully>
2026-05-20 12:26:20,230 INFO src.train.config_setup: Full load summary: loaded=56, missing=0, unexpected=0
2026-05-20 12:26:20,230 INFO src.train.config_setup: Checkpoint hyperparameters loaded.
2026-05-20 12:26:20,231 INFO src.train.config_setup: Checkpoint train metrics available.
2026-05-20 12:26:20,231 INFO src.train.config_setup: Checkpoint val metrics available.
2026-05-20 12:26:20,231 INFO src.train.config_setup: Freeze skipped (checkpoint_restore): freeze_parts is empty.
2026-05-20 12:26:20,231 INFO src.train.config_setup: Using classification criterion: focal
2026-05-20 12:26:20,231 INFO src.train.config_setup: Criterion config: {'alpha': 0.25, 'gamma': 2.0}
2026-05-20 12:26:20,232 INFO src.train.config_setup: Not resuming optimizer/scheduler state; reset training state to start_epoch=0, best_val_loss=inf.
2026-05-20 12:26:20,232 INFO src.cli.common: Using threshold 0.35348445177078247 from checkpoint val_metrics for testing.
2026-05-20 12:26:24,798 INFO src.utils.metrics: ROC curve saved to /root/autodl-tmp/em_eqf/experiments/clf_grid_r_2_2/runs/tf_20_mf_4p5_seed_2/roc_curve.png
2026-05-20 12:26:24,944 INFO src.utils.metrics: PR curve saved to /root/autodl-tmp/em_eqf/experiments/clf_grid_r_2_2/runs/tf_20_mf_4p5_seed_2/pr_curve.png
2026-05-20 12:26:25,021 INFO src.utils.metrics: Confusion matrix saved to /root/autodl-tmp/em_eqf/experiments/clf_grid_r_2_2/runs/tf_20_mf_4p5_seed_2/confusion_matrix.png
2026-05-20 12:26:25,022 INFO src.cli.workflows: Test loss: 0.05012650713324547
2026-05-20 12:26:26,634 INFO src.train.classifier_train_step: Prediction distribution plot has been saved to: /root/autodl-tmp/em_eqf/experiments/clf_grid_r_2_2/runs/tf_20_mf_4p5_seed_2/train_pred_distribution.png
2026-05-20 12:26:27,214 INFO src.train.classifier_train_step: Prediction distribution plot has been saved to: /root/autodl-tmp/em_eqf/experiments/clf_grid_r_2_2/runs/tf_20_mf_4p5_seed_2/val_pred_distribution.png
2026-05-20 12:26:27,680 INFO src.train.classifier_train_step: Prediction distribution plot has been saved to: /root/autodl-tmp/em_eqf/experiments/clf_grid_r_2_2/runs/tf_20_mf_4p5_seed_2/test_pred_distribution.png
2026-05-20 12:26:27,680 INFO src.cli.common: Saved test metrics to /root/autodl-tmp/em_eqf/experiments/clf_grid_r_2_2/runs/tf_20_mf_4p5_seed_2/metrics_test_best_1.json
2026-05-20 12:26:27,680 INFO src.cli.common: Metrics: {'precision': 0.43137254901960786, 'recall': 0.6285714285714286, 'f1': 0.5116279069767442, 'auc': 0.7137800252844501, 'pr_auc': 0.6478546983718688, 'fpr': 0.25663716814159293, 'tpr': 0.6285714285714286, 'R': 0.37193426042983563, 'conf': 1.0, 'threshold': 0.35348445177078247}
