2026-05-06 17:37:24,988 INFO src.data.preprocessing: CSV files found: ['chuandian_2021.csv']
2026-05-06 17:37:25,991 INFO src.utils.file_utils: Loading cached data from: data/ChuanDian/classifier/classifier_Mc_3_Mf_4.5_Tfore_30_Twindow_180_context_len_1_dt_10.pkl
2026-05-06 17:37:26,347 INFO src.data.preprocessing: Catalog statistics: {'tau_unfiltered': 0.15339908988298961, 'tau_q025': 0.08114294020924717, 'tau_q05': 0.5134664350189269, 'tau_mean': 1.3070542199341526, 'tau_max': 25.18216435192153, 'tau_min': 0.0, 'time_max': 18770.72654999979, 'time_mean': 10030.9430649837, 'mag_completeness': 3.0, 'mag_mean': 3.456916005014626, 'mag_max': 8.0, 'mag_min': 3.0, 'b_value': 0.856738547623331, 'b_std': 0.0071499224812533796, 'b_n': 14358}
2026-05-06 17:37:26,349 INFO src.data.preparation: stats {'tau_unfiltered': 0.15339908988298961, 'tau_q025': 0.08114294020924717, 'tau_q05': 0.5134664350189269, 'tau_mean': 1.3070542199341526, 'tau_max': 25.18216435192153, 'tau_min': 0.0, 'time_max': 18770.72654999979, 'time_mean': 10030.9430649837, 'mag_completeness': 3.0, 'mag_mean': 3.456916005014626, 'mag_max': 8.0, 'mag_min': 3.0, 'b_value': 0.856738547623331, 'b_std': 0.0071499224812533796, 'b_n': 14358}
2026-05-06 17:37:26,367 INFO src.data.event_loader: lengths of samples: min=32, max=981, avg=135.26
2026-05-06 17:37:26,367 INFO src.data.event_loader: Number of positive samples: 836
2026-05-06 17:37:26,368 INFO src.data.event_loader: Number of negative samples: 594
2026-05-06 17:37:26,394 INFO src.data.event_loader: Positive samples: 706, Negative samples: 438
2026-05-06 17:37:26,394 INFO src.data.event_loader: Total samples: 1144, Positive ratio: 0.62, Negative ratio: 0.38
2026-05-06 17:37:26,395 INFO src.data.event_loader: Positive samples: 83, Negative samples: 60
2026-05-06 17:37:26,395 INFO src.data.event_loader: Total samples: 143, Positive ratio: 0.58, Negative ratio: 0.42
2026-05-06 17:37:26,395 INFO src.data.event_loader: Positive samples: 47, Negative samples: 96
2026-05-06 17:37:26,395 INFO src.data.event_loader: Total samples: 143, Positive ratio: 0.33, Negative ratio: 0.67
2026-05-06 17:37:26,573 INFO __main__: No resume path provided. Training will start from scratch.
2026-05-06 17:37:26,975 INFO src.train.config_setup: Using classification criterion: bce
2026-05-06 17:37:26,975 INFO src.train.config_setup: Criterion config: {}
2026-05-06 17:37:26,976 INFO src.train.trainer: Epoch 1
2026-05-06 17:37:32,182 INFO src.train.trainer: New best validation loss: 0.6849, saved to checkpoints/clf_rnn_20260506-173724/best_model_1.pth
2026-05-06 17:37:32,184 INFO src.train.trainer: Last model at epoch 1 saved to checkpoints/clf_rnn_20260506-173724/last_model_1.pth
2026-05-06 17:37:32,184 INFO src.train.trainer: Epoch 2
2026-05-06 17:37:35,568 INFO src.train.trainer: Last model at epoch 2 saved to checkpoints/clf_rnn_20260506-173724/last_model_1.pth
2026-05-06 17:37:35,569 INFO src.train.trainer: Epoch 3
2026-05-06 17:37:38,735 INFO src.train.trainer: Last model at epoch 3 saved to checkpoints/clf_rnn_20260506-173724/last_model_1.pth
2026-05-06 17:37:38,735 INFO src.train.trainer: Epoch 4
2026-05-06 17:37:42,072 INFO src.train.trainer: Last model at epoch 4 saved to checkpoints/clf_rnn_20260506-173724/last_model_1.pth
2026-05-06 17:37:42,072 INFO src.train.trainer: Epoch 5
2026-05-06 17:37:45,399 INFO src.train.trainer: Last model at epoch 5 saved to checkpoints/clf_rnn_20260506-173724/last_model_1.pth
2026-05-06 17:37:45,399 INFO src.train.trainer: Epoch 6
2026-05-06 17:37:48,731 INFO src.train.trainer: Last model at epoch 6 saved to checkpoints/clf_rnn_20260506-173724/last_model_1.pth
2026-05-06 17:37:48,731 INFO src.train.trainer: Epoch 7
2026-05-06 17:37:52,013 INFO src.train.trainer: New best validation loss: 0.6795, saved to checkpoints/clf_rnn_20260506-173724/best_model_1.pth
2026-05-06 17:37:52,016 INFO src.train.trainer: Last model at epoch 7 saved to checkpoints/clf_rnn_20260506-173724/last_model_1.pth
2026-05-06 17:37:52,016 INFO src.train.trainer: Epoch 8
2026-05-06 17:37:55,259 INFO src.train.trainer: Last model at epoch 8 saved to checkpoints/clf_rnn_20260506-173724/last_model_1.pth
2026-05-06 17:37:55,259 INFO src.train.trainer: Epoch 9
2026-05-06 17:37:58,545 INFO src.train.trainer: Last model at epoch 9 saved to checkpoints/clf_rnn_20260506-173724/last_model_1.pth
2026-05-06 17:37:58,545 INFO src.train.trainer: Epoch 10
2026-05-06 17:38:01,716 INFO src.train.trainer: Last model at epoch 10 saved to checkpoints/clf_rnn_20260506-173724/last_model_1.pth
2026-05-06 17:38:01,716 INFO src.train.trainer: Epoch 11
2026-05-06 17:38:04,846 INFO src.train.trainer: Last model at epoch 11 saved to checkpoints/clf_rnn_20260506-173724/last_model_1.pth
2026-05-06 17:38:04,846 INFO src.train.trainer: Epoch 12
2026-05-06 17:38:07,983 INFO src.train.trainer: Last model at epoch 12 saved to checkpoints/clf_rnn_20260506-173724/last_model_1.pth
2026-05-06 17:38:07,983 INFO src.train.trainer: Epoch 13
2026-05-06 17:38:11,159 INFO src.train.trainer: Last model at epoch 13 saved to checkpoints/clf_rnn_20260506-173724/last_model_1.pth
2026-05-06 17:38:11,159 INFO src.train.trainer: Epoch 14
2026-05-06 17:38:14,255 INFO src.train.trainer: Last model at epoch 14 saved to checkpoints/clf_rnn_20260506-173724/last_model_1.pth
2026-05-06 17:38:14,256 INFO src.train.trainer: Epoch 15
2026-05-06 17:38:17,509 INFO src.train.trainer: Last model at epoch 15 saved to checkpoints/clf_rnn_20260506-173724/last_model_1.pth
2026-05-06 17:38:17,509 INFO src.train.trainer: Epoch 16
2026-05-06 17:38:20,736 INFO src.train.trainer: Last model at epoch 16 saved to checkpoints/clf_rnn_20260506-173724/last_model_1.pth
2026-05-06 17:38:20,736 INFO src.train.trainer: Epoch 17
2026-05-06 17:38:23,879 INFO src.train.trainer: Last model at epoch 17 saved to checkpoints/clf_rnn_20260506-173724/last_model_1.pth
2026-05-06 17:38:23,879 INFO src.train.trainer: Epoch 18
2026-05-06 17:38:27,067 INFO src.train.trainer: Last model at epoch 18 saved to checkpoints/clf_rnn_20260506-173724/last_model_1.pth
2026-05-06 17:38:27,067 INFO src.train.trainer: Epoch 19
2026-05-06 17:38:30,326 INFO src.train.trainer: Last model at epoch 19 saved to checkpoints/clf_rnn_20260506-173724/last_model_1.pth
2026-05-06 17:38:30,326 INFO src.train.trainer: Epoch 20
2026-05-06 17:38:33,515 INFO src.train.trainer: Last model at epoch 20 saved to checkpoints/clf_rnn_20260506-173724/last_model_1.pth
2026-05-06 17:38:33,515 INFO src.train.trainer: Epoch 21
2026-05-06 17:38:36,749 INFO src.train.trainer: Last model at epoch 21 saved to checkpoints/clf_rnn_20260506-173724/last_model_1.pth
2026-05-06 17:38:36,750 INFO src.train.trainer: Epoch 22
2026-05-06 17:38:40,081 INFO src.train.trainer: Last model at epoch 22 saved to checkpoints/clf_rnn_20260506-173724/last_model_1.pth
2026-05-06 17:38:40,082 INFO src.train.trainer: Epoch 23
2026-05-06 17:38:43,260 INFO src.train.trainer: Last model at epoch 23 saved to checkpoints/clf_rnn_20260506-173724/last_model_1.pth
2026-05-06 17:38:43,260 INFO src.train.trainer: Epoch 24
2026-05-06 17:38:46,361 INFO src.train.trainer: New best validation loss: 0.6618, saved to checkpoints/clf_rnn_20260506-173724/best_model_1.pth
2026-05-06 17:38:46,364 INFO src.train.trainer: Last model at epoch 24 saved to checkpoints/clf_rnn_20260506-173724/last_model_1.pth
2026-05-06 17:38:46,364 INFO src.train.trainer: Epoch 25
2026-05-06 17:38:49,535 INFO src.train.trainer: Last model at epoch 25 saved to checkpoints/clf_rnn_20260506-173724/last_model_1.pth
2026-05-06 17:38:49,535 INFO src.train.trainer: Epoch 26
2026-05-06 17:38:52,670 INFO src.train.trainer: Last model at epoch 26 saved to checkpoints/clf_rnn_20260506-173724/last_model_1.pth
2026-05-06 17:38:52,670 INFO src.train.trainer: Epoch 27
2026-05-06 17:38:55,972 INFO src.train.trainer: Last model at epoch 27 saved to checkpoints/clf_rnn_20260506-173724/last_model_1.pth
2026-05-06 17:38:55,972 INFO src.train.trainer: Epoch 28
2026-05-06 17:38:59,237 INFO src.train.trainer: New best validation loss: 0.6478, saved to checkpoints/clf_rnn_20260506-173724/best_model_1.pth
2026-05-06 17:38:59,240 INFO src.train.trainer: Last model at epoch 28 saved to checkpoints/clf_rnn_20260506-173724/last_model_1.pth
2026-05-06 17:38:59,240 INFO src.train.trainer: Epoch 29
2026-05-06 17:39:02,415 INFO src.train.trainer: Last model at epoch 29 saved to checkpoints/clf_rnn_20260506-173724/last_model_1.pth
2026-05-06 17:39:02,415 INFO src.train.trainer: Epoch 30
2026-05-06 17:39:05,678 INFO src.train.trainer: Last model at epoch 30 saved to checkpoints/clf_rnn_20260506-173724/last_model_1.pth
2026-05-06 17:39:05,678 INFO src.train.trainer: Epoch 31
2026-05-06 17:39:08,792 INFO src.train.trainer: Last model at epoch 31 saved to checkpoints/clf_rnn_20260506-173724/last_model_1.pth
2026-05-06 17:39:08,792 INFO src.train.trainer: Epoch 32
2026-05-06 17:39:11,819 INFO src.train.trainer: Last model at epoch 32 saved to checkpoints/clf_rnn_20260506-173724/last_model_1.pth
2026-05-06 17:39:11,819 INFO src.train.trainer: Epoch 33
2026-05-06 17:39:14,916 INFO src.train.trainer: Last model at epoch 33 saved to checkpoints/clf_rnn_20260506-173724/last_model_1.pth
2026-05-06 17:39:14,916 INFO src.train.trainer: Epoch 34
2026-05-06 17:39:18,071 INFO src.train.trainer: Last model at epoch 34 saved to checkpoints/clf_rnn_20260506-173724/last_model_1.pth
2026-05-06 17:39:18,071 INFO src.train.trainer: Epoch 35
2026-05-06 17:39:21,125 INFO src.train.trainer: New best validation loss: 0.6299, saved to checkpoints/clf_rnn_20260506-173724/best_model_1.pth
2026-05-06 17:39:21,128 INFO src.train.trainer: Last model at epoch 35 saved to checkpoints/clf_rnn_20260506-173724/last_model_1.pth
2026-05-06 17:39:21,128 INFO src.train.trainer: Epoch 36
2026-05-06 17:39:24,262 INFO src.train.trainer: Last model at epoch 36 saved to checkpoints/clf_rnn_20260506-173724/last_model_1.pth
2026-05-06 17:39:24,262 INFO src.train.trainer: Epoch 37
2026-05-06 17:39:27,396 INFO src.train.trainer: Last model at epoch 37 saved to checkpoints/clf_rnn_20260506-173724/last_model_1.pth
2026-05-06 17:39:27,396 INFO src.train.trainer: Epoch 38
2026-05-06 17:39:30,596 INFO src.train.trainer: Last model at epoch 38 saved to checkpoints/clf_rnn_20260506-173724/last_model_1.pth
2026-05-06 17:39:30,596 INFO src.train.trainer: Epoch 39
2026-05-06 17:39:33,754 INFO src.train.trainer: Last model at epoch 39 saved to checkpoints/clf_rnn_20260506-173724/last_model_1.pth
2026-05-06 17:39:33,754 INFO src.train.trainer: Epoch 40
2026-05-06 17:39:36,735 INFO src.train.trainer: Last model at epoch 40 saved to checkpoints/clf_rnn_20260506-173724/last_model_1.pth
2026-05-06 17:39:36,735 INFO src.train.trainer: Epoch 41
2026-05-06 17:39:39,680 INFO src.train.trainer: Last model at epoch 41 saved to checkpoints/clf_rnn_20260506-173724/last_model_1.pth
2026-05-06 17:39:39,680 INFO src.train.trainer: Epoch 42
2026-05-06 17:39:42,783 INFO src.train.trainer: Last model at epoch 42 saved to checkpoints/clf_rnn_20260506-173724/last_model_1.pth
2026-05-06 17:39:42,783 INFO src.train.trainer: Epoch 43
2026-05-06 17:39:45,726 INFO src.train.trainer: Last model at epoch 43 saved to checkpoints/clf_rnn_20260506-173724/last_model_1.pth
2026-05-06 17:39:45,726 INFO src.train.trainer: Epoch 44
2026-05-06 17:39:48,766 INFO src.train.trainer: Last model at epoch 44 saved to checkpoints/clf_rnn_20260506-173724/last_model_1.pth
2026-05-06 17:39:48,766 INFO src.train.trainer: Epoch 45
2026-05-06 17:39:51,696 INFO src.train.trainer: Last model at epoch 45 saved to checkpoints/clf_rnn_20260506-173724/last_model_1.pth
2026-05-06 17:39:51,696 INFO src.train.trainer: Epoch 46
2026-05-06 17:39:54,702 INFO src.train.trainer: Last model at epoch 46 saved to checkpoints/clf_rnn_20260506-173724/last_model_1.pth
2026-05-06 17:39:54,702 INFO src.train.trainer: Epoch 47
2026-05-06 17:39:57,716 INFO src.train.trainer: Last model at epoch 47 saved to checkpoints/clf_rnn_20260506-173724/last_model_1.pth
2026-05-06 17:39:57,716 INFO src.train.trainer: Epoch 48
2026-05-06 17:40:00,806 INFO src.train.trainer: Last model at epoch 48 saved to checkpoints/clf_rnn_20260506-173724/last_model_1.pth
2026-05-06 17:40:00,807 INFO src.train.trainer: Epoch 49
2026-05-06 17:40:03,920 INFO src.train.trainer: Last model at epoch 49 saved to checkpoints/clf_rnn_20260506-173724/last_model_1.pth
2026-05-06 17:40:03,920 INFO src.train.trainer: Epoch 50
2026-05-06 17:40:06,947 INFO src.train.trainer: Last model at epoch 50 saved to checkpoints/clf_rnn_20260506-173724/last_model_1.pth
2026-05-06 17:40:06,948 INFO src.train.trainer: Epoch 51
2026-05-06 17:40:10,076 INFO src.train.trainer: Last model at epoch 51 saved to checkpoints/clf_rnn_20260506-173724/last_model_1.pth
2026-05-06 17:40:10,076 INFO src.train.trainer: Epoch 52
2026-05-06 17:40:13,160 INFO src.train.trainer: Last model at epoch 52 saved to checkpoints/clf_rnn_20260506-173724/last_model_1.pth
2026-05-06 17:40:13,160 INFO src.train.trainer: Epoch 53
2026-05-06 17:40:16,274 INFO src.train.trainer: Last model at epoch 53 saved to checkpoints/clf_rnn_20260506-173724/last_model_1.pth
2026-05-06 17:40:16,274 INFO src.train.trainer: Epoch 54
2026-05-06 17:40:19,296 INFO src.train.trainer: Last model at epoch 54 saved to checkpoints/clf_rnn_20260506-173724/last_model_1.pth
2026-05-06 17:40:19,296 INFO src.train.trainer: Epoch 55
2026-05-06 17:40:22,206 INFO src.train.trainer: Last model at epoch 55 saved to checkpoints/clf_rnn_20260506-173724/last_model_1.pth
2026-05-06 17:40:22,206 INFO src.train.trainer: Epoch 56
2026-05-06 17:40:25,146 INFO src.train.trainer: Last model at epoch 56 saved to checkpoints/clf_rnn_20260506-173724/last_model_1.pth
2026-05-06 17:40:25,146 INFO src.train.trainer: Epoch 57
2026-05-06 17:40:28,188 INFO src.train.trainer: Last model at epoch 57 saved to checkpoints/clf_rnn_20260506-173724/last_model_1.pth
2026-05-06 17:40:28,188 INFO src.train.trainer: Epoch 58
2026-05-06 17:40:31,158 INFO src.train.trainer: Last model at epoch 58 saved to checkpoints/clf_rnn_20260506-173724/last_model_1.pth
2026-05-06 17:40:31,158 INFO src.train.trainer: Epoch 59
2026-05-06 17:40:34,144 INFO src.train.trainer: Last model at epoch 59 saved to checkpoints/clf_rnn_20260506-173724/last_model_1.pth
2026-05-06 17:40:34,144 INFO src.train.trainer: Epoch 60
2026-05-06 17:40:37,118 INFO src.train.trainer: New best validation loss: 0.6191, saved to checkpoints/clf_rnn_20260506-173724/best_model_1.pth
2026-05-06 17:40:37,120 INFO src.train.trainer: Last model at epoch 60 saved to checkpoints/clf_rnn_20260506-173724/last_model_1.pth
2026-05-06 17:40:37,120 INFO src.train.trainer: Epoch 61
2026-05-06 17:40:40,152 INFO src.train.trainer: Last model at epoch 61 saved to checkpoints/clf_rnn_20260506-173724/last_model_1.pth
2026-05-06 17:40:40,152 INFO src.train.trainer: Epoch 62
2026-05-06 17:40:43,149 INFO src.train.trainer: Last model at epoch 62 saved to checkpoints/clf_rnn_20260506-173724/last_model_1.pth
2026-05-06 17:40:43,149 INFO src.train.trainer: Epoch 63
2026-05-06 17:40:46,038 INFO src.train.trainer: Last model at epoch 63 saved to checkpoints/clf_rnn_20260506-173724/last_model_1.pth
2026-05-06 17:40:46,039 INFO src.train.trainer: Epoch 64
2026-05-06 17:40:48,924 INFO src.train.trainer: Last model at epoch 64 saved to checkpoints/clf_rnn_20260506-173724/last_model_1.pth
2026-05-06 17:40:48,924 INFO src.train.trainer: Epoch 65
2026-05-06 17:40:51,928 INFO src.train.trainer: Last model at epoch 65 saved to checkpoints/clf_rnn_20260506-173724/last_model_1.pth
2026-05-06 17:40:51,928 INFO src.train.trainer: Epoch 66
2026-05-06 17:40:54,930 INFO src.train.trainer: Last model at epoch 66 saved to checkpoints/clf_rnn_20260506-173724/last_model_1.pth
2026-05-06 17:40:54,930 INFO src.train.trainer: Epoch 67
2026-05-06 17:40:58,014 INFO src.train.trainer: Last model at epoch 67 saved to checkpoints/clf_rnn_20260506-173724/last_model_1.pth
2026-05-06 17:40:58,014 INFO src.train.trainer: Epoch 68
2026-05-06 17:41:01,089 INFO src.train.trainer: Last model at epoch 68 saved to checkpoints/clf_rnn_20260506-173724/last_model_1.pth
2026-05-06 17:41:01,089 INFO src.train.trainer: Epoch 69
2026-05-06 17:41:04,135 INFO src.train.trainer: Last model at epoch 69 saved to checkpoints/clf_rnn_20260506-173724/last_model_1.pth
2026-05-06 17:41:04,135 INFO src.train.trainer: Epoch 70
2026-05-06 17:41:07,274 INFO src.train.trainer: Last model at epoch 70 saved to checkpoints/clf_rnn_20260506-173724/last_model_1.pth
2026-05-06 17:41:07,274 INFO src.train.trainer: Epoch 71
2026-05-06 17:41:10,332 INFO src.train.trainer: Last model at epoch 71 saved to checkpoints/clf_rnn_20260506-173724/last_model_1.pth
2026-05-06 17:41:10,332 INFO src.train.trainer: Epoch 72
2026-05-06 17:41:13,281 INFO src.train.trainer: Last model at epoch 72 saved to checkpoints/clf_rnn_20260506-173724/last_model_1.pth
2026-05-06 17:41:13,281 INFO src.train.trainer: Epoch 73
2026-05-06 17:41:16,389 INFO src.train.trainer: Last model at epoch 73 saved to checkpoints/clf_rnn_20260506-173724/last_model_1.pth
2026-05-06 17:41:16,389 INFO src.train.trainer: Epoch 74
2026-05-06 17:41:19,407 INFO src.train.trainer: Last model at epoch 74 saved to checkpoints/clf_rnn_20260506-173724/last_model_1.pth
2026-05-06 17:41:19,407 INFO src.train.trainer: Epoch 75
2026-05-06 17:41:22,464 INFO src.train.trainer: Last model at epoch 75 saved to checkpoints/clf_rnn_20260506-173724/last_model_1.pth
2026-05-06 17:41:22,464 INFO src.train.trainer: Epoch 76
2026-05-06 17:41:25,468 INFO src.train.trainer: Last model at epoch 76 saved to checkpoints/clf_rnn_20260506-173724/last_model_1.pth
2026-05-06 17:41:25,468 INFO src.train.trainer: Epoch 77
2026-05-06 17:41:28,532 INFO src.train.trainer: Last model at epoch 77 saved to checkpoints/clf_rnn_20260506-173724/last_model_1.pth
2026-05-06 17:41:28,532 INFO src.train.trainer: Epoch 78
2026-05-06 17:41:31,510 INFO src.train.trainer: Last model at epoch 78 saved to checkpoints/clf_rnn_20260506-173724/last_model_1.pth
2026-05-06 17:41:31,510 INFO src.train.trainer: Epoch 79
2026-05-06 17:41:34,424 INFO src.train.trainer: Last model at epoch 79 saved to checkpoints/clf_rnn_20260506-173724/last_model_1.pth
2026-05-06 17:41:34,424 INFO src.train.trainer: Epoch 80
2026-05-06 17:41:37,507 INFO src.train.trainer: Last model at epoch 80 saved to checkpoints/clf_rnn_20260506-173724/last_model_1.pth
2026-05-06 17:41:37,507 INFO src.train.trainer: Epoch 81
2026-05-06 17:41:40,776 INFO src.train.trainer: Last model at epoch 81 saved to checkpoints/clf_rnn_20260506-173724/last_model_1.pth
2026-05-06 17:41:40,776 INFO src.train.trainer: Epoch 82
2026-05-06 17:41:43,952 INFO src.train.trainer: Last model at epoch 82 saved to checkpoints/clf_rnn_20260506-173724/last_model_1.pth
2026-05-06 17:41:43,952 INFO src.train.trainer: Epoch 83
2026-05-06 17:41:47,190 INFO src.train.trainer: Last model at epoch 83 saved to checkpoints/clf_rnn_20260506-173724/last_model_1.pth
2026-05-06 17:41:47,190 INFO src.train.trainer: Epoch 84
2026-05-06 17:41:50,482 INFO src.train.trainer: Last model at epoch 84 saved to checkpoints/clf_rnn_20260506-173724/last_model_1.pth
2026-05-06 17:41:50,482 INFO src.train.trainer: Epoch 85
2026-05-06 17:41:53,620 INFO src.train.trainer: Last model at epoch 85 saved to checkpoints/clf_rnn_20260506-173724/last_model_1.pth
2026-05-06 17:41:53,620 INFO src.train.trainer: Epoch 86
2026-05-06 17:41:56,634 INFO src.train.trainer: Last model at epoch 86 saved to checkpoints/clf_rnn_20260506-173724/last_model_1.pth
2026-05-06 17:41:56,634 INFO src.train.trainer: Epoch 87
2026-05-06 17:41:59,609 INFO src.train.trainer: Last model at epoch 87 saved to checkpoints/clf_rnn_20260506-173724/last_model_1.pth
2026-05-06 17:41:59,609 INFO src.train.trainer: Epoch 88
2026-05-06 17:42:02,550 INFO src.train.trainer: Last model at epoch 88 saved to checkpoints/clf_rnn_20260506-173724/last_model_1.pth
2026-05-06 17:42:02,550 INFO src.train.trainer: Epoch 89
2026-05-06 17:42:05,481 INFO src.train.trainer: Last model at epoch 89 saved to checkpoints/clf_rnn_20260506-173724/last_model_1.pth
2026-05-06 17:42:05,482 INFO src.train.trainer: Epoch 90
2026-05-06 17:42:08,481 INFO src.train.trainer: Last model at epoch 90 saved to checkpoints/clf_rnn_20260506-173724/last_model_1.pth
2026-05-06 17:42:08,481 INFO src.train.trainer: Epoch 91
2026-05-06 17:42:11,314 INFO src.train.trainer: Last model at epoch 91 saved to checkpoints/clf_rnn_20260506-173724/last_model_1.pth
2026-05-06 17:42:11,314 INFO src.train.trainer: Epoch 92
2026-05-06 17:42:14,382 INFO src.train.trainer: Last model at epoch 92 saved to checkpoints/clf_rnn_20260506-173724/last_model_1.pth
2026-05-06 17:42:14,382 INFO src.train.trainer: Epoch 93
2026-05-06 17:42:17,349 INFO src.train.trainer: Last model at epoch 93 saved to checkpoints/clf_rnn_20260506-173724/last_model_1.pth
2026-05-06 17:42:17,349 INFO src.train.trainer: Epoch 94
2026-05-06 17:42:20,295 INFO src.train.trainer: Last model at epoch 94 saved to checkpoints/clf_rnn_20260506-173724/last_model_1.pth
2026-05-06 17:42:20,295 INFO src.train.trainer: Epoch 95
2026-05-06 17:42:23,252 INFO src.train.trainer: Last model at epoch 95 saved to checkpoints/clf_rnn_20260506-173724/last_model_1.pth
2026-05-06 17:42:23,252 INFO src.train.trainer: Epoch 96
2026-05-06 17:42:26,113 INFO src.train.trainer: Last model at epoch 96 saved to checkpoints/clf_rnn_20260506-173724/last_model_1.pth
2026-05-06 17:42:26,113 INFO src.train.trainer: Epoch 97
2026-05-06 17:42:28,946 INFO src.train.trainer: Last model at epoch 97 saved to checkpoints/clf_rnn_20260506-173724/last_model_1.pth
2026-05-06 17:42:28,946 INFO src.train.trainer: Epoch 98
2026-05-06 17:42:31,883 INFO src.train.trainer: Last model at epoch 98 saved to checkpoints/clf_rnn_20260506-173724/last_model_1.pth
2026-05-06 17:42:31,883 INFO src.train.trainer: Epoch 99
2026-05-06 17:42:34,778 INFO src.train.trainer: Last model at epoch 99 saved to checkpoints/clf_rnn_20260506-173724/last_model_1.pth
2026-05-06 17:42:34,778 INFO src.train.trainer: Epoch 100
2026-05-06 17:42:37,731 INFO src.train.trainer: Last model at epoch 100 saved to checkpoints/clf_rnn_20260506-173724/last_model_1.pth
2026-05-06 17:42:37,731 INFO src.train.trainer: Epoch 101
2026-05-06 17:42:40,773 INFO src.train.trainer: Last model at epoch 101 saved to checkpoints/clf_rnn_20260506-173724/last_model_1.pth
2026-05-06 17:42:40,773 INFO src.train.trainer: Epoch 102
2026-05-06 17:42:43,668 INFO src.train.trainer: Last model at epoch 102 saved to checkpoints/clf_rnn_20260506-173724/last_model_1.pth
2026-05-06 17:42:43,668 INFO src.train.trainer: Epoch 103
2026-05-06 17:42:46,594 INFO src.train.trainer: Last model at epoch 103 saved to checkpoints/clf_rnn_20260506-173724/last_model_1.pth
2026-05-06 17:42:46,594 INFO src.train.trainer: Epoch 104
2026-05-06 17:42:49,673 INFO src.train.trainer: Last model at epoch 104 saved to checkpoints/clf_rnn_20260506-173724/last_model_1.pth
2026-05-06 17:42:49,673 INFO src.train.trainer: Epoch 105
2026-05-06 17:42:52,602 INFO src.train.trainer: Last model at epoch 105 saved to checkpoints/clf_rnn_20260506-173724/last_model_1.pth
2026-05-06 17:42:52,602 INFO src.train.trainer: Epoch 106
2026-05-06 17:42:55,614 INFO src.train.trainer: Last model at epoch 106 saved to checkpoints/clf_rnn_20260506-173724/last_model_1.pth
2026-05-06 17:42:55,614 INFO src.train.trainer: Epoch 107
2026-05-06 17:42:58,554 INFO src.train.trainer: Last model at epoch 107 saved to checkpoints/clf_rnn_20260506-173724/last_model_1.pth
2026-05-06 17:42:58,554 INFO src.train.trainer: Epoch 108
2026-05-06 17:43:01,666 INFO src.train.trainer: Last model at epoch 108 saved to checkpoints/clf_rnn_20260506-173724/last_model_1.pth
2026-05-06 17:43:01,666 INFO src.train.trainer: Epoch 109
2026-05-06 17:43:04,631 INFO src.train.trainer: Last model at epoch 109 saved to checkpoints/clf_rnn_20260506-173724/last_model_1.pth
2026-05-06 17:43:04,631 INFO src.train.trainer: Epoch 110
2026-05-06 17:43:07,497 INFO src.train.trainer: Last model at epoch 110 saved to checkpoints/clf_rnn_20260506-173724/last_model_1.pth
2026-05-06 17:43:07,497 INFO src.train.trainer: Epoch 111
2026-05-06 17:43:10,442 INFO src.train.trainer: Last model at epoch 111 saved to checkpoints/clf_rnn_20260506-173724/last_model_1.pth
2026-05-06 17:43:10,442 INFO src.train.trainer: Epoch 112
2026-05-06 17:43:13,505 INFO src.train.trainer: Last model at epoch 112 saved to checkpoints/clf_rnn_20260506-173724/last_model_1.pth
2026-05-06 17:43:13,505 INFO src.train.trainer: Epoch 113
2026-05-06 17:43:16,546 INFO src.train.trainer: Last model at epoch 113 saved to checkpoints/clf_rnn_20260506-173724/last_model_1.pth
2026-05-06 17:43:16,546 INFO src.train.trainer: Epoch 114
2026-05-06 17:43:19,618 INFO src.train.trainer: Last model at epoch 114 saved to checkpoints/clf_rnn_20260506-173724/last_model_1.pth
2026-05-06 17:43:19,618 INFO src.train.trainer: Epoch 115
2026-05-06 17:43:22,736 INFO src.train.trainer: Last model at epoch 115 saved to checkpoints/clf_rnn_20260506-173724/last_model_1.pth
2026-05-06 17:43:22,736 INFO src.train.trainer: Epoch 116
2026-05-06 17:43:25,897 INFO src.train.trainer: Last model at epoch 116 saved to checkpoints/clf_rnn_20260506-173724/last_model_1.pth
2026-05-06 17:43:25,897 INFO src.train.trainer: Epoch 117
2026-05-06 17:43:28,776 INFO src.train.trainer: Last model at epoch 117 saved to checkpoints/clf_rnn_20260506-173724/last_model_1.pth
2026-05-06 17:43:28,777 INFO src.train.trainer: Epoch 118
2026-05-06 17:43:31,930 INFO src.train.trainer: Last model at epoch 118 saved to checkpoints/clf_rnn_20260506-173724/last_model_1.pth
2026-05-06 17:43:31,931 INFO src.train.trainer: Epoch 119
2026-05-06 17:43:34,804 INFO src.train.trainer: Last model at epoch 119 saved to checkpoints/clf_rnn_20260506-173724/last_model_1.pth
2026-05-06 17:43:34,804 INFO src.train.trainer: Epoch 120
2026-05-06 17:43:37,859 INFO src.train.trainer: Last model at epoch 120 saved to checkpoints/clf_rnn_20260506-173724/last_model_1.pth
2026-05-06 17:46:49,885 INFO src.data.preprocessing: CSV files found: ['chuandian_2021.csv']
2026-05-06 17:46:50,930 INFO src.utils.file_utils: Loading cached data from: data/ChuanDian/classifier/classifier_Mc_3_Mf_4.5_Tfore_30_Twindow_180_context_len_1_dt_10.pkl
2026-05-06 17:46:51,312 INFO src.data.preprocessing: Catalog statistics: {'tau_unfiltered': 0.15339908988298961, 'tau_q025': 0.08114294020924717, 'tau_q05': 0.5134664350189269, 'tau_mean': 1.3070542199341526, 'tau_max': 25.18216435192153, 'tau_min': 0.0, 'time_max': 18770.72654999979, 'time_mean': 10030.9430649837, 'mag_completeness': 3.0, 'mag_mean': 3.456916005014626, 'mag_max': 8.0, 'mag_min': 3.0, 'b_value': 0.856738547623331, 'b_std': 0.0071499224812533796, 'b_n': 14358}
2026-05-06 17:46:51,314 INFO src.data.preparation: stats {'tau_unfiltered': 0.15339908988298961, 'tau_q025': 0.08114294020924717, 'tau_q05': 0.5134664350189269, 'tau_mean': 1.3070542199341526, 'tau_max': 25.18216435192153, 'tau_min': 0.0, 'time_max': 18770.72654999979, 'time_mean': 10030.9430649837, 'mag_completeness': 3.0, 'mag_mean': 3.456916005014626, 'mag_max': 8.0, 'mag_min': 3.0, 'b_value': 0.856738547623331, 'b_std': 0.0071499224812533796, 'b_n': 14358}
2026-05-06 17:46:51,333 INFO src.data.event_loader: lengths of samples: min=32, max=981, avg=135.26
2026-05-06 17:46:51,333 INFO src.data.event_loader: Number of positive samples: 836
2026-05-06 17:46:51,333 INFO src.data.event_loader: Number of negative samples: 594
2026-05-06 17:46:51,334 INFO src.data.event_loader: Positive samples: 706, Negative samples: 438
2026-05-06 17:46:51,334 INFO src.data.event_loader: Total samples: 1144, Positive ratio: 0.62, Negative ratio: 0.38
2026-05-06 17:46:51,335 INFO src.data.event_loader: Positive samples: 83, Negative samples: 60
2026-05-06 17:46:51,335 INFO src.data.event_loader: Total samples: 143, Positive ratio: 0.58, Negative ratio: 0.42
2026-05-06 17:46:51,335 INFO src.data.event_loader: Positive samples: 47, Negative samples: 96
2026-05-06 17:46:51,335 INFO src.data.event_loader: Total samples: 143, Positive ratio: 0.33, Negative ratio: 0.67
2026-05-06 17:46:51,578 INFO src.train.config_setup: load_specific_parts: None
2026-05-06 17:46:51,579 INFO src.train.config_setup: Checkpoint loaded: <All keys matched successfully>
2026-05-06 17:46:51,580 INFO src.train.config_setup: hyperparameters: {'model': 'clf_rnn', 'task_type': 'classification', 'use_ema': False, 'batch_size': 64, 'accumulation_steps': 1, 'warmup_ratio': 0.1, 'learning_rate': 0.001, 'weight_decay': 0.001, 'scheduler_factor': None, 'scheduler_patience': None, 'scheduler_threshold': None, 'scheduler_min_lr': 1e-06, 'scheduler_type': 'step_warmup', 'step_lr_step_size_ratio': 0.2, 'step_lr_gamma': 0.5, 'rnn_type': 'lstm', 'd_model': 64, 'num_rnn_layers': 2, 'rnn_dropout': 0.3, 'bidirectional': False, 'features_input_keys': ['mag'], 'use_mag_cdf': False, 'mlp_out': 1, 'mlp_dropout': 0.3, 'mlp_hdw': [128], 'dim': 1, 'epochs': 120, 'save_dir': 'checkpoints/clf_rnn_20260506-173724', 'cuda_id': '0', 'dataset': 'ChuanDian', 'seed': 0, 'Mc': 3, 'Mf': 4.5, 'Twindow': 180, 'Tfore': 30, 'dt': 10, 'context_len': 1, 'split_by_time': True, 'use_sampler': True, 'time_order': ['train', 'val', 'test'], 'cuda': True, 'stats': {'tau_unfiltered': 0.15339908988298961, 'tau_q025': 0.08114294020924717, 'tau_q05': 0.5134664350189269, 'tau_mean': 1.3070542199341526, 'tau_max': 25.18216435192153, 'tau_min': 0.0, 'time_max': 18770.72654999979, 'time_mean': 10030.9430649837, 'mag_completeness': 3.0, 'mag_mean': 3.456916005014626, 'mag_max': 8.0, 'mag_min': 3.0, 'b_value': 0.856738547623331, 'b_std': 0.0071499224812533796, 'b_n': 14358}, 'start_epoch': 0, 'best_val_loss': inf}
2026-05-06 17:46:51,580 INFO src.train.config_setup: train_metrics: {'precision': 0.5755015839493136, 'recall': 0.922165820642978, 'f1': 0.7087126137841352, 'auc': 0.7257077990227125, 'pr_auc': 0.7311044865166705, 'fpr': 0.7269439421338155, 'tpr': 0.922165820642978, 'R': 0.1952218785091625, 'conf': 1.5079528026879406e-18, 'threshold': 0.2890681028366089}
2026-05-06 17:46:51,580 INFO src.train.config_setup: val_metrics: {'precision': 0.7471264367816092, 'recall': 0.7831325301204819, 'f1': 0.7647058823529411, 'auc': 0.7389558232931727, 'pr_auc': 0.7860081462005718, 'fpr': 0.36666666666666664, 'tpr': 0.7831325301204819, 'R': 0.41646586345381525, 'conf': 1.0, 'threshold': 0.5276539921760559}
2026-05-06 17:46:51,580 INFO src.train.config_setup: Using classification criterion: bce
2026-05-06 17:46:51,580 INFO src.train.config_setup: Criterion config: {}
2026-05-06 17:46:51,581 INFO __main__: Using threshold 0.5276539921760559 from checkpoint val_metrics for testing.
2026-05-06 17:46:53,164 INFO src.utils.metrics: ROC curve saved to checkpoints/clf_rnn_20260506-173724/roc_curve.png
2026-05-06 17:46:53,307 INFO src.utils.metrics: PR curve saved to checkpoints/clf_rnn_20260506-173724/pr_curve.png
2026-05-06 17:46:53,381 INFO src.utils.metrics: Confusion matrix saved to checkpoints/clf_rnn_20260506-173724/confusion_matrix.png
2026-05-06 17:46:53,381 INFO __main__: Test loss: 0.6056533853212992
2026-05-06 17:46:54,546 INFO src.train.classifier_train_step: Prediction distribution plot has been saved to: checkpoints/clf_rnn_20260506-173724/train_pred_distribution.png
2026-05-06 17:46:55,254 INFO src.train.classifier_train_step: Prediction distribution plot has been saved to: checkpoints/clf_rnn_20260506-173724/val_pred_distribution.png
2026-05-06 17:46:55,965 INFO src.train.classifier_train_step: Prediction distribution plot has been saved to: checkpoints/clf_rnn_20260506-173724/test_pred_distribution.png
2026-05-06 17:46:55,965 INFO __main__: Saved test metrics to checkpoints/clf_rnn_20260506-173724/metrics_test_best_1.json
2026-05-06 17:46:55,965 INFO __main__: Metrics: {'precision': 0.5348837209302325, 'recall': 0.48936170212765956, 'f1': 0.5111111111111111, 'auc': 0.756427304964539, 'pr_auc': 0.5913887539417034, 'fpr': 0.20833333333333334, 'tpr': 0.48936170212765956, 'R': 0.28102836879432624, 'conf': 1.0, 'threshold': 0.5276539921760559}
2026-05-06 17:47:30,255 INFO src.data.preprocessing: CSV files found: ['chuandian_2021.csv']
2026-05-06 17:47:31,149 INFO src.utils.file_utils: Loading cached data from: data/ChuanDian/classifier/classifier_Mc_3_Mf_4.5_Tfore_30_Twindow_180_context_len_1_dt_10.pkl
2026-05-06 17:47:31,491 INFO src.data.preprocessing: Catalog statistics: {'tau_unfiltered': 0.15339908988298961, 'tau_q025': 0.08114294020924717, 'tau_q05': 0.5134664350189269, 'tau_mean': 1.3070542199341526, 'tau_max': 25.18216435192153, 'tau_min': 0.0, 'time_max': 18770.72654999979, 'time_mean': 10030.9430649837, 'mag_completeness': 3.0, 'mag_mean': 3.456916005014626, 'mag_max': 8.0, 'mag_min': 3.0, 'b_value': 0.856738547623331, 'b_std': 0.0071499224812533796, 'b_n': 14358}
2026-05-06 17:47:31,492 INFO src.data.preparation: stats {'tau_unfiltered': 0.15339908988298961, 'tau_q025': 0.08114294020924717, 'tau_q05': 0.5134664350189269, 'tau_mean': 1.3070542199341526, 'tau_max': 25.18216435192153, 'tau_min': 0.0, 'time_max': 18770.72654999979, 'time_mean': 10030.9430649837, 'mag_completeness': 3.0, 'mag_mean': 3.456916005014626, 'mag_max': 8.0, 'mag_min': 3.0, 'b_value': 0.856738547623331, 'b_std': 0.0071499224812533796, 'b_n': 14358}
2026-05-06 17:47:31,513 INFO src.data.event_loader: lengths of samples: min=32, max=981, avg=135.26
2026-05-06 17:47:31,514 INFO src.data.event_loader: Number of positive samples: 836
2026-05-06 17:47:31,514 INFO src.data.event_loader: Number of negative samples: 594
2026-05-06 17:47:31,515 INFO src.data.event_loader: Positive samples: 706, Negative samples: 438
2026-05-06 17:47:31,515 INFO src.data.event_loader: Total samples: 1144, Positive ratio: 0.62, Negative ratio: 0.38
2026-05-06 17:47:31,515 INFO src.data.event_loader: Positive samples: 83, Negative samples: 60
2026-05-06 17:47:31,515 INFO src.data.event_loader: Total samples: 143, Positive ratio: 0.58, Negative ratio: 0.42
2026-05-06 17:47:31,515 INFO src.data.event_loader: Positive samples: 47, Negative samples: 96
2026-05-06 17:47:31,515 INFO src.data.event_loader: Total samples: 143, Positive ratio: 0.33, Negative ratio: 0.67
2026-05-06 17:47:31,750 INFO src.train.config_setup: load_specific_parts: None
2026-05-06 17:47:31,751 INFO src.train.config_setup: Checkpoint loaded: <All keys matched successfully>
2026-05-06 17:47:31,751 INFO src.train.config_setup: hyperparameters: {'model': 'clf_rnn', 'task_type': 'classification', 'use_ema': False, 'batch_size': 64, 'accumulation_steps': 1, 'warmup_ratio': 0.1, 'learning_rate': 0.001, 'weight_decay': 0.001, 'scheduler_factor': None, 'scheduler_patience': None, 'scheduler_threshold': None, 'scheduler_min_lr': 1e-06, 'scheduler_type': 'step_warmup', 'step_lr_step_size_ratio': 0.2, 'step_lr_gamma': 0.5, 'rnn_type': 'lstm', 'd_model': 64, 'num_rnn_layers': 2, 'rnn_dropout': 0.3, 'bidirectional': False, 'features_input_keys': ['mag'], 'use_mag_cdf': False, 'mlp_out': 1, 'mlp_dropout': 0.3, 'mlp_hdw': [128], 'dim': 1, 'epochs': 120, 'save_dir': 'checkpoints/clf_rnn_20260506-173724', 'cuda_id': '0', 'dataset': 'ChuanDian', 'seed': 0, 'Mc': 3, 'Mf': 4.5, 'Twindow': 180, 'Tfore': 30, 'dt': 10, 'context_len': 1, 'split_by_time': True, 'use_sampler': True, 'time_order': ['train', 'val', 'test'], 'cuda': True, 'stats': {'tau_unfiltered': 0.15339908988298961, 'tau_q025': 0.08114294020924717, 'tau_q05': 0.5134664350189269, 'tau_mean': 1.3070542199341526, 'tau_max': 25.18216435192153, 'tau_min': 0.0, 'time_max': 18770.72654999979, 'time_mean': 10030.9430649837, 'mag_completeness': 3.0, 'mag_mean': 3.456916005014626, 'mag_max': 8.0, 'mag_min': 3.0, 'b_value': 0.856738547623331, 'b_std': 0.0071499224812533796, 'b_n': 14358}, 'start_epoch': 0, 'best_val_loss': inf}
2026-05-06 17:47:31,751 INFO src.train.config_setup: train_metrics: {'precision': 0.5833333333333334, 'recall': 0.8734835355285961, 'f1': 0.6995142262317835, 'auc': 0.7317451147607126, 'pr_auc': 0.749137646372275, 'fpr': 0.6349206349206349, 'tpr': 0.8734835355285961, 'R': 0.23856290060796126, 'conf': 0.16516734484790502, 'threshold': 0.3415127694606781}
2026-05-06 17:47:31,751 INFO src.train.config_setup: val_metrics: {'precision': 0.6074074074074074, 'recall': 0.9879518072289156, 'f1': 0.7522935779816514, 'auc': 0.6809236947791165, 'pr_auc': 0.7856948142538401, 'fpr': 0.8833333333333333, 'tpr': 0.9879518072289156, 'R': 0.10461847389558232, 'conf': 1.7997167379339922e-16, 'threshold': 0.20777924358844757}
2026-05-06 17:47:31,752 INFO src.train.config_setup: Using classification criterion: bce
2026-05-06 17:47:31,752 INFO src.train.config_setup: Criterion config: {}
2026-05-06 17:47:31,752 INFO __main__: Using threshold 0.20777924358844757 from checkpoint val_metrics for testing.
2026-05-06 17:47:33,053 INFO src.utils.metrics: ROC curve saved to checkpoints/clf_rnn_20260506-173724/roc_curve.png
2026-05-06 17:47:33,197 INFO src.utils.metrics: PR curve saved to checkpoints/clf_rnn_20260506-173724/pr_curve.png
2026-05-06 17:47:33,271 INFO src.utils.metrics: Confusion matrix saved to checkpoints/clf_rnn_20260506-173724/confusion_matrix.png
2026-05-06 17:47:33,271 INFO __main__: Test loss: 0.5127676030000051
2026-05-06 17:47:34,435 INFO src.train.classifier_train_step: Prediction distribution plot has been saved to: checkpoints/clf_rnn_20260506-173724/train_pred_distribution.png
2026-05-06 17:47:35,232 INFO src.train.classifier_train_step: Prediction distribution plot has been saved to: checkpoints/clf_rnn_20260506-173724/val_pred_distribution.png
2026-05-06 17:47:35,972 INFO src.train.classifier_train_step: Prediction distribution plot has been saved to: checkpoints/clf_rnn_20260506-173724/test_pred_distribution.png
2026-05-06 17:47:35,973 INFO __main__: Saved test metrics to checkpoints/clf_rnn_20260506-173724/metrics_test_last_1.json
2026-05-06 17:47:35,973 INFO __main__: Metrics: {'precision': 0.37815126050420167, 'recall': 0.9574468085106383, 'f1': 0.5421686746987951, 'auc': 0.7218528368794327, 'pr_auc': 0.5599293474660947, 'fpr': 0.7708333333333334, 'tpr': 0.9574468085106383, 'R': 0.18661347517730498, 'conf': 1.2126864600433387e-15, 'threshold': 0.20777924358844757}
