2026-05-21 16:27:25,922 INFO src.data.preprocessing: CSV files found: ['chuandian_2021.csv']
2026-05-21 16:27:26,454 INFO src.utils.file_utils: Loading cached data from: data/ChuanDian/classifier/classifier_Mc_3_Mf_5.5_Tfore_90_Twindow_180_context_len_1_dt_10.pkl
2026-05-21 16:27:27,273 INFO src.data.preprocessing: Catalog statistics: {'tau_unfiltered': 0.15339908988298961, 'tau_q025': 0.08114294020924717, 'tau_q05': 0.5134664350189269, 'tau_mean': 1.3070542199341526, 'tau_max': 25.18216435192153, 'tau_min': 0.0, 'time_max': 18770.72654999979, 'time_mean': 10030.9430649837, 'mag_completeness': 3.0, 'mag_mean': 3.456916005014626, 'mag_max': 8.0, 'mag_min': 3.0, 'b_value': 0.856738547623331, 'b_std': 0.0071499224812533796, 'b_n': 14358}
2026-05-21 16:27:27,293 INFO src.data.event_loader: lengths of samples: min=32, max=749, avg=124.26
2026-05-21 16:27:27,293 INFO src.data.event_loader: Number of positive samples: 471
2026-05-21 16:27:27,294 INFO src.data.event_loader: Number of negative samples: 1055
2026-05-21 16:27:27,316 INFO src.data.event_loader: Positive samples: 390, Negative samples: 830
2026-05-21 16:27:27,316 INFO src.data.event_loader: Total samples: 1220, Positive ratio: 0.32, Negative ratio: 0.68
2026-05-21 16:27:27,317 INFO src.data.event_loader: Positive samples: 62, Negative samples: 90
2026-05-21 16:27:27,317 INFO src.data.event_loader: Total samples: 152, Positive ratio: 0.41, Negative ratio: 0.59
2026-05-21 16:27:27,317 INFO src.data.event_loader: Positive samples: 19, Negative samples: 135
2026-05-21 16:27:27,317 INFO src.data.event_loader: Total samples: 154, Positive ratio: 0.12, Negative ratio: 0.88
2026-05-21 16:27:27,401 INFO src.cli.workflows: Loading checkpoint from: ./checkpoints/mixer_tpp_20260510-211348/last_model_1.pth
2026-05-21 16:27:28,128 INFO src.models.adapters.mixer_task: using time scale base 1.3070542199341526 (key: tau_mean)
2026-05-21 16:27:28,128 INFO src.models.adapters.mixer_task: tau mean: tensor(1.3071)
2026-05-21 16:27:28,177 INFO src.train.config_setup: Restoring model from checkpoint.
2026-05-21 16:27:28,177 INFO src.train.config_setup: Loading model weights: load_specific_parts=['encoder']
2026-05-21 16:27:28,178 INFO src.train.config_setup: Selective load summary: requested_parts=['encoder'], target_in_model=40, matched_in_checkpoint=30, loaded=30, missing_after_load=10, shape_mismatch=0, missing_in_model=0, out_of_scope_loaded=0
2026-05-21 16:27:28,178 INFO src.train.config_setup: Selective load coverage [encoder]: target=40, hit=30, missing=10, complete=False
2026-05-21 16:27:28,178 WARNING src.train.config_setup: Selective load coverage missing preview [encoder]: ['base_model.encoder.layers.2.mixer.in_proj.bias', 'base_model.encoder.layers.2.mixer.in_proj.weight', 'base_model.encoder.layers.2.mixer.out_proj.bias', 'base_model.encoder.layers.2.mixer.out_proj.weight', 'base_model.encoder.layers.2.mlp.fc1.weight', 'base_model.encoder.layers.2.mlp.fc2.weight', 'base_model.encoder.layers.2.norm.bias', 'base_model.encoder.layers.2.norm.weight'] ... (+2 more)
2026-05-21 16:27:28,178 WARNING src.train.config_setup: Checkpoint missing target parameter preview: ['base_model.encoder.layers.2.mixer.in_proj.bias', 'base_model.encoder.layers.2.mixer.in_proj.weight', 'base_model.encoder.layers.2.mixer.out_proj.bias', 'base_model.encoder.layers.2.mixer.out_proj.weight', 'base_model.encoder.layers.2.mlp.fc1.weight', 'base_model.encoder.layers.2.mlp.fc2.weight', 'base_model.encoder.layers.2.norm.bias', 'base_model.encoder.layers.2.norm.weight', 'base_model.encoder.layers.2.norm2.bias', 'base_model.encoder.layers.2.norm2.weight']
2026-05-21 16:27:28,178 WARNING src.train.config_setup: Target not-loaded parameter preview: ['base_model.encoder.layers.2.mixer.in_proj.bias', 'base_model.encoder.layers.2.mixer.in_proj.weight', 'base_model.encoder.layers.2.mixer.out_proj.bias', 'base_model.encoder.layers.2.mixer.out_proj.weight', 'base_model.encoder.layers.2.mlp.fc1.weight', 'base_model.encoder.layers.2.mlp.fc2.weight', 'base_model.encoder.layers.2.norm.bias', 'base_model.encoder.layers.2.norm.weight', 'base_model.encoder.layers.2.norm2.bias', 'base_model.encoder.layers.2.norm2.weight']
2026-05-21 16:27:28,178 INFO src.train.config_setup: Loaded parameter preview: ['base_model.encoder.layers.0.norm.bias', 'base_model.encoder.layers.0.mixer.dt_bias', 'base_model.encoder.layers.0.mixer.A_log', 'base_model.encoder.layers.1.norm2.bias', 'base_model.encoder.norm_f.weight', 'base_model.encoder.input_proj.3.weight', 'base_model.encoder.norm_f.bias', 'base_model.encoder.layers.0.norm2.bias', 'base_model.encoder.input_proj.0.bias', 'base_model.encoder.layers.1.mlp.fc1.weight'] ... (+20 more)
2026-05-21 16:27:28,179 INFO src.train.config_setup: Checkpoint hyperparameters loaded.
2026-05-21 16:27:28,179 INFO src.train.config_setup: Checkpoint train metrics available.
2026-05-21 16:27:28,180 INFO src.train.config_setup: Checkpoint val metrics available.
2026-05-21 16:27:28,180 INFO src.train.config_setup: Freeze skipped (checkpoint_restore): freeze_parts is empty.
2026-05-21 16:27:28,180 INFO src.train.config_setup: Using classification criterion: focal
2026-05-21 16:27:28,180 INFO src.train.config_setup: Criterion config: {'alpha': 0.75, 'gamma': 2.0}
2026-05-21 16:27:28,181 INFO src.train.config_setup: Not resuming optimizer/scheduler state; reset training state to start_epoch=0, best_val_loss=inf.
2026-05-21 16:27:28,181 INFO src.train.trainer: Epoch 1
2026-05-21 16:27:42,820 INFO src.train.trainer: New best validation loss: 0.0800, saved to /root/autodl-tmp/em_eqf/experiments/clf_pre_v1/clf_pre_AZDX_minus_b_v1/runs/tf_90_mf_5p5_seed_0/best_model_1.pth
2026-05-21 16:27:42,826 INFO src.train.trainer: Last model at epoch 1 saved to /root/autodl-tmp/em_eqf/experiments/clf_pre_v1/clf_pre_AZDX_minus_b_v1/runs/tf_90_mf_5p5_seed_0/last_model_1.pth
2026-05-21 16:27:42,826 INFO src.train.trainer: Epoch 2
2026-05-21 16:27:45,244 INFO src.train.trainer: Last model at epoch 2 saved to /root/autodl-tmp/em_eqf/experiments/clf_pre_v1/clf_pre_AZDX_minus_b_v1/runs/tf_90_mf_5p5_seed_0/last_model_1.pth
2026-05-21 16:27:45,244 INFO src.train.trainer: Epoch 3
2026-05-21 16:27:47,766 INFO src.train.trainer: New best validation loss: 0.0720, saved to /root/autodl-tmp/em_eqf/experiments/clf_pre_v1/clf_pre_AZDX_minus_b_v1/runs/tf_90_mf_5p5_seed_0/best_model_1.pth
2026-05-21 16:27:47,775 INFO src.train.trainer: Last model at epoch 3 saved to /root/autodl-tmp/em_eqf/experiments/clf_pre_v1/clf_pre_AZDX_minus_b_v1/runs/tf_90_mf_5p5_seed_0/last_model_1.pth
2026-05-21 16:27:47,775 INFO src.train.trainer: Epoch 4
2026-05-21 16:27:50,203 INFO src.train.trainer: New best validation loss: 0.0718, saved to /root/autodl-tmp/em_eqf/experiments/clf_pre_v1/clf_pre_AZDX_minus_b_v1/runs/tf_90_mf_5p5_seed_0/best_model_1.pth
2026-05-21 16:27:50,210 INFO src.train.trainer: Last model at epoch 4 saved to /root/autodl-tmp/em_eqf/experiments/clf_pre_v1/clf_pre_AZDX_minus_b_v1/runs/tf_90_mf_5p5_seed_0/last_model_1.pth
2026-05-21 16:27:50,211 INFO src.train.trainer: Epoch 5
2026-05-21 16:27:52,802 INFO src.train.trainer: Last model at epoch 5 saved to /root/autodl-tmp/em_eqf/experiments/clf_pre_v1/clf_pre_AZDX_minus_b_v1/runs/tf_90_mf_5p5_seed_0/last_model_1.pth
2026-05-21 16:27:52,803 INFO src.train.trainer: Epoch 6
2026-05-21 16:27:55,580 INFO src.train.trainer: Last model at epoch 6 saved to /root/autodl-tmp/em_eqf/experiments/clf_pre_v1/clf_pre_AZDX_minus_b_v1/runs/tf_90_mf_5p5_seed_0/last_model_1.pth
2026-05-21 16:27:55,580 INFO src.train.trainer: Epoch 7
2026-05-21 16:27:58,293 INFO src.train.trainer: Last model at epoch 7 saved to /root/autodl-tmp/em_eqf/experiments/clf_pre_v1/clf_pre_AZDX_minus_b_v1/runs/tf_90_mf_5p5_seed_0/last_model_1.pth
2026-05-21 16:27:58,293 INFO src.train.trainer: Epoch 8
2026-05-21 16:28:00,878 INFO src.train.trainer: Last model at epoch 8 saved to /root/autodl-tmp/em_eqf/experiments/clf_pre_v1/clf_pre_AZDX_minus_b_v1/runs/tf_90_mf_5p5_seed_0/last_model_1.pth
2026-05-21 16:28:00,879 INFO src.train.trainer: Epoch 9
2026-05-21 16:28:03,224 INFO src.train.trainer: New best validation loss: 0.0717, saved to /root/autodl-tmp/em_eqf/experiments/clf_pre_v1/clf_pre_AZDX_minus_b_v1/runs/tf_90_mf_5p5_seed_0/best_model_1.pth
2026-05-21 16:28:03,229 INFO src.train.trainer: Last model at epoch 9 saved to /root/autodl-tmp/em_eqf/experiments/clf_pre_v1/clf_pre_AZDX_minus_b_v1/runs/tf_90_mf_5p5_seed_0/last_model_1.pth
2026-05-21 16:28:03,229 INFO src.train.trainer: Epoch 10
2026-05-21 16:28:05,667 INFO src.train.trainer: New best validation loss: 0.0669, saved to /root/autodl-tmp/em_eqf/experiments/clf_pre_v1/clf_pre_AZDX_minus_b_v1/runs/tf_90_mf_5p5_seed_0/best_model_1.pth
2026-05-21 16:28:05,675 INFO src.train.trainer: Last model at epoch 10 saved to /root/autodl-tmp/em_eqf/experiments/clf_pre_v1/clf_pre_AZDX_minus_b_v1/runs/tf_90_mf_5p5_seed_0/last_model_1.pth
2026-05-21 16:28:05,675 INFO src.train.trainer: Epoch 11
2026-05-21 16:28:07,991 INFO src.train.trainer: Last model at epoch 11 saved to /root/autodl-tmp/em_eqf/experiments/clf_pre_v1/clf_pre_AZDX_minus_b_v1/runs/tf_90_mf_5p5_seed_0/last_model_1.pth
2026-05-21 16:28:07,991 INFO src.train.trainer: Epoch 12
2026-05-21 16:28:10,433 INFO src.train.trainer: Last model at epoch 12 saved to /root/autodl-tmp/em_eqf/experiments/clf_pre_v1/clf_pre_AZDX_minus_b_v1/runs/tf_90_mf_5p5_seed_0/last_model_1.pth
2026-05-21 16:28:10,433 INFO src.train.trainer: Epoch 13
2026-05-21 16:28:13,193 INFO src.train.trainer: New best validation loss: 0.0643, saved to /root/autodl-tmp/em_eqf/experiments/clf_pre_v1/clf_pre_AZDX_minus_b_v1/runs/tf_90_mf_5p5_seed_0/best_model_1.pth
2026-05-21 16:28:13,199 INFO src.train.trainer: Last model at epoch 13 saved to /root/autodl-tmp/em_eqf/experiments/clf_pre_v1/clf_pre_AZDX_minus_b_v1/runs/tf_90_mf_5p5_seed_0/last_model_1.pth
2026-05-21 16:28:13,199 INFO src.train.trainer: Epoch 14
2026-05-21 16:28:16,310 INFO src.train.trainer: New best validation loss: 0.0616, saved to /root/autodl-tmp/em_eqf/experiments/clf_pre_v1/clf_pre_AZDX_minus_b_v1/runs/tf_90_mf_5p5_seed_0/best_model_1.pth
2026-05-21 16:28:16,316 INFO src.train.trainer: Last model at epoch 14 saved to /root/autodl-tmp/em_eqf/experiments/clf_pre_v1/clf_pre_AZDX_minus_b_v1/runs/tf_90_mf_5p5_seed_0/last_model_1.pth
2026-05-21 16:28:16,316 INFO src.train.trainer: Epoch 15
2026-05-21 16:28:18,815 INFO src.train.trainer: Last model at epoch 15 saved to /root/autodl-tmp/em_eqf/experiments/clf_pre_v1/clf_pre_AZDX_minus_b_v1/runs/tf_90_mf_5p5_seed_0/last_model_1.pth
2026-05-21 16:28:18,815 INFO src.train.trainer: Epoch 16
2026-05-21 16:28:21,509 INFO src.train.trainer: New best validation loss: 0.0594, saved to /root/autodl-tmp/em_eqf/experiments/clf_pre_v1/clf_pre_AZDX_minus_b_v1/runs/tf_90_mf_5p5_seed_0/best_model_1.pth
2026-05-21 16:28:21,516 INFO src.train.trainer: Last model at epoch 16 saved to /root/autodl-tmp/em_eqf/experiments/clf_pre_v1/clf_pre_AZDX_minus_b_v1/runs/tf_90_mf_5p5_seed_0/last_model_1.pth
2026-05-21 16:28:21,516 INFO src.train.trainer: Epoch 17
2026-05-21 16:28:24,173 INFO src.train.trainer: Last model at epoch 17 saved to /root/autodl-tmp/em_eqf/experiments/clf_pre_v1/clf_pre_AZDX_minus_b_v1/runs/tf_90_mf_5p5_seed_0/last_model_1.pth
2026-05-21 16:28:24,173 INFO src.train.trainer: Epoch 18
2026-05-21 16:28:26,570 INFO src.train.trainer: Last model at epoch 18 saved to /root/autodl-tmp/em_eqf/experiments/clf_pre_v1/clf_pre_AZDX_minus_b_v1/runs/tf_90_mf_5p5_seed_0/last_model_1.pth
2026-05-21 16:28:26,571 INFO src.train.trainer: Epoch 19
2026-05-21 16:28:29,134 INFO src.train.trainer: Last model at epoch 19 saved to /root/autodl-tmp/em_eqf/experiments/clf_pre_v1/clf_pre_AZDX_minus_b_v1/runs/tf_90_mf_5p5_seed_0/last_model_1.pth
2026-05-21 16:28:29,134 INFO src.train.trainer: Epoch 20
2026-05-21 16:28:31,934 INFO src.train.trainer: Last model at epoch 20 saved to /root/autodl-tmp/em_eqf/experiments/clf_pre_v1/clf_pre_AZDX_minus_b_v1/runs/tf_90_mf_5p5_seed_0/last_model_1.pth
2026-05-21 16:28:31,934 INFO src.train.trainer: Epoch 21
2026-05-21 16:28:34,840 INFO src.train.trainer: Last model at epoch 21 saved to /root/autodl-tmp/em_eqf/experiments/clf_pre_v1/clf_pre_AZDX_minus_b_v1/runs/tf_90_mf_5p5_seed_0/last_model_1.pth
2026-05-21 16:28:34,840 INFO src.train.trainer: Epoch 22
2026-05-21 16:28:37,573 INFO src.train.trainer: Last model at epoch 22 saved to /root/autodl-tmp/em_eqf/experiments/clf_pre_v1/clf_pre_AZDX_minus_b_v1/runs/tf_90_mf_5p5_seed_0/last_model_1.pth
2026-05-21 16:28:37,573 INFO src.train.trainer: Epoch 23
2026-05-21 16:28:40,156 INFO src.train.trainer: New best validation loss: 0.0584, saved to /root/autodl-tmp/em_eqf/experiments/clf_pre_v1/clf_pre_AZDX_minus_b_v1/runs/tf_90_mf_5p5_seed_0/best_model_1.pth
2026-05-21 16:28:40,162 INFO src.train.trainer: Last model at epoch 23 saved to /root/autodl-tmp/em_eqf/experiments/clf_pre_v1/clf_pre_AZDX_minus_b_v1/runs/tf_90_mf_5p5_seed_0/last_model_1.pth
2026-05-21 16:28:40,162 INFO src.train.trainer: Epoch 24
2026-05-21 16:28:43,002 INFO src.train.trainer: Last model at epoch 24 saved to /root/autodl-tmp/em_eqf/experiments/clf_pre_v1/clf_pre_AZDX_minus_b_v1/runs/tf_90_mf_5p5_seed_0/last_model_1.pth
2026-05-21 16:28:43,002 INFO src.train.trainer: Epoch 25
2026-05-21 16:28:45,512 INFO src.train.trainer: Last model at epoch 25 saved to /root/autodl-tmp/em_eqf/experiments/clf_pre_v1/clf_pre_AZDX_minus_b_v1/runs/tf_90_mf_5p5_seed_0/last_model_1.pth
2026-05-21 16:28:45,512 INFO src.train.trainer: Epoch 26
2026-05-21 16:28:48,255 INFO src.train.trainer: Last model at epoch 26 saved to /root/autodl-tmp/em_eqf/experiments/clf_pre_v1/clf_pre_AZDX_minus_b_v1/runs/tf_90_mf_5p5_seed_0/last_model_1.pth
2026-05-21 16:28:48,256 INFO src.train.trainer: Epoch 27
2026-05-21 16:28:51,285 INFO src.train.trainer: Last model at epoch 27 saved to /root/autodl-tmp/em_eqf/experiments/clf_pre_v1/clf_pre_AZDX_minus_b_v1/runs/tf_90_mf_5p5_seed_0/last_model_1.pth
2026-05-21 16:28:51,285 INFO src.train.trainer: Epoch 28
2026-05-21 16:28:54,106 INFO src.train.trainer: Last model at epoch 28 saved to /root/autodl-tmp/em_eqf/experiments/clf_pre_v1/clf_pre_AZDX_minus_b_v1/runs/tf_90_mf_5p5_seed_0/last_model_1.pth
2026-05-21 16:28:54,106 INFO src.train.trainer: Epoch 29
2026-05-21 16:28:56,759 INFO src.train.trainer: Last model at epoch 29 saved to /root/autodl-tmp/em_eqf/experiments/clf_pre_v1/clf_pre_AZDX_minus_b_v1/runs/tf_90_mf_5p5_seed_0/last_model_1.pth
2026-05-21 16:28:56,759 INFO src.train.trainer: Epoch 30
2026-05-21 16:28:59,775 INFO src.train.trainer: Last model at epoch 30 saved to /root/autodl-tmp/em_eqf/experiments/clf_pre_v1/clf_pre_AZDX_minus_b_v1/runs/tf_90_mf_5p5_seed_0/last_model_1.pth
2026-05-21 16:28:59,775 INFO src.train.trainer: Epoch 31
2026-05-21 16:29:02,711 INFO src.train.trainer: Last model at epoch 31 saved to /root/autodl-tmp/em_eqf/experiments/clf_pre_v1/clf_pre_AZDX_minus_b_v1/runs/tf_90_mf_5p5_seed_0/last_model_1.pth
2026-05-21 16:29:02,712 INFO src.train.trainer: Epoch 32
2026-05-21 16:29:05,558 INFO src.train.trainer: Last model at epoch 32 saved to /root/autodl-tmp/em_eqf/experiments/clf_pre_v1/clf_pre_AZDX_minus_b_v1/runs/tf_90_mf_5p5_seed_0/last_model_1.pth
2026-05-21 16:29:05,558 INFO src.train.trainer: Epoch 33
2026-05-21 16:29:08,334 INFO src.train.trainer: Last model at epoch 33 saved to /root/autodl-tmp/em_eqf/experiments/clf_pre_v1/clf_pre_AZDX_minus_b_v1/runs/tf_90_mf_5p5_seed_0/last_model_1.pth
2026-05-21 16:29:08,334 INFO src.train.trainer: Early stopping triggered at epoch 33 (best epoch: 23, best val loss: 0.058424)
2026-05-21 16:29:18,009 INFO src.data.preprocessing: CSV files found: ['chuandian_2021.csv']
2026-05-21 16:29:18,643 INFO src.utils.file_utils: Loading cached data from: data/ChuanDian/classifier/classifier_Mc_3_Mf_5.5_Tfore_90_Twindow_180_context_len_1_dt_10.pkl
2026-05-21 16:29:19,558 INFO src.data.preprocessing: Catalog statistics: {'tau_unfiltered': 0.15339908988298961, 'tau_q025': 0.08114294020924717, 'tau_q05': 0.5134664350189269, 'tau_mean': 1.3070542199341526, 'tau_max': 25.18216435192153, 'tau_min': 0.0, 'time_max': 18770.72654999979, 'time_mean': 10030.9430649837, 'mag_completeness': 3.0, 'mag_mean': 3.456916005014626, 'mag_max': 8.0, 'mag_min': 3.0, 'b_value': 0.856738547623331, 'b_std': 0.0071499224812533796, 'b_n': 14358}
2026-05-21 16:29:19,588 INFO src.data.event_loader: lengths of samples: min=32, max=749, avg=124.26
2026-05-21 16:29:19,589 INFO src.data.event_loader: Number of positive samples: 471
2026-05-21 16:29:19,589 INFO src.data.event_loader: Number of negative samples: 1055
2026-05-21 16:29:19,590 INFO src.data.event_loader: Positive samples: 390, Negative samples: 830
2026-05-21 16:29:19,590 INFO src.data.event_loader: Total samples: 1220, Positive ratio: 0.32, Negative ratio: 0.68
2026-05-21 16:29:19,590 INFO src.data.event_loader: Positive samples: 62, Negative samples: 90
2026-05-21 16:29:19,590 INFO src.data.event_loader: Total samples: 152, Positive ratio: 0.41, Negative ratio: 0.59
2026-05-21 16:29:19,591 INFO src.data.event_loader: Positive samples: 19, Negative samples: 135
2026-05-21 16:29:19,591 INFO src.data.event_loader: Total samples: 154, Positive ratio: 0.12, Negative ratio: 0.88
2026-05-21 16:29:19,948 INFO src.models.adapters.mixer_task: using time scale base 1.3070542199341526 (key: tau_mean)
2026-05-21 16:29:19,948 INFO src.models.adapters.mixer_task: tau mean: tensor(1.3071)
2026-05-21 16:29:19,957 INFO src.train.config_setup: Restoring model from checkpoint.
2026-05-21 16:29:19,958 INFO src.train.config_setup: Loading model weights: load_specific_parts=None
2026-05-21 16:29:19,959 INFO src.train.config_setup: Checkpoint loaded: <All keys matched successfully>
2026-05-21 16:29:19,959 INFO src.train.config_setup: Full load summary: loaded=56, missing=0, unexpected=0
2026-05-21 16:29:19,960 INFO src.train.config_setup: Checkpoint hyperparameters loaded.
2026-05-21 16:29:19,960 INFO src.train.config_setup: Checkpoint train metrics available.
2026-05-21 16:29:19,960 INFO src.train.config_setup: Checkpoint val metrics available.
2026-05-21 16:29:19,960 INFO src.train.config_setup: Freeze skipped (checkpoint_restore): freeze_parts is empty.
2026-05-21 16:29:19,960 INFO src.train.config_setup: Using classification criterion: focal
2026-05-21 16:29:19,960 INFO src.train.config_setup: Criterion config: {'alpha': 0.75, 'gamma': 2.0}
2026-05-21 16:29:19,961 INFO src.train.config_setup: Not resuming optimizer/scheduler state; reset training state to start_epoch=0, best_val_loss=inf.
2026-05-21 16:29:19,961 INFO src.cli.common: Using threshold 0.5778993368148804 from checkpoint val_metrics for testing.
2026-05-21 16:29:24,811 INFO src.utils.metrics: ROC curve saved to /root/autodl-tmp/em_eqf/experiments/clf_pre_v1/clf_pre_AZDX_minus_b_v1/runs/tf_90_mf_5p5_seed_0/roc_curve.png
2026-05-21 16:29:24,945 INFO src.utils.metrics: PR curve saved to /root/autodl-tmp/em_eqf/experiments/clf_pre_v1/clf_pre_AZDX_minus_b_v1/runs/tf_90_mf_5p5_seed_0/pr_curve.png
2026-05-21 16:29:25,033 INFO src.utils.metrics: Confusion matrix saved to /root/autodl-tmp/em_eqf/experiments/clf_pre_v1/clf_pre_AZDX_minus_b_v1/runs/tf_90_mf_5p5_seed_0/confusion_matrix.png
2026-05-21 16:29:25,033 INFO src.cli.workflows: Test loss: 0.0654952550927798
2026-05-21 16:29:26,210 INFO src.train.classifier_train_step: Prediction distribution plot has been saved to: /root/autodl-tmp/em_eqf/experiments/clf_pre_v1/clf_pre_AZDX_minus_b_v1/runs/tf_90_mf_5p5_seed_0/train_pred_distribution.png
2026-05-21 16:29:26,486 INFO src.train.classifier_train_step: Prediction distribution plot has been saved to: /root/autodl-tmp/em_eqf/experiments/clf_pre_v1/clf_pre_AZDX_minus_b_v1/runs/tf_90_mf_5p5_seed_0/val_pred_distribution.png
2026-05-21 16:29:26,816 INFO src.train.classifier_train_step: Prediction distribution plot has been saved to: /root/autodl-tmp/em_eqf/experiments/clf_pre_v1/clf_pre_AZDX_minus_b_v1/runs/tf_90_mf_5p5_seed_0/test_pred_distribution.png
2026-05-21 16:29:26,816 INFO src.cli.common: Saved test metrics to /root/autodl-tmp/em_eqf/experiments/clf_pre_v1/clf_pre_AZDX_minus_b_v1/runs/tf_90_mf_5p5_seed_0/metrics_test_best_1.json
2026-05-21 16:29:26,816 INFO src.cli.common: Metrics: {'precision': 0.25, 'recall': 0.05263157894736842, 'f1': 0.08695652173913043, 'auc': 0.6208576998050681, 'pr_auc': 0.24942460043334078, 'fpr': 0.022222222222222223, 'tpr': 0.05263157894736842, 'R': 0.030409356725146195, 'conf': 1.0, 'threshold': 0.5778993368148804}
